[2026-08-30T23:13:29.290+0330] {processor.py:186} INFO - Started process (PID=13096) to work on /home/mmirnezamina/de_final_project/airflowenv/lib/python3.10/site-packages/airflow/example_dags/subdags/subdag.py
[2026-08-30T23:13:29.295+0330] {processor.py:914} INFO - Processing file /home/mmirnezamina/de_final_project/airflowenv/lib/python3.10/site-packages/airflow/example_dags/subdags/subdag.py for tasks to queue
[2026-08-30T23:13:29.300+0330] {logging_mixin.py:190} INFO - [2026-08-30T23:13:29.298+0330] {dagbag.py:588} INFO - Filling up the DagBag from /home/mmirnezamina/de_final_project/airflowenv/lib/python3.10/site-packages/airflow/example_dags/subdags/subdag.py
[2026-08-30T23:13:29.310+0330] {processor.py:927} WARNING - No viable dags retrieved from /home/mmirnezamina/de_final_project/airflowenv/lib/python3.10/site-packages/airflow/example_dags/subdags/subdag.py
[2026-08-30T23:13:29.386+0330] {processor.py:208} INFO - Processing /home/mmirnezamina/de_final_project/airflowenv/lib/python3.10/site-packages/airflow/example_dags/subdags/subdag.py took 0.138 seconds
[2026-08-30T23:13:59.621+0330] {processor.py:186} INFO - Started process (PID=13226) to work on /home/mmirnezamina/de_final_project/airflowenv/lib/python3.10/site-packages/airflow/example_dags/subdags/subdag.py
[2026-08-30T23:13:59.623+0330] {processor.py:914} INFO - Processing file /home/mmirnezamina/de_final_project/airflowenv/lib/python3.10/site-packages/airflow/example_dags/subdags/subdag.py for tasks to queue
[2026-08-30T23:13:59.626+0330] {logging_mixin.py:190} INFO - [2026-08-30T23:13:59.625+0330] {dagbag.py:588} INFO - Filling up the DagBag from /home/mmirnezamina/de_final_project/airflowenv/lib/python3.10/site-packages/airflow/example_dags/subdags/subdag.py
[2026-08-30T23:13:59.632+0330] {processor.py:927} WARNING - No viable dags retrieved from /home/mmirnezamina/de_final_project/airflowenv/lib/python3.10/site-packages/airflow/example_dags/subdags/subdag.py
[2026-08-30T23:13:59.671+0330] {processor.py:208} INFO - Processing /home/mmirnezamina/de_final_project/airflowenv/lib/python3.10/site-packages/airflow/example_dags/subdags/subdag.py took 0.068 seconds
[2026-08-30T23:14:30.195+0330] {processor.py:186} INFO - Started process (PID=13347) to work on /home/mmirnezamina/de_final_project/airflowenv/lib/python3.10/site-packages/airflow/example_dags/subdags/subdag.py
[2026-08-30T23:14:30.197+0330] {processor.py:914} INFO - Processing file /home/mmirnezamina/de_final_project/airflowenv/lib/python3.10/site-packages/airflow/example_dags/subdags/subdag.py for tasks to queue
[2026-08-30T23:14:30.198+0330] {logging_mixin.py:190} INFO - [2026-08-30T23:14:30.198+0330] {dagbag.py:588} INFO - Filling up the DagBag from /home/mmirnezamina/de_final_project/airflowenv/lib/python3.10/site-packages/airflow/example_dags/subdags/subdag.py
[2026-08-30T23:14:30.201+0330] {processor.py:927} WARNING - No viable dags retrieved from /home/mmirnezamina/de_final_project/airflowenv/lib/python3.10/site-packages/airflow/example_dags/subdags/subdag.py
[2026-08-30T23:14:30.233+0330] {processor.py:208} INFO - Processing /home/mmirnezamina/de_final_project/airflowenv/lib/python3.10/site-packages/airflow/example_dags/subdags/subdag.py took 0.049 seconds
[2026-08-30T23:15:00.432+0330] {processor.py:186} INFO - Started process (PID=13466) to work on /home/mmirnezamina/de_final_project/airflowenv/lib/python3.10/site-packages/airflow/example_dags/subdags/subdag.py
[2026-08-30T23:15:00.434+0330] {processor.py:914} INFO - Processing file /home/mmirnezamina/de_final_project/airflowenv/lib/python3.10/site-packages/airflow/example_dags/subdags/subdag.py for tasks to queue
[2026-08-30T23:15:00.437+0330] {logging_mixin.py:190} INFO - [2026-08-30T23:15:00.436+0330] {dagbag.py:588} INFO - Filling up the DagBag from /home/mmirnezamina/de_final_project/airflowenv/lib/python3.10/site-packages/airflow/example_dags/subdags/subdag.py
[2026-08-30T23:15:00.444+0330] {processor.py:927} WARNING - No viable dags retrieved from /home/mmirnezamina/de_final_project/airflowenv/lib/python3.10/site-packages/airflow/example_dags/subdags/subdag.py
[2026-08-30T23:15:00.498+0330] {processor.py:208} INFO - Processing /home/mmirnezamina/de_final_project/airflowenv/lib/python3.10/site-packages/airflow/example_dags/subdags/subdag.py took 0.094 seconds
[2026-08-30T23:15:31.117+0330] {processor.py:186} INFO - Started process (PID=13577) to work on /home/mmirnezamina/de_final_project/airflowenv/lib/python3.10/site-packages/airflow/example_dags/subdags/subdag.py
[2026-08-30T23:15:31.122+0330] {processor.py:914} INFO - Processing file /home/mmirnezamina/de_final_project/airflowenv/lib/python3.10/site-packages/airflow/example_dags/subdags/subdag.py for tasks to queue
[2026-08-30T23:15:31.128+0330] {logging_mixin.py:190} INFO - [2026-08-30T23:15:31.126+0330] {dagbag.py:588} INFO - Filling up the DagBag from /home/mmirnezamina/de_final_project/airflowenv/lib/python3.10/site-packages/airflow/example_dags/subdags/subdag.py
[2026-08-30T23:15:31.136+0330] {processor.py:927} WARNING - No viable dags retrieved from /home/mmirnezamina/de_final_project/airflowenv/lib/python3.10/site-packages/airflow/example_dags/subdags/subdag.py
[2026-08-30T23:15:31.223+0330] {processor.py:208} INFO - Processing /home/mmirnezamina/de_final_project/airflowenv/lib/python3.10/site-packages/airflow/example_dags/subdags/subdag.py took 0.148 seconds
[2026-08-30T23:16:01.370+0330] {processor.py:186} INFO - Started process (PID=13693) to work on /home/mmirnezamina/de_final_project/airflowenv/lib/python3.10/site-packages/airflow/example_dags/subdags/subdag.py
[2026-08-30T23:16:01.372+0330] {processor.py:914} INFO - Processing file /home/mmirnezamina/de_final_project/airflowenv/lib/python3.10/site-packages/airflow/example_dags/subdags/subdag.py for tasks to queue
[2026-08-30T23:16:01.373+0330] {logging_mixin.py:190} INFO - [2026-08-30T23:16:01.373+0330] {dagbag.py:588} INFO - Filling up the DagBag from /home/mmirnezamina/de_final_project/airflowenv/lib/python3.10/site-packages/airflow/example_dags/subdags/subdag.py
[2026-08-30T23:16:01.378+0330] {processor.py:927} WARNING - No viable dags retrieved from /home/mmirnezamina/de_final_project/airflowenv/lib/python3.10/site-packages/airflow/example_dags/subdags/subdag.py
[2026-08-30T23:16:01.407+0330] {processor.py:208} INFO - Processing /home/mmirnezamina/de_final_project/airflowenv/lib/python3.10/site-packages/airflow/example_dags/subdags/subdag.py took 0.052 seconds
[2026-08-30T23:16:31.478+0330] {processor.py:186} INFO - Started process (PID=13806) to work on /home/mmirnezamina/de_final_project/airflowenv/lib/python3.10/site-packages/airflow/example_dags/subdags/subdag.py
[2026-08-30T23:16:31.481+0330] {processor.py:914} INFO - Processing file /home/mmirnezamina/de_final_project/airflowenv/lib/python3.10/site-packages/airflow/example_dags/subdags/subdag.py for tasks to queue
[2026-08-30T23:16:31.484+0330] {logging_mixin.py:190} INFO - [2026-08-30T23:16:31.482+0330] {dagbag.py:588} INFO - Filling up the DagBag from /home/mmirnezamina/de_final_project/airflowenv/lib/python3.10/site-packages/airflow/example_dags/subdags/subdag.py
[2026-08-30T23:16:31.488+0330] {processor.py:927} WARNING - No viable dags retrieved from /home/mmirnezamina/de_final_project/airflowenv/lib/python3.10/site-packages/airflow/example_dags/subdags/subdag.py
[2026-08-30T23:16:31.525+0330] {processor.py:208} INFO - Processing /home/mmirnezamina/de_final_project/airflowenv/lib/python3.10/site-packages/airflow/example_dags/subdags/subdag.py took 0.070 seconds
[2026-08-30T23:17:01.859+0330] {processor.py:186} INFO - Started process (PID=13967) to work on /home/mmirnezamina/de_final_project/airflowenv/lib/python3.10/site-packages/airflow/example_dags/subdags/subdag.py
[2026-08-30T23:17:01.864+0330] {processor.py:914} INFO - Processing file /home/mmirnezamina/de_final_project/airflowenv/lib/python3.10/site-packages/airflow/example_dags/subdags/subdag.py for tasks to queue
[2026-08-30T23:17:01.880+0330] {logging_mixin.py:190} INFO - [2026-08-30T23:17:01.878+0330] {dagbag.py:588} INFO - Filling up the DagBag from /home/mmirnezamina/de_final_project/airflowenv/lib/python3.10/site-packages/airflow/example_dags/subdags/subdag.py
[2026-08-30T23:17:01.907+0330] {processor.py:927} WARNING - No viable dags retrieved from /home/mmirnezamina/de_final_project/airflowenv/lib/python3.10/site-packages/airflow/example_dags/subdags/subdag.py
[2026-08-30T23:17:02.041+0330] {processor.py:208} INFO - Processing /home/mmirnezamina/de_final_project/airflowenv/lib/python3.10/site-packages/airflow/example_dags/subdags/subdag.py took 0.247 seconds
[2026-08-30T23:17:32.346+0330] {processor.py:186} INFO - Started process (PID=14095) to work on /home/mmirnezamina/de_final_project/airflowenv/lib/python3.10/site-packages/airflow/example_dags/subdags/subdag.py
[2026-08-30T23:17:32.361+0330] {processor.py:914} INFO - Processing file /home/mmirnezamina/de_final_project/airflowenv/lib/python3.10/site-packages/airflow/example_dags/subdags/subdag.py for tasks to queue
[2026-08-30T23:17:32.367+0330] {logging_mixin.py:190} INFO - [2026-08-30T23:17:32.366+0330] {dagbag.py:588} INFO - Filling up the DagBag from /home/mmirnezamina/de_final_project/airflowenv/lib/python3.10/site-packages/airflow/example_dags/subdags/subdag.py
[2026-08-30T23:17:32.390+0330] {processor.py:927} WARNING - No viable dags retrieved from /home/mmirnezamina/de_final_project/airflowenv/lib/python3.10/site-packages/airflow/example_dags/subdags/subdag.py
[2026-08-30T23:17:32.578+0330] {processor.py:208} INFO - Processing /home/mmirnezamina/de_final_project/airflowenv/lib/python3.10/site-packages/airflow/example_dags/subdags/subdag.py took 0.313 seconds
[2026-08-30T23:18:02.795+0330] {processor.py:186} INFO - Started process (PID=14212) to work on /home/mmirnezamina/de_final_project/airflowenv/lib/python3.10/site-packages/airflow/example_dags/subdags/subdag.py
[2026-08-30T23:18:02.798+0330] {processor.py:914} INFO - Processing file /home/mmirnezamina/de_final_project/airflowenv/lib/python3.10/site-packages/airflow/example_dags/subdags/subdag.py for tasks to queue
[2026-08-30T23:18:02.802+0330] {logging_mixin.py:190} INFO - [2026-08-30T23:18:02.801+0330] {dagbag.py:588} INFO - Filling up the DagBag from /home/mmirnezamina/de_final_project/airflowenv/lib/python3.10/site-packages/airflow/example_dags/subdags/subdag.py
[2026-08-30T23:18:02.816+0330] {processor.py:927} WARNING - No viable dags retrieved from /home/mmirnezamina/de_final_project/airflowenv/lib/python3.10/site-packages/airflow/example_dags/subdags/subdag.py
[2026-08-30T23:18:02.908+0330] {processor.py:208} INFO - Processing /home/mmirnezamina/de_final_project/airflowenv/lib/python3.10/site-packages/airflow/example_dags/subdags/subdag.py took 0.159 seconds
[2026-08-30T23:18:33.070+0330] {processor.py:186} INFO - Started process (PID=14330) to work on /home/mmirnezamina/de_final_project/airflowenv/lib/python3.10/site-packages/airflow/example_dags/subdags/subdag.py
[2026-08-30T23:18:33.072+0330] {processor.py:914} INFO - Processing file /home/mmirnezamina/de_final_project/airflowenv/lib/python3.10/site-packages/airflow/example_dags/subdags/subdag.py for tasks to queue
[2026-08-30T23:18:33.074+0330] {logging_mixin.py:190} INFO - [2026-08-30T23:18:33.073+0330] {dagbag.py:588} INFO - Filling up the DagBag from /home/mmirnezamina/de_final_project/airflowenv/lib/python3.10/site-packages/airflow/example_dags/subdags/subdag.py
[2026-08-30T23:18:33.078+0330] {processor.py:927} WARNING - No viable dags retrieved from /home/mmirnezamina/de_final_project/airflowenv/lib/python3.10/site-packages/airflow/example_dags/subdags/subdag.py
[2026-08-30T23:18:33.108+0330] {processor.py:208} INFO - Processing /home/mmirnezamina/de_final_project/airflowenv/lib/python3.10/site-packages/airflow/example_dags/subdags/subdag.py took 0.051 seconds
[2026-08-30T23:19:03.579+0330] {processor.py:186} INFO - Started process (PID=14450) to work on /home/mmirnezamina/de_final_project/airflowenv/lib/python3.10/site-packages/airflow/example_dags/subdags/subdag.py
[2026-08-30T23:19:03.580+0330] {processor.py:914} INFO - Processing file /home/mmirnezamina/de_final_project/airflowenv/lib/python3.10/site-packages/airflow/example_dags/subdags/subdag.py for tasks to queue
[2026-08-30T23:19:03.581+0330] {logging_mixin.py:190} INFO - [2026-08-30T23:19:03.580+0330] {dagbag.py:588} INFO - Filling up the DagBag from /home/mmirnezamina/de_final_project/airflowenv/lib/python3.10/site-packages/airflow/example_dags/subdags/subdag.py
[2026-08-30T23:19:03.584+0330] {processor.py:927} WARNING - No viable dags retrieved from /home/mmirnezamina/de_final_project/airflowenv/lib/python3.10/site-packages/airflow/example_dags/subdags/subdag.py
[2026-08-30T23:19:03.605+0330] {processor.py:208} INFO - Processing /home/mmirnezamina/de_final_project/airflowenv/lib/python3.10/site-packages/airflow/example_dags/subdags/subdag.py took 0.034 seconds
[2026-08-30T23:19:33.920+0330] {processor.py:186} INFO - Started process (PID=14567) to work on /home/mmirnezamina/de_final_project/airflowenv/lib/python3.10/site-packages/airflow/example_dags/subdags/subdag.py
[2026-08-30T23:19:33.921+0330] {processor.py:914} INFO - Processing file /home/mmirnezamina/de_final_project/airflowenv/lib/python3.10/site-packages/airflow/example_dags/subdags/subdag.py for tasks to queue
[2026-08-30T23:19:33.922+0330] {logging_mixin.py:190} INFO - [2026-08-30T23:19:33.922+0330] {dagbag.py:588} INFO - Filling up the DagBag from /home/mmirnezamina/de_final_project/airflowenv/lib/python3.10/site-packages/airflow/example_dags/subdags/subdag.py
[2026-08-30T23:19:33.924+0330] {processor.py:927} WARNING - No viable dags retrieved from /home/mmirnezamina/de_final_project/airflowenv/lib/python3.10/site-packages/airflow/example_dags/subdags/subdag.py
[2026-08-30T23:19:33.942+0330] {processor.py:208} INFO - Processing /home/mmirnezamina/de_final_project/airflowenv/lib/python3.10/site-packages/airflow/example_dags/subdags/subdag.py took 0.030 seconds
[2026-08-30T23:20:04.489+0330] {processor.py:186} INFO - Started process (PID=14687) to work on /home/mmirnezamina/de_final_project/airflowenv/lib/python3.10/site-packages/airflow/example_dags/subdags/subdag.py
[2026-08-30T23:20:04.490+0330] {processor.py:914} INFO - Processing file /home/mmirnezamina/de_final_project/airflowenv/lib/python3.10/site-packages/airflow/example_dags/subdags/subdag.py for tasks to queue
[2026-08-30T23:20:04.491+0330] {logging_mixin.py:190} INFO - [2026-08-30T23:20:04.491+0330] {dagbag.py:588} INFO - Filling up the DagBag from /home/mmirnezamina/de_final_project/airflowenv/lib/python3.10/site-packages/airflow/example_dags/subdags/subdag.py
[2026-08-30T23:20:04.493+0330] {processor.py:927} WARNING - No viable dags retrieved from /home/mmirnezamina/de_final_project/airflowenv/lib/python3.10/site-packages/airflow/example_dags/subdags/subdag.py
[2026-08-30T23:20:04.514+0330] {processor.py:208} INFO - Processing /home/mmirnezamina/de_final_project/airflowenv/lib/python3.10/site-packages/airflow/example_dags/subdags/subdag.py took 0.033 seconds
[2026-08-30T23:20:34.942+0330] {processor.py:186} INFO - Started process (PID=14808) to work on /home/mmirnezamina/de_final_project/airflowenv/lib/python3.10/site-packages/airflow/example_dags/subdags/subdag.py
[2026-08-30T23:20:34.944+0330] {processor.py:914} INFO - Processing file /home/mmirnezamina/de_final_project/airflowenv/lib/python3.10/site-packages/airflow/example_dags/subdags/subdag.py for tasks to queue
[2026-08-30T23:20:34.945+0330] {logging_mixin.py:190} INFO - [2026-08-30T23:20:34.945+0330] {dagbag.py:588} INFO - Filling up the DagBag from /home/mmirnezamina/de_final_project/airflowenv/lib/python3.10/site-packages/airflow/example_dags/subdags/subdag.py
[2026-08-30T23:20:34.947+0330] {processor.py:927} WARNING - No viable dags retrieved from /home/mmirnezamina/de_final_project/airflowenv/lib/python3.10/site-packages/airflow/example_dags/subdags/subdag.py
[2026-08-30T23:20:34.964+0330] {processor.py:208} INFO - Processing /home/mmirnezamina/de_final_project/airflowenv/lib/python3.10/site-packages/airflow/example_dags/subdags/subdag.py took 0.030 seconds
[2026-08-30T23:21:05.342+0330] {processor.py:186} INFO - Started process (PID=14928) to work on /home/mmirnezamina/de_final_project/airflowenv/lib/python3.10/site-packages/airflow/example_dags/subdags/subdag.py
[2026-08-30T23:21:05.343+0330] {processor.py:914} INFO - Processing file /home/mmirnezamina/de_final_project/airflowenv/lib/python3.10/site-packages/airflow/example_dags/subdags/subdag.py for tasks to queue
[2026-08-30T23:21:05.344+0330] {logging_mixin.py:190} INFO - [2026-08-30T23:21:05.344+0330] {dagbag.py:588} INFO - Filling up the DagBag from /home/mmirnezamina/de_final_project/airflowenv/lib/python3.10/site-packages/airflow/example_dags/subdags/subdag.py
[2026-08-30T23:21:05.346+0330] {processor.py:927} WARNING - No viable dags retrieved from /home/mmirnezamina/de_final_project/airflowenv/lib/python3.10/site-packages/airflow/example_dags/subdags/subdag.py
[2026-08-30T23:21:05.365+0330] {processor.py:208} INFO - Processing /home/mmirnezamina/de_final_project/airflowenv/lib/python3.10/site-packages/airflow/example_dags/subdags/subdag.py took 0.030 seconds
[2026-08-30T23:21:36.138+0330] {processor.py:186} INFO - Started process (PID=15045) to work on /home/mmirnezamina/de_final_project/airflowenv/lib/python3.10/site-packages/airflow/example_dags/subdags/subdag.py
[2026-08-30T23:21:36.139+0330] {processor.py:914} INFO - Processing file /home/mmirnezamina/de_final_project/airflowenv/lib/python3.10/site-packages/airflow/example_dags/subdags/subdag.py for tasks to queue
[2026-08-30T23:21:36.140+0330] {logging_mixin.py:190} INFO - [2026-08-30T23:21:36.140+0330] {dagbag.py:588} INFO - Filling up the DagBag from /home/mmirnezamina/de_final_project/airflowenv/lib/python3.10/site-packages/airflow/example_dags/subdags/subdag.py
[2026-08-30T23:21:36.143+0330] {processor.py:927} WARNING - No viable dags retrieved from /home/mmirnezamina/de_final_project/airflowenv/lib/python3.10/site-packages/airflow/example_dags/subdags/subdag.py
[2026-08-30T23:21:36.160+0330] {processor.py:208} INFO - Processing /home/mmirnezamina/de_final_project/airflowenv/lib/python3.10/site-packages/airflow/example_dags/subdags/subdag.py took 0.028 seconds
[2026-08-30T23:22:07.126+0330] {processor.py:186} INFO - Started process (PID=15166) to work on /home/mmirnezamina/de_final_project/airflowenv/lib/python3.10/site-packages/airflow/example_dags/subdags/subdag.py
[2026-08-30T23:22:07.126+0330] {processor.py:914} INFO - Processing file /home/mmirnezamina/de_final_project/airflowenv/lib/python3.10/site-packages/airflow/example_dags/subdags/subdag.py for tasks to queue
[2026-08-30T23:22:07.127+0330] {logging_mixin.py:190} INFO - [2026-08-30T23:22:07.127+0330] {dagbag.py:588} INFO - Filling up the DagBag from /home/mmirnezamina/de_final_project/airflowenv/lib/python3.10/site-packages/airflow/example_dags/subdags/subdag.py
[2026-08-30T23:22:07.129+0330] {processor.py:927} WARNING - No viable dags retrieved from /home/mmirnezamina/de_final_project/airflowenv/lib/python3.10/site-packages/airflow/example_dags/subdags/subdag.py
[2026-08-30T23:22:07.147+0330] {processor.py:208} INFO - Processing /home/mmirnezamina/de_final_project/airflowenv/lib/python3.10/site-packages/airflow/example_dags/subdags/subdag.py took 0.029 seconds
[2026-08-30T23:22:37.894+0330] {processor.py:186} INFO - Started process (PID=15285) to work on /home/mmirnezamina/de_final_project/airflowenv/lib/python3.10/site-packages/airflow/example_dags/subdags/subdag.py
[2026-08-30T23:22:37.895+0330] {processor.py:914} INFO - Processing file /home/mmirnezamina/de_final_project/airflowenv/lib/python3.10/site-packages/airflow/example_dags/subdags/subdag.py for tasks to queue
[2026-08-30T23:22:37.897+0330] {logging_mixin.py:190} INFO - [2026-08-30T23:22:37.897+0330] {dagbag.py:588} INFO - Filling up the DagBag from /home/mmirnezamina/de_final_project/airflowenv/lib/python3.10/site-packages/airflow/example_dags/subdags/subdag.py
[2026-08-30T23:22:37.900+0330] {processor.py:927} WARNING - No viable dags retrieved from /home/mmirnezamina/de_final_project/airflowenv/lib/python3.10/site-packages/airflow/example_dags/subdags/subdag.py
[2026-08-30T23:22:37.934+0330] {processor.py:208} INFO - Processing /home/mmirnezamina/de_final_project/airflowenv/lib/python3.10/site-packages/airflow/example_dags/subdags/subdag.py took 0.056 seconds
[2026-08-30T23:23:08.499+0330] {processor.py:186} INFO - Started process (PID=15403) to work on /home/mmirnezamina/de_final_project/airflowenv/lib/python3.10/site-packages/airflow/example_dags/subdags/subdag.py
[2026-08-30T23:23:08.500+0330] {processor.py:914} INFO - Processing file /home/mmirnezamina/de_final_project/airflowenv/lib/python3.10/site-packages/airflow/example_dags/subdags/subdag.py for tasks to queue
[2026-08-30T23:23:08.502+0330] {logging_mixin.py:190} INFO - [2026-08-30T23:23:08.502+0330] {dagbag.py:588} INFO - Filling up the DagBag from /home/mmirnezamina/de_final_project/airflowenv/lib/python3.10/site-packages/airflow/example_dags/subdags/subdag.py
[2026-08-30T23:23:08.507+0330] {processor.py:927} WARNING - No viable dags retrieved from /home/mmirnezamina/de_final_project/airflowenv/lib/python3.10/site-packages/airflow/example_dags/subdags/subdag.py
[2026-08-30T23:23:08.551+0330] {processor.py:208} INFO - Processing /home/mmirnezamina/de_final_project/airflowenv/lib/python3.10/site-packages/airflow/example_dags/subdags/subdag.py took 0.070 seconds
[2026-08-30T23:23:38.643+0330] {processor.py:186} INFO - Started process (PID=15522) to work on /home/mmirnezamina/de_final_project/airflowenv/lib/python3.10/site-packages/airflow/example_dags/subdags/subdag.py
[2026-08-30T23:23:38.644+0330] {processor.py:914} INFO - Processing file /home/mmirnezamina/de_final_project/airflowenv/lib/python3.10/site-packages/airflow/example_dags/subdags/subdag.py for tasks to queue
[2026-08-30T23:23:38.645+0330] {logging_mixin.py:190} INFO - [2026-08-30T23:23:38.645+0330] {dagbag.py:588} INFO - Filling up the DagBag from /home/mmirnezamina/de_final_project/airflowenv/lib/python3.10/site-packages/airflow/example_dags/subdags/subdag.py
[2026-08-30T23:23:38.647+0330] {processor.py:927} WARNING - No viable dags retrieved from /home/mmirnezamina/de_final_project/airflowenv/lib/python3.10/site-packages/airflow/example_dags/subdags/subdag.py
[2026-08-30T23:23:38.664+0330] {processor.py:208} INFO - Processing /home/mmirnezamina/de_final_project/airflowenv/lib/python3.10/site-packages/airflow/example_dags/subdags/subdag.py took 0.027 seconds
[2026-08-30T23:24:08.807+0330] {processor.py:186} INFO - Started process (PID=15640) to work on /home/mmirnezamina/de_final_project/airflowenv/lib/python3.10/site-packages/airflow/example_dags/subdags/subdag.py
[2026-08-30T23:24:08.808+0330] {processor.py:914} INFO - Processing file /home/mmirnezamina/de_final_project/airflowenv/lib/python3.10/site-packages/airflow/example_dags/subdags/subdag.py for tasks to queue
[2026-08-30T23:24:08.809+0330] {logging_mixin.py:190} INFO - [2026-08-30T23:24:08.808+0330] {dagbag.py:588} INFO - Filling up the DagBag from /home/mmirnezamina/de_final_project/airflowenv/lib/python3.10/site-packages/airflow/example_dags/subdags/subdag.py
[2026-08-30T23:24:08.811+0330] {processor.py:927} WARNING - No viable dags retrieved from /home/mmirnezamina/de_final_project/airflowenv/lib/python3.10/site-packages/airflow/example_dags/subdags/subdag.py
[2026-08-30T23:24:08.841+0330] {processor.py:208} INFO - Processing /home/mmirnezamina/de_final_project/airflowenv/lib/python3.10/site-packages/airflow/example_dags/subdags/subdag.py took 0.042 seconds
[2026-08-30T23:24:39.048+0330] {processor.py:186} INFO - Started process (PID=15759) to work on /home/mmirnezamina/de_final_project/airflowenv/lib/python3.10/site-packages/airflow/example_dags/subdags/subdag.py
[2026-08-30T23:24:39.049+0330] {processor.py:914} INFO - Processing file /home/mmirnezamina/de_final_project/airflowenv/lib/python3.10/site-packages/airflow/example_dags/subdags/subdag.py for tasks to queue
[2026-08-30T23:24:39.050+0330] {logging_mixin.py:190} INFO - [2026-08-30T23:24:39.050+0330] {dagbag.py:588} INFO - Filling up the DagBag from /home/mmirnezamina/de_final_project/airflowenv/lib/python3.10/site-packages/airflow/example_dags/subdags/subdag.py
[2026-08-30T23:24:39.052+0330] {processor.py:927} WARNING - No viable dags retrieved from /home/mmirnezamina/de_final_project/airflowenv/lib/python3.10/site-packages/airflow/example_dags/subdags/subdag.py
[2026-08-30T23:24:39.075+0330] {processor.py:208} INFO - Processing /home/mmirnezamina/de_final_project/airflowenv/lib/python3.10/site-packages/airflow/example_dags/subdags/subdag.py took 0.040 seconds
[2026-08-30T23:25:09.522+0330] {processor.py:186} INFO - Started process (PID=15902) to work on /home/mmirnezamina/de_final_project/airflowenv/lib/python3.10/site-packages/airflow/example_dags/subdags/subdag.py
[2026-08-30T23:25:09.523+0330] {processor.py:914} INFO - Processing file /home/mmirnezamina/de_final_project/airflowenv/lib/python3.10/site-packages/airflow/example_dags/subdags/subdag.py for tasks to queue
[2026-08-30T23:25:09.524+0330] {logging_mixin.py:190} INFO - [2026-08-30T23:25:09.524+0330] {dagbag.py:588} INFO - Filling up the DagBag from /home/mmirnezamina/de_final_project/airflowenv/lib/python3.10/site-packages/airflow/example_dags/subdags/subdag.py
[2026-08-30T23:25:09.527+0330] {processor.py:927} WARNING - No viable dags retrieved from /home/mmirnezamina/de_final_project/airflowenv/lib/python3.10/site-packages/airflow/example_dags/subdags/subdag.py
[2026-08-30T23:25:09.551+0330] {processor.py:208} INFO - Processing /home/mmirnezamina/de_final_project/airflowenv/lib/python3.10/site-packages/airflow/example_dags/subdags/subdag.py took 0.040 seconds
[2026-08-30T23:25:39.988+0330] {processor.py:186} INFO - Started process (PID=16041) to work on /home/mmirnezamina/de_final_project/airflowenv/lib/python3.10/site-packages/airflow/example_dags/subdags/subdag.py
[2026-08-30T23:25:39.990+0330] {processor.py:914} INFO - Processing file /home/mmirnezamina/de_final_project/airflowenv/lib/python3.10/site-packages/airflow/example_dags/subdags/subdag.py for tasks to queue
[2026-08-30T23:25:39.991+0330] {logging_mixin.py:190} INFO - [2026-08-30T23:25:39.991+0330] {dagbag.py:588} INFO - Filling up the DagBag from /home/mmirnezamina/de_final_project/airflowenv/lib/python3.10/site-packages/airflow/example_dags/subdags/subdag.py
[2026-08-30T23:25:39.994+0330] {processor.py:927} WARNING - No viable dags retrieved from /home/mmirnezamina/de_final_project/airflowenv/lib/python3.10/site-packages/airflow/example_dags/subdags/subdag.py
[2026-08-30T23:25:40.020+0330] {processor.py:208} INFO - Processing /home/mmirnezamina/de_final_project/airflowenv/lib/python3.10/site-packages/airflow/example_dags/subdags/subdag.py took 0.044 seconds
[2026-08-30T23:26:10.368+0330] {processor.py:186} INFO - Started process (PID=16159) to work on /home/mmirnezamina/de_final_project/airflowenv/lib/python3.10/site-packages/airflow/example_dags/subdags/subdag.py
[2026-08-30T23:26:10.369+0330] {processor.py:914} INFO - Processing file /home/mmirnezamina/de_final_project/airflowenv/lib/python3.10/site-packages/airflow/example_dags/subdags/subdag.py for tasks to queue
[2026-08-30T23:26:10.370+0330] {logging_mixin.py:190} INFO - [2026-08-30T23:26:10.369+0330] {dagbag.py:588} INFO - Filling up the DagBag from /home/mmirnezamina/de_final_project/airflowenv/lib/python3.10/site-packages/airflow/example_dags/subdags/subdag.py
[2026-08-30T23:26:10.372+0330] {processor.py:927} WARNING - No viable dags retrieved from /home/mmirnezamina/de_final_project/airflowenv/lib/python3.10/site-packages/airflow/example_dags/subdags/subdag.py
[2026-08-30T23:26:10.396+0330] {processor.py:208} INFO - Processing /home/mmirnezamina/de_final_project/airflowenv/lib/python3.10/site-packages/airflow/example_dags/subdags/subdag.py took 0.037 seconds
[2026-08-30T23:26:40.588+0330] {processor.py:186} INFO - Started process (PID=16278) to work on /home/mmirnezamina/de_final_project/airflowenv/lib/python3.10/site-packages/airflow/example_dags/subdags/subdag.py
[2026-08-30T23:26:40.590+0330] {processor.py:914} INFO - Processing file /home/mmirnezamina/de_final_project/airflowenv/lib/python3.10/site-packages/airflow/example_dags/subdags/subdag.py for tasks to queue
[2026-08-30T23:26:40.591+0330] {logging_mixin.py:190} INFO - [2026-08-30T23:26:40.591+0330] {dagbag.py:588} INFO - Filling up the DagBag from /home/mmirnezamina/de_final_project/airflowenv/lib/python3.10/site-packages/airflow/example_dags/subdags/subdag.py
[2026-08-30T23:26:40.594+0330] {processor.py:927} WARNING - No viable dags retrieved from /home/mmirnezamina/de_final_project/airflowenv/lib/python3.10/site-packages/airflow/example_dags/subdags/subdag.py
[2026-08-30T23:26:40.614+0330] {processor.py:208} INFO - Processing /home/mmirnezamina/de_final_project/airflowenv/lib/python3.10/site-packages/airflow/example_dags/subdags/subdag.py took 0.033 seconds
[2026-08-30T23:27:28.818+0330] {processor.py:186} INFO - Started process (PID=16437) to work on /home/mmirnezamina/de_final_project/airflowenv/lib/python3.10/site-packages/airflow/example_dags/subdags/subdag.py
[2026-08-30T23:27:28.820+0330] {processor.py:914} INFO - Processing file /home/mmirnezamina/de_final_project/airflowenv/lib/python3.10/site-packages/airflow/example_dags/subdags/subdag.py for tasks to queue
[2026-08-30T23:27:28.831+0330] {logging_mixin.py:190} INFO - [2026-08-30T23:27:28.830+0330] {dagbag.py:588} INFO - Filling up the DagBag from /home/mmirnezamina/de_final_project/airflowenv/lib/python3.10/site-packages/airflow/example_dags/subdags/subdag.py
[2026-08-30T23:27:28.838+0330] {processor.py:927} WARNING - No viable dags retrieved from /home/mmirnezamina/de_final_project/airflowenv/lib/python3.10/site-packages/airflow/example_dags/subdags/subdag.py
[2026-08-30T23:27:28.901+0330] {processor.py:208} INFO - Processing /home/mmirnezamina/de_final_project/airflowenv/lib/python3.10/site-packages/airflow/example_dags/subdags/subdag.py took 0.114 seconds
