[2026-08-30T23:13:29.657+0330] {processor.py:186} INFO - Started process (PID=13101) to work on /home/mmirnezamina/de_final_project/airflowenv/lib/python3.10/site-packages/airflow/example_dags/plugins/event_listener.py
[2026-08-30T23:13:29.682+0330] {processor.py:914} INFO - Processing file /home/mmirnezamina/de_final_project/airflowenv/lib/python3.10/site-packages/airflow/example_dags/plugins/event_listener.py for tasks to queue
[2026-08-30T23:13:29.686+0330] {logging_mixin.py:190} INFO - [2026-08-30T23:13:29.685+0330] {dagbag.py:588} INFO - Filling up the DagBag from /home/mmirnezamina/de_final_project/airflowenv/lib/python3.10/site-packages/airflow/example_dags/plugins/event_listener.py
[2026-08-30T23:13:29.696+0330] {processor.py:927} WARNING - No viable dags retrieved from /home/mmirnezamina/de_final_project/airflowenv/lib/python3.10/site-packages/airflow/example_dags/plugins/event_listener.py
[2026-08-30T23:13:29.818+0330] {processor.py:208} INFO - Processing /home/mmirnezamina/de_final_project/airflowenv/lib/python3.10/site-packages/airflow/example_dags/plugins/event_listener.py took 0.217 seconds
[2026-08-30T23:14:00.741+0330] {processor.py:186} INFO - Started process (PID=13231) to work on /home/mmirnezamina/de_final_project/airflowenv/lib/python3.10/site-packages/airflow/example_dags/plugins/event_listener.py
[2026-08-30T23:14:00.742+0330] {processor.py:914} INFO - Processing file /home/mmirnezamina/de_final_project/airflowenv/lib/python3.10/site-packages/airflow/example_dags/plugins/event_listener.py for tasks to queue
[2026-08-30T23:14:00.744+0330] {logging_mixin.py:190} INFO - [2026-08-30T23:14:00.743+0330] {dagbag.py:588} INFO - Filling up the DagBag from /home/mmirnezamina/de_final_project/airflowenv/lib/python3.10/site-packages/airflow/example_dags/plugins/event_listener.py
[2026-08-30T23:14:00.747+0330] {processor.py:927} WARNING - No viable dags retrieved from /home/mmirnezamina/de_final_project/airflowenv/lib/python3.10/site-packages/airflow/example_dags/plugins/event_listener.py
[2026-08-30T23:14:00.781+0330] {processor.py:208} INFO - Processing /home/mmirnezamina/de_final_project/airflowenv/lib/python3.10/site-packages/airflow/example_dags/plugins/event_listener.py took 0.057 seconds
[2026-08-30T23:14:31.283+0330] {processor.py:186} INFO - Started process (PID=13352) to work on /home/mmirnezamina/de_final_project/airflowenv/lib/python3.10/site-packages/airflow/example_dags/plugins/event_listener.py
[2026-08-30T23:14:31.284+0330] {processor.py:914} INFO - Processing file /home/mmirnezamina/de_final_project/airflowenv/lib/python3.10/site-packages/airflow/example_dags/plugins/event_listener.py for tasks to queue
[2026-08-30T23:14:31.285+0330] {logging_mixin.py:190} INFO - [2026-08-30T23:14:31.285+0330] {dagbag.py:588} INFO - Filling up the DagBag from /home/mmirnezamina/de_final_project/airflowenv/lib/python3.10/site-packages/airflow/example_dags/plugins/event_listener.py
[2026-08-30T23:14:31.288+0330] {processor.py:927} WARNING - No viable dags retrieved from /home/mmirnezamina/de_final_project/airflowenv/lib/python3.10/site-packages/airflow/example_dags/plugins/event_listener.py
[2026-08-30T23:14:31.311+0330] {processor.py:208} INFO - Processing /home/mmirnezamina/de_final_project/airflowenv/lib/python3.10/site-packages/airflow/example_dags/plugins/event_listener.py took 0.038 seconds
[2026-08-30T23:15:01.576+0330] {processor.py:186} INFO - Started process (PID=13471) to work on /home/mmirnezamina/de_final_project/airflowenv/lib/python3.10/site-packages/airflow/example_dags/plugins/event_listener.py
[2026-08-30T23:15:01.579+0330] {processor.py:914} INFO - Processing file /home/mmirnezamina/de_final_project/airflowenv/lib/python3.10/site-packages/airflow/example_dags/plugins/event_listener.py for tasks to queue
[2026-08-30T23:15:01.582+0330] {logging_mixin.py:190} INFO - [2026-08-30T23:15:01.582+0330] {dagbag.py:588} INFO - Filling up the DagBag from /home/mmirnezamina/de_final_project/airflowenv/lib/python3.10/site-packages/airflow/example_dags/plugins/event_listener.py
[2026-08-30T23:15:01.585+0330] {processor.py:927} WARNING - No viable dags retrieved from /home/mmirnezamina/de_final_project/airflowenv/lib/python3.10/site-packages/airflow/example_dags/plugins/event_listener.py
[2026-08-30T23:15:01.610+0330] {processor.py:208} INFO - Processing /home/mmirnezamina/de_final_project/airflowenv/lib/python3.10/site-packages/airflow/example_dags/plugins/event_listener.py took 0.043 seconds
[2026-08-30T23:15:32.799+0330] {processor.py:186} INFO - Started process (PID=13591) to work on /home/mmirnezamina/de_final_project/airflowenv/lib/python3.10/site-packages/airflow/example_dags/plugins/event_listener.py
[2026-08-30T23:15:32.803+0330] {processor.py:914} INFO - Processing file /home/mmirnezamina/de_final_project/airflowenv/lib/python3.10/site-packages/airflow/example_dags/plugins/event_listener.py for tasks to queue
[2026-08-30T23:15:32.807+0330] {logging_mixin.py:190} INFO - [2026-08-30T23:15:32.806+0330] {dagbag.py:588} INFO - Filling up the DagBag from /home/mmirnezamina/de_final_project/airflowenv/lib/python3.10/site-packages/airflow/example_dags/plugins/event_listener.py
[2026-08-30T23:15:32.816+0330] {processor.py:927} WARNING - No viable dags retrieved from /home/mmirnezamina/de_final_project/airflowenv/lib/python3.10/site-packages/airflow/example_dags/plugins/event_listener.py
[2026-08-30T23:15:32.887+0330] {processor.py:208} INFO - Processing /home/mmirnezamina/de_final_project/airflowenv/lib/python3.10/site-packages/airflow/example_dags/plugins/event_listener.py took 0.133 seconds
[2026-08-30T23:16:03.210+0330] {processor.py:186} INFO - Started process (PID=13711) to work on /home/mmirnezamina/de_final_project/airflowenv/lib/python3.10/site-packages/airflow/example_dags/plugins/event_listener.py
[2026-08-30T23:16:03.213+0330] {processor.py:914} INFO - Processing file /home/mmirnezamina/de_final_project/airflowenv/lib/python3.10/site-packages/airflow/example_dags/plugins/event_listener.py for tasks to queue
[2026-08-30T23:16:03.219+0330] {logging_mixin.py:190} INFO - [2026-08-30T23:16:03.218+0330] {dagbag.py:588} INFO - Filling up the DagBag from /home/mmirnezamina/de_final_project/airflowenv/lib/python3.10/site-packages/airflow/example_dags/plugins/event_listener.py
[2026-08-30T23:16:03.230+0330] {processor.py:927} WARNING - No viable dags retrieved from /home/mmirnezamina/de_final_project/airflowenv/lib/python3.10/site-packages/airflow/example_dags/plugins/event_listener.py
[2026-08-30T23:16:03.314+0330] {processor.py:208} INFO - Processing /home/mmirnezamina/de_final_project/airflowenv/lib/python3.10/site-packages/airflow/example_dags/plugins/event_listener.py took 0.145 seconds
[2026-08-30T23:16:33.414+0330] {processor.py:186} INFO - Started process (PID=13819) to work on /home/mmirnezamina/de_final_project/airflowenv/lib/python3.10/site-packages/airflow/example_dags/plugins/event_listener.py
[2026-08-30T23:16:33.417+0330] {processor.py:914} INFO - Processing file /home/mmirnezamina/de_final_project/airflowenv/lib/python3.10/site-packages/airflow/example_dags/plugins/event_listener.py for tasks to queue
[2026-08-30T23:16:33.421+0330] {logging_mixin.py:190} INFO - [2026-08-30T23:16:33.420+0330] {dagbag.py:588} INFO - Filling up the DagBag from /home/mmirnezamina/de_final_project/airflowenv/lib/python3.10/site-packages/airflow/example_dags/plugins/event_listener.py
[2026-08-30T23:16:33.429+0330] {processor.py:927} WARNING - No viable dags retrieved from /home/mmirnezamina/de_final_project/airflowenv/lib/python3.10/site-packages/airflow/example_dags/plugins/event_listener.py
[2026-08-30T23:16:33.491+0330] {processor.py:208} INFO - Processing /home/mmirnezamina/de_final_project/airflowenv/lib/python3.10/site-packages/airflow/example_dags/plugins/event_listener.py took 0.102 seconds
[2026-08-30T23:17:03.807+0330] {processor.py:186} INFO - Started process (PID=13986) to work on /home/mmirnezamina/de_final_project/airflowenv/lib/python3.10/site-packages/airflow/example_dags/plugins/event_listener.py
[2026-08-30T23:17:03.813+0330] {processor.py:914} INFO - Processing file /home/mmirnezamina/de_final_project/airflowenv/lib/python3.10/site-packages/airflow/example_dags/plugins/event_listener.py for tasks to queue
[2026-08-30T23:17:03.822+0330] {logging_mixin.py:190} INFO - [2026-08-30T23:17:03.821+0330] {dagbag.py:588} INFO - Filling up the DagBag from /home/mmirnezamina/de_final_project/airflowenv/lib/python3.10/site-packages/airflow/example_dags/plugins/event_listener.py
[2026-08-30T23:17:03.840+0330] {processor.py:927} WARNING - No viable dags retrieved from /home/mmirnezamina/de_final_project/airflowenv/lib/python3.10/site-packages/airflow/example_dags/plugins/event_listener.py
[2026-08-30T23:17:03.950+0330] {processor.py:208} INFO - Processing /home/mmirnezamina/de_final_project/airflowenv/lib/python3.10/site-packages/airflow/example_dags/plugins/event_listener.py took 0.177 seconds
[2026-08-30T23:17:35.783+0330] {processor.py:186} INFO - Started process (PID=14111) to work on /home/mmirnezamina/de_final_project/airflowenv/lib/python3.10/site-packages/airflow/example_dags/plugins/event_listener.py
[2026-08-30T23:17:35.807+0330] {processor.py:914} INFO - Processing file /home/mmirnezamina/de_final_project/airflowenv/lib/python3.10/site-packages/airflow/example_dags/plugins/event_listener.py for tasks to queue
[2026-08-30T23:17:35.825+0330] {logging_mixin.py:190} INFO - [2026-08-30T23:17:35.824+0330] {dagbag.py:588} INFO - Filling up the DagBag from /home/mmirnezamina/de_final_project/airflowenv/lib/python3.10/site-packages/airflow/example_dags/plugins/event_listener.py
[2026-08-30T23:17:35.861+0330] {processor.py:927} WARNING - No viable dags retrieved from /home/mmirnezamina/de_final_project/airflowenv/lib/python3.10/site-packages/airflow/example_dags/plugins/event_listener.py
[2026-08-30T23:17:36.000+0330] {processor.py:208} INFO - Processing /home/mmirnezamina/de_final_project/airflowenv/lib/python3.10/site-packages/airflow/example_dags/plugins/event_listener.py took 0.288 seconds
[2026-08-30T23:18:06.984+0330] {processor.py:186} INFO - Started process (PID=14229) to work on /home/mmirnezamina/de_final_project/airflowenv/lib/python3.10/site-packages/airflow/example_dags/plugins/event_listener.py
[2026-08-30T23:18:06.987+0330] {processor.py:914} INFO - Processing file /home/mmirnezamina/de_final_project/airflowenv/lib/python3.10/site-packages/airflow/example_dags/plugins/event_listener.py for tasks to queue
[2026-08-30T23:18:06.993+0330] {logging_mixin.py:190} INFO - [2026-08-30T23:18:06.991+0330] {dagbag.py:588} INFO - Filling up the DagBag from /home/mmirnezamina/de_final_project/airflowenv/lib/python3.10/site-packages/airflow/example_dags/plugins/event_listener.py
[2026-08-30T23:18:07.000+0330] {processor.py:927} WARNING - No viable dags retrieved from /home/mmirnezamina/de_final_project/airflowenv/lib/python3.10/site-packages/airflow/example_dags/plugins/event_listener.py
[2026-08-30T23:18:07.094+0330] {processor.py:208} INFO - Processing /home/mmirnezamina/de_final_project/airflowenv/lib/python3.10/site-packages/airflow/example_dags/plugins/event_listener.py took 0.138 seconds
[2026-08-30T23:18:37.568+0330] {processor.py:186} INFO - Started process (PID=14346) to work on /home/mmirnezamina/de_final_project/airflowenv/lib/python3.10/site-packages/airflow/example_dags/plugins/event_listener.py
[2026-08-30T23:18:37.570+0330] {processor.py:914} INFO - Processing file /home/mmirnezamina/de_final_project/airflowenv/lib/python3.10/site-packages/airflow/example_dags/plugins/event_listener.py for tasks to queue
[2026-08-30T23:18:37.572+0330] {logging_mixin.py:190} INFO - [2026-08-30T23:18:37.572+0330] {dagbag.py:588} INFO - Filling up the DagBag from /home/mmirnezamina/de_final_project/airflowenv/lib/python3.10/site-packages/airflow/example_dags/plugins/event_listener.py
[2026-08-30T23:18:37.574+0330] {processor.py:927} WARNING - No viable dags retrieved from /home/mmirnezamina/de_final_project/airflowenv/lib/python3.10/site-packages/airflow/example_dags/plugins/event_listener.py
[2026-08-30T23:18:37.595+0330] {processor.py:208} INFO - Processing /home/mmirnezamina/de_final_project/airflowenv/lib/python3.10/site-packages/airflow/example_dags/plugins/event_listener.py took 0.035 seconds
[2026-08-30T23:19:08.147+0330] {processor.py:186} INFO - Started process (PID=14464) to work on /home/mmirnezamina/de_final_project/airflowenv/lib/python3.10/site-packages/airflow/example_dags/plugins/event_listener.py
[2026-08-30T23:19:08.150+0330] {processor.py:914} INFO - Processing file /home/mmirnezamina/de_final_project/airflowenv/lib/python3.10/site-packages/airflow/example_dags/plugins/event_listener.py for tasks to queue
[2026-08-30T23:19:08.153+0330] {logging_mixin.py:190} INFO - [2026-08-30T23:19:08.152+0330] {dagbag.py:588} INFO - Filling up the DagBag from /home/mmirnezamina/de_final_project/airflowenv/lib/python3.10/site-packages/airflow/example_dags/plugins/event_listener.py
[2026-08-30T23:19:08.159+0330] {processor.py:927} WARNING - No viable dags retrieved from /home/mmirnezamina/de_final_project/airflowenv/lib/python3.10/site-packages/airflow/example_dags/plugins/event_listener.py
[2026-08-30T23:19:08.200+0330] {processor.py:208} INFO - Processing /home/mmirnezamina/de_final_project/airflowenv/lib/python3.10/site-packages/airflow/example_dags/plugins/event_listener.py took 0.075 seconds
[2026-08-30T23:19:38.239+0330] {processor.py:186} INFO - Started process (PID=14583) to work on /home/mmirnezamina/de_final_project/airflowenv/lib/python3.10/site-packages/airflow/example_dags/plugins/event_listener.py
[2026-08-30T23:19:38.240+0330] {processor.py:914} INFO - Processing file /home/mmirnezamina/de_final_project/airflowenv/lib/python3.10/site-packages/airflow/example_dags/plugins/event_listener.py for tasks to queue
[2026-08-30T23:19:38.242+0330] {logging_mixin.py:190} INFO - [2026-08-30T23:19:38.242+0330] {dagbag.py:588} INFO - Filling up the DagBag from /home/mmirnezamina/de_final_project/airflowenv/lib/python3.10/site-packages/airflow/example_dags/plugins/event_listener.py
[2026-08-30T23:19:38.245+0330] {processor.py:927} WARNING - No viable dags retrieved from /home/mmirnezamina/de_final_project/airflowenv/lib/python3.10/site-packages/airflow/example_dags/plugins/event_listener.py
[2026-08-30T23:19:38.276+0330] {processor.py:208} INFO - Processing /home/mmirnezamina/de_final_project/airflowenv/lib/python3.10/site-packages/airflow/example_dags/plugins/event_listener.py took 0.049 seconds
[2026-08-30T23:20:08.636+0330] {processor.py:186} INFO - Started process (PID=14695) to work on /home/mmirnezamina/de_final_project/airflowenv/lib/python3.10/site-packages/airflow/example_dags/plugins/event_listener.py
[2026-08-30T23:20:08.665+0330] {processor.py:914} INFO - Processing file /home/mmirnezamina/de_final_project/airflowenv/lib/python3.10/site-packages/airflow/example_dags/plugins/event_listener.py for tasks to queue
[2026-08-30T23:20:08.666+0330] {logging_mixin.py:190} INFO - [2026-08-30T23:20:08.666+0330] {dagbag.py:588} INFO - Filling up the DagBag from /home/mmirnezamina/de_final_project/airflowenv/lib/python3.10/site-packages/airflow/example_dags/plugins/event_listener.py
[2026-08-30T23:20:08.669+0330] {processor.py:927} WARNING - No viable dags retrieved from /home/mmirnezamina/de_final_project/airflowenv/lib/python3.10/site-packages/airflow/example_dags/plugins/event_listener.py
[2026-08-30T23:20:08.690+0330] {processor.py:208} INFO - Processing /home/mmirnezamina/de_final_project/airflowenv/lib/python3.10/site-packages/airflow/example_dags/plugins/event_listener.py took 0.063 seconds
[2026-08-30T23:20:39.074+0330] {processor.py:186} INFO - Started process (PID=14818) to work on /home/mmirnezamina/de_final_project/airflowenv/lib/python3.10/site-packages/airflow/example_dags/plugins/event_listener.py
[2026-08-30T23:20:39.076+0330] {processor.py:914} INFO - Processing file /home/mmirnezamina/de_final_project/airflowenv/lib/python3.10/site-packages/airflow/example_dags/plugins/event_listener.py for tasks to queue
[2026-08-30T23:20:39.077+0330] {logging_mixin.py:190} INFO - [2026-08-30T23:20:39.077+0330] {dagbag.py:588} INFO - Filling up the DagBag from /home/mmirnezamina/de_final_project/airflowenv/lib/python3.10/site-packages/airflow/example_dags/plugins/event_listener.py
[2026-08-30T23:20:39.080+0330] {processor.py:927} WARNING - No viable dags retrieved from /home/mmirnezamina/de_final_project/airflowenv/lib/python3.10/site-packages/airflow/example_dags/plugins/event_listener.py
[2026-08-30T23:20:39.101+0330] {processor.py:208} INFO - Processing /home/mmirnezamina/de_final_project/airflowenv/lib/python3.10/site-packages/airflow/example_dags/plugins/event_listener.py took 0.036 seconds
[2026-08-30T23:21:09.478+0330] {processor.py:186} INFO - Started process (PID=14936) to work on /home/mmirnezamina/de_final_project/airflowenv/lib/python3.10/site-packages/airflow/example_dags/plugins/event_listener.py
[2026-08-30T23:21:09.480+0330] {processor.py:914} INFO - Processing file /home/mmirnezamina/de_final_project/airflowenv/lib/python3.10/site-packages/airflow/example_dags/plugins/event_listener.py for tasks to queue
[2026-08-30T23:21:09.482+0330] {logging_mixin.py:190} INFO - [2026-08-30T23:21:09.481+0330] {dagbag.py:588} INFO - Filling up the DagBag from /home/mmirnezamina/de_final_project/airflowenv/lib/python3.10/site-packages/airflow/example_dags/plugins/event_listener.py
[2026-08-30T23:21:09.485+0330] {processor.py:927} WARNING - No viable dags retrieved from /home/mmirnezamina/de_final_project/airflowenv/lib/python3.10/site-packages/airflow/example_dags/plugins/event_listener.py
[2026-08-30T23:21:09.506+0330] {processor.py:208} INFO - Processing /home/mmirnezamina/de_final_project/airflowenv/lib/python3.10/site-packages/airflow/example_dags/plugins/event_listener.py took 0.036 seconds
[2026-08-30T23:21:40.282+0330] {processor.py:186} INFO - Started process (PID=15055) to work on /home/mmirnezamina/de_final_project/airflowenv/lib/python3.10/site-packages/airflow/example_dags/plugins/event_listener.py
[2026-08-30T23:21:40.283+0330] {processor.py:914} INFO - Processing file /home/mmirnezamina/de_final_project/airflowenv/lib/python3.10/site-packages/airflow/example_dags/plugins/event_listener.py for tasks to queue
[2026-08-30T23:21:40.285+0330] {logging_mixin.py:190} INFO - [2026-08-30T23:21:40.284+0330] {dagbag.py:588} INFO - Filling up the DagBag from /home/mmirnezamina/de_final_project/airflowenv/lib/python3.10/site-packages/airflow/example_dags/plugins/event_listener.py
[2026-08-30T23:21:40.287+0330] {processor.py:927} WARNING - No viable dags retrieved from /home/mmirnezamina/de_final_project/airflowenv/lib/python3.10/site-packages/airflow/example_dags/plugins/event_listener.py
[2026-08-30T23:21:40.308+0330] {processor.py:208} INFO - Processing /home/mmirnezamina/de_final_project/airflowenv/lib/python3.10/site-packages/airflow/example_dags/plugins/event_listener.py took 0.035 seconds
[2026-08-30T23:22:10.345+0330] {processor.py:186} INFO - Started process (PID=15174) to work on /home/mmirnezamina/de_final_project/airflowenv/lib/python3.10/site-packages/airflow/example_dags/plugins/event_listener.py
[2026-08-30T23:22:10.346+0330] {processor.py:914} INFO - Processing file /home/mmirnezamina/de_final_project/airflowenv/lib/python3.10/site-packages/airflow/example_dags/plugins/event_listener.py for tasks to queue
[2026-08-30T23:22:10.347+0330] {logging_mixin.py:190} INFO - [2026-08-30T23:22:10.347+0330] {dagbag.py:588} INFO - Filling up the DagBag from /home/mmirnezamina/de_final_project/airflowenv/lib/python3.10/site-packages/airflow/example_dags/plugins/event_listener.py
[2026-08-30T23:22:10.350+0330] {processor.py:927} WARNING - No viable dags retrieved from /home/mmirnezamina/de_final_project/airflowenv/lib/python3.10/site-packages/airflow/example_dags/plugins/event_listener.py
[2026-08-30T23:22:10.378+0330] {processor.py:208} INFO - Processing /home/mmirnezamina/de_final_project/airflowenv/lib/python3.10/site-packages/airflow/example_dags/plugins/event_listener.py took 0.042 seconds
[2026-08-30T23:22:41.168+0330] {processor.py:186} INFO - Started process (PID=15293) to work on /home/mmirnezamina/de_final_project/airflowenv/lib/python3.10/site-packages/airflow/example_dags/plugins/event_listener.py
[2026-08-30T23:22:41.176+0330] {processor.py:914} INFO - Processing file /home/mmirnezamina/de_final_project/airflowenv/lib/python3.10/site-packages/airflow/example_dags/plugins/event_listener.py for tasks to queue
[2026-08-30T23:22:41.183+0330] {logging_mixin.py:190} INFO - [2026-08-30T23:22:41.181+0330] {dagbag.py:588} INFO - Filling up the DagBag from /home/mmirnezamina/de_final_project/airflowenv/lib/python3.10/site-packages/airflow/example_dags/plugins/event_listener.py
[2026-08-30T23:22:41.199+0330] {processor.py:927} WARNING - No viable dags retrieved from /home/mmirnezamina/de_final_project/airflowenv/lib/python3.10/site-packages/airflow/example_dags/plugins/event_listener.py
[2026-08-30T23:22:41.326+0330] {processor.py:208} INFO - Processing /home/mmirnezamina/de_final_project/airflowenv/lib/python3.10/site-packages/airflow/example_dags/plugins/event_listener.py took 0.207 seconds
[2026-08-30T23:23:11.752+0330] {processor.py:186} INFO - Started process (PID=15411) to work on /home/mmirnezamina/de_final_project/airflowenv/lib/python3.10/site-packages/airflow/example_dags/plugins/event_listener.py
[2026-08-30T23:23:11.753+0330] {processor.py:914} INFO - Processing file /home/mmirnezamina/de_final_project/airflowenv/lib/python3.10/site-packages/airflow/example_dags/plugins/event_listener.py for tasks to queue
[2026-08-30T23:23:11.755+0330] {logging_mixin.py:190} INFO - [2026-08-30T23:23:11.755+0330] {dagbag.py:588} INFO - Filling up the DagBag from /home/mmirnezamina/de_final_project/airflowenv/lib/python3.10/site-packages/airflow/example_dags/plugins/event_listener.py
[2026-08-30T23:23:11.759+0330] {processor.py:927} WARNING - No viable dags retrieved from /home/mmirnezamina/de_final_project/airflowenv/lib/python3.10/site-packages/airflow/example_dags/plugins/event_listener.py
[2026-08-30T23:23:11.795+0330] {processor.py:208} INFO - Processing /home/mmirnezamina/de_final_project/airflowenv/lib/python3.10/site-packages/airflow/example_dags/plugins/event_listener.py took 0.057 seconds
[2026-08-30T23:23:41.865+0330] {processor.py:186} INFO - Started process (PID=15530) to work on /home/mmirnezamina/de_final_project/airflowenv/lib/python3.10/site-packages/airflow/example_dags/plugins/event_listener.py
[2026-08-30T23:23:41.866+0330] {processor.py:914} INFO - Processing file /home/mmirnezamina/de_final_project/airflowenv/lib/python3.10/site-packages/airflow/example_dags/plugins/event_listener.py for tasks to queue
[2026-08-30T23:23:41.868+0330] {logging_mixin.py:190} INFO - [2026-08-30T23:23:41.867+0330] {dagbag.py:588} INFO - Filling up the DagBag from /home/mmirnezamina/de_final_project/airflowenv/lib/python3.10/site-packages/airflow/example_dags/plugins/event_listener.py
[2026-08-30T23:23:41.870+0330] {processor.py:927} WARNING - No viable dags retrieved from /home/mmirnezamina/de_final_project/airflowenv/lib/python3.10/site-packages/airflow/example_dags/plugins/event_listener.py
[2026-08-30T23:23:41.892+0330] {processor.py:208} INFO - Processing /home/mmirnezamina/de_final_project/airflowenv/lib/python3.10/site-packages/airflow/example_dags/plugins/event_listener.py took 0.036 seconds
[2026-08-30T23:24:12.323+0330] {processor.py:186} INFO - Started process (PID=15648) to work on /home/mmirnezamina/de_final_project/airflowenv/lib/python3.10/site-packages/airflow/example_dags/plugins/event_listener.py
[2026-08-30T23:24:12.325+0330] {processor.py:914} INFO - Processing file /home/mmirnezamina/de_final_project/airflowenv/lib/python3.10/site-packages/airflow/example_dags/plugins/event_listener.py for tasks to queue
[2026-08-30T23:24:12.329+0330] {logging_mixin.py:190} INFO - [2026-08-30T23:24:12.328+0330] {dagbag.py:588} INFO - Filling up the DagBag from /home/mmirnezamina/de_final_project/airflowenv/lib/python3.10/site-packages/airflow/example_dags/plugins/event_listener.py
[2026-08-30T23:24:12.336+0330] {processor.py:927} WARNING - No viable dags retrieved from /home/mmirnezamina/de_final_project/airflowenv/lib/python3.10/site-packages/airflow/example_dags/plugins/event_listener.py
[2026-08-30T23:24:12.407+0330] {processor.py:208} INFO - Processing /home/mmirnezamina/de_final_project/airflowenv/lib/python3.10/site-packages/airflow/example_dags/plugins/event_listener.py took 0.123 seconds
[2026-08-30T23:24:43.283+0330] {processor.py:186} INFO - Started process (PID=15767) to work on /home/mmirnezamina/de_final_project/airflowenv/lib/python3.10/site-packages/airflow/example_dags/plugins/event_listener.py
[2026-08-30T23:24:43.286+0330] {processor.py:914} INFO - Processing file /home/mmirnezamina/de_final_project/airflowenv/lib/python3.10/site-packages/airflow/example_dags/plugins/event_listener.py for tasks to queue
[2026-08-30T23:24:43.287+0330] {logging_mixin.py:190} INFO - [2026-08-30T23:24:43.287+0330] {dagbag.py:588} INFO - Filling up the DagBag from /home/mmirnezamina/de_final_project/airflowenv/lib/python3.10/site-packages/airflow/example_dags/plugins/event_listener.py
[2026-08-30T23:24:43.290+0330] {processor.py:927} WARNING - No viable dags retrieved from /home/mmirnezamina/de_final_project/airflowenv/lib/python3.10/site-packages/airflow/example_dags/plugins/event_listener.py
[2026-08-30T23:24:43.322+0330] {processor.py:208} INFO - Processing /home/mmirnezamina/de_final_project/airflowenv/lib/python3.10/site-packages/airflow/example_dags/plugins/event_listener.py took 0.055 seconds
[2026-08-30T23:25:13.699+0330] {processor.py:186} INFO - Started process (PID=15911) to work on /home/mmirnezamina/de_final_project/airflowenv/lib/python3.10/site-packages/airflow/example_dags/plugins/event_listener.py
[2026-08-30T23:25:13.701+0330] {processor.py:914} INFO - Processing file /home/mmirnezamina/de_final_project/airflowenv/lib/python3.10/site-packages/airflow/example_dags/plugins/event_listener.py for tasks to queue
[2026-08-30T23:25:13.703+0330] {logging_mixin.py:190} INFO - [2026-08-30T23:25:13.702+0330] {dagbag.py:588} INFO - Filling up the DagBag from /home/mmirnezamina/de_final_project/airflowenv/lib/python3.10/site-packages/airflow/example_dags/plugins/event_listener.py
[2026-08-30T23:25:13.706+0330] {processor.py:927} WARNING - No viable dags retrieved from /home/mmirnezamina/de_final_project/airflowenv/lib/python3.10/site-packages/airflow/example_dags/plugins/event_listener.py
[2026-08-30T23:25:13.738+0330] {processor.py:208} INFO - Processing /home/mmirnezamina/de_final_project/airflowenv/lib/python3.10/site-packages/airflow/example_dags/plugins/event_listener.py took 0.052 seconds
[2026-08-30T23:25:44.151+0330] {processor.py:186} INFO - Started process (PID=16050) to work on /home/mmirnezamina/de_final_project/airflowenv/lib/python3.10/site-packages/airflow/example_dags/plugins/event_listener.py
[2026-08-30T23:25:44.153+0330] {processor.py:914} INFO - Processing file /home/mmirnezamina/de_final_project/airflowenv/lib/python3.10/site-packages/airflow/example_dags/plugins/event_listener.py for tasks to queue
[2026-08-30T23:25:44.154+0330] {logging_mixin.py:190} INFO - [2026-08-30T23:25:44.154+0330] {dagbag.py:588} INFO - Filling up the DagBag from /home/mmirnezamina/de_final_project/airflowenv/lib/python3.10/site-packages/airflow/example_dags/plugins/event_listener.py
[2026-08-30T23:25:44.156+0330] {processor.py:927} WARNING - No viable dags retrieved from /home/mmirnezamina/de_final_project/airflowenv/lib/python3.10/site-packages/airflow/example_dags/plugins/event_listener.py
[2026-08-30T23:25:44.180+0330] {processor.py:208} INFO - Processing /home/mmirnezamina/de_final_project/airflowenv/lib/python3.10/site-packages/airflow/example_dags/plugins/event_listener.py took 0.036 seconds
[2026-08-30T23:26:14.523+0330] {processor.py:186} INFO - Started process (PID=16168) to work on /home/mmirnezamina/de_final_project/airflowenv/lib/python3.10/site-packages/airflow/example_dags/plugins/event_listener.py
[2026-08-30T23:26:14.524+0330] {processor.py:914} INFO - Processing file /home/mmirnezamina/de_final_project/airflowenv/lib/python3.10/site-packages/airflow/example_dags/plugins/event_listener.py for tasks to queue
[2026-08-30T23:26:14.525+0330] {logging_mixin.py:190} INFO - [2026-08-30T23:26:14.525+0330] {dagbag.py:588} INFO - Filling up the DagBag from /home/mmirnezamina/de_final_project/airflowenv/lib/python3.10/site-packages/airflow/example_dags/plugins/event_listener.py
[2026-08-30T23:26:14.528+0330] {processor.py:927} WARNING - No viable dags retrieved from /home/mmirnezamina/de_final_project/airflowenv/lib/python3.10/site-packages/airflow/example_dags/plugins/event_listener.py
[2026-08-30T23:26:14.549+0330] {processor.py:208} INFO - Processing /home/mmirnezamina/de_final_project/airflowenv/lib/python3.10/site-packages/airflow/example_dags/plugins/event_listener.py took 0.034 seconds
[2026-08-30T23:26:44.729+0330] {processor.py:186} INFO - Started process (PID=16287) to work on /home/mmirnezamina/de_final_project/airflowenv/lib/python3.10/site-packages/airflow/example_dags/plugins/event_listener.py
[2026-08-30T23:26:44.731+0330] {processor.py:914} INFO - Processing file /home/mmirnezamina/de_final_project/airflowenv/lib/python3.10/site-packages/airflow/example_dags/plugins/event_listener.py for tasks to queue
[2026-08-30T23:26:44.733+0330] {logging_mixin.py:190} INFO - [2026-08-30T23:26:44.732+0330] {dagbag.py:588} INFO - Filling up the DagBag from /home/mmirnezamina/de_final_project/airflowenv/lib/python3.10/site-packages/airflow/example_dags/plugins/event_listener.py
[2026-08-30T23:26:44.735+0330] {processor.py:927} WARNING - No viable dags retrieved from /home/mmirnezamina/de_final_project/airflowenv/lib/python3.10/site-packages/airflow/example_dags/plugins/event_listener.py
[2026-08-30T23:26:44.756+0330] {processor.py:208} INFO - Processing /home/mmirnezamina/de_final_project/airflowenv/lib/python3.10/site-packages/airflow/example_dags/plugins/event_listener.py took 0.035 seconds
[2026-08-30T23:27:32.953+0330] {processor.py:186} INFO - Started process (PID=16441) to work on /home/mmirnezamina/de_final_project/airflowenv/lib/python3.10/site-packages/airflow/example_dags/plugins/event_listener.py
[2026-08-30T23:27:32.956+0330] {processor.py:914} INFO - Processing file /home/mmirnezamina/de_final_project/airflowenv/lib/python3.10/site-packages/airflow/example_dags/plugins/event_listener.py for tasks to queue
[2026-08-30T23:27:32.959+0330] {logging_mixin.py:190} INFO - [2026-08-30T23:27:32.958+0330] {dagbag.py:588} INFO - Filling up the DagBag from /home/mmirnezamina/de_final_project/airflowenv/lib/python3.10/site-packages/airflow/example_dags/plugins/event_listener.py
[2026-08-30T23:27:32.965+0330] {processor.py:927} WARNING - No viable dags retrieved from /home/mmirnezamina/de_final_project/airflowenv/lib/python3.10/site-packages/airflow/example_dags/plugins/event_listener.py
[2026-08-30T23:27:33.016+0330] {processor.py:208} INFO - Processing /home/mmirnezamina/de_final_project/airflowenv/lib/python3.10/site-packages/airflow/example_dags/plugins/event_listener.py took 0.108 seconds
