[2026-08-30T23:13:29.614+0330] {processor.py:186} INFO - Started process (PID=13100) to work on /home/mmirnezamina/de_final_project/airflowenv/lib/python3.10/site-packages/airflow/example_dags/plugins/listener_plugin.py
[2026-08-30T23:13:29.664+0330] {processor.py:914} INFO - Processing file /home/mmirnezamina/de_final_project/airflowenv/lib/python3.10/site-packages/airflow/example_dags/plugins/listener_plugin.py for tasks to queue
[2026-08-30T23:13:29.689+0330] {logging_mixin.py:190} INFO - [2026-08-30T23:13:29.688+0330] {dagbag.py:588} INFO - Filling up the DagBag from /home/mmirnezamina/de_final_project/airflowenv/lib/python3.10/site-packages/airflow/example_dags/plugins/listener_plugin.py
[2026-08-30T23:13:29.698+0330] {processor.py:927} WARNING - No viable dags retrieved from /home/mmirnezamina/de_final_project/airflowenv/lib/python3.10/site-packages/airflow/example_dags/plugins/listener_plugin.py
[2026-08-30T23:13:29.767+0330] {processor.py:208} INFO - Processing /home/mmirnezamina/de_final_project/airflowenv/lib/python3.10/site-packages/airflow/example_dags/plugins/listener_plugin.py took 0.191 seconds
[2026-08-30T23:14:00.725+0330] {processor.py:186} INFO - Started process (PID=13230) to work on /home/mmirnezamina/de_final_project/airflowenv/lib/python3.10/site-packages/airflow/example_dags/plugins/listener_plugin.py
[2026-08-30T23:14:00.727+0330] {processor.py:914} INFO - Processing file /home/mmirnezamina/de_final_project/airflowenv/lib/python3.10/site-packages/airflow/example_dags/plugins/listener_plugin.py for tasks to queue
[2026-08-30T23:14:00.729+0330] {logging_mixin.py:190} INFO - [2026-08-30T23:14:00.728+0330] {dagbag.py:588} INFO - Filling up the DagBag from /home/mmirnezamina/de_final_project/airflowenv/lib/python3.10/site-packages/airflow/example_dags/plugins/listener_plugin.py
[2026-08-30T23:14:00.733+0330] {processor.py:927} WARNING - No viable dags retrieved from /home/mmirnezamina/de_final_project/airflowenv/lib/python3.10/site-packages/airflow/example_dags/plugins/listener_plugin.py
[2026-08-30T23:14:00.768+0330] {processor.py:208} INFO - Processing /home/mmirnezamina/de_final_project/airflowenv/lib/python3.10/site-packages/airflow/example_dags/plugins/listener_plugin.py took 0.057 seconds
[2026-08-30T23:14:31.273+0330] {processor.py:186} INFO - Started process (PID=13351) to work on /home/mmirnezamina/de_final_project/airflowenv/lib/python3.10/site-packages/airflow/example_dags/plugins/listener_plugin.py
[2026-08-30T23:14:31.275+0330] {processor.py:914} INFO - Processing file /home/mmirnezamina/de_final_project/airflowenv/lib/python3.10/site-packages/airflow/example_dags/plugins/listener_plugin.py for tasks to queue
[2026-08-30T23:14:31.277+0330] {logging_mixin.py:190} INFO - [2026-08-30T23:14:31.276+0330] {dagbag.py:588} INFO - Filling up the DagBag from /home/mmirnezamina/de_final_project/airflowenv/lib/python3.10/site-packages/airflow/example_dags/plugins/listener_plugin.py
[2026-08-30T23:14:31.279+0330] {processor.py:927} WARNING - No viable dags retrieved from /home/mmirnezamina/de_final_project/airflowenv/lib/python3.10/site-packages/airflow/example_dags/plugins/listener_plugin.py
[2026-08-30T23:14:31.303+0330] {processor.py:208} INFO - Processing /home/mmirnezamina/de_final_project/airflowenv/lib/python3.10/site-packages/airflow/example_dags/plugins/listener_plugin.py took 0.040 seconds
[2026-08-30T23:15:01.570+0330] {processor.py:186} INFO - Started process (PID=13470) to work on /home/mmirnezamina/de_final_project/airflowenv/lib/python3.10/site-packages/airflow/example_dags/plugins/listener_plugin.py
[2026-08-30T23:15:01.571+0330] {processor.py:914} INFO - Processing file /home/mmirnezamina/de_final_project/airflowenv/lib/python3.10/site-packages/airflow/example_dags/plugins/listener_plugin.py for tasks to queue
[2026-08-30T23:15:01.572+0330] {logging_mixin.py:190} INFO - [2026-08-30T23:15:01.572+0330] {dagbag.py:588} INFO - Filling up the DagBag from /home/mmirnezamina/de_final_project/airflowenv/lib/python3.10/site-packages/airflow/example_dags/plugins/listener_plugin.py
[2026-08-30T23:15:01.574+0330] {processor.py:927} WARNING - No viable dags retrieved from /home/mmirnezamina/de_final_project/airflowenv/lib/python3.10/site-packages/airflow/example_dags/plugins/listener_plugin.py
[2026-08-30T23:15:01.600+0330] {processor.py:208} INFO - Processing /home/mmirnezamina/de_final_project/airflowenv/lib/python3.10/site-packages/airflow/example_dags/plugins/listener_plugin.py took 0.042 seconds
[2026-08-30T23:15:32.576+0330] {processor.py:186} INFO - Started process (PID=13589) to work on /home/mmirnezamina/de_final_project/airflowenv/lib/python3.10/site-packages/airflow/example_dags/plugins/listener_plugin.py
[2026-08-30T23:15:32.582+0330] {processor.py:914} INFO - Processing file /home/mmirnezamina/de_final_project/airflowenv/lib/python3.10/site-packages/airflow/example_dags/plugins/listener_plugin.py for tasks to queue
[2026-08-30T23:15:32.590+0330] {logging_mixin.py:190} INFO - [2026-08-30T23:15:32.588+0330] {dagbag.py:588} INFO - Filling up the DagBag from /home/mmirnezamina/de_final_project/airflowenv/lib/python3.10/site-packages/airflow/example_dags/plugins/listener_plugin.py
[2026-08-30T23:15:32.601+0330] {processor.py:927} WARNING - No viable dags retrieved from /home/mmirnezamina/de_final_project/airflowenv/lib/python3.10/site-packages/airflow/example_dags/plugins/listener_plugin.py
[2026-08-30T23:15:32.704+0330] {processor.py:208} INFO - Processing /home/mmirnezamina/de_final_project/airflowenv/lib/python3.10/site-packages/airflow/example_dags/plugins/listener_plugin.py took 0.167 seconds
[2026-08-30T23:16:02.921+0330] {processor.py:186} INFO - Started process (PID=13708) to work on /home/mmirnezamina/de_final_project/airflowenv/lib/python3.10/site-packages/airflow/example_dags/plugins/listener_plugin.py
[2026-08-30T23:16:02.922+0330] {processor.py:914} INFO - Processing file /home/mmirnezamina/de_final_project/airflowenv/lib/python3.10/site-packages/airflow/example_dags/plugins/listener_plugin.py for tasks to queue
[2026-08-30T23:16:02.931+0330] {logging_mixin.py:190} INFO - [2026-08-30T23:16:02.928+0330] {dagbag.py:588} INFO - Filling up the DagBag from /home/mmirnezamina/de_final_project/airflowenv/lib/python3.10/site-packages/airflow/example_dags/plugins/listener_plugin.py
[2026-08-30T23:16:02.945+0330] {processor.py:927} WARNING - No viable dags retrieved from /home/mmirnezamina/de_final_project/airflowenv/lib/python3.10/site-packages/airflow/example_dags/plugins/listener_plugin.py
[2026-08-30T23:16:03.089+0330] {processor.py:208} INFO - Processing /home/mmirnezamina/de_final_project/airflowenv/lib/python3.10/site-packages/airflow/example_dags/plugins/listener_plugin.py took 0.183 seconds
[2026-08-30T23:16:33.388+0330] {processor.py:186} INFO - Started process (PID=13818) to work on /home/mmirnezamina/de_final_project/airflowenv/lib/python3.10/site-packages/airflow/example_dags/plugins/listener_plugin.py
[2026-08-30T23:16:33.391+0330] {processor.py:914} INFO - Processing file /home/mmirnezamina/de_final_project/airflowenv/lib/python3.10/site-packages/airflow/example_dags/plugins/listener_plugin.py for tasks to queue
[2026-08-30T23:16:33.394+0330] {logging_mixin.py:190} INFO - [2026-08-30T23:16:33.394+0330] {dagbag.py:588} INFO - Filling up the DagBag from /home/mmirnezamina/de_final_project/airflowenv/lib/python3.10/site-packages/airflow/example_dags/plugins/listener_plugin.py
[2026-08-30T23:16:33.400+0330] {processor.py:927} WARNING - No viable dags retrieved from /home/mmirnezamina/de_final_project/airflowenv/lib/python3.10/site-packages/airflow/example_dags/plugins/listener_plugin.py
[2026-08-30T23:16:33.458+0330] {processor.py:208} INFO - Processing /home/mmirnezamina/de_final_project/airflowenv/lib/python3.10/site-packages/airflow/example_dags/plugins/listener_plugin.py took 0.097 seconds
[2026-08-30T23:17:03.667+0330] {processor.py:186} INFO - Started process (PID=13984) to work on /home/mmirnezamina/de_final_project/airflowenv/lib/python3.10/site-packages/airflow/example_dags/plugins/listener_plugin.py
[2026-08-30T23:17:03.670+0330] {processor.py:914} INFO - Processing file /home/mmirnezamina/de_final_project/airflowenv/lib/python3.10/site-packages/airflow/example_dags/plugins/listener_plugin.py for tasks to queue
[2026-08-30T23:17:03.673+0330] {logging_mixin.py:190} INFO - [2026-08-30T23:17:03.672+0330] {dagbag.py:588} INFO - Filling up the DagBag from /home/mmirnezamina/de_final_project/airflowenv/lib/python3.10/site-packages/airflow/example_dags/plugins/listener_plugin.py
[2026-08-30T23:17:03.679+0330] {processor.py:927} WARNING - No viable dags retrieved from /home/mmirnezamina/de_final_project/airflowenv/lib/python3.10/site-packages/airflow/example_dags/plugins/listener_plugin.py
[2026-08-30T23:17:03.742+0330] {processor.py:208} INFO - Processing /home/mmirnezamina/de_final_project/airflowenv/lib/python3.10/site-packages/airflow/example_dags/plugins/listener_plugin.py took 0.110 seconds
[2026-08-30T23:17:35.416+0330] {processor.py:186} INFO - Started process (PID=14108) to work on /home/mmirnezamina/de_final_project/airflowenv/lib/python3.10/site-packages/airflow/example_dags/plugins/listener_plugin.py
[2026-08-30T23:17:35.422+0330] {processor.py:914} INFO - Processing file /home/mmirnezamina/de_final_project/airflowenv/lib/python3.10/site-packages/airflow/example_dags/plugins/listener_plugin.py for tasks to queue
[2026-08-30T23:17:35.432+0330] {logging_mixin.py:190} INFO - [2026-08-30T23:17:35.430+0330] {dagbag.py:588} INFO - Filling up the DagBag from /home/mmirnezamina/de_final_project/airflowenv/lib/python3.10/site-packages/airflow/example_dags/plugins/listener_plugin.py
[2026-08-30T23:17:35.445+0330] {processor.py:927} WARNING - No viable dags retrieved from /home/mmirnezamina/de_final_project/airflowenv/lib/python3.10/site-packages/airflow/example_dags/plugins/listener_plugin.py
[2026-08-30T23:17:35.580+0330] {processor.py:208} INFO - Processing /home/mmirnezamina/de_final_project/airflowenv/lib/python3.10/site-packages/airflow/example_dags/plugins/listener_plugin.py took 0.200 seconds
[2026-08-30T23:18:05.917+0330] {processor.py:186} INFO - Started process (PID=14223) to work on /home/mmirnezamina/de_final_project/airflowenv/lib/python3.10/site-packages/airflow/example_dags/plugins/listener_plugin.py
[2026-08-30T23:18:05.920+0330] {processor.py:914} INFO - Processing file /home/mmirnezamina/de_final_project/airflowenv/lib/python3.10/site-packages/airflow/example_dags/plugins/listener_plugin.py for tasks to queue
[2026-08-30T23:18:05.930+0330] {logging_mixin.py:190} INFO - [2026-08-30T23:18:05.929+0330] {dagbag.py:588} INFO - Filling up the DagBag from /home/mmirnezamina/de_final_project/airflowenv/lib/python3.10/site-packages/airflow/example_dags/plugins/listener_plugin.py
[2026-08-30T23:18:05.938+0330] {processor.py:927} WARNING - No viable dags retrieved from /home/mmirnezamina/de_final_project/airflowenv/lib/python3.10/site-packages/airflow/example_dags/plugins/listener_plugin.py
[2026-08-30T23:18:06.034+0330] {processor.py:208} INFO - Processing /home/mmirnezamina/de_final_project/airflowenv/lib/python3.10/site-packages/airflow/example_dags/plugins/listener_plugin.py took 0.155 seconds
[2026-08-30T23:18:36.297+0330] {processor.py:186} INFO - Started process (PID=14336) to work on /home/mmirnezamina/de_final_project/airflowenv/lib/python3.10/site-packages/airflow/example_dags/plugins/listener_plugin.py
[2026-08-30T23:18:36.298+0330] {processor.py:914} INFO - Processing file /home/mmirnezamina/de_final_project/airflowenv/lib/python3.10/site-packages/airflow/example_dags/plugins/listener_plugin.py for tasks to queue
[2026-08-30T23:18:36.300+0330] {logging_mixin.py:190} INFO - [2026-08-30T23:18:36.300+0330] {dagbag.py:588} INFO - Filling up the DagBag from /home/mmirnezamina/de_final_project/airflowenv/lib/python3.10/site-packages/airflow/example_dags/plugins/listener_plugin.py
[2026-08-30T23:18:36.303+0330] {processor.py:927} WARNING - No viable dags retrieved from /home/mmirnezamina/de_final_project/airflowenv/lib/python3.10/site-packages/airflow/example_dags/plugins/listener_plugin.py
[2026-08-30T23:18:36.326+0330] {processor.py:208} INFO - Processing /home/mmirnezamina/de_final_project/airflowenv/lib/python3.10/site-packages/airflow/example_dags/plugins/listener_plugin.py took 0.040 seconds
[2026-08-30T23:19:06.671+0330] {processor.py:186} INFO - Started process (PID=14456) to work on /home/mmirnezamina/de_final_project/airflowenv/lib/python3.10/site-packages/airflow/example_dags/plugins/listener_plugin.py
[2026-08-30T23:19:06.672+0330] {processor.py:914} INFO - Processing file /home/mmirnezamina/de_final_project/airflowenv/lib/python3.10/site-packages/airflow/example_dags/plugins/listener_plugin.py for tasks to queue
[2026-08-30T23:19:06.673+0330] {logging_mixin.py:190} INFO - [2026-08-30T23:19:06.673+0330] {dagbag.py:588} INFO - Filling up the DagBag from /home/mmirnezamina/de_final_project/airflowenv/lib/python3.10/site-packages/airflow/example_dags/plugins/listener_plugin.py
[2026-08-30T23:19:06.675+0330] {processor.py:927} WARNING - No viable dags retrieved from /home/mmirnezamina/de_final_project/airflowenv/lib/python3.10/site-packages/airflow/example_dags/plugins/listener_plugin.py
[2026-08-30T23:19:06.695+0330] {processor.py:208} INFO - Processing /home/mmirnezamina/de_final_project/airflowenv/lib/python3.10/site-packages/airflow/example_dags/plugins/listener_plugin.py took 0.031 seconds
[2026-08-30T23:19:37.010+0330] {processor.py:186} INFO - Started process (PID=14575) to work on /home/mmirnezamina/de_final_project/airflowenv/lib/python3.10/site-packages/airflow/example_dags/plugins/listener_plugin.py
[2026-08-30T23:19:37.011+0330] {processor.py:914} INFO - Processing file /home/mmirnezamina/de_final_project/airflowenv/lib/python3.10/site-packages/airflow/example_dags/plugins/listener_plugin.py for tasks to queue
[2026-08-30T23:19:37.013+0330] {logging_mixin.py:190} INFO - [2026-08-30T23:19:37.013+0330] {dagbag.py:588} INFO - Filling up the DagBag from /home/mmirnezamina/de_final_project/airflowenv/lib/python3.10/site-packages/airflow/example_dags/plugins/listener_plugin.py
[2026-08-30T23:19:37.015+0330] {processor.py:927} WARNING - No viable dags retrieved from /home/mmirnezamina/de_final_project/airflowenv/lib/python3.10/site-packages/airflow/example_dags/plugins/listener_plugin.py
[2026-08-30T23:19:37.039+0330] {processor.py:208} INFO - Processing /home/mmirnezamina/de_final_project/airflowenv/lib/python3.10/site-packages/airflow/example_dags/plugins/listener_plugin.py took 0.038 seconds
[2026-08-30T23:20:07.577+0330] {processor.py:186} INFO - Started process (PID=14693) to work on /home/mmirnezamina/de_final_project/airflowenv/lib/python3.10/site-packages/airflow/example_dags/plugins/listener_plugin.py
[2026-08-30T23:20:07.577+0330] {processor.py:914} INFO - Processing file /home/mmirnezamina/de_final_project/airflowenv/lib/python3.10/site-packages/airflow/example_dags/plugins/listener_plugin.py for tasks to queue
[2026-08-30T23:20:07.578+0330] {logging_mixin.py:190} INFO - [2026-08-30T23:20:07.578+0330] {dagbag.py:588} INFO - Filling up the DagBag from /home/mmirnezamina/de_final_project/airflowenv/lib/python3.10/site-packages/airflow/example_dags/plugins/listener_plugin.py
[2026-08-30T23:20:07.598+0330] {processor.py:927} WARNING - No viable dags retrieved from /home/mmirnezamina/de_final_project/airflowenv/lib/python3.10/site-packages/airflow/example_dags/plugins/listener_plugin.py
[2026-08-30T23:20:07.618+0330] {processor.py:208} INFO - Processing /home/mmirnezamina/de_final_project/airflowenv/lib/python3.10/site-packages/airflow/example_dags/plugins/listener_plugin.py took 0.048 seconds
[2026-08-30T23:20:38.021+0330] {processor.py:186} INFO - Started process (PID=14816) to work on /home/mmirnezamina/de_final_project/airflowenv/lib/python3.10/site-packages/airflow/example_dags/plugins/listener_plugin.py
[2026-08-30T23:20:38.023+0330] {processor.py:914} INFO - Processing file /home/mmirnezamina/de_final_project/airflowenv/lib/python3.10/site-packages/airflow/example_dags/plugins/listener_plugin.py for tasks to queue
[2026-08-30T23:20:38.024+0330] {logging_mixin.py:190} INFO - [2026-08-30T23:20:38.024+0330] {dagbag.py:588} INFO - Filling up the DagBag from /home/mmirnezamina/de_final_project/airflowenv/lib/python3.10/site-packages/airflow/example_dags/plugins/listener_plugin.py
[2026-08-30T23:20:38.026+0330] {processor.py:927} WARNING - No viable dags retrieved from /home/mmirnezamina/de_final_project/airflowenv/lib/python3.10/site-packages/airflow/example_dags/plugins/listener_plugin.py
[2026-08-30T23:20:38.043+0330] {processor.py:208} INFO - Processing /home/mmirnezamina/de_final_project/airflowenv/lib/python3.10/site-packages/airflow/example_dags/plugins/listener_plugin.py took 0.028 seconds
[2026-08-30T23:21:08.423+0330] {processor.py:186} INFO - Started process (PID=14934) to work on /home/mmirnezamina/de_final_project/airflowenv/lib/python3.10/site-packages/airflow/example_dags/plugins/listener_plugin.py
[2026-08-30T23:21:08.424+0330] {processor.py:914} INFO - Processing file /home/mmirnezamina/de_final_project/airflowenv/lib/python3.10/site-packages/airflow/example_dags/plugins/listener_plugin.py for tasks to queue
[2026-08-30T23:21:08.425+0330] {logging_mixin.py:190} INFO - [2026-08-30T23:21:08.425+0330] {dagbag.py:588} INFO - Filling up the DagBag from /home/mmirnezamina/de_final_project/airflowenv/lib/python3.10/site-packages/airflow/example_dags/plugins/listener_plugin.py
[2026-08-30T23:21:08.427+0330] {processor.py:927} WARNING - No viable dags retrieved from /home/mmirnezamina/de_final_project/airflowenv/lib/python3.10/site-packages/airflow/example_dags/plugins/listener_plugin.py
[2026-08-30T23:21:08.446+0330] {processor.py:208} INFO - Processing /home/mmirnezamina/de_final_project/airflowenv/lib/python3.10/site-packages/airflow/example_dags/plugins/listener_plugin.py took 0.029 seconds
[2026-08-30T23:21:39.225+0330] {processor.py:186} INFO - Started process (PID=15053) to work on /home/mmirnezamina/de_final_project/airflowenv/lib/python3.10/site-packages/airflow/example_dags/plugins/listener_plugin.py
[2026-08-30T23:21:39.230+0330] {processor.py:914} INFO - Processing file /home/mmirnezamina/de_final_project/airflowenv/lib/python3.10/site-packages/airflow/example_dags/plugins/listener_plugin.py for tasks to queue
[2026-08-30T23:21:39.232+0330] {logging_mixin.py:190} INFO - [2026-08-30T23:21:39.231+0330] {dagbag.py:588} INFO - Filling up the DagBag from /home/mmirnezamina/de_final_project/airflowenv/lib/python3.10/site-packages/airflow/example_dags/plugins/listener_plugin.py
[2026-08-30T23:21:39.233+0330] {processor.py:927} WARNING - No viable dags retrieved from /home/mmirnezamina/de_final_project/airflowenv/lib/python3.10/site-packages/airflow/example_dags/plugins/listener_plugin.py
[2026-08-30T23:21:39.253+0330] {processor.py:208} INFO - Processing /home/mmirnezamina/de_final_project/airflowenv/lib/python3.10/site-packages/airflow/example_dags/plugins/listener_plugin.py took 0.035 seconds
[2026-08-30T23:22:09.298+0330] {processor.py:186} INFO - Started process (PID=15172) to work on /home/mmirnezamina/de_final_project/airflowenv/lib/python3.10/site-packages/airflow/example_dags/plugins/listener_plugin.py
[2026-08-30T23:22:09.299+0330] {processor.py:914} INFO - Processing file /home/mmirnezamina/de_final_project/airflowenv/lib/python3.10/site-packages/airflow/example_dags/plugins/listener_plugin.py for tasks to queue
[2026-08-30T23:22:09.300+0330] {logging_mixin.py:190} INFO - [2026-08-30T23:22:09.300+0330] {dagbag.py:588} INFO - Filling up the DagBag from /home/mmirnezamina/de_final_project/airflowenv/lib/python3.10/site-packages/airflow/example_dags/plugins/listener_plugin.py
[2026-08-30T23:22:09.302+0330] {processor.py:927} WARNING - No viable dags retrieved from /home/mmirnezamina/de_final_project/airflowenv/lib/python3.10/site-packages/airflow/example_dags/plugins/listener_plugin.py
[2026-08-30T23:22:09.324+0330] {processor.py:208} INFO - Processing /home/mmirnezamina/de_final_project/airflowenv/lib/python3.10/site-packages/airflow/example_dags/plugins/listener_plugin.py took 0.033 seconds
[2026-08-30T23:22:40.075+0330] {processor.py:186} INFO - Started process (PID=15291) to work on /home/mmirnezamina/de_final_project/airflowenv/lib/python3.10/site-packages/airflow/example_dags/plugins/listener_plugin.py
[2026-08-30T23:22:40.078+0330] {processor.py:914} INFO - Processing file /home/mmirnezamina/de_final_project/airflowenv/lib/python3.10/site-packages/airflow/example_dags/plugins/listener_plugin.py for tasks to queue
[2026-08-30T23:22:40.079+0330] {logging_mixin.py:190} INFO - [2026-08-30T23:22:40.079+0330] {dagbag.py:588} INFO - Filling up the DagBag from /home/mmirnezamina/de_final_project/airflowenv/lib/python3.10/site-packages/airflow/example_dags/plugins/listener_plugin.py
[2026-08-30T23:22:40.083+0330] {processor.py:927} WARNING - No viable dags retrieved from /home/mmirnezamina/de_final_project/airflowenv/lib/python3.10/site-packages/airflow/example_dags/plugins/listener_plugin.py
[2026-08-30T23:22:40.123+0330] {processor.py:208} INFO - Processing /home/mmirnezamina/de_final_project/airflowenv/lib/python3.10/site-packages/airflow/example_dags/plugins/listener_plugin.py took 0.062 seconds
[2026-08-30T23:23:10.739+0330] {processor.py:186} INFO - Started process (PID=15409) to work on /home/mmirnezamina/de_final_project/airflowenv/lib/python3.10/site-packages/airflow/example_dags/plugins/listener_plugin.py
[2026-08-30T23:23:10.740+0330] {processor.py:914} INFO - Processing file /home/mmirnezamina/de_final_project/airflowenv/lib/python3.10/site-packages/airflow/example_dags/plugins/listener_plugin.py for tasks to queue
[2026-08-30T23:23:10.743+0330] {logging_mixin.py:190} INFO - [2026-08-30T23:23:10.742+0330] {dagbag.py:588} INFO - Filling up the DagBag from /home/mmirnezamina/de_final_project/airflowenv/lib/python3.10/site-packages/airflow/example_dags/plugins/listener_plugin.py
[2026-08-30T23:23:10.753+0330] {processor.py:927} WARNING - No viable dags retrieved from /home/mmirnezamina/de_final_project/airflowenv/lib/python3.10/site-packages/airflow/example_dags/plugins/listener_plugin.py
[2026-08-30T23:23:10.800+0330] {processor.py:208} INFO - Processing /home/mmirnezamina/de_final_project/airflowenv/lib/python3.10/site-packages/airflow/example_dags/plugins/listener_plugin.py took 0.080 seconds
[2026-08-30T23:23:40.852+0330] {processor.py:186} INFO - Started process (PID=15528) to work on /home/mmirnezamina/de_final_project/airflowenv/lib/python3.10/site-packages/airflow/example_dags/plugins/listener_plugin.py
[2026-08-30T23:23:40.854+0330] {processor.py:914} INFO - Processing file /home/mmirnezamina/de_final_project/airflowenv/lib/python3.10/site-packages/airflow/example_dags/plugins/listener_plugin.py for tasks to queue
[2026-08-30T23:23:40.855+0330] {logging_mixin.py:190} INFO - [2026-08-30T23:23:40.855+0330] {dagbag.py:588} INFO - Filling up the DagBag from /home/mmirnezamina/de_final_project/airflowenv/lib/python3.10/site-packages/airflow/example_dags/plugins/listener_plugin.py
[2026-08-30T23:23:40.858+0330] {processor.py:927} WARNING - No viable dags retrieved from /home/mmirnezamina/de_final_project/airflowenv/lib/python3.10/site-packages/airflow/example_dags/plugins/listener_plugin.py
[2026-08-30T23:23:40.884+0330] {processor.py:208} INFO - Processing /home/mmirnezamina/de_final_project/airflowenv/lib/python3.10/site-packages/airflow/example_dags/plugins/listener_plugin.py took 0.041 seconds
[2026-08-30T23:24:11.073+0330] {processor.py:186} INFO - Started process (PID=15646) to work on /home/mmirnezamina/de_final_project/airflowenv/lib/python3.10/site-packages/airflow/example_dags/plugins/listener_plugin.py
[2026-08-30T23:24:11.076+0330] {processor.py:914} INFO - Processing file /home/mmirnezamina/de_final_project/airflowenv/lib/python3.10/site-packages/airflow/example_dags/plugins/listener_plugin.py for tasks to queue
[2026-08-30T23:24:11.082+0330] {logging_mixin.py:190} INFO - [2026-08-30T23:24:11.080+0330] {dagbag.py:588} INFO - Filling up the DagBag from /home/mmirnezamina/de_final_project/airflowenv/lib/python3.10/site-packages/airflow/example_dags/plugins/listener_plugin.py
[2026-08-30T23:24:11.096+0330] {processor.py:927} WARNING - No viable dags retrieved from /home/mmirnezamina/de_final_project/airflowenv/lib/python3.10/site-packages/airflow/example_dags/plugins/listener_plugin.py
[2026-08-30T23:24:11.189+0330] {processor.py:208} INFO - Processing /home/mmirnezamina/de_final_project/airflowenv/lib/python3.10/site-packages/airflow/example_dags/plugins/listener_plugin.py took 0.156 seconds
[2026-08-30T23:24:42.168+0330] {processor.py:186} INFO - Started process (PID=15763) to work on /home/mmirnezamina/de_final_project/airflowenv/lib/python3.10/site-packages/airflow/example_dags/plugins/listener_plugin.py
[2026-08-30T23:24:42.170+0330] {processor.py:914} INFO - Processing file /home/mmirnezamina/de_final_project/airflowenv/lib/python3.10/site-packages/airflow/example_dags/plugins/listener_plugin.py for tasks to queue
[2026-08-30T23:24:42.173+0330] {logging_mixin.py:190} INFO - [2026-08-30T23:24:42.172+0330] {dagbag.py:588} INFO - Filling up the DagBag from /home/mmirnezamina/de_final_project/airflowenv/lib/python3.10/site-packages/airflow/example_dags/plugins/listener_plugin.py
[2026-08-30T23:24:42.179+0330] {processor.py:927} WARNING - No viable dags retrieved from /home/mmirnezamina/de_final_project/airflowenv/lib/python3.10/site-packages/airflow/example_dags/plugins/listener_plugin.py
[2026-08-30T23:24:42.232+0330] {processor.py:208} INFO - Processing /home/mmirnezamina/de_final_project/airflowenv/lib/python3.10/site-packages/airflow/example_dags/plugins/listener_plugin.py took 0.084 seconds
[2026-08-30T23:25:12.612+0330] {processor.py:186} INFO - Started process (PID=15906) to work on /home/mmirnezamina/de_final_project/airflowenv/lib/python3.10/site-packages/airflow/example_dags/plugins/listener_plugin.py
[2026-08-30T23:25:12.613+0330] {processor.py:914} INFO - Processing file /home/mmirnezamina/de_final_project/airflowenv/lib/python3.10/site-packages/airflow/example_dags/plugins/listener_plugin.py for tasks to queue
[2026-08-30T23:25:12.615+0330] {logging_mixin.py:190} INFO - [2026-08-30T23:25:12.615+0330] {dagbag.py:588} INFO - Filling up the DagBag from /home/mmirnezamina/de_final_project/airflowenv/lib/python3.10/site-packages/airflow/example_dags/plugins/listener_plugin.py
[2026-08-30T23:25:12.620+0330] {processor.py:927} WARNING - No viable dags retrieved from /home/mmirnezamina/de_final_project/airflowenv/lib/python3.10/site-packages/airflow/example_dags/plugins/listener_plugin.py
[2026-08-30T23:25:12.648+0330] {processor.py:208} INFO - Processing /home/mmirnezamina/de_final_project/airflowenv/lib/python3.10/site-packages/airflow/example_dags/plugins/listener_plugin.py took 0.047 seconds
[2026-08-30T23:25:43.090+0330] {processor.py:186} INFO - Started process (PID=16045) to work on /home/mmirnezamina/de_final_project/airflowenv/lib/python3.10/site-packages/airflow/example_dags/plugins/listener_plugin.py
[2026-08-30T23:25:43.091+0330] {processor.py:914} INFO - Processing file /home/mmirnezamina/de_final_project/airflowenv/lib/python3.10/site-packages/airflow/example_dags/plugins/listener_plugin.py for tasks to queue
[2026-08-30T23:25:43.093+0330] {logging_mixin.py:190} INFO - [2026-08-30T23:25:43.092+0330] {dagbag.py:588} INFO - Filling up the DagBag from /home/mmirnezamina/de_final_project/airflowenv/lib/python3.10/site-packages/airflow/example_dags/plugins/listener_plugin.py
[2026-08-30T23:25:43.095+0330] {processor.py:927} WARNING - No viable dags retrieved from /home/mmirnezamina/de_final_project/airflowenv/lib/python3.10/site-packages/airflow/example_dags/plugins/listener_plugin.py
[2026-08-30T23:25:43.117+0330] {processor.py:208} INFO - Processing /home/mmirnezamina/de_final_project/airflowenv/lib/python3.10/site-packages/airflow/example_dags/plugins/listener_plugin.py took 0.036 seconds
[2026-08-30T23:26:13.465+0330] {processor.py:186} INFO - Started process (PID=16163) to work on /home/mmirnezamina/de_final_project/airflowenv/lib/python3.10/site-packages/airflow/example_dags/plugins/listener_plugin.py
[2026-08-30T23:26:13.465+0330] {processor.py:914} INFO - Processing file /home/mmirnezamina/de_final_project/airflowenv/lib/python3.10/site-packages/airflow/example_dags/plugins/listener_plugin.py for tasks to queue
[2026-08-30T23:26:13.466+0330] {logging_mixin.py:190} INFO - [2026-08-30T23:26:13.466+0330] {dagbag.py:588} INFO - Filling up the DagBag from /home/mmirnezamina/de_final_project/airflowenv/lib/python3.10/site-packages/airflow/example_dags/plugins/listener_plugin.py
[2026-08-30T23:26:13.468+0330] {processor.py:927} WARNING - No viable dags retrieved from /home/mmirnezamina/de_final_project/airflowenv/lib/python3.10/site-packages/airflow/example_dags/plugins/listener_plugin.py
[2026-08-30T23:26:13.491+0330] {processor.py:208} INFO - Processing /home/mmirnezamina/de_final_project/airflowenv/lib/python3.10/site-packages/airflow/example_dags/plugins/listener_plugin.py took 0.034 seconds
[2026-08-30T23:26:43.665+0330] {processor.py:186} INFO - Started process (PID=16282) to work on /home/mmirnezamina/de_final_project/airflowenv/lib/python3.10/site-packages/airflow/example_dags/plugins/listener_plugin.py
[2026-08-30T23:26:43.667+0330] {processor.py:914} INFO - Processing file /home/mmirnezamina/de_final_project/airflowenv/lib/python3.10/site-packages/airflow/example_dags/plugins/listener_plugin.py for tasks to queue
[2026-08-30T23:26:43.668+0330] {logging_mixin.py:190} INFO - [2026-08-30T23:26:43.668+0330] {dagbag.py:588} INFO - Filling up the DagBag from /home/mmirnezamina/de_final_project/airflowenv/lib/python3.10/site-packages/airflow/example_dags/plugins/listener_plugin.py
[2026-08-30T23:26:43.670+0330] {processor.py:927} WARNING - No viable dags retrieved from /home/mmirnezamina/de_final_project/airflowenv/lib/python3.10/site-packages/airflow/example_dags/plugins/listener_plugin.py
[2026-08-30T23:26:43.695+0330] {processor.py:208} INFO - Processing /home/mmirnezamina/de_final_project/airflowenv/lib/python3.10/site-packages/airflow/example_dags/plugins/listener_plugin.py took 0.038 seconds
[2026-08-30T23:27:31.517+0330] {processor.py:186} INFO - Started process (PID=16440) to work on /home/mmirnezamina/de_final_project/airflowenv/lib/python3.10/site-packages/airflow/example_dags/plugins/listener_plugin.py
[2026-08-30T23:27:31.528+0330] {processor.py:914} INFO - Processing file /home/mmirnezamina/de_final_project/airflowenv/lib/python3.10/site-packages/airflow/example_dags/plugins/listener_plugin.py for tasks to queue
[2026-08-30T23:27:31.535+0330] {logging_mixin.py:190} INFO - [2026-08-30T23:27:31.533+0330] {dagbag.py:588} INFO - Filling up the DagBag from /home/mmirnezamina/de_final_project/airflowenv/lib/python3.10/site-packages/airflow/example_dags/plugins/listener_plugin.py
[2026-08-30T23:27:31.552+0330] {processor.py:927} WARNING - No viable dags retrieved from /home/mmirnezamina/de_final_project/airflowenv/lib/python3.10/site-packages/airflow/example_dags/plugins/listener_plugin.py
[2026-08-30T23:27:31.651+0330] {processor.py:208} INFO - Processing /home/mmirnezamina/de_final_project/airflowenv/lib/python3.10/site-packages/airflow/example_dags/plugins/listener_plugin.py took 0.200 seconds
