[2026-08-30T23:13:29.377+0330] {processor.py:186} INFO - Started process (PID=13097) to work on /home/mmirnezamina/de_final_project/airflowenv/lib/python3.10/site-packages/airflow/example_dags/plugins/workday.py
[2026-08-30T23:13:29.410+0330] {processor.py:914} INFO - Processing file /home/mmirnezamina/de_final_project/airflowenv/lib/python3.10/site-packages/airflow/example_dags/plugins/workday.py for tasks to queue
[2026-08-30T23:13:29.424+0330] {logging_mixin.py:190} INFO - [2026-08-30T23:13:29.420+0330] {dagbag.py:588} INFO - Filling up the DagBag from /home/mmirnezamina/de_final_project/airflowenv/lib/python3.10/site-packages/airflow/example_dags/plugins/workday.py
[2026-08-30T23:13:29.459+0330] {logging_mixin.py:190} INFO - [2026-08-30T23:13:29.458+0330] {workday.py:41} WARNING - Could not import pandas. Holidays will not be considered.
[2026-08-30T23:13:29.465+0330] {processor.py:927} WARNING - No viable dags retrieved from /home/mmirnezamina/de_final_project/airflowenv/lib/python3.10/site-packages/airflow/example_dags/plugins/workday.py
[2026-08-30T23:13:29.528+0330] {processor.py:208} INFO - Processing /home/mmirnezamina/de_final_project/airflowenv/lib/python3.10/site-packages/airflow/example_dags/plugins/workday.py took 0.196 seconds
[2026-08-30T23:13:59.639+0330] {processor.py:186} INFO - Started process (PID=13227) to work on /home/mmirnezamina/de_final_project/airflowenv/lib/python3.10/site-packages/airflow/example_dags/plugins/workday.py
[2026-08-30T23:13:59.641+0330] {processor.py:914} INFO - Processing file /home/mmirnezamina/de_final_project/airflowenv/lib/python3.10/site-packages/airflow/example_dags/plugins/workday.py for tasks to queue
[2026-08-30T23:13:59.644+0330] {logging_mixin.py:190} INFO - [2026-08-30T23:13:59.643+0330] {dagbag.py:588} INFO - Filling up the DagBag from /home/mmirnezamina/de_final_project/airflowenv/lib/python3.10/site-packages/airflow/example_dags/plugins/workday.py
[2026-08-30T23:13:59.648+0330] {logging_mixin.py:190} INFO - [2026-08-30T23:13:59.648+0330] {workday.py:41} WARNING - Could not import pandas. Holidays will not be considered.
[2026-08-30T23:13:59.649+0330] {processor.py:927} WARNING - No viable dags retrieved from /home/mmirnezamina/de_final_project/airflowenv/lib/python3.10/site-packages/airflow/example_dags/plugins/workday.py
[2026-08-30T23:13:59.686+0330] {processor.py:208} INFO - Processing /home/mmirnezamina/de_final_project/airflowenv/lib/python3.10/site-packages/airflow/example_dags/plugins/workday.py took 0.066 seconds
[2026-08-30T23:14:30.211+0330] {processor.py:186} INFO - Started process (PID=13348) to work on /home/mmirnezamina/de_final_project/airflowenv/lib/python3.10/site-packages/airflow/example_dags/plugins/workday.py
[2026-08-30T23:14:30.213+0330] {processor.py:914} INFO - Processing file /home/mmirnezamina/de_final_project/airflowenv/lib/python3.10/site-packages/airflow/example_dags/plugins/workday.py for tasks to queue
[2026-08-30T23:14:30.215+0330] {logging_mixin.py:190} INFO - [2026-08-30T23:14:30.214+0330] {dagbag.py:588} INFO - Filling up the DagBag from /home/mmirnezamina/de_final_project/airflowenv/lib/python3.10/site-packages/airflow/example_dags/plugins/workday.py
[2026-08-30T23:14:30.218+0330] {logging_mixin.py:190} INFO - [2026-08-30T23:14:30.218+0330] {workday.py:41} WARNING - Could not import pandas. Holidays will not be considered.
[2026-08-30T23:14:30.219+0330] {processor.py:927} WARNING - No viable dags retrieved from /home/mmirnezamina/de_final_project/airflowenv/lib/python3.10/site-packages/airflow/example_dags/plugins/workday.py
[2026-08-30T23:14:30.248+0330] {processor.py:208} INFO - Processing /home/mmirnezamina/de_final_project/airflowenv/lib/python3.10/site-packages/airflow/example_dags/plugins/workday.py took 0.052 seconds
[2026-08-30T23:15:00.568+0330] {processor.py:186} INFO - Started process (PID=13468) to work on /home/mmirnezamina/de_final_project/airflowenv/lib/python3.10/site-packages/airflow/example_dags/plugins/workday.py
[2026-08-30T23:15:00.571+0330] {processor.py:914} INFO - Processing file /home/mmirnezamina/de_final_project/airflowenv/lib/python3.10/site-packages/airflow/example_dags/plugins/workday.py for tasks to queue
[2026-08-30T23:15:00.575+0330] {logging_mixin.py:190} INFO - [2026-08-30T23:15:00.574+0330] {dagbag.py:588} INFO - Filling up the DagBag from /home/mmirnezamina/de_final_project/airflowenv/lib/python3.10/site-packages/airflow/example_dags/plugins/workday.py
[2026-08-30T23:15:00.583+0330] {logging_mixin.py:190} INFO - [2026-08-30T23:15:00.582+0330] {workday.py:41} WARNING - Could not import pandas. Holidays will not be considered.
[2026-08-30T23:15:00.584+0330] {processor.py:927} WARNING - No viable dags retrieved from /home/mmirnezamina/de_final_project/airflowenv/lib/python3.10/site-packages/airflow/example_dags/plugins/workday.py
[2026-08-30T23:15:00.638+0330] {processor.py:208} INFO - Processing /home/mmirnezamina/de_final_project/airflowenv/lib/python3.10/site-packages/airflow/example_dags/plugins/workday.py took 0.095 seconds
[2026-08-30T23:15:31.311+0330] {processor.py:186} INFO - Started process (PID=13579) to work on /home/mmirnezamina/de_final_project/airflowenv/lib/python3.10/site-packages/airflow/example_dags/plugins/workday.py
[2026-08-30T23:15:31.315+0330] {processor.py:914} INFO - Processing file /home/mmirnezamina/de_final_project/airflowenv/lib/python3.10/site-packages/airflow/example_dags/plugins/workday.py for tasks to queue
[2026-08-30T23:15:31.319+0330] {logging_mixin.py:190} INFO - [2026-08-30T23:15:31.318+0330] {dagbag.py:588} INFO - Filling up the DagBag from /home/mmirnezamina/de_final_project/airflowenv/lib/python3.10/site-packages/airflow/example_dags/plugins/workday.py
[2026-08-30T23:15:31.328+0330] {logging_mixin.py:190} INFO - [2026-08-30T23:15:31.327+0330] {workday.py:41} WARNING - Could not import pandas. Holidays will not be considered.
[2026-08-30T23:15:31.330+0330] {processor.py:927} WARNING - No viable dags retrieved from /home/mmirnezamina/de_final_project/airflowenv/lib/python3.10/site-packages/airflow/example_dags/plugins/workday.py
[2026-08-30T23:15:31.400+0330] {processor.py:208} INFO - Processing /home/mmirnezamina/de_final_project/airflowenv/lib/python3.10/site-packages/airflow/example_dags/plugins/workday.py took 0.119 seconds
[2026-08-30T23:16:01.506+0330] {processor.py:186} INFO - Started process (PID=13698) to work on /home/mmirnezamina/de_final_project/airflowenv/lib/python3.10/site-packages/airflow/example_dags/plugins/workday.py
[2026-08-30T23:16:01.507+0330] {processor.py:914} INFO - Processing file /home/mmirnezamina/de_final_project/airflowenv/lib/python3.10/site-packages/airflow/example_dags/plugins/workday.py for tasks to queue
[2026-08-30T23:16:01.508+0330] {logging_mixin.py:190} INFO - [2026-08-30T23:16:01.508+0330] {dagbag.py:588} INFO - Filling up the DagBag from /home/mmirnezamina/de_final_project/airflowenv/lib/python3.10/site-packages/airflow/example_dags/plugins/workday.py
[2026-08-30T23:16:01.512+0330] {logging_mixin.py:190} INFO - [2026-08-30T23:16:01.512+0330] {workday.py:41} WARNING - Could not import pandas. Holidays will not be considered.
[2026-08-30T23:16:01.513+0330] {processor.py:927} WARNING - No viable dags retrieved from /home/mmirnezamina/de_final_project/airflowenv/lib/python3.10/site-packages/airflow/example_dags/plugins/workday.py
[2026-08-30T23:16:01.539+0330] {processor.py:208} INFO - Processing /home/mmirnezamina/de_final_project/airflowenv/lib/python3.10/site-packages/airflow/example_dags/plugins/workday.py took 0.044 seconds
[2026-08-30T23:16:31.741+0330] {processor.py:186} INFO - Started process (PID=13811) to work on /home/mmirnezamina/de_final_project/airflowenv/lib/python3.10/site-packages/airflow/example_dags/plugins/workday.py
[2026-08-30T23:16:31.744+0330] {processor.py:914} INFO - Processing file /home/mmirnezamina/de_final_project/airflowenv/lib/python3.10/site-packages/airflow/example_dags/plugins/workday.py for tasks to queue
[2026-08-30T23:16:31.749+0330] {logging_mixin.py:190} INFO - [2026-08-30T23:16:31.748+0330] {dagbag.py:588} INFO - Filling up the DagBag from /home/mmirnezamina/de_final_project/airflowenv/lib/python3.10/site-packages/airflow/example_dags/plugins/workday.py
[2026-08-30T23:16:31.762+0330] {logging_mixin.py:190} INFO - [2026-08-30T23:16:31.756+0330] {workday.py:41} WARNING - Could not import pandas. Holidays will not be considered.
[2026-08-30T23:16:31.767+0330] {processor.py:927} WARNING - No viable dags retrieved from /home/mmirnezamina/de_final_project/airflowenv/lib/python3.10/site-packages/airflow/example_dags/plugins/workday.py
[2026-08-30T23:16:31.835+0330] {processor.py:208} INFO - Processing /home/mmirnezamina/de_final_project/airflowenv/lib/python3.10/site-packages/airflow/example_dags/plugins/workday.py took 0.121 seconds
[2026-08-30T23:17:02.128+0330] {processor.py:186} INFO - Started process (PID=13973) to work on /home/mmirnezamina/de_final_project/airflowenv/lib/python3.10/site-packages/airflow/example_dags/plugins/workday.py
[2026-08-30T23:17:02.132+0330] {processor.py:914} INFO - Processing file /home/mmirnezamina/de_final_project/airflowenv/lib/python3.10/site-packages/airflow/example_dags/plugins/workday.py for tasks to queue
[2026-08-30T23:17:02.137+0330] {logging_mixin.py:190} INFO - [2026-08-30T23:17:02.136+0330] {dagbag.py:588} INFO - Filling up the DagBag from /home/mmirnezamina/de_final_project/airflowenv/lib/python3.10/site-packages/airflow/example_dags/plugins/workday.py
[2026-08-30T23:17:02.149+0330] {logging_mixin.py:190} INFO - [2026-08-30T23:17:02.149+0330] {workday.py:41} WARNING - Could not import pandas. Holidays will not be considered.
[2026-08-30T23:17:02.152+0330] {processor.py:927} WARNING - No viable dags retrieved from /home/mmirnezamina/de_final_project/airflowenv/lib/python3.10/site-packages/airflow/example_dags/plugins/workday.py
[2026-08-30T23:17:02.255+0330] {processor.py:208} INFO - Processing /home/mmirnezamina/de_final_project/airflowenv/lib/python3.10/site-packages/airflow/example_dags/plugins/workday.py took 0.167 seconds
[2026-08-30T23:17:34.601+0330] {processor.py:186} INFO - Started process (PID=14101) to work on /home/mmirnezamina/de_final_project/airflowenv/lib/python3.10/site-packages/airflow/example_dags/plugins/workday.py
[2026-08-30T23:17:34.611+0330] {processor.py:914} INFO - Processing file /home/mmirnezamina/de_final_project/airflowenv/lib/python3.10/site-packages/airflow/example_dags/plugins/workday.py for tasks to queue
[2026-08-30T23:17:34.619+0330] {logging_mixin.py:190} INFO - [2026-08-30T23:17:34.617+0330] {dagbag.py:588} INFO - Filling up the DagBag from /home/mmirnezamina/de_final_project/airflowenv/lib/python3.10/site-packages/airflow/example_dags/plugins/workday.py
[2026-08-30T23:17:34.642+0330] {logging_mixin.py:190} INFO - [2026-08-30T23:17:34.641+0330] {workday.py:41} WARNING - Could not import pandas. Holidays will not be considered.
[2026-08-30T23:17:34.644+0330] {processor.py:927} WARNING - No viable dags retrieved from /home/mmirnezamina/de_final_project/airflowenv/lib/python3.10/site-packages/airflow/example_dags/plugins/workday.py
[2026-08-30T23:17:34.724+0330] {processor.py:208} INFO - Processing /home/mmirnezamina/de_final_project/airflowenv/lib/python3.10/site-packages/airflow/example_dags/plugins/workday.py took 0.185 seconds
[2026-08-30T23:18:05.044+0330] {processor.py:186} INFO - Started process (PID=14217) to work on /home/mmirnezamina/de_final_project/airflowenv/lib/python3.10/site-packages/airflow/example_dags/plugins/workday.py
[2026-08-30T23:18:05.048+0330] {processor.py:914} INFO - Processing file /home/mmirnezamina/de_final_project/airflowenv/lib/python3.10/site-packages/airflow/example_dags/plugins/workday.py for tasks to queue
[2026-08-30T23:18:05.052+0330] {logging_mixin.py:190} INFO - [2026-08-30T23:18:05.051+0330] {dagbag.py:588} INFO - Filling up the DagBag from /home/mmirnezamina/de_final_project/airflowenv/lib/python3.10/site-packages/airflow/example_dags/plugins/workday.py
[2026-08-30T23:18:05.060+0330] {logging_mixin.py:190} INFO - [2026-08-30T23:18:05.059+0330] {workday.py:41} WARNING - Could not import pandas. Holidays will not be considered.
[2026-08-30T23:18:05.061+0330] {processor.py:927} WARNING - No viable dags retrieved from /home/mmirnezamina/de_final_project/airflowenv/lib/python3.10/site-packages/airflow/example_dags/plugins/workday.py
[2026-08-30T23:18:05.149+0330] {processor.py:208} INFO - Processing /home/mmirnezamina/de_final_project/airflowenv/lib/python3.10/site-packages/airflow/example_dags/plugins/workday.py took 0.140 seconds
[2026-08-30T23:18:35.352+0330] {processor.py:186} INFO - Started process (PID=14334) to work on /home/mmirnezamina/de_final_project/airflowenv/lib/python3.10/site-packages/airflow/example_dags/plugins/workday.py
[2026-08-30T23:18:35.354+0330] {processor.py:914} INFO - Processing file /home/mmirnezamina/de_final_project/airflowenv/lib/python3.10/site-packages/airflow/example_dags/plugins/workday.py for tasks to queue
[2026-08-30T23:18:35.355+0330] {logging_mixin.py:190} INFO - [2026-08-30T23:18:35.355+0330] {dagbag.py:588} INFO - Filling up the DagBag from /home/mmirnezamina/de_final_project/airflowenv/lib/python3.10/site-packages/airflow/example_dags/plugins/workday.py
[2026-08-30T23:18:35.357+0330] {logging_mixin.py:190} INFO - [2026-08-30T23:18:35.357+0330] {workday.py:41} WARNING - Could not import pandas. Holidays will not be considered.
[2026-08-30T23:18:35.358+0330] {processor.py:927} WARNING - No viable dags retrieved from /home/mmirnezamina/de_final_project/airflowenv/lib/python3.10/site-packages/airflow/example_dags/plugins/workday.py
[2026-08-30T23:18:35.380+0330] {processor.py:208} INFO - Processing /home/mmirnezamina/de_final_project/airflowenv/lib/python3.10/site-packages/airflow/example_dags/plugins/workday.py took 0.107 seconds
[2026-08-30T23:19:05.656+0330] {processor.py:186} INFO - Started process (PID=14454) to work on /home/mmirnezamina/de_final_project/airflowenv/lib/python3.10/site-packages/airflow/example_dags/plugins/workday.py
[2026-08-30T23:19:05.657+0330] {processor.py:914} INFO - Processing file /home/mmirnezamina/de_final_project/airflowenv/lib/python3.10/site-packages/airflow/example_dags/plugins/workday.py for tasks to queue
[2026-08-30T23:19:05.658+0330] {logging_mixin.py:190} INFO - [2026-08-30T23:19:05.658+0330] {dagbag.py:588} INFO - Filling up the DagBag from /home/mmirnezamina/de_final_project/airflowenv/lib/python3.10/site-packages/airflow/example_dags/plugins/workday.py
[2026-08-30T23:19:05.662+0330] {logging_mixin.py:190} INFO - [2026-08-30T23:19:05.662+0330] {workday.py:41} WARNING - Could not import pandas. Holidays will not be considered.
[2026-08-30T23:19:05.662+0330] {processor.py:927} WARNING - No viable dags retrieved from /home/mmirnezamina/de_final_project/airflowenv/lib/python3.10/site-packages/airflow/example_dags/plugins/workday.py
[2026-08-30T23:19:05.688+0330] {processor.py:208} INFO - Processing /home/mmirnezamina/de_final_project/airflowenv/lib/python3.10/site-packages/airflow/example_dags/plugins/workday.py took 0.042 seconds
[2026-08-30T23:19:36.002+0330] {processor.py:186} INFO - Started process (PID=14573) to work on /home/mmirnezamina/de_final_project/airflowenv/lib/python3.10/site-packages/airflow/example_dags/plugins/workday.py
[2026-08-30T23:19:36.005+0330] {processor.py:914} INFO - Processing file /home/mmirnezamina/de_final_project/airflowenv/lib/python3.10/site-packages/airflow/example_dags/plugins/workday.py for tasks to queue
[2026-08-30T23:19:36.007+0330] {logging_mixin.py:190} INFO - [2026-08-30T23:19:36.006+0330] {dagbag.py:588} INFO - Filling up the DagBag from /home/mmirnezamina/de_final_project/airflowenv/lib/python3.10/site-packages/airflow/example_dags/plugins/workday.py
[2026-08-30T23:19:36.010+0330] {logging_mixin.py:190} INFO - [2026-08-30T23:19:36.010+0330] {workday.py:41} WARNING - Could not import pandas. Holidays will not be considered.
[2026-08-30T23:19:36.011+0330] {processor.py:927} WARNING - No viable dags retrieved from /home/mmirnezamina/de_final_project/airflowenv/lib/python3.10/site-packages/airflow/example_dags/plugins/workday.py
[2026-08-30T23:19:36.047+0330] {processor.py:208} INFO - Processing /home/mmirnezamina/de_final_project/airflowenv/lib/python3.10/site-packages/airflow/example_dags/plugins/workday.py took 0.059 seconds
[2026-08-30T23:20:06.569+0330] {processor.py:186} INFO - Started process (PID=14691) to work on /home/mmirnezamina/de_final_project/airflowenv/lib/python3.10/site-packages/airflow/example_dags/plugins/workday.py
[2026-08-30T23:20:06.570+0330] {processor.py:914} INFO - Processing file /home/mmirnezamina/de_final_project/airflowenv/lib/python3.10/site-packages/airflow/example_dags/plugins/workday.py for tasks to queue
[2026-08-30T23:20:06.571+0330] {logging_mixin.py:190} INFO - [2026-08-30T23:20:06.571+0330] {dagbag.py:588} INFO - Filling up the DagBag from /home/mmirnezamina/de_final_project/airflowenv/lib/python3.10/site-packages/airflow/example_dags/plugins/workday.py
[2026-08-30T23:20:06.574+0330] {logging_mixin.py:190} INFO - [2026-08-30T23:20:06.574+0330] {workday.py:41} WARNING - Could not import pandas. Holidays will not be considered.
[2026-08-30T23:20:06.574+0330] {processor.py:927} WARNING - No viable dags retrieved from /home/mmirnezamina/de_final_project/airflowenv/lib/python3.10/site-packages/airflow/example_dags/plugins/workday.py
[2026-08-30T23:20:06.594+0330] {processor.py:208} INFO - Processing /home/mmirnezamina/de_final_project/airflowenv/lib/python3.10/site-packages/airflow/example_dags/plugins/workday.py took 0.032 seconds
[2026-08-30T23:20:37.005+0330] {processor.py:186} INFO - Started process (PID=14814) to work on /home/mmirnezamina/de_final_project/airflowenv/lib/python3.10/site-packages/airflow/example_dags/plugins/workday.py
[2026-08-30T23:20:37.007+0330] {processor.py:914} INFO - Processing file /home/mmirnezamina/de_final_project/airflowenv/lib/python3.10/site-packages/airflow/example_dags/plugins/workday.py for tasks to queue
[2026-08-30T23:20:37.008+0330] {logging_mixin.py:190} INFO - [2026-08-30T23:20:37.008+0330] {dagbag.py:588} INFO - Filling up the DagBag from /home/mmirnezamina/de_final_project/airflowenv/lib/python3.10/site-packages/airflow/example_dags/plugins/workday.py
[2026-08-30T23:20:37.011+0330] {logging_mixin.py:190} INFO - [2026-08-30T23:20:37.010+0330] {workday.py:41} WARNING - Could not import pandas. Holidays will not be considered.
[2026-08-30T23:20:37.011+0330] {processor.py:927} WARNING - No viable dags retrieved from /home/mmirnezamina/de_final_project/airflowenv/lib/python3.10/site-packages/airflow/example_dags/plugins/workday.py
[2026-08-30T23:20:37.030+0330] {processor.py:208} INFO - Processing /home/mmirnezamina/de_final_project/airflowenv/lib/python3.10/site-packages/airflow/example_dags/plugins/workday.py took 0.032 seconds
[2026-08-30T23:21:07.408+0330] {processor.py:186} INFO - Started process (PID=14932) to work on /home/mmirnezamina/de_final_project/airflowenv/lib/python3.10/site-packages/airflow/example_dags/plugins/workday.py
[2026-08-30T23:21:07.409+0330] {processor.py:914} INFO - Processing file /home/mmirnezamina/de_final_project/airflowenv/lib/python3.10/site-packages/airflow/example_dags/plugins/workday.py for tasks to queue
[2026-08-30T23:21:07.410+0330] {logging_mixin.py:190} INFO - [2026-08-30T23:21:07.409+0330] {dagbag.py:588} INFO - Filling up the DagBag from /home/mmirnezamina/de_final_project/airflowenv/lib/python3.10/site-packages/airflow/example_dags/plugins/workday.py
[2026-08-30T23:21:07.412+0330] {logging_mixin.py:190} INFO - [2026-08-30T23:21:07.412+0330] {workday.py:41} WARNING - Could not import pandas. Holidays will not be considered.
[2026-08-30T23:21:07.412+0330] {processor.py:927} WARNING - No viable dags retrieved from /home/mmirnezamina/de_final_project/airflowenv/lib/python3.10/site-packages/airflow/example_dags/plugins/workday.py
[2026-08-30T23:21:07.432+0330] {processor.py:208} INFO - Processing /home/mmirnezamina/de_final_project/airflowenv/lib/python3.10/site-packages/airflow/example_dags/plugins/workday.py took 0.031 seconds
[2026-08-30T23:21:38.209+0330] {processor.py:186} INFO - Started process (PID=15049) to work on /home/mmirnezamina/de_final_project/airflowenv/lib/python3.10/site-packages/airflow/example_dags/plugins/workday.py
[2026-08-30T23:21:38.212+0330] {processor.py:914} INFO - Processing file /home/mmirnezamina/de_final_project/airflowenv/lib/python3.10/site-packages/airflow/example_dags/plugins/workday.py for tasks to queue
[2026-08-30T23:21:38.213+0330] {logging_mixin.py:190} INFO - [2026-08-30T23:21:38.213+0330] {dagbag.py:588} INFO - Filling up the DagBag from /home/mmirnezamina/de_final_project/airflowenv/lib/python3.10/site-packages/airflow/example_dags/plugins/workday.py
[2026-08-30T23:21:38.215+0330] {logging_mixin.py:190} INFO - [2026-08-30T23:21:38.215+0330] {workday.py:41} WARNING - Could not import pandas. Holidays will not be considered.
[2026-08-30T23:21:38.215+0330] {processor.py:927} WARNING - No viable dags retrieved from /home/mmirnezamina/de_final_project/airflowenv/lib/python3.10/site-packages/airflow/example_dags/plugins/workday.py
[2026-08-30T23:21:38.235+0330] {processor.py:208} INFO - Processing /home/mmirnezamina/de_final_project/airflowenv/lib/python3.10/site-packages/airflow/example_dags/plugins/workday.py took 0.033 seconds
[2026-08-30T23:22:08.281+0330] {processor.py:186} INFO - Started process (PID=15170) to work on /home/mmirnezamina/de_final_project/airflowenv/lib/python3.10/site-packages/airflow/example_dags/plugins/workday.py
[2026-08-30T23:22:08.281+0330] {processor.py:914} INFO - Processing file /home/mmirnezamina/de_final_project/airflowenv/lib/python3.10/site-packages/airflow/example_dags/plugins/workday.py for tasks to queue
[2026-08-30T23:22:08.282+0330] {logging_mixin.py:190} INFO - [2026-08-30T23:22:08.282+0330] {dagbag.py:588} INFO - Filling up the DagBag from /home/mmirnezamina/de_final_project/airflowenv/lib/python3.10/site-packages/airflow/example_dags/plugins/workday.py
[2026-08-30T23:22:08.285+0330] {logging_mixin.py:190} INFO - [2026-08-30T23:22:08.285+0330] {workday.py:41} WARNING - Could not import pandas. Holidays will not be considered.
[2026-08-30T23:22:08.285+0330] {processor.py:927} WARNING - No viable dags retrieved from /home/mmirnezamina/de_final_project/airflowenv/lib/python3.10/site-packages/airflow/example_dags/plugins/workday.py
[2026-08-30T23:22:08.304+0330] {processor.py:208} INFO - Processing /home/mmirnezamina/de_final_project/airflowenv/lib/python3.10/site-packages/airflow/example_dags/plugins/workday.py took 0.029 seconds
[2026-08-30T23:22:38.965+0330] {processor.py:186} INFO - Started process (PID=15287) to work on /home/mmirnezamina/de_final_project/airflowenv/lib/python3.10/site-packages/airflow/example_dags/plugins/workday.py
[2026-08-30T23:22:38.967+0330] {processor.py:914} INFO - Processing file /home/mmirnezamina/de_final_project/airflowenv/lib/python3.10/site-packages/airflow/example_dags/plugins/workday.py for tasks to queue
[2026-08-30T23:22:38.970+0330] {logging_mixin.py:190} INFO - [2026-08-30T23:22:38.969+0330] {dagbag.py:588} INFO - Filling up the DagBag from /home/mmirnezamina/de_final_project/airflowenv/lib/python3.10/site-packages/airflow/example_dags/plugins/workday.py
[2026-08-30T23:22:38.974+0330] {logging_mixin.py:190} INFO - [2026-08-30T23:22:38.974+0330] {workday.py:41} WARNING - Could not import pandas. Holidays will not be considered.
[2026-08-30T23:22:38.975+0330] {processor.py:927} WARNING - No viable dags retrieved from /home/mmirnezamina/de_final_project/airflowenv/lib/python3.10/site-packages/airflow/example_dags/plugins/workday.py
[2026-08-30T23:22:39.018+0330] {processor.py:208} INFO - Processing /home/mmirnezamina/de_final_project/airflowenv/lib/python3.10/site-packages/airflow/example_dags/plugins/workday.py took 0.071 seconds
[2026-08-30T23:23:09.609+0330] {processor.py:186} INFO - Started process (PID=15405) to work on /home/mmirnezamina/de_final_project/airflowenv/lib/python3.10/site-packages/airflow/example_dags/plugins/workday.py
[2026-08-30T23:23:09.611+0330] {processor.py:914} INFO - Processing file /home/mmirnezamina/de_final_project/airflowenv/lib/python3.10/site-packages/airflow/example_dags/plugins/workday.py for tasks to queue
[2026-08-30T23:23:09.614+0330] {logging_mixin.py:190} INFO - [2026-08-30T23:23:09.614+0330] {dagbag.py:588} INFO - Filling up the DagBag from /home/mmirnezamina/de_final_project/airflowenv/lib/python3.10/site-packages/airflow/example_dags/plugins/workday.py
[2026-08-30T23:23:09.620+0330] {logging_mixin.py:190} INFO - [2026-08-30T23:23:09.620+0330] {workday.py:41} WARNING - Could not import pandas. Holidays will not be considered.
[2026-08-30T23:23:09.622+0330] {processor.py:927} WARNING - No viable dags retrieved from /home/mmirnezamina/de_final_project/airflowenv/lib/python3.10/site-packages/airflow/example_dags/plugins/workday.py
[2026-08-30T23:23:09.671+0330] {processor.py:208} INFO - Processing /home/mmirnezamina/de_final_project/airflowenv/lib/python3.10/site-packages/airflow/example_dags/plugins/workday.py took 0.089 seconds
[2026-08-30T23:23:40.696+0330] {processor.py:186} INFO - Started process (PID=15524) to work on /home/mmirnezamina/de_final_project/airflowenv/lib/python3.10/site-packages/airflow/example_dags/plugins/workday.py
[2026-08-30T23:23:40.697+0330] {processor.py:914} INFO - Processing file /home/mmirnezamina/de_final_project/airflowenv/lib/python3.10/site-packages/airflow/example_dags/plugins/workday.py for tasks to queue
[2026-08-30T23:23:40.698+0330] {logging_mixin.py:190} INFO - [2026-08-30T23:23:40.698+0330] {dagbag.py:588} INFO - Filling up the DagBag from /home/mmirnezamina/de_final_project/airflowenv/lib/python3.10/site-packages/airflow/example_dags/plugins/workday.py
[2026-08-30T23:23:40.700+0330] {logging_mixin.py:190} INFO - [2026-08-30T23:23:40.700+0330] {workday.py:41} WARNING - Could not import pandas. Holidays will not be considered.
[2026-08-30T23:23:40.701+0330] {processor.py:927} WARNING - No viable dags retrieved from /home/mmirnezamina/de_final_project/airflowenv/lib/python3.10/site-packages/airflow/example_dags/plugins/workday.py
[2026-08-30T23:23:40.722+0330] {processor.py:208} INFO - Processing /home/mmirnezamina/de_final_project/airflowenv/lib/python3.10/site-packages/airflow/example_dags/plugins/workday.py took 0.033 seconds
[2026-08-30T23:24:10.879+0330] {processor.py:186} INFO - Started process (PID=15642) to work on /home/mmirnezamina/de_final_project/airflowenv/lib/python3.10/site-packages/airflow/example_dags/plugins/workday.py
[2026-08-30T23:24:10.883+0330] {processor.py:914} INFO - Processing file /home/mmirnezamina/de_final_project/airflowenv/lib/python3.10/site-packages/airflow/example_dags/plugins/workday.py for tasks to queue
[2026-08-30T23:24:10.889+0330] {logging_mixin.py:190} INFO - [2026-08-30T23:24:10.888+0330] {dagbag.py:588} INFO - Filling up the DagBag from /home/mmirnezamina/de_final_project/airflowenv/lib/python3.10/site-packages/airflow/example_dags/plugins/workday.py
[2026-08-30T23:24:10.897+0330] {logging_mixin.py:190} INFO - [2026-08-30T23:24:10.896+0330] {workday.py:41} WARNING - Could not import pandas. Holidays will not be considered.
[2026-08-30T23:24:10.898+0330] {processor.py:927} WARNING - No viable dags retrieved from /home/mmirnezamina/de_final_project/airflowenv/lib/python3.10/site-packages/airflow/example_dags/plugins/workday.py
[2026-08-30T23:24:10.949+0330] {processor.py:208} INFO - Processing /home/mmirnezamina/de_final_project/airflowenv/lib/python3.10/site-packages/airflow/example_dags/plugins/workday.py took 0.098 seconds
[2026-08-30T23:24:41.089+0330] {processor.py:186} INFO - Started process (PID=15761) to work on /home/mmirnezamina/de_final_project/airflowenv/lib/python3.10/site-packages/airflow/example_dags/plugins/workday.py
[2026-08-30T23:24:41.092+0330] {processor.py:914} INFO - Processing file /home/mmirnezamina/de_final_project/airflowenv/lib/python3.10/site-packages/airflow/example_dags/plugins/workday.py for tasks to queue
[2026-08-30T23:24:41.094+0330] {logging_mixin.py:190} INFO - [2026-08-30T23:24:41.093+0330] {dagbag.py:588} INFO - Filling up the DagBag from /home/mmirnezamina/de_final_project/airflowenv/lib/python3.10/site-packages/airflow/example_dags/plugins/workday.py
[2026-08-30T23:24:41.099+0330] {logging_mixin.py:190} INFO - [2026-08-30T23:24:41.099+0330] {workday.py:41} WARNING - Could not import pandas. Holidays will not be considered.
[2026-08-30T23:24:41.100+0330] {processor.py:927} WARNING - No viable dags retrieved from /home/mmirnezamina/de_final_project/airflowenv/lib/python3.10/site-packages/airflow/example_dags/plugins/workday.py
[2026-08-30T23:24:41.131+0330] {processor.py:208} INFO - Processing /home/mmirnezamina/de_final_project/airflowenv/lib/python3.10/site-packages/airflow/example_dags/plugins/workday.py took 0.055 seconds
[2026-08-30T23:25:11.573+0330] {processor.py:186} INFO - Started process (PID=15904) to work on /home/mmirnezamina/de_final_project/airflowenv/lib/python3.10/site-packages/airflow/example_dags/plugins/workday.py
[2026-08-30T23:25:11.574+0330] {processor.py:914} INFO - Processing file /home/mmirnezamina/de_final_project/airflowenv/lib/python3.10/site-packages/airflow/example_dags/plugins/workday.py for tasks to queue
[2026-08-30T23:25:11.575+0330] {logging_mixin.py:190} INFO - [2026-08-30T23:25:11.575+0330] {dagbag.py:588} INFO - Filling up the DagBag from /home/mmirnezamina/de_final_project/airflowenv/lib/python3.10/site-packages/airflow/example_dags/plugins/workday.py
[2026-08-30T23:25:11.579+0330] {logging_mixin.py:190} INFO - [2026-08-30T23:25:11.579+0330] {workday.py:41} WARNING - Could not import pandas. Holidays will not be considered.
[2026-08-30T23:25:11.580+0330] {processor.py:927} WARNING - No viable dags retrieved from /home/mmirnezamina/de_final_project/airflowenv/lib/python3.10/site-packages/airflow/example_dags/plugins/workday.py
[2026-08-30T23:25:11.601+0330] {processor.py:208} INFO - Processing /home/mmirnezamina/de_final_project/airflowenv/lib/python3.10/site-packages/airflow/example_dags/plugins/workday.py took 0.038 seconds
[2026-08-30T23:25:42.061+0330] {processor.py:186} INFO - Started process (PID=16043) to work on /home/mmirnezamina/de_final_project/airflowenv/lib/python3.10/site-packages/airflow/example_dags/plugins/workday.py
[2026-08-30T23:25:42.062+0330] {processor.py:914} INFO - Processing file /home/mmirnezamina/de_final_project/airflowenv/lib/python3.10/site-packages/airflow/example_dags/plugins/workday.py for tasks to queue
[2026-08-30T23:25:42.064+0330] {logging_mixin.py:190} INFO - [2026-08-30T23:25:42.063+0330] {dagbag.py:588} INFO - Filling up the DagBag from /home/mmirnezamina/de_final_project/airflowenv/lib/python3.10/site-packages/airflow/example_dags/plugins/workday.py
[2026-08-30T23:25:42.066+0330] {logging_mixin.py:190} INFO - [2026-08-30T23:25:42.066+0330] {workday.py:41} WARNING - Could not import pandas. Holidays will not be considered.
[2026-08-30T23:25:42.066+0330] {processor.py:927} WARNING - No viable dags retrieved from /home/mmirnezamina/de_final_project/airflowenv/lib/python3.10/site-packages/airflow/example_dags/plugins/workday.py
[2026-08-30T23:25:42.086+0330] {processor.py:208} INFO - Processing /home/mmirnezamina/de_final_project/airflowenv/lib/python3.10/site-packages/airflow/example_dags/plugins/workday.py took 0.034 seconds
[2026-08-30T23:26:12.435+0330] {processor.py:186} INFO - Started process (PID=16161) to work on /home/mmirnezamina/de_final_project/airflowenv/lib/python3.10/site-packages/airflow/example_dags/plugins/workday.py
[2026-08-30T23:26:12.436+0330] {processor.py:914} INFO - Processing file /home/mmirnezamina/de_final_project/airflowenv/lib/python3.10/site-packages/airflow/example_dags/plugins/workday.py for tasks to queue
[2026-08-30T23:26:12.437+0330] {logging_mixin.py:190} INFO - [2026-08-30T23:26:12.437+0330] {dagbag.py:588} INFO - Filling up the DagBag from /home/mmirnezamina/de_final_project/airflowenv/lib/python3.10/site-packages/airflow/example_dags/plugins/workday.py
[2026-08-30T23:26:12.440+0330] {logging_mixin.py:190} INFO - [2026-08-30T23:26:12.440+0330] {workday.py:41} WARNING - Could not import pandas. Holidays will not be considered.
[2026-08-30T23:26:12.440+0330] {processor.py:927} WARNING - No viable dags retrieved from /home/mmirnezamina/de_final_project/airflowenv/lib/python3.10/site-packages/airflow/example_dags/plugins/workday.py
[2026-08-30T23:26:12.458+0330] {processor.py:208} INFO - Processing /home/mmirnezamina/de_final_project/airflowenv/lib/python3.10/site-packages/airflow/example_dags/plugins/workday.py took 0.032 seconds
[2026-08-30T23:26:42.640+0330] {processor.py:186} INFO - Started process (PID=16280) to work on /home/mmirnezamina/de_final_project/airflowenv/lib/python3.10/site-packages/airflow/example_dags/plugins/workday.py
[2026-08-30T23:26:42.641+0330] {processor.py:914} INFO - Processing file /home/mmirnezamina/de_final_project/airflowenv/lib/python3.10/site-packages/airflow/example_dags/plugins/workday.py for tasks to queue
[2026-08-30T23:26:42.643+0330] {logging_mixin.py:190} INFO - [2026-08-30T23:26:42.643+0330] {dagbag.py:588} INFO - Filling up the DagBag from /home/mmirnezamina/de_final_project/airflowenv/lib/python3.10/site-packages/airflow/example_dags/plugins/workday.py
[2026-08-30T23:26:42.645+0330] {logging_mixin.py:190} INFO - [2026-08-30T23:26:42.645+0330] {workday.py:41} WARNING - Could not import pandas. Holidays will not be considered.
[2026-08-30T23:26:42.645+0330] {processor.py:927} WARNING - No viable dags retrieved from /home/mmirnezamina/de_final_project/airflowenv/lib/python3.10/site-packages/airflow/example_dags/plugins/workday.py
[2026-08-30T23:26:42.662+0330] {processor.py:208} INFO - Processing /home/mmirnezamina/de_final_project/airflowenv/lib/python3.10/site-packages/airflow/example_dags/plugins/workday.py took 0.029 seconds
[2026-08-30T23:27:30.129+0330] {processor.py:186} INFO - Started process (PID=16439) to work on /home/mmirnezamina/de_final_project/airflowenv/lib/python3.10/site-packages/airflow/example_dags/plugins/workday.py
[2026-08-30T23:27:30.132+0330] {processor.py:914} INFO - Processing file /home/mmirnezamina/de_final_project/airflowenv/lib/python3.10/site-packages/airflow/example_dags/plugins/workday.py for tasks to queue
[2026-08-30T23:27:30.134+0330] {logging_mixin.py:190} INFO - [2026-08-30T23:27:30.134+0330] {dagbag.py:588} INFO - Filling up the DagBag from /home/mmirnezamina/de_final_project/airflowenv/lib/python3.10/site-packages/airflow/example_dags/plugins/workday.py
[2026-08-30T23:27:30.142+0330] {logging_mixin.py:190} INFO - [2026-08-30T23:27:30.141+0330] {workday.py:41} WARNING - Could not import pandas. Holidays will not be considered.
[2026-08-30T23:27:30.142+0330] {processor.py:927} WARNING - No viable dags retrieved from /home/mmirnezamina/de_final_project/airflowenv/lib/python3.10/site-packages/airflow/example_dags/plugins/workday.py
[2026-08-30T23:27:30.164+0330] {processor.py:208} INFO - Processing /home/mmirnezamina/de_final_project/airflowenv/lib/python3.10/site-packages/airflow/example_dags/plugins/workday.py took 0.056 seconds
