[2026-08-30T23:13:41.936+0330] {processor.py:186} INFO - Started process (PID=13148) to work on /home/mmirnezamina/de_final_project/airflowenv/lib/python3.10/site-packages/airflow/example_dags/example_short_circuit_operator.py
[2026-08-30T23:13:41.941+0330] {processor.py:914} INFO - Processing file /home/mmirnezamina/de_final_project/airflowenv/lib/python3.10/site-packages/airflow/example_dags/example_short_circuit_operator.py for tasks to queue
[2026-08-30T23:13:41.947+0330] {logging_mixin.py:190} INFO - [2026-08-30T23:13:41.946+0330] {dagbag.py:588} INFO - Filling up the DagBag from /home/mmirnezamina/de_final_project/airflowenv/lib/python3.10/site-packages/airflow/example_dags/example_short_circuit_operator.py
[2026-08-30T23:13:41.990+0330] {processor.py:925} INFO - DAG(s) 'example_short_circuit_operator' retrieved from /home/mmirnezamina/de_final_project/airflowenv/lib/python3.10/site-packages/airflow/example_dags/example_short_circuit_operator.py
[2026-08-30T23:13:42.452+0330] {logging_mixin.py:190} INFO - [2026-08-30T23:13:42.449+0330] {override.py:1930} INFO - Created Permission View: can edit on DAG:example_short_circuit_operator
[2026-08-30T23:13:42.489+0330] {logging_mixin.py:190} INFO - [2026-08-30T23:13:42.488+0330] {override.py:1930} INFO - Created Permission View: can read on DAG:example_short_circuit_operator
[2026-08-30T23:13:42.516+0330] {logging_mixin.py:190} INFO - [2026-08-30T23:13:42.515+0330] {override.py:1930} INFO - Created Permission View: can delete on DAG:example_short_circuit_operator
[2026-08-30T23:13:42.547+0330] {logging_mixin.py:190} INFO - [2026-08-30T23:13:42.546+0330] {override.py:1930} INFO - Created Permission View: menu access on DAG Run:example_short_circuit_operator
[2026-08-30T23:13:42.576+0330] {logging_mixin.py:190} INFO - [2026-08-30T23:13:42.574+0330] {override.py:1930} INFO - Created Permission View: can create on DAG Run:example_short_circuit_operator
[2026-08-30T23:13:42.603+0330] {logging_mixin.py:190} INFO - [2026-08-30T23:13:42.602+0330] {override.py:1930} INFO - Created Permission View: can read on DAG Run:example_short_circuit_operator
[2026-08-30T23:13:42.628+0330] {logging_mixin.py:190} INFO - [2026-08-30T23:13:42.628+0330] {override.py:1930} INFO - Created Permission View: can delete on DAG Run:example_short_circuit_operator
[2026-08-30T23:13:42.630+0330] {logging_mixin.py:190} INFO - [2026-08-30T23:13:42.629+0330] {dag.py:3239} INFO - Sync 1 DAGs
[2026-08-30T23:13:42.675+0330] {logging_mixin.py:190} INFO - [2026-08-30T23:13:42.674+0330] {dag.py:3262} INFO - Creating ORM DAG for example_short_circuit_operator
[2026-08-30T23:13:42.676+0330] {logging_mixin.py:190} INFO - [2026-08-30T23:13:42.676+0330] {dag.py:4180} INFO - Setting next_dagrun for example_short_circuit_operator to None, run_after=None
[2026-08-30T23:13:42.740+0330] {processor.py:208} INFO - Processing /home/mmirnezamina/de_final_project/airflowenv/lib/python3.10/site-packages/airflow/example_dags/example_short_circuit_operator.py took 0.849 seconds
[2026-08-30T23:14:13.103+0330] {processor.py:186} INFO - Started process (PID=13273) to work on /home/mmirnezamina/de_final_project/airflowenv/lib/python3.10/site-packages/airflow/example_dags/example_short_circuit_operator.py
[2026-08-30T23:14:13.105+0330] {processor.py:914} INFO - Processing file /home/mmirnezamina/de_final_project/airflowenv/lib/python3.10/site-packages/airflow/example_dags/example_short_circuit_operator.py for tasks to queue
[2026-08-30T23:14:13.107+0330] {logging_mixin.py:190} INFO - [2026-08-30T23:14:13.106+0330] {dagbag.py:588} INFO - Filling up the DagBag from /home/mmirnezamina/de_final_project/airflowenv/lib/python3.10/site-packages/airflow/example_dags/example_short_circuit_operator.py
[2026-08-30T23:14:13.131+0330] {processor.py:925} INFO - DAG(s) 'example_short_circuit_operator' retrieved from /home/mmirnezamina/de_final_project/airflowenv/lib/python3.10/site-packages/airflow/example_dags/example_short_circuit_operator.py
[2026-08-30T23:14:13.188+0330] {logging_mixin.py:190} INFO - [2026-08-30T23:14:13.188+0330] {dag.py:3239} INFO - Sync 1 DAGs
[2026-08-30T23:14:13.211+0330] {logging_mixin.py:190} INFO - [2026-08-30T23:14:13.210+0330] {dag.py:4180} INFO - Setting next_dagrun for example_short_circuit_operator to None, run_after=None
[2026-08-30T23:14:13.244+0330] {processor.py:208} INFO - Processing /home/mmirnezamina/de_final_project/airflowenv/lib/python3.10/site-packages/airflow/example_dags/example_short_circuit_operator.py took 0.157 seconds
[2026-08-30T23:14:43.505+0330] {processor.py:186} INFO - Started process (PID=13392) to work on /home/mmirnezamina/de_final_project/airflowenv/lib/python3.10/site-packages/airflow/example_dags/example_short_circuit_operator.py
[2026-08-30T23:14:43.506+0330] {processor.py:914} INFO - Processing file /home/mmirnezamina/de_final_project/airflowenv/lib/python3.10/site-packages/airflow/example_dags/example_short_circuit_operator.py for tasks to queue
[2026-08-30T23:14:43.507+0330] {logging_mixin.py:190} INFO - [2026-08-30T23:14:43.507+0330] {dagbag.py:588} INFO - Filling up the DagBag from /home/mmirnezamina/de_final_project/airflowenv/lib/python3.10/site-packages/airflow/example_dags/example_short_circuit_operator.py
[2026-08-30T23:14:43.516+0330] {processor.py:925} INFO - DAG(s) 'example_short_circuit_operator' retrieved from /home/mmirnezamina/de_final_project/airflowenv/lib/python3.10/site-packages/airflow/example_dags/example_short_circuit_operator.py
[2026-08-30T23:14:43.550+0330] {logging_mixin.py:190} INFO - [2026-08-30T23:14:43.550+0330] {dag.py:3239} INFO - Sync 1 DAGs
[2026-08-30T23:14:43.565+0330] {logging_mixin.py:190} INFO - [2026-08-30T23:14:43.565+0330] {dag.py:4180} INFO - Setting next_dagrun for example_short_circuit_operator to None, run_after=None
[2026-08-30T23:14:43.591+0330] {processor.py:208} INFO - Processing /home/mmirnezamina/de_final_project/airflowenv/lib/python3.10/site-packages/airflow/example_dags/example_short_circuit_operator.py took 0.094 seconds
[2026-08-30T23:15:13.810+0330] {processor.py:186} INFO - Started process (PID=13512) to work on /home/mmirnezamina/de_final_project/airflowenv/lib/python3.10/site-packages/airflow/example_dags/example_short_circuit_operator.py
[2026-08-30T23:15:13.812+0330] {processor.py:914} INFO - Processing file /home/mmirnezamina/de_final_project/airflowenv/lib/python3.10/site-packages/airflow/example_dags/example_short_circuit_operator.py for tasks to queue
[2026-08-30T23:15:13.814+0330] {logging_mixin.py:190} INFO - [2026-08-30T23:15:13.814+0330] {dagbag.py:588} INFO - Filling up the DagBag from /home/mmirnezamina/de_final_project/airflowenv/lib/python3.10/site-packages/airflow/example_dags/example_short_circuit_operator.py
[2026-08-30T23:15:13.828+0330] {processor.py:925} INFO - DAG(s) 'example_short_circuit_operator' retrieved from /home/mmirnezamina/de_final_project/airflowenv/lib/python3.10/site-packages/airflow/example_dags/example_short_circuit_operator.py
[2026-08-30T23:15:13.892+0330] {logging_mixin.py:190} INFO - [2026-08-30T23:15:13.891+0330] {dag.py:3239} INFO - Sync 1 DAGs
[2026-08-30T23:15:13.938+0330] {logging_mixin.py:190} INFO - [2026-08-30T23:15:13.937+0330] {dag.py:4180} INFO - Setting next_dagrun for example_short_circuit_operator to None, run_after=None
[2026-08-30T23:15:14.011+0330] {processor.py:208} INFO - Processing /home/mmirnezamina/de_final_project/airflowenv/lib/python3.10/site-packages/airflow/example_dags/example_short_circuit_operator.py took 0.217 seconds
[2026-08-30T23:15:44.683+0330] {processor.py:186} INFO - Started process (PID=13631) to work on /home/mmirnezamina/de_final_project/airflowenv/lib/python3.10/site-packages/airflow/example_dags/example_short_circuit_operator.py
[2026-08-30T23:15:44.685+0330] {processor.py:914} INFO - Processing file /home/mmirnezamina/de_final_project/airflowenv/lib/python3.10/site-packages/airflow/example_dags/example_short_circuit_operator.py for tasks to queue
[2026-08-30T23:15:44.688+0330] {logging_mixin.py:190} INFO - [2026-08-30T23:15:44.687+0330] {dagbag.py:588} INFO - Filling up the DagBag from /home/mmirnezamina/de_final_project/airflowenv/lib/python3.10/site-packages/airflow/example_dags/example_short_circuit_operator.py
[2026-08-30T23:15:44.700+0330] {processor.py:925} INFO - DAG(s) 'example_short_circuit_operator' retrieved from /home/mmirnezamina/de_final_project/airflowenv/lib/python3.10/site-packages/airflow/example_dags/example_short_circuit_operator.py
[2026-08-30T23:15:44.760+0330] {logging_mixin.py:190} INFO - [2026-08-30T23:15:44.760+0330] {dag.py:3239} INFO - Sync 1 DAGs
[2026-08-30T23:15:44.786+0330] {logging_mixin.py:190} INFO - [2026-08-30T23:15:44.786+0330] {dag.py:4180} INFO - Setting next_dagrun for example_short_circuit_operator to None, run_after=None
[2026-08-30T23:15:44.828+0330] {processor.py:208} INFO - Processing /home/mmirnezamina/de_final_project/airflowenv/lib/python3.10/site-packages/airflow/example_dags/example_short_circuit_operator.py took 0.157 seconds
[2026-08-30T23:16:15.110+0330] {processor.py:186} INFO - Started process (PID=13751) to work on /home/mmirnezamina/de_final_project/airflowenv/lib/python3.10/site-packages/airflow/example_dags/example_short_circuit_operator.py
[2026-08-30T23:16:15.112+0330] {processor.py:914} INFO - Processing file /home/mmirnezamina/de_final_project/airflowenv/lib/python3.10/site-packages/airflow/example_dags/example_short_circuit_operator.py for tasks to queue
[2026-08-30T23:16:15.113+0330] {logging_mixin.py:190} INFO - [2026-08-30T23:16:15.113+0330] {dagbag.py:588} INFO - Filling up the DagBag from /home/mmirnezamina/de_final_project/airflowenv/lib/python3.10/site-packages/airflow/example_dags/example_short_circuit_operator.py
[2026-08-30T23:16:15.127+0330] {processor.py:925} INFO - DAG(s) 'example_short_circuit_operator' retrieved from /home/mmirnezamina/de_final_project/airflowenv/lib/python3.10/site-packages/airflow/example_dags/example_short_circuit_operator.py
[2026-08-30T23:16:15.172+0330] {logging_mixin.py:190} INFO - [2026-08-30T23:16:15.171+0330] {dag.py:3239} INFO - Sync 1 DAGs
[2026-08-30T23:16:15.198+0330] {logging_mixin.py:190} INFO - [2026-08-30T23:16:15.198+0330] {dag.py:4180} INFO - Setting next_dagrun for example_short_circuit_operator to None, run_after=None
[2026-08-30T23:16:15.233+0330] {processor.py:208} INFO - Processing /home/mmirnezamina/de_final_project/airflowenv/lib/python3.10/site-packages/airflow/example_dags/example_short_circuit_operator.py took 0.135 seconds
[2026-08-30T23:16:45.303+0330] {processor.py:186} INFO - Started process (PID=13868) to work on /home/mmirnezamina/de_final_project/airflowenv/lib/python3.10/site-packages/airflow/example_dags/example_short_circuit_operator.py
[2026-08-30T23:16:45.305+0330] {processor.py:914} INFO - Processing file /home/mmirnezamina/de_final_project/airflowenv/lib/python3.10/site-packages/airflow/example_dags/example_short_circuit_operator.py for tasks to queue
[2026-08-30T23:16:45.306+0330] {logging_mixin.py:190} INFO - [2026-08-30T23:16:45.306+0330] {dagbag.py:588} INFO - Filling up the DagBag from /home/mmirnezamina/de_final_project/airflowenv/lib/python3.10/site-packages/airflow/example_dags/example_short_circuit_operator.py
[2026-08-30T23:16:45.319+0330] {processor.py:925} INFO - DAG(s) 'example_short_circuit_operator' retrieved from /home/mmirnezamina/de_final_project/airflowenv/lib/python3.10/site-packages/airflow/example_dags/example_short_circuit_operator.py
[2026-08-30T23:16:45.365+0330] {logging_mixin.py:190} INFO - [2026-08-30T23:16:45.365+0330] {dag.py:3239} INFO - Sync 1 DAGs
[2026-08-30T23:16:45.384+0330] {logging_mixin.py:190} INFO - [2026-08-30T23:16:45.383+0330] {dag.py:4180} INFO - Setting next_dagrun for example_short_circuit_operator to None, run_after=None
[2026-08-30T23:16:45.412+0330] {processor.py:208} INFO - Processing /home/mmirnezamina/de_final_project/airflowenv/lib/python3.10/site-packages/airflow/example_dags/example_short_circuit_operator.py took 0.123 seconds
[2026-08-30T23:17:15.460+0330] {processor.py:186} INFO - Started process (PID=14033) to work on /home/mmirnezamina/de_final_project/airflowenv/lib/python3.10/site-packages/airflow/example_dags/example_short_circuit_operator.py
[2026-08-30T23:17:15.462+0330] {processor.py:914} INFO - Processing file /home/mmirnezamina/de_final_project/airflowenv/lib/python3.10/site-packages/airflow/example_dags/example_short_circuit_operator.py for tasks to queue
[2026-08-30T23:17:15.464+0330] {logging_mixin.py:190} INFO - [2026-08-30T23:17:15.463+0330] {dagbag.py:588} INFO - Filling up the DagBag from /home/mmirnezamina/de_final_project/airflowenv/lib/python3.10/site-packages/airflow/example_dags/example_short_circuit_operator.py
[2026-08-30T23:17:15.478+0330] {processor.py:925} INFO - DAG(s) 'example_short_circuit_operator' retrieved from /home/mmirnezamina/de_final_project/airflowenv/lib/python3.10/site-packages/airflow/example_dags/example_short_circuit_operator.py
[2026-08-30T23:17:15.528+0330] {logging_mixin.py:190} INFO - [2026-08-30T23:17:15.527+0330] {dag.py:3239} INFO - Sync 1 DAGs
[2026-08-30T23:17:15.557+0330] {logging_mixin.py:190} INFO - [2026-08-30T23:17:15.557+0330] {dag.py:4180} INFO - Setting next_dagrun for example_short_circuit_operator to None, run_after=None
[2026-08-30T23:17:15.593+0330] {processor.py:208} INFO - Processing /home/mmirnezamina/de_final_project/airflowenv/lib/python3.10/site-packages/airflow/example_dags/example_short_circuit_operator.py took 0.148 seconds
[2026-08-30T23:17:46.394+0330] {processor.py:186} INFO - Started process (PID=14161) to work on /home/mmirnezamina/de_final_project/airflowenv/lib/python3.10/site-packages/airflow/example_dags/example_short_circuit_operator.py
[2026-08-30T23:17:46.397+0330] {processor.py:914} INFO - Processing file /home/mmirnezamina/de_final_project/airflowenv/lib/python3.10/site-packages/airflow/example_dags/example_short_circuit_operator.py for tasks to queue
[2026-08-30T23:17:46.399+0330] {logging_mixin.py:190} INFO - [2026-08-30T23:17:46.398+0330] {dagbag.py:588} INFO - Filling up the DagBag from /home/mmirnezamina/de_final_project/airflowenv/lib/python3.10/site-packages/airflow/example_dags/example_short_circuit_operator.py
[2026-08-30T23:17:46.411+0330] {processor.py:925} INFO - DAG(s) 'example_short_circuit_operator' retrieved from /home/mmirnezamina/de_final_project/airflowenv/lib/python3.10/site-packages/airflow/example_dags/example_short_circuit_operator.py
[2026-08-30T23:17:46.452+0330] {logging_mixin.py:190} INFO - [2026-08-30T23:17:46.452+0330] {dag.py:3239} INFO - Sync 1 DAGs
[2026-08-30T23:17:46.472+0330] {logging_mixin.py:190} INFO - [2026-08-30T23:17:46.472+0330] {dag.py:4180} INFO - Setting next_dagrun for example_short_circuit_operator to None, run_after=None
[2026-08-30T23:17:46.502+0330] {processor.py:208} INFO - Processing /home/mmirnezamina/de_final_project/airflowenv/lib/python3.10/site-packages/airflow/example_dags/example_short_circuit_operator.py took 0.120 seconds
[2026-08-30T23:18:17.119+0330] {processor.py:186} INFO - Started process (PID=14281) to work on /home/mmirnezamina/de_final_project/airflowenv/lib/python3.10/site-packages/airflow/example_dags/example_short_circuit_operator.py
[2026-08-30T23:18:17.120+0330] {processor.py:914} INFO - Processing file /home/mmirnezamina/de_final_project/airflowenv/lib/python3.10/site-packages/airflow/example_dags/example_short_circuit_operator.py for tasks to queue
[2026-08-30T23:18:17.121+0330] {logging_mixin.py:190} INFO - [2026-08-30T23:18:17.121+0330] {dagbag.py:588} INFO - Filling up the DagBag from /home/mmirnezamina/de_final_project/airflowenv/lib/python3.10/site-packages/airflow/example_dags/example_short_circuit_operator.py
[2026-08-30T23:18:17.131+0330] {processor.py:925} INFO - DAG(s) 'example_short_circuit_operator' retrieved from /home/mmirnezamina/de_final_project/airflowenv/lib/python3.10/site-packages/airflow/example_dags/example_short_circuit_operator.py
[2026-08-30T23:18:17.190+0330] {logging_mixin.py:190} INFO - [2026-08-30T23:18:17.189+0330] {dag.py:3239} INFO - Sync 1 DAGs
[2026-08-30T23:18:17.210+0330] {logging_mixin.py:190} INFO - [2026-08-30T23:18:17.210+0330] {dag.py:4180} INFO - Setting next_dagrun for example_short_circuit_operator to None, run_after=None
[2026-08-30T23:18:17.244+0330] {processor.py:208} INFO - Processing /home/mmirnezamina/de_final_project/airflowenv/lib/python3.10/site-packages/airflow/example_dags/example_short_circuit_operator.py took 0.135 seconds
[2026-08-30T23:18:47.838+0330] {processor.py:186} INFO - Started process (PID=14398) to work on /home/mmirnezamina/de_final_project/airflowenv/lib/python3.10/site-packages/airflow/example_dags/example_short_circuit_operator.py
[2026-08-30T23:18:47.839+0330] {processor.py:914} INFO - Processing file /home/mmirnezamina/de_final_project/airflowenv/lib/python3.10/site-packages/airflow/example_dags/example_short_circuit_operator.py for tasks to queue
[2026-08-30T23:18:47.841+0330] {logging_mixin.py:190} INFO - [2026-08-30T23:18:47.840+0330] {dagbag.py:588} INFO - Filling up the DagBag from /home/mmirnezamina/de_final_project/airflowenv/lib/python3.10/site-packages/airflow/example_dags/example_short_circuit_operator.py
[2026-08-30T23:18:47.881+0330] {processor.py:925} INFO - DAG(s) 'example_short_circuit_operator' retrieved from /home/mmirnezamina/de_final_project/airflowenv/lib/python3.10/site-packages/airflow/example_dags/example_short_circuit_operator.py
[2026-08-30T23:18:47.998+0330] {logging_mixin.py:190} INFO - [2026-08-30T23:18:47.998+0330] {dag.py:3239} INFO - Sync 1 DAGs
[2026-08-30T23:18:48.017+0330] {logging_mixin.py:190} INFO - [2026-08-30T23:18:48.017+0330] {dag.py:4180} INFO - Setting next_dagrun for example_short_circuit_operator to None, run_after=None
[2026-08-30T23:18:48.042+0330] {processor.py:208} INFO - Processing /home/mmirnezamina/de_final_project/airflowenv/lib/python3.10/site-packages/airflow/example_dags/example_short_circuit_operator.py took 0.213 seconds
[2026-08-30T23:19:18.284+0330] {processor.py:186} INFO - Started process (PID=14518) to work on /home/mmirnezamina/de_final_project/airflowenv/lib/python3.10/site-packages/airflow/example_dags/example_short_circuit_operator.py
[2026-08-30T23:19:18.285+0330] {processor.py:914} INFO - Processing file /home/mmirnezamina/de_final_project/airflowenv/lib/python3.10/site-packages/airflow/example_dags/example_short_circuit_operator.py for tasks to queue
[2026-08-30T23:19:18.286+0330] {logging_mixin.py:190} INFO - [2026-08-30T23:19:18.286+0330] {dagbag.py:588} INFO - Filling up the DagBag from /home/mmirnezamina/de_final_project/airflowenv/lib/python3.10/site-packages/airflow/example_dags/example_short_circuit_operator.py
[2026-08-30T23:19:18.294+0330] {processor.py:925} INFO - DAG(s) 'example_short_circuit_operator' retrieved from /home/mmirnezamina/de_final_project/airflowenv/lib/python3.10/site-packages/airflow/example_dags/example_short_circuit_operator.py
[2026-08-30T23:19:18.378+0330] {logging_mixin.py:190} INFO - [2026-08-30T23:19:18.377+0330] {dag.py:3239} INFO - Sync 1 DAGs
[2026-08-30T23:19:18.400+0330] {logging_mixin.py:190} INFO - [2026-08-30T23:19:18.400+0330] {dag.py:4180} INFO - Setting next_dagrun for example_short_circuit_operator to None, run_after=None
[2026-08-30T23:19:18.428+0330] {processor.py:208} INFO - Processing /home/mmirnezamina/de_final_project/airflowenv/lib/python3.10/site-packages/airflow/example_dags/example_short_circuit_operator.py took 0.152 seconds
[2026-08-30T23:19:48.627+0330] {processor.py:186} INFO - Started process (PID=14635) to work on /home/mmirnezamina/de_final_project/airflowenv/lib/python3.10/site-packages/airflow/example_dags/example_short_circuit_operator.py
[2026-08-30T23:19:48.628+0330] {processor.py:914} INFO - Processing file /home/mmirnezamina/de_final_project/airflowenv/lib/python3.10/site-packages/airflow/example_dags/example_short_circuit_operator.py for tasks to queue
[2026-08-30T23:19:48.629+0330] {logging_mixin.py:190} INFO - [2026-08-30T23:19:48.629+0330] {dagbag.py:588} INFO - Filling up the DagBag from /home/mmirnezamina/de_final_project/airflowenv/lib/python3.10/site-packages/airflow/example_dags/example_short_circuit_operator.py
[2026-08-30T23:19:48.639+0330] {processor.py:925} INFO - DAG(s) 'example_short_circuit_operator' retrieved from /home/mmirnezamina/de_final_project/airflowenv/lib/python3.10/site-packages/airflow/example_dags/example_short_circuit_operator.py
[2026-08-30T23:19:48.669+0330] {logging_mixin.py:190} INFO - [2026-08-30T23:19:48.668+0330] {dag.py:3239} INFO - Sync 1 DAGs
[2026-08-30T23:19:48.684+0330] {logging_mixin.py:190} INFO - [2026-08-30T23:19:48.684+0330] {dag.py:4180} INFO - Setting next_dagrun for example_short_circuit_operator to None, run_after=None
[2026-08-30T23:19:48.711+0330] {processor.py:208} INFO - Processing /home/mmirnezamina/de_final_project/airflowenv/lib/python3.10/site-packages/airflow/example_dags/example_short_circuit_operator.py took 0.092 seconds
[2026-08-30T23:20:19.195+0330] {processor.py:186} INFO - Started process (PID=14759) to work on /home/mmirnezamina/de_final_project/airflowenv/lib/python3.10/site-packages/airflow/example_dags/example_short_circuit_operator.py
[2026-08-30T23:20:19.206+0330] {processor.py:914} INFO - Processing file /home/mmirnezamina/de_final_project/airflowenv/lib/python3.10/site-packages/airflow/example_dags/example_short_circuit_operator.py for tasks to queue
[2026-08-30T23:20:19.209+0330] {logging_mixin.py:190} INFO - [2026-08-30T23:20:19.208+0330] {dagbag.py:588} INFO - Filling up the DagBag from /home/mmirnezamina/de_final_project/airflowenv/lib/python3.10/site-packages/airflow/example_dags/example_short_circuit_operator.py
[2026-08-30T23:20:19.284+0330] {processor.py:925} INFO - DAG(s) 'example_short_circuit_operator' retrieved from /home/mmirnezamina/de_final_project/airflowenv/lib/python3.10/site-packages/airflow/example_dags/example_short_circuit_operator.py
[2026-08-30T23:20:19.423+0330] {logging_mixin.py:190} INFO - [2026-08-30T23:20:19.422+0330] {dag.py:3239} INFO - Sync 1 DAGs
[2026-08-30T23:20:19.472+0330] {logging_mixin.py:190} INFO - [2026-08-30T23:20:19.472+0330] {dag.py:4180} INFO - Setting next_dagrun for example_short_circuit_operator to None, run_after=None
[2026-08-30T23:20:19.522+0330] {processor.py:208} INFO - Processing /home/mmirnezamina/de_final_project/airflowenv/lib/python3.10/site-packages/airflow/example_dags/example_short_circuit_operator.py took 0.407 seconds
[2026-08-30T23:20:49.991+0330] {processor.py:186} INFO - Started process (PID=14876) to work on /home/mmirnezamina/de_final_project/airflowenv/lib/python3.10/site-packages/airflow/example_dags/example_short_circuit_operator.py
[2026-08-30T23:20:49.992+0330] {processor.py:914} INFO - Processing file /home/mmirnezamina/de_final_project/airflowenv/lib/python3.10/site-packages/airflow/example_dags/example_short_circuit_operator.py for tasks to queue
[2026-08-30T23:20:49.993+0330] {logging_mixin.py:190} INFO - [2026-08-30T23:20:49.992+0330] {dagbag.py:588} INFO - Filling up the DagBag from /home/mmirnezamina/de_final_project/airflowenv/lib/python3.10/site-packages/airflow/example_dags/example_short_circuit_operator.py
[2026-08-30T23:20:50.000+0330] {processor.py:925} INFO - DAG(s) 'example_short_circuit_operator' retrieved from /home/mmirnezamina/de_final_project/airflowenv/lib/python3.10/site-packages/airflow/example_dags/example_short_circuit_operator.py
[2026-08-30T23:20:50.028+0330] {logging_mixin.py:190} INFO - [2026-08-30T23:20:50.028+0330] {dag.py:3239} INFO - Sync 1 DAGs
[2026-08-30T23:20:50.043+0330] {logging_mixin.py:190} INFO - [2026-08-30T23:20:50.042+0330] {dag.py:4180} INFO - Setting next_dagrun for example_short_circuit_operator to None, run_after=None
[2026-08-30T23:20:50.064+0330] {processor.py:208} INFO - Processing /home/mmirnezamina/de_final_project/airflowenv/lib/python3.10/site-packages/airflow/example_dags/example_short_circuit_operator.py took 0.080 seconds
[2026-08-30T23:21:20.555+0330] {processor.py:186} INFO - Started process (PID=14996) to work on /home/mmirnezamina/de_final_project/airflowenv/lib/python3.10/site-packages/airflow/example_dags/example_short_circuit_operator.py
[2026-08-30T23:21:20.557+0330] {processor.py:914} INFO - Processing file /home/mmirnezamina/de_final_project/airflowenv/lib/python3.10/site-packages/airflow/example_dags/example_short_circuit_operator.py for tasks to queue
[2026-08-30T23:21:20.558+0330] {logging_mixin.py:190} INFO - [2026-08-30T23:21:20.558+0330] {dagbag.py:588} INFO - Filling up the DagBag from /home/mmirnezamina/de_final_project/airflowenv/lib/python3.10/site-packages/airflow/example_dags/example_short_circuit_operator.py
[2026-08-30T23:21:20.566+0330] {processor.py:925} INFO - DAG(s) 'example_short_circuit_operator' retrieved from /home/mmirnezamina/de_final_project/airflowenv/lib/python3.10/site-packages/airflow/example_dags/example_short_circuit_operator.py
[2026-08-30T23:21:20.603+0330] {logging_mixin.py:190} INFO - [2026-08-30T23:21:20.602+0330] {dag.py:3239} INFO - Sync 1 DAGs
[2026-08-30T23:21:20.621+0330] {logging_mixin.py:190} INFO - [2026-08-30T23:21:20.621+0330] {dag.py:4180} INFO - Setting next_dagrun for example_short_circuit_operator to None, run_after=None
[2026-08-30T23:21:20.646+0330] {processor.py:208} INFO - Processing /home/mmirnezamina/de_final_project/airflowenv/lib/python3.10/site-packages/airflow/example_dags/example_short_circuit_operator.py took 0.100 seconds
[2026-08-30T23:21:50.810+0330] {processor.py:186} INFO - Started process (PID=15113) to work on /home/mmirnezamina/de_final_project/airflowenv/lib/python3.10/site-packages/airflow/example_dags/example_short_circuit_operator.py
[2026-08-30T23:21:50.811+0330] {processor.py:914} INFO - Processing file /home/mmirnezamina/de_final_project/airflowenv/lib/python3.10/site-packages/airflow/example_dags/example_short_circuit_operator.py for tasks to queue
[2026-08-30T23:21:50.812+0330] {logging_mixin.py:190} INFO - [2026-08-30T23:21:50.812+0330] {dagbag.py:588} INFO - Filling up the DagBag from /home/mmirnezamina/de_final_project/airflowenv/lib/python3.10/site-packages/airflow/example_dags/example_short_circuit_operator.py
[2026-08-30T23:21:50.819+0330] {processor.py:925} INFO - DAG(s) 'example_short_circuit_operator' retrieved from /home/mmirnezamina/de_final_project/airflowenv/lib/python3.10/site-packages/airflow/example_dags/example_short_circuit_operator.py
[2026-08-30T23:21:50.845+0330] {logging_mixin.py:190} INFO - [2026-08-30T23:21:50.845+0330] {dag.py:3239} INFO - Sync 1 DAGs
[2026-08-30T23:21:50.856+0330] {logging_mixin.py:190} INFO - [2026-08-30T23:21:50.856+0330] {dag.py:4180} INFO - Setting next_dagrun for example_short_circuit_operator to None, run_after=None
[2026-08-30T23:21:50.876+0330] {processor.py:208} INFO - Processing /home/mmirnezamina/de_final_project/airflowenv/lib/python3.10/site-packages/airflow/example_dags/example_short_circuit_operator.py took 0.073 seconds
[2026-08-30T23:22:21.358+0330] {processor.py:186} INFO - Started process (PID=15234) to work on /home/mmirnezamina/de_final_project/airflowenv/lib/python3.10/site-packages/airflow/example_dags/example_short_circuit_operator.py
[2026-08-30T23:22:21.359+0330] {processor.py:914} INFO - Processing file /home/mmirnezamina/de_final_project/airflowenv/lib/python3.10/site-packages/airflow/example_dags/example_short_circuit_operator.py for tasks to queue
[2026-08-30T23:22:21.360+0330] {logging_mixin.py:190} INFO - [2026-08-30T23:22:21.360+0330] {dagbag.py:588} INFO - Filling up the DagBag from /home/mmirnezamina/de_final_project/airflowenv/lib/python3.10/site-packages/airflow/example_dags/example_short_circuit_operator.py
[2026-08-30T23:22:21.369+0330] {processor.py:925} INFO - DAG(s) 'example_short_circuit_operator' retrieved from /home/mmirnezamina/de_final_project/airflowenv/lib/python3.10/site-packages/airflow/example_dags/example_short_circuit_operator.py
[2026-08-30T23:22:21.403+0330] {logging_mixin.py:190} INFO - [2026-08-30T23:22:21.403+0330] {dag.py:3239} INFO - Sync 1 DAGs
[2026-08-30T23:22:21.418+0330] {logging_mixin.py:190} INFO - [2026-08-30T23:22:21.418+0330] {dag.py:4180} INFO - Setting next_dagrun for example_short_circuit_operator to None, run_after=None
[2026-08-30T23:22:21.444+0330] {processor.py:208} INFO - Processing /home/mmirnezamina/de_final_project/airflowenv/lib/python3.10/site-packages/airflow/example_dags/example_short_circuit_operator.py took 0.096 seconds
[2026-08-30T23:22:51.602+0330] {processor.py:186} INFO - Started process (PID=15351) to work on /home/mmirnezamina/de_final_project/airflowenv/lib/python3.10/site-packages/airflow/example_dags/example_short_circuit_operator.py
[2026-08-30T23:22:51.603+0330] {processor.py:914} INFO - Processing file /home/mmirnezamina/de_final_project/airflowenv/lib/python3.10/site-packages/airflow/example_dags/example_short_circuit_operator.py for tasks to queue
[2026-08-30T23:22:51.605+0330] {logging_mixin.py:190} INFO - [2026-08-30T23:22:51.605+0330] {dagbag.py:588} INFO - Filling up the DagBag from /home/mmirnezamina/de_final_project/airflowenv/lib/python3.10/site-packages/airflow/example_dags/example_short_circuit_operator.py
[2026-08-30T23:22:51.620+0330] {processor.py:925} INFO - DAG(s) 'example_short_circuit_operator' retrieved from /home/mmirnezamina/de_final_project/airflowenv/lib/python3.10/site-packages/airflow/example_dags/example_short_circuit_operator.py
[2026-08-30T23:22:51.667+0330] {logging_mixin.py:190} INFO - [2026-08-30T23:22:51.667+0330] {dag.py:3239} INFO - Sync 1 DAGs
[2026-08-30T23:22:51.688+0330] {logging_mixin.py:190} INFO - [2026-08-30T23:22:51.687+0330] {dag.py:4180} INFO - Setting next_dagrun for example_short_circuit_operator to None, run_after=None
[2026-08-30T23:22:51.720+0330] {processor.py:208} INFO - Processing /home/mmirnezamina/de_final_project/airflowenv/lib/python3.10/site-packages/airflow/example_dags/example_short_circuit_operator.py took 0.133 seconds
[2026-08-30T23:23:22.100+0330] {processor.py:186} INFO - Started process (PID=15471) to work on /home/mmirnezamina/de_final_project/airflowenv/lib/python3.10/site-packages/airflow/example_dags/example_short_circuit_operator.py
[2026-08-30T23:23:22.107+0330] {processor.py:914} INFO - Processing file /home/mmirnezamina/de_final_project/airflowenv/lib/python3.10/site-packages/airflow/example_dags/example_short_circuit_operator.py for tasks to queue
[2026-08-30T23:23:22.109+0330] {logging_mixin.py:190} INFO - [2026-08-30T23:23:22.108+0330] {dagbag.py:588} INFO - Filling up the DagBag from /home/mmirnezamina/de_final_project/airflowenv/lib/python3.10/site-packages/airflow/example_dags/example_short_circuit_operator.py
[2026-08-30T23:23:22.122+0330] {processor.py:925} INFO - DAG(s) 'example_short_circuit_operator' retrieved from /home/mmirnezamina/de_final_project/airflowenv/lib/python3.10/site-packages/airflow/example_dags/example_short_circuit_operator.py
[2026-08-30T23:23:22.175+0330] {logging_mixin.py:190} INFO - [2026-08-30T23:23:22.175+0330] {dag.py:3239} INFO - Sync 1 DAGs
[2026-08-30T23:23:22.196+0330] {logging_mixin.py:190} INFO - [2026-08-30T23:23:22.196+0330] {dag.py:4180} INFO - Setting next_dagrun for example_short_circuit_operator to None, run_after=None
[2026-08-30T23:23:22.251+0330] {processor.py:208} INFO - Processing /home/mmirnezamina/de_final_project/airflowenv/lib/python3.10/site-packages/airflow/example_dags/example_short_circuit_operator.py took 0.165 seconds
[2026-08-30T23:23:52.332+0330] {processor.py:186} INFO - Started process (PID=15588) to work on /home/mmirnezamina/de_final_project/airflowenv/lib/python3.10/site-packages/airflow/example_dags/example_short_circuit_operator.py
[2026-08-30T23:23:52.333+0330] {processor.py:914} INFO - Processing file /home/mmirnezamina/de_final_project/airflowenv/lib/python3.10/site-packages/airflow/example_dags/example_short_circuit_operator.py for tasks to queue
[2026-08-30T23:23:52.335+0330] {logging_mixin.py:190} INFO - [2026-08-30T23:23:52.335+0330] {dagbag.py:588} INFO - Filling up the DagBag from /home/mmirnezamina/de_final_project/airflowenv/lib/python3.10/site-packages/airflow/example_dags/example_short_circuit_operator.py
[2026-08-30T23:23:52.349+0330] {processor.py:925} INFO - DAG(s) 'example_short_circuit_operator' retrieved from /home/mmirnezamina/de_final_project/airflowenv/lib/python3.10/site-packages/airflow/example_dags/example_short_circuit_operator.py
[2026-08-30T23:23:52.382+0330] {logging_mixin.py:190} INFO - [2026-08-30T23:23:52.382+0330] {dag.py:3239} INFO - Sync 1 DAGs
[2026-08-30T23:23:52.402+0330] {logging_mixin.py:190} INFO - [2026-08-30T23:23:52.402+0330] {dag.py:4180} INFO - Setting next_dagrun for example_short_circuit_operator to None, run_after=None
[2026-08-30T23:23:52.435+0330] {processor.py:208} INFO - Processing /home/mmirnezamina/de_final_project/airflowenv/lib/python3.10/site-packages/airflow/example_dags/example_short_circuit_operator.py took 0.111 seconds
[2026-08-30T23:24:23.074+0330] {processor.py:186} INFO - Started process (PID=15708) to work on /home/mmirnezamina/de_final_project/airflowenv/lib/python3.10/site-packages/airflow/example_dags/example_short_circuit_operator.py
[2026-08-30T23:24:23.075+0330] {processor.py:914} INFO - Processing file /home/mmirnezamina/de_final_project/airflowenv/lib/python3.10/site-packages/airflow/example_dags/example_short_circuit_operator.py for tasks to queue
[2026-08-30T23:24:23.077+0330] {logging_mixin.py:190} INFO - [2026-08-30T23:24:23.076+0330] {dagbag.py:588} INFO - Filling up the DagBag from /home/mmirnezamina/de_final_project/airflowenv/lib/python3.10/site-packages/airflow/example_dags/example_short_circuit_operator.py
[2026-08-30T23:24:23.088+0330] {processor.py:925} INFO - DAG(s) 'example_short_circuit_operator' retrieved from /home/mmirnezamina/de_final_project/airflowenv/lib/python3.10/site-packages/airflow/example_dags/example_short_circuit_operator.py
[2026-08-30T23:24:23.130+0330] {logging_mixin.py:190} INFO - [2026-08-30T23:24:23.130+0330] {dag.py:3239} INFO - Sync 1 DAGs
[2026-08-30T23:24:23.150+0330] {logging_mixin.py:190} INFO - [2026-08-30T23:24:23.150+0330] {dag.py:4180} INFO - Setting next_dagrun for example_short_circuit_operator to None, run_after=None
[2026-08-30T23:24:23.187+0330] {processor.py:208} INFO - Processing /home/mmirnezamina/de_final_project/airflowenv/lib/python3.10/site-packages/airflow/example_dags/example_short_circuit_operator.py took 0.123 seconds
[2026-08-30T23:24:53.814+0330] {processor.py:186} INFO - Started process (PID=15834) to work on /home/mmirnezamina/de_final_project/airflowenv/lib/python3.10/site-packages/airflow/example_dags/example_short_circuit_operator.py
[2026-08-30T23:24:53.816+0330] {processor.py:914} INFO - Processing file /home/mmirnezamina/de_final_project/airflowenv/lib/python3.10/site-packages/airflow/example_dags/example_short_circuit_operator.py for tasks to queue
[2026-08-30T23:24:53.818+0330] {logging_mixin.py:190} INFO - [2026-08-30T23:24:53.817+0330] {dagbag.py:588} INFO - Filling up the DagBag from /home/mmirnezamina/de_final_project/airflowenv/lib/python3.10/site-packages/airflow/example_dags/example_short_circuit_operator.py
[2026-08-30T23:24:53.837+0330] {processor.py:925} INFO - DAG(s) 'example_short_circuit_operator' retrieved from /home/mmirnezamina/de_final_project/airflowenv/lib/python3.10/site-packages/airflow/example_dags/example_short_circuit_operator.py
[2026-08-30T23:24:53.889+0330] {logging_mixin.py:190} INFO - [2026-08-30T23:24:53.889+0330] {dag.py:3239} INFO - Sync 1 DAGs
[2026-08-30T23:24:53.912+0330] {logging_mixin.py:190} INFO - [2026-08-30T23:24:53.912+0330] {dag.py:4180} INFO - Setting next_dagrun for example_short_circuit_operator to None, run_after=None
[2026-08-30T23:24:53.944+0330] {processor.py:208} INFO - Processing /home/mmirnezamina/de_final_project/airflowenv/lib/python3.10/site-packages/airflow/example_dags/example_short_circuit_operator.py took 0.148 seconds
[2026-08-30T23:25:25.380+0330] {processor.py:186} INFO - Started process (PID=15979) to work on /home/mmirnezamina/de_final_project/airflowenv/lib/python3.10/site-packages/airflow/example_dags/example_short_circuit_operator.py
[2026-08-30T23:25:25.382+0330] {processor.py:914} INFO - Processing file /home/mmirnezamina/de_final_project/airflowenv/lib/python3.10/site-packages/airflow/example_dags/example_short_circuit_operator.py for tasks to queue
[2026-08-30T23:25:25.383+0330] {logging_mixin.py:190} INFO - [2026-08-30T23:25:25.383+0330] {dagbag.py:588} INFO - Filling up the DagBag from /home/mmirnezamina/de_final_project/airflowenv/lib/python3.10/site-packages/airflow/example_dags/example_short_circuit_operator.py
[2026-08-30T23:25:25.393+0330] {processor.py:925} INFO - DAG(s) 'example_short_circuit_operator' retrieved from /home/mmirnezamina/de_final_project/airflowenv/lib/python3.10/site-packages/airflow/example_dags/example_short_circuit_operator.py
[2026-08-30T23:25:25.493+0330] {logging_mixin.py:190} INFO - [2026-08-30T23:25:25.492+0330] {dag.py:3239} INFO - Sync 1 DAGs
[2026-08-30T23:25:25.559+0330] {logging_mixin.py:190} INFO - [2026-08-30T23:25:25.558+0330] {dag.py:4180} INFO - Setting next_dagrun for example_short_circuit_operator to None, run_after=None
[2026-08-30T23:25:25.631+0330] {processor.py:208} INFO - Processing /home/mmirnezamina/de_final_project/airflowenv/lib/python3.10/site-packages/airflow/example_dags/example_short_circuit_operator.py took 0.262 seconds
[2026-08-30T23:25:55.879+0330] {processor.py:186} INFO - Started process (PID=16106) to work on /home/mmirnezamina/de_final_project/airflowenv/lib/python3.10/site-packages/airflow/example_dags/example_short_circuit_operator.py
[2026-08-30T23:25:55.881+0330] {processor.py:914} INFO - Processing file /home/mmirnezamina/de_final_project/airflowenv/lib/python3.10/site-packages/airflow/example_dags/example_short_circuit_operator.py for tasks to queue
[2026-08-30T23:25:55.883+0330] {logging_mixin.py:190} INFO - [2026-08-30T23:25:55.882+0330] {dagbag.py:588} INFO - Filling up the DagBag from /home/mmirnezamina/de_final_project/airflowenv/lib/python3.10/site-packages/airflow/example_dags/example_short_circuit_operator.py
[2026-08-30T23:25:55.892+0330] {processor.py:925} INFO - DAG(s) 'example_short_circuit_operator' retrieved from /home/mmirnezamina/de_final_project/airflowenv/lib/python3.10/site-packages/airflow/example_dags/example_short_circuit_operator.py
[2026-08-30T23:25:55.929+0330] {logging_mixin.py:190} INFO - [2026-08-30T23:25:55.929+0330] {dag.py:3239} INFO - Sync 1 DAGs
[2026-08-30T23:25:55.946+0330] {logging_mixin.py:190} INFO - [2026-08-30T23:25:55.946+0330] {dag.py:4180} INFO - Setting next_dagrun for example_short_circuit_operator to None, run_after=None
[2026-08-30T23:25:55.975+0330] {processor.py:208} INFO - Processing /home/mmirnezamina/de_final_project/airflowenv/lib/python3.10/site-packages/airflow/example_dags/example_short_circuit_operator.py took 0.105 seconds
[2026-08-30T23:26:26.818+0330] {processor.py:186} INFO - Started process (PID=16226) to work on /home/mmirnezamina/de_final_project/airflowenv/lib/python3.10/site-packages/airflow/example_dags/example_short_circuit_operator.py
[2026-08-30T23:26:26.822+0330] {processor.py:914} INFO - Processing file /home/mmirnezamina/de_final_project/airflowenv/lib/python3.10/site-packages/airflow/example_dags/example_short_circuit_operator.py for tasks to queue
[2026-08-30T23:26:26.827+0330] {logging_mixin.py:190} INFO - [2026-08-30T23:26:26.826+0330] {dagbag.py:588} INFO - Filling up the DagBag from /home/mmirnezamina/de_final_project/airflowenv/lib/python3.10/site-packages/airflow/example_dags/example_short_circuit_operator.py
[2026-08-30T23:26:26.863+0330] {processor.py:925} INFO - DAG(s) 'example_short_circuit_operator' retrieved from /home/mmirnezamina/de_final_project/airflowenv/lib/python3.10/site-packages/airflow/example_dags/example_short_circuit_operator.py
[2026-08-30T23:26:26.978+0330] {logging_mixin.py:190} INFO - [2026-08-30T23:26:26.977+0330] {dag.py:3239} INFO - Sync 1 DAGs
[2026-08-30T23:26:27.042+0330] {logging_mixin.py:190} INFO - [2026-08-30T23:26:27.041+0330] {dag.py:4180} INFO - Setting next_dagrun for example_short_circuit_operator to None, run_after=None
[2026-08-30T23:26:27.127+0330] {processor.py:208} INFO - Processing /home/mmirnezamina/de_final_project/airflowenv/lib/python3.10/site-packages/airflow/example_dags/example_short_circuit_operator.py took 0.342 seconds
[2026-08-30T23:26:57.485+0330] {processor.py:186} INFO - Started process (PID=16343) to work on /home/mmirnezamina/de_final_project/airflowenv/lib/python3.10/site-packages/airflow/example_dags/example_short_circuit_operator.py
[2026-08-30T23:26:57.487+0330] {processor.py:914} INFO - Processing file /home/mmirnezamina/de_final_project/airflowenv/lib/python3.10/site-packages/airflow/example_dags/example_short_circuit_operator.py for tasks to queue
[2026-08-30T23:26:57.490+0330] {logging_mixin.py:190} INFO - [2026-08-30T23:26:57.489+0330] {dagbag.py:588} INFO - Filling up the DagBag from /home/mmirnezamina/de_final_project/airflowenv/lib/python3.10/site-packages/airflow/example_dags/example_short_circuit_operator.py
[2026-08-30T23:26:57.510+0330] {processor.py:925} INFO - DAG(s) 'example_short_circuit_operator' retrieved from /home/mmirnezamina/de_final_project/airflowenv/lib/python3.10/site-packages/airflow/example_dags/example_short_circuit_operator.py
[2026-08-30T23:26:57.579+0330] {logging_mixin.py:190} INFO - [2026-08-30T23:26:57.579+0330] {dag.py:3239} INFO - Sync 1 DAGs
[2026-08-30T23:26:57.614+0330] {logging_mixin.py:190} INFO - [2026-08-30T23:26:57.614+0330] {dag.py:4180} INFO - Setting next_dagrun for example_short_circuit_operator to None, run_after=None
[2026-08-30T23:26:57.666+0330] {processor.py:208} INFO - Processing /home/mmirnezamina/de_final_project/airflowenv/lib/python3.10/site-packages/airflow/example_dags/example_short_circuit_operator.py took 0.203 seconds
[2026-08-30T23:28:02.410+0330] {processor.py:186} INFO - Started process (PID=16471) to work on /home/mmirnezamina/de_final_project/airflowenv/lib/python3.10/site-packages/airflow/example_dags/example_short_circuit_operator.py
[2026-08-30T23:28:02.413+0330] {processor.py:914} INFO - Processing file /home/mmirnezamina/de_final_project/airflowenv/lib/python3.10/site-packages/airflow/example_dags/example_short_circuit_operator.py for tasks to queue
[2026-08-30T23:28:02.416+0330] {logging_mixin.py:190} INFO - [2026-08-30T23:28:02.416+0330] {dagbag.py:588} INFO - Filling up the DagBag from /home/mmirnezamina/de_final_project/airflowenv/lib/python3.10/site-packages/airflow/example_dags/example_short_circuit_operator.py
[2026-08-30T23:28:02.437+0330] {processor.py:925} INFO - DAG(s) 'example_short_circuit_operator' retrieved from /home/mmirnezamina/de_final_project/airflowenv/lib/python3.10/site-packages/airflow/example_dags/example_short_circuit_operator.py
[2026-08-30T23:28:02.816+0330] {logging_mixin.py:190} INFO - [2026-08-30T23:28:02.812+0330] {override.py:1930} INFO - Created Permission View: can delete on DAG:example_short_circuit_operator
[2026-08-30T23:28:02.861+0330] {logging_mixin.py:190} INFO - [2026-08-30T23:28:02.860+0330] {override.py:1930} INFO - Created Permission View: can read on DAG:example_short_circuit_operator
[2026-08-30T23:28:02.887+0330] {logging_mixin.py:190} INFO - [2026-08-30T23:28:02.886+0330] {override.py:1930} INFO - Created Permission View: can edit on DAG:example_short_circuit_operator
[2026-08-30T23:28:02.933+0330] {logging_mixin.py:190} INFO - [2026-08-30T23:28:02.932+0330] {override.py:1930} INFO - Created Permission View: can create on DAG Run:example_short_circuit_operator
[2026-08-30T23:28:02.958+0330] {logging_mixin.py:190} INFO - [2026-08-30T23:28:02.957+0330] {override.py:1930} INFO - Created Permission View: can delete on DAG Run:example_short_circuit_operator
[2026-08-30T23:28:02.989+0330] {logging_mixin.py:190} INFO - [2026-08-30T23:28:02.988+0330] {override.py:1930} INFO - Created Permission View: can read on DAG Run:example_short_circuit_operator
[2026-08-30T23:28:03.015+0330] {logging_mixin.py:190} INFO - [2026-08-30T23:28:03.014+0330] {override.py:1930} INFO - Created Permission View: menu access on DAG Run:example_short_circuit_operator
[2026-08-30T23:28:03.016+0330] {logging_mixin.py:190} INFO - [2026-08-30T23:28:03.016+0330] {dag.py:3239} INFO - Sync 1 DAGs
[2026-08-30T23:28:03.052+0330] {logging_mixin.py:190} INFO - [2026-08-30T23:28:03.052+0330] {dag.py:3262} INFO - Creating ORM DAG for example_short_circuit_operator
[2026-08-30T23:28:03.054+0330] {logging_mixin.py:190} INFO - [2026-08-30T23:28:03.054+0330] {dag.py:4180} INFO - Setting next_dagrun for example_short_circuit_operator to None, run_after=None
[2026-08-30T23:28:03.106+0330] {processor.py:208} INFO - Processing /home/mmirnezamina/de_final_project/airflowenv/lib/python3.10/site-packages/airflow/example_dags/example_short_circuit_operator.py took 0.715 seconds
