[2026-08-30T23:13:57.094+0330] {processor.py:186} INFO - Started process (PID=13222) to work on /home/mmirnezamina/de_final_project/airflowenv/lib/python3.10/site-packages/airflow/example_dags/example_bash_operator.py
[2026-08-30T23:13:57.095+0330] {processor.py:914} INFO - Processing file /home/mmirnezamina/de_final_project/airflowenv/lib/python3.10/site-packages/airflow/example_dags/example_bash_operator.py for tasks to queue
[2026-08-30T23:13:57.097+0330] {logging_mixin.py:190} INFO - [2026-08-30T23:13:57.097+0330] {dagbag.py:588} INFO - Filling up the DagBag from /home/mmirnezamina/de_final_project/airflowenv/lib/python3.10/site-packages/airflow/example_dags/example_bash_operator.py
[2026-08-30T23:13:57.125+0330] {processor.py:925} INFO - DAG(s) 'example_bash_operator' retrieved from /home/mmirnezamina/de_final_project/airflowenv/lib/python3.10/site-packages/airflow/example_dags/example_bash_operator.py
[2026-08-30T23:13:57.353+0330] {logging_mixin.py:190} INFO - [2026-08-30T23:13:57.352+0330] {override.py:1930} INFO - Created Permission View: can edit on DAG:example_bash_operator
[2026-08-30T23:13:57.375+0330] {logging_mixin.py:190} INFO - [2026-08-30T23:13:57.375+0330] {override.py:1930} INFO - Created Permission View: can read on DAG:example_bash_operator
[2026-08-30T23:13:57.393+0330] {logging_mixin.py:190} INFO - [2026-08-30T23:13:57.393+0330] {override.py:1930} INFO - Created Permission View: can delete on DAG:example_bash_operator
[2026-08-30T23:13:57.415+0330] {logging_mixin.py:190} INFO - [2026-08-30T23:13:57.414+0330] {override.py:1930} INFO - Created Permission View: menu access on DAG Run:example_bash_operator
[2026-08-30T23:13:57.432+0330] {logging_mixin.py:190} INFO - [2026-08-30T23:13:57.432+0330] {override.py:1930} INFO - Created Permission View: can create on DAG Run:example_bash_operator
[2026-08-30T23:13:57.450+0330] {logging_mixin.py:190} INFO - [2026-08-30T23:13:57.449+0330] {override.py:1930} INFO - Created Permission View: can read on DAG Run:example_bash_operator
[2026-08-30T23:13:57.467+0330] {logging_mixin.py:190} INFO - [2026-08-30T23:13:57.467+0330] {override.py:1930} INFO - Created Permission View: can delete on DAG Run:example_bash_operator
[2026-08-30T23:13:57.468+0330] {logging_mixin.py:190} INFO - [2026-08-30T23:13:57.468+0330] {dag.py:3239} INFO - Sync 1 DAGs
[2026-08-30T23:13:57.496+0330] {logging_mixin.py:190} INFO - [2026-08-30T23:13:57.495+0330] {dag.py:3262} INFO - Creating ORM DAG for example_bash_operator
[2026-08-30T23:13:57.517+0330] {logging_mixin.py:190} INFO - [2026-08-30T23:13:57.516+0330] {dag.py:4180} INFO - Setting next_dagrun for example_bash_operator to 2026-08-29 00:00:00+00:00, run_after=2026-08-30 00:00:00+00:00
[2026-08-30T23:13:57.552+0330] {processor.py:208} INFO - Processing /home/mmirnezamina/de_final_project/airflowenv/lib/python3.10/site-packages/airflow/example_dags/example_bash_operator.py took 0.475 seconds
[2026-08-30T23:14:27.917+0330] {processor.py:186} INFO - Started process (PID=13343) to work on /home/mmirnezamina/de_final_project/airflowenv/lib/python3.10/site-packages/airflow/example_dags/example_bash_operator.py
[2026-08-30T23:14:27.919+0330] {processor.py:914} INFO - Processing file /home/mmirnezamina/de_final_project/airflowenv/lib/python3.10/site-packages/airflow/example_dags/example_bash_operator.py for tasks to queue
[2026-08-30T23:14:27.922+0330] {logging_mixin.py:190} INFO - [2026-08-30T23:14:27.921+0330] {dagbag.py:588} INFO - Filling up the DagBag from /home/mmirnezamina/de_final_project/airflowenv/lib/python3.10/site-packages/airflow/example_dags/example_bash_operator.py
[2026-08-30T23:14:27.961+0330] {processor.py:925} INFO - DAG(s) 'example_bash_operator' retrieved from /home/mmirnezamina/de_final_project/airflowenv/lib/python3.10/site-packages/airflow/example_dags/example_bash_operator.py
[2026-08-30T23:14:28.048+0330] {logging_mixin.py:190} INFO - [2026-08-30T23:14:28.048+0330] {dag.py:3239} INFO - Sync 1 DAGs
[2026-08-30T23:14:28.110+0330] {logging_mixin.py:190} INFO - [2026-08-30T23:14:28.110+0330] {dag.py:4180} INFO - Setting next_dagrun for example_bash_operator to 2026-08-29 00:00:00+00:00, run_after=2026-08-30 00:00:00+00:00
[2026-08-30T23:14:28.155+0330] {processor.py:208} INFO - Processing /home/mmirnezamina/de_final_project/airflowenv/lib/python3.10/site-packages/airflow/example_dags/example_bash_operator.py took 0.265 seconds
[2026-08-30T23:14:59.885+0330] {processor.py:186} INFO - Started process (PID=13462) to work on /home/mmirnezamina/de_final_project/airflowenv/lib/python3.10/site-packages/airflow/example_dags/example_bash_operator.py
[2026-08-30T23:14:59.888+0330] {processor.py:914} INFO - Processing file /home/mmirnezamina/de_final_project/airflowenv/lib/python3.10/site-packages/airflow/example_dags/example_bash_operator.py for tasks to queue
[2026-08-30T23:14:59.896+0330] {logging_mixin.py:190} INFO - [2026-08-30T23:14:59.894+0330] {dagbag.py:588} INFO - Filling up the DagBag from /home/mmirnezamina/de_final_project/airflowenv/lib/python3.10/site-packages/airflow/example_dags/example_bash_operator.py
[2026-08-30T23:15:00.005+0330] {processor.py:925} INFO - DAG(s) 'example_bash_operator' retrieved from /home/mmirnezamina/de_final_project/airflowenv/lib/python3.10/site-packages/airflow/example_dags/example_bash_operator.py
[2026-08-30T23:15:00.151+0330] {logging_mixin.py:190} INFO - [2026-08-30T23:15:00.150+0330] {dag.py:3239} INFO - Sync 1 DAGs
[2026-08-30T23:15:00.255+0330] {logging_mixin.py:190} INFO - [2026-08-30T23:15:00.254+0330] {dag.py:4180} INFO - Setting next_dagrun for example_bash_operator to 2026-08-29 00:00:00+00:00, run_after=2026-08-30 00:00:00+00:00
[2026-08-30T23:15:00.336+0330] {processor.py:208} INFO - Processing /home/mmirnezamina/de_final_project/airflowenv/lib/python3.10/site-packages/airflow/example_dags/example_bash_operator.py took 0.489 seconds
[2026-08-30T23:15:32.028+0330] {processor.py:186} INFO - Started process (PID=13585) to work on /home/mmirnezamina/de_final_project/airflowenv/lib/python3.10/site-packages/airflow/example_dags/example_bash_operator.py
[2026-08-30T23:15:32.033+0330] {processor.py:914} INFO - Processing file /home/mmirnezamina/de_final_project/airflowenv/lib/python3.10/site-packages/airflow/example_dags/example_bash_operator.py for tasks to queue
[2026-08-30T23:15:32.038+0330] {logging_mixin.py:190} INFO - [2026-08-30T23:15:32.037+0330] {dagbag.py:588} INFO - Filling up the DagBag from /home/mmirnezamina/de_final_project/airflowenv/lib/python3.10/site-packages/airflow/example_dags/example_bash_operator.py
[2026-08-30T23:15:32.110+0330] {processor.py:925} INFO - DAG(s) 'example_bash_operator' retrieved from /home/mmirnezamina/de_final_project/airflowenv/lib/python3.10/site-packages/airflow/example_dags/example_bash_operator.py
[2026-08-30T23:15:32.243+0330] {logging_mixin.py:190} INFO - [2026-08-30T23:15:32.243+0330] {dag.py:3239} INFO - Sync 1 DAGs
[2026-08-30T23:15:32.369+0330] {logging_mixin.py:190} INFO - [2026-08-30T23:15:32.368+0330] {dag.py:4180} INFO - Setting next_dagrun for example_bash_operator to 2026-08-29 00:00:00+00:00, run_after=2026-08-30 00:00:00+00:00
[2026-08-30T23:15:32.461+0330] {processor.py:208} INFO - Processing /home/mmirnezamina/de_final_project/airflowenv/lib/python3.10/site-packages/airflow/example_dags/example_bash_operator.py took 0.495 seconds
[2026-08-30T23:16:02.723+0330] {processor.py:186} INFO - Started process (PID=13704) to work on /home/mmirnezamina/de_final_project/airflowenv/lib/python3.10/site-packages/airflow/example_dags/example_bash_operator.py
[2026-08-30T23:16:02.724+0330] {processor.py:914} INFO - Processing file /home/mmirnezamina/de_final_project/airflowenv/lib/python3.10/site-packages/airflow/example_dags/example_bash_operator.py for tasks to queue
[2026-08-30T23:16:02.726+0330] {logging_mixin.py:190} INFO - [2026-08-30T23:16:02.726+0330] {dagbag.py:588} INFO - Filling up the DagBag from /home/mmirnezamina/de_final_project/airflowenv/lib/python3.10/site-packages/airflow/example_dags/example_bash_operator.py
[2026-08-30T23:16:02.749+0330] {processor.py:925} INFO - DAG(s) 'example_bash_operator' retrieved from /home/mmirnezamina/de_final_project/airflowenv/lib/python3.10/site-packages/airflow/example_dags/example_bash_operator.py
[2026-08-30T23:16:02.801+0330] {logging_mixin.py:190} INFO - [2026-08-30T23:16:02.801+0330] {dag.py:3239} INFO - Sync 1 DAGs
[2026-08-30T23:16:02.836+0330] {logging_mixin.py:190} INFO - [2026-08-30T23:16:02.836+0330] {dag.py:4180} INFO - Setting next_dagrun for example_bash_operator to 2026-08-29 00:00:00+00:00, run_after=2026-08-30 00:00:00+00:00
[2026-08-30T23:16:02.877+0330] {processor.py:208} INFO - Processing /home/mmirnezamina/de_final_project/airflowenv/lib/python3.10/site-packages/airflow/example_dags/example_bash_operator.py took 0.168 seconds
[2026-08-30T23:16:33.781+0330] {processor.py:186} INFO - Started process (PID=13825) to work on /home/mmirnezamina/de_final_project/airflowenv/lib/python3.10/site-packages/airflow/example_dags/example_bash_operator.py
[2026-08-30T23:16:33.784+0330] {processor.py:914} INFO - Processing file /home/mmirnezamina/de_final_project/airflowenv/lib/python3.10/site-packages/airflow/example_dags/example_bash_operator.py for tasks to queue
[2026-08-30T23:16:33.787+0330] {logging_mixin.py:190} INFO - [2026-08-30T23:16:33.786+0330] {dagbag.py:588} INFO - Filling up the DagBag from /home/mmirnezamina/de_final_project/airflowenv/lib/python3.10/site-packages/airflow/example_dags/example_bash_operator.py
[2026-08-30T23:16:33.823+0330] {processor.py:925} INFO - DAG(s) 'example_bash_operator' retrieved from /home/mmirnezamina/de_final_project/airflowenv/lib/python3.10/site-packages/airflow/example_dags/example_bash_operator.py
[2026-08-30T23:16:33.934+0330] {logging_mixin.py:190} INFO - [2026-08-30T23:16:33.933+0330] {dag.py:3239} INFO - Sync 1 DAGs
[2026-08-30T23:16:34.058+0330] {logging_mixin.py:190} INFO - [2026-08-30T23:16:34.057+0330] {dag.py:4180} INFO - Setting next_dagrun for example_bash_operator to 2026-08-29 00:00:00+00:00, run_after=2026-08-30 00:00:00+00:00
[2026-08-30T23:16:34.136+0330] {processor.py:208} INFO - Processing /home/mmirnezamina/de_final_project/airflowenv/lib/python3.10/site-packages/airflow/example_dags/example_bash_operator.py took 0.377 seconds
[2026-08-30T23:17:04.486+0330] {processor.py:186} INFO - Started process (PID=13991) to work on /home/mmirnezamina/de_final_project/airflowenv/lib/python3.10/site-packages/airflow/example_dags/example_bash_operator.py
[2026-08-30T23:17:04.489+0330] {processor.py:914} INFO - Processing file /home/mmirnezamina/de_final_project/airflowenv/lib/python3.10/site-packages/airflow/example_dags/example_bash_operator.py for tasks to queue
[2026-08-30T23:17:04.493+0330] {logging_mixin.py:190} INFO - [2026-08-30T23:17:04.492+0330] {dagbag.py:588} INFO - Filling up the DagBag from /home/mmirnezamina/de_final_project/airflowenv/lib/python3.10/site-packages/airflow/example_dags/example_bash_operator.py
[2026-08-30T23:17:04.537+0330] {processor.py:925} INFO - DAG(s) 'example_bash_operator' retrieved from /home/mmirnezamina/de_final_project/airflowenv/lib/python3.10/site-packages/airflow/example_dags/example_bash_operator.py
[2026-08-30T23:17:04.668+0330] {logging_mixin.py:190} INFO - [2026-08-30T23:17:04.667+0330] {dag.py:3239} INFO - Sync 1 DAGs
[2026-08-30T23:17:04.780+0330] {logging_mixin.py:190} INFO - [2026-08-30T23:17:04.779+0330] {dag.py:4180} INFO - Setting next_dagrun for example_bash_operator to 2026-08-29 00:00:00+00:00, run_after=2026-08-30 00:00:00+00:00
[2026-08-30T23:17:04.865+0330] {processor.py:208} INFO - Processing /home/mmirnezamina/de_final_project/airflowenv/lib/python3.10/site-packages/airflow/example_dags/example_bash_operator.py took 0.418 seconds
[2026-08-30T23:17:37.390+0330] {processor.py:186} INFO - Started process (PID=14122) to work on /home/mmirnezamina/de_final_project/airflowenv/lib/python3.10/site-packages/airflow/example_dags/example_bash_operator.py
[2026-08-30T23:17:37.395+0330] {processor.py:914} INFO - Processing file /home/mmirnezamina/de_final_project/airflowenv/lib/python3.10/site-packages/airflow/example_dags/example_bash_operator.py for tasks to queue
[2026-08-30T23:17:37.402+0330] {logging_mixin.py:190} INFO - [2026-08-30T23:17:37.401+0330] {dagbag.py:588} INFO - Filling up the DagBag from /home/mmirnezamina/de_final_project/airflowenv/lib/python3.10/site-packages/airflow/example_dags/example_bash_operator.py
[2026-08-30T23:17:37.488+0330] {processor.py:925} INFO - DAG(s) 'example_bash_operator' retrieved from /home/mmirnezamina/de_final_project/airflowenv/lib/python3.10/site-packages/airflow/example_dags/example_bash_operator.py
[2026-08-30T23:17:37.647+0330] {logging_mixin.py:190} INFO - [2026-08-30T23:17:37.645+0330] {dag.py:3239} INFO - Sync 1 DAGs
[2026-08-30T23:17:37.845+0330] {logging_mixin.py:190} INFO - [2026-08-30T23:17:37.844+0330] {dag.py:4180} INFO - Setting next_dagrun for example_bash_operator to 2026-08-29 00:00:00+00:00, run_after=2026-08-30 00:00:00+00:00
[2026-08-30T23:17:38.005+0330] {processor.py:208} INFO - Processing /home/mmirnezamina/de_final_project/airflowenv/lib/python3.10/site-packages/airflow/example_dags/example_bash_operator.py took 0.686 seconds
[2026-08-30T23:18:08.179+0330] {processor.py:186} INFO - Started process (PID=14241) to work on /home/mmirnezamina/de_final_project/airflowenv/lib/python3.10/site-packages/airflow/example_dags/example_bash_operator.py
[2026-08-30T23:18:08.182+0330] {processor.py:914} INFO - Processing file /home/mmirnezamina/de_final_project/airflowenv/lib/python3.10/site-packages/airflow/example_dags/example_bash_operator.py for tasks to queue
[2026-08-30T23:18:08.187+0330] {logging_mixin.py:190} INFO - [2026-08-30T23:18:08.186+0330] {dagbag.py:588} INFO - Filling up the DagBag from /home/mmirnezamina/de_final_project/airflowenv/lib/python3.10/site-packages/airflow/example_dags/example_bash_operator.py
[2026-08-30T23:18:08.241+0330] {processor.py:925} INFO - DAG(s) 'example_bash_operator' retrieved from /home/mmirnezamina/de_final_project/airflowenv/lib/python3.10/site-packages/airflow/example_dags/example_bash_operator.py
[2026-08-30T23:18:08.409+0330] {logging_mixin.py:190} INFO - [2026-08-30T23:18:08.408+0330] {dag.py:3239} INFO - Sync 1 DAGs
[2026-08-30T23:18:08.483+0330] {logging_mixin.py:190} INFO - [2026-08-30T23:18:08.482+0330] {dag.py:4180} INFO - Setting next_dagrun for example_bash_operator to 2026-08-29 00:00:00+00:00, run_after=2026-08-30 00:00:00+00:00
[2026-08-30T23:18:08.535+0330] {processor.py:208} INFO - Processing /home/mmirnezamina/de_final_project/airflowenv/lib/python3.10/site-packages/airflow/example_dags/example_bash_operator.py took 0.385 seconds
[2026-08-30T23:18:38.939+0330] {processor.py:186} INFO - Started process (PID=14360) to work on /home/mmirnezamina/de_final_project/airflowenv/lib/python3.10/site-packages/airflow/example_dags/example_bash_operator.py
[2026-08-30T23:18:38.941+0330] {processor.py:914} INFO - Processing file /home/mmirnezamina/de_final_project/airflowenv/lib/python3.10/site-packages/airflow/example_dags/example_bash_operator.py for tasks to queue
[2026-08-30T23:18:38.942+0330] {logging_mixin.py:190} INFO - [2026-08-30T23:18:38.942+0330] {dagbag.py:588} INFO - Filling up the DagBag from /home/mmirnezamina/de_final_project/airflowenv/lib/python3.10/site-packages/airflow/example_dags/example_bash_operator.py
[2026-08-30T23:18:38.955+0330] {processor.py:925} INFO - DAG(s) 'example_bash_operator' retrieved from /home/mmirnezamina/de_final_project/airflowenv/lib/python3.10/site-packages/airflow/example_dags/example_bash_operator.py
[2026-08-30T23:18:38.996+0330] {logging_mixin.py:190} INFO - [2026-08-30T23:18:38.995+0330] {dag.py:3239} INFO - Sync 1 DAGs
[2026-08-30T23:18:39.025+0330] {logging_mixin.py:190} INFO - [2026-08-30T23:18:39.025+0330] {dag.py:4180} INFO - Setting next_dagrun for example_bash_operator to 2026-08-29 00:00:00+00:00, run_after=2026-08-30 00:00:00+00:00
[2026-08-30T23:18:39.047+0330] {processor.py:208} INFO - Processing /home/mmirnezamina/de_final_project/airflowenv/lib/python3.10/site-packages/airflow/example_dags/example_bash_operator.py took 0.117 seconds
[2026-08-30T23:19:09.795+0330] {processor.py:186} INFO - Started process (PID=14478) to work on /home/mmirnezamina/de_final_project/airflowenv/lib/python3.10/site-packages/airflow/example_dags/example_bash_operator.py
[2026-08-30T23:19:09.796+0330] {processor.py:914} INFO - Processing file /home/mmirnezamina/de_final_project/airflowenv/lib/python3.10/site-packages/airflow/example_dags/example_bash_operator.py for tasks to queue
[2026-08-30T23:19:09.798+0330] {logging_mixin.py:190} INFO - [2026-08-30T23:19:09.797+0330] {dagbag.py:588} INFO - Filling up the DagBag from /home/mmirnezamina/de_final_project/airflowenv/lib/python3.10/site-packages/airflow/example_dags/example_bash_operator.py
[2026-08-30T23:19:09.879+0330] {processor.py:925} INFO - DAG(s) 'example_bash_operator' retrieved from /home/mmirnezamina/de_final_project/airflowenv/lib/python3.10/site-packages/airflow/example_dags/example_bash_operator.py
[2026-08-30T23:19:09.927+0330] {logging_mixin.py:190} INFO - [2026-08-30T23:19:09.926+0330] {dag.py:3239} INFO - Sync 1 DAGs
[2026-08-30T23:19:09.957+0330] {logging_mixin.py:190} INFO - [2026-08-30T23:19:09.956+0330] {dag.py:4180} INFO - Setting next_dagrun for example_bash_operator to 2026-08-29 00:00:00+00:00, run_after=2026-08-30 00:00:00+00:00
[2026-08-30T23:19:09.984+0330] {processor.py:208} INFO - Processing /home/mmirnezamina/de_final_project/airflowenv/lib/python3.10/site-packages/airflow/example_dags/example_bash_operator.py took 0.200 seconds
[2026-08-30T23:19:40.600+0330] {processor.py:186} INFO - Started process (PID=14597) to work on /home/mmirnezamina/de_final_project/airflowenv/lib/python3.10/site-packages/airflow/example_dags/example_bash_operator.py
[2026-08-30T23:19:40.602+0330] {processor.py:914} INFO - Processing file /home/mmirnezamina/de_final_project/airflowenv/lib/python3.10/site-packages/airflow/example_dags/example_bash_operator.py for tasks to queue
[2026-08-30T23:19:40.604+0330] {logging_mixin.py:190} INFO - [2026-08-30T23:19:40.603+0330] {dagbag.py:588} INFO - Filling up the DagBag from /home/mmirnezamina/de_final_project/airflowenv/lib/python3.10/site-packages/airflow/example_dags/example_bash_operator.py
[2026-08-30T23:19:40.623+0330] {processor.py:925} INFO - DAG(s) 'example_bash_operator' retrieved from /home/mmirnezamina/de_final_project/airflowenv/lib/python3.10/site-packages/airflow/example_dags/example_bash_operator.py
[2026-08-30T23:19:40.665+0330] {logging_mixin.py:190} INFO - [2026-08-30T23:19:40.665+0330] {dag.py:3239} INFO - Sync 1 DAGs
[2026-08-30T23:19:40.702+0330] {logging_mixin.py:190} INFO - [2026-08-30T23:19:40.702+0330] {dag.py:4180} INFO - Setting next_dagrun for example_bash_operator to 2026-08-29 00:00:00+00:00, run_after=2026-08-30 00:00:00+00:00
[2026-08-30T23:19:40.730+0330] {processor.py:208} INFO - Processing /home/mmirnezamina/de_final_project/airflowenv/lib/python3.10/site-packages/airflow/example_dags/example_bash_operator.py took 0.141 seconds
[2026-08-30T23:20:12.653+0330] {processor.py:186} INFO - Started process (PID=14719) to work on /home/mmirnezamina/de_final_project/airflowenv/lib/python3.10/site-packages/airflow/example_dags/example_bash_operator.py
[2026-08-30T23:20:12.654+0330] {processor.py:914} INFO - Processing file /home/mmirnezamina/de_final_project/airflowenv/lib/python3.10/site-packages/airflow/example_dags/example_bash_operator.py for tasks to queue
[2026-08-30T23:20:12.656+0330] {logging_mixin.py:190} INFO - [2026-08-30T23:20:12.655+0330] {dagbag.py:588} INFO - Filling up the DagBag from /home/mmirnezamina/de_final_project/airflowenv/lib/python3.10/site-packages/airflow/example_dags/example_bash_operator.py
[2026-08-30T23:20:12.673+0330] {processor.py:925} INFO - DAG(s) 'example_bash_operator' retrieved from /home/mmirnezamina/de_final_project/airflowenv/lib/python3.10/site-packages/airflow/example_dags/example_bash_operator.py
[2026-08-30T23:20:12.717+0330] {logging_mixin.py:190} INFO - [2026-08-30T23:20:12.717+0330] {dag.py:3239} INFO - Sync 1 DAGs
[2026-08-30T23:20:12.750+0330] {logging_mixin.py:190} INFO - [2026-08-30T23:20:12.749+0330] {dag.py:4180} INFO - Setting next_dagrun for example_bash_operator to 2026-08-29 00:00:00+00:00, run_after=2026-08-30 00:00:00+00:00
[2026-08-30T23:20:13.203+0330] {processor.py:208} INFO - Processing /home/mmirnezamina/de_final_project/airflowenv/lib/python3.10/site-packages/airflow/example_dags/example_bash_operator.py took 0.561 seconds
[2026-08-30T23:20:43.772+0330] {processor.py:186} INFO - Started process (PID=14841) to work on /home/mmirnezamina/de_final_project/airflowenv/lib/python3.10/site-packages/airflow/example_dags/example_bash_operator.py
[2026-08-30T23:20:43.773+0330] {processor.py:914} INFO - Processing file /home/mmirnezamina/de_final_project/airflowenv/lib/python3.10/site-packages/airflow/example_dags/example_bash_operator.py for tasks to queue
[2026-08-30T23:20:43.774+0330] {logging_mixin.py:190} INFO - [2026-08-30T23:20:43.774+0330] {dagbag.py:588} INFO - Filling up the DagBag from /home/mmirnezamina/de_final_project/airflowenv/lib/python3.10/site-packages/airflow/example_dags/example_bash_operator.py
[2026-08-30T23:20:43.784+0330] {processor.py:925} INFO - DAG(s) 'example_bash_operator' retrieved from /home/mmirnezamina/de_final_project/airflowenv/lib/python3.10/site-packages/airflow/example_dags/example_bash_operator.py
[2026-08-30T23:20:43.811+0330] {logging_mixin.py:190} INFO - [2026-08-30T23:20:43.811+0330] {dag.py:3239} INFO - Sync 1 DAGs
[2026-08-30T23:20:43.833+0330] {logging_mixin.py:190} INFO - [2026-08-30T23:20:43.833+0330] {dag.py:4180} INFO - Setting next_dagrun for example_bash_operator to 2026-08-29 00:00:00+00:00, run_after=2026-08-30 00:00:00+00:00
[2026-08-30T23:20:43.853+0330] {processor.py:208} INFO - Processing /home/mmirnezamina/de_final_project/airflowenv/lib/python3.10/site-packages/airflow/example_dags/example_bash_operator.py took 0.087 seconds
[2026-08-30T23:21:14.334+0330] {processor.py:186} INFO - Started process (PID=14959) to work on /home/mmirnezamina/de_final_project/airflowenv/lib/python3.10/site-packages/airflow/example_dags/example_bash_operator.py
[2026-08-30T23:21:14.336+0330] {processor.py:914} INFO - Processing file /home/mmirnezamina/de_final_project/airflowenv/lib/python3.10/site-packages/airflow/example_dags/example_bash_operator.py for tasks to queue
[2026-08-30T23:21:14.338+0330] {logging_mixin.py:190} INFO - [2026-08-30T23:21:14.337+0330] {dagbag.py:588} INFO - Filling up the DagBag from /home/mmirnezamina/de_final_project/airflowenv/lib/python3.10/site-packages/airflow/example_dags/example_bash_operator.py
[2026-08-30T23:21:14.357+0330] {processor.py:925} INFO - DAG(s) 'example_bash_operator' retrieved from /home/mmirnezamina/de_final_project/airflowenv/lib/python3.10/site-packages/airflow/example_dags/example_bash_operator.py
[2026-08-30T23:21:14.411+0330] {logging_mixin.py:190} INFO - [2026-08-30T23:21:14.411+0330] {dag.py:3239} INFO - Sync 1 DAGs
[2026-08-30T23:21:14.450+0330] {logging_mixin.py:190} INFO - [2026-08-30T23:21:14.450+0330] {dag.py:4180} INFO - Setting next_dagrun for example_bash_operator to 2026-08-29 00:00:00+00:00, run_after=2026-08-30 00:00:00+00:00
[2026-08-30T23:21:14.482+0330] {processor.py:208} INFO - Processing /home/mmirnezamina/de_final_project/airflowenv/lib/python3.10/site-packages/airflow/example_dags/example_bash_operator.py took 0.160 seconds
[2026-08-30T23:21:44.921+0330] {processor.py:186} INFO - Started process (PID=15078) to work on /home/mmirnezamina/de_final_project/airflowenv/lib/python3.10/site-packages/airflow/example_dags/example_bash_operator.py
[2026-08-30T23:21:44.922+0330] {processor.py:914} INFO - Processing file /home/mmirnezamina/de_final_project/airflowenv/lib/python3.10/site-packages/airflow/example_dags/example_bash_operator.py for tasks to queue
[2026-08-30T23:21:44.923+0330] {logging_mixin.py:190} INFO - [2026-08-30T23:21:44.923+0330] {dagbag.py:588} INFO - Filling up the DagBag from /home/mmirnezamina/de_final_project/airflowenv/lib/python3.10/site-packages/airflow/example_dags/example_bash_operator.py
[2026-08-30T23:21:44.933+0330] {processor.py:925} INFO - DAG(s) 'example_bash_operator' retrieved from /home/mmirnezamina/de_final_project/airflowenv/lib/python3.10/site-packages/airflow/example_dags/example_bash_operator.py
[2026-08-30T23:21:44.963+0330] {logging_mixin.py:190} INFO - [2026-08-30T23:21:44.963+0330] {dag.py:3239} INFO - Sync 1 DAGs
[2026-08-30T23:21:44.984+0330] {logging_mixin.py:190} INFO - [2026-08-30T23:21:44.984+0330] {dag.py:4180} INFO - Setting next_dagrun for example_bash_operator to 2026-08-29 00:00:00+00:00, run_after=2026-08-30 00:00:00+00:00
[2026-08-30T23:21:45.004+0330] {processor.py:208} INFO - Processing /home/mmirnezamina/de_final_project/airflowenv/lib/python3.10/site-packages/airflow/example_dags/example_bash_operator.py took 0.089 seconds
[2026-08-30T23:22:16.204+0330] {processor.py:186} INFO - Started process (PID=15205) to work on /home/mmirnezamina/de_final_project/airflowenv/lib/python3.10/site-packages/airflow/example_dags/example_bash_operator.py
[2026-08-30T23:22:16.207+0330] {processor.py:914} INFO - Processing file /home/mmirnezamina/de_final_project/airflowenv/lib/python3.10/site-packages/airflow/example_dags/example_bash_operator.py for tasks to queue
[2026-08-30T23:22:16.209+0330] {logging_mixin.py:190} INFO - [2026-08-30T23:22:16.209+0330] {dagbag.py:588} INFO - Filling up the DagBag from /home/mmirnezamina/de_final_project/airflowenv/lib/python3.10/site-packages/airflow/example_dags/example_bash_operator.py
[2026-08-30T23:22:16.231+0330] {processor.py:925} INFO - DAG(s) 'example_bash_operator' retrieved from /home/mmirnezamina/de_final_project/airflowenv/lib/python3.10/site-packages/airflow/example_dags/example_bash_operator.py
[2026-08-30T23:22:16.289+0330] {logging_mixin.py:190} INFO - [2026-08-30T23:22:16.289+0330] {dag.py:3239} INFO - Sync 1 DAGs
[2026-08-30T23:22:16.335+0330] {logging_mixin.py:190} INFO - [2026-08-30T23:22:16.335+0330] {dag.py:4180} INFO - Setting next_dagrun for example_bash_operator to 2026-08-29 00:00:00+00:00, run_after=2026-08-30 00:00:00+00:00
[2026-08-30T23:22:16.370+0330] {processor.py:208} INFO - Processing /home/mmirnezamina/de_final_project/airflowenv/lib/python3.10/site-packages/airflow/example_dags/example_bash_operator.py took 0.180 seconds
[2026-08-30T23:22:47.089+0330] {processor.py:186} INFO - Started process (PID=15324) to work on /home/mmirnezamina/de_final_project/airflowenv/lib/python3.10/site-packages/airflow/example_dags/example_bash_operator.py
[2026-08-30T23:22:47.091+0330] {processor.py:914} INFO - Processing file /home/mmirnezamina/de_final_project/airflowenv/lib/python3.10/site-packages/airflow/example_dags/example_bash_operator.py for tasks to queue
[2026-08-30T23:22:47.093+0330] {logging_mixin.py:190} INFO - [2026-08-30T23:22:47.093+0330] {dagbag.py:588} INFO - Filling up the DagBag from /home/mmirnezamina/de_final_project/airflowenv/lib/python3.10/site-packages/airflow/example_dags/example_bash_operator.py
[2026-08-30T23:22:47.118+0330] {processor.py:925} INFO - DAG(s) 'example_bash_operator' retrieved from /home/mmirnezamina/de_final_project/airflowenv/lib/python3.10/site-packages/airflow/example_dags/example_bash_operator.py
[2026-08-30T23:22:47.177+0330] {logging_mixin.py:190} INFO - [2026-08-30T23:22:47.176+0330] {dag.py:3239} INFO - Sync 1 DAGs
[2026-08-30T23:22:47.225+0330] {logging_mixin.py:190} INFO - [2026-08-30T23:22:47.224+0330] {dag.py:4180} INFO - Setting next_dagrun for example_bash_operator to 2026-08-29 00:00:00+00:00, run_after=2026-08-30 00:00:00+00:00
[2026-08-30T23:22:47.268+0330] {processor.py:208} INFO - Processing /home/mmirnezamina/de_final_project/airflowenv/lib/python3.10/site-packages/airflow/example_dags/example_bash_operator.py took 0.202 seconds
[2026-08-30T23:23:18.232+0330] {processor.py:186} INFO - Started process (PID=15444) to work on /home/mmirnezamina/de_final_project/airflowenv/lib/python3.10/site-packages/airflow/example_dags/example_bash_operator.py
[2026-08-30T23:23:18.234+0330] {processor.py:914} INFO - Processing file /home/mmirnezamina/de_final_project/airflowenv/lib/python3.10/site-packages/airflow/example_dags/example_bash_operator.py for tasks to queue
[2026-08-30T23:23:18.236+0330] {logging_mixin.py:190} INFO - [2026-08-30T23:23:18.235+0330] {dagbag.py:588} INFO - Filling up the DagBag from /home/mmirnezamina/de_final_project/airflowenv/lib/python3.10/site-packages/airflow/example_dags/example_bash_operator.py
[2026-08-30T23:23:18.264+0330] {processor.py:925} INFO - DAG(s) 'example_bash_operator' retrieved from /home/mmirnezamina/de_final_project/airflowenv/lib/python3.10/site-packages/airflow/example_dags/example_bash_operator.py
[2026-08-30T23:23:18.355+0330] {logging_mixin.py:190} INFO - [2026-08-30T23:23:18.354+0330] {dag.py:3239} INFO - Sync 1 DAGs
[2026-08-30T23:23:18.420+0330] {logging_mixin.py:190} INFO - [2026-08-30T23:23:18.419+0330] {dag.py:4180} INFO - Setting next_dagrun for example_bash_operator to 2026-08-29 00:00:00+00:00, run_after=2026-08-30 00:00:00+00:00
[2026-08-30T23:23:18.511+0330] {processor.py:208} INFO - Processing /home/mmirnezamina/de_final_project/airflowenv/lib/python3.10/site-packages/airflow/example_dags/example_bash_operator.py took 0.304 seconds
[2026-08-30T23:23:49.004+0330] {processor.py:186} INFO - Started process (PID=15561) to work on /home/mmirnezamina/de_final_project/airflowenv/lib/python3.10/site-packages/airflow/example_dags/example_bash_operator.py
[2026-08-30T23:23:49.007+0330] {processor.py:914} INFO - Processing file /home/mmirnezamina/de_final_project/airflowenv/lib/python3.10/site-packages/airflow/example_dags/example_bash_operator.py for tasks to queue
[2026-08-30T23:23:49.008+0330] {logging_mixin.py:190} INFO - [2026-08-30T23:23:49.008+0330] {dagbag.py:588} INFO - Filling up the DagBag from /home/mmirnezamina/de_final_project/airflowenv/lib/python3.10/site-packages/airflow/example_dags/example_bash_operator.py
[2026-08-30T23:23:49.041+0330] {processor.py:925} INFO - DAG(s) 'example_bash_operator' retrieved from /home/mmirnezamina/de_final_project/airflowenv/lib/python3.10/site-packages/airflow/example_dags/example_bash_operator.py
[2026-08-30T23:23:49.094+0330] {logging_mixin.py:190} INFO - [2026-08-30T23:23:49.094+0330] {dag.py:3239} INFO - Sync 1 DAGs
[2026-08-30T23:23:49.124+0330] {logging_mixin.py:190} INFO - [2026-08-30T23:23:49.124+0330] {dag.py:4180} INFO - Setting next_dagrun for example_bash_operator to 2026-08-29 00:00:00+00:00, run_after=2026-08-30 00:00:00+00:00
[2026-08-30T23:23:49.162+0330] {processor.py:208} INFO - Processing /home/mmirnezamina/de_final_project/airflowenv/lib/python3.10/site-packages/airflow/example_dags/example_bash_operator.py took 0.172 seconds
[2026-08-30T23:24:19.874+0330] {processor.py:186} INFO - Started process (PID=15684) to work on /home/mmirnezamina/de_final_project/airflowenv/lib/python3.10/site-packages/airflow/example_dags/example_bash_operator.py
[2026-08-30T23:24:19.876+0330] {processor.py:914} INFO - Processing file /home/mmirnezamina/de_final_project/airflowenv/lib/python3.10/site-packages/airflow/example_dags/example_bash_operator.py for tasks to queue
[2026-08-30T23:24:19.878+0330] {logging_mixin.py:190} INFO - [2026-08-30T23:24:19.878+0330] {dagbag.py:588} INFO - Filling up the DagBag from /home/mmirnezamina/de_final_project/airflowenv/lib/python3.10/site-packages/airflow/example_dags/example_bash_operator.py
[2026-08-30T23:24:19.903+0330] {processor.py:925} INFO - DAG(s) 'example_bash_operator' retrieved from /home/mmirnezamina/de_final_project/airflowenv/lib/python3.10/site-packages/airflow/example_dags/example_bash_operator.py
[2026-08-30T23:24:19.962+0330] {logging_mixin.py:190} INFO - [2026-08-30T23:24:19.962+0330] {dag.py:3239} INFO - Sync 1 DAGs
[2026-08-30T23:24:20.010+0330] {logging_mixin.py:190} INFO - [2026-08-30T23:24:20.009+0330] {dag.py:4180} INFO - Setting next_dagrun for example_bash_operator to 2026-08-29 00:00:00+00:00, run_after=2026-08-30 00:00:00+00:00
[2026-08-30T23:24:20.051+0330] {processor.py:208} INFO - Processing /home/mmirnezamina/de_final_project/airflowenv/lib/python3.10/site-packages/airflow/example_dags/example_bash_operator.py took 0.193 seconds
[2026-08-30T23:24:50.964+0330] {processor.py:186} INFO - Started process (PID=15801) to work on /home/mmirnezamina/de_final_project/airflowenv/lib/python3.10/site-packages/airflow/example_dags/example_bash_operator.py
[2026-08-30T23:24:50.967+0330] {processor.py:914} INFO - Processing file /home/mmirnezamina/de_final_project/airflowenv/lib/python3.10/site-packages/airflow/example_dags/example_bash_operator.py for tasks to queue
[2026-08-30T23:24:50.969+0330] {logging_mixin.py:190} INFO - [2026-08-30T23:24:50.968+0330] {dagbag.py:588} INFO - Filling up the DagBag from /home/mmirnezamina/de_final_project/airflowenv/lib/python3.10/site-packages/airflow/example_dags/example_bash_operator.py
[2026-08-30T23:24:51.001+0330] {processor.py:925} INFO - DAG(s) 'example_bash_operator' retrieved from /home/mmirnezamina/de_final_project/airflowenv/lib/python3.10/site-packages/airflow/example_dags/example_bash_operator.py
[2026-08-30T23:24:51.106+0330] {logging_mixin.py:190} INFO - [2026-08-30T23:24:51.106+0330] {dag.py:3239} INFO - Sync 1 DAGs
[2026-08-30T23:24:51.182+0330] {logging_mixin.py:190} INFO - [2026-08-30T23:24:51.181+0330] {dag.py:4180} INFO - Setting next_dagrun for example_bash_operator to 2026-08-29 00:00:00+00:00, run_after=2026-08-30 00:00:00+00:00
[2026-08-30T23:24:51.236+0330] {processor.py:208} INFO - Processing /home/mmirnezamina/de_final_project/airflowenv/lib/python3.10/site-packages/airflow/example_dags/example_bash_operator.py took 0.290 seconds
[2026-08-30T23:25:22.188+0330] {processor.py:186} INFO - Started process (PID=15955) to work on /home/mmirnezamina/de_final_project/airflowenv/lib/python3.10/site-packages/airflow/example_dags/example_bash_operator.py
[2026-08-30T23:25:22.192+0330] {processor.py:914} INFO - Processing file /home/mmirnezamina/de_final_project/airflowenv/lib/python3.10/site-packages/airflow/example_dags/example_bash_operator.py for tasks to queue
[2026-08-30T23:25:22.196+0330] {logging_mixin.py:190} INFO - [2026-08-30T23:25:22.195+0330] {dagbag.py:588} INFO - Filling up the DagBag from /home/mmirnezamina/de_final_project/airflowenv/lib/python3.10/site-packages/airflow/example_dags/example_bash_operator.py
[2026-08-30T23:25:22.269+0330] {processor.py:925} INFO - DAG(s) 'example_bash_operator' retrieved from /home/mmirnezamina/de_final_project/airflowenv/lib/python3.10/site-packages/airflow/example_dags/example_bash_operator.py
[2026-08-30T23:25:22.447+0330] {logging_mixin.py:190} INFO - [2026-08-30T23:25:22.446+0330] {dag.py:3239} INFO - Sync 1 DAGs
[2026-08-30T23:25:22.575+0330] {logging_mixin.py:190} INFO - [2026-08-30T23:25:22.574+0330] {dag.py:4180} INFO - Setting next_dagrun for example_bash_operator to 2026-08-29 00:00:00+00:00, run_after=2026-08-30 00:00:00+00:00
[2026-08-30T23:25:22.671+0330] {processor.py:208} INFO - Processing /home/mmirnezamina/de_final_project/airflowenv/lib/python3.10/site-packages/airflow/example_dags/example_bash_operator.py took 0.519 seconds
[2026-08-30T23:25:53.372+0330] {processor.py:186} INFO - Started process (PID=16089) to work on /home/mmirnezamina/de_final_project/airflowenv/lib/python3.10/site-packages/airflow/example_dags/example_bash_operator.py
[2026-08-30T23:25:53.374+0330] {processor.py:914} INFO - Processing file /home/mmirnezamina/de_final_project/airflowenv/lib/python3.10/site-packages/airflow/example_dags/example_bash_operator.py for tasks to queue
[2026-08-30T23:25:53.375+0330] {logging_mixin.py:190} INFO - [2026-08-30T23:25:53.375+0330] {dagbag.py:588} INFO - Filling up the DagBag from /home/mmirnezamina/de_final_project/airflowenv/lib/python3.10/site-packages/airflow/example_dags/example_bash_operator.py
[2026-08-30T23:25:53.392+0330] {processor.py:925} INFO - DAG(s) 'example_bash_operator' retrieved from /home/mmirnezamina/de_final_project/airflowenv/lib/python3.10/site-packages/airflow/example_dags/example_bash_operator.py
[2026-08-30T23:25:53.429+0330] {logging_mixin.py:190} INFO - [2026-08-30T23:25:53.429+0330] {dag.py:3239} INFO - Sync 1 DAGs
[2026-08-30T23:25:53.458+0330] {logging_mixin.py:190} INFO - [2026-08-30T23:25:53.458+0330] {dag.py:4180} INFO - Setting next_dagrun for example_bash_operator to 2026-08-29 00:00:00+00:00, run_after=2026-08-30 00:00:00+00:00
[2026-08-30T23:25:53.483+0330] {processor.py:208} INFO - Processing /home/mmirnezamina/de_final_project/airflowenv/lib/python3.10/site-packages/airflow/example_dags/example_bash_operator.py took 0.123 seconds
[2026-08-30T23:26:24.224+0330] {processor.py:186} INFO - Started process (PID=16210) to work on /home/mmirnezamina/de_final_project/airflowenv/lib/python3.10/site-packages/airflow/example_dags/example_bash_operator.py
[2026-08-30T23:26:24.226+0330] {processor.py:914} INFO - Processing file /home/mmirnezamina/de_final_project/airflowenv/lib/python3.10/site-packages/airflow/example_dags/example_bash_operator.py for tasks to queue
[2026-08-30T23:26:24.230+0330] {logging_mixin.py:190} INFO - [2026-08-30T23:26:24.229+0330] {dagbag.py:588} INFO - Filling up the DagBag from /home/mmirnezamina/de_final_project/airflowenv/lib/python3.10/site-packages/airflow/example_dags/example_bash_operator.py
[2026-08-30T23:26:24.287+0330] {processor.py:925} INFO - DAG(s) 'example_bash_operator' retrieved from /home/mmirnezamina/de_final_project/airflowenv/lib/python3.10/site-packages/airflow/example_dags/example_bash_operator.py
[2026-08-30T23:26:24.389+0330] {logging_mixin.py:190} INFO - [2026-08-30T23:26:24.388+0330] {dag.py:3239} INFO - Sync 1 DAGs
[2026-08-30T23:26:24.460+0330] {logging_mixin.py:190} INFO - [2026-08-30T23:26:24.460+0330] {dag.py:4180} INFO - Setting next_dagrun for example_bash_operator to 2026-08-29 00:00:00+00:00, run_after=2026-08-30 00:00:00+00:00
[2026-08-30T23:26:24.525+0330] {processor.py:208} INFO - Processing /home/mmirnezamina/de_final_project/airflowenv/lib/python3.10/site-packages/airflow/example_dags/example_bash_operator.py took 0.339 seconds
[2026-08-30T23:26:54.674+0330] {processor.py:186} INFO - Started process (PID=16327) to work on /home/mmirnezamina/de_final_project/airflowenv/lib/python3.10/site-packages/airflow/example_dags/example_bash_operator.py
[2026-08-30T23:26:54.678+0330] {processor.py:914} INFO - Processing file /home/mmirnezamina/de_final_project/airflowenv/lib/python3.10/site-packages/airflow/example_dags/example_bash_operator.py for tasks to queue
[2026-08-30T23:26:54.681+0330] {logging_mixin.py:190} INFO - [2026-08-30T23:26:54.680+0330] {dagbag.py:588} INFO - Filling up the DagBag from /home/mmirnezamina/de_final_project/airflowenv/lib/python3.10/site-packages/airflow/example_dags/example_bash_operator.py
[2026-08-30T23:26:54.714+0330] {processor.py:925} INFO - DAG(s) 'example_bash_operator' retrieved from /home/mmirnezamina/de_final_project/airflowenv/lib/python3.10/site-packages/airflow/example_dags/example_bash_operator.py
[2026-08-30T23:26:54.792+0330] {logging_mixin.py:190} INFO - [2026-08-30T23:26:54.791+0330] {dag.py:3239} INFO - Sync 1 DAGs
[2026-08-30T23:26:54.838+0330] {logging_mixin.py:190} INFO - [2026-08-30T23:26:54.838+0330] {dag.py:4180} INFO - Setting next_dagrun for example_bash_operator to 2026-08-29 00:00:00+00:00, run_after=2026-08-30 00:00:00+00:00
[2026-08-30T23:26:54.881+0330] {processor.py:208} INFO - Processing /home/mmirnezamina/de_final_project/airflowenv/lib/python3.10/site-packages/airflow/example_dags/example_bash_operator.py took 0.228 seconds
