[2026-08-30T23:13:37.111+0330] {processor.py:186} INFO - Started process (PID=13136) to work on /home/mmirnezamina/de_final_project/airflowenv/lib/python3.10/site-packages/airflow/example_dags/example_time_delta_sensor_async.py
[2026-08-30T23:13:37.126+0330] {processor.py:914} INFO - Processing file /home/mmirnezamina/de_final_project/airflowenv/lib/python3.10/site-packages/airflow/example_dags/example_time_delta_sensor_async.py for tasks to queue
[2026-08-30T23:13:37.147+0330] {logging_mixin.py:190} INFO - [2026-08-30T23:13:37.146+0330] {dagbag.py:588} INFO - Filling up the DagBag from /home/mmirnezamina/de_final_project/airflowenv/lib/python3.10/site-packages/airflow/example_dags/example_time_delta_sensor_async.py
[2026-08-30T23:13:37.222+0330] {processor.py:925} INFO - DAG(s) 'example_time_delta_sensor_async' retrieved from /home/mmirnezamina/de_final_project/airflowenv/lib/python3.10/site-packages/airflow/example_dags/example_time_delta_sensor_async.py
[2026-08-30T23:13:37.856+0330] {logging_mixin.py:190} INFO - [2026-08-30T23:13:37.852+0330] {override.py:1930} INFO - Created Permission View: can edit on DAG:example_time_delta_sensor_async
[2026-08-30T23:13:37.931+0330] {logging_mixin.py:190} INFO - [2026-08-30T23:13:37.930+0330] {override.py:1930} INFO - Created Permission View: can read on DAG:example_time_delta_sensor_async
[2026-08-30T23:13:37.987+0330] {logging_mixin.py:190} INFO - [2026-08-30T23:13:37.986+0330] {override.py:1930} INFO - Created Permission View: can delete on DAG:example_time_delta_sensor_async
[2026-08-30T23:13:38.026+0330] {logging_mixin.py:190} INFO - [2026-08-30T23:13:38.025+0330] {override.py:1930} INFO - Created Permission View: menu access on DAG Run:example_time_delta_sensor_async
[2026-08-30T23:13:38.136+0330] {logging_mixin.py:190} INFO - [2026-08-30T23:13:38.134+0330] {override.py:1930} INFO - Created Permission View: can create on DAG Run:example_time_delta_sensor_async
[2026-08-30T23:13:38.230+0330] {logging_mixin.py:190} INFO - [2026-08-30T23:13:38.221+0330] {override.py:1930} INFO - Created Permission View: can read on DAG Run:example_time_delta_sensor_async
[2026-08-30T23:13:38.292+0330] {logging_mixin.py:190} INFO - [2026-08-30T23:13:38.287+0330] {override.py:1930} INFO - Created Permission View: can delete on DAG Run:example_time_delta_sensor_async
[2026-08-30T23:13:38.295+0330] {logging_mixin.py:190} INFO - [2026-08-30T23:13:38.294+0330] {dag.py:3239} INFO - Sync 1 DAGs
[2026-08-30T23:13:38.444+0330] {logging_mixin.py:190} INFO - [2026-08-30T23:13:38.443+0330] {dag.py:3262} INFO - Creating ORM DAG for example_time_delta_sensor_async
[2026-08-30T23:13:38.447+0330] {logging_mixin.py:190} INFO - [2026-08-30T23:13:38.446+0330] {dag.py:4180} INFO - Setting next_dagrun for example_time_delta_sensor_async to None, run_after=None
[2026-08-30T23:13:38.595+0330] {processor.py:208} INFO - Processing /home/mmirnezamina/de_final_project/airflowenv/lib/python3.10/site-packages/airflow/example_dags/example_time_delta_sensor_async.py took 1.577 seconds
[2026-08-30T23:14:08.730+0330] {processor.py:186} INFO - Started process (PID=13262) to work on /home/mmirnezamina/de_final_project/airflowenv/lib/python3.10/site-packages/airflow/example_dags/example_time_delta_sensor_async.py
[2026-08-30T23:14:08.730+0330] {processor.py:914} INFO - Processing file /home/mmirnezamina/de_final_project/airflowenv/lib/python3.10/site-packages/airflow/example_dags/example_time_delta_sensor_async.py for tasks to queue
[2026-08-30T23:14:08.731+0330] {logging_mixin.py:190} INFO - [2026-08-30T23:14:08.731+0330] {dagbag.py:588} INFO - Filling up the DagBag from /home/mmirnezamina/de_final_project/airflowenv/lib/python3.10/site-packages/airflow/example_dags/example_time_delta_sensor_async.py
[2026-08-30T23:14:08.737+0330] {processor.py:925} INFO - DAG(s) 'example_time_delta_sensor_async' retrieved from /home/mmirnezamina/de_final_project/airflowenv/lib/python3.10/site-packages/airflow/example_dags/example_time_delta_sensor_async.py
[2026-08-30T23:14:08.760+0330] {logging_mixin.py:190} INFO - [2026-08-30T23:14:08.760+0330] {dag.py:3239} INFO - Sync 1 DAGs
[2026-08-30T23:14:08.774+0330] {logging_mixin.py:190} INFO - [2026-08-30T23:14:08.774+0330] {dag.py:4180} INFO - Setting next_dagrun for example_time_delta_sensor_async to None, run_after=None
[2026-08-30T23:14:08.797+0330] {processor.py:208} INFO - Processing /home/mmirnezamina/de_final_project/airflowenv/lib/python3.10/site-packages/airflow/example_dags/example_time_delta_sensor_async.py took 0.075 seconds
[2026-08-30T23:14:39.098+0330] {processor.py:186} INFO - Started process (PID=13381) to work on /home/mmirnezamina/de_final_project/airflowenv/lib/python3.10/site-packages/airflow/example_dags/example_time_delta_sensor_async.py
[2026-08-30T23:14:39.100+0330] {processor.py:914} INFO - Processing file /home/mmirnezamina/de_final_project/airflowenv/lib/python3.10/site-packages/airflow/example_dags/example_time_delta_sensor_async.py for tasks to queue
[2026-08-30T23:14:39.101+0330] {logging_mixin.py:190} INFO - [2026-08-30T23:14:39.101+0330] {dagbag.py:588} INFO - Filling up the DagBag from /home/mmirnezamina/de_final_project/airflowenv/lib/python3.10/site-packages/airflow/example_dags/example_time_delta_sensor_async.py
[2026-08-30T23:14:39.109+0330] {processor.py:925} INFO - DAG(s) 'example_time_delta_sensor_async' retrieved from /home/mmirnezamina/de_final_project/airflowenv/lib/python3.10/site-packages/airflow/example_dags/example_time_delta_sensor_async.py
[2026-08-30T23:14:39.141+0330] {logging_mixin.py:190} INFO - [2026-08-30T23:14:39.141+0330] {dag.py:3239} INFO - Sync 1 DAGs
[2026-08-30T23:14:39.159+0330] {logging_mixin.py:190} INFO - [2026-08-30T23:14:39.159+0330] {dag.py:4180} INFO - Setting next_dagrun for example_time_delta_sensor_async to None, run_after=None
[2026-08-30T23:14:39.187+0330] {processor.py:208} INFO - Processing /home/mmirnezamina/de_final_project/airflowenv/lib/python3.10/site-packages/airflow/example_dags/example_time_delta_sensor_async.py took 0.101 seconds
[2026-08-30T23:15:09.559+0330] {processor.py:186} INFO - Started process (PID=13500) to work on /home/mmirnezamina/de_final_project/airflowenv/lib/python3.10/site-packages/airflow/example_dags/example_time_delta_sensor_async.py
[2026-08-30T23:15:09.560+0330] {processor.py:914} INFO - Processing file /home/mmirnezamina/de_final_project/airflowenv/lib/python3.10/site-packages/airflow/example_dags/example_time_delta_sensor_async.py for tasks to queue
[2026-08-30T23:15:09.562+0330] {logging_mixin.py:190} INFO - [2026-08-30T23:15:09.562+0330] {dagbag.py:588} INFO - Filling up the DagBag from /home/mmirnezamina/de_final_project/airflowenv/lib/python3.10/site-packages/airflow/example_dags/example_time_delta_sensor_async.py
[2026-08-30T23:15:09.575+0330] {processor.py:925} INFO - DAG(s) 'example_time_delta_sensor_async' retrieved from /home/mmirnezamina/de_final_project/airflowenv/lib/python3.10/site-packages/airflow/example_dags/example_time_delta_sensor_async.py
[2026-08-30T23:15:09.619+0330] {logging_mixin.py:190} INFO - [2026-08-30T23:15:09.618+0330] {dag.py:3239} INFO - Sync 1 DAGs
[2026-08-30T23:15:09.643+0330] {logging_mixin.py:190} INFO - [2026-08-30T23:15:09.643+0330] {dag.py:4180} INFO - Setting next_dagrun for example_time_delta_sensor_async to None, run_after=None
[2026-08-30T23:15:09.676+0330] {processor.py:208} INFO - Processing /home/mmirnezamina/de_final_project/airflowenv/lib/python3.10/site-packages/airflow/example_dags/example_time_delta_sensor_async.py took 0.136 seconds
[2026-08-30T23:15:40.319+0330] {processor.py:186} INFO - Started process (PID=13619) to work on /home/mmirnezamina/de_final_project/airflowenv/lib/python3.10/site-packages/airflow/example_dags/example_time_delta_sensor_async.py
[2026-08-30T23:15:40.321+0330] {processor.py:914} INFO - Processing file /home/mmirnezamina/de_final_project/airflowenv/lib/python3.10/site-packages/airflow/example_dags/example_time_delta_sensor_async.py for tasks to queue
[2026-08-30T23:15:40.323+0330] {logging_mixin.py:190} INFO - [2026-08-30T23:15:40.323+0330] {dagbag.py:588} INFO - Filling up the DagBag from /home/mmirnezamina/de_final_project/airflowenv/lib/python3.10/site-packages/airflow/example_dags/example_time_delta_sensor_async.py
[2026-08-30T23:15:40.330+0330] {processor.py:925} INFO - DAG(s) 'example_time_delta_sensor_async' retrieved from /home/mmirnezamina/de_final_project/airflowenv/lib/python3.10/site-packages/airflow/example_dags/example_time_delta_sensor_async.py
[2026-08-30T23:15:40.359+0330] {logging_mixin.py:190} INFO - [2026-08-30T23:15:40.359+0330] {dag.py:3239} INFO - Sync 1 DAGs
[2026-08-30T23:15:40.377+0330] {logging_mixin.py:190} INFO - [2026-08-30T23:15:40.377+0330] {dag.py:4180} INFO - Setting next_dagrun for example_time_delta_sensor_async to None, run_after=None
[2026-08-30T23:15:40.402+0330] {processor.py:208} INFO - Processing /home/mmirnezamina/de_final_project/airflowenv/lib/python3.10/site-packages/airflow/example_dags/example_time_delta_sensor_async.py took 0.094 seconds
[2026-08-30T23:16:10.702+0330] {processor.py:186} INFO - Started process (PID=13737) to work on /home/mmirnezamina/de_final_project/airflowenv/lib/python3.10/site-packages/airflow/example_dags/example_time_delta_sensor_async.py
[2026-08-30T23:16:10.702+0330] {processor.py:914} INFO - Processing file /home/mmirnezamina/de_final_project/airflowenv/lib/python3.10/site-packages/airflow/example_dags/example_time_delta_sensor_async.py for tasks to queue
[2026-08-30T23:16:10.704+0330] {logging_mixin.py:190} INFO - [2026-08-30T23:16:10.703+0330] {dagbag.py:588} INFO - Filling up the DagBag from /home/mmirnezamina/de_final_project/airflowenv/lib/python3.10/site-packages/airflow/example_dags/example_time_delta_sensor_async.py
[2026-08-30T23:16:10.709+0330] {processor.py:925} INFO - DAG(s) 'example_time_delta_sensor_async' retrieved from /home/mmirnezamina/de_final_project/airflowenv/lib/python3.10/site-packages/airflow/example_dags/example_time_delta_sensor_async.py
[2026-08-30T23:16:10.734+0330] {logging_mixin.py:190} INFO - [2026-08-30T23:16:10.734+0330] {dag.py:3239} INFO - Sync 1 DAGs
[2026-08-30T23:16:10.750+0330] {logging_mixin.py:190} INFO - [2026-08-30T23:16:10.750+0330] {dag.py:4180} INFO - Setting next_dagrun for example_time_delta_sensor_async to None, run_after=None
[2026-08-30T23:16:10.773+0330] {processor.py:208} INFO - Processing /home/mmirnezamina/de_final_project/airflowenv/lib/python3.10/site-packages/airflow/example_dags/example_time_delta_sensor_async.py took 0.080 seconds
[2026-08-30T23:16:40.888+0330] {processor.py:186} INFO - Started process (PID=13856) to work on /home/mmirnezamina/de_final_project/airflowenv/lib/python3.10/site-packages/airflow/example_dags/example_time_delta_sensor_async.py
[2026-08-30T23:16:40.890+0330] {processor.py:914} INFO - Processing file /home/mmirnezamina/de_final_project/airflowenv/lib/python3.10/site-packages/airflow/example_dags/example_time_delta_sensor_async.py for tasks to queue
[2026-08-30T23:16:40.892+0330] {logging_mixin.py:190} INFO - [2026-08-30T23:16:40.891+0330] {dagbag.py:588} INFO - Filling up the DagBag from /home/mmirnezamina/de_final_project/airflowenv/lib/python3.10/site-packages/airflow/example_dags/example_time_delta_sensor_async.py
[2026-08-30T23:16:40.899+0330] {processor.py:925} INFO - DAG(s) 'example_time_delta_sensor_async' retrieved from /home/mmirnezamina/de_final_project/airflowenv/lib/python3.10/site-packages/airflow/example_dags/example_time_delta_sensor_async.py
[2026-08-30T23:16:40.932+0330] {logging_mixin.py:190} INFO - [2026-08-30T23:16:40.931+0330] {dag.py:3239} INFO - Sync 1 DAGs
[2026-08-30T23:16:40.949+0330] {logging_mixin.py:190} INFO - [2026-08-30T23:16:40.949+0330] {dag.py:4180} INFO - Setting next_dagrun for example_time_delta_sensor_async to None, run_after=None
[2026-08-30T23:16:40.977+0330] {processor.py:208} INFO - Processing /home/mmirnezamina/de_final_project/airflowenv/lib/python3.10/site-packages/airflow/example_dags/example_time_delta_sensor_async.py took 0.100 seconds
[2026-08-30T23:17:11.024+0330] {processor.py:186} INFO - Started process (PID=14020) to work on /home/mmirnezamina/de_final_project/airflowenv/lib/python3.10/site-packages/airflow/example_dags/example_time_delta_sensor_async.py
[2026-08-30T23:17:11.025+0330] {processor.py:914} INFO - Processing file /home/mmirnezamina/de_final_project/airflowenv/lib/python3.10/site-packages/airflow/example_dags/example_time_delta_sensor_async.py for tasks to queue
[2026-08-30T23:17:11.026+0330] {logging_mixin.py:190} INFO - [2026-08-30T23:17:11.026+0330] {dagbag.py:588} INFO - Filling up the DagBag from /home/mmirnezamina/de_final_project/airflowenv/lib/python3.10/site-packages/airflow/example_dags/example_time_delta_sensor_async.py
[2026-08-30T23:17:11.033+0330] {processor.py:925} INFO - DAG(s) 'example_time_delta_sensor_async' retrieved from /home/mmirnezamina/de_final_project/airflowenv/lib/python3.10/site-packages/airflow/example_dags/example_time_delta_sensor_async.py
[2026-08-30T23:17:11.062+0330] {logging_mixin.py:190} INFO - [2026-08-30T23:17:11.062+0330] {dag.py:3239} INFO - Sync 1 DAGs
[2026-08-30T23:17:11.077+0330] {logging_mixin.py:190} INFO - [2026-08-30T23:17:11.076+0330] {dag.py:4180} INFO - Setting next_dagrun for example_time_delta_sensor_async to None, run_after=None
[2026-08-30T23:17:11.104+0330] {processor.py:208} INFO - Processing /home/mmirnezamina/de_final_project/airflowenv/lib/python3.10/site-packages/airflow/example_dags/example_time_delta_sensor_async.py took 0.090 seconds
[2026-08-30T23:17:41.339+0330] {processor.py:186} INFO - Started process (PID=14148) to work on /home/mmirnezamina/de_final_project/airflowenv/lib/python3.10/site-packages/airflow/example_dags/example_time_delta_sensor_async.py
[2026-08-30T23:17:41.343+0330] {processor.py:914} INFO - Processing file /home/mmirnezamina/de_final_project/airflowenv/lib/python3.10/site-packages/airflow/example_dags/example_time_delta_sensor_async.py for tasks to queue
[2026-08-30T23:17:41.346+0330] {logging_mixin.py:190} INFO - [2026-08-30T23:17:41.345+0330] {dagbag.py:588} INFO - Filling up the DagBag from /home/mmirnezamina/de_final_project/airflowenv/lib/python3.10/site-packages/airflow/example_dags/example_time_delta_sensor_async.py
[2026-08-30T23:17:41.373+0330] {processor.py:925} INFO - DAG(s) 'example_time_delta_sensor_async' retrieved from /home/mmirnezamina/de_final_project/airflowenv/lib/python3.10/site-packages/airflow/example_dags/example_time_delta_sensor_async.py
[2026-08-30T23:17:41.586+0330] {logging_mixin.py:190} INFO - [2026-08-30T23:17:41.585+0330] {dag.py:3239} INFO - Sync 1 DAGs
[2026-08-30T23:17:41.647+0330] {logging_mixin.py:190} INFO - [2026-08-30T23:17:41.647+0330] {dag.py:4180} INFO - Setting next_dagrun for example_time_delta_sensor_async to None, run_after=None
[2026-08-30T23:17:41.718+0330] {processor.py:208} INFO - Processing /home/mmirnezamina/de_final_project/airflowenv/lib/python3.10/site-packages/airflow/example_dags/example_time_delta_sensor_async.py took 0.415 seconds
[2026-08-30T23:18:11.904+0330] {processor.py:186} INFO - Started process (PID=14267) to work on /home/mmirnezamina/de_final_project/airflowenv/lib/python3.10/site-packages/airflow/example_dags/example_time_delta_sensor_async.py
[2026-08-30T23:18:11.907+0330] {processor.py:914} INFO - Processing file /home/mmirnezamina/de_final_project/airflowenv/lib/python3.10/site-packages/airflow/example_dags/example_time_delta_sensor_async.py for tasks to queue
[2026-08-30T23:18:11.909+0330] {logging_mixin.py:190} INFO - [2026-08-30T23:18:11.908+0330] {dagbag.py:588} INFO - Filling up the DagBag from /home/mmirnezamina/de_final_project/airflowenv/lib/python3.10/site-packages/airflow/example_dags/example_time_delta_sensor_async.py
[2026-08-30T23:18:11.922+0330] {processor.py:925} INFO - DAG(s) 'example_time_delta_sensor_async' retrieved from /home/mmirnezamina/de_final_project/airflowenv/lib/python3.10/site-packages/airflow/example_dags/example_time_delta_sensor_async.py
[2026-08-30T23:18:11.988+0330] {logging_mixin.py:190} INFO - [2026-08-30T23:18:11.988+0330] {dag.py:3239} INFO - Sync 1 DAGs
[2026-08-30T23:18:12.020+0330] {logging_mixin.py:190} INFO - [2026-08-30T23:18:12.020+0330] {dag.py:4180} INFO - Setting next_dagrun for example_time_delta_sensor_async to None, run_after=None
[2026-08-30T23:18:12.071+0330] {processor.py:208} INFO - Processing /home/mmirnezamina/de_final_project/airflowenv/lib/python3.10/site-packages/airflow/example_dags/example_time_delta_sensor_async.py took 0.189 seconds
[2026-08-30T23:18:42.344+0330] {processor.py:186} INFO - Started process (PID=14386) to work on /home/mmirnezamina/de_final_project/airflowenv/lib/python3.10/site-packages/airflow/example_dags/example_time_delta_sensor_async.py
[2026-08-30T23:18:42.345+0330] {processor.py:914} INFO - Processing file /home/mmirnezamina/de_final_project/airflowenv/lib/python3.10/site-packages/airflow/example_dags/example_time_delta_sensor_async.py for tasks to queue
[2026-08-30T23:18:42.347+0330] {logging_mixin.py:190} INFO - [2026-08-30T23:18:42.347+0330] {dagbag.py:588} INFO - Filling up the DagBag from /home/mmirnezamina/de_final_project/airflowenv/lib/python3.10/site-packages/airflow/example_dags/example_time_delta_sensor_async.py
[2026-08-30T23:18:42.358+0330] {processor.py:925} INFO - DAG(s) 'example_time_delta_sensor_async' retrieved from /home/mmirnezamina/de_final_project/airflowenv/lib/python3.10/site-packages/airflow/example_dags/example_time_delta_sensor_async.py
[2026-08-30T23:18:42.410+0330] {logging_mixin.py:190} INFO - [2026-08-30T23:18:42.409+0330] {dag.py:3239} INFO - Sync 1 DAGs
[2026-08-30T23:18:42.442+0330] {logging_mixin.py:190} INFO - [2026-08-30T23:18:42.442+0330] {dag.py:4180} INFO - Setting next_dagrun for example_time_delta_sensor_async to None, run_after=None
[2026-08-30T23:18:42.484+0330] {processor.py:208} INFO - Processing /home/mmirnezamina/de_final_project/airflowenv/lib/python3.10/site-packages/airflow/example_dags/example_time_delta_sensor_async.py took 0.153 seconds
[2026-08-30T23:19:12.958+0330] {processor.py:186} INFO - Started process (PID=14504) to work on /home/mmirnezamina/de_final_project/airflowenv/lib/python3.10/site-packages/airflow/example_dags/example_time_delta_sensor_async.py
[2026-08-30T23:19:12.960+0330] {processor.py:914} INFO - Processing file /home/mmirnezamina/de_final_project/airflowenv/lib/python3.10/site-packages/airflow/example_dags/example_time_delta_sensor_async.py for tasks to queue
[2026-08-30T23:19:12.962+0330] {logging_mixin.py:190} INFO - [2026-08-30T23:19:12.962+0330] {dagbag.py:588} INFO - Filling up the DagBag from /home/mmirnezamina/de_final_project/airflowenv/lib/python3.10/site-packages/airflow/example_dags/example_time_delta_sensor_async.py
[2026-08-30T23:19:13.032+0330] {processor.py:925} INFO - DAG(s) 'example_time_delta_sensor_async' retrieved from /home/mmirnezamina/de_final_project/airflowenv/lib/python3.10/site-packages/airflow/example_dags/example_time_delta_sensor_async.py
[2026-08-30T23:19:13.145+0330] {logging_mixin.py:190} INFO - [2026-08-30T23:19:13.144+0330] {dag.py:3239} INFO - Sync 1 DAGs
[2026-08-30T23:19:13.169+0330] {logging_mixin.py:190} INFO - [2026-08-30T23:19:13.169+0330] {dag.py:4180} INFO - Setting next_dagrun for example_time_delta_sensor_async to None, run_after=None
[2026-08-30T23:19:13.210+0330] {processor.py:208} INFO - Processing /home/mmirnezamina/de_final_project/airflowenv/lib/python3.10/site-packages/airflow/example_dags/example_time_delta_sensor_async.py took 0.268 seconds
[2026-08-30T23:19:44.220+0330] {processor.py:186} INFO - Started process (PID=14624) to work on /home/mmirnezamina/de_final_project/airflowenv/lib/python3.10/site-packages/airflow/example_dags/example_time_delta_sensor_async.py
[2026-08-30T23:19:44.223+0330] {processor.py:914} INFO - Processing file /home/mmirnezamina/de_final_project/airflowenv/lib/python3.10/site-packages/airflow/example_dags/example_time_delta_sensor_async.py for tasks to queue
[2026-08-30T23:19:44.227+0330] {logging_mixin.py:190} INFO - [2026-08-30T23:19:44.226+0330] {dagbag.py:588} INFO - Filling up the DagBag from /home/mmirnezamina/de_final_project/airflowenv/lib/python3.10/site-packages/airflow/example_dags/example_time_delta_sensor_async.py
[2026-08-30T23:19:44.244+0330] {processor.py:925} INFO - DAG(s) 'example_time_delta_sensor_async' retrieved from /home/mmirnezamina/de_final_project/airflowenv/lib/python3.10/site-packages/airflow/example_dags/example_time_delta_sensor_async.py
[2026-08-30T23:19:44.307+0330] {logging_mixin.py:190} INFO - [2026-08-30T23:19:44.306+0330] {dag.py:3239} INFO - Sync 1 DAGs
[2026-08-30T23:19:44.338+0330] {logging_mixin.py:190} INFO - [2026-08-30T23:19:44.337+0330] {dag.py:4180} INFO - Setting next_dagrun for example_time_delta_sensor_async to None, run_after=None
[2026-08-30T23:19:44.382+0330] {processor.py:208} INFO - Processing /home/mmirnezamina/de_final_project/airflowenv/lib/python3.10/site-packages/airflow/example_dags/example_time_delta_sensor_async.py took 0.182 seconds
[2026-08-30T23:20:15.116+0330] {processor.py:186} INFO - Started process (PID=14746) to work on /home/mmirnezamina/de_final_project/airflowenv/lib/python3.10/site-packages/airflow/example_dags/example_time_delta_sensor_async.py
[2026-08-30T23:20:15.120+0330] {processor.py:914} INFO - Processing file /home/mmirnezamina/de_final_project/airflowenv/lib/python3.10/site-packages/airflow/example_dags/example_time_delta_sensor_async.py for tasks to queue
[2026-08-30T23:20:15.124+0330] {logging_mixin.py:190} INFO - [2026-08-30T23:20:15.123+0330] {dagbag.py:588} INFO - Filling up the DagBag from /home/mmirnezamina/de_final_project/airflowenv/lib/python3.10/site-packages/airflow/example_dags/example_time_delta_sensor_async.py
[2026-08-30T23:20:15.150+0330] {processor.py:925} INFO - DAG(s) 'example_time_delta_sensor_async' retrieved from /home/mmirnezamina/de_final_project/airflowenv/lib/python3.10/site-packages/airflow/example_dags/example_time_delta_sensor_async.py
[2026-08-30T23:20:15.229+0330] {logging_mixin.py:190} INFO - [2026-08-30T23:20:15.229+0330] {dag.py:3239} INFO - Sync 1 DAGs
[2026-08-30T23:20:15.281+0330] {logging_mixin.py:190} INFO - [2026-08-30T23:20:15.280+0330] {dag.py:4180} INFO - Setting next_dagrun for example_time_delta_sensor_async to None, run_after=None
[2026-08-30T23:20:15.345+0330] {processor.py:208} INFO - Processing /home/mmirnezamina/de_final_project/airflowenv/lib/python3.10/site-packages/airflow/example_dags/example_time_delta_sensor_async.py took 0.257 seconds
[2026-08-30T23:20:45.585+0330] {processor.py:186} INFO - Started process (PID=14863) to work on /home/mmirnezamina/de_final_project/airflowenv/lib/python3.10/site-packages/airflow/example_dags/example_time_delta_sensor_async.py
[2026-08-30T23:20:45.586+0330] {processor.py:914} INFO - Processing file /home/mmirnezamina/de_final_project/airflowenv/lib/python3.10/site-packages/airflow/example_dags/example_time_delta_sensor_async.py for tasks to queue
[2026-08-30T23:20:45.587+0330] {logging_mixin.py:190} INFO - [2026-08-30T23:20:45.587+0330] {dagbag.py:588} INFO - Filling up the DagBag from /home/mmirnezamina/de_final_project/airflowenv/lib/python3.10/site-packages/airflow/example_dags/example_time_delta_sensor_async.py
[2026-08-30T23:20:45.595+0330] {processor.py:925} INFO - DAG(s) 'example_time_delta_sensor_async' retrieved from /home/mmirnezamina/de_final_project/airflowenv/lib/python3.10/site-packages/airflow/example_dags/example_time_delta_sensor_async.py
[2026-08-30T23:20:45.633+0330] {logging_mixin.py:190} INFO - [2026-08-30T23:20:45.633+0330] {dag.py:3239} INFO - Sync 1 DAGs
[2026-08-30T23:20:45.657+0330] {logging_mixin.py:190} INFO - [2026-08-30T23:20:45.657+0330] {dag.py:4180} INFO - Setting next_dagrun for example_time_delta_sensor_async to None, run_after=None
[2026-08-30T23:20:45.687+0330] {processor.py:208} INFO - Processing /home/mmirnezamina/de_final_project/airflowenv/lib/python3.10/site-packages/airflow/example_dags/example_time_delta_sensor_async.py took 0.114 seconds
[2026-08-30T23:21:16.180+0330] {processor.py:186} INFO - Started process (PID=14982) to work on /home/mmirnezamina/de_final_project/airflowenv/lib/python3.10/site-packages/airflow/example_dags/example_time_delta_sensor_async.py
[2026-08-30T23:21:16.182+0330] {processor.py:914} INFO - Processing file /home/mmirnezamina/de_final_project/airflowenv/lib/python3.10/site-packages/airflow/example_dags/example_time_delta_sensor_async.py for tasks to queue
[2026-08-30T23:21:16.183+0330] {logging_mixin.py:190} INFO - [2026-08-30T23:21:16.183+0330] {dagbag.py:588} INFO - Filling up the DagBag from /home/mmirnezamina/de_final_project/airflowenv/lib/python3.10/site-packages/airflow/example_dags/example_time_delta_sensor_async.py
[2026-08-30T23:21:16.192+0330] {processor.py:925} INFO - DAG(s) 'example_time_delta_sensor_async' retrieved from /home/mmirnezamina/de_final_project/airflowenv/lib/python3.10/site-packages/airflow/example_dags/example_time_delta_sensor_async.py
[2026-08-30T23:21:16.238+0330] {logging_mixin.py:190} INFO - [2026-08-30T23:21:16.237+0330] {dag.py:3239} INFO - Sync 1 DAGs
[2026-08-30T23:21:16.267+0330] {logging_mixin.py:190} INFO - [2026-08-30T23:21:16.266+0330] {dag.py:4180} INFO - Setting next_dagrun for example_time_delta_sensor_async to None, run_after=None
[2026-08-30T23:21:16.304+0330] {processor.py:208} INFO - Processing /home/mmirnezamina/de_final_project/airflowenv/lib/python3.10/site-packages/airflow/example_dags/example_time_delta_sensor_async.py took 0.136 seconds
[2026-08-30T23:21:46.523+0330] {processor.py:186} INFO - Started process (PID=15099) to work on /home/mmirnezamina/de_final_project/airflowenv/lib/python3.10/site-packages/airflow/example_dags/example_time_delta_sensor_async.py
[2026-08-30T23:21:46.525+0330] {processor.py:914} INFO - Processing file /home/mmirnezamina/de_final_project/airflowenv/lib/python3.10/site-packages/airflow/example_dags/example_time_delta_sensor_async.py for tasks to queue
[2026-08-30T23:21:46.526+0330] {logging_mixin.py:190} INFO - [2026-08-30T23:21:46.526+0330] {dagbag.py:588} INFO - Filling up the DagBag from /home/mmirnezamina/de_final_project/airflowenv/lib/python3.10/site-packages/airflow/example_dags/example_time_delta_sensor_async.py
[2026-08-30T23:21:46.537+0330] {processor.py:925} INFO - DAG(s) 'example_time_delta_sensor_async' retrieved from /home/mmirnezamina/de_final_project/airflowenv/lib/python3.10/site-packages/airflow/example_dags/example_time_delta_sensor_async.py
[2026-08-30T23:21:46.576+0330] {logging_mixin.py:190} INFO - [2026-08-30T23:21:46.575+0330] {dag.py:3239} INFO - Sync 1 DAGs
[2026-08-30T23:21:46.625+0330] {logging_mixin.py:190} INFO - [2026-08-30T23:21:46.625+0330] {dag.py:4180} INFO - Setting next_dagrun for example_time_delta_sensor_async to None, run_after=None
[2026-08-30T23:21:46.706+0330] {processor.py:208} INFO - Processing /home/mmirnezamina/de_final_project/airflowenv/lib/python3.10/site-packages/airflow/example_dags/example_time_delta_sensor_async.py took 0.196 seconds
[2026-08-30T23:22:17.035+0330] {processor.py:186} INFO - Started process (PID=15221) to work on /home/mmirnezamina/de_final_project/airflowenv/lib/python3.10/site-packages/airflow/example_dags/example_time_delta_sensor_async.py
[2026-08-30T23:22:17.038+0330] {processor.py:914} INFO - Processing file /home/mmirnezamina/de_final_project/airflowenv/lib/python3.10/site-packages/airflow/example_dags/example_time_delta_sensor_async.py for tasks to queue
[2026-08-30T23:22:17.041+0330] {logging_mixin.py:190} INFO - [2026-08-30T23:22:17.040+0330] {dagbag.py:588} INFO - Filling up the DagBag from /home/mmirnezamina/de_final_project/airflowenv/lib/python3.10/site-packages/airflow/example_dags/example_time_delta_sensor_async.py
[2026-08-30T23:22:17.057+0330] {processor.py:925} INFO - DAG(s) 'example_time_delta_sensor_async' retrieved from /home/mmirnezamina/de_final_project/airflowenv/lib/python3.10/site-packages/airflow/example_dags/example_time_delta_sensor_async.py
[2026-08-30T23:22:17.124+0330] {logging_mixin.py:190} INFO - [2026-08-30T23:22:17.123+0330] {dag.py:3239} INFO - Sync 1 DAGs
[2026-08-30T23:22:17.157+0330] {logging_mixin.py:190} INFO - [2026-08-30T23:22:17.157+0330] {dag.py:4180} INFO - Setting next_dagrun for example_time_delta_sensor_async to None, run_after=None
[2026-08-30T23:22:17.197+0330] {processor.py:208} INFO - Processing /home/mmirnezamina/de_final_project/airflowenv/lib/python3.10/site-packages/airflow/example_dags/example_time_delta_sensor_async.py took 0.185 seconds
[2026-08-30T23:22:48.064+0330] {processor.py:186} INFO - Started process (PID=15338) to work on /home/mmirnezamina/de_final_project/airflowenv/lib/python3.10/site-packages/airflow/example_dags/example_time_delta_sensor_async.py
[2026-08-30T23:22:48.066+0330] {processor.py:914} INFO - Processing file /home/mmirnezamina/de_final_project/airflowenv/lib/python3.10/site-packages/airflow/example_dags/example_time_delta_sensor_async.py for tasks to queue
[2026-08-30T23:22:48.069+0330] {logging_mixin.py:190} INFO - [2026-08-30T23:22:48.068+0330] {dagbag.py:588} INFO - Filling up the DagBag from /home/mmirnezamina/de_final_project/airflowenv/lib/python3.10/site-packages/airflow/example_dags/example_time_delta_sensor_async.py
[2026-08-30T23:22:48.090+0330] {processor.py:925} INFO - DAG(s) 'example_time_delta_sensor_async' retrieved from /home/mmirnezamina/de_final_project/airflowenv/lib/python3.10/site-packages/airflow/example_dags/example_time_delta_sensor_async.py
[2026-08-30T23:22:48.167+0330] {logging_mixin.py:190} INFO - [2026-08-30T23:22:48.166+0330] {dag.py:3239} INFO - Sync 1 DAGs
[2026-08-30T23:22:48.209+0330] {logging_mixin.py:190} INFO - [2026-08-30T23:22:48.209+0330] {dag.py:4180} INFO - Setting next_dagrun for example_time_delta_sensor_async to None, run_after=None
[2026-08-30T23:22:48.259+0330] {processor.py:208} INFO - Processing /home/mmirnezamina/de_final_project/airflowenv/lib/python3.10/site-packages/airflow/example_dags/example_time_delta_sensor_async.py took 0.221 seconds
[2026-08-30T23:23:19.715+0330] {processor.py:186} INFO - Started process (PID=15457) to work on /home/mmirnezamina/de_final_project/airflowenv/lib/python3.10/site-packages/airflow/example_dags/example_time_delta_sensor_async.py
[2026-08-30T23:23:19.719+0330] {processor.py:914} INFO - Processing file /home/mmirnezamina/de_final_project/airflowenv/lib/python3.10/site-packages/airflow/example_dags/example_time_delta_sensor_async.py for tasks to queue
[2026-08-30T23:23:19.721+0330] {logging_mixin.py:190} INFO - [2026-08-30T23:23:19.721+0330] {dagbag.py:588} INFO - Filling up the DagBag from /home/mmirnezamina/de_final_project/airflowenv/lib/python3.10/site-packages/airflow/example_dags/example_time_delta_sensor_async.py
[2026-08-30T23:23:19.737+0330] {processor.py:925} INFO - DAG(s) 'example_time_delta_sensor_async' retrieved from /home/mmirnezamina/de_final_project/airflowenv/lib/python3.10/site-packages/airflow/example_dags/example_time_delta_sensor_async.py
[2026-08-30T23:23:19.814+0330] {logging_mixin.py:190} INFO - [2026-08-30T23:23:19.814+0330] {dag.py:3239} INFO - Sync 1 DAGs
[2026-08-30T23:23:19.880+0330] {logging_mixin.py:190} INFO - [2026-08-30T23:23:19.879+0330] {dag.py:4180} INFO - Setting next_dagrun for example_time_delta_sensor_async to None, run_after=None
[2026-08-30T23:23:20.122+0330] {processor.py:208} INFO - Processing /home/mmirnezamina/de_final_project/airflowenv/lib/python3.10/site-packages/airflow/example_dags/example_time_delta_sensor_async.py took 0.427 seconds
[2026-08-30T23:23:50.803+0330] {processor.py:186} INFO - Started process (PID=15574) to work on /home/mmirnezamina/de_final_project/airflowenv/lib/python3.10/site-packages/airflow/example_dags/example_time_delta_sensor_async.py
[2026-08-30T23:23:50.804+0330] {processor.py:914} INFO - Processing file /home/mmirnezamina/de_final_project/airflowenv/lib/python3.10/site-packages/airflow/example_dags/example_time_delta_sensor_async.py for tasks to queue
[2026-08-30T23:23:50.805+0330] {logging_mixin.py:190} INFO - [2026-08-30T23:23:50.805+0330] {dagbag.py:588} INFO - Filling up the DagBag from /home/mmirnezamina/de_final_project/airflowenv/lib/python3.10/site-packages/airflow/example_dags/example_time_delta_sensor_async.py
[2026-08-30T23:23:50.812+0330] {processor.py:925} INFO - DAG(s) 'example_time_delta_sensor_async' retrieved from /home/mmirnezamina/de_final_project/airflowenv/lib/python3.10/site-packages/airflow/example_dags/example_time_delta_sensor_async.py
[2026-08-30T23:23:50.841+0330] {logging_mixin.py:190} INFO - [2026-08-30T23:23:50.841+0330] {dag.py:3239} INFO - Sync 1 DAGs
[2026-08-30T23:23:50.858+0330] {logging_mixin.py:190} INFO - [2026-08-30T23:23:50.858+0330] {dag.py:4180} INFO - Setting next_dagrun for example_time_delta_sensor_async to None, run_after=None
[2026-08-30T23:23:50.884+0330] {processor.py:208} INFO - Processing /home/mmirnezamina/de_final_project/airflowenv/lib/python3.10/site-packages/airflow/example_dags/example_time_delta_sensor_async.py took 0.092 seconds
[2026-08-30T23:24:21.370+0330] {processor.py:186} INFO - Started process (PID=15694) to work on /home/mmirnezamina/de_final_project/airflowenv/lib/python3.10/site-packages/airflow/example_dags/example_time_delta_sensor_async.py
[2026-08-30T23:24:21.373+0330] {processor.py:914} INFO - Processing file /home/mmirnezamina/de_final_project/airflowenv/lib/python3.10/site-packages/airflow/example_dags/example_time_delta_sensor_async.py for tasks to queue
[2026-08-30T23:24:21.375+0330] {logging_mixin.py:190} INFO - [2026-08-30T23:24:21.374+0330] {dagbag.py:588} INFO - Filling up the DagBag from /home/mmirnezamina/de_final_project/airflowenv/lib/python3.10/site-packages/airflow/example_dags/example_time_delta_sensor_async.py
[2026-08-30T23:24:21.384+0330] {processor.py:925} INFO - DAG(s) 'example_time_delta_sensor_async' retrieved from /home/mmirnezamina/de_final_project/airflowenv/lib/python3.10/site-packages/airflow/example_dags/example_time_delta_sensor_async.py
[2026-08-30T23:24:21.417+0330] {logging_mixin.py:190} INFO - [2026-08-30T23:24:21.416+0330] {dag.py:3239} INFO - Sync 1 DAGs
[2026-08-30T23:24:21.436+0330] {logging_mixin.py:190} INFO - [2026-08-30T23:24:21.436+0330] {dag.py:4180} INFO - Setting next_dagrun for example_time_delta_sensor_async to None, run_after=None
[2026-08-30T23:24:21.466+0330] {processor.py:208} INFO - Processing /home/mmirnezamina/de_final_project/airflowenv/lib/python3.10/site-packages/airflow/example_dags/example_time_delta_sensor_async.py took 0.108 seconds
[2026-08-30T23:24:51.830+0330] {processor.py:186} INFO - Started process (PID=15812) to work on /home/mmirnezamina/de_final_project/airflowenv/lib/python3.10/site-packages/airflow/example_dags/example_time_delta_sensor_async.py
[2026-08-30T23:24:51.831+0330] {processor.py:914} INFO - Processing file /home/mmirnezamina/de_final_project/airflowenv/lib/python3.10/site-packages/airflow/example_dags/example_time_delta_sensor_async.py for tasks to queue
[2026-08-30T23:24:51.834+0330] {logging_mixin.py:190} INFO - [2026-08-30T23:24:51.833+0330] {dagbag.py:588} INFO - Filling up the DagBag from /home/mmirnezamina/de_final_project/airflowenv/lib/python3.10/site-packages/airflow/example_dags/example_time_delta_sensor_async.py
[2026-08-30T23:24:51.845+0330] {processor.py:925} INFO - DAG(s) 'example_time_delta_sensor_async' retrieved from /home/mmirnezamina/de_final_project/airflowenv/lib/python3.10/site-packages/airflow/example_dags/example_time_delta_sensor_async.py
[2026-08-30T23:24:51.886+0330] {logging_mixin.py:190} INFO - [2026-08-30T23:24:51.885+0330] {dag.py:3239} INFO - Sync 1 DAGs
[2026-08-30T23:24:51.923+0330] {logging_mixin.py:190} INFO - [2026-08-30T23:24:51.923+0330] {dag.py:4180} INFO - Setting next_dagrun for example_time_delta_sensor_async to None, run_after=None
[2026-08-30T23:24:52.006+0330] {processor.py:208} INFO - Processing /home/mmirnezamina/de_final_project/airflowenv/lib/python3.10/site-packages/airflow/example_dags/example_time_delta_sensor_async.py took 0.198 seconds
[2026-08-30T23:25:23.303+0330] {processor.py:186} INFO - Started process (PID=15960) to work on /home/mmirnezamina/de_final_project/airflowenv/lib/python3.10/site-packages/airflow/example_dags/example_time_delta_sensor_async.py
[2026-08-30T23:25:23.306+0330] {processor.py:914} INFO - Processing file /home/mmirnezamina/de_final_project/airflowenv/lib/python3.10/site-packages/airflow/example_dags/example_time_delta_sensor_async.py for tasks to queue
[2026-08-30T23:25:23.311+0330] {logging_mixin.py:190} INFO - [2026-08-30T23:25:23.310+0330] {dagbag.py:588} INFO - Filling up the DagBag from /home/mmirnezamina/de_final_project/airflowenv/lib/python3.10/site-packages/airflow/example_dags/example_time_delta_sensor_async.py
[2026-08-30T23:25:23.337+0330] {processor.py:925} INFO - DAG(s) 'example_time_delta_sensor_async' retrieved from /home/mmirnezamina/de_final_project/airflowenv/lib/python3.10/site-packages/airflow/example_dags/example_time_delta_sensor_async.py
[2026-08-30T23:25:23.421+0330] {logging_mixin.py:190} INFO - [2026-08-30T23:25:23.420+0330] {dag.py:3239} INFO - Sync 1 DAGs
[2026-08-30T23:25:23.515+0330] {logging_mixin.py:190} INFO - [2026-08-30T23:25:23.514+0330] {dag.py:4180} INFO - Setting next_dagrun for example_time_delta_sensor_async to None, run_after=None
[2026-08-30T23:25:23.625+0330] {processor.py:208} INFO - Processing /home/mmirnezamina/de_final_project/airflowenv/lib/python3.10/site-packages/airflow/example_dags/example_time_delta_sensor_async.py took 0.380 seconds
[2026-08-30T23:25:54.487+0330] {processor.py:186} INFO - Started process (PID=16093) to work on /home/mmirnezamina/de_final_project/airflowenv/lib/python3.10/site-packages/airflow/example_dags/example_time_delta_sensor_async.py
[2026-08-30T23:25:54.488+0330] {processor.py:914} INFO - Processing file /home/mmirnezamina/de_final_project/airflowenv/lib/python3.10/site-packages/airflow/example_dags/example_time_delta_sensor_async.py for tasks to queue
[2026-08-30T23:25:54.489+0330] {logging_mixin.py:190} INFO - [2026-08-30T23:25:54.489+0330] {dagbag.py:588} INFO - Filling up the DagBag from /home/mmirnezamina/de_final_project/airflowenv/lib/python3.10/site-packages/airflow/example_dags/example_time_delta_sensor_async.py
[2026-08-30T23:25:54.497+0330] {processor.py:925} INFO - DAG(s) 'example_time_delta_sensor_async' retrieved from /home/mmirnezamina/de_final_project/airflowenv/lib/python3.10/site-packages/airflow/example_dags/example_time_delta_sensor_async.py
[2026-08-30T23:25:54.526+0330] {logging_mixin.py:190} INFO - [2026-08-30T23:25:54.525+0330] {dag.py:3239} INFO - Sync 1 DAGs
[2026-08-30T23:25:54.539+0330] {logging_mixin.py:190} INFO - [2026-08-30T23:25:54.538+0330] {dag.py:4180} INFO - Setting next_dagrun for example_time_delta_sensor_async to None, run_after=None
[2026-08-30T23:25:54.560+0330] {processor.py:208} INFO - Processing /home/mmirnezamina/de_final_project/airflowenv/lib/python3.10/site-packages/airflow/example_dags/example_time_delta_sensor_async.py took 0.083 seconds
[2026-08-30T23:26:25.366+0330] {processor.py:186} INFO - Started process (PID=16213) to work on /home/mmirnezamina/de_final_project/airflowenv/lib/python3.10/site-packages/airflow/example_dags/example_time_delta_sensor_async.py
[2026-08-30T23:26:25.369+0330] {processor.py:914} INFO - Processing file /home/mmirnezamina/de_final_project/airflowenv/lib/python3.10/site-packages/airflow/example_dags/example_time_delta_sensor_async.py for tasks to queue
[2026-08-30T23:26:25.373+0330] {logging_mixin.py:190} INFO - [2026-08-30T23:26:25.372+0330] {dagbag.py:588} INFO - Filling up the DagBag from /home/mmirnezamina/de_final_project/airflowenv/lib/python3.10/site-packages/airflow/example_dags/example_time_delta_sensor_async.py
[2026-08-30T23:26:25.400+0330] {processor.py:925} INFO - DAG(s) 'example_time_delta_sensor_async' retrieved from /home/mmirnezamina/de_final_project/airflowenv/lib/python3.10/site-packages/airflow/example_dags/example_time_delta_sensor_async.py
[2026-08-30T23:26:25.481+0330] {logging_mixin.py:190} INFO - [2026-08-30T23:26:25.480+0330] {dag.py:3239} INFO - Sync 1 DAGs
[2026-08-30T23:26:25.529+0330] {logging_mixin.py:190} INFO - [2026-08-30T23:26:25.528+0330] {dag.py:4180} INFO - Setting next_dagrun for example_time_delta_sensor_async to None, run_after=None
[2026-08-30T23:26:25.586+0330] {processor.py:208} INFO - Processing /home/mmirnezamina/de_final_project/airflowenv/lib/python3.10/site-packages/airflow/example_dags/example_time_delta_sensor_async.py took 0.260 seconds
[2026-08-30T23:26:55.704+0330] {processor.py:186} INFO - Started process (PID=16330) to work on /home/mmirnezamina/de_final_project/airflowenv/lib/python3.10/site-packages/airflow/example_dags/example_time_delta_sensor_async.py
[2026-08-30T23:26:55.706+0330] {processor.py:914} INFO - Processing file /home/mmirnezamina/de_final_project/airflowenv/lib/python3.10/site-packages/airflow/example_dags/example_time_delta_sensor_async.py for tasks to queue
[2026-08-30T23:26:55.710+0330] {logging_mixin.py:190} INFO - [2026-08-30T23:26:55.710+0330] {dagbag.py:588} INFO - Filling up the DagBag from /home/mmirnezamina/de_final_project/airflowenv/lib/python3.10/site-packages/airflow/example_dags/example_time_delta_sensor_async.py
[2026-08-30T23:26:55.725+0330] {processor.py:925} INFO - DAG(s) 'example_time_delta_sensor_async' retrieved from /home/mmirnezamina/de_final_project/airflowenv/lib/python3.10/site-packages/airflow/example_dags/example_time_delta_sensor_async.py
[2026-08-30T23:26:55.779+0330] {logging_mixin.py:190} INFO - [2026-08-30T23:26:55.779+0330] {dag.py:3239} INFO - Sync 1 DAGs
[2026-08-30T23:26:55.809+0330] {logging_mixin.py:190} INFO - [2026-08-30T23:26:55.808+0330] {dag.py:4180} INFO - Setting next_dagrun for example_time_delta_sensor_async to None, run_after=None
[2026-08-30T23:26:55.844+0330] {processor.py:208} INFO - Processing /home/mmirnezamina/de_final_project/airflowenv/lib/python3.10/site-packages/airflow/example_dags/example_time_delta_sensor_async.py took 0.160 seconds
[2026-08-30T23:27:51.263+0330] {processor.py:186} INFO - Started process (PID=16462) to work on /home/mmirnezamina/de_final_project/airflowenv/lib/python3.10/site-packages/airflow/example_dags/example_time_delta_sensor_async.py
[2026-08-30T23:27:51.265+0330] {processor.py:914} INFO - Processing file /home/mmirnezamina/de_final_project/airflowenv/lib/python3.10/site-packages/airflow/example_dags/example_time_delta_sensor_async.py for tasks to queue
[2026-08-30T23:27:51.266+0330] {logging_mixin.py:190} INFO - [2026-08-30T23:27:51.266+0330] {dagbag.py:588} INFO - Filling up the DagBag from /home/mmirnezamina/de_final_project/airflowenv/lib/python3.10/site-packages/airflow/example_dags/example_time_delta_sensor_async.py
[2026-08-30T23:27:51.275+0330] {processor.py:925} INFO - DAG(s) 'example_time_delta_sensor_async' retrieved from /home/mmirnezamina/de_final_project/airflowenv/lib/python3.10/site-packages/airflow/example_dags/example_time_delta_sensor_async.py
[2026-08-30T23:27:51.440+0330] {logging_mixin.py:190} INFO - [2026-08-30T23:27:51.438+0330] {override.py:1930} INFO - Created Permission View: can delete on DAG:example_time_delta_sensor_async
[2026-08-30T23:27:51.463+0330] {logging_mixin.py:190} INFO - [2026-08-30T23:27:51.462+0330] {override.py:1930} INFO - Created Permission View: can read on DAG:example_time_delta_sensor_async
[2026-08-30T23:27:51.481+0330] {logging_mixin.py:190} INFO - [2026-08-30T23:27:51.480+0330] {override.py:1930} INFO - Created Permission View: can edit on DAG:example_time_delta_sensor_async
[2026-08-30T23:27:51.511+0330] {logging_mixin.py:190} INFO - [2026-08-30T23:27:51.511+0330] {override.py:1930} INFO - Created Permission View: can create on DAG Run:example_time_delta_sensor_async
[2026-08-30T23:27:51.529+0330] {logging_mixin.py:190} INFO - [2026-08-30T23:27:51.529+0330] {override.py:1930} INFO - Created Permission View: can delete on DAG Run:example_time_delta_sensor_async
[2026-08-30T23:27:51.547+0330] {logging_mixin.py:190} INFO - [2026-08-30T23:27:51.546+0330] {override.py:1930} INFO - Created Permission View: can read on DAG Run:example_time_delta_sensor_async
[2026-08-30T23:27:51.565+0330] {logging_mixin.py:190} INFO - [2026-08-30T23:27:51.564+0330] {override.py:1930} INFO - Created Permission View: menu access on DAG Run:example_time_delta_sensor_async
[2026-08-30T23:27:51.565+0330] {logging_mixin.py:190} INFO - [2026-08-30T23:27:51.565+0330] {dag.py:3239} INFO - Sync 1 DAGs
[2026-08-30T23:27:51.583+0330] {logging_mixin.py:190} INFO - [2026-08-30T23:27:51.583+0330] {dag.py:3262} INFO - Creating ORM DAG for example_time_delta_sensor_async
[2026-08-30T23:27:51.584+0330] {logging_mixin.py:190} INFO - [2026-08-30T23:27:51.584+0330] {dag.py:4180} INFO - Setting next_dagrun for example_time_delta_sensor_async to None, run_after=None
[2026-08-30T23:27:51.621+0330] {processor.py:208} INFO - Processing /home/mmirnezamina/de_final_project/airflowenv/lib/python3.10/site-packages/airflow/example_dags/example_time_delta_sensor_async.py took 0.369 seconds
