[2026-08-30T23:13:55.688+0330] {processor.py:186} INFO - Started process (PID=13208) to work on /home/mmirnezamina/de_final_project/airflowenv/lib/python3.10/site-packages/airflow/example_dags/example_branch_python_dop_operator_3.py
[2026-08-30T23:13:55.690+0330] {processor.py:914} INFO - Processing file /home/mmirnezamina/de_final_project/airflowenv/lib/python3.10/site-packages/airflow/example_dags/example_branch_python_dop_operator_3.py for tasks to queue
[2026-08-30T23:13:55.692+0330] {logging_mixin.py:190} INFO - [2026-08-30T23:13:55.691+0330] {dagbag.py:588} INFO - Filling up the DagBag from /home/mmirnezamina/de_final_project/airflowenv/lib/python3.10/site-packages/airflow/example_dags/example_branch_python_dop_operator_3.py
[2026-08-30T23:13:55.711+0330] {processor.py:925} INFO - DAG(s) 'example_branch_dop_operator_v3' retrieved from /home/mmirnezamina/de_final_project/airflowenv/lib/python3.10/site-packages/airflow/example_dags/example_branch_python_dop_operator_3.py
[2026-08-30T23:13:55.944+0330] {logging_mixin.py:190} INFO - [2026-08-30T23:13:55.941+0330] {override.py:1930} INFO - Created Permission View: can edit on DAG:example_branch_dop_operator_v3
[2026-08-30T23:13:55.970+0330] {logging_mixin.py:190} INFO - [2026-08-30T23:13:55.969+0330] {override.py:1930} INFO - Created Permission View: can read on DAG:example_branch_dop_operator_v3
[2026-08-30T23:13:55.992+0330] {logging_mixin.py:190} INFO - [2026-08-30T23:13:55.992+0330] {override.py:1930} INFO - Created Permission View: can delete on DAG:example_branch_dop_operator_v3
[2026-08-30T23:13:56.012+0330] {logging_mixin.py:190} INFO - [2026-08-30T23:13:56.011+0330] {override.py:1930} INFO - Created Permission View: menu access on DAG Run:example_branch_dop_operator_v3
[2026-08-30T23:13:56.027+0330] {logging_mixin.py:190} INFO - [2026-08-30T23:13:56.026+0330] {override.py:1930} INFO - Created Permission View: can create on DAG Run:example_branch_dop_operator_v3
[2026-08-30T23:13:56.043+0330] {logging_mixin.py:190} INFO - [2026-08-30T23:13:56.042+0330] {override.py:1930} INFO - Created Permission View: can read on DAG Run:example_branch_dop_operator_v3
[2026-08-30T23:13:56.058+0330] {logging_mixin.py:190} INFO - [2026-08-30T23:13:56.058+0330] {override.py:1930} INFO - Created Permission View: can delete on DAG Run:example_branch_dop_operator_v3
[2026-08-30T23:13:56.059+0330] {logging_mixin.py:190} INFO - [2026-08-30T23:13:56.059+0330] {dag.py:3239} INFO - Sync 1 DAGs
[2026-08-30T23:13:56.084+0330] {logging_mixin.py:190} INFO - [2026-08-30T23:13:56.083+0330] {dag.py:3262} INFO - Creating ORM DAG for example_branch_dop_operator_v3
[2026-08-30T23:13:56.109+0330] {logging_mixin.py:190} INFO - [2026-08-30T23:13:56.109+0330] {dag.py:4180} INFO - Setting next_dagrun for example_branch_dop_operator_v3 to 2026-08-30 19:42:00+00:00, run_after=2026-08-30 19:43:00+00:00
[2026-08-30T23:13:56.145+0330] {processor.py:208} INFO - Processing /home/mmirnezamina/de_final_project/airflowenv/lib/python3.10/site-packages/airflow/example_dags/example_branch_python_dop_operator_3.py took 0.473 seconds
[2026-08-30T23:14:26.237+0330] {processor.py:186} INFO - Started process (PID=13333) to work on /home/mmirnezamina/de_final_project/airflowenv/lib/python3.10/site-packages/airflow/example_dags/example_branch_python_dop_operator_3.py
[2026-08-30T23:14:26.238+0330] {processor.py:914} INFO - Processing file /home/mmirnezamina/de_final_project/airflowenv/lib/python3.10/site-packages/airflow/example_dags/example_branch_python_dop_operator_3.py for tasks to queue
[2026-08-30T23:14:26.240+0330] {logging_mixin.py:190} INFO - [2026-08-30T23:14:26.240+0330] {dagbag.py:588} INFO - Filling up the DagBag from /home/mmirnezamina/de_final_project/airflowenv/lib/python3.10/site-packages/airflow/example_dags/example_branch_python_dop_operator_3.py
[2026-08-30T23:14:26.254+0330] {processor.py:925} INFO - DAG(s) 'example_branch_dop_operator_v3' retrieved from /home/mmirnezamina/de_final_project/airflowenv/lib/python3.10/site-packages/airflow/example_dags/example_branch_python_dop_operator_3.py
[2026-08-30T23:14:26.287+0330] {logging_mixin.py:190} INFO - [2026-08-30T23:14:26.287+0330] {dag.py:3239} INFO - Sync 1 DAGs
[2026-08-30T23:14:26.333+0330] {logging_mixin.py:190} INFO - [2026-08-30T23:14:26.332+0330] {dag.py:4180} INFO - Setting next_dagrun for example_branch_dop_operator_v3 to 2026-08-30 19:43:00+00:00, run_after=2026-08-30 19:44:00+00:00
[2026-08-30T23:14:26.369+0330] {processor.py:208} INFO - Processing /home/mmirnezamina/de_final_project/airflowenv/lib/python3.10/site-packages/airflow/example_dags/example_branch_python_dop_operator_3.py took 0.145 seconds
[2026-08-30T23:14:57.753+0330] {processor.py:186} INFO - Started process (PID=13450) to work on /home/mmirnezamina/de_final_project/airflowenv/lib/python3.10/site-packages/airflow/example_dags/example_branch_python_dop_operator_3.py
[2026-08-30T23:14:57.755+0330] {processor.py:914} INFO - Processing file /home/mmirnezamina/de_final_project/airflowenv/lib/python3.10/site-packages/airflow/example_dags/example_branch_python_dop_operator_3.py for tasks to queue
[2026-08-30T23:14:57.758+0330] {logging_mixin.py:190} INFO - [2026-08-30T23:14:57.757+0330] {dagbag.py:588} INFO - Filling up the DagBag from /home/mmirnezamina/de_final_project/airflowenv/lib/python3.10/site-packages/airflow/example_dags/example_branch_python_dop_operator_3.py
[2026-08-30T23:14:57.784+0330] {processor.py:925} INFO - DAG(s) 'example_branch_dop_operator_v3' retrieved from /home/mmirnezamina/de_final_project/airflowenv/lib/python3.10/site-packages/airflow/example_dags/example_branch_python_dop_operator_3.py
[2026-08-30T23:14:57.977+0330] {logging_mixin.py:190} INFO - [2026-08-30T23:14:57.975+0330] {dag.py:3239} INFO - Sync 1 DAGs
[2026-08-30T23:14:58.226+0330] {logging_mixin.py:190} INFO - [2026-08-30T23:14:58.225+0330] {dag.py:4180} INFO - Setting next_dagrun for example_branch_dop_operator_v3 to 2026-08-30 19:43:00+00:00, run_after=2026-08-30 19:44:00+00:00
[2026-08-30T23:14:58.342+0330] {processor.py:208} INFO - Processing /home/mmirnezamina/de_final_project/airflowenv/lib/python3.10/site-packages/airflow/example_dags/example_branch_python_dop_operator_3.py took 0.620 seconds
[2026-08-30T23:15:29.841+0330] {processor.py:186} INFO - Started process (PID=13569) to work on /home/mmirnezamina/de_final_project/airflowenv/lib/python3.10/site-packages/airflow/example_dags/example_branch_python_dop_operator_3.py
[2026-08-30T23:15:29.844+0330] {processor.py:914} INFO - Processing file /home/mmirnezamina/de_final_project/airflowenv/lib/python3.10/site-packages/airflow/example_dags/example_branch_python_dop_operator_3.py for tasks to queue
[2026-08-30T23:15:29.850+0330] {logging_mixin.py:190} INFO - [2026-08-30T23:15:29.849+0330] {dagbag.py:588} INFO - Filling up the DagBag from /home/mmirnezamina/de_final_project/airflowenv/lib/python3.10/site-packages/airflow/example_dags/example_branch_python_dop_operator_3.py
[2026-08-30T23:15:29.897+0330] {processor.py:925} INFO - DAG(s) 'example_branch_dop_operator_v3' retrieved from /home/mmirnezamina/de_final_project/airflowenv/lib/python3.10/site-packages/airflow/example_dags/example_branch_python_dop_operator_3.py
[2026-08-30T23:15:30.083+0330] {logging_mixin.py:190} INFO - [2026-08-30T23:15:30.081+0330] {dag.py:3239} INFO - Sync 1 DAGs
[2026-08-30T23:15:30.217+0330] {logging_mixin.py:190} INFO - [2026-08-30T23:15:30.216+0330] {dag.py:4180} INFO - Setting next_dagrun for example_branch_dop_operator_v3 to 2026-08-30 19:44:00+00:00, run_after=2026-08-30 19:45:00+00:00
[2026-08-30T23:15:30.339+0330] {processor.py:208} INFO - Processing /home/mmirnezamina/de_final_project/airflowenv/lib/python3.10/site-packages/airflow/example_dags/example_branch_python_dop_operator_3.py took 0.572 seconds
[2026-08-30T23:16:01.150+0330] {processor.py:186} INFO - Started process (PID=13688) to work on /home/mmirnezamina/de_final_project/airflowenv/lib/python3.10/site-packages/airflow/example_dags/example_branch_python_dop_operator_3.py
[2026-08-30T23:16:01.151+0330] {processor.py:914} INFO - Processing file /home/mmirnezamina/de_final_project/airflowenv/lib/python3.10/site-packages/airflow/example_dags/example_branch_python_dop_operator_3.py for tasks to queue
[2026-08-30T23:16:01.152+0330] {logging_mixin.py:190} INFO - [2026-08-30T23:16:01.152+0330] {dagbag.py:588} INFO - Filling up the DagBag from /home/mmirnezamina/de_final_project/airflowenv/lib/python3.10/site-packages/airflow/example_dags/example_branch_python_dop_operator_3.py
[2026-08-30T23:16:01.166+0330] {processor.py:925} INFO - DAG(s) 'example_branch_dop_operator_v3' retrieved from /home/mmirnezamina/de_final_project/airflowenv/lib/python3.10/site-packages/airflow/example_dags/example_branch_python_dop_operator_3.py
[2026-08-30T23:16:01.204+0330] {logging_mixin.py:190} INFO - [2026-08-30T23:16:01.204+0330] {dag.py:3239} INFO - Sync 1 DAGs
[2026-08-30T23:16:01.254+0330] {logging_mixin.py:190} INFO - [2026-08-30T23:16:01.254+0330] {dag.py:4180} INFO - Setting next_dagrun for example_branch_dop_operator_v3 to 2026-08-30 19:45:00+00:00, run_after=2026-08-30 19:46:00+00:00
[2026-08-30T23:16:01.288+0330] {processor.py:208} INFO - Processing /home/mmirnezamina/de_final_project/airflowenv/lib/python3.10/site-packages/airflow/example_dags/example_branch_python_dop_operator_3.py took 0.149 seconds
[2026-08-30T23:16:31.490+0330] {processor.py:186} INFO - Started process (PID=13807) to work on /home/mmirnezamina/de_final_project/airflowenv/lib/python3.10/site-packages/airflow/example_dags/example_branch_python_dop_operator_3.py
[2026-08-30T23:16:31.492+0330] {processor.py:914} INFO - Processing file /home/mmirnezamina/de_final_project/airflowenv/lib/python3.10/site-packages/airflow/example_dags/example_branch_python_dop_operator_3.py for tasks to queue
[2026-08-30T23:16:31.495+0330] {logging_mixin.py:190} INFO - [2026-08-30T23:16:31.494+0330] {dagbag.py:588} INFO - Filling up the DagBag from /home/mmirnezamina/de_final_project/airflowenv/lib/python3.10/site-packages/airflow/example_dags/example_branch_python_dop_operator_3.py
[2026-08-30T23:16:31.520+0330] {processor.py:925} INFO - DAG(s) 'example_branch_dop_operator_v3' retrieved from /home/mmirnezamina/de_final_project/airflowenv/lib/python3.10/site-packages/airflow/example_dags/example_branch_python_dop_operator_3.py
[2026-08-30T23:16:31.568+0330] {logging_mixin.py:190} INFO - [2026-08-30T23:16:31.567+0330] {dag.py:3239} INFO - Sync 1 DAGs
[2026-08-30T23:16:31.617+0330] {logging_mixin.py:190} INFO - [2026-08-30T23:16:31.616+0330] {dag.py:4180} INFO - Setting next_dagrun for example_branch_dop_operator_v3 to 2026-08-30 19:45:00+00:00, run_after=2026-08-30 19:46:00+00:00
[2026-08-30T23:16:31.661+0330] {processor.py:208} INFO - Processing /home/mmirnezamina/de_final_project/airflowenv/lib/python3.10/site-packages/airflow/example_dags/example_branch_python_dop_operator_3.py took 0.193 seconds
[2026-08-30T23:17:02.366+0330] {processor.py:186} INFO - Started process (PID=13975) to work on /home/mmirnezamina/de_final_project/airflowenv/lib/python3.10/site-packages/airflow/example_dags/example_branch_python_dop_operator_3.py
[2026-08-30T23:17:02.369+0330] {processor.py:914} INFO - Processing file /home/mmirnezamina/de_final_project/airflowenv/lib/python3.10/site-packages/airflow/example_dags/example_branch_python_dop_operator_3.py for tasks to queue
[2026-08-30T23:17:02.373+0330] {logging_mixin.py:190} INFO - [2026-08-30T23:17:02.372+0330] {dagbag.py:588} INFO - Filling up the DagBag from /home/mmirnezamina/de_final_project/airflowenv/lib/python3.10/site-packages/airflow/example_dags/example_branch_python_dop_operator_3.py
[2026-08-30T23:17:02.430+0330] {processor.py:925} INFO - DAG(s) 'example_branch_dop_operator_v3' retrieved from /home/mmirnezamina/de_final_project/airflowenv/lib/python3.10/site-packages/airflow/example_dags/example_branch_python_dop_operator_3.py
[2026-08-30T23:17:02.599+0330] {logging_mixin.py:190} INFO - [2026-08-30T23:17:02.598+0330] {dag.py:3239} INFO - Sync 1 DAGs
[2026-08-30T23:17:02.718+0330] {logging_mixin.py:190} INFO - [2026-08-30T23:17:02.717+0330] {dag.py:4180} INFO - Setting next_dagrun for example_branch_dop_operator_v3 to 2026-08-30 19:46:00+00:00, run_after=2026-08-30 19:47:00+00:00
[2026-08-30T23:17:02.796+0330] {processor.py:208} INFO - Processing /home/mmirnezamina/de_final_project/airflowenv/lib/python3.10/site-packages/airflow/example_dags/example_branch_python_dop_operator_3.py took 0.477 seconds
[2026-08-30T23:17:34.689+0330] {processor.py:186} INFO - Started process (PID=14102) to work on /home/mmirnezamina/de_final_project/airflowenv/lib/python3.10/site-packages/airflow/example_dags/example_branch_python_dop_operator_3.py
[2026-08-30T23:17:34.695+0330] {processor.py:914} INFO - Processing file /home/mmirnezamina/de_final_project/airflowenv/lib/python3.10/site-packages/airflow/example_dags/example_branch_python_dop_operator_3.py for tasks to queue
[2026-08-30T23:17:34.700+0330] {logging_mixin.py:190} INFO - [2026-08-30T23:17:34.699+0330] {dagbag.py:588} INFO - Filling up the DagBag from /home/mmirnezamina/de_final_project/airflowenv/lib/python3.10/site-packages/airflow/example_dags/example_branch_python_dop_operator_3.py
[2026-08-30T23:17:34.752+0330] {processor.py:925} INFO - DAG(s) 'example_branch_dop_operator_v3' retrieved from /home/mmirnezamina/de_final_project/airflowenv/lib/python3.10/site-packages/airflow/example_dags/example_branch_python_dop_operator_3.py
[2026-08-30T23:17:34.859+0330] {logging_mixin.py:190} INFO - [2026-08-30T23:17:34.858+0330] {dag.py:3239} INFO - Sync 1 DAGs
[2026-08-30T23:17:35.032+0330] {logging_mixin.py:190} INFO - [2026-08-30T23:17:35.032+0330] {dag.py:4180} INFO - Setting next_dagrun for example_branch_dop_operator_v3 to 2026-08-30 19:46:00+00:00, run_after=2026-08-30 19:47:00+00:00
[2026-08-30T23:17:35.133+0330] {processor.py:208} INFO - Processing /home/mmirnezamina/de_final_project/airflowenv/lib/python3.10/site-packages/airflow/example_dags/example_branch_python_dop_operator_3.py took 0.487 seconds
[2026-08-30T23:18:06.105+0330] {processor.py:186} INFO - Started process (PID=14225) to work on /home/mmirnezamina/de_final_project/airflowenv/lib/python3.10/site-packages/airflow/example_dags/example_branch_python_dop_operator_3.py
[2026-08-30T23:18:06.110+0330] {processor.py:914} INFO - Processing file /home/mmirnezamina/de_final_project/airflowenv/lib/python3.10/site-packages/airflow/example_dags/example_branch_python_dop_operator_3.py for tasks to queue
[2026-08-30T23:18:06.116+0330] {logging_mixin.py:190} INFO - [2026-08-30T23:18:06.115+0330] {dagbag.py:588} INFO - Filling up the DagBag from /home/mmirnezamina/de_final_project/airflowenv/lib/python3.10/site-packages/airflow/example_dags/example_branch_python_dop_operator_3.py
[2026-08-30T23:18:06.153+0330] {processor.py:925} INFO - DAG(s) 'example_branch_dop_operator_v3' retrieved from /home/mmirnezamina/de_final_project/airflowenv/lib/python3.10/site-packages/airflow/example_dags/example_branch_python_dop_operator_3.py
[2026-08-30T23:18:06.240+0330] {logging_mixin.py:190} INFO - [2026-08-30T23:18:06.240+0330] {dag.py:3239} INFO - Sync 1 DAGs
[2026-08-30T23:18:06.364+0330] {logging_mixin.py:190} INFO - [2026-08-30T23:18:06.363+0330] {dag.py:4180} INFO - Setting next_dagrun for example_branch_dop_operator_v3 to 2026-08-30 19:47:00+00:00, run_after=2026-08-30 19:48:00+00:00
[2026-08-30T23:18:06.451+0330] {processor.py:208} INFO - Processing /home/mmirnezamina/de_final_project/airflowenv/lib/python3.10/site-packages/airflow/example_dags/example_branch_python_dop_operator_3.py took 0.376 seconds
[2026-08-30T23:18:36.514+0330] {processor.py:186} INFO - Started process (PID=14342) to work on /home/mmirnezamina/de_final_project/airflowenv/lib/python3.10/site-packages/airflow/example_dags/example_branch_python_dop_operator_3.py
[2026-08-30T23:18:36.515+0330] {processor.py:914} INFO - Processing file /home/mmirnezamina/de_final_project/airflowenv/lib/python3.10/site-packages/airflow/example_dags/example_branch_python_dop_operator_3.py for tasks to queue
[2026-08-30T23:18:36.517+0330] {logging_mixin.py:190} INFO - [2026-08-30T23:18:36.516+0330] {dagbag.py:588} INFO - Filling up the DagBag from /home/mmirnezamina/de_final_project/airflowenv/lib/python3.10/site-packages/airflow/example_dags/example_branch_python_dop_operator_3.py
[2026-08-30T23:18:36.532+0330] {processor.py:925} INFO - DAG(s) 'example_branch_dop_operator_v3' retrieved from /home/mmirnezamina/de_final_project/airflowenv/lib/python3.10/site-packages/airflow/example_dags/example_branch_python_dop_operator_3.py
[2026-08-30T23:18:36.569+0330] {logging_mixin.py:190} INFO - [2026-08-30T23:18:36.568+0330] {dag.py:3239} INFO - Sync 1 DAGs
[2026-08-30T23:18:36.599+0330] {logging_mixin.py:190} INFO - [2026-08-30T23:18:36.599+0330] {dag.py:4180} INFO - Setting next_dagrun for example_branch_dop_operator_v3 to 2026-08-30 19:47:00+00:00, run_after=2026-08-30 19:48:00+00:00
[2026-08-30T23:18:36.625+0330] {processor.py:208} INFO - Processing /home/mmirnezamina/de_final_project/airflowenv/lib/python3.10/site-packages/airflow/example_dags/example_branch_python_dop_operator_3.py took 0.120 seconds
[2026-08-30T23:19:07.114+0330] {processor.py:186} INFO - Started process (PID=14462) to work on /home/mmirnezamina/de_final_project/airflowenv/lib/python3.10/site-packages/airflow/example_dags/example_branch_python_dop_operator_3.py
[2026-08-30T23:19:07.115+0330] {processor.py:914} INFO - Processing file /home/mmirnezamina/de_final_project/airflowenv/lib/python3.10/site-packages/airflow/example_dags/example_branch_python_dop_operator_3.py for tasks to queue
[2026-08-30T23:19:07.117+0330] {logging_mixin.py:190} INFO - [2026-08-30T23:19:07.117+0330] {dagbag.py:588} INFO - Filling up the DagBag from /home/mmirnezamina/de_final_project/airflowenv/lib/python3.10/site-packages/airflow/example_dags/example_branch_python_dop_operator_3.py
[2026-08-30T23:19:07.131+0330] {processor.py:925} INFO - DAG(s) 'example_branch_dop_operator_v3' retrieved from /home/mmirnezamina/de_final_project/airflowenv/lib/python3.10/site-packages/airflow/example_dags/example_branch_python_dop_operator_3.py
[2026-08-30T23:19:07.166+0330] {logging_mixin.py:190} INFO - [2026-08-30T23:19:07.166+0330] {dag.py:3239} INFO - Sync 1 DAGs
[2026-08-30T23:19:07.285+0330] {logging_mixin.py:190} INFO - [2026-08-30T23:19:07.285+0330] {dag.py:4180} INFO - Setting next_dagrun for example_branch_dop_operator_v3 to 2026-08-30 19:48:00+00:00, run_after=2026-08-30 19:49:00+00:00
[2026-08-30T23:19:07.321+0330] {processor.py:208} INFO - Processing /home/mmirnezamina/de_final_project/airflowenv/lib/python3.10/site-packages/airflow/example_dags/example_branch_python_dop_operator_3.py took 0.217 seconds
[2026-08-30T23:19:38.143+0330] {processor.py:186} INFO - Started process (PID=14581) to work on /home/mmirnezamina/de_final_project/airflowenv/lib/python3.10/site-packages/airflow/example_dags/example_branch_python_dop_operator_3.py
[2026-08-30T23:19:38.144+0330] {processor.py:914} INFO - Processing file /home/mmirnezamina/de_final_project/airflowenv/lib/python3.10/site-packages/airflow/example_dags/example_branch_python_dop_operator_3.py for tasks to queue
[2026-08-30T23:19:38.146+0330] {logging_mixin.py:190} INFO - [2026-08-30T23:19:38.145+0330] {dagbag.py:588} INFO - Filling up the DagBag from /home/mmirnezamina/de_final_project/airflowenv/lib/python3.10/site-packages/airflow/example_dags/example_branch_python_dop_operator_3.py
[2026-08-30T23:19:38.158+0330] {processor.py:925} INFO - DAG(s) 'example_branch_dop_operator_v3' retrieved from /home/mmirnezamina/de_final_project/airflowenv/lib/python3.10/site-packages/airflow/example_dags/example_branch_python_dop_operator_3.py
[2026-08-30T23:19:38.186+0330] {logging_mixin.py:190} INFO - [2026-08-30T23:19:38.186+0330] {dag.py:3239} INFO - Sync 1 DAGs
[2026-08-30T23:19:38.218+0330] {logging_mixin.py:190} INFO - [2026-08-30T23:19:38.217+0330] {dag.py:4180} INFO - Setting next_dagrun for example_branch_dop_operator_v3 to 2026-08-30 19:48:00+00:00, run_after=2026-08-30 19:49:00+00:00
[2026-08-30T23:19:38.246+0330] {processor.py:208} INFO - Processing /home/mmirnezamina/de_final_project/airflowenv/lib/python3.10/site-packages/airflow/example_dags/example_branch_python_dop_operator_3.py took 0.111 seconds
[2026-08-30T23:20:08.940+0330] {processor.py:186} INFO - Started process (PID=14702) to work on /home/mmirnezamina/de_final_project/airflowenv/lib/python3.10/site-packages/airflow/example_dags/example_branch_python_dop_operator_3.py
[2026-08-30T23:20:08.941+0330] {processor.py:914} INFO - Processing file /home/mmirnezamina/de_final_project/airflowenv/lib/python3.10/site-packages/airflow/example_dags/example_branch_python_dop_operator_3.py for tasks to queue
[2026-08-30T23:20:08.943+0330] {logging_mixin.py:190} INFO - [2026-08-30T23:20:08.943+0330] {dagbag.py:588} INFO - Filling up the DagBag from /home/mmirnezamina/de_final_project/airflowenv/lib/python3.10/site-packages/airflow/example_dags/example_branch_python_dop_operator_3.py
[2026-08-30T23:20:08.957+0330] {processor.py:925} INFO - DAG(s) 'example_branch_dop_operator_v3' retrieved from /home/mmirnezamina/de_final_project/airflowenv/lib/python3.10/site-packages/airflow/example_dags/example_branch_python_dop_operator_3.py
[2026-08-30T23:20:08.995+0330] {logging_mixin.py:190} INFO - [2026-08-30T23:20:08.995+0330] {dag.py:3239} INFO - Sync 1 DAGs
[2026-08-30T23:20:09.043+0330] {logging_mixin.py:190} INFO - [2026-08-30T23:20:09.043+0330] {dag.py:4180} INFO - Setting next_dagrun for example_branch_dop_operator_v3 to 2026-08-30 19:49:00+00:00, run_after=2026-08-30 19:50:00+00:00
[2026-08-30T23:20:09.091+0330] {processor.py:208} INFO - Processing /home/mmirnezamina/de_final_project/airflowenv/lib/python3.10/site-packages/airflow/example_dags/example_branch_python_dop_operator_3.py took 0.161 seconds
[2026-08-30T23:20:39.303+0330] {processor.py:186} INFO - Started process (PID=14825) to work on /home/mmirnezamina/de_final_project/airflowenv/lib/python3.10/site-packages/airflow/example_dags/example_branch_python_dop_operator_3.py
[2026-08-30T23:20:39.305+0330] {processor.py:914} INFO - Processing file /home/mmirnezamina/de_final_project/airflowenv/lib/python3.10/site-packages/airflow/example_dags/example_branch_python_dop_operator_3.py for tasks to queue
[2026-08-30T23:20:39.306+0330] {logging_mixin.py:190} INFO - [2026-08-30T23:20:39.305+0330] {dagbag.py:588} INFO - Filling up the DagBag from /home/mmirnezamina/de_final_project/airflowenv/lib/python3.10/site-packages/airflow/example_dags/example_branch_python_dop_operator_3.py
[2026-08-30T23:20:39.315+0330] {processor.py:925} INFO - DAG(s) 'example_branch_dop_operator_v3' retrieved from /home/mmirnezamina/de_final_project/airflowenv/lib/python3.10/site-packages/airflow/example_dags/example_branch_python_dop_operator_3.py
[2026-08-30T23:20:39.339+0330] {logging_mixin.py:190} INFO - [2026-08-30T23:20:39.338+0330] {dag.py:3239} INFO - Sync 1 DAGs
[2026-08-30T23:20:39.364+0330] {logging_mixin.py:190} INFO - [2026-08-30T23:20:39.364+0330] {dag.py:4180} INFO - Setting next_dagrun for example_branch_dop_operator_v3 to 2026-08-30 19:49:00+00:00, run_after=2026-08-30 19:50:00+00:00
[2026-08-30T23:20:39.388+0330] {processor.py:208} INFO - Processing /home/mmirnezamina/de_final_project/airflowenv/lib/python3.10/site-packages/airflow/example_dags/example_branch_python_dop_operator_3.py took 0.093 seconds
[2026-08-30T23:21:09.703+0330] {processor.py:186} INFO - Started process (PID=14943) to work on /home/mmirnezamina/de_final_project/airflowenv/lib/python3.10/site-packages/airflow/example_dags/example_branch_python_dop_operator_3.py
[2026-08-30T23:21:09.704+0330] {processor.py:914} INFO - Processing file /home/mmirnezamina/de_final_project/airflowenv/lib/python3.10/site-packages/airflow/example_dags/example_branch_python_dop_operator_3.py for tasks to queue
[2026-08-30T23:21:09.705+0330] {logging_mixin.py:190} INFO - [2026-08-30T23:21:09.704+0330] {dagbag.py:588} INFO - Filling up the DagBag from /home/mmirnezamina/de_final_project/airflowenv/lib/python3.10/site-packages/airflow/example_dags/example_branch_python_dop_operator_3.py
[2026-08-30T23:21:09.713+0330] {processor.py:925} INFO - DAG(s) 'example_branch_dop_operator_v3' retrieved from /home/mmirnezamina/de_final_project/airflowenv/lib/python3.10/site-packages/airflow/example_dags/example_branch_python_dop_operator_3.py
[2026-08-30T23:21:09.741+0330] {logging_mixin.py:190} INFO - [2026-08-30T23:21:09.741+0330] {dag.py:3239} INFO - Sync 1 DAGs
[2026-08-30T23:21:09.773+0330] {logging_mixin.py:190} INFO - [2026-08-30T23:21:09.773+0330] {dag.py:4180} INFO - Setting next_dagrun for example_branch_dop_operator_v3 to 2026-08-30 19:50:00+00:00, run_after=2026-08-30 19:51:00+00:00
[2026-08-30T23:21:09.800+0330] {processor.py:208} INFO - Processing /home/mmirnezamina/de_final_project/airflowenv/lib/python3.10/site-packages/airflow/example_dags/example_branch_python_dop_operator_3.py took 0.104 seconds
[2026-08-30T23:21:40.516+0330] {processor.py:186} INFO - Started process (PID=15062) to work on /home/mmirnezamina/de_final_project/airflowenv/lib/python3.10/site-packages/airflow/example_dags/example_branch_python_dop_operator_3.py
[2026-08-30T23:21:40.517+0330] {processor.py:914} INFO - Processing file /home/mmirnezamina/de_final_project/airflowenv/lib/python3.10/site-packages/airflow/example_dags/example_branch_python_dop_operator_3.py for tasks to queue
[2026-08-30T23:21:40.518+0330] {logging_mixin.py:190} INFO - [2026-08-30T23:21:40.518+0330] {dagbag.py:588} INFO - Filling up the DagBag from /home/mmirnezamina/de_final_project/airflowenv/lib/python3.10/site-packages/airflow/example_dags/example_branch_python_dop_operator_3.py
[2026-08-30T23:21:40.528+0330] {processor.py:925} INFO - DAG(s) 'example_branch_dop_operator_v3' retrieved from /home/mmirnezamina/de_final_project/airflowenv/lib/python3.10/site-packages/airflow/example_dags/example_branch_python_dop_operator_3.py
[2026-08-30T23:21:40.553+0330] {logging_mixin.py:190} INFO - [2026-08-30T23:21:40.553+0330] {dag.py:3239} INFO - Sync 1 DAGs
[2026-08-30T23:21:40.578+0330] {logging_mixin.py:190} INFO - [2026-08-30T23:21:40.577+0330] {dag.py:4180} INFO - Setting next_dagrun for example_branch_dop_operator_v3 to 2026-08-30 19:50:00+00:00, run_after=2026-08-30 19:51:00+00:00
[2026-08-30T23:21:40.600+0330] {processor.py:208} INFO - Processing /home/mmirnezamina/de_final_project/airflowenv/lib/python3.10/site-packages/airflow/example_dags/example_branch_python_dop_operator_3.py took 0.091 seconds
[2026-08-30T23:22:11.524+0330] {processor.py:186} INFO - Started process (PID=15182) to work on /home/mmirnezamina/de_final_project/airflowenv/lib/python3.10/site-packages/airflow/example_dags/example_branch_python_dop_operator_3.py
[2026-08-30T23:22:11.525+0330] {processor.py:914} INFO - Processing file /home/mmirnezamina/de_final_project/airflowenv/lib/python3.10/site-packages/airflow/example_dags/example_branch_python_dop_operator_3.py for tasks to queue
[2026-08-30T23:22:11.526+0330] {logging_mixin.py:190} INFO - [2026-08-30T23:22:11.526+0330] {dagbag.py:588} INFO - Filling up the DagBag from /home/mmirnezamina/de_final_project/airflowenv/lib/python3.10/site-packages/airflow/example_dags/example_branch_python_dop_operator_3.py
[2026-08-30T23:22:11.537+0330] {processor.py:925} INFO - DAG(s) 'example_branch_dop_operator_v3' retrieved from /home/mmirnezamina/de_final_project/airflowenv/lib/python3.10/site-packages/airflow/example_dags/example_branch_python_dop_operator_3.py
[2026-08-30T23:22:11.561+0330] {logging_mixin.py:190} INFO - [2026-08-30T23:22:11.560+0330] {dag.py:3239} INFO - Sync 1 DAGs
[2026-08-30T23:22:11.592+0330] {logging_mixin.py:190} INFO - [2026-08-30T23:22:11.591+0330] {dag.py:4180} INFO - Setting next_dagrun for example_branch_dop_operator_v3 to 2026-08-30 19:51:00+00:00, run_after=2026-08-30 19:52:00+00:00
[2026-08-30T23:22:11.611+0330] {processor.py:208} INFO - Processing /home/mmirnezamina/de_final_project/airflowenv/lib/python3.10/site-packages/airflow/example_dags/example_branch_python_dop_operator_3.py took 0.096 seconds
[2026-08-30T23:22:42.867+0330] {processor.py:186} INFO - Started process (PID=15301) to work on /home/mmirnezamina/de_final_project/airflowenv/lib/python3.10/site-packages/airflow/example_dags/example_branch_python_dop_operator_3.py
[2026-08-30T23:22:42.869+0330] {processor.py:914} INFO - Processing file /home/mmirnezamina/de_final_project/airflowenv/lib/python3.10/site-packages/airflow/example_dags/example_branch_python_dop_operator_3.py for tasks to queue
[2026-08-30T23:22:42.872+0330] {logging_mixin.py:190} INFO - [2026-08-30T23:22:42.872+0330] {dagbag.py:588} INFO - Filling up the DagBag from /home/mmirnezamina/de_final_project/airflowenv/lib/python3.10/site-packages/airflow/example_dags/example_branch_python_dop_operator_3.py
[2026-08-30T23:22:42.900+0330] {processor.py:925} INFO - DAG(s) 'example_branch_dop_operator_v3' retrieved from /home/mmirnezamina/de_final_project/airflowenv/lib/python3.10/site-packages/airflow/example_dags/example_branch_python_dop_operator_3.py
[2026-08-30T23:22:42.989+0330] {logging_mixin.py:190} INFO - [2026-08-30T23:22:42.988+0330] {dag.py:3239} INFO - Sync 1 DAGs
[2026-08-30T23:22:43.071+0330] {logging_mixin.py:190} INFO - [2026-08-30T23:22:43.071+0330] {dag.py:4180} INFO - Setting next_dagrun for example_branch_dop_operator_v3 to 2026-08-30 19:51:00+00:00, run_after=2026-08-30 19:52:00+00:00
[2026-08-30T23:22:43.124+0330] {processor.py:208} INFO - Processing /home/mmirnezamina/de_final_project/airflowenv/lib/python3.10/site-packages/airflow/example_dags/example_branch_python_dop_operator_3.py took 0.283 seconds
[2026-08-30T23:23:13.887+0330] {processor.py:186} INFO - Started process (PID=15419) to work on /home/mmirnezamina/de_final_project/airflowenv/lib/python3.10/site-packages/airflow/example_dags/example_branch_python_dop_operator_3.py
[2026-08-30T23:23:13.888+0330] {processor.py:914} INFO - Processing file /home/mmirnezamina/de_final_project/airflowenv/lib/python3.10/site-packages/airflow/example_dags/example_branch_python_dop_operator_3.py for tasks to queue
[2026-08-30T23:23:13.890+0330] {logging_mixin.py:190} INFO - [2026-08-30T23:23:13.889+0330] {dagbag.py:588} INFO - Filling up the DagBag from /home/mmirnezamina/de_final_project/airflowenv/lib/python3.10/site-packages/airflow/example_dags/example_branch_python_dop_operator_3.py
[2026-08-30T23:23:13.905+0330] {processor.py:925} INFO - DAG(s) 'example_branch_dop_operator_v3' retrieved from /home/mmirnezamina/de_final_project/airflowenv/lib/python3.10/site-packages/airflow/example_dags/example_branch_python_dop_operator_3.py
[2026-08-30T23:23:13.947+0330] {logging_mixin.py:190} INFO - [2026-08-30T23:23:13.946+0330] {dag.py:3239} INFO - Sync 1 DAGs
[2026-08-30T23:23:14.001+0330] {logging_mixin.py:190} INFO - [2026-08-30T23:23:14.001+0330] {dag.py:4180} INFO - Setting next_dagrun for example_branch_dop_operator_v3 to 2026-08-30 19:52:00+00:00, run_after=2026-08-30 19:53:00+00:00
[2026-08-30T23:23:14.038+0330] {processor.py:208} INFO - Processing /home/mmirnezamina/de_final_project/airflowenv/lib/python3.10/site-packages/airflow/example_dags/example_branch_python_dop_operator_3.py took 0.163 seconds
[2026-08-30T23:23:44.968+0330] {processor.py:186} INFO - Started process (PID=15538) to work on /home/mmirnezamina/de_final_project/airflowenv/lib/python3.10/site-packages/airflow/example_dags/example_branch_python_dop_operator_3.py
[2026-08-30T23:23:44.971+0330] {processor.py:914} INFO - Processing file /home/mmirnezamina/de_final_project/airflowenv/lib/python3.10/site-packages/airflow/example_dags/example_branch_python_dop_operator_3.py for tasks to queue
[2026-08-30T23:23:44.973+0330] {logging_mixin.py:190} INFO - [2026-08-30T23:23:44.972+0330] {dagbag.py:588} INFO - Filling up the DagBag from /home/mmirnezamina/de_final_project/airflowenv/lib/python3.10/site-packages/airflow/example_dags/example_branch_python_dop_operator_3.py
[2026-08-30T23:23:44.987+0330] {processor.py:925} INFO - DAG(s) 'example_branch_dop_operator_v3' retrieved from /home/mmirnezamina/de_final_project/airflowenv/lib/python3.10/site-packages/airflow/example_dags/example_branch_python_dop_operator_3.py
[2026-08-30T23:23:45.013+0330] {logging_mixin.py:190} INFO - [2026-08-30T23:23:45.013+0330] {dag.py:3239} INFO - Sync 1 DAGs
[2026-08-30T23:23:45.038+0330] {logging_mixin.py:190} INFO - [2026-08-30T23:23:45.037+0330] {dag.py:4180} INFO - Setting next_dagrun for example_branch_dop_operator_v3 to 2026-08-30 19:52:00+00:00, run_after=2026-08-30 19:53:00+00:00
[2026-08-30T23:23:45.060+0330] {processor.py:208} INFO - Processing /home/mmirnezamina/de_final_project/airflowenv/lib/python3.10/site-packages/airflow/example_dags/example_branch_python_dop_operator_3.py took 0.099 seconds
[2026-08-30T23:24:15.533+0330] {processor.py:186} INFO - Started process (PID=15658) to work on /home/mmirnezamina/de_final_project/airflowenv/lib/python3.10/site-packages/airflow/example_dags/example_branch_python_dop_operator_3.py
[2026-08-30T23:24:15.534+0330] {processor.py:914} INFO - Processing file /home/mmirnezamina/de_final_project/airflowenv/lib/python3.10/site-packages/airflow/example_dags/example_branch_python_dop_operator_3.py for tasks to queue
[2026-08-30T23:24:15.536+0330] {logging_mixin.py:190} INFO - [2026-08-30T23:24:15.535+0330] {dagbag.py:588} INFO - Filling up the DagBag from /home/mmirnezamina/de_final_project/airflowenv/lib/python3.10/site-packages/airflow/example_dags/example_branch_python_dop_operator_3.py
[2026-08-30T23:24:15.551+0330] {processor.py:925} INFO - DAG(s) 'example_branch_dop_operator_v3' retrieved from /home/mmirnezamina/de_final_project/airflowenv/lib/python3.10/site-packages/airflow/example_dags/example_branch_python_dop_operator_3.py
[2026-08-30T23:24:15.601+0330] {logging_mixin.py:190} INFO - [2026-08-30T23:24:15.601+0330] {dag.py:3239} INFO - Sync 1 DAGs
[2026-08-30T23:24:15.664+0330] {logging_mixin.py:190} INFO - [2026-08-30T23:24:15.664+0330] {dag.py:4180} INFO - Setting next_dagrun for example_branch_dop_operator_v3 to 2026-08-30 19:53:00+00:00, run_after=2026-08-30 19:54:00+00:00
[2026-08-30T23:24:15.709+0330] {processor.py:208} INFO - Processing /home/mmirnezamina/de_final_project/airflowenv/lib/python3.10/site-packages/airflow/example_dags/example_branch_python_dop_operator_3.py took 0.189 seconds
[2026-08-30T23:24:46.407+0330] {processor.py:186} INFO - Started process (PID=15775) to work on /home/mmirnezamina/de_final_project/airflowenv/lib/python3.10/site-packages/airflow/example_dags/example_branch_python_dop_operator_3.py
[2026-08-30T23:24:46.409+0330] {processor.py:914} INFO - Processing file /home/mmirnezamina/de_final_project/airflowenv/lib/python3.10/site-packages/airflow/example_dags/example_branch_python_dop_operator_3.py for tasks to queue
[2026-08-30T23:24:46.411+0330] {logging_mixin.py:190} INFO - [2026-08-30T23:24:46.410+0330] {dagbag.py:588} INFO - Filling up the DagBag from /home/mmirnezamina/de_final_project/airflowenv/lib/python3.10/site-packages/airflow/example_dags/example_branch_python_dop_operator_3.py
[2026-08-30T23:24:46.431+0330] {processor.py:925} INFO - DAG(s) 'example_branch_dop_operator_v3' retrieved from /home/mmirnezamina/de_final_project/airflowenv/lib/python3.10/site-packages/airflow/example_dags/example_branch_python_dop_operator_3.py
[2026-08-30T23:24:46.480+0330] {logging_mixin.py:190} INFO - [2026-08-30T23:24:46.480+0330] {dag.py:3239} INFO - Sync 1 DAGs
[2026-08-30T23:24:46.532+0330] {logging_mixin.py:190} INFO - [2026-08-30T23:24:46.532+0330] {dag.py:4180} INFO - Setting next_dagrun for example_branch_dop_operator_v3 to 2026-08-30 19:53:00+00:00, run_after=2026-08-30 19:54:00+00:00
[2026-08-30T23:24:46.569+0330] {processor.py:208} INFO - Processing /home/mmirnezamina/de_final_project/airflowenv/lib/python3.10/site-packages/airflow/example_dags/example_branch_python_dop_operator_3.py took 0.175 seconds
[2026-08-30T23:25:16.823+0330] {processor.py:186} INFO - Started process (PID=15920) to work on /home/mmirnezamina/de_final_project/airflowenv/lib/python3.10/site-packages/airflow/example_dags/example_branch_python_dop_operator_3.py
[2026-08-30T23:25:16.824+0330] {processor.py:914} INFO - Processing file /home/mmirnezamina/de_final_project/airflowenv/lib/python3.10/site-packages/airflow/example_dags/example_branch_python_dop_operator_3.py for tasks to queue
[2026-08-30T23:25:16.825+0330] {logging_mixin.py:190} INFO - [2026-08-30T23:25:16.824+0330] {dagbag.py:588} INFO - Filling up the DagBag from /home/mmirnezamina/de_final_project/airflowenv/lib/python3.10/site-packages/airflow/example_dags/example_branch_python_dop_operator_3.py
[2026-08-30T23:25:16.834+0330] {processor.py:925} INFO - DAG(s) 'example_branch_dop_operator_v3' retrieved from /home/mmirnezamina/de_final_project/airflowenv/lib/python3.10/site-packages/airflow/example_dags/example_branch_python_dop_operator_3.py
[2026-08-30T23:25:16.871+0330] {logging_mixin.py:190} INFO - [2026-08-30T23:25:16.870+0330] {dag.py:3239} INFO - Sync 1 DAGs
[2026-08-30T23:25:16.924+0330] {logging_mixin.py:190} INFO - [2026-08-30T23:25:16.924+0330] {dag.py:4180} INFO - Setting next_dagrun for example_branch_dop_operator_v3 to 2026-08-30 19:54:00+00:00, run_after=2026-08-30 19:55:00+00:00
[2026-08-30T23:25:16.947+0330] {processor.py:208} INFO - Processing /home/mmirnezamina/de_final_project/airflowenv/lib/python3.10/site-packages/airflow/example_dags/example_branch_python_dop_operator_3.py took 0.132 seconds
[2026-08-30T23:25:47.245+0330] {processor.py:186} INFO - Started process (PID=16057) to work on /home/mmirnezamina/de_final_project/airflowenv/lib/python3.10/site-packages/airflow/example_dags/example_branch_python_dop_operator_3.py
[2026-08-30T23:25:47.247+0330] {processor.py:914} INFO - Processing file /home/mmirnezamina/de_final_project/airflowenv/lib/python3.10/site-packages/airflow/example_dags/example_branch_python_dop_operator_3.py for tasks to queue
[2026-08-30T23:25:47.248+0330] {logging_mixin.py:190} INFO - [2026-08-30T23:25:47.248+0330] {dagbag.py:588} INFO - Filling up the DagBag from /home/mmirnezamina/de_final_project/airflowenv/lib/python3.10/site-packages/airflow/example_dags/example_branch_python_dop_operator_3.py
[2026-08-30T23:25:47.257+0330] {processor.py:925} INFO - DAG(s) 'example_branch_dop_operator_v3' retrieved from /home/mmirnezamina/de_final_project/airflowenv/lib/python3.10/site-packages/airflow/example_dags/example_branch_python_dop_operator_3.py
[2026-08-30T23:25:47.282+0330] {logging_mixin.py:190} INFO - [2026-08-30T23:25:47.282+0330] {dag.py:3239} INFO - Sync 1 DAGs
[2026-08-30T23:25:47.306+0330] {logging_mixin.py:190} INFO - [2026-08-30T23:25:47.306+0330] {dag.py:4180} INFO - Setting next_dagrun for example_branch_dop_operator_v3 to 2026-08-30 19:54:00+00:00, run_after=2026-08-30 19:55:00+00:00
[2026-08-30T23:25:47.330+0330] {processor.py:208} INFO - Processing /home/mmirnezamina/de_final_project/airflowenv/lib/python3.10/site-packages/airflow/example_dags/example_branch_python_dop_operator_3.py took 0.094 seconds
[2026-08-30T23:26:17.635+0330] {processor.py:186} INFO - Started process (PID=16177) to work on /home/mmirnezamina/de_final_project/airflowenv/lib/python3.10/site-packages/airflow/example_dags/example_branch_python_dop_operator_3.py
[2026-08-30T23:26:17.636+0330] {processor.py:914} INFO - Processing file /home/mmirnezamina/de_final_project/airflowenv/lib/python3.10/site-packages/airflow/example_dags/example_branch_python_dop_operator_3.py for tasks to queue
[2026-08-30T23:26:17.637+0330] {logging_mixin.py:190} INFO - [2026-08-30T23:26:17.637+0330] {dagbag.py:588} INFO - Filling up the DagBag from /home/mmirnezamina/de_final_project/airflowenv/lib/python3.10/site-packages/airflow/example_dags/example_branch_python_dop_operator_3.py
[2026-08-30T23:26:17.651+0330] {processor.py:925} INFO - DAG(s) 'example_branch_dop_operator_v3' retrieved from /home/mmirnezamina/de_final_project/airflowenv/lib/python3.10/site-packages/airflow/example_dags/example_branch_python_dop_operator_3.py
[2026-08-30T23:26:17.686+0330] {logging_mixin.py:190} INFO - [2026-08-30T23:26:17.686+0330] {dag.py:3239} INFO - Sync 1 DAGs
[2026-08-30T23:26:17.726+0330] {logging_mixin.py:190} INFO - [2026-08-30T23:26:17.726+0330] {dag.py:4180} INFO - Setting next_dagrun for example_branch_dop_operator_v3 to 2026-08-30 19:55:00+00:00, run_after=2026-08-30 19:56:00+00:00
[2026-08-30T23:26:17.764+0330] {processor.py:208} INFO - Processing /home/mmirnezamina/de_final_project/airflowenv/lib/python3.10/site-packages/airflow/example_dags/example_branch_python_dop_operator_3.py took 0.139 seconds
[2026-08-30T23:26:47.876+0330] {processor.py:186} INFO - Started process (PID=16294) to work on /home/mmirnezamina/de_final_project/airflowenv/lib/python3.10/site-packages/airflow/example_dags/example_branch_python_dop_operator_3.py
[2026-08-30T23:26:47.878+0330] {processor.py:914} INFO - Processing file /home/mmirnezamina/de_final_project/airflowenv/lib/python3.10/site-packages/airflow/example_dags/example_branch_python_dop_operator_3.py for tasks to queue
[2026-08-30T23:26:47.881+0330] {logging_mixin.py:190} INFO - [2026-08-30T23:26:47.880+0330] {dagbag.py:588} INFO - Filling up the DagBag from /home/mmirnezamina/de_final_project/airflowenv/lib/python3.10/site-packages/airflow/example_dags/example_branch_python_dop_operator_3.py
[2026-08-30T23:26:47.904+0330] {processor.py:925} INFO - DAG(s) 'example_branch_dop_operator_v3' retrieved from /home/mmirnezamina/de_final_project/airflowenv/lib/python3.10/site-packages/airflow/example_dags/example_branch_python_dop_operator_3.py
[2026-08-30T23:26:47.962+0330] {logging_mixin.py:190} INFO - [2026-08-30T23:26:47.961+0330] {dag.py:3239} INFO - Sync 1 DAGs
[2026-08-30T23:26:48.040+0330] {logging_mixin.py:190} INFO - [2026-08-30T23:26:48.039+0330] {dag.py:4180} INFO - Setting next_dagrun for example_branch_dop_operator_v3 to 2026-08-30 19:55:00+00:00, run_after=2026-08-30 19:56:00+00:00
[2026-08-30T23:26:48.091+0330] {processor.py:208} INFO - Processing /home/mmirnezamina/de_final_project/airflowenv/lib/python3.10/site-packages/airflow/example_dags/example_branch_python_dop_operator_3.py took 0.236 seconds
