[2026-08-30T23:13:48.179+0330] {processor.py:186} INFO - Started process (PID=13173) to work on /home/mmirnezamina/de_final_project/airflowenv/lib/python3.10/site-packages/airflow/example_dags/example_nested_branch_dag.py
[2026-08-30T23:13:48.193+0330] {processor.py:914} INFO - Processing file /home/mmirnezamina/de_final_project/airflowenv/lib/python3.10/site-packages/airflow/example_dags/example_nested_branch_dag.py for tasks to queue
[2026-08-30T23:13:48.198+0330] {logging_mixin.py:190} INFO - [2026-08-30T23:13:48.197+0330] {dagbag.py:588} INFO - Filling up the DagBag from /home/mmirnezamina/de_final_project/airflowenv/lib/python3.10/site-packages/airflow/example_dags/example_nested_branch_dag.py
[2026-08-30T23:13:48.267+0330] {processor.py:925} INFO - DAG(s) 'example_nested_branch_dag' retrieved from /home/mmirnezamina/de_final_project/airflowenv/lib/python3.10/site-packages/airflow/example_dags/example_nested_branch_dag.py
[2026-08-30T23:13:48.781+0330] {logging_mixin.py:190} INFO - [2026-08-30T23:13:48.778+0330] {override.py:1930} INFO - Created Permission View: can edit on DAG:example_nested_branch_dag
[2026-08-30T23:13:48.821+0330] {logging_mixin.py:190} INFO - [2026-08-30T23:13:48.820+0330] {override.py:1930} INFO - Created Permission View: can read on DAG:example_nested_branch_dag
[2026-08-30T23:13:48.853+0330] {logging_mixin.py:190} INFO - [2026-08-30T23:13:48.852+0330] {override.py:1930} INFO - Created Permission View: can delete on DAG:example_nested_branch_dag
[2026-08-30T23:13:48.892+0330] {logging_mixin.py:190} INFO - [2026-08-30T23:13:48.891+0330] {override.py:1930} INFO - Created Permission View: menu access on DAG Run:example_nested_branch_dag
[2026-08-30T23:13:48.929+0330] {logging_mixin.py:190} INFO - [2026-08-30T23:13:48.928+0330] {override.py:1930} INFO - Created Permission View: can create on DAG Run:example_nested_branch_dag
[2026-08-30T23:13:48.967+0330] {logging_mixin.py:190} INFO - [2026-08-30T23:13:48.966+0330] {override.py:1930} INFO - Created Permission View: can read on DAG Run:example_nested_branch_dag
[2026-08-30T23:13:49.017+0330] {logging_mixin.py:190} INFO - [2026-08-30T23:13:49.016+0330] {override.py:1930} INFO - Created Permission View: can delete on DAG Run:example_nested_branch_dag
[2026-08-30T23:13:49.020+0330] {logging_mixin.py:190} INFO - [2026-08-30T23:13:49.019+0330] {dag.py:3239} INFO - Sync 1 DAGs
[2026-08-30T23:13:49.100+0330] {logging_mixin.py:190} INFO - [2026-08-30T23:13:49.099+0330] {dag.py:3262} INFO - Creating ORM DAG for example_nested_branch_dag
[2026-08-30T23:13:49.137+0330] {logging_mixin.py:190} INFO - [2026-08-30T23:13:49.136+0330] {dag.py:4180} INFO - Setting next_dagrun for example_nested_branch_dag to 2026-08-29 00:00:00+00:00, run_after=2026-08-30 00:00:00+00:00
[2026-08-30T23:13:49.204+0330] {processor.py:208} INFO - Processing /home/mmirnezamina/de_final_project/airflowenv/lib/python3.10/site-packages/airflow/example_dags/example_nested_branch_dag.py took 1.069 seconds
[2026-08-30T23:14:19.539+0330] {processor.py:186} INFO - Started process (PID=13300) to work on /home/mmirnezamina/de_final_project/airflowenv/lib/python3.10/site-packages/airflow/example_dags/example_nested_branch_dag.py
[2026-08-30T23:14:19.542+0330] {processor.py:914} INFO - Processing file /home/mmirnezamina/de_final_project/airflowenv/lib/python3.10/site-packages/airflow/example_dags/example_nested_branch_dag.py for tasks to queue
[2026-08-30T23:14:19.545+0330] {logging_mixin.py:190} INFO - [2026-08-30T23:14:19.544+0330] {dagbag.py:588} INFO - Filling up the DagBag from /home/mmirnezamina/de_final_project/airflowenv/lib/python3.10/site-packages/airflow/example_dags/example_nested_branch_dag.py
[2026-08-30T23:14:19.580+0330] {processor.py:925} INFO - DAG(s) 'example_nested_branch_dag' retrieved from /home/mmirnezamina/de_final_project/airflowenv/lib/python3.10/site-packages/airflow/example_dags/example_nested_branch_dag.py
[2026-08-30T23:14:19.687+0330] {logging_mixin.py:190} INFO - [2026-08-30T23:14:19.686+0330] {dag.py:3239} INFO - Sync 1 DAGs
[2026-08-30T23:14:19.776+0330] {logging_mixin.py:190} INFO - [2026-08-30T23:14:19.775+0330] {dag.py:4180} INFO - Setting next_dagrun for example_nested_branch_dag to 2026-08-29 00:00:00+00:00, run_after=2026-08-30 00:00:00+00:00
[2026-08-30T23:14:19.856+0330] {processor.py:208} INFO - Processing /home/mmirnezamina/de_final_project/airflowenv/lib/python3.10/site-packages/airflow/example_dags/example_nested_branch_dag.py took 0.337 seconds
[2026-08-30T23:14:50.668+0330] {processor.py:186} INFO - Started process (PID=13417) to work on /home/mmirnezamina/de_final_project/airflowenv/lib/python3.10/site-packages/airflow/example_dags/example_nested_branch_dag.py
[2026-08-30T23:14:50.669+0330] {processor.py:914} INFO - Processing file /home/mmirnezamina/de_final_project/airflowenv/lib/python3.10/site-packages/airflow/example_dags/example_nested_branch_dag.py for tasks to queue
[2026-08-30T23:14:50.671+0330] {logging_mixin.py:190} INFO - [2026-08-30T23:14:50.670+0330] {dagbag.py:588} INFO - Filling up the DagBag from /home/mmirnezamina/de_final_project/airflowenv/lib/python3.10/site-packages/airflow/example_dags/example_nested_branch_dag.py
[2026-08-30T23:14:50.684+0330] {processor.py:925} INFO - DAG(s) 'example_nested_branch_dag' retrieved from /home/mmirnezamina/de_final_project/airflowenv/lib/python3.10/site-packages/airflow/example_dags/example_nested_branch_dag.py
[2026-08-30T23:14:50.718+0330] {logging_mixin.py:190} INFO - [2026-08-30T23:14:50.718+0330] {dag.py:3239} INFO - Sync 1 DAGs
[2026-08-30T23:14:50.745+0330] {logging_mixin.py:190} INFO - [2026-08-30T23:14:50.744+0330] {dag.py:4180} INFO - Setting next_dagrun for example_nested_branch_dag to 2026-08-29 00:00:00+00:00, run_after=2026-08-30 00:00:00+00:00
[2026-08-30T23:14:50.771+0330] {processor.py:208} INFO - Processing /home/mmirnezamina/de_final_project/airflowenv/lib/python3.10/site-packages/airflow/example_dags/example_nested_branch_dag.py took 0.113 seconds
[2026-08-30T23:15:21.373+0330] {processor.py:186} INFO - Started process (PID=13538) to work on /home/mmirnezamina/de_final_project/airflowenv/lib/python3.10/site-packages/airflow/example_dags/example_nested_branch_dag.py
[2026-08-30T23:15:21.376+0330] {processor.py:914} INFO - Processing file /home/mmirnezamina/de_final_project/airflowenv/lib/python3.10/site-packages/airflow/example_dags/example_nested_branch_dag.py for tasks to queue
[2026-08-30T23:15:21.380+0330] {logging_mixin.py:190} INFO - [2026-08-30T23:15:21.380+0330] {dagbag.py:588} INFO - Filling up the DagBag from /home/mmirnezamina/de_final_project/airflowenv/lib/python3.10/site-packages/airflow/example_dags/example_nested_branch_dag.py
[2026-08-30T23:15:21.428+0330] {processor.py:925} INFO - DAG(s) 'example_nested_branch_dag' retrieved from /home/mmirnezamina/de_final_project/airflowenv/lib/python3.10/site-packages/airflow/example_dags/example_nested_branch_dag.py
[2026-08-30T23:15:21.507+0330] {logging_mixin.py:190} INFO - [2026-08-30T23:15:21.506+0330] {dag.py:3239} INFO - Sync 1 DAGs
[2026-08-30T23:15:21.542+0330] {logging_mixin.py:190} INFO - [2026-08-30T23:15:21.541+0330] {dag.py:4180} INFO - Setting next_dagrun for example_nested_branch_dag to 2026-08-29 00:00:00+00:00, run_after=2026-08-30 00:00:00+00:00
[2026-08-30T23:15:21.609+0330] {processor.py:208} INFO - Processing /home/mmirnezamina/de_final_project/airflowenv/lib/python3.10/site-packages/airflow/example_dags/example_nested_branch_dag.py took 0.267 seconds
[2026-08-30T23:15:52.616+0330] {processor.py:186} INFO - Started process (PID=13655) to work on /home/mmirnezamina/de_final_project/airflowenv/lib/python3.10/site-packages/airflow/example_dags/example_nested_branch_dag.py
[2026-08-30T23:15:52.617+0330] {processor.py:914} INFO - Processing file /home/mmirnezamina/de_final_project/airflowenv/lib/python3.10/site-packages/airflow/example_dags/example_nested_branch_dag.py for tasks to queue
[2026-08-30T23:15:52.619+0330] {logging_mixin.py:190} INFO - [2026-08-30T23:15:52.618+0330] {dagbag.py:588} INFO - Filling up the DagBag from /home/mmirnezamina/de_final_project/airflowenv/lib/python3.10/site-packages/airflow/example_dags/example_nested_branch_dag.py
[2026-08-30T23:15:52.634+0330] {processor.py:925} INFO - DAG(s) 'example_nested_branch_dag' retrieved from /home/mmirnezamina/de_final_project/airflowenv/lib/python3.10/site-packages/airflow/example_dags/example_nested_branch_dag.py
[2026-08-30T23:15:52.667+0330] {logging_mixin.py:190} INFO - [2026-08-30T23:15:52.667+0330] {dag.py:3239} INFO - Sync 1 DAGs
[2026-08-30T23:15:52.697+0330] {logging_mixin.py:190} INFO - [2026-08-30T23:15:52.697+0330] {dag.py:4180} INFO - Setting next_dagrun for example_nested_branch_dag to 2026-08-29 00:00:00+00:00, run_after=2026-08-30 00:00:00+00:00
[2026-08-30T23:15:52.725+0330] {processor.py:208} INFO - Processing /home/mmirnezamina/de_final_project/airflowenv/lib/python3.10/site-packages/airflow/example_dags/example_nested_branch_dag.py took 0.119 seconds
[2026-08-30T23:16:23.216+0330] {processor.py:186} INFO - Started process (PID=13775) to work on /home/mmirnezamina/de_final_project/airflowenv/lib/python3.10/site-packages/airflow/example_dags/example_nested_branch_dag.py
[2026-08-30T23:16:23.218+0330] {processor.py:914} INFO - Processing file /home/mmirnezamina/de_final_project/airflowenv/lib/python3.10/site-packages/airflow/example_dags/example_nested_branch_dag.py for tasks to queue
[2026-08-30T23:16:23.220+0330] {logging_mixin.py:190} INFO - [2026-08-30T23:16:23.219+0330] {dagbag.py:588} INFO - Filling up the DagBag from /home/mmirnezamina/de_final_project/airflowenv/lib/python3.10/site-packages/airflow/example_dags/example_nested_branch_dag.py
[2026-08-30T23:16:23.235+0330] {processor.py:925} INFO - DAG(s) 'example_nested_branch_dag' retrieved from /home/mmirnezamina/de_final_project/airflowenv/lib/python3.10/site-packages/airflow/example_dags/example_nested_branch_dag.py
[2026-08-30T23:16:23.271+0330] {logging_mixin.py:190} INFO - [2026-08-30T23:16:23.270+0330] {dag.py:3239} INFO - Sync 1 DAGs
[2026-08-30T23:16:23.302+0330] {logging_mixin.py:190} INFO - [2026-08-30T23:16:23.302+0330] {dag.py:4180} INFO - Setting next_dagrun for example_nested_branch_dag to 2026-08-29 00:00:00+00:00, run_after=2026-08-30 00:00:00+00:00
[2026-08-30T23:16:23.334+0330] {processor.py:208} INFO - Processing /home/mmirnezamina/de_final_project/airflowenv/lib/python3.10/site-packages/airflow/example_dags/example_nested_branch_dag.py took 0.132 seconds
[2026-08-30T23:16:53.620+0330] {processor.py:186} INFO - Started process (PID=13924) to work on /home/mmirnezamina/de_final_project/airflowenv/lib/python3.10/site-packages/airflow/example_dags/example_nested_branch_dag.py
[2026-08-30T23:16:53.622+0330] {processor.py:914} INFO - Processing file /home/mmirnezamina/de_final_project/airflowenv/lib/python3.10/site-packages/airflow/example_dags/example_nested_branch_dag.py for tasks to queue
[2026-08-30T23:16:53.624+0330] {logging_mixin.py:190} INFO - [2026-08-30T23:16:53.624+0330] {dagbag.py:588} INFO - Filling up the DagBag from /home/mmirnezamina/de_final_project/airflowenv/lib/python3.10/site-packages/airflow/example_dags/example_nested_branch_dag.py
[2026-08-30T23:16:53.635+0330] {processor.py:925} INFO - DAG(s) 'example_nested_branch_dag' retrieved from /home/mmirnezamina/de_final_project/airflowenv/lib/python3.10/site-packages/airflow/example_dags/example_nested_branch_dag.py
[2026-08-30T23:16:53.663+0330] {logging_mixin.py:190} INFO - [2026-08-30T23:16:53.663+0330] {dag.py:3239} INFO - Sync 1 DAGs
[2026-08-30T23:16:53.692+0330] {logging_mixin.py:190} INFO - [2026-08-30T23:16:53.692+0330] {dag.py:4180} INFO - Setting next_dagrun for example_nested_branch_dag to 2026-08-29 00:00:00+00:00, run_after=2026-08-30 00:00:00+00:00
[2026-08-30T23:16:53.717+0330] {processor.py:208} INFO - Processing /home/mmirnezamina/de_final_project/airflowenv/lib/python3.10/site-packages/airflow/example_dags/example_nested_branch_dag.py took 0.106 seconds
[2026-08-30T23:17:24.498+0330] {processor.py:186} INFO - Started process (PID=14062) to work on /home/mmirnezamina/de_final_project/airflowenv/lib/python3.10/site-packages/airflow/example_dags/example_nested_branch_dag.py
[2026-08-30T23:17:24.499+0330] {processor.py:914} INFO - Processing file /home/mmirnezamina/de_final_project/airflowenv/lib/python3.10/site-packages/airflow/example_dags/example_nested_branch_dag.py for tasks to queue
[2026-08-30T23:17:24.501+0330] {logging_mixin.py:190} INFO - [2026-08-30T23:17:24.500+0330] {dagbag.py:588} INFO - Filling up the DagBag from /home/mmirnezamina/de_final_project/airflowenv/lib/python3.10/site-packages/airflow/example_dags/example_nested_branch_dag.py
[2026-08-30T23:17:24.531+0330] {processor.py:925} INFO - DAG(s) 'example_nested_branch_dag' retrieved from /home/mmirnezamina/de_final_project/airflowenv/lib/python3.10/site-packages/airflow/example_dags/example_nested_branch_dag.py
[2026-08-30T23:17:24.596+0330] {logging_mixin.py:190} INFO - [2026-08-30T23:17:24.596+0330] {dag.py:3239} INFO - Sync 1 DAGs
[2026-08-30T23:17:24.661+0330] {logging_mixin.py:190} INFO - [2026-08-30T23:17:24.661+0330] {dag.py:4180} INFO - Setting next_dagrun for example_nested_branch_dag to 2026-08-29 00:00:00+00:00, run_after=2026-08-30 00:00:00+00:00
[2026-08-30T23:17:24.711+0330] {processor.py:208} INFO - Processing /home/mmirnezamina/de_final_project/airflowenv/lib/python3.10/site-packages/airflow/example_dags/example_nested_branch_dag.py took 0.230 seconds
[2026-08-30T23:17:55.505+0330] {processor.py:186} INFO - Started process (PID=14185) to work on /home/mmirnezamina/de_final_project/airflowenv/lib/python3.10/site-packages/airflow/example_dags/example_nested_branch_dag.py
[2026-08-30T23:17:55.507+0330] {processor.py:914} INFO - Processing file /home/mmirnezamina/de_final_project/airflowenv/lib/python3.10/site-packages/airflow/example_dags/example_nested_branch_dag.py for tasks to queue
[2026-08-30T23:17:55.508+0330] {logging_mixin.py:190} INFO - [2026-08-30T23:17:55.508+0330] {dagbag.py:588} INFO - Filling up the DagBag from /home/mmirnezamina/de_final_project/airflowenv/lib/python3.10/site-packages/airflow/example_dags/example_nested_branch_dag.py
[2026-08-30T23:17:55.520+0330] {processor.py:925} INFO - DAG(s) 'example_nested_branch_dag' retrieved from /home/mmirnezamina/de_final_project/airflowenv/lib/python3.10/site-packages/airflow/example_dags/example_nested_branch_dag.py
[2026-08-30T23:17:55.555+0330] {logging_mixin.py:190} INFO - [2026-08-30T23:17:55.555+0330] {dag.py:3239} INFO - Sync 1 DAGs
[2026-08-30T23:17:55.593+0330] {logging_mixin.py:190} INFO - [2026-08-30T23:17:55.592+0330] {dag.py:4180} INFO - Setting next_dagrun for example_nested_branch_dag to 2026-08-29 00:00:00+00:00, run_after=2026-08-30 00:00:00+00:00
[2026-08-30T23:17:55.625+0330] {processor.py:208} INFO - Processing /home/mmirnezamina/de_final_project/airflowenv/lib/python3.10/site-packages/airflow/example_dags/example_nested_branch_dag.py took 0.132 seconds
[2026-08-30T23:18:25.889+0330] {processor.py:186} INFO - Started process (PID=14305) to work on /home/mmirnezamina/de_final_project/airflowenv/lib/python3.10/site-packages/airflow/example_dags/example_nested_branch_dag.py
[2026-08-30T23:18:25.891+0330] {processor.py:914} INFO - Processing file /home/mmirnezamina/de_final_project/airflowenv/lib/python3.10/site-packages/airflow/example_dags/example_nested_branch_dag.py for tasks to queue
[2026-08-30T23:18:25.893+0330] {logging_mixin.py:190} INFO - [2026-08-30T23:18:25.892+0330] {dagbag.py:588} INFO - Filling up the DagBag from /home/mmirnezamina/de_final_project/airflowenv/lib/python3.10/site-packages/airflow/example_dags/example_nested_branch_dag.py
[2026-08-30T23:18:25.916+0330] {processor.py:925} INFO - DAG(s) 'example_nested_branch_dag' retrieved from /home/mmirnezamina/de_final_project/airflowenv/lib/python3.10/site-packages/airflow/example_dags/example_nested_branch_dag.py
[2026-08-30T23:18:25.963+0330] {logging_mixin.py:190} INFO - [2026-08-30T23:18:25.963+0330] {dag.py:3239} INFO - Sync 1 DAGs
[2026-08-30T23:18:26.003+0330] {logging_mixin.py:190} INFO - [2026-08-30T23:18:26.002+0330] {dag.py:4180} INFO - Setting next_dagrun for example_nested_branch_dag to 2026-08-29 00:00:00+00:00, run_after=2026-08-30 00:00:00+00:00
[2026-08-30T23:18:26.038+0330] {processor.py:208} INFO - Processing /home/mmirnezamina/de_final_project/airflowenv/lib/python3.10/site-packages/airflow/example_dags/example_nested_branch_dag.py took 0.167 seconds
[2026-08-30T23:18:56.558+0330] {processor.py:186} INFO - Started process (PID=14422) to work on /home/mmirnezamina/de_final_project/airflowenv/lib/python3.10/site-packages/airflow/example_dags/example_nested_branch_dag.py
[2026-08-30T23:18:56.559+0330] {processor.py:914} INFO - Processing file /home/mmirnezamina/de_final_project/airflowenv/lib/python3.10/site-packages/airflow/example_dags/example_nested_branch_dag.py for tasks to queue
[2026-08-30T23:18:56.560+0330] {logging_mixin.py:190} INFO - [2026-08-30T23:18:56.560+0330] {dagbag.py:588} INFO - Filling up the DagBag from /home/mmirnezamina/de_final_project/airflowenv/lib/python3.10/site-packages/airflow/example_dags/example_nested_branch_dag.py
[2026-08-30T23:18:56.572+0330] {processor.py:925} INFO - DAG(s) 'example_nested_branch_dag' retrieved from /home/mmirnezamina/de_final_project/airflowenv/lib/python3.10/site-packages/airflow/example_dags/example_nested_branch_dag.py
[2026-08-30T23:18:56.601+0330] {logging_mixin.py:190} INFO - [2026-08-30T23:18:56.600+0330] {dag.py:3239} INFO - Sync 1 DAGs
[2026-08-30T23:18:56.624+0330] {logging_mixin.py:190} INFO - [2026-08-30T23:18:56.624+0330] {dag.py:4180} INFO - Setting next_dagrun for example_nested_branch_dag to 2026-08-29 00:00:00+00:00, run_after=2026-08-30 00:00:00+00:00
[2026-08-30T23:18:56.646+0330] {processor.py:208} INFO - Processing /home/mmirnezamina/de_final_project/airflowenv/lib/python3.10/site-packages/airflow/example_dags/example_nested_branch_dag.py took 0.096 seconds
[2026-08-30T23:19:27.039+0330] {processor.py:186} INFO - Started process (PID=14542) to work on /home/mmirnezamina/de_final_project/airflowenv/lib/python3.10/site-packages/airflow/example_dags/example_nested_branch_dag.py
[2026-08-30T23:19:27.040+0330] {processor.py:914} INFO - Processing file /home/mmirnezamina/de_final_project/airflowenv/lib/python3.10/site-packages/airflow/example_dags/example_nested_branch_dag.py for tasks to queue
[2026-08-30T23:19:27.041+0330] {logging_mixin.py:190} INFO - [2026-08-30T23:19:27.040+0330] {dagbag.py:588} INFO - Filling up the DagBag from /home/mmirnezamina/de_final_project/airflowenv/lib/python3.10/site-packages/airflow/example_dags/example_nested_branch_dag.py
[2026-08-30T23:19:27.052+0330] {processor.py:925} INFO - DAG(s) 'example_nested_branch_dag' retrieved from /home/mmirnezamina/de_final_project/airflowenv/lib/python3.10/site-packages/airflow/example_dags/example_nested_branch_dag.py
[2026-08-30T23:19:27.080+0330] {logging_mixin.py:190} INFO - [2026-08-30T23:19:27.080+0330] {dag.py:3239} INFO - Sync 1 DAGs
[2026-08-30T23:19:27.107+0330] {logging_mixin.py:190} INFO - [2026-08-30T23:19:27.107+0330] {dag.py:4180} INFO - Setting next_dagrun for example_nested_branch_dag to 2026-08-29 00:00:00+00:00, run_after=2026-08-30 00:00:00+00:00
[2026-08-30T23:19:27.132+0330] {processor.py:208} INFO - Processing /home/mmirnezamina/de_final_project/airflowenv/lib/python3.10/site-packages/airflow/example_dags/example_nested_branch_dag.py took 0.100 seconds
[2026-08-30T23:19:57.431+0330] {processor.py:186} INFO - Started process (PID=14661) to work on /home/mmirnezamina/de_final_project/airflowenv/lib/python3.10/site-packages/airflow/example_dags/example_nested_branch_dag.py
[2026-08-30T23:19:57.434+0330] {processor.py:914} INFO - Processing file /home/mmirnezamina/de_final_project/airflowenv/lib/python3.10/site-packages/airflow/example_dags/example_nested_branch_dag.py for tasks to queue
[2026-08-30T23:19:57.437+0330] {logging_mixin.py:190} INFO - [2026-08-30T23:19:57.436+0330] {dagbag.py:588} INFO - Filling up the DagBag from /home/mmirnezamina/de_final_project/airflowenv/lib/python3.10/site-packages/airflow/example_dags/example_nested_branch_dag.py
[2026-08-30T23:19:57.465+0330] {processor.py:925} INFO - DAG(s) 'example_nested_branch_dag' retrieved from /home/mmirnezamina/de_final_project/airflowenv/lib/python3.10/site-packages/airflow/example_dags/example_nested_branch_dag.py
[2026-08-30T23:19:57.529+0330] {logging_mixin.py:190} INFO - [2026-08-30T23:19:57.529+0330] {dag.py:3239} INFO - Sync 1 DAGs
[2026-08-30T23:19:57.597+0330] {logging_mixin.py:190} INFO - [2026-08-30T23:19:57.597+0330] {dag.py:4180} INFO - Setting next_dagrun for example_nested_branch_dag to 2026-08-29 00:00:00+00:00, run_after=2026-08-30 00:00:00+00:00
[2026-08-30T23:19:57.646+0330] {processor.py:208} INFO - Processing /home/mmirnezamina/de_final_project/airflowenv/lib/python3.10/site-packages/airflow/example_dags/example_nested_branch_dag.py took 0.232 seconds
[2026-08-30T23:20:28.235+0330] {processor.py:186} INFO - Started process (PID=14783) to work on /home/mmirnezamina/de_final_project/airflowenv/lib/python3.10/site-packages/airflow/example_dags/example_nested_branch_dag.py
[2026-08-30T23:20:28.236+0330] {processor.py:914} INFO - Processing file /home/mmirnezamina/de_final_project/airflowenv/lib/python3.10/site-packages/airflow/example_dags/example_nested_branch_dag.py for tasks to queue
[2026-08-30T23:20:28.238+0330] {logging_mixin.py:190} INFO - [2026-08-30T23:20:28.237+0330] {dagbag.py:588} INFO - Filling up the DagBag from /home/mmirnezamina/de_final_project/airflowenv/lib/python3.10/site-packages/airflow/example_dags/example_nested_branch_dag.py
[2026-08-30T23:20:28.248+0330] {processor.py:925} INFO - DAG(s) 'example_nested_branch_dag' retrieved from /home/mmirnezamina/de_final_project/airflowenv/lib/python3.10/site-packages/airflow/example_dags/example_nested_branch_dag.py
[2026-08-30T23:20:28.272+0330] {logging_mixin.py:190} INFO - [2026-08-30T23:20:28.272+0330] {dag.py:3239} INFO - Sync 1 DAGs
[2026-08-30T23:20:28.291+0330] {logging_mixin.py:190} INFO - [2026-08-30T23:20:28.291+0330] {dag.py:4180} INFO - Setting next_dagrun for example_nested_branch_dag to 2026-08-29 00:00:00+00:00, run_after=2026-08-30 00:00:00+00:00
[2026-08-30T23:20:28.313+0330] {processor.py:208} INFO - Processing /home/mmirnezamina/de_final_project/airflowenv/lib/python3.10/site-packages/airflow/example_dags/example_nested_branch_dag.py took 0.087 seconds
[2026-08-30T23:20:58.593+0330] {processor.py:186} INFO - Started process (PID=14902) to work on /home/mmirnezamina/de_final_project/airflowenv/lib/python3.10/site-packages/airflow/example_dags/example_nested_branch_dag.py
[2026-08-30T23:20:58.594+0330] {processor.py:914} INFO - Processing file /home/mmirnezamina/de_final_project/airflowenv/lib/python3.10/site-packages/airflow/example_dags/example_nested_branch_dag.py for tasks to queue
[2026-08-30T23:20:58.595+0330] {logging_mixin.py:190} INFO - [2026-08-30T23:20:58.595+0330] {dagbag.py:588} INFO - Filling up the DagBag from /home/mmirnezamina/de_final_project/airflowenv/lib/python3.10/site-packages/airflow/example_dags/example_nested_branch_dag.py
[2026-08-30T23:20:58.607+0330] {processor.py:925} INFO - DAG(s) 'example_nested_branch_dag' retrieved from /home/mmirnezamina/de_final_project/airflowenv/lib/python3.10/site-packages/airflow/example_dags/example_nested_branch_dag.py
[2026-08-30T23:20:58.630+0330] {logging_mixin.py:190} INFO - [2026-08-30T23:20:58.630+0330] {dag.py:3239} INFO - Sync 1 DAGs
[2026-08-30T23:20:58.651+0330] {logging_mixin.py:190} INFO - [2026-08-30T23:20:58.651+0330] {dag.py:4180} INFO - Setting next_dagrun for example_nested_branch_dag to 2026-08-29 00:00:00+00:00, run_after=2026-08-30 00:00:00+00:00
[2026-08-30T23:20:58.672+0330] {processor.py:208} INFO - Processing /home/mmirnezamina/de_final_project/airflowenv/lib/python3.10/site-packages/airflow/example_dags/example_nested_branch_dag.py took 0.087 seconds
[2026-08-30T23:21:29.257+0330] {processor.py:186} INFO - Started process (PID=15020) to work on /home/mmirnezamina/de_final_project/airflowenv/lib/python3.10/site-packages/airflow/example_dags/example_nested_branch_dag.py
[2026-08-30T23:21:29.258+0330] {processor.py:914} INFO - Processing file /home/mmirnezamina/de_final_project/airflowenv/lib/python3.10/site-packages/airflow/example_dags/example_nested_branch_dag.py for tasks to queue
[2026-08-30T23:21:29.259+0330] {logging_mixin.py:190} INFO - [2026-08-30T23:21:29.259+0330] {dagbag.py:588} INFO - Filling up the DagBag from /home/mmirnezamina/de_final_project/airflowenv/lib/python3.10/site-packages/airflow/example_dags/example_nested_branch_dag.py
[2026-08-30T23:21:29.275+0330] {processor.py:925} INFO - DAG(s) 'example_nested_branch_dag' retrieved from /home/mmirnezamina/de_final_project/airflowenv/lib/python3.10/site-packages/airflow/example_dags/example_nested_branch_dag.py
[2026-08-30T23:21:29.312+0330] {logging_mixin.py:190} INFO - [2026-08-30T23:21:29.312+0330] {dag.py:3239} INFO - Sync 1 DAGs
[2026-08-30T23:21:29.343+0330] {logging_mixin.py:190} INFO - [2026-08-30T23:21:29.343+0330] {dag.py:4180} INFO - Setting next_dagrun for example_nested_branch_dag to 2026-08-29 00:00:00+00:00, run_after=2026-08-30 00:00:00+00:00
[2026-08-30T23:21:29.370+0330] {processor.py:208} INFO - Processing /home/mmirnezamina/de_final_project/airflowenv/lib/python3.10/site-packages/airflow/example_dags/example_nested_branch_dag.py took 0.126 seconds
[2026-08-30T23:21:59.405+0330] {processor.py:186} INFO - Started process (PID=15138) to work on /home/mmirnezamina/de_final_project/airflowenv/lib/python3.10/site-packages/airflow/example_dags/example_nested_branch_dag.py
[2026-08-30T23:21:59.407+0330] {processor.py:914} INFO - Processing file /home/mmirnezamina/de_final_project/airflowenv/lib/python3.10/site-packages/airflow/example_dags/example_nested_branch_dag.py for tasks to queue
[2026-08-30T23:21:59.408+0330] {logging_mixin.py:190} INFO - [2026-08-30T23:21:59.408+0330] {dagbag.py:588} INFO - Filling up the DagBag from /home/mmirnezamina/de_final_project/airflowenv/lib/python3.10/site-packages/airflow/example_dags/example_nested_branch_dag.py
[2026-08-30T23:21:59.419+0330] {processor.py:925} INFO - DAG(s) 'example_nested_branch_dag' retrieved from /home/mmirnezamina/de_final_project/airflowenv/lib/python3.10/site-packages/airflow/example_dags/example_nested_branch_dag.py
[2026-08-30T23:21:59.443+0330] {logging_mixin.py:190} INFO - [2026-08-30T23:21:59.443+0330] {dag.py:3239} INFO - Sync 1 DAGs
[2026-08-30T23:21:59.463+0330] {logging_mixin.py:190} INFO - [2026-08-30T23:21:59.463+0330] {dag.py:4180} INFO - Setting next_dagrun for example_nested_branch_dag to 2026-08-29 00:00:00+00:00, run_after=2026-08-30 00:00:00+00:00
[2026-08-30T23:21:59.482+0330] {processor.py:208} INFO - Processing /home/mmirnezamina/de_final_project/airflowenv/lib/python3.10/site-packages/airflow/example_dags/example_nested_branch_dag.py took 0.083 seconds
[2026-08-30T23:22:30.071+0330] {processor.py:186} INFO - Started process (PID=15258) to work on /home/mmirnezamina/de_final_project/airflowenv/lib/python3.10/site-packages/airflow/example_dags/example_nested_branch_dag.py
[2026-08-30T23:22:30.073+0330] {processor.py:914} INFO - Processing file /home/mmirnezamina/de_final_project/airflowenv/lib/python3.10/site-packages/airflow/example_dags/example_nested_branch_dag.py for tasks to queue
[2026-08-30T23:22:30.074+0330] {logging_mixin.py:190} INFO - [2026-08-30T23:22:30.074+0330] {dagbag.py:588} INFO - Filling up the DagBag from /home/mmirnezamina/de_final_project/airflowenv/lib/python3.10/site-packages/airflow/example_dags/example_nested_branch_dag.py
[2026-08-30T23:22:30.083+0330] {processor.py:925} INFO - DAG(s) 'example_nested_branch_dag' retrieved from /home/mmirnezamina/de_final_project/airflowenv/lib/python3.10/site-packages/airflow/example_dags/example_nested_branch_dag.py
[2026-08-30T23:22:30.109+0330] {logging_mixin.py:190} INFO - [2026-08-30T23:22:30.109+0330] {dag.py:3239} INFO - Sync 1 DAGs
[2026-08-30T23:22:30.128+0330] {logging_mixin.py:190} INFO - [2026-08-30T23:22:30.128+0330] {dag.py:4180} INFO - Setting next_dagrun for example_nested_branch_dag to 2026-08-29 00:00:00+00:00, run_after=2026-08-30 00:00:00+00:00
[2026-08-30T23:22:30.149+0330] {processor.py:208} INFO - Processing /home/mmirnezamina/de_final_project/airflowenv/lib/python3.10/site-packages/airflow/example_dags/example_nested_branch_dag.py took 0.087 seconds
[2026-08-30T23:23:00.355+0330] {processor.py:186} INFO - Started process (PID=15377) to work on /home/mmirnezamina/de_final_project/airflowenv/lib/python3.10/site-packages/airflow/example_dags/example_nested_branch_dag.py
[2026-08-30T23:23:00.356+0330] {processor.py:914} INFO - Processing file /home/mmirnezamina/de_final_project/airflowenv/lib/python3.10/site-packages/airflow/example_dags/example_nested_branch_dag.py for tasks to queue
[2026-08-30T23:23:00.357+0330] {logging_mixin.py:190} INFO - [2026-08-30T23:23:00.356+0330] {dagbag.py:588} INFO - Filling up the DagBag from /home/mmirnezamina/de_final_project/airflowenv/lib/python3.10/site-packages/airflow/example_dags/example_nested_branch_dag.py
[2026-08-30T23:23:00.370+0330] {processor.py:925} INFO - DAG(s) 'example_nested_branch_dag' retrieved from /home/mmirnezamina/de_final_project/airflowenv/lib/python3.10/site-packages/airflow/example_dags/example_nested_branch_dag.py
[2026-08-30T23:23:00.399+0330] {logging_mixin.py:190} INFO - [2026-08-30T23:23:00.399+0330] {dag.py:3239} INFO - Sync 1 DAGs
[2026-08-30T23:23:00.425+0330] {logging_mixin.py:190} INFO - [2026-08-30T23:23:00.425+0330] {dag.py:4180} INFO - Setting next_dagrun for example_nested_branch_dag to 2026-08-29 00:00:00+00:00, run_after=2026-08-30 00:00:00+00:00
[2026-08-30T23:23:00.450+0330] {processor.py:208} INFO - Processing /home/mmirnezamina/de_final_project/airflowenv/lib/python3.10/site-packages/airflow/example_dags/example_nested_branch_dag.py took 0.107 seconds
[2026-08-30T23:23:30.743+0330] {processor.py:186} INFO - Started process (PID=15495) to work on /home/mmirnezamina/de_final_project/airflowenv/lib/python3.10/site-packages/airflow/example_dags/example_nested_branch_dag.py
[2026-08-30T23:23:30.751+0330] {processor.py:914} INFO - Processing file /home/mmirnezamina/de_final_project/airflowenv/lib/python3.10/site-packages/airflow/example_dags/example_nested_branch_dag.py for tasks to queue
[2026-08-30T23:23:30.752+0330] {logging_mixin.py:190} INFO - [2026-08-30T23:23:30.752+0330] {dagbag.py:588} INFO - Filling up the DagBag from /home/mmirnezamina/de_final_project/airflowenv/lib/python3.10/site-packages/airflow/example_dags/example_nested_branch_dag.py
[2026-08-30T23:23:30.766+0330] {processor.py:925} INFO - DAG(s) 'example_nested_branch_dag' retrieved from /home/mmirnezamina/de_final_project/airflowenv/lib/python3.10/site-packages/airflow/example_dags/example_nested_branch_dag.py
[2026-08-30T23:23:30.808+0330] {logging_mixin.py:190} INFO - [2026-08-30T23:23:30.807+0330] {dag.py:3239} INFO - Sync 1 DAGs
[2026-08-30T23:23:30.853+0330] {logging_mixin.py:190} INFO - [2026-08-30T23:23:30.852+0330] {dag.py:4180} INFO - Setting next_dagrun for example_nested_branch_dag to 2026-08-29 00:00:00+00:00, run_after=2026-08-30 00:00:00+00:00
[2026-08-30T23:23:30.888+0330] {processor.py:208} INFO - Processing /home/mmirnezamina/de_final_project/airflowenv/lib/python3.10/site-packages/airflow/example_dags/example_nested_branch_dag.py took 0.156 seconds
[2026-08-30T23:24:00.943+0330] {processor.py:186} INFO - Started process (PID=15613) to work on /home/mmirnezamina/de_final_project/airflowenv/lib/python3.10/site-packages/airflow/example_dags/example_nested_branch_dag.py
[2026-08-30T23:24:00.944+0330] {processor.py:914} INFO - Processing file /home/mmirnezamina/de_final_project/airflowenv/lib/python3.10/site-packages/airflow/example_dags/example_nested_branch_dag.py for tasks to queue
[2026-08-30T23:24:00.945+0330] {logging_mixin.py:190} INFO - [2026-08-30T23:24:00.945+0330] {dagbag.py:588} INFO - Filling up the DagBag from /home/mmirnezamina/de_final_project/airflowenv/lib/python3.10/site-packages/airflow/example_dags/example_nested_branch_dag.py
[2026-08-30T23:24:00.955+0330] {processor.py:925} INFO - DAG(s) 'example_nested_branch_dag' retrieved from /home/mmirnezamina/de_final_project/airflowenv/lib/python3.10/site-packages/airflow/example_dags/example_nested_branch_dag.py
[2026-08-30T23:24:00.984+0330] {logging_mixin.py:190} INFO - [2026-08-30T23:24:00.984+0330] {dag.py:3239} INFO - Sync 1 DAGs
[2026-08-30T23:24:01.004+0330] {logging_mixin.py:190} INFO - [2026-08-30T23:24:01.004+0330] {dag.py:4180} INFO - Setting next_dagrun for example_nested_branch_dag to 2026-08-29 00:00:00+00:00, run_after=2026-08-30 00:00:00+00:00
[2026-08-30T23:24:01.023+0330] {processor.py:208} INFO - Processing /home/mmirnezamina/de_final_project/airflowenv/lib/python3.10/site-packages/airflow/example_dags/example_nested_branch_dag.py took 0.087 seconds
[2026-08-30T23:24:31.202+0330] {processor.py:186} INFO - Started process (PID=15732) to work on /home/mmirnezamina/de_final_project/airflowenv/lib/python3.10/site-packages/airflow/example_dags/example_nested_branch_dag.py
[2026-08-30T23:24:31.203+0330] {processor.py:914} INFO - Processing file /home/mmirnezamina/de_final_project/airflowenv/lib/python3.10/site-packages/airflow/example_dags/example_nested_branch_dag.py for tasks to queue
[2026-08-30T23:24:31.204+0330] {logging_mixin.py:190} INFO - [2026-08-30T23:24:31.204+0330] {dagbag.py:588} INFO - Filling up the DagBag from /home/mmirnezamina/de_final_project/airflowenv/lib/python3.10/site-packages/airflow/example_dags/example_nested_branch_dag.py
[2026-08-30T23:24:31.216+0330] {processor.py:925} INFO - DAG(s) 'example_nested_branch_dag' retrieved from /home/mmirnezamina/de_final_project/airflowenv/lib/python3.10/site-packages/airflow/example_dags/example_nested_branch_dag.py
[2026-08-30T23:24:31.268+0330] {logging_mixin.py:190} INFO - [2026-08-30T23:24:31.268+0330] {dag.py:3239} INFO - Sync 1 DAGs
[2026-08-30T23:24:31.299+0330] {logging_mixin.py:190} INFO - [2026-08-30T23:24:31.299+0330] {dag.py:4180} INFO - Setting next_dagrun for example_nested_branch_dag to 2026-08-29 00:00:00+00:00, run_after=2026-08-30 00:00:00+00:00
[2026-08-30T23:24:31.326+0330] {processor.py:208} INFO - Processing /home/mmirnezamina/de_final_project/airflowenv/lib/python3.10/site-packages/airflow/example_dags/example_nested_branch_dag.py took 0.132 seconds
[2026-08-30T23:25:01.564+0330] {processor.py:186} INFO - Started process (PID=15870) to work on /home/mmirnezamina/de_final_project/airflowenv/lib/python3.10/site-packages/airflow/example_dags/example_nested_branch_dag.py
[2026-08-30T23:25:01.565+0330] {processor.py:914} INFO - Processing file /home/mmirnezamina/de_final_project/airflowenv/lib/python3.10/site-packages/airflow/example_dags/example_nested_branch_dag.py for tasks to queue
[2026-08-30T23:25:01.566+0330] {logging_mixin.py:190} INFO - [2026-08-30T23:25:01.565+0330] {dagbag.py:588} INFO - Filling up the DagBag from /home/mmirnezamina/de_final_project/airflowenv/lib/python3.10/site-packages/airflow/example_dags/example_nested_branch_dag.py
[2026-08-30T23:25:01.578+0330] {processor.py:925} INFO - DAG(s) 'example_nested_branch_dag' retrieved from /home/mmirnezamina/de_final_project/airflowenv/lib/python3.10/site-packages/airflow/example_dags/example_nested_branch_dag.py
[2026-08-30T23:25:01.612+0330] {logging_mixin.py:190} INFO - [2026-08-30T23:25:01.611+0330] {dag.py:3239} INFO - Sync 1 DAGs
[2026-08-30T23:25:01.642+0330] {logging_mixin.py:190} INFO - [2026-08-30T23:25:01.641+0330] {dag.py:4180} INFO - Setting next_dagrun for example_nested_branch_dag to 2026-08-29 00:00:00+00:00, run_after=2026-08-30 00:00:00+00:00
[2026-08-30T23:25:01.673+0330] {processor.py:208} INFO - Processing /home/mmirnezamina/de_final_project/airflowenv/lib/python3.10/site-packages/airflow/example_dags/example_nested_branch_dag.py took 0.119 seconds
[2026-08-30T23:25:32.046+0330] {processor.py:186} INFO - Started process (PID=16008) to work on /home/mmirnezamina/de_final_project/airflowenv/lib/python3.10/site-packages/airflow/example_dags/example_nested_branch_dag.py
[2026-08-30T23:25:32.047+0330] {processor.py:914} INFO - Processing file /home/mmirnezamina/de_final_project/airflowenv/lib/python3.10/site-packages/airflow/example_dags/example_nested_branch_dag.py for tasks to queue
[2026-08-30T23:25:32.049+0330] {logging_mixin.py:190} INFO - [2026-08-30T23:25:32.048+0330] {dagbag.py:588} INFO - Filling up the DagBag from /home/mmirnezamina/de_final_project/airflowenv/lib/python3.10/site-packages/airflow/example_dags/example_nested_branch_dag.py
[2026-08-30T23:25:32.064+0330] {processor.py:925} INFO - DAG(s) 'example_nested_branch_dag' retrieved from /home/mmirnezamina/de_final_project/airflowenv/lib/python3.10/site-packages/airflow/example_dags/example_nested_branch_dag.py
[2026-08-30T23:25:32.110+0330] {logging_mixin.py:190} INFO - [2026-08-30T23:25:32.110+0330] {dag.py:3239} INFO - Sync 1 DAGs
[2026-08-30T23:25:32.149+0330] {logging_mixin.py:190} INFO - [2026-08-30T23:25:32.148+0330] {dag.py:4180} INFO - Setting next_dagrun for example_nested_branch_dag to 2026-08-29 00:00:00+00:00, run_after=2026-08-30 00:00:00+00:00
[2026-08-30T23:25:32.184+0330] {processor.py:208} INFO - Processing /home/mmirnezamina/de_final_project/airflowenv/lib/python3.10/site-packages/airflow/example_dags/example_nested_branch_dag.py took 0.148 seconds
[2026-08-30T23:26:02.535+0330] {processor.py:186} INFO - Started process (PID=16133) to work on /home/mmirnezamina/de_final_project/airflowenv/lib/python3.10/site-packages/airflow/example_dags/example_nested_branch_dag.py
[2026-08-30T23:26:02.535+0330] {processor.py:914} INFO - Processing file /home/mmirnezamina/de_final_project/airflowenv/lib/python3.10/site-packages/airflow/example_dags/example_nested_branch_dag.py for tasks to queue
[2026-08-30T23:26:02.537+0330] {logging_mixin.py:190} INFO - [2026-08-30T23:26:02.536+0330] {dagbag.py:588} INFO - Filling up the DagBag from /home/mmirnezamina/de_final_project/airflowenv/lib/python3.10/site-packages/airflow/example_dags/example_nested_branch_dag.py
[2026-08-30T23:26:02.547+0330] {processor.py:925} INFO - DAG(s) 'example_nested_branch_dag' retrieved from /home/mmirnezamina/de_final_project/airflowenv/lib/python3.10/site-packages/airflow/example_dags/example_nested_branch_dag.py
[2026-08-30T23:26:02.573+0330] {logging_mixin.py:190} INFO - [2026-08-30T23:26:02.573+0330] {dag.py:3239} INFO - Sync 1 DAGs
[2026-08-30T23:26:02.598+0330] {logging_mixin.py:190} INFO - [2026-08-30T23:26:02.598+0330] {dag.py:4180} INFO - Setting next_dagrun for example_nested_branch_dag to 2026-08-29 00:00:00+00:00, run_after=2026-08-30 00:00:00+00:00
[2026-08-30T23:26:02.623+0330] {processor.py:208} INFO - Processing /home/mmirnezamina/de_final_project/airflowenv/lib/python3.10/site-packages/airflow/example_dags/example_nested_branch_dag.py took 0.096 seconds
[2026-08-30T23:26:32.851+0330] {processor.py:186} INFO - Started process (PID=16251) to work on /home/mmirnezamina/de_final_project/airflowenv/lib/python3.10/site-packages/airflow/example_dags/example_nested_branch_dag.py
[2026-08-30T23:26:32.853+0330] {processor.py:914} INFO - Processing file /home/mmirnezamina/de_final_project/airflowenv/lib/python3.10/site-packages/airflow/example_dags/example_nested_branch_dag.py for tasks to queue
[2026-08-30T23:26:32.855+0330] {logging_mixin.py:190} INFO - [2026-08-30T23:26:32.854+0330] {dagbag.py:588} INFO - Filling up the DagBag from /home/mmirnezamina/de_final_project/airflowenv/lib/python3.10/site-packages/airflow/example_dags/example_nested_branch_dag.py
[2026-08-30T23:26:32.870+0330] {processor.py:925} INFO - DAG(s) 'example_nested_branch_dag' retrieved from /home/mmirnezamina/de_final_project/airflowenv/lib/python3.10/site-packages/airflow/example_dags/example_nested_branch_dag.py
[2026-08-30T23:26:32.906+0330] {logging_mixin.py:190} INFO - [2026-08-30T23:26:32.906+0330] {dag.py:3239} INFO - Sync 1 DAGs
[2026-08-30T23:26:32.939+0330] {logging_mixin.py:190} INFO - [2026-08-30T23:26:32.939+0330] {dag.py:4180} INFO - Setting next_dagrun for example_nested_branch_dag to 2026-08-29 00:00:00+00:00, run_after=2026-08-30 00:00:00+00:00
[2026-08-30T23:26:32.973+0330] {processor.py:208} INFO - Processing /home/mmirnezamina/de_final_project/airflowenv/lib/python3.10/site-packages/airflow/example_dags/example_nested_branch_dag.py took 0.133 seconds
[2026-08-30T23:28:19.190+0330] {processor.py:186} INFO - Started process (PID=16488) to work on /home/mmirnezamina/de_final_project/airflowenv/lib/python3.10/site-packages/airflow/example_dags/example_nested_branch_dag.py
[2026-08-30T23:28:19.191+0330] {processor.py:914} INFO - Processing file /home/mmirnezamina/de_final_project/airflowenv/lib/python3.10/site-packages/airflow/example_dags/example_nested_branch_dag.py for tasks to queue
[2026-08-30T23:28:19.192+0330] {logging_mixin.py:190} INFO - [2026-08-30T23:28:19.192+0330] {dagbag.py:588} INFO - Filling up the DagBag from /home/mmirnezamina/de_final_project/airflowenv/lib/python3.10/site-packages/airflow/example_dags/example_nested_branch_dag.py
[2026-08-30T23:28:19.202+0330] {processor.py:925} INFO - DAG(s) 'example_nested_branch_dag' retrieved from /home/mmirnezamina/de_final_project/airflowenv/lib/python3.10/site-packages/airflow/example_dags/example_nested_branch_dag.py
[2026-08-30T23:28:19.305+0330] {logging_mixin.py:190} INFO - [2026-08-30T23:28:19.303+0330] {override.py:1930} INFO - Created Permission View: can delete on DAG:example_nested_branch_dag
[2026-08-30T23:28:19.324+0330] {logging_mixin.py:190} INFO - [2026-08-30T23:28:19.323+0330] {override.py:1930} INFO - Created Permission View: can read on DAG:example_nested_branch_dag
[2026-08-30T23:28:19.340+0330] {logging_mixin.py:190} INFO - [2026-08-30T23:28:19.339+0330] {override.py:1930} INFO - Created Permission View: can edit on DAG:example_nested_branch_dag
[2026-08-30T23:28:19.366+0330] {logging_mixin.py:190} INFO - [2026-08-30T23:28:19.366+0330] {override.py:1930} INFO - Created Permission View: can create on DAG Run:example_nested_branch_dag
[2026-08-30T23:28:19.382+0330] {logging_mixin.py:190} INFO - [2026-08-30T23:28:19.382+0330] {override.py:1930} INFO - Created Permission View: can delete on DAG Run:example_nested_branch_dag
[2026-08-30T23:28:19.397+0330] {logging_mixin.py:190} INFO - [2026-08-30T23:28:19.397+0330] {override.py:1930} INFO - Created Permission View: can read on DAG Run:example_nested_branch_dag
[2026-08-30T23:28:19.414+0330] {logging_mixin.py:190} INFO - [2026-08-30T23:28:19.414+0330] {override.py:1930} INFO - Created Permission View: menu access on DAG Run:example_nested_branch_dag
[2026-08-30T23:28:19.415+0330] {logging_mixin.py:190} INFO - [2026-08-30T23:28:19.415+0330] {dag.py:3239} INFO - Sync 1 DAGs
[2026-08-30T23:28:19.435+0330] {logging_mixin.py:190} INFO - [2026-08-30T23:28:19.435+0330] {dag.py:3262} INFO - Creating ORM DAG for example_nested_branch_dag
[2026-08-30T23:28:19.455+0330] {logging_mixin.py:190} INFO - [2026-08-30T23:28:19.454+0330] {dag.py:4180} INFO - Setting next_dagrun for example_nested_branch_dag to 2026-08-29 00:00:00+00:00, run_after=2026-08-30 00:00:00+00:00
[2026-08-30T23:28:19.490+0330] {processor.py:208} INFO - Processing /home/mmirnezamina/de_final_project/airflowenv/lib/python3.10/site-packages/airflow/example_dags/example_nested_branch_dag.py took 0.308 seconds
