[2026-08-30T23:13:55.702+0330] {processor.py:186} INFO - Started process (PID=13209) to work on /home/mmirnezamina/de_final_project/airflowenv/lib/python3.10/site-packages/airflow/example_dags/example_branch_operator_decorator.py
[2026-08-30T23:13:55.703+0330] {processor.py:914} INFO - Processing file /home/mmirnezamina/de_final_project/airflowenv/lib/python3.10/site-packages/airflow/example_dags/example_branch_operator_decorator.py for tasks to queue
[2026-08-30T23:13:55.705+0330] {logging_mixin.py:190} INFO - [2026-08-30T23:13:55.705+0330] {dagbag.py:588} INFO - Filling up the DagBag from /home/mmirnezamina/de_final_project/airflowenv/lib/python3.10/site-packages/airflow/example_dags/example_branch_operator_decorator.py
[2026-08-30T23:13:55.854+0330] {processor.py:927} WARNING - No viable dags retrieved from /home/mmirnezamina/de_final_project/airflowenv/lib/python3.10/site-packages/airflow/example_dags/example_branch_operator_decorator.py
[2026-08-30T23:13:55.907+0330] {processor.py:208} INFO - Processing /home/mmirnezamina/de_final_project/airflowenv/lib/python3.10/site-packages/airflow/example_dags/example_branch_operator_decorator.py took 0.219 seconds
[2026-08-30T23:14:26.011+0330] {processor.py:186} INFO - Started process (PID=13331) to work on /home/mmirnezamina/de_final_project/airflowenv/lib/python3.10/site-packages/airflow/example_dags/example_branch_operator_decorator.py
[2026-08-30T23:14:26.012+0330] {processor.py:914} INFO - Processing file /home/mmirnezamina/de_final_project/airflowenv/lib/python3.10/site-packages/airflow/example_dags/example_branch_operator_decorator.py for tasks to queue
[2026-08-30T23:14:26.015+0330] {logging_mixin.py:190} INFO - [2026-08-30T23:14:26.015+0330] {dagbag.py:588} INFO - Filling up the DagBag from /home/mmirnezamina/de_final_project/airflowenv/lib/python3.10/site-packages/airflow/example_dags/example_branch_operator_decorator.py
[2026-08-30T23:14:26.170+0330] {processor.py:927} WARNING - No viable dags retrieved from /home/mmirnezamina/de_final_project/airflowenv/lib/python3.10/site-packages/airflow/example_dags/example_branch_operator_decorator.py
[2026-08-30T23:14:26.199+0330] {processor.py:208} INFO - Processing /home/mmirnezamina/de_final_project/airflowenv/lib/python3.10/site-packages/airflow/example_dags/example_branch_operator_decorator.py took 0.203 seconds
[2026-08-30T23:14:58.346+0330] {processor.py:186} INFO - Started process (PID=13452) to work on /home/mmirnezamina/de_final_project/airflowenv/lib/python3.10/site-packages/airflow/example_dags/example_branch_operator_decorator.py
[2026-08-30T23:14:58.351+0330] {processor.py:914} INFO - Processing file /home/mmirnezamina/de_final_project/airflowenv/lib/python3.10/site-packages/airflow/example_dags/example_branch_operator_decorator.py for tasks to queue
[2026-08-30T23:14:58.357+0330] {logging_mixin.py:190} INFO - [2026-08-30T23:14:58.356+0330] {dagbag.py:588} INFO - Filling up the DagBag from /home/mmirnezamina/de_final_project/airflowenv/lib/python3.10/site-packages/airflow/example_dags/example_branch_operator_decorator.py
[2026-08-30T23:14:58.725+0330] {processor.py:927} WARNING - No viable dags retrieved from /home/mmirnezamina/de_final_project/airflowenv/lib/python3.10/site-packages/airflow/example_dags/example_branch_operator_decorator.py
[2026-08-30T23:14:58.837+0330] {processor.py:208} INFO - Processing /home/mmirnezamina/de_final_project/airflowenv/lib/python3.10/site-packages/airflow/example_dags/example_branch_operator_decorator.py took 0.531 seconds
[2026-08-30T23:15:30.245+0330] {processor.py:186} INFO - Started process (PID=13571) to work on /home/mmirnezamina/de_final_project/airflowenv/lib/python3.10/site-packages/airflow/example_dags/example_branch_operator_decorator.py
[2026-08-30T23:15:30.248+0330] {processor.py:914} INFO - Processing file /home/mmirnezamina/de_final_project/airflowenv/lib/python3.10/site-packages/airflow/example_dags/example_branch_operator_decorator.py for tasks to queue
[2026-08-30T23:15:30.260+0330] {logging_mixin.py:190} INFO - [2026-08-30T23:15:30.259+0330] {dagbag.py:588} INFO - Filling up the DagBag from /home/mmirnezamina/de_final_project/airflowenv/lib/python3.10/site-packages/airflow/example_dags/example_branch_operator_decorator.py
[2026-08-30T23:15:30.683+0330] {processor.py:927} WARNING - No viable dags retrieved from /home/mmirnezamina/de_final_project/airflowenv/lib/python3.10/site-packages/airflow/example_dags/example_branch_operator_decorator.py
[2026-08-30T23:15:30.766+0330] {processor.py:208} INFO - Processing /home/mmirnezamina/de_final_project/airflowenv/lib/python3.10/site-packages/airflow/example_dags/example_branch_operator_decorator.py took 0.577 seconds
[2026-08-30T23:16:01.157+0330] {processor.py:186} INFO - Started process (PID=13689) to work on /home/mmirnezamina/de_final_project/airflowenv/lib/python3.10/site-packages/airflow/example_dags/example_branch_operator_decorator.py
[2026-08-30T23:16:01.159+0330] {processor.py:914} INFO - Processing file /home/mmirnezamina/de_final_project/airflowenv/lib/python3.10/site-packages/airflow/example_dags/example_branch_operator_decorator.py for tasks to queue
[2026-08-30T23:16:01.160+0330] {logging_mixin.py:190} INFO - [2026-08-30T23:16:01.160+0330] {dagbag.py:588} INFO - Filling up the DagBag from /home/mmirnezamina/de_final_project/airflowenv/lib/python3.10/site-packages/airflow/example_dags/example_branch_operator_decorator.py
[2026-08-30T23:16:01.279+0330] {processor.py:927} WARNING - No viable dags retrieved from /home/mmirnezamina/de_final_project/airflowenv/lib/python3.10/site-packages/airflow/example_dags/example_branch_operator_decorator.py
[2026-08-30T23:16:01.312+0330] {processor.py:208} INFO - Processing /home/mmirnezamina/de_final_project/airflowenv/lib/python3.10/site-packages/airflow/example_dags/example_branch_operator_decorator.py took 0.163 seconds
[2026-08-30T23:16:31.576+0330] {processor.py:186} INFO - Started process (PID=13810) to work on /home/mmirnezamina/de_final_project/airflowenv/lib/python3.10/site-packages/airflow/example_dags/example_branch_operator_decorator.py
[2026-08-30T23:16:31.577+0330] {processor.py:914} INFO - Processing file /home/mmirnezamina/de_final_project/airflowenv/lib/python3.10/site-packages/airflow/example_dags/example_branch_operator_decorator.py for tasks to queue
[2026-08-30T23:16:31.579+0330] {logging_mixin.py:190} INFO - [2026-08-30T23:16:31.579+0330] {dagbag.py:588} INFO - Filling up the DagBag from /home/mmirnezamina/de_final_project/airflowenv/lib/python3.10/site-packages/airflow/example_dags/example_branch_operator_decorator.py
[2026-08-30T23:16:31.761+0330] {processor.py:927} WARNING - No viable dags retrieved from /home/mmirnezamina/de_final_project/airflowenv/lib/python3.10/site-packages/airflow/example_dags/example_branch_operator_decorator.py
[2026-08-30T23:16:31.825+0330] {processor.py:208} INFO - Processing /home/mmirnezamina/de_final_project/airflowenv/lib/python3.10/site-packages/airflow/example_dags/example_branch_operator_decorator.py took 0.264 seconds
[2026-08-30T23:17:02.457+0330] {processor.py:186} INFO - Started process (PID=13976) to work on /home/mmirnezamina/de_final_project/airflowenv/lib/python3.10/site-packages/airflow/example_dags/example_branch_operator_decorator.py
[2026-08-30T23:17:02.486+0330] {processor.py:914} INFO - Processing file /home/mmirnezamina/de_final_project/airflowenv/lib/python3.10/site-packages/airflow/example_dags/example_branch_operator_decorator.py for tasks to queue
[2026-08-30T23:17:02.516+0330] {logging_mixin.py:190} INFO - [2026-08-30T23:17:02.515+0330] {dagbag.py:588} INFO - Filling up the DagBag from /home/mmirnezamina/de_final_project/airflowenv/lib/python3.10/site-packages/airflow/example_dags/example_branch_operator_decorator.py
[2026-08-30T23:17:02.837+0330] {processor.py:927} WARNING - No viable dags retrieved from /home/mmirnezamina/de_final_project/airflowenv/lib/python3.10/site-packages/airflow/example_dags/example_branch_operator_decorator.py
[2026-08-30T23:17:03.009+0330] {processor.py:208} INFO - Processing /home/mmirnezamina/de_final_project/airflowenv/lib/python3.10/site-packages/airflow/example_dags/example_branch_operator_decorator.py took 0.647 seconds
[2026-08-30T23:17:34.836+0330] {processor.py:186} INFO - Started process (PID=14105) to work on /home/mmirnezamina/de_final_project/airflowenv/lib/python3.10/site-packages/airflow/example_dags/example_branch_operator_decorator.py
[2026-08-30T23:17:34.840+0330] {processor.py:914} INFO - Processing file /home/mmirnezamina/de_final_project/airflowenv/lib/python3.10/site-packages/airflow/example_dags/example_branch_operator_decorator.py for tasks to queue
[2026-08-30T23:17:34.845+0330] {logging_mixin.py:190} INFO - [2026-08-30T23:17:34.844+0330] {dagbag.py:588} INFO - Filling up the DagBag from /home/mmirnezamina/de_final_project/airflowenv/lib/python3.10/site-packages/airflow/example_dags/example_branch_operator_decorator.py
[2026-08-30T23:17:35.211+0330] {processor.py:927} WARNING - No viable dags retrieved from /home/mmirnezamina/de_final_project/airflowenv/lib/python3.10/site-packages/airflow/example_dags/example_branch_operator_decorator.py
[2026-08-30T23:17:35.282+0330] {processor.py:208} INFO - Processing /home/mmirnezamina/de_final_project/airflowenv/lib/python3.10/site-packages/airflow/example_dags/example_branch_operator_decorator.py took 0.478 seconds
[2026-08-30T23:18:06.541+0330] {processor.py:186} INFO - Started process (PID=14227) to work on /home/mmirnezamina/de_final_project/airflowenv/lib/python3.10/site-packages/airflow/example_dags/example_branch_operator_decorator.py
[2026-08-30T23:18:06.545+0330] {processor.py:914} INFO - Processing file /home/mmirnezamina/de_final_project/airflowenv/lib/python3.10/site-packages/airflow/example_dags/example_branch_operator_decorator.py for tasks to queue
[2026-08-30T23:18:06.551+0330] {logging_mixin.py:190} INFO - [2026-08-30T23:18:06.550+0330] {dagbag.py:588} INFO - Filling up the DagBag from /home/mmirnezamina/de_final_project/airflowenv/lib/python3.10/site-packages/airflow/example_dags/example_branch_operator_decorator.py
[2026-08-30T23:18:06.840+0330] {processor.py:927} WARNING - No viable dags retrieved from /home/mmirnezamina/de_final_project/airflowenv/lib/python3.10/site-packages/airflow/example_dags/example_branch_operator_decorator.py
[2026-08-30T23:18:06.902+0330] {processor.py:208} INFO - Processing /home/mmirnezamina/de_final_project/airflowenv/lib/python3.10/site-packages/airflow/example_dags/example_branch_operator_decorator.py took 0.391 seconds
[2026-08-30T23:18:37.627+0330] {processor.py:186} INFO - Started process (PID=14350) to work on /home/mmirnezamina/de_final_project/airflowenv/lib/python3.10/site-packages/airflow/example_dags/example_branch_operator_decorator.py
[2026-08-30T23:18:37.628+0330] {processor.py:914} INFO - Processing file /home/mmirnezamina/de_final_project/airflowenv/lib/python3.10/site-packages/airflow/example_dags/example_branch_operator_decorator.py for tasks to queue
[2026-08-30T23:18:37.630+0330] {logging_mixin.py:190} INFO - [2026-08-30T23:18:37.629+0330] {dagbag.py:588} INFO - Filling up the DagBag from /home/mmirnezamina/de_final_project/airflowenv/lib/python3.10/site-packages/airflow/example_dags/example_branch_operator_decorator.py
[2026-08-30T23:18:37.714+0330] {processor.py:927} WARNING - No viable dags retrieved from /home/mmirnezamina/de_final_project/airflowenv/lib/python3.10/site-packages/airflow/example_dags/example_branch_operator_decorator.py
[2026-08-30T23:18:37.742+0330] {processor.py:208} INFO - Processing /home/mmirnezamina/de_final_project/airflowenv/lib/python3.10/site-packages/airflow/example_dags/example_branch_operator_decorator.py took 0.124 seconds
[2026-08-30T23:19:08.247+0330] {processor.py:186} INFO - Started process (PID=14468) to work on /home/mmirnezamina/de_final_project/airflowenv/lib/python3.10/site-packages/airflow/example_dags/example_branch_operator_decorator.py
[2026-08-30T23:19:08.249+0330] {processor.py:914} INFO - Processing file /home/mmirnezamina/de_final_project/airflowenv/lib/python3.10/site-packages/airflow/example_dags/example_branch_operator_decorator.py for tasks to queue
[2026-08-30T23:19:08.251+0330] {logging_mixin.py:190} INFO - [2026-08-30T23:19:08.250+0330] {dagbag.py:588} INFO - Filling up the DagBag from /home/mmirnezamina/de_final_project/airflowenv/lib/python3.10/site-packages/airflow/example_dags/example_branch_operator_decorator.py
[2026-08-30T23:19:08.362+0330] {processor.py:927} WARNING - No viable dags retrieved from /home/mmirnezamina/de_final_project/airflowenv/lib/python3.10/site-packages/airflow/example_dags/example_branch_operator_decorator.py
[2026-08-30T23:19:08.399+0330] {processor.py:208} INFO - Processing /home/mmirnezamina/de_final_project/airflowenv/lib/python3.10/site-packages/airflow/example_dags/example_branch_operator_decorator.py took 0.165 seconds
[2026-08-30T23:19:39.328+0330] {processor.py:186} INFO - Started process (PID=14587) to work on /home/mmirnezamina/de_final_project/airflowenv/lib/python3.10/site-packages/airflow/example_dags/example_branch_operator_decorator.py
[2026-08-30T23:19:39.330+0330] {processor.py:914} INFO - Processing file /home/mmirnezamina/de_final_project/airflowenv/lib/python3.10/site-packages/airflow/example_dags/example_branch_operator_decorator.py for tasks to queue
[2026-08-30T23:19:39.331+0330] {logging_mixin.py:190} INFO - [2026-08-30T23:19:39.330+0330] {dagbag.py:588} INFO - Filling up the DagBag from /home/mmirnezamina/de_final_project/airflowenv/lib/python3.10/site-packages/airflow/example_dags/example_branch_operator_decorator.py
[2026-08-30T23:19:39.395+0330] {processor.py:927} WARNING - No viable dags retrieved from /home/mmirnezamina/de_final_project/airflowenv/lib/python3.10/site-packages/airflow/example_dags/example_branch_operator_decorator.py
[2026-08-30T23:19:39.418+0330] {processor.py:208} INFO - Processing /home/mmirnezamina/de_final_project/airflowenv/lib/python3.10/site-packages/airflow/example_dags/example_branch_operator_decorator.py took 0.099 seconds
[2026-08-30T23:20:10.053+0330] {processor.py:186} INFO - Started process (PID=14706) to work on /home/mmirnezamina/de_final_project/airflowenv/lib/python3.10/site-packages/airflow/example_dags/example_branch_operator_decorator.py
[2026-08-30T23:20:10.057+0330] {processor.py:914} INFO - Processing file /home/mmirnezamina/de_final_project/airflowenv/lib/python3.10/site-packages/airflow/example_dags/example_branch_operator_decorator.py for tasks to queue
[2026-08-30T23:20:10.059+0330] {logging_mixin.py:190} INFO - [2026-08-30T23:20:10.059+0330] {dagbag.py:588} INFO - Filling up the DagBag from /home/mmirnezamina/de_final_project/airflowenv/lib/python3.10/site-packages/airflow/example_dags/example_branch_operator_decorator.py
[2026-08-30T23:20:10.221+0330] {processor.py:927} WARNING - No viable dags retrieved from /home/mmirnezamina/de_final_project/airflowenv/lib/python3.10/site-packages/airflow/example_dags/example_branch_operator_decorator.py
[2026-08-30T23:20:10.283+0330] {processor.py:208} INFO - Processing /home/mmirnezamina/de_final_project/airflowenv/lib/python3.10/site-packages/airflow/example_dags/example_branch_operator_decorator.py took 0.331 seconds
[2026-08-30T23:20:40.422+0330] {processor.py:186} INFO - Started process (PID=14828) to work on /home/mmirnezamina/de_final_project/airflowenv/lib/python3.10/site-packages/airflow/example_dags/example_branch_operator_decorator.py
[2026-08-30T23:20:40.423+0330] {processor.py:914} INFO - Processing file /home/mmirnezamina/de_final_project/airflowenv/lib/python3.10/site-packages/airflow/example_dags/example_branch_operator_decorator.py for tasks to queue
[2026-08-30T23:20:40.425+0330] {logging_mixin.py:190} INFO - [2026-08-30T23:20:40.424+0330] {dagbag.py:588} INFO - Filling up the DagBag from /home/mmirnezamina/de_final_project/airflowenv/lib/python3.10/site-packages/airflow/example_dags/example_branch_operator_decorator.py
[2026-08-30T23:20:40.475+0330] {processor.py:927} WARNING - No viable dags retrieved from /home/mmirnezamina/de_final_project/airflowenv/lib/python3.10/site-packages/airflow/example_dags/example_branch_operator_decorator.py
[2026-08-30T23:20:40.496+0330] {processor.py:208} INFO - Processing /home/mmirnezamina/de_final_project/airflowenv/lib/python3.10/site-packages/airflow/example_dags/example_branch_operator_decorator.py took 0.085 seconds
[2026-08-30T23:21:10.826+0330] {processor.py:186} INFO - Started process (PID=14946) to work on /home/mmirnezamina/de_final_project/airflowenv/lib/python3.10/site-packages/airflow/example_dags/example_branch_operator_decorator.py
[2026-08-30T23:21:10.827+0330] {processor.py:914} INFO - Processing file /home/mmirnezamina/de_final_project/airflowenv/lib/python3.10/site-packages/airflow/example_dags/example_branch_operator_decorator.py for tasks to queue
[2026-08-30T23:21:10.829+0330] {logging_mixin.py:190} INFO - [2026-08-30T23:21:10.828+0330] {dagbag.py:588} INFO - Filling up the DagBag from /home/mmirnezamina/de_final_project/airflowenv/lib/python3.10/site-packages/airflow/example_dags/example_branch_operator_decorator.py
[2026-08-30T23:21:10.891+0330] {processor.py:927} WARNING - No viable dags retrieved from /home/mmirnezamina/de_final_project/airflowenv/lib/python3.10/site-packages/airflow/example_dags/example_branch_operator_decorator.py
[2026-08-30T23:21:10.912+0330] {processor.py:208} INFO - Processing /home/mmirnezamina/de_final_project/airflowenv/lib/python3.10/site-packages/airflow/example_dags/example_branch_operator_decorator.py took 0.095 seconds
[2026-08-30T23:21:41.632+0330] {processor.py:186} INFO - Started process (PID=15065) to work on /home/mmirnezamina/de_final_project/airflowenv/lib/python3.10/site-packages/airflow/example_dags/example_branch_operator_decorator.py
[2026-08-30T23:21:41.634+0330] {processor.py:914} INFO - Processing file /home/mmirnezamina/de_final_project/airflowenv/lib/python3.10/site-packages/airflow/example_dags/example_branch_operator_decorator.py for tasks to queue
[2026-08-30T23:21:41.635+0330] {logging_mixin.py:190} INFO - [2026-08-30T23:21:41.635+0330] {dagbag.py:588} INFO - Filling up the DagBag from /home/mmirnezamina/de_final_project/airflowenv/lib/python3.10/site-packages/airflow/example_dags/example_branch_operator_decorator.py
[2026-08-30T23:21:41.704+0330] {processor.py:927} WARNING - No viable dags retrieved from /home/mmirnezamina/de_final_project/airflowenv/lib/python3.10/site-packages/airflow/example_dags/example_branch_operator_decorator.py
[2026-08-30T23:21:41.727+0330] {processor.py:208} INFO - Processing /home/mmirnezamina/de_final_project/airflowenv/lib/python3.10/site-packages/airflow/example_dags/example_branch_operator_decorator.py took 0.106 seconds
[2026-08-30T23:22:12.615+0330] {processor.py:186} INFO - Started process (PID=15184) to work on /home/mmirnezamina/de_final_project/airflowenv/lib/python3.10/site-packages/airflow/example_dags/example_branch_operator_decorator.py
[2026-08-30T23:22:12.616+0330] {processor.py:914} INFO - Processing file /home/mmirnezamina/de_final_project/airflowenv/lib/python3.10/site-packages/airflow/example_dags/example_branch_operator_decorator.py for tasks to queue
[2026-08-30T23:22:12.616+0330] {logging_mixin.py:190} INFO - [2026-08-30T23:22:12.616+0330] {dagbag.py:588} INFO - Filling up the DagBag from /home/mmirnezamina/de_final_project/airflowenv/lib/python3.10/site-packages/airflow/example_dags/example_branch_operator_decorator.py
[2026-08-30T23:22:12.673+0330] {processor.py:927} WARNING - No viable dags retrieved from /home/mmirnezamina/de_final_project/airflowenv/lib/python3.10/site-packages/airflow/example_dags/example_branch_operator_decorator.py
[2026-08-30T23:22:12.695+0330] {processor.py:208} INFO - Processing /home/mmirnezamina/de_final_project/airflowenv/lib/python3.10/site-packages/airflow/example_dags/example_branch_operator_decorator.py took 0.087 seconds
[2026-08-30T23:22:43.126+0330] {processor.py:186} INFO - Started process (PID=15303) to work on /home/mmirnezamina/de_final_project/airflowenv/lib/python3.10/site-packages/airflow/example_dags/example_branch_operator_decorator.py
[2026-08-30T23:22:43.129+0330] {processor.py:914} INFO - Processing file /home/mmirnezamina/de_final_project/airflowenv/lib/python3.10/site-packages/airflow/example_dags/example_branch_operator_decorator.py for tasks to queue
[2026-08-30T23:22:43.132+0330] {logging_mixin.py:190} INFO - [2026-08-30T23:22:43.131+0330] {dagbag.py:588} INFO - Filling up the DagBag from /home/mmirnezamina/de_final_project/airflowenv/lib/python3.10/site-packages/airflow/example_dags/example_branch_operator_decorator.py
[2026-08-30T23:22:43.340+0330] {processor.py:927} WARNING - No viable dags retrieved from /home/mmirnezamina/de_final_project/airflowenv/lib/python3.10/site-packages/airflow/example_dags/example_branch_operator_decorator.py
[2026-08-30T23:22:43.387+0330] {processor.py:208} INFO - Processing /home/mmirnezamina/de_final_project/airflowenv/lib/python3.10/site-packages/airflow/example_dags/example_branch_operator_decorator.py took 0.281 seconds
[2026-08-30T23:23:14.078+0330] {processor.py:186} INFO - Started process (PID=15422) to work on /home/mmirnezamina/de_final_project/airflowenv/lib/python3.10/site-packages/airflow/example_dags/example_branch_operator_decorator.py
[2026-08-30T23:23:14.080+0330] {processor.py:914} INFO - Processing file /home/mmirnezamina/de_final_project/airflowenv/lib/python3.10/site-packages/airflow/example_dags/example_branch_operator_decorator.py for tasks to queue
[2026-08-30T23:23:14.084+0330] {logging_mixin.py:190} INFO - [2026-08-30T23:23:14.083+0330] {dagbag.py:588} INFO - Filling up the DagBag from /home/mmirnezamina/de_final_project/airflowenv/lib/python3.10/site-packages/airflow/example_dags/example_branch_operator_decorator.py
[2026-08-30T23:23:14.233+0330] {processor.py:927} WARNING - No viable dags retrieved from /home/mmirnezamina/de_final_project/airflowenv/lib/python3.10/site-packages/airflow/example_dags/example_branch_operator_decorator.py
[2026-08-30T23:23:14.280+0330] {processor.py:208} INFO - Processing /home/mmirnezamina/de_final_project/airflowenv/lib/python3.10/site-packages/airflow/example_dags/example_branch_operator_decorator.py took 0.216 seconds
[2026-08-30T23:23:45.086+0330] {processor.py:186} INFO - Started process (PID=15541) to work on /home/mmirnezamina/de_final_project/airflowenv/lib/python3.10/site-packages/airflow/example_dags/example_branch_operator_decorator.py
[2026-08-30T23:23:45.087+0330] {processor.py:914} INFO - Processing file /home/mmirnezamina/de_final_project/airflowenv/lib/python3.10/site-packages/airflow/example_dags/example_branch_operator_decorator.py for tasks to queue
[2026-08-30T23:23:45.088+0330] {logging_mixin.py:190} INFO - [2026-08-30T23:23:45.088+0330] {dagbag.py:588} INFO - Filling up the DagBag from /home/mmirnezamina/de_final_project/airflowenv/lib/python3.10/site-packages/airflow/example_dags/example_branch_operator_decorator.py
[2026-08-30T23:23:45.158+0330] {processor.py:927} WARNING - No viable dags retrieved from /home/mmirnezamina/de_final_project/airflowenv/lib/python3.10/site-packages/airflow/example_dags/example_branch_operator_decorator.py
[2026-08-30T23:23:45.177+0330] {processor.py:208} INFO - Processing /home/mmirnezamina/de_final_project/airflowenv/lib/python3.10/site-packages/airflow/example_dags/example_branch_operator_decorator.py took 0.098 seconds
[2026-08-30T23:24:15.763+0330] {processor.py:186} INFO - Started process (PID=15661) to work on /home/mmirnezamina/de_final_project/airflowenv/lib/python3.10/site-packages/airflow/example_dags/example_branch_operator_decorator.py
[2026-08-30T23:24:15.765+0330] {processor.py:914} INFO - Processing file /home/mmirnezamina/de_final_project/airflowenv/lib/python3.10/site-packages/airflow/example_dags/example_branch_operator_decorator.py for tasks to queue
[2026-08-30T23:24:15.767+0330] {logging_mixin.py:190} INFO - [2026-08-30T23:24:15.766+0330] {dagbag.py:588} INFO - Filling up the DagBag from /home/mmirnezamina/de_final_project/airflowenv/lib/python3.10/site-packages/airflow/example_dags/example_branch_operator_decorator.py
[2026-08-30T23:24:15.942+0330] {processor.py:927} WARNING - No viable dags retrieved from /home/mmirnezamina/de_final_project/airflowenv/lib/python3.10/site-packages/airflow/example_dags/example_branch_operator_decorator.py
[2026-08-30T23:24:15.988+0330] {processor.py:208} INFO - Processing /home/mmirnezamina/de_final_project/airflowenv/lib/python3.10/site-packages/airflow/example_dags/example_branch_operator_decorator.py took 0.244 seconds
[2026-08-30T23:24:46.616+0330] {processor.py:186} INFO - Started process (PID=15778) to work on /home/mmirnezamina/de_final_project/airflowenv/lib/python3.10/site-packages/airflow/example_dags/example_branch_operator_decorator.py
[2026-08-30T23:24:46.618+0330] {processor.py:914} INFO - Processing file /home/mmirnezamina/de_final_project/airflowenv/lib/python3.10/site-packages/airflow/example_dags/example_branch_operator_decorator.py for tasks to queue
[2026-08-30T23:24:46.620+0330] {logging_mixin.py:190} INFO - [2026-08-30T23:24:46.619+0330] {dagbag.py:588} INFO - Filling up the DagBag from /home/mmirnezamina/de_final_project/airflowenv/lib/python3.10/site-packages/airflow/example_dags/example_branch_operator_decorator.py
[2026-08-30T23:24:46.778+0330] {processor.py:927} WARNING - No viable dags retrieved from /home/mmirnezamina/de_final_project/airflowenv/lib/python3.10/site-packages/airflow/example_dags/example_branch_operator_decorator.py
[2026-08-30T23:24:46.822+0330] {processor.py:208} INFO - Processing /home/mmirnezamina/de_final_project/airflowenv/lib/python3.10/site-packages/airflow/example_dags/example_branch_operator_decorator.py took 0.223 seconds
[2026-08-30T23:25:16.975+0330] {processor.py:186} INFO - Started process (PID=15923) to work on /home/mmirnezamina/de_final_project/airflowenv/lib/python3.10/site-packages/airflow/example_dags/example_branch_operator_decorator.py
[2026-08-30T23:25:16.977+0330] {processor.py:914} INFO - Processing file /home/mmirnezamina/de_final_project/airflowenv/lib/python3.10/site-packages/airflow/example_dags/example_branch_operator_decorator.py for tasks to queue
[2026-08-30T23:25:16.978+0330] {logging_mixin.py:190} INFO - [2026-08-30T23:25:16.978+0330] {dagbag.py:588} INFO - Filling up the DagBag from /home/mmirnezamina/de_final_project/airflowenv/lib/python3.10/site-packages/airflow/example_dags/example_branch_operator_decorator.py
[2026-08-30T23:25:17.049+0330] {processor.py:927} WARNING - No viable dags retrieved from /home/mmirnezamina/de_final_project/airflowenv/lib/python3.10/site-packages/airflow/example_dags/example_branch_operator_decorator.py
[2026-08-30T23:25:17.073+0330] {processor.py:208} INFO - Processing /home/mmirnezamina/de_final_project/airflowenv/lib/python3.10/site-packages/airflow/example_dags/example_branch_operator_decorator.py took 0.106 seconds
[2026-08-30T23:25:47.364+0330] {processor.py:186} INFO - Started process (PID=16060) to work on /home/mmirnezamina/de_final_project/airflowenv/lib/python3.10/site-packages/airflow/example_dags/example_branch_operator_decorator.py
[2026-08-30T23:25:47.365+0330] {processor.py:914} INFO - Processing file /home/mmirnezamina/de_final_project/airflowenv/lib/python3.10/site-packages/airflow/example_dags/example_branch_operator_decorator.py for tasks to queue
[2026-08-30T23:25:47.367+0330] {logging_mixin.py:190} INFO - [2026-08-30T23:25:47.367+0330] {dagbag.py:588} INFO - Filling up the DagBag from /home/mmirnezamina/de_final_project/airflowenv/lib/python3.10/site-packages/airflow/example_dags/example_branch_operator_decorator.py
[2026-08-30T23:25:47.461+0330] {processor.py:927} WARNING - No viable dags retrieved from /home/mmirnezamina/de_final_project/airflowenv/lib/python3.10/site-packages/airflow/example_dags/example_branch_operator_decorator.py
[2026-08-30T23:25:47.486+0330] {processor.py:208} INFO - Processing /home/mmirnezamina/de_final_project/airflowenv/lib/python3.10/site-packages/airflow/example_dags/example_branch_operator_decorator.py took 0.133 seconds
[2026-08-30T23:26:17.823+0330] {processor.py:186} INFO - Started process (PID=16180) to work on /home/mmirnezamina/de_final_project/airflowenv/lib/python3.10/site-packages/airflow/example_dags/example_branch_operator_decorator.py
[2026-08-30T23:26:17.825+0330] {processor.py:914} INFO - Processing file /home/mmirnezamina/de_final_project/airflowenv/lib/python3.10/site-packages/airflow/example_dags/example_branch_operator_decorator.py for tasks to queue
[2026-08-30T23:26:17.827+0330] {logging_mixin.py:190} INFO - [2026-08-30T23:26:17.826+0330] {dagbag.py:588} INFO - Filling up the DagBag from /home/mmirnezamina/de_final_project/airflowenv/lib/python3.10/site-packages/airflow/example_dags/example_branch_operator_decorator.py
[2026-08-30T23:26:17.967+0330] {processor.py:927} WARNING - No viable dags retrieved from /home/mmirnezamina/de_final_project/airflowenv/lib/python3.10/site-packages/airflow/example_dags/example_branch_operator_decorator.py
[2026-08-30T23:26:18.002+0330] {processor.py:208} INFO - Processing /home/mmirnezamina/de_final_project/airflowenv/lib/python3.10/site-packages/airflow/example_dags/example_branch_operator_decorator.py took 0.199 seconds
[2026-08-30T23:26:48.177+0330] {processor.py:186} INFO - Started process (PID=16297) to work on /home/mmirnezamina/de_final_project/airflowenv/lib/python3.10/site-packages/airflow/example_dags/example_branch_operator_decorator.py
[2026-08-30T23:26:48.181+0330] {processor.py:914} INFO - Processing file /home/mmirnezamina/de_final_project/airflowenv/lib/python3.10/site-packages/airflow/example_dags/example_branch_operator_decorator.py for tasks to queue
[2026-08-30T23:26:48.185+0330] {logging_mixin.py:190} INFO - [2026-08-30T23:26:48.185+0330] {dagbag.py:588} INFO - Filling up the DagBag from /home/mmirnezamina/de_final_project/airflowenv/lib/python3.10/site-packages/airflow/example_dags/example_branch_operator_decorator.py
[2026-08-30T23:26:48.432+0330] {processor.py:927} WARNING - No viable dags retrieved from /home/mmirnezamina/de_final_project/airflowenv/lib/python3.10/site-packages/airflow/example_dags/example_branch_operator_decorator.py
[2026-08-30T23:26:48.500+0330] {processor.py:208} INFO - Processing /home/mmirnezamina/de_final_project/airflowenv/lib/python3.10/site-packages/airflow/example_dags/example_branch_operator_decorator.py took 0.358 seconds
