[2026-08-30T23:13:55.125+0330] {processor.py:186} INFO - Started process (PID=13206) to work on /home/mmirnezamina/de_final_project/airflowenv/lib/python3.10/site-packages/airflow/example_dags/example_complex.py
[2026-08-30T23:13:55.128+0330] {processor.py:914} INFO - Processing file /home/mmirnezamina/de_final_project/airflowenv/lib/python3.10/site-packages/airflow/example_dags/example_complex.py for tasks to queue
[2026-08-30T23:13:55.130+0330] {logging_mixin.py:190} INFO - [2026-08-30T23:13:55.130+0330] {dagbag.py:588} INFO - Filling up the DagBag from /home/mmirnezamina/de_final_project/airflowenv/lib/python3.10/site-packages/airflow/example_dags/example_complex.py
[2026-08-30T23:13:55.168+0330] {processor.py:925} INFO - DAG(s) 'example_complex' retrieved from /home/mmirnezamina/de_final_project/airflowenv/lib/python3.10/site-packages/airflow/example_dags/example_complex.py
[2026-08-30T23:13:55.434+0330] {logging_mixin.py:190} INFO - [2026-08-30T23:13:55.433+0330] {override.py:1930} INFO - Created Permission View: can edit on DAG:example_complex
[2026-08-30T23:13:55.460+0330] {logging_mixin.py:190} INFO - [2026-08-30T23:13:55.459+0330] {override.py:1930} INFO - Created Permission View: can read on DAG:example_complex
[2026-08-30T23:13:55.479+0330] {logging_mixin.py:190} INFO - [2026-08-30T23:13:55.478+0330] {override.py:1930} INFO - Created Permission View: can delete on DAG:example_complex
[2026-08-30T23:13:55.501+0330] {logging_mixin.py:190} INFO - [2026-08-30T23:13:55.500+0330] {override.py:1930} INFO - Created Permission View: menu access on DAG Run:example_complex
[2026-08-30T23:13:55.523+0330] {logging_mixin.py:190} INFO - [2026-08-30T23:13:55.522+0330] {override.py:1930} INFO - Created Permission View: can create on DAG Run:example_complex
[2026-08-30T23:13:55.541+0330] {logging_mixin.py:190} INFO - [2026-08-30T23:13:55.540+0330] {override.py:1930} INFO - Created Permission View: can read on DAG Run:example_complex
[2026-08-30T23:13:55.559+0330] {logging_mixin.py:190} INFO - [2026-08-30T23:13:55.559+0330] {override.py:1930} INFO - Created Permission View: can delete on DAG Run:example_complex
[2026-08-30T23:13:55.560+0330] {logging_mixin.py:190} INFO - [2026-08-30T23:13:55.560+0330] {dag.py:3239} INFO - Sync 1 DAGs
[2026-08-30T23:13:55.590+0330] {logging_mixin.py:190} INFO - [2026-08-30T23:13:55.590+0330] {dag.py:3262} INFO - Creating ORM DAG for example_complex
[2026-08-30T23:13:55.592+0330] {logging_mixin.py:190} INFO - [2026-08-30T23:13:55.591+0330] {dag.py:4180} INFO - Setting next_dagrun for example_complex to None, run_after=None
[2026-08-30T23:13:55.635+0330] {processor.py:208} INFO - Processing /home/mmirnezamina/de_final_project/airflowenv/lib/python3.10/site-packages/airflow/example_dags/example_complex.py took 0.534 seconds
[2026-08-30T23:14:25.911+0330] {processor.py:186} INFO - Started process (PID=13329) to work on /home/mmirnezamina/de_final_project/airflowenv/lib/python3.10/site-packages/airflow/example_dags/example_complex.py
[2026-08-30T23:14:25.913+0330] {processor.py:914} INFO - Processing file /home/mmirnezamina/de_final_project/airflowenv/lib/python3.10/site-packages/airflow/example_dags/example_complex.py for tasks to queue
[2026-08-30T23:14:25.914+0330] {logging_mixin.py:190} INFO - [2026-08-30T23:14:25.914+0330] {dagbag.py:588} INFO - Filling up the DagBag from /home/mmirnezamina/de_final_project/airflowenv/lib/python3.10/site-packages/airflow/example_dags/example_complex.py
[2026-08-30T23:14:25.931+0330] {processor.py:925} INFO - DAG(s) 'example_complex' retrieved from /home/mmirnezamina/de_final_project/airflowenv/lib/python3.10/site-packages/airflow/example_dags/example_complex.py
[2026-08-30T23:14:25.989+0330] {logging_mixin.py:190} INFO - [2026-08-30T23:14:25.988+0330] {dag.py:3239} INFO - Sync 1 DAGs
[2026-08-30T23:14:26.012+0330] {logging_mixin.py:190} INFO - [2026-08-30T23:14:26.012+0330] {dag.py:4180} INFO - Setting next_dagrun for example_complex to None, run_after=None
[2026-08-30T23:14:26.051+0330] {processor.py:208} INFO - Processing /home/mmirnezamina/de_final_project/airflowenv/lib/python3.10/site-packages/airflow/example_dags/example_complex.py took 0.150 seconds
[2026-08-30T23:14:57.285+0330] {processor.py:186} INFO - Started process (PID=13448) to work on /home/mmirnezamina/de_final_project/airflowenv/lib/python3.10/site-packages/airflow/example_dags/example_complex.py
[2026-08-30T23:14:57.289+0330] {processor.py:914} INFO - Processing file /home/mmirnezamina/de_final_project/airflowenv/lib/python3.10/site-packages/airflow/example_dags/example_complex.py for tasks to queue
[2026-08-30T23:14:57.295+0330] {logging_mixin.py:190} INFO - [2026-08-30T23:14:57.294+0330] {dagbag.py:588} INFO - Filling up the DagBag from /home/mmirnezamina/de_final_project/airflowenv/lib/python3.10/site-packages/airflow/example_dags/example_complex.py
[2026-08-30T23:14:57.351+0330] {processor.py:925} INFO - DAG(s) 'example_complex' retrieved from /home/mmirnezamina/de_final_project/airflowenv/lib/python3.10/site-packages/airflow/example_dags/example_complex.py
[2026-08-30T23:14:57.504+0330] {logging_mixin.py:190} INFO - [2026-08-30T23:14:57.503+0330] {dag.py:3239} INFO - Sync 1 DAGs
[2026-08-30T23:14:57.573+0330] {logging_mixin.py:190} INFO - [2026-08-30T23:14:57.572+0330] {dag.py:4180} INFO - Setting next_dagrun for example_complex to None, run_after=None
[2026-08-30T23:14:57.676+0330] {processor.py:208} INFO - Processing /home/mmirnezamina/de_final_project/airflowenv/lib/python3.10/site-packages/airflow/example_dags/example_complex.py took 0.433 seconds
[2026-08-30T23:15:29.160+0330] {processor.py:186} INFO - Started process (PID=13567) to work on /home/mmirnezamina/de_final_project/airflowenv/lib/python3.10/site-packages/airflow/example_dags/example_complex.py
[2026-08-30T23:15:29.166+0330] {processor.py:914} INFO - Processing file /home/mmirnezamina/de_final_project/airflowenv/lib/python3.10/site-packages/airflow/example_dags/example_complex.py for tasks to queue
[2026-08-30T23:15:29.172+0330] {logging_mixin.py:190} INFO - [2026-08-30T23:15:29.170+0330] {dagbag.py:588} INFO - Filling up the DagBag from /home/mmirnezamina/de_final_project/airflowenv/lib/python3.10/site-packages/airflow/example_dags/example_complex.py
[2026-08-30T23:15:29.233+0330] {processor.py:925} INFO - DAG(s) 'example_complex' retrieved from /home/mmirnezamina/de_final_project/airflowenv/lib/python3.10/site-packages/airflow/example_dags/example_complex.py
[2026-08-30T23:15:29.436+0330] {logging_mixin.py:190} INFO - [2026-08-30T23:15:29.435+0330] {dag.py:3239} INFO - Sync 1 DAGs
[2026-08-30T23:15:29.550+0330] {logging_mixin.py:190} INFO - [2026-08-30T23:15:29.549+0330] {dag.py:4180} INFO - Setting next_dagrun for example_complex to None, run_after=None
[2026-08-30T23:15:29.671+0330] {processor.py:208} INFO - Processing /home/mmirnezamina/de_final_project/airflowenv/lib/python3.10/site-packages/airflow/example_dags/example_complex.py took 0.543 seconds
[2026-08-30T23:16:00.011+0330] {processor.py:186} INFO - Started process (PID=13686) to work on /home/mmirnezamina/de_final_project/airflowenv/lib/python3.10/site-packages/airflow/example_dags/example_complex.py
[2026-08-30T23:16:00.013+0330] {processor.py:914} INFO - Processing file /home/mmirnezamina/de_final_project/airflowenv/lib/python3.10/site-packages/airflow/example_dags/example_complex.py for tasks to queue
[2026-08-30T23:16:00.015+0330] {logging_mixin.py:190} INFO - [2026-08-30T23:16:00.015+0330] {dagbag.py:588} INFO - Filling up the DagBag from /home/mmirnezamina/de_final_project/airflowenv/lib/python3.10/site-packages/airflow/example_dags/example_complex.py
[2026-08-30T23:16:00.040+0330] {processor.py:925} INFO - DAG(s) 'example_complex' retrieved from /home/mmirnezamina/de_final_project/airflowenv/lib/python3.10/site-packages/airflow/example_dags/example_complex.py
[2026-08-30T23:16:00.127+0330] {logging_mixin.py:190} INFO - [2026-08-30T23:16:00.127+0330] {dag.py:3239} INFO - Sync 1 DAGs
[2026-08-30T23:16:00.162+0330] {logging_mixin.py:190} INFO - [2026-08-30T23:16:00.162+0330] {dag.py:4180} INFO - Setting next_dagrun for example_complex to None, run_after=None
[2026-08-30T23:16:00.201+0330] {processor.py:208} INFO - Processing /home/mmirnezamina/de_final_project/airflowenv/lib/python3.10/site-packages/airflow/example_dags/example_complex.py took 0.207 seconds
[2026-08-30T23:16:30.343+0330] {processor.py:186} INFO - Started process (PID=13804) to work on /home/mmirnezamina/de_final_project/airflowenv/lib/python3.10/site-packages/airflow/example_dags/example_complex.py
[2026-08-30T23:16:30.344+0330] {processor.py:914} INFO - Processing file /home/mmirnezamina/de_final_project/airflowenv/lib/python3.10/site-packages/airflow/example_dags/example_complex.py for tasks to queue
[2026-08-30T23:16:30.346+0330] {logging_mixin.py:190} INFO - [2026-08-30T23:16:30.346+0330] {dagbag.py:588} INFO - Filling up the DagBag from /home/mmirnezamina/de_final_project/airflowenv/lib/python3.10/site-packages/airflow/example_dags/example_complex.py
[2026-08-30T23:16:30.360+0330] {processor.py:925} INFO - DAG(s) 'example_complex' retrieved from /home/mmirnezamina/de_final_project/airflowenv/lib/python3.10/site-packages/airflow/example_dags/example_complex.py
[2026-08-30T23:16:30.418+0330] {logging_mixin.py:190} INFO - [2026-08-30T23:16:30.418+0330] {dag.py:3239} INFO - Sync 1 DAGs
[2026-08-30T23:16:30.447+0330] {logging_mixin.py:190} INFO - [2026-08-30T23:16:30.447+0330] {dag.py:4180} INFO - Setting next_dagrun for example_complex to None, run_after=None
[2026-08-30T23:16:30.652+0330] {processor.py:208} INFO - Processing /home/mmirnezamina/de_final_project/airflowenv/lib/python3.10/site-packages/airflow/example_dags/example_complex.py took 0.319 seconds
[2026-08-30T23:17:01.309+0330] {processor.py:186} INFO - Started process (PID=13965) to work on /home/mmirnezamina/de_final_project/airflowenv/lib/python3.10/site-packages/airflow/example_dags/example_complex.py
[2026-08-30T23:17:01.313+0330] {processor.py:914} INFO - Processing file /home/mmirnezamina/de_final_project/airflowenv/lib/python3.10/site-packages/airflow/example_dags/example_complex.py for tasks to queue
[2026-08-30T23:17:01.319+0330] {logging_mixin.py:190} INFO - [2026-08-30T23:17:01.318+0330] {dagbag.py:588} INFO - Filling up the DagBag from /home/mmirnezamina/de_final_project/airflowenv/lib/python3.10/site-packages/airflow/example_dags/example_complex.py
[2026-08-30T23:17:01.381+0330] {processor.py:925} INFO - DAG(s) 'example_complex' retrieved from /home/mmirnezamina/de_final_project/airflowenv/lib/python3.10/site-packages/airflow/example_dags/example_complex.py
[2026-08-30T23:17:01.672+0330] {logging_mixin.py:190} INFO - [2026-08-30T23:17:01.671+0330] {dag.py:3239} INFO - Sync 1 DAGs
[2026-08-30T23:17:01.826+0330] {logging_mixin.py:190} INFO - [2026-08-30T23:17:01.824+0330] {dag.py:4180} INFO - Setting next_dagrun for example_complex to None, run_after=None
[2026-08-30T23:17:01.965+0330] {processor.py:208} INFO - Processing /home/mmirnezamina/de_final_project/airflowenv/lib/python3.10/site-packages/airflow/example_dags/example_complex.py took 0.694 seconds
[2026-08-30T23:17:33.667+0330] {processor.py:186} INFO - Started process (PID=14099) to work on /home/mmirnezamina/de_final_project/airflowenv/lib/python3.10/site-packages/airflow/example_dags/example_complex.py
[2026-08-30T23:17:33.681+0330] {processor.py:914} INFO - Processing file /home/mmirnezamina/de_final_project/airflowenv/lib/python3.10/site-packages/airflow/example_dags/example_complex.py for tasks to queue
[2026-08-30T23:17:33.688+0330] {logging_mixin.py:190} INFO - [2026-08-30T23:17:33.686+0330] {dagbag.py:588} INFO - Filling up the DagBag from /home/mmirnezamina/de_final_project/airflowenv/lib/python3.10/site-packages/airflow/example_dags/example_complex.py
[2026-08-30T23:17:33.811+0330] {processor.py:925} INFO - DAG(s) 'example_complex' retrieved from /home/mmirnezamina/de_final_project/airflowenv/lib/python3.10/site-packages/airflow/example_dags/example_complex.py
[2026-08-30T23:17:34.203+0330] {logging_mixin.py:190} INFO - [2026-08-30T23:17:34.202+0330] {dag.py:3239} INFO - Sync 1 DAGs
[2026-08-30T23:17:34.285+0330] {logging_mixin.py:190} INFO - [2026-08-30T23:17:34.282+0330] {dag.py:4180} INFO - Setting next_dagrun for example_complex to None, run_after=None
[2026-08-30T23:17:34.439+0330] {processor.py:208} INFO - Processing /home/mmirnezamina/de_final_project/airflowenv/lib/python3.10/site-packages/airflow/example_dags/example_complex.py took 0.866 seconds
[2026-08-30T23:18:05.279+0330] {processor.py:186} INFO - Started process (PID=14221) to work on /home/mmirnezamina/de_final_project/airflowenv/lib/python3.10/site-packages/airflow/example_dags/example_complex.py
[2026-08-30T23:18:05.285+0330] {processor.py:914} INFO - Processing file /home/mmirnezamina/de_final_project/airflowenv/lib/python3.10/site-packages/airflow/example_dags/example_complex.py for tasks to queue
[2026-08-30T23:18:05.294+0330] {logging_mixin.py:190} INFO - [2026-08-30T23:18:05.291+0330] {dagbag.py:588} INFO - Filling up the DagBag from /home/mmirnezamina/de_final_project/airflowenv/lib/python3.10/site-packages/airflow/example_dags/example_complex.py
[2026-08-30T23:18:05.376+0330] {processor.py:925} INFO - DAG(s) 'example_complex' retrieved from /home/mmirnezamina/de_final_project/airflowenv/lib/python3.10/site-packages/airflow/example_dags/example_complex.py
[2026-08-30T23:18:05.600+0330] {logging_mixin.py:190} INFO - [2026-08-30T23:18:05.599+0330] {dag.py:3239} INFO - Sync 1 DAGs
[2026-08-30T23:18:05.670+0330] {logging_mixin.py:190} INFO - [2026-08-30T23:18:05.669+0330] {dag.py:4180} INFO - Setting next_dagrun for example_complex to None, run_after=None
[2026-08-30T23:18:05.781+0330] {processor.py:208} INFO - Processing /home/mmirnezamina/de_final_project/airflowenv/lib/python3.10/site-packages/airflow/example_dags/example_complex.py took 0.562 seconds
[2026-08-30T23:18:36.363+0330] {processor.py:186} INFO - Started process (PID=14339) to work on /home/mmirnezamina/de_final_project/airflowenv/lib/python3.10/site-packages/airflow/example_dags/example_complex.py
[2026-08-30T23:18:36.364+0330] {processor.py:914} INFO - Processing file /home/mmirnezamina/de_final_project/airflowenv/lib/python3.10/site-packages/airflow/example_dags/example_complex.py for tasks to queue
[2026-08-30T23:18:36.366+0330] {logging_mixin.py:190} INFO - [2026-08-30T23:18:36.365+0330] {dagbag.py:588} INFO - Filling up the DagBag from /home/mmirnezamina/de_final_project/airflowenv/lib/python3.10/site-packages/airflow/example_dags/example_complex.py
[2026-08-30T23:18:36.383+0330] {processor.py:925} INFO - DAG(s) 'example_complex' retrieved from /home/mmirnezamina/de_final_project/airflowenv/lib/python3.10/site-packages/airflow/example_dags/example_complex.py
[2026-08-30T23:18:36.435+0330] {logging_mixin.py:190} INFO - [2026-08-30T23:18:36.435+0330] {dag.py:3239} INFO - Sync 1 DAGs
[2026-08-30T23:18:36.456+0330] {logging_mixin.py:190} INFO - [2026-08-30T23:18:36.456+0330] {dag.py:4180} INFO - Setting next_dagrun for example_complex to None, run_after=None
[2026-08-30T23:18:36.481+0330] {processor.py:208} INFO - Processing /home/mmirnezamina/de_final_project/airflowenv/lib/python3.10/site-packages/airflow/example_dags/example_complex.py took 0.129 seconds
[2026-08-30T23:19:06.725+0330] {processor.py:186} INFO - Started process (PID=14459) to work on /home/mmirnezamina/de_final_project/airflowenv/lib/python3.10/site-packages/airflow/example_dags/example_complex.py
[2026-08-30T23:19:06.726+0330] {processor.py:914} INFO - Processing file /home/mmirnezamina/de_final_project/airflowenv/lib/python3.10/site-packages/airflow/example_dags/example_complex.py for tasks to queue
[2026-08-30T23:19:06.727+0330] {logging_mixin.py:190} INFO - [2026-08-30T23:19:06.727+0330] {dagbag.py:588} INFO - Filling up the DagBag from /home/mmirnezamina/de_final_project/airflowenv/lib/python3.10/site-packages/airflow/example_dags/example_complex.py
[2026-08-30T23:19:06.740+0330] {processor.py:925} INFO - DAG(s) 'example_complex' retrieved from /home/mmirnezamina/de_final_project/airflowenv/lib/python3.10/site-packages/airflow/example_dags/example_complex.py
[2026-08-30T23:19:06.785+0330] {logging_mixin.py:190} INFO - [2026-08-30T23:19:06.785+0330] {dag.py:3239} INFO - Sync 1 DAGs
[2026-08-30T23:19:06.873+0330] {logging_mixin.py:190} INFO - [2026-08-30T23:19:06.869+0330] {dag.py:4180} INFO - Setting next_dagrun for example_complex to None, run_after=None
[2026-08-30T23:19:07.089+0330] {processor.py:208} INFO - Processing /home/mmirnezamina/de_final_project/airflowenv/lib/python3.10/site-packages/airflow/example_dags/example_complex.py took 0.373 seconds
[2026-08-30T23:19:38.029+0330] {processor.py:186} INFO - Started process (PID=14578) to work on /home/mmirnezamina/de_final_project/airflowenv/lib/python3.10/site-packages/airflow/example_dags/example_complex.py
[2026-08-30T23:19:38.031+0330] {processor.py:914} INFO - Processing file /home/mmirnezamina/de_final_project/airflowenv/lib/python3.10/site-packages/airflow/example_dags/example_complex.py for tasks to queue
[2026-08-30T23:19:38.032+0330] {logging_mixin.py:190} INFO - [2026-08-30T23:19:38.032+0330] {dagbag.py:588} INFO - Filling up the DagBag from /home/mmirnezamina/de_final_project/airflowenv/lib/python3.10/site-packages/airflow/example_dags/example_complex.py
[2026-08-30T23:19:38.043+0330] {processor.py:925} INFO - DAG(s) 'example_complex' retrieved from /home/mmirnezamina/de_final_project/airflowenv/lib/python3.10/site-packages/airflow/example_dags/example_complex.py
[2026-08-30T23:19:38.080+0330] {logging_mixin.py:190} INFO - [2026-08-30T23:19:38.080+0330] {dag.py:3239} INFO - Sync 1 DAGs
[2026-08-30T23:19:38.094+0330] {logging_mixin.py:190} INFO - [2026-08-30T23:19:38.094+0330] {dag.py:4180} INFO - Setting next_dagrun for example_complex to None, run_after=None
[2026-08-30T23:19:38.117+0330] {processor.py:208} INFO - Processing /home/mmirnezamina/de_final_project/airflowenv/lib/python3.10/site-packages/airflow/example_dags/example_complex.py took 0.095 seconds
[2026-08-30T23:20:08.934+0330] {processor.py:186} INFO - Started process (PID=14701) to work on /home/mmirnezamina/de_final_project/airflowenv/lib/python3.10/site-packages/airflow/example_dags/example_complex.py
[2026-08-30T23:20:08.935+0330] {processor.py:914} INFO - Processing file /home/mmirnezamina/de_final_project/airflowenv/lib/python3.10/site-packages/airflow/example_dags/example_complex.py for tasks to queue
[2026-08-30T23:20:08.937+0330] {logging_mixin.py:190} INFO - [2026-08-30T23:20:08.937+0330] {dagbag.py:588} INFO - Filling up the DagBag from /home/mmirnezamina/de_final_project/airflowenv/lib/python3.10/site-packages/airflow/example_dags/example_complex.py
[2026-08-30T23:20:08.955+0330] {processor.py:925} INFO - DAG(s) 'example_complex' retrieved from /home/mmirnezamina/de_final_project/airflowenv/lib/python3.10/site-packages/airflow/example_dags/example_complex.py
[2026-08-30T23:20:09.017+0330] {logging_mixin.py:190} INFO - [2026-08-30T23:20:09.016+0330] {dag.py:3239} INFO - Sync 1 DAGs
[2026-08-30T23:20:09.044+0330] {logging_mixin.py:190} INFO - [2026-08-30T23:20:09.044+0330] {dag.py:4180} INFO - Setting next_dagrun for example_complex to None, run_after=None
[2026-08-30T23:20:09.082+0330] {processor.py:208} INFO - Processing /home/mmirnezamina/de_final_project/airflowenv/lib/python3.10/site-packages/airflow/example_dags/example_complex.py took 0.161 seconds
[2026-08-30T23:20:39.296+0330] {processor.py:186} INFO - Started process (PID=14824) to work on /home/mmirnezamina/de_final_project/airflowenv/lib/python3.10/site-packages/airflow/example_dags/example_complex.py
[2026-08-30T23:20:39.297+0330] {processor.py:914} INFO - Processing file /home/mmirnezamina/de_final_project/airflowenv/lib/python3.10/site-packages/airflow/example_dags/example_complex.py for tasks to queue
[2026-08-30T23:20:39.299+0330] {logging_mixin.py:190} INFO - [2026-08-30T23:20:39.298+0330] {dagbag.py:588} INFO - Filling up the DagBag from /home/mmirnezamina/de_final_project/airflowenv/lib/python3.10/site-packages/airflow/example_dags/example_complex.py
[2026-08-30T23:20:39.311+0330] {processor.py:925} INFO - DAG(s) 'example_complex' retrieved from /home/mmirnezamina/de_final_project/airflowenv/lib/python3.10/site-packages/airflow/example_dags/example_complex.py
[2026-08-30T23:20:39.344+0330] {logging_mixin.py:190} INFO - [2026-08-30T23:20:39.344+0330] {dag.py:3239} INFO - Sync 1 DAGs
[2026-08-30T23:20:39.357+0330] {logging_mixin.py:190} INFO - [2026-08-30T23:20:39.357+0330] {dag.py:4180} INFO - Setting next_dagrun for example_complex to None, run_after=None
[2026-08-30T23:20:39.379+0330] {processor.py:208} INFO - Processing /home/mmirnezamina/de_final_project/airflowenv/lib/python3.10/site-packages/airflow/example_dags/example_complex.py took 0.091 seconds
[2026-08-30T23:21:09.697+0330] {processor.py:186} INFO - Started process (PID=14942) to work on /home/mmirnezamina/de_final_project/airflowenv/lib/python3.10/site-packages/airflow/example_dags/example_complex.py
[2026-08-30T23:21:09.698+0330] {processor.py:914} INFO - Processing file /home/mmirnezamina/de_final_project/airflowenv/lib/python3.10/site-packages/airflow/example_dags/example_complex.py for tasks to queue
[2026-08-30T23:21:09.699+0330] {logging_mixin.py:190} INFO - [2026-08-30T23:21:09.698+0330] {dagbag.py:588} INFO - Filling up the DagBag from /home/mmirnezamina/de_final_project/airflowenv/lib/python3.10/site-packages/airflow/example_dags/example_complex.py
[2026-08-30T23:21:09.707+0330] {processor.py:925} INFO - DAG(s) 'example_complex' retrieved from /home/mmirnezamina/de_final_project/airflowenv/lib/python3.10/site-packages/airflow/example_dags/example_complex.py
[2026-08-30T23:21:09.747+0330] {logging_mixin.py:190} INFO - [2026-08-30T23:21:09.746+0330] {dag.py:3239} INFO - Sync 1 DAGs
[2026-08-30T23:21:09.761+0330] {logging_mixin.py:190} INFO - [2026-08-30T23:21:09.761+0330] {dag.py:4180} INFO - Setting next_dagrun for example_complex to None, run_after=None
[2026-08-30T23:21:09.788+0330] {processor.py:208} INFO - Processing /home/mmirnezamina/de_final_project/airflowenv/lib/python3.10/site-packages/airflow/example_dags/example_complex.py took 0.098 seconds
[2026-08-30T23:21:40.510+0330] {processor.py:186} INFO - Started process (PID=15061) to work on /home/mmirnezamina/de_final_project/airflowenv/lib/python3.10/site-packages/airflow/example_dags/example_complex.py
[2026-08-30T23:21:40.511+0330] {processor.py:914} INFO - Processing file /home/mmirnezamina/de_final_project/airflowenv/lib/python3.10/site-packages/airflow/example_dags/example_complex.py for tasks to queue
[2026-08-30T23:21:40.512+0330] {logging_mixin.py:190} INFO - [2026-08-30T23:21:40.512+0330] {dagbag.py:588} INFO - Filling up the DagBag from /home/mmirnezamina/de_final_project/airflowenv/lib/python3.10/site-packages/airflow/example_dags/example_complex.py
[2026-08-30T23:21:40.522+0330] {processor.py:925} INFO - DAG(s) 'example_complex' retrieved from /home/mmirnezamina/de_final_project/airflowenv/lib/python3.10/site-packages/airflow/example_dags/example_complex.py
[2026-08-30T23:21:40.557+0330] {logging_mixin.py:190} INFO - [2026-08-30T23:21:40.557+0330] {dag.py:3239} INFO - Sync 1 DAGs
[2026-08-30T23:21:40.570+0330] {logging_mixin.py:190} INFO - [2026-08-30T23:21:40.570+0330] {dag.py:4180} INFO - Setting next_dagrun for example_complex to None, run_after=None
[2026-08-30T23:21:40.592+0330] {processor.py:208} INFO - Processing /home/mmirnezamina/de_final_project/airflowenv/lib/python3.10/site-packages/airflow/example_dags/example_complex.py took 0.090 seconds
[2026-08-30T23:22:11.401+0330] {processor.py:186} INFO - Started process (PID=15179) to work on /home/mmirnezamina/de_final_project/airflowenv/lib/python3.10/site-packages/airflow/example_dags/example_complex.py
[2026-08-30T23:22:11.401+0330] {processor.py:914} INFO - Processing file /home/mmirnezamina/de_final_project/airflowenv/lib/python3.10/site-packages/airflow/example_dags/example_complex.py for tasks to queue
[2026-08-30T23:22:11.402+0330] {logging_mixin.py:190} INFO - [2026-08-30T23:22:11.402+0330] {dagbag.py:588} INFO - Filling up the DagBag from /home/mmirnezamina/de_final_project/airflowenv/lib/python3.10/site-packages/airflow/example_dags/example_complex.py
[2026-08-30T23:22:11.411+0330] {processor.py:925} INFO - DAG(s) 'example_complex' retrieved from /home/mmirnezamina/de_final_project/airflowenv/lib/python3.10/site-packages/airflow/example_dags/example_complex.py
[2026-08-30T23:22:11.466+0330] {logging_mixin.py:190} INFO - [2026-08-30T23:22:11.466+0330] {dag.py:3239} INFO - Sync 1 DAGs
[2026-08-30T23:22:11.477+0330] {logging_mixin.py:190} INFO - [2026-08-30T23:22:11.477+0330] {dag.py:4180} INFO - Setting next_dagrun for example_complex to None, run_after=None
[2026-08-30T23:22:11.499+0330] {processor.py:208} INFO - Processing /home/mmirnezamina/de_final_project/airflowenv/lib/python3.10/site-packages/airflow/example_dags/example_complex.py took 0.115 seconds
[2026-08-30T23:22:42.499+0330] {processor.py:186} INFO - Started process (PID=15298) to work on /home/mmirnezamina/de_final_project/airflowenv/lib/python3.10/site-packages/airflow/example_dags/example_complex.py
[2026-08-30T23:22:42.503+0330] {processor.py:914} INFO - Processing file /home/mmirnezamina/de_final_project/airflowenv/lib/python3.10/site-packages/airflow/example_dags/example_complex.py for tasks to queue
[2026-08-30T23:22:42.508+0330] {logging_mixin.py:190} INFO - [2026-08-30T23:22:42.507+0330] {dagbag.py:588} INFO - Filling up the DagBag from /home/mmirnezamina/de_final_project/airflowenv/lib/python3.10/site-packages/airflow/example_dags/example_complex.py
[2026-08-30T23:22:42.559+0330] {processor.py:925} INFO - DAG(s) 'example_complex' retrieved from /home/mmirnezamina/de_final_project/airflowenv/lib/python3.10/site-packages/airflow/example_dags/example_complex.py
[2026-08-30T23:22:42.687+0330] {logging_mixin.py:190} INFO - [2026-08-30T23:22:42.687+0330] {dag.py:3239} INFO - Sync 1 DAGs
[2026-08-30T23:22:42.735+0330] {logging_mixin.py:190} INFO - [2026-08-30T23:22:42.734+0330] {dag.py:4180} INFO - Setting next_dagrun for example_complex to None, run_after=None
[2026-08-30T23:22:42.793+0330] {processor.py:208} INFO - Processing /home/mmirnezamina/de_final_project/airflowenv/lib/python3.10/site-packages/airflow/example_dags/example_complex.py took 0.331 seconds
[2026-08-30T23:23:12.842+0330] {processor.py:186} INFO - Started process (PID=15415) to work on /home/mmirnezamina/de_final_project/airflowenv/lib/python3.10/site-packages/airflow/example_dags/example_complex.py
[2026-08-30T23:23:12.843+0330] {processor.py:914} INFO - Processing file /home/mmirnezamina/de_final_project/airflowenv/lib/python3.10/site-packages/airflow/example_dags/example_complex.py for tasks to queue
[2026-08-30T23:23:12.845+0330] {logging_mixin.py:190} INFO - [2026-08-30T23:23:12.844+0330] {dagbag.py:588} INFO - Filling up the DagBag from /home/mmirnezamina/de_final_project/airflowenv/lib/python3.10/site-packages/airflow/example_dags/example_complex.py
[2026-08-30T23:23:12.859+0330] {processor.py:925} INFO - DAG(s) 'example_complex' retrieved from /home/mmirnezamina/de_final_project/airflowenv/lib/python3.10/site-packages/airflow/example_dags/example_complex.py
[2026-08-30T23:23:12.904+0330] {logging_mixin.py:190} INFO - [2026-08-30T23:23:12.903+0330] {dag.py:3239} INFO - Sync 1 DAGs
[2026-08-30T23:23:12.920+0330] {logging_mixin.py:190} INFO - [2026-08-30T23:23:12.919+0330] {dag.py:4180} INFO - Setting next_dagrun for example_complex to None, run_after=None
[2026-08-30T23:23:12.948+0330] {processor.py:208} INFO - Processing /home/mmirnezamina/de_final_project/airflowenv/lib/python3.10/site-packages/airflow/example_dags/example_complex.py took 0.115 seconds
[2026-08-30T23:23:43.887+0330] {processor.py:186} INFO - Started process (PID=15535) to work on /home/mmirnezamina/de_final_project/airflowenv/lib/python3.10/site-packages/airflow/example_dags/example_complex.py
[2026-08-30T23:23:43.889+0330] {processor.py:914} INFO - Processing file /home/mmirnezamina/de_final_project/airflowenv/lib/python3.10/site-packages/airflow/example_dags/example_complex.py for tasks to queue
[2026-08-30T23:23:43.890+0330] {logging_mixin.py:190} INFO - [2026-08-30T23:23:43.889+0330] {dagbag.py:588} INFO - Filling up the DagBag from /home/mmirnezamina/de_final_project/airflowenv/lib/python3.10/site-packages/airflow/example_dags/example_complex.py
[2026-08-30T23:23:43.899+0330] {processor.py:925} INFO - DAG(s) 'example_complex' retrieved from /home/mmirnezamina/de_final_project/airflowenv/lib/python3.10/site-packages/airflow/example_dags/example_complex.py
[2026-08-30T23:23:43.927+0330] {logging_mixin.py:190} INFO - [2026-08-30T23:23:43.927+0330] {dag.py:3239} INFO - Sync 1 DAGs
[2026-08-30T23:23:43.938+0330] {logging_mixin.py:190} INFO - [2026-08-30T23:23:43.938+0330] {dag.py:4180} INFO - Setting next_dagrun for example_complex to None, run_after=None
[2026-08-30T23:23:43.959+0330] {processor.py:208} INFO - Processing /home/mmirnezamina/de_final_project/airflowenv/lib/python3.10/site-packages/airflow/example_dags/example_complex.py took 0.078 seconds
[2026-08-30T23:24:14.488+0330] {processor.py:186} INFO - Started process (PID=15655) to work on /home/mmirnezamina/de_final_project/airflowenv/lib/python3.10/site-packages/airflow/example_dags/example_complex.py
[2026-08-30T23:24:14.489+0330] {processor.py:914} INFO - Processing file /home/mmirnezamina/de_final_project/airflowenv/lib/python3.10/site-packages/airflow/example_dags/example_complex.py for tasks to queue
[2026-08-30T23:24:14.491+0330] {logging_mixin.py:190} INFO - [2026-08-30T23:24:14.490+0330] {dagbag.py:588} INFO - Filling up the DagBag from /home/mmirnezamina/de_final_project/airflowenv/lib/python3.10/site-packages/airflow/example_dags/example_complex.py
[2026-08-30T23:24:14.510+0330] {processor.py:925} INFO - DAG(s) 'example_complex' retrieved from /home/mmirnezamina/de_final_project/airflowenv/lib/python3.10/site-packages/airflow/example_dags/example_complex.py
[2026-08-30T23:24:14.560+0330] {logging_mixin.py:190} INFO - [2026-08-30T23:24:14.560+0330] {dag.py:3239} INFO - Sync 1 DAGs
[2026-08-30T23:24:14.579+0330] {logging_mixin.py:190} INFO - [2026-08-30T23:24:14.579+0330] {dag.py:4180} INFO - Setting next_dagrun for example_complex to None, run_after=None
[2026-08-30T23:24:14.609+0330] {processor.py:208} INFO - Processing /home/mmirnezamina/de_final_project/airflowenv/lib/python3.10/site-packages/airflow/example_dags/example_complex.py took 0.133 seconds
[2026-08-30T23:24:45.316+0330] {processor.py:186} INFO - Started process (PID=15772) to work on /home/mmirnezamina/de_final_project/airflowenv/lib/python3.10/site-packages/airflow/example_dags/example_complex.py
[2026-08-30T23:24:45.318+0330] {processor.py:914} INFO - Processing file /home/mmirnezamina/de_final_project/airflowenv/lib/python3.10/site-packages/airflow/example_dags/example_complex.py for tasks to queue
[2026-08-30T23:24:45.319+0330] {logging_mixin.py:190} INFO - [2026-08-30T23:24:45.319+0330] {dagbag.py:588} INFO - Filling up the DagBag from /home/mmirnezamina/de_final_project/airflowenv/lib/python3.10/site-packages/airflow/example_dags/example_complex.py
[2026-08-30T23:24:45.335+0330] {processor.py:925} INFO - DAG(s) 'example_complex' retrieved from /home/mmirnezamina/de_final_project/airflowenv/lib/python3.10/site-packages/airflow/example_dags/example_complex.py
[2026-08-30T23:24:45.395+0330] {logging_mixin.py:190} INFO - [2026-08-30T23:24:45.395+0330] {dag.py:3239} INFO - Sync 1 DAGs
[2026-08-30T23:24:45.418+0330] {logging_mixin.py:190} INFO - [2026-08-30T23:24:45.418+0330] {dag.py:4180} INFO - Setting next_dagrun for example_complex to None, run_after=None
[2026-08-30T23:24:45.452+0330] {processor.py:208} INFO - Processing /home/mmirnezamina/de_final_project/airflowenv/lib/python3.10/site-packages/airflow/example_dags/example_complex.py took 0.147 seconds
[2026-08-30T23:25:15.790+0330] {processor.py:186} INFO - Started process (PID=15917) to work on /home/mmirnezamina/de_final_project/airflowenv/lib/python3.10/site-packages/airflow/example_dags/example_complex.py
[2026-08-30T23:25:15.791+0330] {processor.py:914} INFO - Processing file /home/mmirnezamina/de_final_project/airflowenv/lib/python3.10/site-packages/airflow/example_dags/example_complex.py for tasks to queue
[2026-08-30T23:25:15.792+0330] {logging_mixin.py:190} INFO - [2026-08-30T23:25:15.792+0330] {dagbag.py:588} INFO - Filling up the DagBag from /home/mmirnezamina/de_final_project/airflowenv/lib/python3.10/site-packages/airflow/example_dags/example_complex.py
[2026-08-30T23:25:15.805+0330] {processor.py:925} INFO - DAG(s) 'example_complex' retrieved from /home/mmirnezamina/de_final_project/airflowenv/lib/python3.10/site-packages/airflow/example_dags/example_complex.py
[2026-08-30T23:25:15.846+0330] {logging_mixin.py:190} INFO - [2026-08-30T23:25:15.845+0330] {dag.py:3239} INFO - Sync 1 DAGs
[2026-08-30T23:25:15.860+0330] {logging_mixin.py:190} INFO - [2026-08-30T23:25:15.859+0330] {dag.py:4180} INFO - Setting next_dagrun for example_complex to None, run_after=None
[2026-08-30T23:25:15.884+0330] {processor.py:208} INFO - Processing /home/mmirnezamina/de_final_project/airflowenv/lib/python3.10/site-packages/airflow/example_dags/example_complex.py took 0.102 seconds
[2026-08-30T23:25:46.184+0330] {processor.py:186} INFO - Started process (PID=16054) to work on /home/mmirnezamina/de_final_project/airflowenv/lib/python3.10/site-packages/airflow/example_dags/example_complex.py
[2026-08-30T23:25:46.186+0330] {processor.py:914} INFO - Processing file /home/mmirnezamina/de_final_project/airflowenv/lib/python3.10/site-packages/airflow/example_dags/example_complex.py for tasks to queue
[2026-08-30T23:25:46.187+0330] {logging_mixin.py:190} INFO - [2026-08-30T23:25:46.187+0330] {dagbag.py:588} INFO - Filling up the DagBag from /home/mmirnezamina/de_final_project/airflowenv/lib/python3.10/site-packages/airflow/example_dags/example_complex.py
[2026-08-30T23:25:46.201+0330] {processor.py:925} INFO - DAG(s) 'example_complex' retrieved from /home/mmirnezamina/de_final_project/airflowenv/lib/python3.10/site-packages/airflow/example_dags/example_complex.py
[2026-08-30T23:25:46.236+0330] {logging_mixin.py:190} INFO - [2026-08-30T23:25:46.236+0330] {dag.py:3239} INFO - Sync 1 DAGs
[2026-08-30T23:25:46.248+0330] {logging_mixin.py:190} INFO - [2026-08-30T23:25:46.248+0330] {dag.py:4180} INFO - Setting next_dagrun for example_complex to None, run_after=None
[2026-08-30T23:25:46.268+0330] {processor.py:208} INFO - Processing /home/mmirnezamina/de_final_project/airflowenv/lib/python3.10/site-packages/airflow/example_dags/example_complex.py took 0.092 seconds
[2026-08-30T23:26:16.598+0330] {processor.py:186} INFO - Started process (PID=16174) to work on /home/mmirnezamina/de_final_project/airflowenv/lib/python3.10/site-packages/airflow/example_dags/example_complex.py
[2026-08-30T23:26:16.599+0330] {processor.py:914} INFO - Processing file /home/mmirnezamina/de_final_project/airflowenv/lib/python3.10/site-packages/airflow/example_dags/example_complex.py for tasks to queue
[2026-08-30T23:26:16.600+0330] {logging_mixin.py:190} INFO - [2026-08-30T23:26:16.600+0330] {dagbag.py:588} INFO - Filling up the DagBag from /home/mmirnezamina/de_final_project/airflowenv/lib/python3.10/site-packages/airflow/example_dags/example_complex.py
[2026-08-30T23:26:16.614+0330] {processor.py:925} INFO - DAG(s) 'example_complex' retrieved from /home/mmirnezamina/de_final_project/airflowenv/lib/python3.10/site-packages/airflow/example_dags/example_complex.py
[2026-08-30T23:26:16.657+0330] {logging_mixin.py:190} INFO - [2026-08-30T23:26:16.656+0330] {dag.py:3239} INFO - Sync 1 DAGs
[2026-08-30T23:26:16.674+0330] {logging_mixin.py:190} INFO - [2026-08-30T23:26:16.673+0330] {dag.py:4180} INFO - Setting next_dagrun for example_complex to None, run_after=None
[2026-08-30T23:26:16.700+0330] {processor.py:208} INFO - Processing /home/mmirnezamina/de_final_project/airflowenv/lib/python3.10/site-packages/airflow/example_dags/example_complex.py took 0.115 seconds
[2026-08-30T23:26:46.771+0330] {processor.py:186} INFO - Started process (PID=16291) to work on /home/mmirnezamina/de_final_project/airflowenv/lib/python3.10/site-packages/airflow/example_dags/example_complex.py
[2026-08-30T23:26:46.777+0330] {processor.py:914} INFO - Processing file /home/mmirnezamina/de_final_project/airflowenv/lib/python3.10/site-packages/airflow/example_dags/example_complex.py for tasks to queue
[2026-08-30T23:26:46.781+0330] {logging_mixin.py:190} INFO - [2026-08-30T23:26:46.780+0330] {dagbag.py:588} INFO - Filling up the DagBag from /home/mmirnezamina/de_final_project/airflowenv/lib/python3.10/site-packages/airflow/example_dags/example_complex.py
[2026-08-30T23:26:46.822+0330] {processor.py:925} INFO - DAG(s) 'example_complex' retrieved from /home/mmirnezamina/de_final_project/airflowenv/lib/python3.10/site-packages/airflow/example_dags/example_complex.py
[2026-08-30T23:26:46.902+0330] {logging_mixin.py:190} INFO - [2026-08-30T23:26:46.901+0330] {dag.py:3239} INFO - Sync 1 DAGs
[2026-08-30T23:26:46.932+0330] {logging_mixin.py:190} INFO - [2026-08-30T23:26:46.932+0330] {dag.py:4180} INFO - Setting next_dagrun for example_complex to None, run_after=None
[2026-08-30T23:26:46.974+0330] {processor.py:208} INFO - Processing /home/mmirnezamina/de_final_project/airflowenv/lib/python3.10/site-packages/airflow/example_dags/example_complex.py took 0.218 seconds
