[2026-08-30T23:13:51.218+0330] {processor.py:186} INFO - Started process (PID=13193) to work on /home/mmirnezamina/de_final_project/airflowenv/lib/python3.10/site-packages/airflow/example_dags/example_dynamic_task_mapping.py
[2026-08-30T23:13:51.220+0330] {processor.py:914} INFO - Processing file /home/mmirnezamina/de_final_project/airflowenv/lib/python3.10/site-packages/airflow/example_dags/example_dynamic_task_mapping.py for tasks to queue
[2026-08-30T23:13:51.222+0330] {logging_mixin.py:190} INFO - [2026-08-30T23:13:51.222+0330] {dagbag.py:588} INFO - Filling up the DagBag from /home/mmirnezamina/de_final_project/airflowenv/lib/python3.10/site-packages/airflow/example_dags/example_dynamic_task_mapping.py
[2026-08-30T23:13:51.243+0330] {processor.py:925} INFO - DAG(s) 'example_dynamic_task_mapping' retrieved from /home/mmirnezamina/de_final_project/airflowenv/lib/python3.10/site-packages/airflow/example_dags/example_dynamic_task_mapping.py
[2026-08-30T23:13:51.461+0330] {logging_mixin.py:190} INFO - [2026-08-30T23:13:51.460+0330] {override.py:1930} INFO - Created Permission View: can edit on DAG:example_dynamic_task_mapping
[2026-08-30T23:13:51.489+0330] {logging_mixin.py:190} INFO - [2026-08-30T23:13:51.489+0330] {override.py:1930} INFO - Created Permission View: can read on DAG:example_dynamic_task_mapping
[2026-08-30T23:13:51.514+0330] {logging_mixin.py:190} INFO - [2026-08-30T23:13:51.512+0330] {override.py:1930} INFO - Created Permission View: can delete on DAG:example_dynamic_task_mapping
[2026-08-30T23:13:51.542+0330] {logging_mixin.py:190} INFO - [2026-08-30T23:13:51.542+0330] {override.py:1930} INFO - Created Permission View: menu access on DAG Run:example_dynamic_task_mapping
[2026-08-30T23:13:51.565+0330] {logging_mixin.py:190} INFO - [2026-08-30T23:13:51.564+0330] {override.py:1930} INFO - Created Permission View: can create on DAG Run:example_dynamic_task_mapping
[2026-08-30T23:13:51.591+0330] {logging_mixin.py:190} INFO - [2026-08-30T23:13:51.590+0330] {override.py:1930} INFO - Created Permission View: can read on DAG Run:example_dynamic_task_mapping
[2026-08-30T23:13:51.616+0330] {logging_mixin.py:190} INFO - [2026-08-30T23:13:51.615+0330] {override.py:1930} INFO - Created Permission View: can delete on DAG Run:example_dynamic_task_mapping
[2026-08-30T23:13:51.617+0330] {logging_mixin.py:190} INFO - [2026-08-30T23:13:51.617+0330] {dag.py:3239} INFO - Sync 1 DAGs
[2026-08-30T23:13:51.661+0330] {logging_mixin.py:190} INFO - [2026-08-30T23:13:51.661+0330] {dag.py:3262} INFO - Creating ORM DAG for example_dynamic_task_mapping
[2026-08-30T23:13:51.663+0330] {logging_mixin.py:190} INFO - [2026-08-30T23:13:51.662+0330] {dag.py:4180} INFO - Setting next_dagrun for example_dynamic_task_mapping to None, run_after=None
[2026-08-30T23:13:51.707+0330] {processor.py:208} INFO - Processing /home/mmirnezamina/de_final_project/airflowenv/lib/python3.10/site-packages/airflow/example_dags/example_dynamic_task_mapping.py took 0.512 seconds
[2026-08-30T23:14:22.382+0330] {processor.py:186} INFO - Started process (PID=13316) to work on /home/mmirnezamina/de_final_project/airflowenv/lib/python3.10/site-packages/airflow/example_dags/example_dynamic_task_mapping.py
[2026-08-30T23:14:22.384+0330] {processor.py:914} INFO - Processing file /home/mmirnezamina/de_final_project/airflowenv/lib/python3.10/site-packages/airflow/example_dags/example_dynamic_task_mapping.py for tasks to queue
[2026-08-30T23:14:22.385+0330] {logging_mixin.py:190} INFO - [2026-08-30T23:14:22.385+0330] {dagbag.py:588} INFO - Filling up the DagBag from /home/mmirnezamina/de_final_project/airflowenv/lib/python3.10/site-packages/airflow/example_dags/example_dynamic_task_mapping.py
[2026-08-30T23:14:22.396+0330] {processor.py:925} INFO - DAG(s) 'example_dynamic_task_mapping' retrieved from /home/mmirnezamina/de_final_project/airflowenv/lib/python3.10/site-packages/airflow/example_dags/example_dynamic_task_mapping.py
[2026-08-30T23:14:22.439+0330] {logging_mixin.py:190} INFO - [2026-08-30T23:14:22.438+0330] {dag.py:3239} INFO - Sync 1 DAGs
[2026-08-30T23:14:22.464+0330] {logging_mixin.py:190} INFO - [2026-08-30T23:14:22.463+0330] {dag.py:4180} INFO - Setting next_dagrun for example_dynamic_task_mapping to None, run_after=None
[2026-08-30T23:14:22.497+0330] {processor.py:208} INFO - Processing /home/mmirnezamina/de_final_project/airflowenv/lib/python3.10/site-packages/airflow/example_dags/example_dynamic_task_mapping.py took 0.129 seconds
[2026-08-30T23:14:53.190+0330] {processor.py:186} INFO - Started process (PID=13433) to work on /home/mmirnezamina/de_final_project/airflowenv/lib/python3.10/site-packages/airflow/example_dags/example_dynamic_task_mapping.py
[2026-08-30T23:14:53.201+0330] {processor.py:914} INFO - Processing file /home/mmirnezamina/de_final_project/airflowenv/lib/python3.10/site-packages/airflow/example_dags/example_dynamic_task_mapping.py for tasks to queue
[2026-08-30T23:14:53.218+0330] {logging_mixin.py:190} INFO - [2026-08-30T23:14:53.217+0330] {dagbag.py:588} INFO - Filling up the DagBag from /home/mmirnezamina/de_final_project/airflowenv/lib/python3.10/site-packages/airflow/example_dags/example_dynamic_task_mapping.py
[2026-08-30T23:14:53.242+0330] {processor.py:925} INFO - DAG(s) 'example_dynamic_task_mapping' retrieved from /home/mmirnezamina/de_final_project/airflowenv/lib/python3.10/site-packages/airflow/example_dags/example_dynamic_task_mapping.py
[2026-08-30T23:14:53.308+0330] {logging_mixin.py:190} INFO - [2026-08-30T23:14:53.308+0330] {dag.py:3239} INFO - Sync 1 DAGs
[2026-08-30T23:14:53.346+0330] {logging_mixin.py:190} INFO - [2026-08-30T23:14:53.345+0330] {dag.py:4180} INFO - Setting next_dagrun for example_dynamic_task_mapping to None, run_after=None
[2026-08-30T23:14:53.402+0330] {processor.py:208} INFO - Processing /home/mmirnezamina/de_final_project/airflowenv/lib/python3.10/site-packages/airflow/example_dags/example_dynamic_task_mapping.py took 0.230 seconds
[2026-08-30T23:15:25.023+0330] {processor.py:186} INFO - Started process (PID=13555) to work on /home/mmirnezamina/de_final_project/airflowenv/lib/python3.10/site-packages/airflow/example_dags/example_dynamic_task_mapping.py
[2026-08-30T23:15:25.031+0330] {processor.py:914} INFO - Processing file /home/mmirnezamina/de_final_project/airflowenv/lib/python3.10/site-packages/airflow/example_dags/example_dynamic_task_mapping.py for tasks to queue
[2026-08-30T23:15:25.036+0330] {logging_mixin.py:190} INFO - [2026-08-30T23:15:25.035+0330] {dagbag.py:588} INFO - Filling up the DagBag from /home/mmirnezamina/de_final_project/airflowenv/lib/python3.10/site-packages/airflow/example_dags/example_dynamic_task_mapping.py
[2026-08-30T23:15:25.094+0330] {processor.py:925} INFO - DAG(s) 'example_dynamic_task_mapping' retrieved from /home/mmirnezamina/de_final_project/airflowenv/lib/python3.10/site-packages/airflow/example_dags/example_dynamic_task_mapping.py
[2026-08-30T23:15:25.242+0330] {logging_mixin.py:190} INFO - [2026-08-30T23:15:25.241+0330] {dag.py:3239} INFO - Sync 1 DAGs
[2026-08-30T23:15:25.360+0330] {logging_mixin.py:190} INFO - [2026-08-30T23:15:25.359+0330] {dag.py:4180} INFO - Setting next_dagrun for example_dynamic_task_mapping to None, run_after=None
[2026-08-30T23:15:25.553+0330] {processor.py:208} INFO - Processing /home/mmirnezamina/de_final_project/airflowenv/lib/python3.10/site-packages/airflow/example_dags/example_dynamic_task_mapping.py took 0.596 seconds
[2026-08-30T23:15:56.190+0330] {processor.py:186} INFO - Started process (PID=13671) to work on /home/mmirnezamina/de_final_project/airflowenv/lib/python3.10/site-packages/airflow/example_dags/example_dynamic_task_mapping.py
[2026-08-30T23:15:56.191+0330] {processor.py:914} INFO - Processing file /home/mmirnezamina/de_final_project/airflowenv/lib/python3.10/site-packages/airflow/example_dags/example_dynamic_task_mapping.py for tasks to queue
[2026-08-30T23:15:56.194+0330] {logging_mixin.py:190} INFO - [2026-08-30T23:15:56.193+0330] {dagbag.py:588} INFO - Filling up the DagBag from /home/mmirnezamina/de_final_project/airflowenv/lib/python3.10/site-packages/airflow/example_dags/example_dynamic_task_mapping.py
[2026-08-30T23:15:56.209+0330] {processor.py:925} INFO - DAG(s) 'example_dynamic_task_mapping' retrieved from /home/mmirnezamina/de_final_project/airflowenv/lib/python3.10/site-packages/airflow/example_dags/example_dynamic_task_mapping.py
[2026-08-30T23:15:56.269+0330] {logging_mixin.py:190} INFO - [2026-08-30T23:15:56.268+0330] {dag.py:3239} INFO - Sync 1 DAGs
[2026-08-30T23:15:56.302+0330] {logging_mixin.py:190} INFO - [2026-08-30T23:15:56.301+0330] {dag.py:4180} INFO - Setting next_dagrun for example_dynamic_task_mapping to None, run_after=None
[2026-08-30T23:15:56.350+0330] {processor.py:208} INFO - Processing /home/mmirnezamina/de_final_project/airflowenv/lib/python3.10/site-packages/airflow/example_dags/example_dynamic_task_mapping.py took 0.179 seconds
[2026-08-30T23:16:26.822+0330] {processor.py:186} INFO - Started process (PID=13791) to work on /home/mmirnezamina/de_final_project/airflowenv/lib/python3.10/site-packages/airflow/example_dags/example_dynamic_task_mapping.py
[2026-08-30T23:16:26.824+0330] {processor.py:914} INFO - Processing file /home/mmirnezamina/de_final_project/airflowenv/lib/python3.10/site-packages/airflow/example_dags/example_dynamic_task_mapping.py for tasks to queue
[2026-08-30T23:16:26.825+0330] {logging_mixin.py:190} INFO - [2026-08-30T23:16:26.825+0330] {dagbag.py:588} INFO - Filling up the DagBag from /home/mmirnezamina/de_final_project/airflowenv/lib/python3.10/site-packages/airflow/example_dags/example_dynamic_task_mapping.py
[2026-08-30T23:16:26.836+0330] {processor.py:925} INFO - DAG(s) 'example_dynamic_task_mapping' retrieved from /home/mmirnezamina/de_final_project/airflowenv/lib/python3.10/site-packages/airflow/example_dags/example_dynamic_task_mapping.py
[2026-08-30T23:16:26.869+0330] {logging_mixin.py:190} INFO - [2026-08-30T23:16:26.869+0330] {dag.py:3239} INFO - Sync 1 DAGs
[2026-08-30T23:16:26.887+0330] {logging_mixin.py:190} INFO - [2026-08-30T23:16:26.887+0330] {dag.py:4180} INFO - Setting next_dagrun for example_dynamic_task_mapping to None, run_after=None
[2026-08-30T23:16:26.918+0330] {processor.py:208} INFO - Processing /home/mmirnezamina/de_final_project/airflowenv/lib/python3.10/site-packages/airflow/example_dags/example_dynamic_task_mapping.py took 0.109 seconds
[2026-08-30T23:16:57.054+0330] {processor.py:186} INFO - Started process (PID=13940) to work on /home/mmirnezamina/de_final_project/airflowenv/lib/python3.10/site-packages/airflow/example_dags/example_dynamic_task_mapping.py
[2026-08-30T23:16:57.055+0330] {processor.py:914} INFO - Processing file /home/mmirnezamina/de_final_project/airflowenv/lib/python3.10/site-packages/airflow/example_dags/example_dynamic_task_mapping.py for tasks to queue
[2026-08-30T23:16:57.056+0330] {logging_mixin.py:190} INFO - [2026-08-30T23:16:57.056+0330] {dagbag.py:588} INFO - Filling up the DagBag from /home/mmirnezamina/de_final_project/airflowenv/lib/python3.10/site-packages/airflow/example_dags/example_dynamic_task_mapping.py
[2026-08-30T23:16:57.066+0330] {processor.py:925} INFO - DAG(s) 'example_dynamic_task_mapping' retrieved from /home/mmirnezamina/de_final_project/airflowenv/lib/python3.10/site-packages/airflow/example_dags/example_dynamic_task_mapping.py
[2026-08-30T23:16:57.105+0330] {logging_mixin.py:190} INFO - [2026-08-30T23:16:57.105+0330] {dag.py:3239} INFO - Sync 1 DAGs
[2026-08-30T23:16:57.126+0330] {logging_mixin.py:190} INFO - [2026-08-30T23:16:57.126+0330] {dag.py:4180} INFO - Setting next_dagrun for example_dynamic_task_mapping to None, run_after=None
[2026-08-30T23:16:57.155+0330] {processor.py:208} INFO - Processing /home/mmirnezamina/de_final_project/airflowenv/lib/python3.10/site-packages/airflow/example_dags/example_dynamic_task_mapping.py took 0.112 seconds
[2026-08-30T23:17:27.750+0330] {processor.py:186} INFO - Started process (PID=14082) to work on /home/mmirnezamina/de_final_project/airflowenv/lib/python3.10/site-packages/airflow/example_dags/example_dynamic_task_mapping.py
[2026-08-30T23:17:27.752+0330] {processor.py:914} INFO - Processing file /home/mmirnezamina/de_final_project/airflowenv/lib/python3.10/site-packages/airflow/example_dags/example_dynamic_task_mapping.py for tasks to queue
[2026-08-30T23:17:27.754+0330] {logging_mixin.py:190} INFO - [2026-08-30T23:17:27.754+0330] {dagbag.py:588} INFO - Filling up the DagBag from /home/mmirnezamina/de_final_project/airflowenv/lib/python3.10/site-packages/airflow/example_dags/example_dynamic_task_mapping.py
[2026-08-30T23:17:27.771+0330] {processor.py:925} INFO - DAG(s) 'example_dynamic_task_mapping' retrieved from /home/mmirnezamina/de_final_project/airflowenv/lib/python3.10/site-packages/airflow/example_dags/example_dynamic_task_mapping.py
[2026-08-30T23:17:27.840+0330] {logging_mixin.py:190} INFO - [2026-08-30T23:17:27.839+0330] {dag.py:3239} INFO - Sync 1 DAGs
[2026-08-30T23:17:27.872+0330] {logging_mixin.py:190} INFO - [2026-08-30T23:17:27.872+0330] {dag.py:4180} INFO - Setting next_dagrun for example_dynamic_task_mapping to None, run_after=None
[2026-08-30T23:17:27.918+0330] {processor.py:208} INFO - Processing /home/mmirnezamina/de_final_project/airflowenv/lib/python3.10/site-packages/airflow/example_dags/example_dynamic_task_mapping.py took 0.183 seconds
[2026-08-30T23:17:58.103+0330] {processor.py:186} INFO - Started process (PID=14202) to work on /home/mmirnezamina/de_final_project/airflowenv/lib/python3.10/site-packages/airflow/example_dags/example_dynamic_task_mapping.py
[2026-08-30T23:17:58.105+0330] {processor.py:914} INFO - Processing file /home/mmirnezamina/de_final_project/airflowenv/lib/python3.10/site-packages/airflow/example_dags/example_dynamic_task_mapping.py for tasks to queue
[2026-08-30T23:17:58.107+0330] {logging_mixin.py:190} INFO - [2026-08-30T23:17:58.106+0330] {dagbag.py:588} INFO - Filling up the DagBag from /home/mmirnezamina/de_final_project/airflowenv/lib/python3.10/site-packages/airflow/example_dags/example_dynamic_task_mapping.py
[2026-08-30T23:17:58.120+0330] {processor.py:925} INFO - DAG(s) 'example_dynamic_task_mapping' retrieved from /home/mmirnezamina/de_final_project/airflowenv/lib/python3.10/site-packages/airflow/example_dags/example_dynamic_task_mapping.py
[2026-08-30T23:17:58.164+0330] {logging_mixin.py:190} INFO - [2026-08-30T23:17:58.163+0330] {dag.py:3239} INFO - Sync 1 DAGs
[2026-08-30T23:17:58.189+0330] {logging_mixin.py:190} INFO - [2026-08-30T23:17:58.188+0330] {dag.py:4180} INFO - Setting next_dagrun for example_dynamic_task_mapping to None, run_after=None
[2026-08-30T23:17:58.226+0330] {processor.py:208} INFO - Processing /home/mmirnezamina/de_final_project/airflowenv/lib/python3.10/site-packages/airflow/example_dags/example_dynamic_task_mapping.py took 0.139 seconds
[2026-08-30T23:18:28.626+0330] {processor.py:186} INFO - Started process (PID=14321) to work on /home/mmirnezamina/de_final_project/airflowenv/lib/python3.10/site-packages/airflow/example_dags/example_dynamic_task_mapping.py
[2026-08-30T23:18:28.627+0330] {processor.py:914} INFO - Processing file /home/mmirnezamina/de_final_project/airflowenv/lib/python3.10/site-packages/airflow/example_dags/example_dynamic_task_mapping.py for tasks to queue
[2026-08-30T23:18:28.629+0330] {logging_mixin.py:190} INFO - [2026-08-30T23:18:28.629+0330] {dagbag.py:588} INFO - Filling up the DagBag from /home/mmirnezamina/de_final_project/airflowenv/lib/python3.10/site-packages/airflow/example_dags/example_dynamic_task_mapping.py
[2026-08-30T23:18:28.646+0330] {processor.py:925} INFO - DAG(s) 'example_dynamic_task_mapping' retrieved from /home/mmirnezamina/de_final_project/airflowenv/lib/python3.10/site-packages/airflow/example_dags/example_dynamic_task_mapping.py
[2026-08-30T23:18:28.690+0330] {logging_mixin.py:190} INFO - [2026-08-30T23:18:28.690+0330] {dag.py:3239} INFO - Sync 1 DAGs
[2026-08-30T23:18:28.718+0330] {logging_mixin.py:190} INFO - [2026-08-30T23:18:28.718+0330] {dag.py:4180} INFO - Setting next_dagrun for example_dynamic_task_mapping to None, run_after=None
[2026-08-30T23:18:28.754+0330] {processor.py:208} INFO - Processing /home/mmirnezamina/de_final_project/airflowenv/lib/python3.10/site-packages/airflow/example_dags/example_dynamic_task_mapping.py took 0.141 seconds
[2026-08-30T23:18:59.058+0330] {processor.py:186} INFO - Started process (PID=14440) to work on /home/mmirnezamina/de_final_project/airflowenv/lib/python3.10/site-packages/airflow/example_dags/example_dynamic_task_mapping.py
[2026-08-30T23:18:59.060+0330] {processor.py:914} INFO - Processing file /home/mmirnezamina/de_final_project/airflowenv/lib/python3.10/site-packages/airflow/example_dags/example_dynamic_task_mapping.py for tasks to queue
[2026-08-30T23:18:59.061+0330] {logging_mixin.py:190} INFO - [2026-08-30T23:18:59.061+0330] {dagbag.py:588} INFO - Filling up the DagBag from /home/mmirnezamina/de_final_project/airflowenv/lib/python3.10/site-packages/airflow/example_dags/example_dynamic_task_mapping.py
[2026-08-30T23:18:59.073+0330] {processor.py:925} INFO - DAG(s) 'example_dynamic_task_mapping' retrieved from /home/mmirnezamina/de_final_project/airflowenv/lib/python3.10/site-packages/airflow/example_dags/example_dynamic_task_mapping.py
[2026-08-30T23:18:59.111+0330] {logging_mixin.py:190} INFO - [2026-08-30T23:18:59.110+0330] {dag.py:3239} INFO - Sync 1 DAGs
[2026-08-30T23:18:59.134+0330] {logging_mixin.py:190} INFO - [2026-08-30T23:18:59.134+0330] {dag.py:4180} INFO - Setting next_dagrun for example_dynamic_task_mapping to None, run_after=None
[2026-08-30T23:18:59.167+0330] {processor.py:208} INFO - Processing /home/mmirnezamina/de_final_project/airflowenv/lib/python3.10/site-packages/airflow/example_dags/example_dynamic_task_mapping.py took 0.124 seconds
[2026-08-30T23:19:29.581+0330] {processor.py:186} INFO - Started process (PID=14558) to work on /home/mmirnezamina/de_final_project/airflowenv/lib/python3.10/site-packages/airflow/example_dags/example_dynamic_task_mapping.py
[2026-08-30T23:19:29.583+0330] {processor.py:914} INFO - Processing file /home/mmirnezamina/de_final_project/airflowenv/lib/python3.10/site-packages/airflow/example_dags/example_dynamic_task_mapping.py for tasks to queue
[2026-08-30T23:19:29.584+0330] {logging_mixin.py:190} INFO - [2026-08-30T23:19:29.584+0330] {dagbag.py:588} INFO - Filling up the DagBag from /home/mmirnezamina/de_final_project/airflowenv/lib/python3.10/site-packages/airflow/example_dags/example_dynamic_task_mapping.py
[2026-08-30T23:19:29.595+0330] {processor.py:925} INFO - DAG(s) 'example_dynamic_task_mapping' retrieved from /home/mmirnezamina/de_final_project/airflowenv/lib/python3.10/site-packages/airflow/example_dags/example_dynamic_task_mapping.py
[2026-08-30T23:19:29.627+0330] {logging_mixin.py:190} INFO - [2026-08-30T23:19:29.627+0330] {dag.py:3239} INFO - Sync 1 DAGs
[2026-08-30T23:19:29.647+0330] {logging_mixin.py:190} INFO - [2026-08-30T23:19:29.646+0330] {dag.py:4180} INFO - Setting next_dagrun for example_dynamic_task_mapping to None, run_after=None
[2026-08-30T23:19:29.676+0330] {processor.py:208} INFO - Processing /home/mmirnezamina/de_final_project/airflowenv/lib/python3.10/site-packages/airflow/example_dags/example_dynamic_task_mapping.py took 0.111 seconds
[2026-08-30T23:20:00.148+0330] {processor.py:186} INFO - Started process (PID=14677) to work on /home/mmirnezamina/de_final_project/airflowenv/lib/python3.10/site-packages/airflow/example_dags/example_dynamic_task_mapping.py
[2026-08-30T23:20:00.149+0330] {processor.py:914} INFO - Processing file /home/mmirnezamina/de_final_project/airflowenv/lib/python3.10/site-packages/airflow/example_dags/example_dynamic_task_mapping.py for tasks to queue
[2026-08-30T23:20:00.150+0330] {logging_mixin.py:190} INFO - [2026-08-30T23:20:00.150+0330] {dagbag.py:588} INFO - Filling up the DagBag from /home/mmirnezamina/de_final_project/airflowenv/lib/python3.10/site-packages/airflow/example_dags/example_dynamic_task_mapping.py
[2026-08-30T23:20:00.160+0330] {processor.py:925} INFO - DAG(s) 'example_dynamic_task_mapping' retrieved from /home/mmirnezamina/de_final_project/airflowenv/lib/python3.10/site-packages/airflow/example_dags/example_dynamic_task_mapping.py
[2026-08-30T23:20:00.189+0330] {logging_mixin.py:190} INFO - [2026-08-30T23:20:00.188+0330] {dag.py:3239} INFO - Sync 1 DAGs
[2026-08-30T23:20:00.204+0330] {logging_mixin.py:190} INFO - [2026-08-30T23:20:00.204+0330] {dag.py:4180} INFO - Setting next_dagrun for example_dynamic_task_mapping to None, run_after=None
[2026-08-30T23:20:00.235+0330] {processor.py:208} INFO - Processing /home/mmirnezamina/de_final_project/airflowenv/lib/python3.10/site-packages/airflow/example_dags/example_dynamic_task_mapping.py took 0.097 seconds
[2026-08-30T23:20:30.649+0330] {processor.py:186} INFO - Started process (PID=14799) to work on /home/mmirnezamina/de_final_project/airflowenv/lib/python3.10/site-packages/airflow/example_dags/example_dynamic_task_mapping.py
[2026-08-30T23:20:30.650+0330] {processor.py:914} INFO - Processing file /home/mmirnezamina/de_final_project/airflowenv/lib/python3.10/site-packages/airflow/example_dags/example_dynamic_task_mapping.py for tasks to queue
[2026-08-30T23:20:30.651+0330] {logging_mixin.py:190} INFO - [2026-08-30T23:20:30.651+0330] {dagbag.py:588} INFO - Filling up the DagBag from /home/mmirnezamina/de_final_project/airflowenv/lib/python3.10/site-packages/airflow/example_dags/example_dynamic_task_mapping.py
[2026-08-30T23:20:30.661+0330] {processor.py:925} INFO - DAG(s) 'example_dynamic_task_mapping' retrieved from /home/mmirnezamina/de_final_project/airflowenv/lib/python3.10/site-packages/airflow/example_dags/example_dynamic_task_mapping.py
[2026-08-30T23:20:30.685+0330] {logging_mixin.py:190} INFO - [2026-08-30T23:20:30.685+0330] {dag.py:3239} INFO - Sync 1 DAGs
[2026-08-30T23:20:30.698+0330] {logging_mixin.py:190} INFO - [2026-08-30T23:20:30.698+0330] {dag.py:4180} INFO - Setting next_dagrun for example_dynamic_task_mapping to None, run_after=None
[2026-08-30T23:20:30.721+0330] {processor.py:208} INFO - Processing /home/mmirnezamina/de_final_project/airflowenv/lib/python3.10/site-packages/airflow/example_dags/example_dynamic_task_mapping.py took 0.082 seconds
[2026-08-30T23:21:01.060+0330] {processor.py:186} INFO - Started process (PID=14918) to work on /home/mmirnezamina/de_final_project/airflowenv/lib/python3.10/site-packages/airflow/example_dags/example_dynamic_task_mapping.py
[2026-08-30T23:21:01.061+0330] {processor.py:914} INFO - Processing file /home/mmirnezamina/de_final_project/airflowenv/lib/python3.10/site-packages/airflow/example_dags/example_dynamic_task_mapping.py for tasks to queue
[2026-08-30T23:21:01.062+0330] {logging_mixin.py:190} INFO - [2026-08-30T23:21:01.062+0330] {dagbag.py:588} INFO - Filling up the DagBag from /home/mmirnezamina/de_final_project/airflowenv/lib/python3.10/site-packages/airflow/example_dags/example_dynamic_task_mapping.py
[2026-08-30T23:21:01.071+0330] {processor.py:925} INFO - DAG(s) 'example_dynamic_task_mapping' retrieved from /home/mmirnezamina/de_final_project/airflowenv/lib/python3.10/site-packages/airflow/example_dags/example_dynamic_task_mapping.py
[2026-08-30T23:21:01.096+0330] {logging_mixin.py:190} INFO - [2026-08-30T23:21:01.095+0330] {dag.py:3239} INFO - Sync 1 DAGs
[2026-08-30T23:21:01.111+0330] {logging_mixin.py:190} INFO - [2026-08-30T23:21:01.111+0330] {dag.py:4180} INFO - Setting next_dagrun for example_dynamic_task_mapping to None, run_after=None
[2026-08-30T23:21:01.134+0330] {processor.py:208} INFO - Processing /home/mmirnezamina/de_final_project/airflowenv/lib/python3.10/site-packages/airflow/example_dags/example_dynamic_task_mapping.py took 0.082 seconds
[2026-08-30T23:21:31.836+0330] {processor.py:186} INFO - Started process (PID=15036) to work on /home/mmirnezamina/de_final_project/airflowenv/lib/python3.10/site-packages/airflow/example_dags/example_dynamic_task_mapping.py
[2026-08-30T23:21:31.837+0330] {processor.py:914} INFO - Processing file /home/mmirnezamina/de_final_project/airflowenv/lib/python3.10/site-packages/airflow/example_dags/example_dynamic_task_mapping.py for tasks to queue
[2026-08-30T23:21:31.838+0330] {logging_mixin.py:190} INFO - [2026-08-30T23:21:31.838+0330] {dagbag.py:588} INFO - Filling up the DagBag from /home/mmirnezamina/de_final_project/airflowenv/lib/python3.10/site-packages/airflow/example_dags/example_dynamic_task_mapping.py
[2026-08-30T23:21:31.846+0330] {processor.py:925} INFO - DAG(s) 'example_dynamic_task_mapping' retrieved from /home/mmirnezamina/de_final_project/airflowenv/lib/python3.10/site-packages/airflow/example_dags/example_dynamic_task_mapping.py
[2026-08-30T23:21:31.871+0330] {logging_mixin.py:190} INFO - [2026-08-30T23:21:31.871+0330] {dag.py:3239} INFO - Sync 1 DAGs
[2026-08-30T23:21:31.885+0330] {logging_mixin.py:190} INFO - [2026-08-30T23:21:31.885+0330] {dag.py:4180} INFO - Setting next_dagrun for example_dynamic_task_mapping to None, run_after=None
[2026-08-30T23:21:31.910+0330] {processor.py:208} INFO - Processing /home/mmirnezamina/de_final_project/airflowenv/lib/python3.10/site-packages/airflow/example_dags/example_dynamic_task_mapping.py took 0.084 seconds
[2026-08-30T23:22:02.841+0330] {processor.py:186} INFO - Started process (PID=15156) to work on /home/mmirnezamina/de_final_project/airflowenv/lib/python3.10/site-packages/airflow/example_dags/example_dynamic_task_mapping.py
[2026-08-30T23:22:02.842+0330] {processor.py:914} INFO - Processing file /home/mmirnezamina/de_final_project/airflowenv/lib/python3.10/site-packages/airflow/example_dags/example_dynamic_task_mapping.py for tasks to queue
[2026-08-30T23:22:02.843+0330] {logging_mixin.py:190} INFO - [2026-08-30T23:22:02.842+0330] {dagbag.py:588} INFO - Filling up the DagBag from /home/mmirnezamina/de_final_project/airflowenv/lib/python3.10/site-packages/airflow/example_dags/example_dynamic_task_mapping.py
[2026-08-30T23:22:02.852+0330] {processor.py:925} INFO - DAG(s) 'example_dynamic_task_mapping' retrieved from /home/mmirnezamina/de_final_project/airflowenv/lib/python3.10/site-packages/airflow/example_dags/example_dynamic_task_mapping.py
[2026-08-30T23:22:02.875+0330] {logging_mixin.py:190} INFO - [2026-08-30T23:22:02.875+0330] {dag.py:3239} INFO - Sync 1 DAGs
[2026-08-30T23:22:02.888+0330] {logging_mixin.py:190} INFO - [2026-08-30T23:22:02.887+0330] {dag.py:4180} INFO - Setting next_dagrun for example_dynamic_task_mapping to None, run_after=None
[2026-08-30T23:22:02.910+0330] {processor.py:208} INFO - Processing /home/mmirnezamina/de_final_project/airflowenv/lib/python3.10/site-packages/airflow/example_dags/example_dynamic_task_mapping.py took 0.076 seconds
[2026-08-30T23:22:33.517+0330] {processor.py:186} INFO - Started process (PID=15274) to work on /home/mmirnezamina/de_final_project/airflowenv/lib/python3.10/site-packages/airflow/example_dags/example_dynamic_task_mapping.py
[2026-08-30T23:22:33.519+0330] {processor.py:914} INFO - Processing file /home/mmirnezamina/de_final_project/airflowenv/lib/python3.10/site-packages/airflow/example_dags/example_dynamic_task_mapping.py for tasks to queue
[2026-08-30T23:22:33.520+0330] {logging_mixin.py:190} INFO - [2026-08-30T23:22:33.520+0330] {dagbag.py:588} INFO - Filling up the DagBag from /home/mmirnezamina/de_final_project/airflowenv/lib/python3.10/site-packages/airflow/example_dags/example_dynamic_task_mapping.py
[2026-08-30T23:22:33.529+0330] {processor.py:925} INFO - DAG(s) 'example_dynamic_task_mapping' retrieved from /home/mmirnezamina/de_final_project/airflowenv/lib/python3.10/site-packages/airflow/example_dags/example_dynamic_task_mapping.py
[2026-08-30T23:22:33.555+0330] {logging_mixin.py:190} INFO - [2026-08-30T23:22:33.555+0330] {dag.py:3239} INFO - Sync 1 DAGs
[2026-08-30T23:22:33.571+0330] {logging_mixin.py:190} INFO - [2026-08-30T23:22:33.570+0330] {dag.py:4180} INFO - Setting next_dagrun for example_dynamic_task_mapping to None, run_after=None
[2026-08-30T23:22:33.600+0330] {processor.py:208} INFO - Processing /home/mmirnezamina/de_final_project/airflowenv/lib/python3.10/site-packages/airflow/example_dags/example_dynamic_task_mapping.py took 0.096 seconds
[2026-08-30T23:23:04.139+0330] {processor.py:186} INFO - Started process (PID=15394) to work on /home/mmirnezamina/de_final_project/airflowenv/lib/python3.10/site-packages/airflow/example_dags/example_dynamic_task_mapping.py
[2026-08-30T23:23:04.143+0330] {processor.py:914} INFO - Processing file /home/mmirnezamina/de_final_project/airflowenv/lib/python3.10/site-packages/airflow/example_dags/example_dynamic_task_mapping.py for tasks to queue
[2026-08-30T23:23:04.152+0330] {logging_mixin.py:190} INFO - [2026-08-30T23:23:04.149+0330] {dagbag.py:588} INFO - Filling up the DagBag from /home/mmirnezamina/de_final_project/airflowenv/lib/python3.10/site-packages/airflow/example_dags/example_dynamic_task_mapping.py
[2026-08-30T23:23:04.205+0330] {processor.py:925} INFO - DAG(s) 'example_dynamic_task_mapping' retrieved from /home/mmirnezamina/de_final_project/airflowenv/lib/python3.10/site-packages/airflow/example_dags/example_dynamic_task_mapping.py
[2026-08-30T23:23:04.313+0330] {logging_mixin.py:190} INFO - [2026-08-30T23:23:04.312+0330] {dag.py:3239} INFO - Sync 1 DAGs
[2026-08-30T23:23:04.394+0330] {logging_mixin.py:190} INFO - [2026-08-30T23:23:04.393+0330] {dag.py:4180} INFO - Setting next_dagrun for example_dynamic_task_mapping to None, run_after=None
[2026-08-30T23:23:04.538+0330] {processor.py:208} INFO - Processing /home/mmirnezamina/de_final_project/airflowenv/lib/python3.10/site-packages/airflow/example_dags/example_dynamic_task_mapping.py took 0.446 seconds
[2026-08-30T23:23:35.359+0330] {processor.py:186} INFO - Started process (PID=15511) to work on /home/mmirnezamina/de_final_project/airflowenv/lib/python3.10/site-packages/airflow/example_dags/example_dynamic_task_mapping.py
[2026-08-30T23:23:35.360+0330] {processor.py:914} INFO - Processing file /home/mmirnezamina/de_final_project/airflowenv/lib/python3.10/site-packages/airflow/example_dags/example_dynamic_task_mapping.py for tasks to queue
[2026-08-30T23:23:35.361+0330] {logging_mixin.py:190} INFO - [2026-08-30T23:23:35.361+0330] {dagbag.py:588} INFO - Filling up the DagBag from /home/mmirnezamina/de_final_project/airflowenv/lib/python3.10/site-packages/airflow/example_dags/example_dynamic_task_mapping.py
[2026-08-30T23:23:35.369+0330] {processor.py:925} INFO - DAG(s) 'example_dynamic_task_mapping' retrieved from /home/mmirnezamina/de_final_project/airflowenv/lib/python3.10/site-packages/airflow/example_dags/example_dynamic_task_mapping.py
[2026-08-30T23:23:35.392+0330] {logging_mixin.py:190} INFO - [2026-08-30T23:23:35.391+0330] {dag.py:3239} INFO - Sync 1 DAGs
[2026-08-30T23:23:35.406+0330] {logging_mixin.py:190} INFO - [2026-08-30T23:23:35.405+0330] {dag.py:4180} INFO - Setting next_dagrun for example_dynamic_task_mapping to None, run_after=None
[2026-08-30T23:23:35.428+0330] {processor.py:208} INFO - Processing /home/mmirnezamina/de_final_project/airflowenv/lib/python3.10/site-packages/airflow/example_dags/example_dynamic_task_mapping.py took 0.077 seconds
[2026-08-30T23:24:05.537+0330] {processor.py:186} INFO - Started process (PID=15631) to work on /home/mmirnezamina/de_final_project/airflowenv/lib/python3.10/site-packages/airflow/example_dags/example_dynamic_task_mapping.py
[2026-08-30T23:24:05.538+0330] {processor.py:914} INFO - Processing file /home/mmirnezamina/de_final_project/airflowenv/lib/python3.10/site-packages/airflow/example_dags/example_dynamic_task_mapping.py for tasks to queue
[2026-08-30T23:24:05.539+0330] {logging_mixin.py:190} INFO - [2026-08-30T23:24:05.539+0330] {dagbag.py:588} INFO - Filling up the DagBag from /home/mmirnezamina/de_final_project/airflowenv/lib/python3.10/site-packages/airflow/example_dags/example_dynamic_task_mapping.py
[2026-08-30T23:24:05.547+0330] {processor.py:925} INFO - DAG(s) 'example_dynamic_task_mapping' retrieved from /home/mmirnezamina/de_final_project/airflowenv/lib/python3.10/site-packages/airflow/example_dags/example_dynamic_task_mapping.py
[2026-08-30T23:24:05.571+0330] {logging_mixin.py:190} INFO - [2026-08-30T23:24:05.570+0330] {dag.py:3239} INFO - Sync 1 DAGs
[2026-08-30T23:24:05.587+0330] {logging_mixin.py:190} INFO - [2026-08-30T23:24:05.587+0330] {dag.py:4180} INFO - Setting next_dagrun for example_dynamic_task_mapping to None, run_after=None
[2026-08-30T23:24:05.606+0330] {processor.py:208} INFO - Processing /home/mmirnezamina/de_final_project/airflowenv/lib/python3.10/site-packages/airflow/example_dags/example_dynamic_task_mapping.py took 0.080 seconds
[2026-08-30T23:24:35.733+0330] {processor.py:186} INFO - Started process (PID=15748) to work on /home/mmirnezamina/de_final_project/airflowenv/lib/python3.10/site-packages/airflow/example_dags/example_dynamic_task_mapping.py
[2026-08-30T23:24:35.734+0330] {processor.py:914} INFO - Processing file /home/mmirnezamina/de_final_project/airflowenv/lib/python3.10/site-packages/airflow/example_dags/example_dynamic_task_mapping.py for tasks to queue
[2026-08-30T23:24:35.735+0330] {logging_mixin.py:190} INFO - [2026-08-30T23:24:35.735+0330] {dagbag.py:588} INFO - Filling up the DagBag from /home/mmirnezamina/de_final_project/airflowenv/lib/python3.10/site-packages/airflow/example_dags/example_dynamic_task_mapping.py
[2026-08-30T23:24:35.745+0330] {processor.py:925} INFO - DAG(s) 'example_dynamic_task_mapping' retrieved from /home/mmirnezamina/de_final_project/airflowenv/lib/python3.10/site-packages/airflow/example_dags/example_dynamic_task_mapping.py
[2026-08-30T23:24:35.776+0330] {logging_mixin.py:190} INFO - [2026-08-30T23:24:35.776+0330] {dag.py:3239} INFO - Sync 1 DAGs
[2026-08-30T23:24:35.795+0330] {logging_mixin.py:190} INFO - [2026-08-30T23:24:35.794+0330] {dag.py:4180} INFO - Setting next_dagrun for example_dynamic_task_mapping to None, run_after=None
[2026-08-30T23:24:35.819+0330] {processor.py:208} INFO - Processing /home/mmirnezamina/de_final_project/airflowenv/lib/python3.10/site-packages/airflow/example_dags/example_dynamic_task_mapping.py took 0.097 seconds
[2026-08-30T23:25:06.167+0330] {processor.py:186} INFO - Started process (PID=15893) to work on /home/mmirnezamina/de_final_project/airflowenv/lib/python3.10/site-packages/airflow/example_dags/example_dynamic_task_mapping.py
[2026-08-30T23:25:06.168+0330] {processor.py:914} INFO - Processing file /home/mmirnezamina/de_final_project/airflowenv/lib/python3.10/site-packages/airflow/example_dags/example_dynamic_task_mapping.py for tasks to queue
[2026-08-30T23:25:06.169+0330] {logging_mixin.py:190} INFO - [2026-08-30T23:25:06.168+0330] {dagbag.py:588} INFO - Filling up the DagBag from /home/mmirnezamina/de_final_project/airflowenv/lib/python3.10/site-packages/airflow/example_dags/example_dynamic_task_mapping.py
[2026-08-30T23:25:06.181+0330] {processor.py:925} INFO - DAG(s) 'example_dynamic_task_mapping' retrieved from /home/mmirnezamina/de_final_project/airflowenv/lib/python3.10/site-packages/airflow/example_dags/example_dynamic_task_mapping.py
[2026-08-30T23:25:06.213+0330] {logging_mixin.py:190} INFO - [2026-08-30T23:25:06.213+0330] {dag.py:3239} INFO - Sync 1 DAGs
[2026-08-30T23:25:06.236+0330] {logging_mixin.py:190} INFO - [2026-08-30T23:25:06.235+0330] {dag.py:4180} INFO - Setting next_dagrun for example_dynamic_task_mapping to None, run_after=None
[2026-08-30T23:25:06.266+0330] {processor.py:208} INFO - Processing /home/mmirnezamina/de_final_project/airflowenv/lib/python3.10/site-packages/airflow/example_dags/example_dynamic_task_mapping.py took 0.113 seconds
[2026-08-30T23:25:36.574+0330] {processor.py:186} INFO - Started process (PID=16032) to work on /home/mmirnezamina/de_final_project/airflowenv/lib/python3.10/site-packages/airflow/example_dags/example_dynamic_task_mapping.py
[2026-08-30T23:25:36.576+0330] {processor.py:914} INFO - Processing file /home/mmirnezamina/de_final_project/airflowenv/lib/python3.10/site-packages/airflow/example_dags/example_dynamic_task_mapping.py for tasks to queue
[2026-08-30T23:25:36.578+0330] {logging_mixin.py:190} INFO - [2026-08-30T23:25:36.578+0330] {dagbag.py:588} INFO - Filling up the DagBag from /home/mmirnezamina/de_final_project/airflowenv/lib/python3.10/site-packages/airflow/example_dags/example_dynamic_task_mapping.py
[2026-08-30T23:25:36.595+0330] {processor.py:925} INFO - DAG(s) 'example_dynamic_task_mapping' retrieved from /home/mmirnezamina/de_final_project/airflowenv/lib/python3.10/site-packages/airflow/example_dags/example_dynamic_task_mapping.py
[2026-08-30T23:25:36.653+0330] {logging_mixin.py:190} INFO - [2026-08-30T23:25:36.653+0330] {dag.py:3239} INFO - Sync 1 DAGs
[2026-08-30T23:25:36.683+0330] {logging_mixin.py:190} INFO - [2026-08-30T23:25:36.683+0330] {dag.py:4180} INFO - Setting next_dagrun for example_dynamic_task_mapping to None, run_after=None
[2026-08-30T23:25:36.721+0330] {processor.py:208} INFO - Processing /home/mmirnezamina/de_final_project/airflowenv/lib/python3.10/site-packages/airflow/example_dags/example_dynamic_task_mapping.py took 0.167 seconds
[2026-08-30T23:26:06.972+0330] {processor.py:186} INFO - Started process (PID=16150) to work on /home/mmirnezamina/de_final_project/airflowenv/lib/python3.10/site-packages/airflow/example_dags/example_dynamic_task_mapping.py
[2026-08-30T23:26:06.974+0330] {processor.py:914} INFO - Processing file /home/mmirnezamina/de_final_project/airflowenv/lib/python3.10/site-packages/airflow/example_dags/example_dynamic_task_mapping.py for tasks to queue
[2026-08-30T23:26:06.975+0330] {logging_mixin.py:190} INFO - [2026-08-30T23:26:06.975+0330] {dagbag.py:588} INFO - Filling up the DagBag from /home/mmirnezamina/de_final_project/airflowenv/lib/python3.10/site-packages/airflow/example_dags/example_dynamic_task_mapping.py
[2026-08-30T23:26:06.986+0330] {processor.py:925} INFO - DAG(s) 'example_dynamic_task_mapping' retrieved from /home/mmirnezamina/de_final_project/airflowenv/lib/python3.10/site-packages/airflow/example_dags/example_dynamic_task_mapping.py
[2026-08-30T23:26:07.056+0330] {logging_mixin.py:190} INFO - [2026-08-30T23:26:07.056+0330] {dag.py:3239} INFO - Sync 1 DAGs
[2026-08-30T23:26:07.080+0330] {logging_mixin.py:190} INFO - [2026-08-30T23:26:07.080+0330] {dag.py:4180} INFO - Setting next_dagrun for example_dynamic_task_mapping to None, run_after=None
[2026-08-30T23:26:07.112+0330] {processor.py:208} INFO - Processing /home/mmirnezamina/de_final_project/airflowenv/lib/python3.10/site-packages/airflow/example_dags/example_dynamic_task_mapping.py took 0.154 seconds
[2026-08-30T23:26:37.306+0330] {processor.py:186} INFO - Started process (PID=16269) to work on /home/mmirnezamina/de_final_project/airflowenv/lib/python3.10/site-packages/airflow/example_dags/example_dynamic_task_mapping.py
[2026-08-30T23:26:37.307+0330] {processor.py:914} INFO - Processing file /home/mmirnezamina/de_final_project/airflowenv/lib/python3.10/site-packages/airflow/example_dags/example_dynamic_task_mapping.py for tasks to queue
[2026-08-30T23:26:37.308+0330] {logging_mixin.py:190} INFO - [2026-08-30T23:26:37.308+0330] {dagbag.py:588} INFO - Filling up the DagBag from /home/mmirnezamina/de_final_project/airflowenv/lib/python3.10/site-packages/airflow/example_dags/example_dynamic_task_mapping.py
[2026-08-30T23:26:37.316+0330] {processor.py:925} INFO - DAG(s) 'example_dynamic_task_mapping' retrieved from /home/mmirnezamina/de_final_project/airflowenv/lib/python3.10/site-packages/airflow/example_dags/example_dynamic_task_mapping.py
[2026-08-30T23:26:37.339+0330] {logging_mixin.py:190} INFO - [2026-08-30T23:26:37.339+0330] {dag.py:3239} INFO - Sync 1 DAGs
[2026-08-30T23:26:37.355+0330] {logging_mixin.py:190} INFO - [2026-08-30T23:26:37.354+0330] {dag.py:4180} INFO - Setting next_dagrun for example_dynamic_task_mapping to None, run_after=None
[2026-08-30T23:26:37.377+0330] {processor.py:208} INFO - Processing /home/mmirnezamina/de_final_project/airflowenv/lib/python3.10/site-packages/airflow/example_dags/example_dynamic_task_mapping.py took 0.079 seconds
[2026-08-30T23:28:29.996+0330] {processor.py:186} INFO - Started process (PID=16497) to work on /home/mmirnezamina/de_final_project/airflowenv/lib/python3.10/site-packages/airflow/example_dags/example_dynamic_task_mapping.py
[2026-08-30T23:28:29.998+0330] {processor.py:914} INFO - Processing file /home/mmirnezamina/de_final_project/airflowenv/lib/python3.10/site-packages/airflow/example_dags/example_dynamic_task_mapping.py for tasks to queue
[2026-08-30T23:28:29.999+0330] {logging_mixin.py:190} INFO - [2026-08-30T23:28:29.999+0330] {dagbag.py:588} INFO - Filling up the DagBag from /home/mmirnezamina/de_final_project/airflowenv/lib/python3.10/site-packages/airflow/example_dags/example_dynamic_task_mapping.py
[2026-08-30T23:28:30.011+0330] {processor.py:925} INFO - DAG(s) 'example_dynamic_task_mapping' retrieved from /home/mmirnezamina/de_final_project/airflowenv/lib/python3.10/site-packages/airflow/example_dags/example_dynamic_task_mapping.py
[2026-08-30T23:28:30.187+0330] {logging_mixin.py:190} INFO - [2026-08-30T23:28:30.187+0330] {override.py:1930} INFO - Created Permission View: can delete on DAG:example_dynamic_task_mapping
[2026-08-30T23:28:30.208+0330] {logging_mixin.py:190} INFO - [2026-08-30T23:28:30.208+0330] {override.py:1930} INFO - Created Permission View: can read on DAG:example_dynamic_task_mapping
[2026-08-30T23:28:30.227+0330] {logging_mixin.py:190} INFO - [2026-08-30T23:28:30.227+0330] {override.py:1930} INFO - Created Permission View: can edit on DAG:example_dynamic_task_mapping
[2026-08-30T23:28:30.261+0330] {logging_mixin.py:190} INFO - [2026-08-30T23:28:30.261+0330] {override.py:1930} INFO - Created Permission View: can create on DAG Run:example_dynamic_task_mapping
[2026-08-30T23:28:30.280+0330] {logging_mixin.py:190} INFO - [2026-08-30T23:28:30.279+0330] {override.py:1930} INFO - Created Permission View: can delete on DAG Run:example_dynamic_task_mapping
[2026-08-30T23:28:30.299+0330] {logging_mixin.py:190} INFO - [2026-08-30T23:28:30.298+0330] {override.py:1930} INFO - Created Permission View: can read on DAG Run:example_dynamic_task_mapping
[2026-08-30T23:28:30.316+0330] {logging_mixin.py:190} INFO - [2026-08-30T23:28:30.316+0330] {override.py:1930} INFO - Created Permission View: menu access on DAG Run:example_dynamic_task_mapping
[2026-08-30T23:28:30.317+0330] {logging_mixin.py:190} INFO - [2026-08-30T23:28:30.317+0330] {dag.py:3239} INFO - Sync 1 DAGs
[2026-08-30T23:28:30.330+0330] {logging_mixin.py:190} INFO - [2026-08-30T23:28:30.329+0330] {dag.py:3262} INFO - Creating ORM DAG for example_dynamic_task_mapping
[2026-08-30T23:28:30.330+0330] {logging_mixin.py:190} INFO - [2026-08-30T23:28:30.330+0330] {dag.py:4180} INFO - Setting next_dagrun for example_dynamic_task_mapping to None, run_after=None
[2026-08-30T23:28:30.357+0330] {processor.py:208} INFO - Processing /home/mmirnezamina/de_final_project/airflowenv/lib/python3.10/site-packages/airflow/example_dags/example_dynamic_task_mapping.py took 0.374 seconds
