[2026-08-30T23:13:35.915+0330] {processor.py:186} INFO - Started process (PID=13130) to work on /home/mmirnezamina/de_final_project/airflowenv/lib/python3.10/site-packages/airflow/example_dags/example_trigger_controller_dag.py
[2026-08-30T23:13:35.919+0330] {processor.py:914} INFO - Processing file /home/mmirnezamina/de_final_project/airflowenv/lib/python3.10/site-packages/airflow/example_dags/example_trigger_controller_dag.py for tasks to queue
[2026-08-30T23:13:35.923+0330] {logging_mixin.py:190} INFO - [2026-08-30T23:13:35.922+0330] {dagbag.py:588} INFO - Filling up the DagBag from /home/mmirnezamina/de_final_project/airflowenv/lib/python3.10/site-packages/airflow/example_dags/example_trigger_controller_dag.py
[2026-08-30T23:13:35.952+0330] {processor.py:925} INFO - DAG(s) 'example_trigger_controller_dag' retrieved from /home/mmirnezamina/de_final_project/airflowenv/lib/python3.10/site-packages/airflow/example_dags/example_trigger_controller_dag.py
[2026-08-30T23:13:36.698+0330] {logging_mixin.py:190} INFO - [2026-08-30T23:13:36.690+0330] {override.py:1930} INFO - Created Permission View: can edit on DAG:example_trigger_controller_dag
[2026-08-30T23:13:36.757+0330] {logging_mixin.py:190} INFO - [2026-08-30T23:13:36.756+0330] {override.py:1930} INFO - Created Permission View: can read on DAG:example_trigger_controller_dag
[2026-08-30T23:13:36.792+0330] {logging_mixin.py:190} INFO - [2026-08-30T23:13:36.791+0330] {override.py:1930} INFO - Created Permission View: can delete on DAG:example_trigger_controller_dag
[2026-08-30T23:13:36.884+0330] {logging_mixin.py:190} INFO - [2026-08-30T23:13:36.883+0330] {override.py:1930} INFO - Created Permission View: menu access on DAG Run:example_trigger_controller_dag
[2026-08-30T23:13:36.927+0330] {logging_mixin.py:190} INFO - [2026-08-30T23:13:36.926+0330] {override.py:1930} INFO - Created Permission View: can create on DAG Run:example_trigger_controller_dag
[2026-08-30T23:13:36.989+0330] {logging_mixin.py:190} INFO - [2026-08-30T23:13:36.981+0330] {override.py:1930} INFO - Created Permission View: can read on DAG Run:example_trigger_controller_dag
[2026-08-30T23:13:37.042+0330] {logging_mixin.py:190} INFO - [2026-08-30T23:13:37.040+0330] {override.py:1930} INFO - Created Permission View: can delete on DAG Run:example_trigger_controller_dag
[2026-08-30T23:13:37.043+0330] {logging_mixin.py:190} INFO - [2026-08-30T23:13:37.042+0330] {dag.py:3239} INFO - Sync 1 DAGs
[2026-08-30T23:13:37.124+0330] {logging_mixin.py:190} INFO - [2026-08-30T23:13:37.123+0330] {dag.py:3262} INFO - Creating ORM DAG for example_trigger_controller_dag
[2026-08-30T23:13:37.163+0330] {logging_mixin.py:190} INFO - [2026-08-30T23:13:37.162+0330] {dag.py:4180} INFO - Setting next_dagrun for example_trigger_controller_dag to 2021-01-01 00:00:00+00:00, run_after=2021-01-01 00:00:00+00:00
[2026-08-30T23:13:37.257+0330] {processor.py:208} INFO - Processing /home/mmirnezamina/de_final_project/airflowenv/lib/python3.10/site-packages/airflow/example_dags/example_trigger_controller_dag.py took 1.432 seconds
[2026-08-30T23:14:07.607+0330] {processor.py:186} INFO - Started process (PID=13259) to work on /home/mmirnezamina/de_final_project/airflowenv/lib/python3.10/site-packages/airflow/example_dags/example_trigger_controller_dag.py
[2026-08-30T23:14:07.608+0330] {processor.py:914} INFO - Processing file /home/mmirnezamina/de_final_project/airflowenv/lib/python3.10/site-packages/airflow/example_dags/example_trigger_controller_dag.py for tasks to queue
[2026-08-30T23:14:07.610+0330] {logging_mixin.py:190} INFO - [2026-08-30T23:14:07.609+0330] {dagbag.py:588} INFO - Filling up the DagBag from /home/mmirnezamina/de_final_project/airflowenv/lib/python3.10/site-packages/airflow/example_dags/example_trigger_controller_dag.py
[2026-08-30T23:14:07.617+0330] {processor.py:925} INFO - DAG(s) 'example_trigger_controller_dag' retrieved from /home/mmirnezamina/de_final_project/airflowenv/lib/python3.10/site-packages/airflow/example_dags/example_trigger_controller_dag.py
[2026-08-30T23:14:07.648+0330] {logging_mixin.py:190} INFO - [2026-08-30T23:14:07.648+0330] {dag.py:3239} INFO - Sync 1 DAGs
[2026-08-30T23:14:07.677+0330] {logging_mixin.py:190} INFO - [2026-08-30T23:14:07.677+0330] {dag.py:4180} INFO - Setting next_dagrun for example_trigger_controller_dag to 2021-01-01 00:00:00+00:00, run_after=2021-01-01 00:00:00+00:00
[2026-08-30T23:14:07.704+0330] {processor.py:208} INFO - Processing /home/mmirnezamina/de_final_project/airflowenv/lib/python3.10/site-packages/airflow/example_dags/example_trigger_controller_dag.py took 0.107 seconds
[2026-08-30T23:14:37.952+0330] {processor.py:186} INFO - Started process (PID=13378) to work on /home/mmirnezamina/de_final_project/airflowenv/lib/python3.10/site-packages/airflow/example_dags/example_trigger_controller_dag.py
[2026-08-30T23:14:37.953+0330] {processor.py:914} INFO - Processing file /home/mmirnezamina/de_final_project/airflowenv/lib/python3.10/site-packages/airflow/example_dags/example_trigger_controller_dag.py for tasks to queue
[2026-08-30T23:14:37.955+0330] {logging_mixin.py:190} INFO - [2026-08-30T23:14:37.955+0330] {dagbag.py:588} INFO - Filling up the DagBag from /home/mmirnezamina/de_final_project/airflowenv/lib/python3.10/site-packages/airflow/example_dags/example_trigger_controller_dag.py
[2026-08-30T23:14:37.964+0330] {processor.py:925} INFO - DAG(s) 'example_trigger_controller_dag' retrieved from /home/mmirnezamina/de_final_project/airflowenv/lib/python3.10/site-packages/airflow/example_dags/example_trigger_controller_dag.py
[2026-08-30T23:14:37.998+0330] {logging_mixin.py:190} INFO - [2026-08-30T23:14:37.998+0330] {dag.py:3239} INFO - Sync 1 DAGs
[2026-08-30T23:14:38.031+0330] {logging_mixin.py:190} INFO - [2026-08-30T23:14:38.030+0330] {dag.py:4180} INFO - Setting next_dagrun for example_trigger_controller_dag to 2021-01-01 00:00:00+00:00, run_after=2021-01-01 00:00:00+00:00
[2026-08-30T23:14:38.063+0330] {processor.py:208} INFO - Processing /home/mmirnezamina/de_final_project/airflowenv/lib/python3.10/site-packages/airflow/example_dags/example_trigger_controller_dag.py took 0.122 seconds
[2026-08-30T23:15:08.441+0330] {processor.py:186} INFO - Started process (PID=13497) to work on /home/mmirnezamina/de_final_project/airflowenv/lib/python3.10/site-packages/airflow/example_dags/example_trigger_controller_dag.py
[2026-08-30T23:15:08.443+0330] {processor.py:914} INFO - Processing file /home/mmirnezamina/de_final_project/airflowenv/lib/python3.10/site-packages/airflow/example_dags/example_trigger_controller_dag.py for tasks to queue
[2026-08-30T23:15:08.444+0330] {logging_mixin.py:190} INFO - [2026-08-30T23:15:08.444+0330] {dagbag.py:588} INFO - Filling up the DagBag from /home/mmirnezamina/de_final_project/airflowenv/lib/python3.10/site-packages/airflow/example_dags/example_trigger_controller_dag.py
[2026-08-30T23:15:08.449+0330] {processor.py:925} INFO - DAG(s) 'example_trigger_controller_dag' retrieved from /home/mmirnezamina/de_final_project/airflowenv/lib/python3.10/site-packages/airflow/example_dags/example_trigger_controller_dag.py
[2026-08-30T23:15:08.473+0330] {logging_mixin.py:190} INFO - [2026-08-30T23:15:08.473+0330] {dag.py:3239} INFO - Sync 1 DAGs
[2026-08-30T23:15:08.494+0330] {logging_mixin.py:190} INFO - [2026-08-30T23:15:08.494+0330] {dag.py:4180} INFO - Setting next_dagrun for example_trigger_controller_dag to 2021-01-01 00:00:00+00:00, run_after=2021-01-01 00:00:00+00:00
[2026-08-30T23:15:08.515+0330] {processor.py:208} INFO - Processing /home/mmirnezamina/de_final_project/airflowenv/lib/python3.10/site-packages/airflow/example_dags/example_trigger_controller_dag.py took 0.081 seconds
[2026-08-30T23:15:39.190+0330] {processor.py:186} INFO - Started process (PID=13616) to work on /home/mmirnezamina/de_final_project/airflowenv/lib/python3.10/site-packages/airflow/example_dags/example_trigger_controller_dag.py
[2026-08-30T23:15:39.192+0330] {processor.py:914} INFO - Processing file /home/mmirnezamina/de_final_project/airflowenv/lib/python3.10/site-packages/airflow/example_dags/example_trigger_controller_dag.py for tasks to queue
[2026-08-30T23:15:39.193+0330] {logging_mixin.py:190} INFO - [2026-08-30T23:15:39.193+0330] {dagbag.py:588} INFO - Filling up the DagBag from /home/mmirnezamina/de_final_project/airflowenv/lib/python3.10/site-packages/airflow/example_dags/example_trigger_controller_dag.py
[2026-08-30T23:15:39.201+0330] {processor.py:925} INFO - DAG(s) 'example_trigger_controller_dag' retrieved from /home/mmirnezamina/de_final_project/airflowenv/lib/python3.10/site-packages/airflow/example_dags/example_trigger_controller_dag.py
[2026-08-30T23:15:39.234+0330] {logging_mixin.py:190} INFO - [2026-08-30T23:15:39.234+0330] {dag.py:3239} INFO - Sync 1 DAGs
[2026-08-30T23:15:39.264+0330] {logging_mixin.py:190} INFO - [2026-08-30T23:15:39.264+0330] {dag.py:4180} INFO - Setting next_dagrun for example_trigger_controller_dag to 2021-01-01 00:00:00+00:00, run_after=2021-01-01 00:00:00+00:00
[2026-08-30T23:15:39.294+0330] {processor.py:208} INFO - Processing /home/mmirnezamina/de_final_project/airflowenv/lib/python3.10/site-packages/airflow/example_dags/example_trigger_controller_dag.py took 0.117 seconds
[2026-08-30T23:16:09.568+0330] {processor.py:186} INFO - Started process (PID=13734) to work on /home/mmirnezamina/de_final_project/airflowenv/lib/python3.10/site-packages/airflow/example_dags/example_trigger_controller_dag.py
[2026-08-30T23:16:09.570+0330] {processor.py:914} INFO - Processing file /home/mmirnezamina/de_final_project/airflowenv/lib/python3.10/site-packages/airflow/example_dags/example_trigger_controller_dag.py for tasks to queue
[2026-08-30T23:16:09.572+0330] {logging_mixin.py:190} INFO - [2026-08-30T23:16:09.571+0330] {dagbag.py:588} INFO - Filling up the DagBag from /home/mmirnezamina/de_final_project/airflowenv/lib/python3.10/site-packages/airflow/example_dags/example_trigger_controller_dag.py
[2026-08-30T23:16:09.580+0330] {processor.py:925} INFO - DAG(s) 'example_trigger_controller_dag' retrieved from /home/mmirnezamina/de_final_project/airflowenv/lib/python3.10/site-packages/airflow/example_dags/example_trigger_controller_dag.py
[2026-08-30T23:16:09.614+0330] {logging_mixin.py:190} INFO - [2026-08-30T23:16:09.614+0330] {dag.py:3239} INFO - Sync 1 DAGs
[2026-08-30T23:16:09.656+0330] {logging_mixin.py:190} INFO - [2026-08-30T23:16:09.656+0330] {dag.py:4180} INFO - Setting next_dagrun for example_trigger_controller_dag to 2021-01-01 00:00:00+00:00, run_after=2021-01-01 00:00:00+00:00
[2026-08-30T23:16:09.684+0330] {processor.py:208} INFO - Processing /home/mmirnezamina/de_final_project/airflowenv/lib/python3.10/site-packages/airflow/example_dags/example_trigger_controller_dag.py took 0.130 seconds
[2026-08-30T23:16:39.776+0330] {processor.py:186} INFO - Started process (PID=13853) to work on /home/mmirnezamina/de_final_project/airflowenv/lib/python3.10/site-packages/airflow/example_dags/example_trigger_controller_dag.py
[2026-08-30T23:16:39.777+0330] {processor.py:914} INFO - Processing file /home/mmirnezamina/de_final_project/airflowenv/lib/python3.10/site-packages/airflow/example_dags/example_trigger_controller_dag.py for tasks to queue
[2026-08-30T23:16:39.778+0330] {logging_mixin.py:190} INFO - [2026-08-30T23:16:39.778+0330] {dagbag.py:588} INFO - Filling up the DagBag from /home/mmirnezamina/de_final_project/airflowenv/lib/python3.10/site-packages/airflow/example_dags/example_trigger_controller_dag.py
[2026-08-30T23:16:39.785+0330] {processor.py:925} INFO - DAG(s) 'example_trigger_controller_dag' retrieved from /home/mmirnezamina/de_final_project/airflowenv/lib/python3.10/site-packages/airflow/example_dags/example_trigger_controller_dag.py
[2026-08-30T23:16:39.813+0330] {logging_mixin.py:190} INFO - [2026-08-30T23:16:39.812+0330] {dag.py:3239} INFO - Sync 1 DAGs
[2026-08-30T23:16:39.836+0330] {logging_mixin.py:190} INFO - [2026-08-30T23:16:39.836+0330] {dag.py:4180} INFO - Setting next_dagrun for example_trigger_controller_dag to 2021-01-01 00:00:00+00:00, run_after=2021-01-01 00:00:00+00:00
[2026-08-30T23:16:39.860+0330] {processor.py:208} INFO - Processing /home/mmirnezamina/de_final_project/airflowenv/lib/python3.10/site-packages/airflow/example_dags/example_trigger_controller_dag.py took 0.092 seconds
[2026-08-30T23:17:10.010+0330] {processor.py:186} INFO - Started process (PID=14017) to work on /home/mmirnezamina/de_final_project/airflowenv/lib/python3.10/site-packages/airflow/example_dags/example_trigger_controller_dag.py
[2026-08-30T23:17:10.011+0330] {processor.py:914} INFO - Processing file /home/mmirnezamina/de_final_project/airflowenv/lib/python3.10/site-packages/airflow/example_dags/example_trigger_controller_dag.py for tasks to queue
[2026-08-30T23:17:10.012+0330] {logging_mixin.py:190} INFO - [2026-08-30T23:17:10.012+0330] {dagbag.py:588} INFO - Filling up the DagBag from /home/mmirnezamina/de_final_project/airflowenv/lib/python3.10/site-packages/airflow/example_dags/example_trigger_controller_dag.py
[2026-08-30T23:17:10.019+0330] {processor.py:925} INFO - DAG(s) 'example_trigger_controller_dag' retrieved from /home/mmirnezamina/de_final_project/airflowenv/lib/python3.10/site-packages/airflow/example_dags/example_trigger_controller_dag.py
[2026-08-30T23:17:10.046+0330] {logging_mixin.py:190} INFO - [2026-08-30T23:17:10.046+0330] {dag.py:3239} INFO - Sync 1 DAGs
[2026-08-30T23:17:10.074+0330] {logging_mixin.py:190} INFO - [2026-08-30T23:17:10.073+0330] {dag.py:4180} INFO - Setting next_dagrun for example_trigger_controller_dag to 2021-01-01 00:00:00+00:00, run_after=2021-01-01 00:00:00+00:00
[2026-08-30T23:17:10.109+0330] {processor.py:208} INFO - Processing /home/mmirnezamina/de_final_project/airflowenv/lib/python3.10/site-packages/airflow/example_dags/example_trigger_controller_dag.py took 0.108 seconds
[2026-08-30T23:17:41.236+0330] {processor.py:186} INFO - Started process (PID=14147) to work on /home/mmirnezamina/de_final_project/airflowenv/lib/python3.10/site-packages/airflow/example_dags/example_trigger_controller_dag.py
[2026-08-30T23:17:41.241+0330] {processor.py:914} INFO - Processing file /home/mmirnezamina/de_final_project/airflowenv/lib/python3.10/site-packages/airflow/example_dags/example_trigger_controller_dag.py for tasks to queue
[2026-08-30T23:17:41.247+0330] {logging_mixin.py:190} INFO - [2026-08-30T23:17:41.246+0330] {dagbag.py:588} INFO - Filling up the DagBag from /home/mmirnezamina/de_final_project/airflowenv/lib/python3.10/site-packages/airflow/example_dags/example_trigger_controller_dag.py
[2026-08-30T23:17:41.274+0330] {processor.py:925} INFO - DAG(s) 'example_trigger_controller_dag' retrieved from /home/mmirnezamina/de_final_project/airflowenv/lib/python3.10/site-packages/airflow/example_dags/example_trigger_controller_dag.py
[2026-08-30T23:17:41.368+0330] {logging_mixin.py:190} INFO - [2026-08-30T23:17:41.367+0330] {dag.py:3239} INFO - Sync 1 DAGs
[2026-08-30T23:17:41.488+0330] {logging_mixin.py:190} INFO - [2026-08-30T23:17:41.487+0330] {dag.py:4180} INFO - Setting next_dagrun for example_trigger_controller_dag to 2021-01-01 00:00:00+00:00, run_after=2021-01-01 00:00:00+00:00
[2026-08-30T23:17:41.589+0330] {processor.py:208} INFO - Processing /home/mmirnezamina/de_final_project/airflowenv/lib/python3.10/site-packages/airflow/example_dags/example_trigger_controller_dag.py took 0.391 seconds
[2026-08-30T23:18:11.674+0330] {processor.py:186} INFO - Started process (PID=14265) to work on /home/mmirnezamina/de_final_project/airflowenv/lib/python3.10/site-packages/airflow/example_dags/example_trigger_controller_dag.py
[2026-08-30T23:18:11.677+0330] {processor.py:914} INFO - Processing file /home/mmirnezamina/de_final_project/airflowenv/lib/python3.10/site-packages/airflow/example_dags/example_trigger_controller_dag.py for tasks to queue
[2026-08-30T23:18:11.680+0330] {logging_mixin.py:190} INFO - [2026-08-30T23:18:11.679+0330] {dagbag.py:588} INFO - Filling up the DagBag from /home/mmirnezamina/de_final_project/airflowenv/lib/python3.10/site-packages/airflow/example_dags/example_trigger_controller_dag.py
[2026-08-30T23:18:11.698+0330] {processor.py:925} INFO - DAG(s) 'example_trigger_controller_dag' retrieved from /home/mmirnezamina/de_final_project/airflowenv/lib/python3.10/site-packages/airflow/example_dags/example_trigger_controller_dag.py
[2026-08-30T23:18:11.758+0330] {logging_mixin.py:190} INFO - [2026-08-30T23:18:11.758+0330] {dag.py:3239} INFO - Sync 1 DAGs
[2026-08-30T23:18:11.808+0330] {logging_mixin.py:190} INFO - [2026-08-30T23:18:11.808+0330] {dag.py:4180} INFO - Setting next_dagrun for example_trigger_controller_dag to 2021-01-01 00:00:00+00:00, run_after=2021-01-01 00:00:00+00:00
[2026-08-30T23:18:11.849+0330] {processor.py:208} INFO - Processing /home/mmirnezamina/de_final_project/airflowenv/lib/python3.10/site-packages/airflow/example_dags/example_trigger_controller_dag.py took 0.197 seconds
[2026-08-30T23:18:42.127+0330] {processor.py:186} INFO - Started process (PID=14383) to work on /home/mmirnezamina/de_final_project/airflowenv/lib/python3.10/site-packages/airflow/example_dags/example_trigger_controller_dag.py
[2026-08-30T23:18:42.128+0330] {processor.py:914} INFO - Processing file /home/mmirnezamina/de_final_project/airflowenv/lib/python3.10/site-packages/airflow/example_dags/example_trigger_controller_dag.py for tasks to queue
[2026-08-30T23:18:42.130+0330] {logging_mixin.py:190} INFO - [2026-08-30T23:18:42.129+0330] {dagbag.py:588} INFO - Filling up the DagBag from /home/mmirnezamina/de_final_project/airflowenv/lib/python3.10/site-packages/airflow/example_dags/example_trigger_controller_dag.py
[2026-08-30T23:18:42.187+0330] {processor.py:925} INFO - DAG(s) 'example_trigger_controller_dag' retrieved from /home/mmirnezamina/de_final_project/airflowenv/lib/python3.10/site-packages/airflow/example_dags/example_trigger_controller_dag.py
[2026-08-30T23:18:42.247+0330] {logging_mixin.py:190} INFO - [2026-08-30T23:18:42.246+0330] {dag.py:3239} INFO - Sync 1 DAGs
[2026-08-30T23:18:42.553+0330] {logging_mixin.py:190} INFO - [2026-08-30T23:18:42.553+0330] {dag.py:4180} INFO - Setting next_dagrun for example_trigger_controller_dag to 2021-01-01 00:00:00+00:00, run_after=2021-01-01 00:00:00+00:00
[2026-08-30T23:18:42.584+0330] {processor.py:208} INFO - Processing /home/mmirnezamina/de_final_project/airflowenv/lib/python3.10/site-packages/airflow/example_dags/example_trigger_controller_dag.py took 0.469 seconds
[2026-08-30T23:19:12.863+0330] {processor.py:186} INFO - Started process (PID=14502) to work on /home/mmirnezamina/de_final_project/airflowenv/lib/python3.10/site-packages/airflow/example_dags/example_trigger_controller_dag.py
[2026-08-30T23:19:12.865+0330] {processor.py:914} INFO - Processing file /home/mmirnezamina/de_final_project/airflowenv/lib/python3.10/site-packages/airflow/example_dags/example_trigger_controller_dag.py for tasks to queue
[2026-08-30T23:19:12.867+0330] {logging_mixin.py:190} INFO - [2026-08-30T23:19:12.867+0330] {dagbag.py:588} INFO - Filling up the DagBag from /home/mmirnezamina/de_final_project/airflowenv/lib/python3.10/site-packages/airflow/example_dags/example_trigger_controller_dag.py
[2026-08-30T23:19:12.879+0330] {processor.py:925} INFO - DAG(s) 'example_trigger_controller_dag' retrieved from /home/mmirnezamina/de_final_project/airflowenv/lib/python3.10/site-packages/airflow/example_dags/example_trigger_controller_dag.py
[2026-08-30T23:19:12.921+0330] {logging_mixin.py:190} INFO - [2026-08-30T23:19:12.920+0330] {dag.py:3239} INFO - Sync 1 DAGs
[2026-08-30T23:19:12.958+0330] {logging_mixin.py:190} INFO - [2026-08-30T23:19:12.958+0330] {dag.py:4180} INFO - Setting next_dagrun for example_trigger_controller_dag to 2021-01-01 00:00:00+00:00, run_after=2021-01-01 00:00:00+00:00
[2026-08-30T23:19:13.010+0330] {processor.py:208} INFO - Processing /home/mmirnezamina/de_final_project/airflowenv/lib/python3.10/site-packages/airflow/example_dags/example_trigger_controller_dag.py took 0.159 seconds
[2026-08-30T23:19:43.903+0330] {processor.py:186} INFO - Started process (PID=14620) to work on /home/mmirnezamina/de_final_project/airflowenv/lib/python3.10/site-packages/airflow/example_dags/example_trigger_controller_dag.py
[2026-08-30T23:19:43.907+0330] {processor.py:914} INFO - Processing file /home/mmirnezamina/de_final_project/airflowenv/lib/python3.10/site-packages/airflow/example_dags/example_trigger_controller_dag.py for tasks to queue
[2026-08-30T23:19:43.912+0330] {logging_mixin.py:190} INFO - [2026-08-30T23:19:43.911+0330] {dagbag.py:588} INFO - Filling up the DagBag from /home/mmirnezamina/de_final_project/airflowenv/lib/python3.10/site-packages/airflow/example_dags/example_trigger_controller_dag.py
[2026-08-30T23:19:43.934+0330] {processor.py:925} INFO - DAG(s) 'example_trigger_controller_dag' retrieved from /home/mmirnezamina/de_final_project/airflowenv/lib/python3.10/site-packages/airflow/example_dags/example_trigger_controller_dag.py
[2026-08-30T23:19:44.013+0330] {logging_mixin.py:190} INFO - [2026-08-30T23:19:44.012+0330] {dag.py:3239} INFO - Sync 1 DAGs
[2026-08-30T23:19:44.071+0330] {logging_mixin.py:190} INFO - [2026-08-30T23:19:44.071+0330] {dag.py:4180} INFO - Setting next_dagrun for example_trigger_controller_dag to 2021-01-01 00:00:00+00:00, run_after=2021-01-01 00:00:00+00:00
[2026-08-30T23:19:44.122+0330] {processor.py:208} INFO - Processing /home/mmirnezamina/de_final_project/airflowenv/lib/python3.10/site-packages/airflow/example_dags/example_trigger_controller_dag.py took 0.259 seconds
[2026-08-30T23:20:14.922+0330] {processor.py:186} INFO - Started process (PID=14742) to work on /home/mmirnezamina/de_final_project/airflowenv/lib/python3.10/site-packages/airflow/example_dags/example_trigger_controller_dag.py
[2026-08-30T23:20:14.926+0330] {processor.py:914} INFO - Processing file /home/mmirnezamina/de_final_project/airflowenv/lib/python3.10/site-packages/airflow/example_dags/example_trigger_controller_dag.py for tasks to queue
[2026-08-30T23:20:14.930+0330] {logging_mixin.py:190} INFO - [2026-08-30T23:20:14.929+0330] {dagbag.py:588} INFO - Filling up the DagBag from /home/mmirnezamina/de_final_project/airflowenv/lib/python3.10/site-packages/airflow/example_dags/example_trigger_controller_dag.py
[2026-08-30T23:20:14.954+0330] {processor.py:925} INFO - DAG(s) 'example_trigger_controller_dag' retrieved from /home/mmirnezamina/de_final_project/airflowenv/lib/python3.10/site-packages/airflow/example_dags/example_trigger_controller_dag.py
[2026-08-30T23:20:15.051+0330] {logging_mixin.py:190} INFO - [2026-08-30T23:20:15.050+0330] {dag.py:3239} INFO - Sync 1 DAGs
[2026-08-30T23:20:15.129+0330] {logging_mixin.py:190} INFO - [2026-08-30T23:20:15.128+0330] {dag.py:4180} INFO - Setting next_dagrun for example_trigger_controller_dag to 2021-01-01 00:00:00+00:00, run_after=2021-01-01 00:00:00+00:00
[2026-08-30T23:20:15.197+0330] {processor.py:208} INFO - Processing /home/mmirnezamina/de_final_project/airflowenv/lib/python3.10/site-packages/airflow/example_dags/example_trigger_controller_dag.py took 0.310 seconds
[2026-08-30T23:20:45.454+0330] {processor.py:186} INFO - Started process (PID=14861) to work on /home/mmirnezamina/de_final_project/airflowenv/lib/python3.10/site-packages/airflow/example_dags/example_trigger_controller_dag.py
[2026-08-30T23:20:45.455+0330] {processor.py:914} INFO - Processing file /home/mmirnezamina/de_final_project/airflowenv/lib/python3.10/site-packages/airflow/example_dags/example_trigger_controller_dag.py for tasks to queue
[2026-08-30T23:20:45.456+0330] {logging_mixin.py:190} INFO - [2026-08-30T23:20:45.456+0330] {dagbag.py:588} INFO - Filling up the DagBag from /home/mmirnezamina/de_final_project/airflowenv/lib/python3.10/site-packages/airflow/example_dags/example_trigger_controller_dag.py
[2026-08-30T23:20:45.463+0330] {processor.py:925} INFO - DAG(s) 'example_trigger_controller_dag' retrieved from /home/mmirnezamina/de_final_project/airflowenv/lib/python3.10/site-packages/airflow/example_dags/example_trigger_controller_dag.py
[2026-08-30T23:20:45.493+0330] {logging_mixin.py:190} INFO - [2026-08-30T23:20:45.493+0330] {dag.py:3239} INFO - Sync 1 DAGs
[2026-08-30T23:20:45.519+0330] {logging_mixin.py:190} INFO - [2026-08-30T23:20:45.519+0330] {dag.py:4180} INFO - Setting next_dagrun for example_trigger_controller_dag to 2021-01-01 00:00:00+00:00, run_after=2021-01-01 00:00:00+00:00
[2026-08-30T23:20:45.547+0330] {processor.py:208} INFO - Processing /home/mmirnezamina/de_final_project/airflowenv/lib/python3.10/site-packages/airflow/example_dags/example_trigger_controller_dag.py took 0.103 seconds
[2026-08-30T23:21:16.151+0330] {processor.py:186} INFO - Started process (PID=14981) to work on /home/mmirnezamina/de_final_project/airflowenv/lib/python3.10/site-packages/airflow/example_dags/example_trigger_controller_dag.py
[2026-08-30T23:21:16.153+0330] {processor.py:914} INFO - Processing file /home/mmirnezamina/de_final_project/airflowenv/lib/python3.10/site-packages/airflow/example_dags/example_trigger_controller_dag.py for tasks to queue
[2026-08-30T23:21:16.155+0330] {logging_mixin.py:190} INFO - [2026-08-30T23:21:16.154+0330] {dagbag.py:588} INFO - Filling up the DagBag from /home/mmirnezamina/de_final_project/airflowenv/lib/python3.10/site-packages/airflow/example_dags/example_trigger_controller_dag.py
[2026-08-30T23:21:16.165+0330] {processor.py:925} INFO - DAG(s) 'example_trigger_controller_dag' retrieved from /home/mmirnezamina/de_final_project/airflowenv/lib/python3.10/site-packages/airflow/example_dags/example_trigger_controller_dag.py
[2026-08-30T23:21:16.200+0330] {logging_mixin.py:190} INFO - [2026-08-30T23:21:16.200+0330] {dag.py:3239} INFO - Sync 1 DAGs
[2026-08-30T23:21:16.241+0330] {logging_mixin.py:190} INFO - [2026-08-30T23:21:16.241+0330] {dag.py:4180} INFO - Setting next_dagrun for example_trigger_controller_dag to 2021-01-01 00:00:00+00:00, run_after=2021-01-01 00:00:00+00:00
[2026-08-30T23:21:16.279+0330] {processor.py:208} INFO - Processing /home/mmirnezamina/de_final_project/airflowenv/lib/python3.10/site-packages/airflow/example_dags/example_trigger_controller_dag.py took 0.141 seconds
[2026-08-30T23:21:46.487+0330] {processor.py:186} INFO - Started process (PID=15098) to work on /home/mmirnezamina/de_final_project/airflowenv/lib/python3.10/site-packages/airflow/example_dags/example_trigger_controller_dag.py
[2026-08-30T23:21:46.488+0330] {processor.py:914} INFO - Processing file /home/mmirnezamina/de_final_project/airflowenv/lib/python3.10/site-packages/airflow/example_dags/example_trigger_controller_dag.py for tasks to queue
[2026-08-30T23:21:46.490+0330] {logging_mixin.py:190} INFO - [2026-08-30T23:21:46.490+0330] {dagbag.py:588} INFO - Filling up the DagBag from /home/mmirnezamina/de_final_project/airflowenv/lib/python3.10/site-packages/airflow/example_dags/example_trigger_controller_dag.py
[2026-08-30T23:21:46.500+0330] {processor.py:925} INFO - DAG(s) 'example_trigger_controller_dag' retrieved from /home/mmirnezamina/de_final_project/airflowenv/lib/python3.10/site-packages/airflow/example_dags/example_trigger_controller_dag.py
[2026-08-30T23:21:46.539+0330] {logging_mixin.py:190} INFO - [2026-08-30T23:21:46.538+0330] {dag.py:3239} INFO - Sync 1 DAGs
[2026-08-30T23:21:46.575+0330] {logging_mixin.py:190} INFO - [2026-08-30T23:21:46.575+0330] {dag.py:4180} INFO - Setting next_dagrun for example_trigger_controller_dag to 2021-01-01 00:00:00+00:00, run_after=2021-01-01 00:00:00+00:00
[2026-08-30T23:21:46.602+0330] {processor.py:208} INFO - Processing /home/mmirnezamina/de_final_project/airflowenv/lib/python3.10/site-packages/airflow/example_dags/example_trigger_controller_dag.py took 0.127 seconds
[2026-08-30T23:22:16.914+0330] {processor.py:186} INFO - Started process (PID=15219) to work on /home/mmirnezamina/de_final_project/airflowenv/lib/python3.10/site-packages/airflow/example_dags/example_trigger_controller_dag.py
[2026-08-30T23:22:16.917+0330] {processor.py:914} INFO - Processing file /home/mmirnezamina/de_final_project/airflowenv/lib/python3.10/site-packages/airflow/example_dags/example_trigger_controller_dag.py for tasks to queue
[2026-08-30T23:22:16.919+0330] {logging_mixin.py:190} INFO - [2026-08-30T23:22:16.918+0330] {dagbag.py:588} INFO - Filling up the DagBag from /home/mmirnezamina/de_final_project/airflowenv/lib/python3.10/site-packages/airflow/example_dags/example_trigger_controller_dag.py
[2026-08-30T23:22:16.930+0330] {processor.py:925} INFO - DAG(s) 'example_trigger_controller_dag' retrieved from /home/mmirnezamina/de_final_project/airflowenv/lib/python3.10/site-packages/airflow/example_dags/example_trigger_controller_dag.py
[2026-08-30T23:22:16.988+0330] {logging_mixin.py:190} INFO - [2026-08-30T23:22:16.987+0330] {dag.py:3239} INFO - Sync 1 DAGs
[2026-08-30T23:22:17.049+0330] {logging_mixin.py:190} INFO - [2026-08-30T23:22:17.048+0330] {dag.py:4180} INFO - Setting next_dagrun for example_trigger_controller_dag to 2021-01-01 00:00:00+00:00, run_after=2021-01-01 00:00:00+00:00
[2026-08-30T23:22:17.098+0330] {processor.py:208} INFO - Processing /home/mmirnezamina/de_final_project/airflowenv/lib/python3.10/site-packages/airflow/example_dags/example_trigger_controller_dag.py took 0.198 seconds
[2026-08-30T23:22:47.899+0330] {processor.py:186} INFO - Started process (PID=15336) to work on /home/mmirnezamina/de_final_project/airflowenv/lib/python3.10/site-packages/airflow/example_dags/example_trigger_controller_dag.py
[2026-08-30T23:22:47.902+0330] {processor.py:914} INFO - Processing file /home/mmirnezamina/de_final_project/airflowenv/lib/python3.10/site-packages/airflow/example_dags/example_trigger_controller_dag.py for tasks to queue
[2026-08-30T23:22:47.906+0330] {logging_mixin.py:190} INFO - [2026-08-30T23:22:47.905+0330] {dagbag.py:588} INFO - Filling up the DagBag from /home/mmirnezamina/de_final_project/airflowenv/lib/python3.10/site-packages/airflow/example_dags/example_trigger_controller_dag.py
[2026-08-30T23:22:47.926+0330] {processor.py:925} INFO - DAG(s) 'example_trigger_controller_dag' retrieved from /home/mmirnezamina/de_final_project/airflowenv/lib/python3.10/site-packages/airflow/example_dags/example_trigger_controller_dag.py
[2026-08-30T23:22:48.001+0330] {logging_mixin.py:190} INFO - [2026-08-30T23:22:48.000+0330] {dag.py:3239} INFO - Sync 1 DAGs
[2026-08-30T23:22:48.077+0330] {logging_mixin.py:190} INFO - [2026-08-30T23:22:48.076+0330] {dag.py:4180} INFO - Setting next_dagrun for example_trigger_controller_dag to 2021-01-01 00:00:00+00:00, run_after=2021-01-01 00:00:00+00:00
[2026-08-30T23:22:48.134+0330] {processor.py:208} INFO - Processing /home/mmirnezamina/de_final_project/airflowenv/lib/python3.10/site-packages/airflow/example_dags/example_trigger_controller_dag.py took 0.260 seconds
[2026-08-30T23:23:19.704+0330] {processor.py:186} INFO - Started process (PID=15456) to work on /home/mmirnezamina/de_final_project/airflowenv/lib/python3.10/site-packages/airflow/example_dags/example_trigger_controller_dag.py
[2026-08-30T23:23:19.711+0330] {processor.py:914} INFO - Processing file /home/mmirnezamina/de_final_project/airflowenv/lib/python3.10/site-packages/airflow/example_dags/example_trigger_controller_dag.py for tasks to queue
[2026-08-30T23:23:19.714+0330] {logging_mixin.py:190} INFO - [2026-08-30T23:23:19.713+0330] {dagbag.py:588} INFO - Filling up the DagBag from /home/mmirnezamina/de_final_project/airflowenv/lib/python3.10/site-packages/airflow/example_dags/example_trigger_controller_dag.py
[2026-08-30T23:23:19.742+0330] {processor.py:925} INFO - DAG(s) 'example_trigger_controller_dag' retrieved from /home/mmirnezamina/de_final_project/airflowenv/lib/python3.10/site-packages/airflow/example_dags/example_trigger_controller_dag.py
[2026-08-30T23:23:19.818+0330] {logging_mixin.py:190} INFO - [2026-08-30T23:23:19.818+0330] {dag.py:3239} INFO - Sync 1 DAGs
[2026-08-30T23:23:20.112+0330] {logging_mixin.py:190} INFO - [2026-08-30T23:23:20.111+0330] {dag.py:4180} INFO - Setting next_dagrun for example_trigger_controller_dag to 2021-01-01 00:00:00+00:00, run_after=2021-01-01 00:00:00+00:00
[2026-08-30T23:23:20.176+0330] {processor.py:208} INFO - Processing /home/mmirnezamina/de_final_project/airflowenv/lib/python3.10/site-packages/airflow/example_dags/example_trigger_controller_dag.py took 0.500 seconds
[2026-08-30T23:23:50.794+0330] {processor.py:186} INFO - Started process (PID=15573) to work on /home/mmirnezamina/de_final_project/airflowenv/lib/python3.10/site-packages/airflow/example_dags/example_trigger_controller_dag.py
[2026-08-30T23:23:50.795+0330] {processor.py:914} INFO - Processing file /home/mmirnezamina/de_final_project/airflowenv/lib/python3.10/site-packages/airflow/example_dags/example_trigger_controller_dag.py for tasks to queue
[2026-08-30T23:23:50.797+0330] {logging_mixin.py:190} INFO - [2026-08-30T23:23:50.797+0330] {dagbag.py:588} INFO - Filling up the DagBag from /home/mmirnezamina/de_final_project/airflowenv/lib/python3.10/site-packages/airflow/example_dags/example_trigger_controller_dag.py
[2026-08-30T23:23:50.804+0330] {processor.py:925} INFO - DAG(s) 'example_trigger_controller_dag' retrieved from /home/mmirnezamina/de_final_project/airflowenv/lib/python3.10/site-packages/airflow/example_dags/example_trigger_controller_dag.py
[2026-08-30T23:23:50.837+0330] {logging_mixin.py:190} INFO - [2026-08-30T23:23:50.836+0330] {dag.py:3239} INFO - Sync 1 DAGs
[2026-08-30T23:23:50.865+0330] {logging_mixin.py:190} INFO - [2026-08-30T23:23:50.865+0330] {dag.py:4180} INFO - Setting next_dagrun for example_trigger_controller_dag to 2021-01-01 00:00:00+00:00, run_after=2021-01-01 00:00:00+00:00
[2026-08-30T23:23:50.894+0330] {processor.py:208} INFO - Processing /home/mmirnezamina/de_final_project/airflowenv/lib/python3.10/site-packages/airflow/example_dags/example_trigger_controller_dag.py took 0.110 seconds
[2026-08-30T23:24:21.360+0330] {processor.py:186} INFO - Started process (PID=15693) to work on /home/mmirnezamina/de_final_project/airflowenv/lib/python3.10/site-packages/airflow/example_dags/example_trigger_controller_dag.py
[2026-08-30T23:24:21.362+0330] {processor.py:914} INFO - Processing file /home/mmirnezamina/de_final_project/airflowenv/lib/python3.10/site-packages/airflow/example_dags/example_trigger_controller_dag.py for tasks to queue
[2026-08-30T23:24:21.364+0330] {logging_mixin.py:190} INFO - [2026-08-30T23:24:21.363+0330] {dagbag.py:588} INFO - Filling up the DagBag from /home/mmirnezamina/de_final_project/airflowenv/lib/python3.10/site-packages/airflow/example_dags/example_trigger_controller_dag.py
[2026-08-30T23:24:21.372+0330] {processor.py:925} INFO - DAG(s) 'example_trigger_controller_dag' retrieved from /home/mmirnezamina/de_final_project/airflowenv/lib/python3.10/site-packages/airflow/example_dags/example_trigger_controller_dag.py
[2026-08-30T23:24:21.406+0330] {logging_mixin.py:190} INFO - [2026-08-30T23:24:21.406+0330] {dag.py:3239} INFO - Sync 1 DAGs
[2026-08-30T23:24:21.434+0330] {logging_mixin.py:190} INFO - [2026-08-30T23:24:21.434+0330] {dag.py:4180} INFO - Setting next_dagrun for example_trigger_controller_dag to 2021-01-01 00:00:00+00:00, run_after=2021-01-01 00:00:00+00:00
[2026-08-30T23:24:21.462+0330] {processor.py:208} INFO - Processing /home/mmirnezamina/de_final_project/airflowenv/lib/python3.10/site-packages/airflow/example_dags/example_trigger_controller_dag.py took 0.118 seconds
[2026-08-30T23:24:51.618+0330] {processor.py:186} INFO - Started process (PID=15809) to work on /home/mmirnezamina/de_final_project/airflowenv/lib/python3.10/site-packages/airflow/example_dags/example_trigger_controller_dag.py
[2026-08-30T23:24:51.620+0330] {processor.py:914} INFO - Processing file /home/mmirnezamina/de_final_project/airflowenv/lib/python3.10/site-packages/airflow/example_dags/example_trigger_controller_dag.py for tasks to queue
[2026-08-30T23:24:51.623+0330] {logging_mixin.py:190} INFO - [2026-08-30T23:24:51.622+0330] {dagbag.py:588} INFO - Filling up the DagBag from /home/mmirnezamina/de_final_project/airflowenv/lib/python3.10/site-packages/airflow/example_dags/example_trigger_controller_dag.py
[2026-08-30T23:24:51.639+0330] {processor.py:925} INFO - DAG(s) 'example_trigger_controller_dag' retrieved from /home/mmirnezamina/de_final_project/airflowenv/lib/python3.10/site-packages/airflow/example_dags/example_trigger_controller_dag.py
[2026-08-30T23:24:51.704+0330] {logging_mixin.py:190} INFO - [2026-08-30T23:24:51.704+0330] {dag.py:3239} INFO - Sync 1 DAGs
[2026-08-30T23:24:51.766+0330] {logging_mixin.py:190} INFO - [2026-08-30T23:24:51.766+0330] {dag.py:4180} INFO - Setting next_dagrun for example_trigger_controller_dag to 2021-01-01 00:00:00+00:00, run_after=2021-01-01 00:00:00+00:00
[2026-08-30T23:24:51.818+0330] {processor.py:208} INFO - Processing /home/mmirnezamina/de_final_project/airflowenv/lib/python3.10/site-packages/airflow/example_dags/example_trigger_controller_dag.py took 0.221 seconds
[2026-08-30T23:25:23.243+0330] {processor.py:186} INFO - Started process (PID=15959) to work on /home/mmirnezamina/de_final_project/airflowenv/lib/python3.10/site-packages/airflow/example_dags/example_trigger_controller_dag.py
[2026-08-30T23:25:23.247+0330] {processor.py:914} INFO - Processing file /home/mmirnezamina/de_final_project/airflowenv/lib/python3.10/site-packages/airflow/example_dags/example_trigger_controller_dag.py for tasks to queue
[2026-08-30T23:25:23.253+0330] {logging_mixin.py:190} INFO - [2026-08-30T23:25:23.252+0330] {dagbag.py:588} INFO - Filling up the DagBag from /home/mmirnezamina/de_final_project/airflowenv/lib/python3.10/site-packages/airflow/example_dags/example_trigger_controller_dag.py
[2026-08-30T23:25:23.282+0330] {processor.py:925} INFO - DAG(s) 'example_trigger_controller_dag' retrieved from /home/mmirnezamina/de_final_project/airflowenv/lib/python3.10/site-packages/airflow/example_dags/example_trigger_controller_dag.py
[2026-08-30T23:25:23.384+0330] {logging_mixin.py:190} INFO - [2026-08-30T23:25:23.383+0330] {dag.py:3239} INFO - Sync 1 DAGs
[2026-08-30T23:25:23.545+0330] {logging_mixin.py:190} INFO - [2026-08-30T23:25:23.544+0330] {dag.py:4180} INFO - Setting next_dagrun for example_trigger_controller_dag to 2021-01-01 00:00:00+00:00, run_after=2021-01-01 00:00:00+00:00
[2026-08-30T23:25:23.653+0330] {processor.py:208} INFO - Processing /home/mmirnezamina/de_final_project/airflowenv/lib/python3.10/site-packages/airflow/example_dags/example_trigger_controller_dag.py took 0.451 seconds
[2026-08-30T23:25:54.479+0330] {processor.py:186} INFO - Started process (PID=16092) to work on /home/mmirnezamina/de_final_project/airflowenv/lib/python3.10/site-packages/airflow/example_dags/example_trigger_controller_dag.py
[2026-08-30T23:25:54.480+0330] {processor.py:914} INFO - Processing file /home/mmirnezamina/de_final_project/airflowenv/lib/python3.10/site-packages/airflow/example_dags/example_trigger_controller_dag.py for tasks to queue
[2026-08-30T23:25:54.482+0330] {logging_mixin.py:190} INFO - [2026-08-30T23:25:54.481+0330] {dagbag.py:588} INFO - Filling up the DagBag from /home/mmirnezamina/de_final_project/airflowenv/lib/python3.10/site-packages/airflow/example_dags/example_trigger_controller_dag.py
[2026-08-30T23:25:54.488+0330] {processor.py:925} INFO - DAG(s) 'example_trigger_controller_dag' retrieved from /home/mmirnezamina/de_final_project/airflowenv/lib/python3.10/site-packages/airflow/example_dags/example_trigger_controller_dag.py
[2026-08-30T23:25:54.518+0330] {logging_mixin.py:190} INFO - [2026-08-30T23:25:54.518+0330] {dag.py:3239} INFO - Sync 1 DAGs
[2026-08-30T23:25:54.542+0330] {logging_mixin.py:190} INFO - [2026-08-30T23:25:54.541+0330] {dag.py:4180} INFO - Setting next_dagrun for example_trigger_controller_dag to 2021-01-01 00:00:00+00:00, run_after=2021-01-01 00:00:00+00:00
[2026-08-30T23:25:54.562+0330] {processor.py:208} INFO - Processing /home/mmirnezamina/de_final_project/airflowenv/lib/python3.10/site-packages/airflow/example_dags/example_trigger_controller_dag.py took 0.094 seconds
[2026-08-30T23:26:25.333+0330] {processor.py:186} INFO - Started process (PID=16212) to work on /home/mmirnezamina/de_final_project/airflowenv/lib/python3.10/site-packages/airflow/example_dags/example_trigger_controller_dag.py
[2026-08-30T23:26:25.337+0330] {processor.py:914} INFO - Processing file /home/mmirnezamina/de_final_project/airflowenv/lib/python3.10/site-packages/airflow/example_dags/example_trigger_controller_dag.py for tasks to queue
[2026-08-30T23:26:25.341+0330] {logging_mixin.py:190} INFO - [2026-08-30T23:26:25.341+0330] {dagbag.py:588} INFO - Filling up the DagBag from /home/mmirnezamina/de_final_project/airflowenv/lib/python3.10/site-packages/airflow/example_dags/example_trigger_controller_dag.py
[2026-08-30T23:26:25.361+0330] {processor.py:925} INFO - DAG(s) 'example_trigger_controller_dag' retrieved from /home/mmirnezamina/de_final_project/airflowenv/lib/python3.10/site-packages/airflow/example_dags/example_trigger_controller_dag.py
[2026-08-30T23:26:25.439+0330] {logging_mixin.py:190} INFO - [2026-08-30T23:26:25.438+0330] {dag.py:3239} INFO - Sync 1 DAGs
[2026-08-30T23:26:25.510+0330] {logging_mixin.py:190} INFO - [2026-08-30T23:26:25.509+0330] {dag.py:4180} INFO - Setting next_dagrun for example_trigger_controller_dag to 2021-01-01 00:00:00+00:00, run_after=2021-01-01 00:00:00+00:00
[2026-08-30T23:26:25.566+0330] {processor.py:208} INFO - Processing /home/mmirnezamina/de_final_project/airflowenv/lib/python3.10/site-packages/airflow/example_dags/example_trigger_controller_dag.py took 0.266 seconds
[2026-08-30T23:26:55.688+0330] {processor.py:186} INFO - Started process (PID=16329) to work on /home/mmirnezamina/de_final_project/airflowenv/lib/python3.10/site-packages/airflow/example_dags/example_trigger_controller_dag.py
[2026-08-30T23:26:55.690+0330] {processor.py:914} INFO - Processing file /home/mmirnezamina/de_final_project/airflowenv/lib/python3.10/site-packages/airflow/example_dags/example_trigger_controller_dag.py for tasks to queue
[2026-08-30T23:26:55.691+0330] {logging_mixin.py:190} INFO - [2026-08-30T23:26:55.691+0330] {dagbag.py:588} INFO - Filling up the DagBag from /home/mmirnezamina/de_final_project/airflowenv/lib/python3.10/site-packages/airflow/example_dags/example_trigger_controller_dag.py
[2026-08-30T23:26:55.709+0330] {processor.py:925} INFO - DAG(s) 'example_trigger_controller_dag' retrieved from /home/mmirnezamina/de_final_project/airflowenv/lib/python3.10/site-packages/airflow/example_dags/example_trigger_controller_dag.py
[2026-08-30T23:26:55.764+0330] {logging_mixin.py:190} INFO - [2026-08-30T23:26:55.764+0330] {dag.py:3239} INFO - Sync 1 DAGs
[2026-08-30T23:26:55.807+0330] {logging_mixin.py:190} INFO - [2026-08-30T23:26:55.807+0330] {dag.py:4180} INFO - Setting next_dagrun for example_trigger_controller_dag to 2021-01-01 00:00:00+00:00, run_after=2021-01-01 00:00:00+00:00
[2026-08-30T23:26:55.844+0330] {processor.py:208} INFO - Processing /home/mmirnezamina/de_final_project/airflowenv/lib/python3.10/site-packages/airflow/example_dags/example_trigger_controller_dag.py took 0.172 seconds
[2026-08-30T23:27:49.916+0330] {processor.py:186} INFO - Started process (PID=16461) to work on /home/mmirnezamina/de_final_project/airflowenv/lib/python3.10/site-packages/airflow/example_dags/example_trigger_controller_dag.py
[2026-08-30T23:27:49.917+0330] {processor.py:914} INFO - Processing file /home/mmirnezamina/de_final_project/airflowenv/lib/python3.10/site-packages/airflow/example_dags/example_trigger_controller_dag.py for tasks to queue
[2026-08-30T23:27:49.918+0330] {logging_mixin.py:190} INFO - [2026-08-30T23:27:49.918+0330] {dagbag.py:588} INFO - Filling up the DagBag from /home/mmirnezamina/de_final_project/airflowenv/lib/python3.10/site-packages/airflow/example_dags/example_trigger_controller_dag.py
[2026-08-30T23:27:49.924+0330] {processor.py:925} INFO - DAG(s) 'example_trigger_controller_dag' retrieved from /home/mmirnezamina/de_final_project/airflowenv/lib/python3.10/site-packages/airflow/example_dags/example_trigger_controller_dag.py
[2026-08-30T23:27:50.021+0330] {logging_mixin.py:190} INFO - [2026-08-30T23:27:50.020+0330] {override.py:1930} INFO - Created Permission View: can delete on DAG:example_trigger_controller_dag
[2026-08-30T23:27:50.038+0330] {logging_mixin.py:190} INFO - [2026-08-30T23:27:50.037+0330] {override.py:1930} INFO - Created Permission View: can read on DAG:example_trigger_controller_dag
[2026-08-30T23:27:50.052+0330] {logging_mixin.py:190} INFO - [2026-08-30T23:27:50.051+0330] {override.py:1930} INFO - Created Permission View: can edit on DAG:example_trigger_controller_dag
[2026-08-30T23:27:50.087+0330] {logging_mixin.py:190} INFO - [2026-08-30T23:27:50.086+0330] {override.py:1930} INFO - Created Permission View: can create on DAG Run:example_trigger_controller_dag
[2026-08-30T23:27:50.101+0330] {logging_mixin.py:190} INFO - [2026-08-30T23:27:50.101+0330] {override.py:1930} INFO - Created Permission View: can delete on DAG Run:example_trigger_controller_dag
[2026-08-30T23:27:50.116+0330] {logging_mixin.py:190} INFO - [2026-08-30T23:27:50.116+0330] {override.py:1930} INFO - Created Permission View: can read on DAG Run:example_trigger_controller_dag
[2026-08-30T23:27:50.132+0330] {logging_mixin.py:190} INFO - [2026-08-30T23:27:50.131+0330] {override.py:1930} INFO - Created Permission View: menu access on DAG Run:example_trigger_controller_dag
[2026-08-30T23:27:50.132+0330] {logging_mixin.py:190} INFO - [2026-08-30T23:27:50.132+0330] {dag.py:3239} INFO - Sync 1 DAGs
[2026-08-30T23:27:50.141+0330] {logging_mixin.py:190} INFO - [2026-08-30T23:27:50.141+0330] {dag.py:3262} INFO - Creating ORM DAG for example_trigger_controller_dag
[2026-08-30T23:27:50.150+0330] {logging_mixin.py:190} INFO - [2026-08-30T23:27:50.149+0330] {dag.py:4180} INFO - Setting next_dagrun for example_trigger_controller_dag to 2021-01-01 00:00:00+00:00, run_after=2021-01-01 00:00:00+00:00
[2026-08-30T23:27:50.177+0330] {processor.py:208} INFO - Processing /home/mmirnezamina/de_final_project/airflowenv/lib/python3.10/site-packages/airflow/example_dags/example_trigger_controller_dag.py took 0.268 seconds
