[2026-08-30T23:13:38.782+0330] {processor.py:186} INFO - Started process (PID=13140) to work on /home/mmirnezamina/de_final_project/airflowenv/lib/python3.10/site-packages/airflow/example_dags/example_task_group.py
[2026-08-30T23:13:38.786+0330] {processor.py:914} INFO - Processing file /home/mmirnezamina/de_final_project/airflowenv/lib/python3.10/site-packages/airflow/example_dags/example_task_group.py for tasks to queue
[2026-08-30T23:13:38.797+0330] {logging_mixin.py:190} INFO - [2026-08-30T23:13:38.795+0330] {dagbag.py:588} INFO - Filling up the DagBag from /home/mmirnezamina/de_final_project/airflowenv/lib/python3.10/site-packages/airflow/example_dags/example_task_group.py
[2026-08-30T23:13:38.844+0330] {processor.py:925} INFO - DAG(s) 'example_task_group' retrieved from /home/mmirnezamina/de_final_project/airflowenv/lib/python3.10/site-packages/airflow/example_dags/example_task_group.py
[2026-08-30T23:13:39.686+0330] {logging_mixin.py:190} INFO - [2026-08-30T23:13:39.676+0330] {override.py:1930} INFO - Created Permission View: can edit on DAG:example_task_group
[2026-08-30T23:13:39.782+0330] {logging_mixin.py:190} INFO - [2026-08-30T23:13:39.780+0330] {override.py:1930} INFO - Created Permission View: can read on DAG:example_task_group
[2026-08-30T23:13:39.823+0330] {logging_mixin.py:190} INFO - [2026-08-30T23:13:39.822+0330] {override.py:1930} INFO - Created Permission View: can delete on DAG:example_task_group
[2026-08-30T23:13:39.866+0330] {logging_mixin.py:190} INFO - [2026-08-30T23:13:39.865+0330] {override.py:1930} INFO - Created Permission View: menu access on DAG Run:example_task_group
[2026-08-30T23:13:39.937+0330] {logging_mixin.py:190} INFO - [2026-08-30T23:13:39.936+0330] {override.py:1930} INFO - Created Permission View: can create on DAG Run:example_task_group
[2026-08-30T23:13:39.985+0330] {logging_mixin.py:190} INFO - [2026-08-30T23:13:39.984+0330] {override.py:1930} INFO - Created Permission View: can read on DAG Run:example_task_group
[2026-08-30T23:13:40.040+0330] {logging_mixin.py:190} INFO - [2026-08-30T23:13:40.039+0330] {override.py:1930} INFO - Created Permission View: can delete on DAG Run:example_task_group
[2026-08-30T23:13:40.042+0330] {logging_mixin.py:190} INFO - [2026-08-30T23:13:40.041+0330] {dag.py:3239} INFO - Sync 1 DAGs
[2026-08-30T23:13:40.098+0330] {logging_mixin.py:190} INFO - [2026-08-30T23:13:40.097+0330] {dag.py:3262} INFO - Creating ORM DAG for example_task_group
[2026-08-30T23:13:40.102+0330] {logging_mixin.py:190} INFO - [2026-08-30T23:13:40.101+0330] {dag.py:4180} INFO - Setting next_dagrun for example_task_group to None, run_after=None
[2026-08-30T23:13:40.185+0330] {processor.py:208} INFO - Processing /home/mmirnezamina/de_final_project/airflowenv/lib/python3.10/site-packages/airflow/example_dags/example_task_group.py took 1.461 seconds
[2026-08-30T23:14:10.846+0330] {processor.py:186} INFO - Started process (PID=13266) to work on /home/mmirnezamina/de_final_project/airflowenv/lib/python3.10/site-packages/airflow/example_dags/example_task_group.py
[2026-08-30T23:14:10.847+0330] {processor.py:914} INFO - Processing file /home/mmirnezamina/de_final_project/airflowenv/lib/python3.10/site-packages/airflow/example_dags/example_task_group.py for tasks to queue
[2026-08-30T23:14:10.848+0330] {logging_mixin.py:190} INFO - [2026-08-30T23:14:10.848+0330] {dagbag.py:588} INFO - Filling up the DagBag from /home/mmirnezamina/de_final_project/airflowenv/lib/python3.10/site-packages/airflow/example_dags/example_task_group.py
[2026-08-30T23:14:10.859+0330] {processor.py:925} INFO - DAG(s) 'example_task_group' retrieved from /home/mmirnezamina/de_final_project/airflowenv/lib/python3.10/site-packages/airflow/example_dags/example_task_group.py
[2026-08-30T23:14:10.892+0330] {logging_mixin.py:190} INFO - [2026-08-30T23:14:10.892+0330] {dag.py:3239} INFO - Sync 1 DAGs
[2026-08-30T23:14:10.909+0330] {logging_mixin.py:190} INFO - [2026-08-30T23:14:10.909+0330] {dag.py:4180} INFO - Setting next_dagrun for example_task_group to None, run_after=None
[2026-08-30T23:14:10.935+0330] {processor.py:208} INFO - Processing /home/mmirnezamina/de_final_project/airflowenv/lib/python3.10/site-packages/airflow/example_dags/example_task_group.py took 0.100 seconds
[2026-08-30T23:14:41.241+0330] {processor.py:186} INFO - Started process (PID=13385) to work on /home/mmirnezamina/de_final_project/airflowenv/lib/python3.10/site-packages/airflow/example_dags/example_task_group.py
[2026-08-30T23:14:41.243+0330] {processor.py:914} INFO - Processing file /home/mmirnezamina/de_final_project/airflowenv/lib/python3.10/site-packages/airflow/example_dags/example_task_group.py for tasks to queue
[2026-08-30T23:14:41.245+0330] {logging_mixin.py:190} INFO - [2026-08-30T23:14:41.245+0330] {dagbag.py:588} INFO - Filling up the DagBag from /home/mmirnezamina/de_final_project/airflowenv/lib/python3.10/site-packages/airflow/example_dags/example_task_group.py
[2026-08-30T23:14:41.260+0330] {processor.py:925} INFO - DAG(s) 'example_task_group' retrieved from /home/mmirnezamina/de_final_project/airflowenv/lib/python3.10/site-packages/airflow/example_dags/example_task_group.py
[2026-08-30T23:14:41.313+0330] {logging_mixin.py:190} INFO - [2026-08-30T23:14:41.313+0330] {dag.py:3239} INFO - Sync 1 DAGs
[2026-08-30T23:14:41.343+0330] {logging_mixin.py:190} INFO - [2026-08-30T23:14:41.343+0330] {dag.py:4180} INFO - Setting next_dagrun for example_task_group to None, run_after=None
[2026-08-30T23:14:41.381+0330] {processor.py:208} INFO - Processing /home/mmirnezamina/de_final_project/airflowenv/lib/python3.10/site-packages/airflow/example_dags/example_task_group.py took 0.154 seconds
[2026-08-30T23:15:11.599+0330] {processor.py:186} INFO - Started process (PID=13504) to work on /home/mmirnezamina/de_final_project/airflowenv/lib/python3.10/site-packages/airflow/example_dags/example_task_group.py
[2026-08-30T23:15:11.600+0330] {processor.py:914} INFO - Processing file /home/mmirnezamina/de_final_project/airflowenv/lib/python3.10/site-packages/airflow/example_dags/example_task_group.py for tasks to queue
[2026-08-30T23:15:11.601+0330] {logging_mixin.py:190} INFO - [2026-08-30T23:15:11.601+0330] {dagbag.py:588} INFO - Filling up the DagBag from /home/mmirnezamina/de_final_project/airflowenv/lib/python3.10/site-packages/airflow/example_dags/example_task_group.py
[2026-08-30T23:15:11.612+0330] {processor.py:925} INFO - DAG(s) 'example_task_group' retrieved from /home/mmirnezamina/de_final_project/airflowenv/lib/python3.10/site-packages/airflow/example_dags/example_task_group.py
[2026-08-30T23:15:11.646+0330] {logging_mixin.py:190} INFO - [2026-08-30T23:15:11.646+0330] {dag.py:3239} INFO - Sync 1 DAGs
[2026-08-30T23:15:11.664+0330] {logging_mixin.py:190} INFO - [2026-08-30T23:15:11.664+0330] {dag.py:4180} INFO - Setting next_dagrun for example_task_group to None, run_after=None
[2026-08-30T23:15:11.690+0330] {processor.py:208} INFO - Processing /home/mmirnezamina/de_final_project/airflowenv/lib/python3.10/site-packages/airflow/example_dags/example_task_group.py took 0.101 seconds
[2026-08-30T23:15:42.462+0330] {processor.py:186} INFO - Started process (PID=13623) to work on /home/mmirnezamina/de_final_project/airflowenv/lib/python3.10/site-packages/airflow/example_dags/example_task_group.py
[2026-08-30T23:15:42.465+0330] {processor.py:914} INFO - Processing file /home/mmirnezamina/de_final_project/airflowenv/lib/python3.10/site-packages/airflow/example_dags/example_task_group.py for tasks to queue
[2026-08-30T23:15:42.467+0330] {logging_mixin.py:190} INFO - [2026-08-30T23:15:42.466+0330] {dagbag.py:588} INFO - Filling up the DagBag from /home/mmirnezamina/de_final_project/airflowenv/lib/python3.10/site-packages/airflow/example_dags/example_task_group.py
[2026-08-30T23:15:42.482+0330] {processor.py:925} INFO - DAG(s) 'example_task_group' retrieved from /home/mmirnezamina/de_final_project/airflowenv/lib/python3.10/site-packages/airflow/example_dags/example_task_group.py
[2026-08-30T23:15:42.520+0330] {logging_mixin.py:190} INFO - [2026-08-30T23:15:42.519+0330] {dag.py:3239} INFO - Sync 1 DAGs
[2026-08-30T23:15:42.541+0330] {logging_mixin.py:190} INFO - [2026-08-30T23:15:42.541+0330] {dag.py:4180} INFO - Setting next_dagrun for example_task_group to None, run_after=None
[2026-08-30T23:15:42.571+0330] {processor.py:208} INFO - Processing /home/mmirnezamina/de_final_project/airflowenv/lib/python3.10/site-packages/airflow/example_dags/example_task_group.py took 0.129 seconds
[2026-08-30T23:16:12.825+0330] {processor.py:186} INFO - Started process (PID=13741) to work on /home/mmirnezamina/de_final_project/airflowenv/lib/python3.10/site-packages/airflow/example_dags/example_task_group.py
[2026-08-30T23:16:12.827+0330] {processor.py:914} INFO - Processing file /home/mmirnezamina/de_final_project/airflowenv/lib/python3.10/site-packages/airflow/example_dags/example_task_group.py for tasks to queue
[2026-08-30T23:16:12.829+0330] {logging_mixin.py:190} INFO - [2026-08-30T23:16:12.829+0330] {dagbag.py:588} INFO - Filling up the DagBag from /home/mmirnezamina/de_final_project/airflowenv/lib/python3.10/site-packages/airflow/example_dags/example_task_group.py
[2026-08-30T23:16:12.845+0330] {processor.py:925} INFO - DAG(s) 'example_task_group' retrieved from /home/mmirnezamina/de_final_project/airflowenv/lib/python3.10/site-packages/airflow/example_dags/example_task_group.py
[2026-08-30T23:16:12.888+0330] {logging_mixin.py:190} INFO - [2026-08-30T23:16:12.887+0330] {dag.py:3239} INFO - Sync 1 DAGs
[2026-08-30T23:16:12.910+0330] {logging_mixin.py:190} INFO - [2026-08-30T23:16:12.909+0330] {dag.py:4180} INFO - Setting next_dagrun for example_task_group to None, run_after=None
[2026-08-30T23:16:12.947+0330] {processor.py:208} INFO - Processing /home/mmirnezamina/de_final_project/airflowenv/lib/python3.10/site-packages/airflow/example_dags/example_task_group.py took 0.138 seconds
[2026-08-30T23:16:43.024+0330] {processor.py:186} INFO - Started process (PID=13860) to work on /home/mmirnezamina/de_final_project/airflowenv/lib/python3.10/site-packages/airflow/example_dags/example_task_group.py
[2026-08-30T23:16:43.025+0330] {processor.py:914} INFO - Processing file /home/mmirnezamina/de_final_project/airflowenv/lib/python3.10/site-packages/airflow/example_dags/example_task_group.py for tasks to queue
[2026-08-30T23:16:43.026+0330] {logging_mixin.py:190} INFO - [2026-08-30T23:16:43.026+0330] {dagbag.py:588} INFO - Filling up the DagBag from /home/mmirnezamina/de_final_project/airflowenv/lib/python3.10/site-packages/airflow/example_dags/example_task_group.py
[2026-08-30T23:16:43.035+0330] {processor.py:925} INFO - DAG(s) 'example_task_group' retrieved from /home/mmirnezamina/de_final_project/airflowenv/lib/python3.10/site-packages/airflow/example_dags/example_task_group.py
[2026-08-30T23:16:43.061+0330] {logging_mixin.py:190} INFO - [2026-08-30T23:16:43.061+0330] {dag.py:3239} INFO - Sync 1 DAGs
[2026-08-30T23:16:43.075+0330] {logging_mixin.py:190} INFO - [2026-08-30T23:16:43.075+0330] {dag.py:4180} INFO - Setting next_dagrun for example_task_group to None, run_after=None
[2026-08-30T23:16:43.097+0330] {processor.py:208} INFO - Processing /home/mmirnezamina/de_final_project/airflowenv/lib/python3.10/site-packages/airflow/example_dags/example_task_group.py took 0.082 seconds
[2026-08-30T23:17:13.164+0330] {processor.py:186} INFO - Started process (PID=14024) to work on /home/mmirnezamina/de_final_project/airflowenv/lib/python3.10/site-packages/airflow/example_dags/example_task_group.py
[2026-08-30T23:17:13.165+0330] {processor.py:914} INFO - Processing file /home/mmirnezamina/de_final_project/airflowenv/lib/python3.10/site-packages/airflow/example_dags/example_task_group.py for tasks to queue
[2026-08-30T23:17:13.166+0330] {logging_mixin.py:190} INFO - [2026-08-30T23:17:13.166+0330] {dagbag.py:588} INFO - Filling up the DagBag from /home/mmirnezamina/de_final_project/airflowenv/lib/python3.10/site-packages/airflow/example_dags/example_task_group.py
[2026-08-30T23:17:13.177+0330] {processor.py:925} INFO - DAG(s) 'example_task_group' retrieved from /home/mmirnezamina/de_final_project/airflowenv/lib/python3.10/site-packages/airflow/example_dags/example_task_group.py
[2026-08-30T23:17:13.229+0330] {logging_mixin.py:190} INFO - [2026-08-30T23:17:13.229+0330] {dag.py:3239} INFO - Sync 1 DAGs
[2026-08-30T23:17:13.248+0330] {logging_mixin.py:190} INFO - [2026-08-30T23:17:13.247+0330] {dag.py:4180} INFO - Setting next_dagrun for example_task_group to None, run_after=None
[2026-08-30T23:17:13.274+0330] {processor.py:208} INFO - Processing /home/mmirnezamina/de_final_project/airflowenv/lib/python3.10/site-packages/airflow/example_dags/example_task_group.py took 0.121 seconds
[2026-08-30T23:17:43.886+0330] {processor.py:186} INFO - Started process (PID=14154) to work on /home/mmirnezamina/de_final_project/airflowenv/lib/python3.10/site-packages/airflow/example_dags/example_task_group.py
[2026-08-30T23:17:43.888+0330] {processor.py:914} INFO - Processing file /home/mmirnezamina/de_final_project/airflowenv/lib/python3.10/site-packages/airflow/example_dags/example_task_group.py for tasks to queue
[2026-08-30T23:17:43.891+0330] {logging_mixin.py:190} INFO - [2026-08-30T23:17:43.890+0330] {dagbag.py:588} INFO - Filling up the DagBag from /home/mmirnezamina/de_final_project/airflowenv/lib/python3.10/site-packages/airflow/example_dags/example_task_group.py
[2026-08-30T23:17:43.915+0330] {processor.py:925} INFO - DAG(s) 'example_task_group' retrieved from /home/mmirnezamina/de_final_project/airflowenv/lib/python3.10/site-packages/airflow/example_dags/example_task_group.py
[2026-08-30T23:17:43.996+0330] {logging_mixin.py:190} INFO - [2026-08-30T23:17:43.996+0330] {dag.py:3239} INFO - Sync 1 DAGs
[2026-08-30T23:17:44.124+0330] {logging_mixin.py:190} INFO - [2026-08-30T23:17:44.123+0330] {dag.py:4180} INFO - Setting next_dagrun for example_task_group to None, run_after=None
[2026-08-30T23:17:44.228+0330] {processor.py:208} INFO - Processing /home/mmirnezamina/de_final_project/airflowenv/lib/python3.10/site-packages/airflow/example_dags/example_task_group.py took 0.375 seconds
[2026-08-30T23:18:14.934+0330] {processor.py:186} INFO - Started process (PID=14274) to work on /home/mmirnezamina/de_final_project/airflowenv/lib/python3.10/site-packages/airflow/example_dags/example_task_group.py
[2026-08-30T23:18:14.935+0330] {processor.py:914} INFO - Processing file /home/mmirnezamina/de_final_project/airflowenv/lib/python3.10/site-packages/airflow/example_dags/example_task_group.py for tasks to queue
[2026-08-30T23:18:14.936+0330] {logging_mixin.py:190} INFO - [2026-08-30T23:18:14.936+0330] {dagbag.py:588} INFO - Filling up the DagBag from /home/mmirnezamina/de_final_project/airflowenv/lib/python3.10/site-packages/airflow/example_dags/example_task_group.py
[2026-08-30T23:18:14.943+0330] {processor.py:925} INFO - DAG(s) 'example_task_group' retrieved from /home/mmirnezamina/de_final_project/airflowenv/lib/python3.10/site-packages/airflow/example_dags/example_task_group.py
[2026-08-30T23:18:14.973+0330] {logging_mixin.py:190} INFO - [2026-08-30T23:18:14.973+0330] {dag.py:3239} INFO - Sync 1 DAGs
[2026-08-30T23:18:14.986+0330] {logging_mixin.py:190} INFO - [2026-08-30T23:18:14.986+0330] {dag.py:4180} INFO - Setting next_dagrun for example_task_group to None, run_after=None
[2026-08-30T23:18:15.012+0330] {processor.py:208} INFO - Processing /home/mmirnezamina/de_final_project/airflowenv/lib/python3.10/site-packages/airflow/example_dags/example_task_group.py took 0.086 seconds
[2026-08-30T23:18:45.643+0330] {processor.py:186} INFO - Started process (PID=14391) to work on /home/mmirnezamina/de_final_project/airflowenv/lib/python3.10/site-packages/airflow/example_dags/example_task_group.py
[2026-08-30T23:18:45.645+0330] {processor.py:914} INFO - Processing file /home/mmirnezamina/de_final_project/airflowenv/lib/python3.10/site-packages/airflow/example_dags/example_task_group.py for tasks to queue
[2026-08-30T23:18:45.648+0330] {logging_mixin.py:190} INFO - [2026-08-30T23:18:45.647+0330] {dagbag.py:588} INFO - Filling up the DagBag from /home/mmirnezamina/de_final_project/airflowenv/lib/python3.10/site-packages/airflow/example_dags/example_task_group.py
[2026-08-30T23:18:45.659+0330] {processor.py:925} INFO - DAG(s) 'example_task_group' retrieved from /home/mmirnezamina/de_final_project/airflowenv/lib/python3.10/site-packages/airflow/example_dags/example_task_group.py
[2026-08-30T23:18:45.694+0330] {logging_mixin.py:190} INFO - [2026-08-30T23:18:45.693+0330] {dag.py:3239} INFO - Sync 1 DAGs
[2026-08-30T23:18:45.712+0330] {logging_mixin.py:190} INFO - [2026-08-30T23:18:45.712+0330] {dag.py:4180} INFO - Setting next_dagrun for example_task_group to None, run_after=None
[2026-08-30T23:18:45.737+0330] {processor.py:208} INFO - Processing /home/mmirnezamina/de_final_project/airflowenv/lib/python3.10/site-packages/airflow/example_dags/example_task_group.py took 0.106 seconds
[2026-08-30T23:19:16.082+0330] {processor.py:186} INFO - Started process (PID=14511) to work on /home/mmirnezamina/de_final_project/airflowenv/lib/python3.10/site-packages/airflow/example_dags/example_task_group.py
[2026-08-30T23:19:16.083+0330] {processor.py:914} INFO - Processing file /home/mmirnezamina/de_final_project/airflowenv/lib/python3.10/site-packages/airflow/example_dags/example_task_group.py for tasks to queue
[2026-08-30T23:19:16.084+0330] {logging_mixin.py:190} INFO - [2026-08-30T23:19:16.084+0330] {dagbag.py:588} INFO - Filling up the DagBag from /home/mmirnezamina/de_final_project/airflowenv/lib/python3.10/site-packages/airflow/example_dags/example_task_group.py
[2026-08-30T23:19:16.093+0330] {processor.py:925} INFO - DAG(s) 'example_task_group' retrieved from /home/mmirnezamina/de_final_project/airflowenv/lib/python3.10/site-packages/airflow/example_dags/example_task_group.py
[2026-08-30T23:19:16.128+0330] {logging_mixin.py:190} INFO - [2026-08-30T23:19:16.128+0330] {dag.py:3239} INFO - Sync 1 DAGs
[2026-08-30T23:19:16.148+0330] {logging_mixin.py:190} INFO - [2026-08-30T23:19:16.147+0330] {dag.py:4180} INFO - Setting next_dagrun for example_task_group to None, run_after=None
[2026-08-30T23:19:16.177+0330] {processor.py:208} INFO - Processing /home/mmirnezamina/de_final_project/airflowenv/lib/python3.10/site-packages/airflow/example_dags/example_task_group.py took 0.104 seconds
[2026-08-30T23:19:46.444+0330] {processor.py:186} INFO - Started process (PID=14628) to work on /home/mmirnezamina/de_final_project/airflowenv/lib/python3.10/site-packages/airflow/example_dags/example_task_group.py
[2026-08-30T23:19:46.446+0330] {processor.py:914} INFO - Processing file /home/mmirnezamina/de_final_project/airflowenv/lib/python3.10/site-packages/airflow/example_dags/example_task_group.py for tasks to queue
[2026-08-30T23:19:46.447+0330] {logging_mixin.py:190} INFO - [2026-08-30T23:19:46.447+0330] {dagbag.py:588} INFO - Filling up the DagBag from /home/mmirnezamina/de_final_project/airflowenv/lib/python3.10/site-packages/airflow/example_dags/example_task_group.py
[2026-08-30T23:19:46.456+0330] {processor.py:925} INFO - DAG(s) 'example_task_group' retrieved from /home/mmirnezamina/de_final_project/airflowenv/lib/python3.10/site-packages/airflow/example_dags/example_task_group.py
[2026-08-30T23:19:46.487+0330] {logging_mixin.py:190} INFO - [2026-08-30T23:19:46.486+0330] {dag.py:3239} INFO - Sync 1 DAGs
[2026-08-30T23:19:46.502+0330] {logging_mixin.py:190} INFO - [2026-08-30T23:19:46.502+0330] {dag.py:4180} INFO - Setting next_dagrun for example_task_group to None, run_after=None
[2026-08-30T23:19:46.530+0330] {processor.py:208} INFO - Processing /home/mmirnezamina/de_final_project/airflowenv/lib/python3.10/site-packages/airflow/example_dags/example_task_group.py took 0.097 seconds
[2026-08-30T23:20:16.581+0330] {processor.py:186} INFO - Started process (PID=14752) to work on /home/mmirnezamina/de_final_project/airflowenv/lib/python3.10/site-packages/airflow/example_dags/example_task_group.py
[2026-08-30T23:20:16.586+0330] {processor.py:914} INFO - Processing file /home/mmirnezamina/de_final_project/airflowenv/lib/python3.10/site-packages/airflow/example_dags/example_task_group.py for tasks to queue
[2026-08-30T23:20:16.588+0330] {logging_mixin.py:190} INFO - [2026-08-30T23:20:16.588+0330] {dagbag.py:588} INFO - Filling up the DagBag from /home/mmirnezamina/de_final_project/airflowenv/lib/python3.10/site-packages/airflow/example_dags/example_task_group.py
[2026-08-30T23:20:16.606+0330] {processor.py:925} INFO - DAG(s) 'example_task_group' retrieved from /home/mmirnezamina/de_final_project/airflowenv/lib/python3.10/site-packages/airflow/example_dags/example_task_group.py
[2026-08-30T23:20:16.660+0330] {logging_mixin.py:190} INFO - [2026-08-30T23:20:16.660+0330] {dag.py:3239} INFO - Sync 1 DAGs
[2026-08-30T23:20:16.687+0330] {logging_mixin.py:190} INFO - [2026-08-30T23:20:16.687+0330] {dag.py:4180} INFO - Setting next_dagrun for example_task_group to None, run_after=None
[2026-08-30T23:20:16.733+0330] {processor.py:208} INFO - Processing /home/mmirnezamina/de_final_project/airflowenv/lib/python3.10/site-packages/airflow/example_dags/example_task_group.py took 0.170 seconds
[2026-08-30T23:20:46.832+0330] {processor.py:186} INFO - Started process (PID=14869) to work on /home/mmirnezamina/de_final_project/airflowenv/lib/python3.10/site-packages/airflow/example_dags/example_task_group.py
[2026-08-30T23:20:46.833+0330] {processor.py:914} INFO - Processing file /home/mmirnezamina/de_final_project/airflowenv/lib/python3.10/site-packages/airflow/example_dags/example_task_group.py for tasks to queue
[2026-08-30T23:20:46.834+0330] {logging_mixin.py:190} INFO - [2026-08-30T23:20:46.834+0330] {dagbag.py:588} INFO - Filling up the DagBag from /home/mmirnezamina/de_final_project/airflowenv/lib/python3.10/site-packages/airflow/example_dags/example_task_group.py
[2026-08-30T23:20:46.844+0330] {processor.py:925} INFO - DAG(s) 'example_task_group' retrieved from /home/mmirnezamina/de_final_project/airflowenv/lib/python3.10/site-packages/airflow/example_dags/example_task_group.py
[2026-08-30T23:20:46.875+0330] {logging_mixin.py:190} INFO - [2026-08-30T23:20:46.875+0330] {dag.py:3239} INFO - Sync 1 DAGs
[2026-08-30T23:20:46.890+0330] {logging_mixin.py:190} INFO - [2026-08-30T23:20:46.890+0330] {dag.py:4180} INFO - Setting next_dagrun for example_task_group to None, run_after=None
[2026-08-30T23:20:46.913+0330] {processor.py:208} INFO - Processing /home/mmirnezamina/de_final_project/airflowenv/lib/python3.10/site-packages/airflow/example_dags/example_task_group.py took 0.090 seconds
[2026-08-30T23:21:17.365+0330] {processor.py:186} INFO - Started process (PID=14988) to work on /home/mmirnezamina/de_final_project/airflowenv/lib/python3.10/site-packages/airflow/example_dags/example_task_group.py
[2026-08-30T23:21:17.367+0330] {processor.py:914} INFO - Processing file /home/mmirnezamina/de_final_project/airflowenv/lib/python3.10/site-packages/airflow/example_dags/example_task_group.py for tasks to queue
[2026-08-30T23:21:17.368+0330] {logging_mixin.py:190} INFO - [2026-08-30T23:21:17.368+0330] {dagbag.py:588} INFO - Filling up the DagBag from /home/mmirnezamina/de_final_project/airflowenv/lib/python3.10/site-packages/airflow/example_dags/example_task_group.py
[2026-08-30T23:21:17.376+0330] {processor.py:925} INFO - DAG(s) 'example_task_group' retrieved from /home/mmirnezamina/de_final_project/airflowenv/lib/python3.10/site-packages/airflow/example_dags/example_task_group.py
[2026-08-30T23:21:17.410+0330] {logging_mixin.py:190} INFO - [2026-08-30T23:21:17.409+0330] {dag.py:3239} INFO - Sync 1 DAGs
[2026-08-30T23:21:17.431+0330] {logging_mixin.py:190} INFO - [2026-08-30T23:21:17.430+0330] {dag.py:4180} INFO - Setting next_dagrun for example_task_group to None, run_after=None
[2026-08-30T23:21:17.460+0330] {processor.py:208} INFO - Processing /home/mmirnezamina/de_final_project/airflowenv/lib/python3.10/site-packages/airflow/example_dags/example_task_group.py took 0.103 seconds
[2026-08-30T23:21:47.763+0330] {processor.py:186} INFO - Started process (PID=15105) to work on /home/mmirnezamina/de_final_project/airflowenv/lib/python3.10/site-packages/airflow/example_dags/example_task_group.py
[2026-08-30T23:21:47.764+0330] {processor.py:914} INFO - Processing file /home/mmirnezamina/de_final_project/airflowenv/lib/python3.10/site-packages/airflow/example_dags/example_task_group.py for tasks to queue
[2026-08-30T23:21:47.765+0330] {logging_mixin.py:190} INFO - [2026-08-30T23:21:47.765+0330] {dagbag.py:588} INFO - Filling up the DagBag from /home/mmirnezamina/de_final_project/airflowenv/lib/python3.10/site-packages/airflow/example_dags/example_task_group.py
[2026-08-30T23:21:47.774+0330] {processor.py:925} INFO - DAG(s) 'example_task_group' retrieved from /home/mmirnezamina/de_final_project/airflowenv/lib/python3.10/site-packages/airflow/example_dags/example_task_group.py
[2026-08-30T23:21:47.812+0330] {logging_mixin.py:190} INFO - [2026-08-30T23:21:47.811+0330] {dag.py:3239} INFO - Sync 1 DAGs
[2026-08-30T23:21:47.834+0330] {logging_mixin.py:190} INFO - [2026-08-30T23:21:47.834+0330] {dag.py:4180} INFO - Setting next_dagrun for example_task_group to None, run_after=None
[2026-08-30T23:21:47.862+0330] {processor.py:208} INFO - Processing /home/mmirnezamina/de_final_project/airflowenv/lib/python3.10/site-packages/airflow/example_dags/example_task_group.py took 0.108 seconds
[2026-08-30T23:22:18.178+0330] {processor.py:186} INFO - Started process (PID=15224) to work on /home/mmirnezamina/de_final_project/airflowenv/lib/python3.10/site-packages/airflow/example_dags/example_task_group.py
[2026-08-30T23:22:18.179+0330] {processor.py:914} INFO - Processing file /home/mmirnezamina/de_final_project/airflowenv/lib/python3.10/site-packages/airflow/example_dags/example_task_group.py for tasks to queue
[2026-08-30T23:22:18.181+0330] {logging_mixin.py:190} INFO - [2026-08-30T23:22:18.180+0330] {dagbag.py:588} INFO - Filling up the DagBag from /home/mmirnezamina/de_final_project/airflowenv/lib/python3.10/site-packages/airflow/example_dags/example_task_group.py
[2026-08-30T23:22:18.192+0330] {processor.py:925} INFO - DAG(s) 'example_task_group' retrieved from /home/mmirnezamina/de_final_project/airflowenv/lib/python3.10/site-packages/airflow/example_dags/example_task_group.py
[2026-08-30T23:22:18.232+0330] {logging_mixin.py:190} INFO - [2026-08-30T23:22:18.231+0330] {dag.py:3239} INFO - Sync 1 DAGs
[2026-08-30T23:22:18.251+0330] {logging_mixin.py:190} INFO - [2026-08-30T23:22:18.251+0330] {dag.py:4180} INFO - Setting next_dagrun for example_task_group to None, run_after=None
[2026-08-30T23:22:18.281+0330] {processor.py:208} INFO - Processing /home/mmirnezamina/de_final_project/airflowenv/lib/python3.10/site-packages/airflow/example_dags/example_task_group.py took 0.116 seconds
[2026-08-30T23:22:49.211+0330] {processor.py:186} INFO - Started process (PID=15341) to work on /home/mmirnezamina/de_final_project/airflowenv/lib/python3.10/site-packages/airflow/example_dags/example_task_group.py
[2026-08-30T23:22:49.212+0330] {processor.py:914} INFO - Processing file /home/mmirnezamina/de_final_project/airflowenv/lib/python3.10/site-packages/airflow/example_dags/example_task_group.py for tasks to queue
[2026-08-30T23:22:49.214+0330] {logging_mixin.py:190} INFO - [2026-08-30T23:22:49.214+0330] {dagbag.py:588} INFO - Filling up the DagBag from /home/mmirnezamina/de_final_project/airflowenv/lib/python3.10/site-packages/airflow/example_dags/example_task_group.py
[2026-08-30T23:22:49.227+0330] {processor.py:925} INFO - DAG(s) 'example_task_group' retrieved from /home/mmirnezamina/de_final_project/airflowenv/lib/python3.10/site-packages/airflow/example_dags/example_task_group.py
[2026-08-30T23:22:49.277+0330] {logging_mixin.py:190} INFO - [2026-08-30T23:22:49.277+0330] {dag.py:3239} INFO - Sync 1 DAGs
[2026-08-30T23:22:49.302+0330] {logging_mixin.py:190} INFO - [2026-08-30T23:22:49.302+0330] {dag.py:4180} INFO - Setting next_dagrun for example_task_group to None, run_after=None
[2026-08-30T23:22:49.337+0330] {processor.py:208} INFO - Processing /home/mmirnezamina/de_final_project/airflowenv/lib/python3.10/site-packages/airflow/example_dags/example_task_group.py took 0.139 seconds
[2026-08-30T23:23:20.240+0330] {processor.py:186} INFO - Started process (PID=15461) to work on /home/mmirnezamina/de_final_project/airflowenv/lib/python3.10/site-packages/airflow/example_dags/example_task_group.py
[2026-08-30T23:23:20.248+0330] {processor.py:914} INFO - Processing file /home/mmirnezamina/de_final_project/airflowenv/lib/python3.10/site-packages/airflow/example_dags/example_task_group.py for tasks to queue
[2026-08-30T23:23:20.250+0330] {logging_mixin.py:190} INFO - [2026-08-30T23:23:20.250+0330] {dagbag.py:588} INFO - Filling up the DagBag from /home/mmirnezamina/de_final_project/airflowenv/lib/python3.10/site-packages/airflow/example_dags/example_task_group.py
[2026-08-30T23:23:20.266+0330] {processor.py:925} INFO - DAG(s) 'example_task_group' retrieved from /home/mmirnezamina/de_final_project/airflowenv/lib/python3.10/site-packages/airflow/example_dags/example_task_group.py
[2026-08-30T23:23:20.329+0330] {logging_mixin.py:190} INFO - [2026-08-30T23:23:20.329+0330] {dag.py:3239} INFO - Sync 1 DAGs
[2026-08-30T23:23:20.366+0330] {logging_mixin.py:190} INFO - [2026-08-30T23:23:20.366+0330] {dag.py:4180} INFO - Setting next_dagrun for example_task_group to None, run_after=None
[2026-08-30T23:23:20.423+0330] {processor.py:208} INFO - Processing /home/mmirnezamina/de_final_project/airflowenv/lib/python3.10/site-packages/airflow/example_dags/example_task_group.py took 0.200 seconds
[2026-08-30T23:23:51.045+0330] {processor.py:186} INFO - Started process (PID=15579) to work on /home/mmirnezamina/de_final_project/airflowenv/lib/python3.10/site-packages/airflow/example_dags/example_task_group.py
[2026-08-30T23:23:51.046+0330] {processor.py:914} INFO - Processing file /home/mmirnezamina/de_final_project/airflowenv/lib/python3.10/site-packages/airflow/example_dags/example_task_group.py for tasks to queue
[2026-08-30T23:23:51.047+0330] {logging_mixin.py:190} INFO - [2026-08-30T23:23:51.047+0330] {dagbag.py:588} INFO - Filling up the DagBag from /home/mmirnezamina/de_final_project/airflowenv/lib/python3.10/site-packages/airflow/example_dags/example_task_group.py
[2026-08-30T23:23:51.057+0330] {processor.py:925} INFO - DAG(s) 'example_task_group' retrieved from /home/mmirnezamina/de_final_project/airflowenv/lib/python3.10/site-packages/airflow/example_dags/example_task_group.py
[2026-08-30T23:23:51.091+0330] {logging_mixin.py:190} INFO - [2026-08-30T23:23:51.090+0330] {dag.py:3239} INFO - Sync 1 DAGs
[2026-08-30T23:23:51.108+0330] {logging_mixin.py:190} INFO - [2026-08-30T23:23:51.108+0330] {dag.py:4180} INFO - Setting next_dagrun for example_task_group to None, run_after=None
[2026-08-30T23:23:51.134+0330] {processor.py:208} INFO - Processing /home/mmirnezamina/de_final_project/airflowenv/lib/python3.10/site-packages/airflow/example_dags/example_task_group.py took 0.100 seconds
[2026-08-30T23:24:21.683+0330] {processor.py:186} INFO - Started process (PID=15699) to work on /home/mmirnezamina/de_final_project/airflowenv/lib/python3.10/site-packages/airflow/example_dags/example_task_group.py
[2026-08-30T23:24:21.686+0330] {processor.py:914} INFO - Processing file /home/mmirnezamina/de_final_project/airflowenv/lib/python3.10/site-packages/airflow/example_dags/example_task_group.py for tasks to queue
[2026-08-30T23:24:21.689+0330] {logging_mixin.py:190} INFO - [2026-08-30T23:24:21.688+0330] {dagbag.py:588} INFO - Filling up the DagBag from /home/mmirnezamina/de_final_project/airflowenv/lib/python3.10/site-packages/airflow/example_dags/example_task_group.py
[2026-08-30T23:24:21.704+0330] {processor.py:925} INFO - DAG(s) 'example_task_group' retrieved from /home/mmirnezamina/de_final_project/airflowenv/lib/python3.10/site-packages/airflow/example_dags/example_task_group.py
[2026-08-30T23:24:21.760+0330] {logging_mixin.py:190} INFO - [2026-08-30T23:24:21.759+0330] {dag.py:3239} INFO - Sync 1 DAGs
[2026-08-30T23:24:21.791+0330] {logging_mixin.py:190} INFO - [2026-08-30T23:24:21.790+0330] {dag.py:4180} INFO - Setting next_dagrun for example_task_group to None, run_after=None
[2026-08-30T23:24:21.827+0330] {processor.py:208} INFO - Processing /home/mmirnezamina/de_final_project/airflowenv/lib/python3.10/site-packages/airflow/example_dags/example_task_group.py took 0.162 seconds
[2026-08-30T23:24:52.173+0330] {processor.py:186} INFO - Started process (PID=15825) to work on /home/mmirnezamina/de_final_project/airflowenv/lib/python3.10/site-packages/airflow/example_dags/example_task_group.py
[2026-08-30T23:24:52.178+0330] {processor.py:914} INFO - Processing file /home/mmirnezamina/de_final_project/airflowenv/lib/python3.10/site-packages/airflow/example_dags/example_task_group.py for tasks to queue
[2026-08-30T23:24:52.182+0330] {logging_mixin.py:190} INFO - [2026-08-30T23:24:52.181+0330] {dagbag.py:588} INFO - Filling up the DagBag from /home/mmirnezamina/de_final_project/airflowenv/lib/python3.10/site-packages/airflow/example_dags/example_task_group.py
[2026-08-30T23:24:52.221+0330] {processor.py:925} INFO - DAG(s) 'example_task_group' retrieved from /home/mmirnezamina/de_final_project/airflowenv/lib/python3.10/site-packages/airflow/example_dags/example_task_group.py
[2026-08-30T23:24:52.307+0330] {logging_mixin.py:190} INFO - [2026-08-30T23:24:52.307+0330] {dag.py:3239} INFO - Sync 1 DAGs
[2026-08-30T23:24:52.345+0330] {logging_mixin.py:190} INFO - [2026-08-30T23:24:52.344+0330] {dag.py:4180} INFO - Setting next_dagrun for example_task_group to None, run_after=None
[2026-08-30T23:24:52.424+0330] {processor.py:208} INFO - Processing /home/mmirnezamina/de_final_project/airflowenv/lib/python3.10/site-packages/airflow/example_dags/example_task_group.py took 0.324 seconds
[2026-08-30T23:25:24.316+0330] {processor.py:186} INFO - Started process (PID=15965) to work on /home/mmirnezamina/de_final_project/airflowenv/lib/python3.10/site-packages/airflow/example_dags/example_task_group.py
[2026-08-30T23:25:24.319+0330] {processor.py:914} INFO - Processing file /home/mmirnezamina/de_final_project/airflowenv/lib/python3.10/site-packages/airflow/example_dags/example_task_group.py for tasks to queue
[2026-08-30T23:25:24.324+0330] {logging_mixin.py:190} INFO - [2026-08-30T23:25:24.323+0330] {dagbag.py:588} INFO - Filling up the DagBag from /home/mmirnezamina/de_final_project/airflowenv/lib/python3.10/site-packages/airflow/example_dags/example_task_group.py
[2026-08-30T23:25:24.384+0330] {processor.py:925} INFO - DAG(s) 'example_task_group' retrieved from /home/mmirnezamina/de_final_project/airflowenv/lib/python3.10/site-packages/airflow/example_dags/example_task_group.py
[2026-08-30T23:25:24.455+0330] {logging_mixin.py:190} INFO - [2026-08-30T23:25:24.455+0330] {dag.py:3239} INFO - Sync 1 DAGs
[2026-08-30T23:25:24.613+0330] {logging_mixin.py:190} INFO - [2026-08-30T23:25:24.612+0330] {dag.py:4180} INFO - Setting next_dagrun for example_task_group to None, run_after=None
[2026-08-30T23:25:24.715+0330] {processor.py:208} INFO - Processing /home/mmirnezamina/de_final_project/airflowenv/lib/python3.10/site-packages/airflow/example_dags/example_task_group.py took 0.439 seconds
[2026-08-30T23:25:55.601+0330] {processor.py:186} INFO - Started process (PID=16098) to work on /home/mmirnezamina/de_final_project/airflowenv/lib/python3.10/site-packages/airflow/example_dags/example_task_group.py
[2026-08-30T23:25:55.601+0330] {processor.py:914} INFO - Processing file /home/mmirnezamina/de_final_project/airflowenv/lib/python3.10/site-packages/airflow/example_dags/example_task_group.py for tasks to queue
[2026-08-30T23:25:55.602+0330] {logging_mixin.py:190} INFO - [2026-08-30T23:25:55.602+0330] {dagbag.py:588} INFO - Filling up the DagBag from /home/mmirnezamina/de_final_project/airflowenv/lib/python3.10/site-packages/airflow/example_dags/example_task_group.py
[2026-08-30T23:25:55.612+0330] {processor.py:925} INFO - DAG(s) 'example_task_group' retrieved from /home/mmirnezamina/de_final_project/airflowenv/lib/python3.10/site-packages/airflow/example_dags/example_task_group.py
[2026-08-30T23:25:55.640+0330] {logging_mixin.py:190} INFO - [2026-08-30T23:25:55.640+0330] {dag.py:3239} INFO - Sync 1 DAGs
[2026-08-30T23:25:55.656+0330] {logging_mixin.py:190} INFO - [2026-08-30T23:25:55.655+0330] {dag.py:4180} INFO - Setting next_dagrun for example_task_group to None, run_after=None
[2026-08-30T23:25:55.679+0330] {processor.py:208} INFO - Processing /home/mmirnezamina/de_final_project/airflowenv/lib/python3.10/site-packages/airflow/example_dags/example_task_group.py took 0.090 seconds
[2026-08-30T23:26:25.986+0330] {processor.py:186} INFO - Started process (PID=16218) to work on /home/mmirnezamina/de_final_project/airflowenv/lib/python3.10/site-packages/airflow/example_dags/example_task_group.py
[2026-08-30T23:26:25.990+0330] {processor.py:914} INFO - Processing file /home/mmirnezamina/de_final_project/airflowenv/lib/python3.10/site-packages/airflow/example_dags/example_task_group.py for tasks to queue
[2026-08-30T23:26:25.994+0330] {logging_mixin.py:190} INFO - [2026-08-30T23:26:25.993+0330] {dagbag.py:588} INFO - Filling up the DagBag from /home/mmirnezamina/de_final_project/airflowenv/lib/python3.10/site-packages/airflow/example_dags/example_task_group.py
[2026-08-30T23:26:26.020+0330] {processor.py:925} INFO - DAG(s) 'example_task_group' retrieved from /home/mmirnezamina/de_final_project/airflowenv/lib/python3.10/site-packages/airflow/example_dags/example_task_group.py
[2026-08-30T23:26:26.120+0330] {logging_mixin.py:190} INFO - [2026-08-30T23:26:26.118+0330] {dag.py:3239} INFO - Sync 1 DAGs
[2026-08-30T23:26:26.204+0330] {logging_mixin.py:190} INFO - [2026-08-30T23:26:26.203+0330] {dag.py:4180} INFO - Setting next_dagrun for example_task_group to None, run_after=None
[2026-08-30T23:26:26.266+0330] {processor.py:208} INFO - Processing /home/mmirnezamina/de_final_project/airflowenv/lib/python3.10/site-packages/airflow/example_dags/example_task_group.py took 0.314 seconds
[2026-08-30T23:26:56.733+0330] {processor.py:186} INFO - Started process (PID=16334) to work on /home/mmirnezamina/de_final_project/airflowenv/lib/python3.10/site-packages/airflow/example_dags/example_task_group.py
[2026-08-30T23:26:56.735+0330] {processor.py:914} INFO - Processing file /home/mmirnezamina/de_final_project/airflowenv/lib/python3.10/site-packages/airflow/example_dags/example_task_group.py for tasks to queue
[2026-08-30T23:26:56.737+0330] {logging_mixin.py:190} INFO - [2026-08-30T23:26:56.736+0330] {dagbag.py:588} INFO - Filling up the DagBag from /home/mmirnezamina/de_final_project/airflowenv/lib/python3.10/site-packages/airflow/example_dags/example_task_group.py
[2026-08-30T23:26:56.753+0330] {processor.py:925} INFO - DAG(s) 'example_task_group' retrieved from /home/mmirnezamina/de_final_project/airflowenv/lib/python3.10/site-packages/airflow/example_dags/example_task_group.py
[2026-08-30T23:26:56.816+0330] {logging_mixin.py:190} INFO - [2026-08-30T23:26:56.816+0330] {dag.py:3239} INFO - Sync 1 DAGs
[2026-08-30T23:26:56.854+0330] {logging_mixin.py:190} INFO - [2026-08-30T23:26:56.853+0330] {dag.py:4180} INFO - Setting next_dagrun for example_task_group to None, run_after=None
[2026-08-30T23:26:56.902+0330] {processor.py:208} INFO - Processing /home/mmirnezamina/de_final_project/airflowenv/lib/python3.10/site-packages/airflow/example_dags/example_task_group.py took 0.185 seconds
[2026-08-30T23:27:54.124+0330] {processor.py:186} INFO - Started process (PID=16464) to work on /home/mmirnezamina/de_final_project/airflowenv/lib/python3.10/site-packages/airflow/example_dags/example_task_group.py
[2026-08-30T23:27:54.140+0330] {processor.py:914} INFO - Processing file /home/mmirnezamina/de_final_project/airflowenv/lib/python3.10/site-packages/airflow/example_dags/example_task_group.py for tasks to queue
[2026-08-30T23:27:54.158+0330] {logging_mixin.py:190} INFO - [2026-08-30T23:27:54.156+0330] {dagbag.py:588} INFO - Filling up the DagBag from /home/mmirnezamina/de_final_project/airflowenv/lib/python3.10/site-packages/airflow/example_dags/example_task_group.py
[2026-08-30T23:27:54.230+0330] {processor.py:925} INFO - DAG(s) 'example_task_group' retrieved from /home/mmirnezamina/de_final_project/airflowenv/lib/python3.10/site-packages/airflow/example_dags/example_task_group.py
[2026-08-30T23:27:54.724+0330] {logging_mixin.py:190} INFO - [2026-08-30T23:27:54.719+0330] {override.py:1930} INFO - Created Permission View: can delete on DAG:example_task_group
[2026-08-30T23:27:54.793+0330] {logging_mixin.py:190} INFO - [2026-08-30T23:27:54.792+0330] {override.py:1930} INFO - Created Permission View: can read on DAG:example_task_group
[2026-08-30T23:27:54.834+0330] {logging_mixin.py:190} INFO - [2026-08-30T23:27:54.833+0330] {override.py:1930} INFO - Created Permission View: can edit on DAG:example_task_group
[2026-08-30T23:27:54.902+0330] {logging_mixin.py:190} INFO - [2026-08-30T23:27:54.901+0330] {override.py:1930} INFO - Created Permission View: can create on DAG Run:example_task_group
[2026-08-30T23:27:54.936+0330] {logging_mixin.py:190} INFO - [2026-08-30T23:27:54.935+0330] {override.py:1930} INFO - Created Permission View: can delete on DAG Run:example_task_group
[2026-08-30T23:27:54.969+0330] {logging_mixin.py:190} INFO - [2026-08-30T23:27:54.968+0330] {override.py:1930} INFO - Created Permission View: can read on DAG Run:example_task_group
[2026-08-30T23:27:55.002+0330] {logging_mixin.py:190} INFO - [2026-08-30T23:27:55.001+0330] {override.py:1930} INFO - Created Permission View: menu access on DAG Run:example_task_group
[2026-08-30T23:27:55.003+0330] {logging_mixin.py:190} INFO - [2026-08-30T23:27:55.002+0330] {dag.py:3239} INFO - Sync 1 DAGs
[2026-08-30T23:27:55.061+0330] {logging_mixin.py:190} INFO - [2026-08-30T23:27:55.060+0330] {dag.py:3262} INFO - Creating ORM DAG for example_task_group
[2026-08-30T23:27:55.064+0330] {logging_mixin.py:190} INFO - [2026-08-30T23:27:55.063+0330] {dag.py:4180} INFO - Setting next_dagrun for example_task_group to None, run_after=None
[2026-08-30T23:27:55.134+0330] {processor.py:208} INFO - Processing /home/mmirnezamina/de_final_project/airflowenv/lib/python3.10/site-packages/airflow/example_dags/example_task_group.py took 1.112 seconds
