[2026-08-30T23:13:33.221+0330] {processor.py:186} INFO - Started process (PID=13120) to work on /home/mmirnezamina/de_final_project/airflowenv/lib/python3.10/site-packages/airflow/example_dags/example_xcomargs.py
[2026-08-30T23:13:33.225+0330] {processor.py:914} INFO - Processing file /home/mmirnezamina/de_final_project/airflowenv/lib/python3.10/site-packages/airflow/example_dags/example_xcomargs.py for tasks to queue
[2026-08-30T23:13:33.231+0330] {logging_mixin.py:190} INFO - [2026-08-30T23:13:33.230+0330] {dagbag.py:588} INFO - Filling up the DagBag from /home/mmirnezamina/de_final_project/airflowenv/lib/python3.10/site-packages/airflow/example_dags/example_xcomargs.py
[2026-08-30T23:13:33.301+0330] {processor.py:925} INFO - DAG(s) 'example_xcom_args', 'example_xcom_args_with_operators' retrieved from /home/mmirnezamina/de_final_project/airflowenv/lib/python3.10/site-packages/airflow/example_dags/example_xcomargs.py
[2026-08-30T23:13:33.929+0330] {logging_mixin.py:190} INFO - [2026-08-30T23:13:33.920+0330] {override.py:1930} INFO - Created Permission View: can edit on DAG:example_xcom_args
[2026-08-30T23:13:33.970+0330] {logging_mixin.py:190} INFO - [2026-08-30T23:13:33.969+0330] {override.py:1930} INFO - Created Permission View: can read on DAG:example_xcom_args
[2026-08-30T23:13:34.012+0330] {logging_mixin.py:190} INFO - [2026-08-30T23:13:34.011+0330] {override.py:1930} INFO - Created Permission View: can delete on DAG:example_xcom_args
[2026-08-30T23:13:34.049+0330] {logging_mixin.py:190} INFO - [2026-08-30T23:13:34.048+0330] {override.py:1930} INFO - Created Permission View: menu access on DAG Run:example_xcom_args
[2026-08-30T23:13:34.086+0330] {logging_mixin.py:190} INFO - [2026-08-30T23:13:34.084+0330] {override.py:1930} INFO - Created Permission View: can create on DAG Run:example_xcom_args
[2026-08-30T23:13:34.130+0330] {logging_mixin.py:190} INFO - [2026-08-30T23:13:34.129+0330] {override.py:1930} INFO - Created Permission View: can read on DAG Run:example_xcom_args
[2026-08-30T23:13:34.188+0330] {logging_mixin.py:190} INFO - [2026-08-30T23:13:34.186+0330] {override.py:1930} INFO - Created Permission View: can delete on DAG Run:example_xcom_args
[2026-08-30T23:13:34.265+0330] {logging_mixin.py:190} INFO - [2026-08-30T23:13:34.264+0330] {override.py:1930} INFO - Created Permission View: can edit on DAG:example_xcom_args_with_operators
[2026-08-30T23:13:34.297+0330] {logging_mixin.py:190} INFO - [2026-08-30T23:13:34.296+0330] {override.py:1930} INFO - Created Permission View: can read on DAG:example_xcom_args_with_operators
[2026-08-30T23:13:34.335+0330] {logging_mixin.py:190} INFO - [2026-08-30T23:13:34.333+0330] {override.py:1930} INFO - Created Permission View: can delete on DAG:example_xcom_args_with_operators
[2026-08-30T23:13:34.375+0330] {logging_mixin.py:190} INFO - [2026-08-30T23:13:34.374+0330] {override.py:1930} INFO - Created Permission View: menu access on DAG Run:example_xcom_args_with_operators
[2026-08-30T23:13:34.412+0330] {logging_mixin.py:190} INFO - [2026-08-30T23:13:34.411+0330] {override.py:1930} INFO - Created Permission View: can create on DAG Run:example_xcom_args_with_operators
[2026-08-30T23:13:34.448+0330] {logging_mixin.py:190} INFO - [2026-08-30T23:13:34.446+0330] {override.py:1930} INFO - Created Permission View: can read on DAG Run:example_xcom_args_with_operators
[2026-08-30T23:13:34.479+0330] {logging_mixin.py:190} INFO - [2026-08-30T23:13:34.478+0330] {override.py:1930} INFO - Created Permission View: can delete on DAG Run:example_xcom_args_with_operators
[2026-08-30T23:13:34.480+0330] {logging_mixin.py:190} INFO - [2026-08-30T23:13:34.480+0330] {dag.py:3239} INFO - Sync 2 DAGs
[2026-08-30T23:13:34.542+0330] {logging_mixin.py:190} INFO - [2026-08-30T23:13:34.541+0330] {dag.py:3262} INFO - Creating ORM DAG for example_xcom_args
[2026-08-30T23:13:34.544+0330] {logging_mixin.py:190} INFO - [2026-08-30T23:13:34.543+0330] {dag.py:3262} INFO - Creating ORM DAG for example_xcom_args_with_operators
[2026-08-30T23:13:34.546+0330] {logging_mixin.py:190} INFO - [2026-08-30T23:13:34.545+0330] {dag.py:4180} INFO - Setting next_dagrun for example_xcom_args to None, run_after=None
[2026-08-30T23:13:34.547+0330] {logging_mixin.py:190} INFO - [2026-08-30T23:13:34.547+0330] {dag.py:4180} INFO - Setting next_dagrun for example_xcom_args_with_operators to None, run_after=None
[2026-08-30T23:13:34.625+0330] {processor.py:208} INFO - Processing /home/mmirnezamina/de_final_project/airflowenv/lib/python3.10/site-packages/airflow/example_dags/example_xcomargs.py took 1.450 seconds
[2026-08-30T23:14:05.351+0330] {processor.py:186} INFO - Started process (PID=13252) to work on /home/mmirnezamina/de_final_project/airflowenv/lib/python3.10/site-packages/airflow/example_dags/example_xcomargs.py
[2026-08-30T23:14:05.351+0330] {processor.py:914} INFO - Processing file /home/mmirnezamina/de_final_project/airflowenv/lib/python3.10/site-packages/airflow/example_dags/example_xcomargs.py for tasks to queue
[2026-08-30T23:14:05.352+0330] {logging_mixin.py:190} INFO - [2026-08-30T23:14:05.352+0330] {dagbag.py:588} INFO - Filling up the DagBag from /home/mmirnezamina/de_final_project/airflowenv/lib/python3.10/site-packages/airflow/example_dags/example_xcomargs.py
[2026-08-30T23:14:05.363+0330] {processor.py:925} INFO - DAG(s) 'example_xcom_args', 'example_xcom_args_with_operators' retrieved from /home/mmirnezamina/de_final_project/airflowenv/lib/python3.10/site-packages/airflow/example_dags/example_xcomargs.py
[2026-08-30T23:14:05.398+0330] {logging_mixin.py:190} INFO - [2026-08-30T23:14:05.398+0330] {dag.py:3239} INFO - Sync 2 DAGs
[2026-08-30T23:14:05.413+0330] {logging_mixin.py:190} INFO - [2026-08-30T23:14:05.413+0330] {dag.py:4180} INFO - Setting next_dagrun for example_xcom_args to None, run_after=None
[2026-08-30T23:14:05.417+0330] {logging_mixin.py:190} INFO - [2026-08-30T23:14:05.417+0330] {dag.py:4180} INFO - Setting next_dagrun for example_xcom_args_with_operators to None, run_after=None
[2026-08-30T23:14:05.463+0330] {processor.py:208} INFO - Processing /home/mmirnezamina/de_final_project/airflowenv/lib/python3.10/site-packages/airflow/example_dags/example_xcomargs.py took 0.124 seconds
[2026-08-30T23:14:35.706+0330] {processor.py:186} INFO - Started process (PID=13369) to work on /home/mmirnezamina/de_final_project/airflowenv/lib/python3.10/site-packages/airflow/example_dags/example_xcomargs.py
[2026-08-30T23:14:35.709+0330] {processor.py:914} INFO - Processing file /home/mmirnezamina/de_final_project/airflowenv/lib/python3.10/site-packages/airflow/example_dags/example_xcomargs.py for tasks to queue
[2026-08-30T23:14:35.711+0330] {logging_mixin.py:190} INFO - [2026-08-30T23:14:35.711+0330] {dagbag.py:588} INFO - Filling up the DagBag from /home/mmirnezamina/de_final_project/airflowenv/lib/python3.10/site-packages/airflow/example_dags/example_xcomargs.py
[2026-08-30T23:14:35.734+0330] {processor.py:925} INFO - DAG(s) 'example_xcom_args', 'example_xcom_args_with_operators' retrieved from /home/mmirnezamina/de_final_project/airflowenv/lib/python3.10/site-packages/airflow/example_dags/example_xcomargs.py
[2026-08-30T23:14:35.786+0330] {logging_mixin.py:190} INFO - [2026-08-30T23:14:35.785+0330] {dag.py:3239} INFO - Sync 2 DAGs
[2026-08-30T23:14:35.808+0330] {logging_mixin.py:190} INFO - [2026-08-30T23:14:35.808+0330] {dag.py:4180} INFO - Setting next_dagrun for example_xcom_args to None, run_after=None
[2026-08-30T23:14:35.815+0330] {logging_mixin.py:190} INFO - [2026-08-30T23:14:35.815+0330] {dag.py:4180} INFO - Setting next_dagrun for example_xcom_args_with_operators to None, run_after=None
[2026-08-30T23:14:35.852+0330] {processor.py:208} INFO - Processing /home/mmirnezamina/de_final_project/airflowenv/lib/python3.10/site-packages/airflow/example_dags/example_xcomargs.py took 0.163 seconds
[2026-08-30T23:15:06.256+0330] {processor.py:186} INFO - Started process (PID=13490) to work on /home/mmirnezamina/de_final_project/airflowenv/lib/python3.10/site-packages/airflow/example_dags/example_xcomargs.py
[2026-08-30T23:15:06.259+0330] {processor.py:914} INFO - Processing file /home/mmirnezamina/de_final_project/airflowenv/lib/python3.10/site-packages/airflow/example_dags/example_xcomargs.py for tasks to queue
[2026-08-30T23:15:06.261+0330] {logging_mixin.py:190} INFO - [2026-08-30T23:15:06.261+0330] {dagbag.py:588} INFO - Filling up the DagBag from /home/mmirnezamina/de_final_project/airflowenv/lib/python3.10/site-packages/airflow/example_dags/example_xcomargs.py
[2026-08-30T23:15:06.275+0330] {processor.py:925} INFO - DAG(s) 'example_xcom_args_with_operators', 'example_xcom_args' retrieved from /home/mmirnezamina/de_final_project/airflowenv/lib/python3.10/site-packages/airflow/example_dags/example_xcomargs.py
[2026-08-30T23:15:06.324+0330] {logging_mixin.py:190} INFO - [2026-08-30T23:15:06.324+0330] {dag.py:3239} INFO - Sync 2 DAGs
[2026-08-30T23:15:06.347+0330] {logging_mixin.py:190} INFO - [2026-08-30T23:15:06.346+0330] {dag.py:4180} INFO - Setting next_dagrun for example_xcom_args to None, run_after=None
[2026-08-30T23:15:06.351+0330] {logging_mixin.py:190} INFO - [2026-08-30T23:15:06.351+0330] {dag.py:4180} INFO - Setting next_dagrun for example_xcom_args_with_operators to None, run_after=None
[2026-08-30T23:15:06.374+0330] {processor.py:208} INFO - Processing /home/mmirnezamina/de_final_project/airflowenv/lib/python3.10/site-packages/airflow/example_dags/example_xcomargs.py took 0.130 seconds
[2026-08-30T23:15:36.985+0330] {processor.py:186} INFO - Started process (PID=13609) to work on /home/mmirnezamina/de_final_project/airflowenv/lib/python3.10/site-packages/airflow/example_dags/example_xcomargs.py
[2026-08-30T23:15:36.986+0330] {processor.py:914} INFO - Processing file /home/mmirnezamina/de_final_project/airflowenv/lib/python3.10/site-packages/airflow/example_dags/example_xcomargs.py for tasks to queue
[2026-08-30T23:15:36.988+0330] {logging_mixin.py:190} INFO - [2026-08-30T23:15:36.987+0330] {dagbag.py:588} INFO - Filling up the DagBag from /home/mmirnezamina/de_final_project/airflowenv/lib/python3.10/site-packages/airflow/example_dags/example_xcomargs.py
[2026-08-30T23:15:36.997+0330] {processor.py:925} INFO - DAG(s) 'example_xcom_args_with_operators', 'example_xcom_args' retrieved from /home/mmirnezamina/de_final_project/airflowenv/lib/python3.10/site-packages/airflow/example_dags/example_xcomargs.py
[2026-08-30T23:15:37.037+0330] {logging_mixin.py:190} INFO - [2026-08-30T23:15:37.037+0330] {dag.py:3239} INFO - Sync 2 DAGs
[2026-08-30T23:15:37.059+0330] {logging_mixin.py:190} INFO - [2026-08-30T23:15:37.059+0330] {dag.py:4180} INFO - Setting next_dagrun for example_xcom_args to None, run_after=None
[2026-08-30T23:15:37.065+0330] {logging_mixin.py:190} INFO - [2026-08-30T23:15:37.064+0330] {dag.py:4180} INFO - Setting next_dagrun for example_xcom_args_with_operators to None, run_after=None
[2026-08-30T23:15:37.095+0330] {processor.py:208} INFO - Processing /home/mmirnezamina/de_final_project/airflowenv/lib/python3.10/site-packages/airflow/example_dags/example_xcomargs.py took 0.120 seconds
[2026-08-30T23:16:07.396+0330] {processor.py:186} INFO - Started process (PID=13727) to work on /home/mmirnezamina/de_final_project/airflowenv/lib/python3.10/site-packages/airflow/example_dags/example_xcomargs.py
[2026-08-30T23:16:07.397+0330] {processor.py:914} INFO - Processing file /home/mmirnezamina/de_final_project/airflowenv/lib/python3.10/site-packages/airflow/example_dags/example_xcomargs.py for tasks to queue
[2026-08-30T23:16:07.398+0330] {logging_mixin.py:190} INFO - [2026-08-30T23:16:07.398+0330] {dagbag.py:588} INFO - Filling up the DagBag from /home/mmirnezamina/de_final_project/airflowenv/lib/python3.10/site-packages/airflow/example_dags/example_xcomargs.py
[2026-08-30T23:16:07.409+0330] {processor.py:925} INFO - DAG(s) 'example_xcom_args', 'example_xcom_args_with_operators' retrieved from /home/mmirnezamina/de_final_project/airflowenv/lib/python3.10/site-packages/airflow/example_dags/example_xcomargs.py
[2026-08-30T23:16:07.444+0330] {logging_mixin.py:190} INFO - [2026-08-30T23:16:07.443+0330] {dag.py:3239} INFO - Sync 2 DAGs
[2026-08-30T23:16:07.462+0330] {logging_mixin.py:190} INFO - [2026-08-30T23:16:07.461+0330] {dag.py:4180} INFO - Setting next_dagrun for example_xcom_args to None, run_after=None
[2026-08-30T23:16:07.466+0330] {logging_mixin.py:190} INFO - [2026-08-30T23:16:07.466+0330] {dag.py:4180} INFO - Setting next_dagrun for example_xcom_args_with_operators to None, run_after=None
[2026-08-30T23:16:07.491+0330] {processor.py:208} INFO - Processing /home/mmirnezamina/de_final_project/airflowenv/lib/python3.10/site-packages/airflow/example_dags/example_xcomargs.py took 0.103 seconds
[2026-08-30T23:16:37.529+0330] {processor.py:186} INFO - Started process (PID=13846) to work on /home/mmirnezamina/de_final_project/airflowenv/lib/python3.10/site-packages/airflow/example_dags/example_xcomargs.py
[2026-08-30T23:16:37.530+0330] {processor.py:914} INFO - Processing file /home/mmirnezamina/de_final_project/airflowenv/lib/python3.10/site-packages/airflow/example_dags/example_xcomargs.py for tasks to queue
[2026-08-30T23:16:37.532+0330] {logging_mixin.py:190} INFO - [2026-08-30T23:16:37.531+0330] {dagbag.py:588} INFO - Filling up the DagBag from /home/mmirnezamina/de_final_project/airflowenv/lib/python3.10/site-packages/airflow/example_dags/example_xcomargs.py
[2026-08-30T23:16:37.541+0330] {processor.py:925} INFO - DAG(s) 'example_xcom_args', 'example_xcom_args_with_operators' retrieved from /home/mmirnezamina/de_final_project/airflowenv/lib/python3.10/site-packages/airflow/example_dags/example_xcomargs.py
[2026-08-30T23:16:37.574+0330] {logging_mixin.py:190} INFO - [2026-08-30T23:16:37.574+0330] {dag.py:3239} INFO - Sync 2 DAGs
[2026-08-30T23:16:37.591+0330] {logging_mixin.py:190} INFO - [2026-08-30T23:16:37.590+0330] {dag.py:4180} INFO - Setting next_dagrun for example_xcom_args to None, run_after=None
[2026-08-30T23:16:37.595+0330] {logging_mixin.py:190} INFO - [2026-08-30T23:16:37.595+0330] {dag.py:4180} INFO - Setting next_dagrun for example_xcom_args_with_operators to None, run_after=None
[2026-08-30T23:16:37.618+0330] {processor.py:208} INFO - Processing /home/mmirnezamina/de_final_project/airflowenv/lib/python3.10/site-packages/airflow/example_dags/example_xcomargs.py took 0.099 seconds
[2026-08-30T23:17:08.585+0330] {processor.py:186} INFO - Started process (PID=14010) to work on /home/mmirnezamina/de_final_project/airflowenv/lib/python3.10/site-packages/airflow/example_dags/example_xcomargs.py
[2026-08-30T23:17:08.587+0330] {processor.py:914} INFO - Processing file /home/mmirnezamina/de_final_project/airflowenv/lib/python3.10/site-packages/airflow/example_dags/example_xcomargs.py for tasks to queue
[2026-08-30T23:17:08.588+0330] {logging_mixin.py:190} INFO - [2026-08-30T23:17:08.588+0330] {dagbag.py:588} INFO - Filling up the DagBag from /home/mmirnezamina/de_final_project/airflowenv/lib/python3.10/site-packages/airflow/example_dags/example_xcomargs.py
[2026-08-30T23:17:08.605+0330] {processor.py:925} INFO - DAG(s) 'example_xcom_args', 'example_xcom_args_with_operators' retrieved from /home/mmirnezamina/de_final_project/airflowenv/lib/python3.10/site-packages/airflow/example_dags/example_xcomargs.py
[2026-08-30T23:17:08.660+0330] {logging_mixin.py:190} INFO - [2026-08-30T23:17:08.659+0330] {dag.py:3239} INFO - Sync 2 DAGs
[2026-08-30T23:17:08.690+0330] {logging_mixin.py:190} INFO - [2026-08-30T23:17:08.689+0330] {dag.py:4180} INFO - Setting next_dagrun for example_xcom_args to None, run_after=None
[2026-08-30T23:17:08.696+0330] {logging_mixin.py:190} INFO - [2026-08-30T23:17:08.696+0330] {dag.py:4180} INFO - Setting next_dagrun for example_xcom_args_with_operators to None, run_after=None
[2026-08-30T23:17:08.731+0330] {processor.py:208} INFO - Processing /home/mmirnezamina/de_final_project/airflowenv/lib/python3.10/site-packages/airflow/example_dags/example_xcomargs.py took 0.159 seconds
[2026-08-30T23:17:40.293+0330] {processor.py:186} INFO - Started process (PID=14139) to work on /home/mmirnezamina/de_final_project/airflowenv/lib/python3.10/site-packages/airflow/example_dags/example_xcomargs.py
[2026-08-30T23:17:40.300+0330] {processor.py:914} INFO - Processing file /home/mmirnezamina/de_final_project/airflowenv/lib/python3.10/site-packages/airflow/example_dags/example_xcomargs.py for tasks to queue
[2026-08-30T23:17:40.309+0330] {logging_mixin.py:190} INFO - [2026-08-30T23:17:40.306+0330] {dagbag.py:588} INFO - Filling up the DagBag from /home/mmirnezamina/de_final_project/airflowenv/lib/python3.10/site-packages/airflow/example_dags/example_xcomargs.py
[2026-08-30T23:17:40.373+0330] {processor.py:925} INFO - DAG(s) 'example_xcom_args', 'example_xcom_args_with_operators' retrieved from /home/mmirnezamina/de_final_project/airflowenv/lib/python3.10/site-packages/airflow/example_dags/example_xcomargs.py
[2026-08-30T23:17:40.485+0330] {logging_mixin.py:190} INFO - [2026-08-30T23:17:40.485+0330] {dag.py:3239} INFO - Sync 2 DAGs
[2026-08-30T23:17:40.544+0330] {logging_mixin.py:190} INFO - [2026-08-30T23:17:40.543+0330] {dag.py:4180} INFO - Setting next_dagrun for example_xcom_args to None, run_after=None
[2026-08-30T23:17:40.560+0330] {logging_mixin.py:190} INFO - [2026-08-30T23:17:40.558+0330] {dag.py:4180} INFO - Setting next_dagrun for example_xcom_args_with_operators to None, run_after=None
[2026-08-30T23:17:40.629+0330] {processor.py:208} INFO - Processing /home/mmirnezamina/de_final_project/airflowenv/lib/python3.10/site-packages/airflow/example_dags/example_xcomargs.py took 0.374 seconds
[2026-08-30T23:18:11.008+0330] {processor.py:186} INFO - Started process (PID=14254) to work on /home/mmirnezamina/de_final_project/airflowenv/lib/python3.10/site-packages/airflow/example_dags/example_xcomargs.py
[2026-08-30T23:18:11.009+0330] {processor.py:914} INFO - Processing file /home/mmirnezamina/de_final_project/airflowenv/lib/python3.10/site-packages/airflow/example_dags/example_xcomargs.py for tasks to queue
[2026-08-30T23:18:11.010+0330] {logging_mixin.py:190} INFO - [2026-08-30T23:18:11.010+0330] {dagbag.py:588} INFO - Filling up the DagBag from /home/mmirnezamina/de_final_project/airflowenv/lib/python3.10/site-packages/airflow/example_dags/example_xcomargs.py
[2026-08-30T23:18:11.022+0330] {processor.py:925} INFO - DAG(s) 'example_xcom_args', 'example_xcom_args_with_operators' retrieved from /home/mmirnezamina/de_final_project/airflowenv/lib/python3.10/site-packages/airflow/example_dags/example_xcomargs.py
[2026-08-30T23:18:11.075+0330] {logging_mixin.py:190} INFO - [2026-08-30T23:18:11.075+0330] {dag.py:3239} INFO - Sync 2 DAGs
[2026-08-30T23:18:11.105+0330] {logging_mixin.py:190} INFO - [2026-08-30T23:18:11.104+0330] {dag.py:4180} INFO - Setting next_dagrun for example_xcom_args to None, run_after=None
[2026-08-30T23:18:11.111+0330] {logging_mixin.py:190} INFO - [2026-08-30T23:18:11.111+0330] {dag.py:4180} INFO - Setting next_dagrun for example_xcom_args_with_operators to None, run_after=None
[2026-08-30T23:18:11.150+0330] {processor.py:208} INFO - Processing /home/mmirnezamina/de_final_project/airflowenv/lib/python3.10/site-packages/airflow/example_dags/example_xcomargs.py took 0.155 seconds
[2026-08-30T23:18:41.634+0330] {processor.py:186} INFO - Started process (PID=14373) to work on /home/mmirnezamina/de_final_project/airflowenv/lib/python3.10/site-packages/airflow/example_dags/example_xcomargs.py
[2026-08-30T23:18:41.635+0330] {processor.py:914} INFO - Processing file /home/mmirnezamina/de_final_project/airflowenv/lib/python3.10/site-packages/airflow/example_dags/example_xcomargs.py for tasks to queue
[2026-08-30T23:18:41.636+0330] {logging_mixin.py:190} INFO - [2026-08-30T23:18:41.636+0330] {dagbag.py:588} INFO - Filling up the DagBag from /home/mmirnezamina/de_final_project/airflowenv/lib/python3.10/site-packages/airflow/example_dags/example_xcomargs.py
[2026-08-30T23:18:41.647+0330] {processor.py:925} INFO - DAG(s) 'example_xcom_args', 'example_xcom_args_with_operators' retrieved from /home/mmirnezamina/de_final_project/airflowenv/lib/python3.10/site-packages/airflow/example_dags/example_xcomargs.py
[2026-08-30T23:18:41.686+0330] {logging_mixin.py:190} INFO - [2026-08-30T23:18:41.685+0330] {dag.py:3239} INFO - Sync 2 DAGs
[2026-08-30T23:18:41.704+0330] {logging_mixin.py:190} INFO - [2026-08-30T23:18:41.703+0330] {dag.py:4180} INFO - Setting next_dagrun for example_xcom_args to None, run_after=None
[2026-08-30T23:18:41.708+0330] {logging_mixin.py:190} INFO - [2026-08-30T23:18:41.708+0330] {dag.py:4180} INFO - Setting next_dagrun for example_xcom_args_with_operators to None, run_after=None
[2026-08-30T23:18:41.734+0330] {processor.py:208} INFO - Processing /home/mmirnezamina/de_final_project/airflowenv/lib/python3.10/site-packages/airflow/example_dags/example_xcomargs.py took 0.111 seconds
[2026-08-30T23:19:12.241+0330] {processor.py:186} INFO - Started process (PID=14491) to work on /home/mmirnezamina/de_final_project/airflowenv/lib/python3.10/site-packages/airflow/example_dags/example_xcomargs.py
[2026-08-30T23:19:12.242+0330] {processor.py:914} INFO - Processing file /home/mmirnezamina/de_final_project/airflowenv/lib/python3.10/site-packages/airflow/example_dags/example_xcomargs.py for tasks to queue
[2026-08-30T23:19:12.244+0330] {logging_mixin.py:190} INFO - [2026-08-30T23:19:12.244+0330] {dagbag.py:588} INFO - Filling up the DagBag from /home/mmirnezamina/de_final_project/airflowenv/lib/python3.10/site-packages/airflow/example_dags/example_xcomargs.py
[2026-08-30T23:19:12.257+0330] {processor.py:925} INFO - DAG(s) 'example_xcom_args', 'example_xcom_args_with_operators' retrieved from /home/mmirnezamina/de_final_project/airflowenv/lib/python3.10/site-packages/airflow/example_dags/example_xcomargs.py
[2026-08-30T23:19:12.320+0330] {logging_mixin.py:190} INFO - [2026-08-30T23:19:12.319+0330] {dag.py:3239} INFO - Sync 2 DAGs
[2026-08-30T23:19:12.340+0330] {logging_mixin.py:190} INFO - [2026-08-30T23:19:12.339+0330] {dag.py:4180} INFO - Setting next_dagrun for example_xcom_args to None, run_after=None
[2026-08-30T23:19:12.345+0330] {logging_mixin.py:190} INFO - [2026-08-30T23:19:12.345+0330] {dag.py:4180} INFO - Setting next_dagrun for example_xcom_args_with_operators to None, run_after=None
[2026-08-30T23:19:12.370+0330] {processor.py:208} INFO - Processing /home/mmirnezamina/de_final_project/airflowenv/lib/python3.10/site-packages/airflow/example_dags/example_xcomargs.py took 0.141 seconds
[2026-08-30T23:19:43.152+0330] {processor.py:186} INFO - Started process (PID=14610) to work on /home/mmirnezamina/de_final_project/airflowenv/lib/python3.10/site-packages/airflow/example_dags/example_xcomargs.py
[2026-08-30T23:19:43.156+0330] {processor.py:914} INFO - Processing file /home/mmirnezamina/de_final_project/airflowenv/lib/python3.10/site-packages/airflow/example_dags/example_xcomargs.py for tasks to queue
[2026-08-30T23:19:43.159+0330] {logging_mixin.py:190} INFO - [2026-08-30T23:19:43.158+0330] {dagbag.py:588} INFO - Filling up the DagBag from /home/mmirnezamina/de_final_project/airflowenv/lib/python3.10/site-packages/airflow/example_dags/example_xcomargs.py
[2026-08-30T23:19:43.188+0330] {processor.py:925} INFO - DAG(s) 'example_xcom_args', 'example_xcom_args_with_operators' retrieved from /home/mmirnezamina/de_final_project/airflowenv/lib/python3.10/site-packages/airflow/example_dags/example_xcomargs.py
[2026-08-30T23:19:43.259+0330] {logging_mixin.py:190} INFO - [2026-08-30T23:19:43.259+0330] {dag.py:3239} INFO - Sync 2 DAGs
[2026-08-30T23:19:43.298+0330] {logging_mixin.py:190} INFO - [2026-08-30T23:19:43.298+0330] {dag.py:4180} INFO - Setting next_dagrun for example_xcom_args to None, run_after=None
[2026-08-30T23:19:43.305+0330] {logging_mixin.py:190} INFO - [2026-08-30T23:19:43.305+0330] {dag.py:4180} INFO - Setting next_dagrun for example_xcom_args_with_operators to None, run_after=None
[2026-08-30T23:19:43.341+0330] {processor.py:208} INFO - Processing /home/mmirnezamina/de_final_project/airflowenv/lib/python3.10/site-packages/airflow/example_dags/example_xcomargs.py took 0.231 seconds
[2026-08-30T23:20:14.136+0330] {processor.py:186} INFO - Started process (PID=14734) to work on /home/mmirnezamina/de_final_project/airflowenv/lib/python3.10/site-packages/airflow/example_dags/example_xcomargs.py
[2026-08-30T23:20:14.141+0330] {processor.py:914} INFO - Processing file /home/mmirnezamina/de_final_project/airflowenv/lib/python3.10/site-packages/airflow/example_dags/example_xcomargs.py for tasks to queue
[2026-08-30T23:20:14.145+0330] {logging_mixin.py:190} INFO - [2026-08-30T23:20:14.144+0330] {dagbag.py:588} INFO - Filling up the DagBag from /home/mmirnezamina/de_final_project/airflowenv/lib/python3.10/site-packages/airflow/example_dags/example_xcomargs.py
[2026-08-30T23:20:14.183+0330] {processor.py:925} INFO - DAG(s) 'example_xcom_args', 'example_xcom_args_with_operators' retrieved from /home/mmirnezamina/de_final_project/airflowenv/lib/python3.10/site-packages/airflow/example_dags/example_xcomargs.py
[2026-08-30T23:20:14.298+0330] {logging_mixin.py:190} INFO - [2026-08-30T23:20:14.298+0330] {dag.py:3239} INFO - Sync 2 DAGs
[2026-08-30T23:20:14.365+0330] {logging_mixin.py:190} INFO - [2026-08-30T23:20:14.364+0330] {dag.py:4180} INFO - Setting next_dagrun for example_xcom_args to None, run_after=None
[2026-08-30T23:20:14.388+0330] {logging_mixin.py:190} INFO - [2026-08-30T23:20:14.387+0330] {dag.py:4180} INFO - Setting next_dagrun for example_xcom_args_with_operators to None, run_after=None
[2026-08-30T23:20:14.452+0330] {processor.py:208} INFO - Processing /home/mmirnezamina/de_final_project/airflowenv/lib/python3.10/site-packages/airflow/example_dags/example_xcomargs.py took 0.346 seconds
[2026-08-30T23:20:45.109+0330] {processor.py:186} INFO - Started process (PID=14853) to work on /home/mmirnezamina/de_final_project/airflowenv/lib/python3.10/site-packages/airflow/example_dags/example_xcomargs.py
[2026-08-30T23:20:45.110+0330] {processor.py:914} INFO - Processing file /home/mmirnezamina/de_final_project/airflowenv/lib/python3.10/site-packages/airflow/example_dags/example_xcomargs.py for tasks to queue
[2026-08-30T23:20:45.111+0330] {logging_mixin.py:190} INFO - [2026-08-30T23:20:45.111+0330] {dagbag.py:588} INFO - Filling up the DagBag from /home/mmirnezamina/de_final_project/airflowenv/lib/python3.10/site-packages/airflow/example_dags/example_xcomargs.py
[2026-08-30T23:20:45.119+0330] {processor.py:925} INFO - DAG(s) 'example_xcom_args', 'example_xcom_args_with_operators' retrieved from /home/mmirnezamina/de_final_project/airflowenv/lib/python3.10/site-packages/airflow/example_dags/example_xcomargs.py
[2026-08-30T23:20:45.148+0330] {logging_mixin.py:190} INFO - [2026-08-30T23:20:45.147+0330] {dag.py:3239} INFO - Sync 2 DAGs
[2026-08-30T23:20:45.161+0330] {logging_mixin.py:190} INFO - [2026-08-30T23:20:45.161+0330] {dag.py:4180} INFO - Setting next_dagrun for example_xcom_args to None, run_after=None
[2026-08-30T23:20:45.165+0330] {logging_mixin.py:190} INFO - [2026-08-30T23:20:45.165+0330] {dag.py:4180} INFO - Setting next_dagrun for example_xcom_args_with_operators to None, run_after=None
[2026-08-30T23:20:45.184+0330] {processor.py:208} INFO - Processing /home/mmirnezamina/de_final_project/airflowenv/lib/python3.10/site-packages/airflow/example_dags/example_xcomargs.py took 0.081 seconds
[2026-08-30T23:21:15.855+0330] {processor.py:186} INFO - Started process (PID=14973) to work on /home/mmirnezamina/de_final_project/airflowenv/lib/python3.10/site-packages/airflow/example_dags/example_xcomargs.py
[2026-08-30T23:21:15.857+0330] {processor.py:914} INFO - Processing file /home/mmirnezamina/de_final_project/airflowenv/lib/python3.10/site-packages/airflow/example_dags/example_xcomargs.py for tasks to queue
[2026-08-30T23:21:15.858+0330] {logging_mixin.py:190} INFO - [2026-08-30T23:21:15.858+0330] {dagbag.py:588} INFO - Filling up the DagBag from /home/mmirnezamina/de_final_project/airflowenv/lib/python3.10/site-packages/airflow/example_dags/example_xcomargs.py
[2026-08-30T23:21:15.874+0330] {processor.py:925} INFO - DAG(s) 'example_xcom_args', 'example_xcom_args_with_operators' retrieved from /home/mmirnezamina/de_final_project/airflowenv/lib/python3.10/site-packages/airflow/example_dags/example_xcomargs.py
[2026-08-30T23:21:15.920+0330] {logging_mixin.py:190} INFO - [2026-08-30T23:21:15.920+0330] {dag.py:3239} INFO - Sync 2 DAGs
[2026-08-30T23:21:15.941+0330] {logging_mixin.py:190} INFO - [2026-08-30T23:21:15.941+0330] {dag.py:4180} INFO - Setting next_dagrun for example_xcom_args to None, run_after=None
[2026-08-30T23:21:15.946+0330] {logging_mixin.py:190} INFO - [2026-08-30T23:21:15.946+0330] {dag.py:4180} INFO - Setting next_dagrun for example_xcom_args_with_operators to None, run_after=None
[2026-08-30T23:21:15.970+0330] {processor.py:208} INFO - Processing /home/mmirnezamina/de_final_project/airflowenv/lib/python3.10/site-packages/airflow/example_dags/example_xcomargs.py took 0.128 seconds
[2026-08-30T23:21:46.237+0330] {processor.py:186} INFO - Started process (PID=15090) to work on /home/mmirnezamina/de_final_project/airflowenv/lib/python3.10/site-packages/airflow/example_dags/example_xcomargs.py
[2026-08-30T23:21:46.238+0330] {processor.py:914} INFO - Processing file /home/mmirnezamina/de_final_project/airflowenv/lib/python3.10/site-packages/airflow/example_dags/example_xcomargs.py for tasks to queue
[2026-08-30T23:21:46.239+0330] {logging_mixin.py:190} INFO - [2026-08-30T23:21:46.239+0330] {dagbag.py:588} INFO - Filling up the DagBag from /home/mmirnezamina/de_final_project/airflowenv/lib/python3.10/site-packages/airflow/example_dags/example_xcomargs.py
[2026-08-30T23:21:46.250+0330] {processor.py:925} INFO - DAG(s) 'example_xcom_args_with_operators', 'example_xcom_args' retrieved from /home/mmirnezamina/de_final_project/airflowenv/lib/python3.10/site-packages/airflow/example_dags/example_xcomargs.py
[2026-08-30T23:21:46.279+0330] {logging_mixin.py:190} INFO - [2026-08-30T23:21:46.279+0330] {dag.py:3239} INFO - Sync 2 DAGs
[2026-08-30T23:21:46.295+0330] {logging_mixin.py:190} INFO - [2026-08-30T23:21:46.295+0330] {dag.py:4180} INFO - Setting next_dagrun for example_xcom_args to None, run_after=None
[2026-08-30T23:21:46.300+0330] {logging_mixin.py:190} INFO - [2026-08-30T23:21:46.299+0330] {dag.py:4180} INFO - Setting next_dagrun for example_xcom_args_with_operators to None, run_after=None
[2026-08-30T23:21:46.322+0330] {processor.py:208} INFO - Processing /home/mmirnezamina/de_final_project/airflowenv/lib/python3.10/site-packages/airflow/example_dags/example_xcomargs.py took 0.094 seconds
[2026-08-30T23:22:16.512+0330] {processor.py:186} INFO - Started process (PID=15211) to work on /home/mmirnezamina/de_final_project/airflowenv/lib/python3.10/site-packages/airflow/example_dags/example_xcomargs.py
[2026-08-30T23:22:16.514+0330] {processor.py:914} INFO - Processing file /home/mmirnezamina/de_final_project/airflowenv/lib/python3.10/site-packages/airflow/example_dags/example_xcomargs.py for tasks to queue
[2026-08-30T23:22:16.516+0330] {logging_mixin.py:190} INFO - [2026-08-30T23:22:16.515+0330] {dagbag.py:588} INFO - Filling up the DagBag from /home/mmirnezamina/de_final_project/airflowenv/lib/python3.10/site-packages/airflow/example_dags/example_xcomargs.py
[2026-08-30T23:22:16.530+0330] {processor.py:925} INFO - DAG(s) 'example_xcom_args', 'example_xcom_args_with_operators' retrieved from /home/mmirnezamina/de_final_project/airflowenv/lib/python3.10/site-packages/airflow/example_dags/example_xcomargs.py
[2026-08-30T23:22:16.584+0330] {logging_mixin.py:190} INFO - [2026-08-30T23:22:16.584+0330] {dag.py:3239} INFO - Sync 2 DAGs
[2026-08-30T23:22:16.616+0330] {logging_mixin.py:190} INFO - [2026-08-30T23:22:16.616+0330] {dag.py:4180} INFO - Setting next_dagrun for example_xcom_args to None, run_after=None
[2026-08-30T23:22:16.623+0330] {logging_mixin.py:190} INFO - [2026-08-30T23:22:16.623+0330] {dag.py:4180} INFO - Setting next_dagrun for example_xcom_args_with_operators to None, run_after=None
[2026-08-30T23:22:16.661+0330] {processor.py:208} INFO - Processing /home/mmirnezamina/de_final_project/airflowenv/lib/python3.10/site-packages/airflow/example_dags/example_xcomargs.py took 0.163 seconds
[2026-08-30T23:22:47.329+0330] {processor.py:186} INFO - Started process (PID=15328) to work on /home/mmirnezamina/de_final_project/airflowenv/lib/python3.10/site-packages/airflow/example_dags/example_xcomargs.py
[2026-08-30T23:22:47.330+0330] {processor.py:914} INFO - Processing file /home/mmirnezamina/de_final_project/airflowenv/lib/python3.10/site-packages/airflow/example_dags/example_xcomargs.py for tasks to queue
[2026-08-30T23:22:47.333+0330] {logging_mixin.py:190} INFO - [2026-08-30T23:22:47.332+0330] {dagbag.py:588} INFO - Filling up the DagBag from /home/mmirnezamina/de_final_project/airflowenv/lib/python3.10/site-packages/airflow/example_dags/example_xcomargs.py
[2026-08-30T23:22:47.353+0330] {processor.py:925} INFO - DAG(s) 'example_xcom_args', 'example_xcom_args_with_operators' retrieved from /home/mmirnezamina/de_final_project/airflowenv/lib/python3.10/site-packages/airflow/example_dags/example_xcomargs.py
[2026-08-30T23:22:47.419+0330] {logging_mixin.py:190} INFO - [2026-08-30T23:22:47.419+0330] {dag.py:3239} INFO - Sync 2 DAGs
[2026-08-30T23:22:47.457+0330] {logging_mixin.py:190} INFO - [2026-08-30T23:22:47.457+0330] {dag.py:4180} INFO - Setting next_dagrun for example_xcom_args to None, run_after=None
[2026-08-30T23:22:47.466+0330] {logging_mixin.py:190} INFO - [2026-08-30T23:22:47.466+0330] {dag.py:4180} INFO - Setting next_dagrun for example_xcom_args_with_operators to None, run_after=None
[2026-08-30T23:22:47.506+0330] {processor.py:208} INFO - Processing /home/mmirnezamina/de_final_project/airflowenv/lib/python3.10/site-packages/airflow/example_dags/example_xcomargs.py took 0.196 seconds
[2026-08-30T23:23:18.619+0330] {processor.py:186} INFO - Started process (PID=15447) to work on /home/mmirnezamina/de_final_project/airflowenv/lib/python3.10/site-packages/airflow/example_dags/example_xcomargs.py
[2026-08-30T23:23:18.626+0330] {processor.py:914} INFO - Processing file /home/mmirnezamina/de_final_project/airflowenv/lib/python3.10/site-packages/airflow/example_dags/example_xcomargs.py for tasks to queue
[2026-08-30T23:23:18.631+0330] {logging_mixin.py:190} INFO - [2026-08-30T23:23:18.630+0330] {dagbag.py:588} INFO - Filling up the DagBag from /home/mmirnezamina/de_final_project/airflowenv/lib/python3.10/site-packages/airflow/example_dags/example_xcomargs.py
[2026-08-30T23:23:18.675+0330] {processor.py:925} INFO - DAG(s) 'example_xcom_args_with_operators', 'example_xcom_args' retrieved from /home/mmirnezamina/de_final_project/airflowenv/lib/python3.10/site-packages/airflow/example_dags/example_xcomargs.py
[2026-08-30T23:23:18.779+0330] {logging_mixin.py:190} INFO - [2026-08-30T23:23:18.778+0330] {dag.py:3239} INFO - Sync 2 DAGs
[2026-08-30T23:23:18.850+0330] {logging_mixin.py:190} INFO - [2026-08-30T23:23:18.850+0330] {dag.py:4180} INFO - Setting next_dagrun for example_xcom_args to None, run_after=None
[2026-08-30T23:23:18.869+0330] {logging_mixin.py:190} INFO - [2026-08-30T23:23:18.868+0330] {dag.py:4180} INFO - Setting next_dagrun for example_xcom_args_with_operators to None, run_after=None
[2026-08-30T23:23:18.935+0330] {processor.py:208} INFO - Processing /home/mmirnezamina/de_final_project/airflowenv/lib/python3.10/site-packages/airflow/example_dags/example_xcomargs.py took 0.346 seconds
[2026-08-30T23:23:49.190+0330] {processor.py:186} INFO - Started process (PID=15565) to work on /home/mmirnezamina/de_final_project/airflowenv/lib/python3.10/site-packages/airflow/example_dags/example_xcomargs.py
[2026-08-30T23:23:49.191+0330] {processor.py:914} INFO - Processing file /home/mmirnezamina/de_final_project/airflowenv/lib/python3.10/site-packages/airflow/example_dags/example_xcomargs.py for tasks to queue
[2026-08-30T23:23:49.192+0330] {logging_mixin.py:190} INFO - [2026-08-30T23:23:49.192+0330] {dagbag.py:588} INFO - Filling up the DagBag from /home/mmirnezamina/de_final_project/airflowenv/lib/python3.10/site-packages/airflow/example_dags/example_xcomargs.py
[2026-08-30T23:23:49.205+0330] {processor.py:925} INFO - DAG(s) 'example_xcom_args', 'example_xcom_args_with_operators' retrieved from /home/mmirnezamina/de_final_project/airflowenv/lib/python3.10/site-packages/airflow/example_dags/example_xcomargs.py
[2026-08-30T23:23:49.401+0330] {logging_mixin.py:190} INFO - [2026-08-30T23:23:49.401+0330] {dag.py:3239} INFO - Sync 2 DAGs
[2026-08-30T23:23:49.461+0330] {logging_mixin.py:190} INFO - [2026-08-30T23:23:49.461+0330] {dag.py:4180} INFO - Setting next_dagrun for example_xcom_args to None, run_after=None
[2026-08-30T23:23:49.467+0330] {logging_mixin.py:190} INFO - [2026-08-30T23:23:49.466+0330] {dag.py:4180} INFO - Setting next_dagrun for example_xcom_args_with_operators to None, run_after=None
[2026-08-30T23:23:49.495+0330] {processor.py:208} INFO - Processing /home/mmirnezamina/de_final_project/airflowenv/lib/python3.10/site-packages/airflow/example_dags/example_xcomargs.py took 0.316 seconds
[2026-08-30T23:24:19.841+0330] {processor.py:186} INFO - Started process (PID=15683) to work on /home/mmirnezamina/de_final_project/airflowenv/lib/python3.10/site-packages/airflow/example_dags/example_xcomargs.py
[2026-08-30T23:24:19.843+0330] {processor.py:914} INFO - Processing file /home/mmirnezamina/de_final_project/airflowenv/lib/python3.10/site-packages/airflow/example_dags/example_xcomargs.py for tasks to queue
[2026-08-30T23:24:19.845+0330] {logging_mixin.py:190} INFO - [2026-08-30T23:24:19.845+0330] {dagbag.py:588} INFO - Filling up the DagBag from /home/mmirnezamina/de_final_project/airflowenv/lib/python3.10/site-packages/airflow/example_dags/example_xcomargs.py
[2026-08-30T23:24:19.864+0330] {processor.py:925} INFO - DAG(s) 'example_xcom_args', 'example_xcom_args_with_operators' retrieved from /home/mmirnezamina/de_final_project/airflowenv/lib/python3.10/site-packages/airflow/example_dags/example_xcomargs.py
[2026-08-30T23:24:19.915+0330] {logging_mixin.py:190} INFO - [2026-08-30T23:24:19.915+0330] {dag.py:3239} INFO - Sync 2 DAGs
[2026-08-30T23:24:19.944+0330] {logging_mixin.py:190} INFO - [2026-08-30T23:24:19.944+0330] {dag.py:4180} INFO - Setting next_dagrun for example_xcom_args to None, run_after=None
[2026-08-30T23:24:19.951+0330] {logging_mixin.py:190} INFO - [2026-08-30T23:24:19.951+0330] {dag.py:4180} INFO - Setting next_dagrun for example_xcom_args_with_operators to None, run_after=None
[2026-08-30T23:24:19.984+0330] {processor.py:208} INFO - Processing /home/mmirnezamina/de_final_project/airflowenv/lib/python3.10/site-packages/airflow/example_dags/example_xcomargs.py took 0.165 seconds
[2026-08-30T23:24:50.584+0330] {processor.py:186} INFO - Started process (PID=15796) to work on /home/mmirnezamina/de_final_project/airflowenv/lib/python3.10/site-packages/airflow/example_dags/example_xcomargs.py
[2026-08-30T23:24:50.586+0330] {processor.py:914} INFO - Processing file /home/mmirnezamina/de_final_project/airflowenv/lib/python3.10/site-packages/airflow/example_dags/example_xcomargs.py for tasks to queue
[2026-08-30T23:24:50.589+0330] {logging_mixin.py:190} INFO - [2026-08-30T23:24:50.588+0330] {dagbag.py:588} INFO - Filling up the DagBag from /home/mmirnezamina/de_final_project/airflowenv/lib/python3.10/site-packages/airflow/example_dags/example_xcomargs.py
[2026-08-30T23:24:50.609+0330] {processor.py:925} INFO - DAG(s) 'example_xcom_args', 'example_xcom_args_with_operators' retrieved from /home/mmirnezamina/de_final_project/airflowenv/lib/python3.10/site-packages/airflow/example_dags/example_xcomargs.py
[2026-08-30T23:24:50.670+0330] {logging_mixin.py:190} INFO - [2026-08-30T23:24:50.670+0330] {dag.py:3239} INFO - Sync 2 DAGs
[2026-08-30T23:24:50.690+0330] {logging_mixin.py:190} INFO - [2026-08-30T23:24:50.690+0330] {dag.py:4180} INFO - Setting next_dagrun for example_xcom_args to None, run_after=None
[2026-08-30T23:24:50.695+0330] {logging_mixin.py:190} INFO - [2026-08-30T23:24:50.695+0330] {dag.py:4180} INFO - Setting next_dagrun for example_xcom_args_with_operators to None, run_after=None
[2026-08-30T23:24:50.732+0330] {processor.py:208} INFO - Processing /home/mmirnezamina/de_final_project/airflowenv/lib/python3.10/site-packages/airflow/example_dags/example_xcomargs.py took 0.166 seconds
[2026-08-30T23:25:20.882+0330] {processor.py:186} INFO - Started process (PID=15945) to work on /home/mmirnezamina/de_final_project/airflowenv/lib/python3.10/site-packages/airflow/example_dags/example_xcomargs.py
[2026-08-30T23:25:20.884+0330] {processor.py:914} INFO - Processing file /home/mmirnezamina/de_final_project/airflowenv/lib/python3.10/site-packages/airflow/example_dags/example_xcomargs.py for tasks to queue
[2026-08-30T23:25:20.886+0330] {logging_mixin.py:190} INFO - [2026-08-30T23:25:20.886+0330] {dagbag.py:588} INFO - Filling up the DagBag from /home/mmirnezamina/de_final_project/airflowenv/lib/python3.10/site-packages/airflow/example_dags/example_xcomargs.py
[2026-08-30T23:25:20.908+0330] {processor.py:925} INFO - DAG(s) 'example_xcom_args_with_operators', 'example_xcom_args' retrieved from /home/mmirnezamina/de_final_project/airflowenv/lib/python3.10/site-packages/airflow/example_dags/example_xcomargs.py
[2026-08-30T23:25:20.971+0330] {logging_mixin.py:190} INFO - [2026-08-30T23:25:20.971+0330] {dag.py:3239} INFO - Sync 2 DAGs
[2026-08-30T23:25:21.000+0330] {logging_mixin.py:190} INFO - [2026-08-30T23:25:21.000+0330] {dag.py:4180} INFO - Setting next_dagrun for example_xcom_args to None, run_after=None
[2026-08-30T23:25:21.019+0330] {logging_mixin.py:190} INFO - [2026-08-30T23:25:21.019+0330] {dag.py:4180} INFO - Setting next_dagrun for example_xcom_args_with_operators to None, run_after=None
[2026-08-30T23:25:21.061+0330] {processor.py:208} INFO - Processing /home/mmirnezamina/de_final_project/airflowenv/lib/python3.10/site-packages/airflow/example_dags/example_xcomargs.py took 0.196 seconds
[2026-08-30T23:25:51.973+0330] {processor.py:186} INFO - Started process (PID=16078) to work on /home/mmirnezamina/de_final_project/airflowenv/lib/python3.10/site-packages/airflow/example_dags/example_xcomargs.py
[2026-08-30T23:25:51.974+0330] {processor.py:914} INFO - Processing file /home/mmirnezamina/de_final_project/airflowenv/lib/python3.10/site-packages/airflow/example_dags/example_xcomargs.py for tasks to queue
[2026-08-30T23:25:51.975+0330] {logging_mixin.py:190} INFO - [2026-08-30T23:25:51.975+0330] {dagbag.py:588} INFO - Filling up the DagBag from /home/mmirnezamina/de_final_project/airflowenv/lib/python3.10/site-packages/airflow/example_dags/example_xcomargs.py
[2026-08-30T23:25:51.988+0330] {processor.py:925} INFO - DAG(s) 'example_xcom_args', 'example_xcom_args_with_operators' retrieved from /home/mmirnezamina/de_final_project/airflowenv/lib/python3.10/site-packages/airflow/example_dags/example_xcomargs.py
[2026-08-30T23:25:52.032+0330] {logging_mixin.py:190} INFO - [2026-08-30T23:25:52.032+0330] {dag.py:3239} INFO - Sync 2 DAGs
[2026-08-30T23:25:52.054+0330] {logging_mixin.py:190} INFO - [2026-08-30T23:25:52.053+0330] {dag.py:4180} INFO - Setting next_dagrun for example_xcom_args to None, run_after=None
[2026-08-30T23:25:52.059+0330] {logging_mixin.py:190} INFO - [2026-08-30T23:25:52.059+0330] {dag.py:4180} INFO - Setting next_dagrun for example_xcom_args_with_operators to None, run_after=None
[2026-08-30T23:25:52.088+0330] {processor.py:208} INFO - Processing /home/mmirnezamina/de_final_project/airflowenv/lib/python3.10/site-packages/airflow/example_dags/example_xcomargs.py took 0.127 seconds
[2026-08-30T23:26:23.033+0330] {processor.py:186} INFO - Started process (PID=16198) to work on /home/mmirnezamina/de_final_project/airflowenv/lib/python3.10/site-packages/airflow/example_dags/example_xcomargs.py
[2026-08-30T23:26:23.036+0330] {processor.py:914} INFO - Processing file /home/mmirnezamina/de_final_project/airflowenv/lib/python3.10/site-packages/airflow/example_dags/example_xcomargs.py for tasks to queue
[2026-08-30T23:26:23.039+0330] {logging_mixin.py:190} INFO - [2026-08-30T23:26:23.039+0330] {dagbag.py:588} INFO - Filling up the DagBag from /home/mmirnezamina/de_final_project/airflowenv/lib/python3.10/site-packages/airflow/example_dags/example_xcomargs.py
[2026-08-30T23:26:23.067+0330] {processor.py:925} INFO - DAG(s) 'example_xcom_args_with_operators', 'example_xcom_args' retrieved from /home/mmirnezamina/de_final_project/airflowenv/lib/python3.10/site-packages/airflow/example_dags/example_xcomargs.py
[2026-08-30T23:26:23.183+0330] {logging_mixin.py:190} INFO - [2026-08-30T23:26:23.182+0330] {dag.py:3239} INFO - Sync 2 DAGs
[2026-08-30T23:26:23.240+0330] {logging_mixin.py:190} INFO - [2026-08-30T23:26:23.240+0330] {dag.py:4180} INFO - Setting next_dagrun for example_xcom_args to None, run_after=None
[2026-08-30T23:26:23.254+0330] {logging_mixin.py:190} INFO - [2026-08-30T23:26:23.253+0330] {dag.py:4180} INFO - Setting next_dagrun for example_xcom_args_with_operators to None, run_after=None
[2026-08-30T23:26:23.317+0330] {processor.py:208} INFO - Processing /home/mmirnezamina/de_final_project/airflowenv/lib/python3.10/site-packages/airflow/example_dags/example_xcomargs.py took 0.313 seconds
[2026-08-30T23:26:53.388+0330] {processor.py:186} INFO - Started process (PID=16315) to work on /home/mmirnezamina/de_final_project/airflowenv/lib/python3.10/site-packages/airflow/example_dags/example_xcomargs.py
[2026-08-30T23:26:53.390+0330] {processor.py:914} INFO - Processing file /home/mmirnezamina/de_final_project/airflowenv/lib/python3.10/site-packages/airflow/example_dags/example_xcomargs.py for tasks to queue
[2026-08-30T23:26:53.392+0330] {logging_mixin.py:190} INFO - [2026-08-30T23:26:53.391+0330] {dagbag.py:588} INFO - Filling up the DagBag from /home/mmirnezamina/de_final_project/airflowenv/lib/python3.10/site-packages/airflow/example_dags/example_xcomargs.py
[2026-08-30T23:26:53.410+0330] {processor.py:925} INFO - DAG(s) 'example_xcom_args_with_operators', 'example_xcom_args' retrieved from /home/mmirnezamina/de_final_project/airflowenv/lib/python3.10/site-packages/airflow/example_dags/example_xcomargs.py
[2026-08-30T23:26:53.477+0330] {logging_mixin.py:190} INFO - [2026-08-30T23:26:53.476+0330] {dag.py:3239} INFO - Sync 2 DAGs
[2026-08-30T23:26:53.521+0330] {logging_mixin.py:190} INFO - [2026-08-30T23:26:53.521+0330] {dag.py:4180} INFO - Setting next_dagrun for example_xcom_args to None, run_after=None
[2026-08-30T23:26:53.533+0330] {logging_mixin.py:190} INFO - [2026-08-30T23:26:53.533+0330] {dag.py:4180} INFO - Setting next_dagrun for example_xcom_args_with_operators to None, run_after=None
[2026-08-30T23:26:53.582+0330] {processor.py:208} INFO - Processing /home/mmirnezamina/de_final_project/airflowenv/lib/python3.10/site-packages/airflow/example_dags/example_xcomargs.py took 0.209 seconds
[2026-08-30T23:27:44.562+0330] {processor.py:186} INFO - Started process (PID=16457) to work on /home/mmirnezamina/de_final_project/airflowenv/lib/python3.10/site-packages/airflow/example_dags/example_xcomargs.py
[2026-08-30T23:27:44.565+0330] {processor.py:914} INFO - Processing file /home/mmirnezamina/de_final_project/airflowenv/lib/python3.10/site-packages/airflow/example_dags/example_xcomargs.py for tasks to queue
[2026-08-30T23:27:44.566+0330] {logging_mixin.py:190} INFO - [2026-08-30T23:27:44.566+0330] {dagbag.py:588} INFO - Filling up the DagBag from /home/mmirnezamina/de_final_project/airflowenv/lib/python3.10/site-packages/airflow/example_dags/example_xcomargs.py
[2026-08-30T23:27:44.577+0330] {processor.py:925} INFO - DAG(s) 'example_xcom_args_with_operators', 'example_xcom_args' retrieved from /home/mmirnezamina/de_final_project/airflowenv/lib/python3.10/site-packages/airflow/example_dags/example_xcomargs.py
[2026-08-30T23:27:44.686+0330] {logging_mixin.py:190} INFO - [2026-08-30T23:27:44.685+0330] {override.py:1930} INFO - Created Permission View: can delete on DAG:example_xcom_args_with_operators
[2026-08-30T23:27:44.704+0330] {logging_mixin.py:190} INFO - [2026-08-30T23:27:44.704+0330] {override.py:1930} INFO - Created Permission View: can read on DAG:example_xcom_args_with_operators
[2026-08-30T23:27:44.719+0330] {logging_mixin.py:190} INFO - [2026-08-30T23:27:44.719+0330] {override.py:1930} INFO - Created Permission View: can edit on DAG:example_xcom_args_with_operators
[2026-08-30T23:27:44.745+0330] {logging_mixin.py:190} INFO - [2026-08-30T23:27:44.745+0330] {override.py:1930} INFO - Created Permission View: can create on DAG Run:example_xcom_args_with_operators
[2026-08-30T23:27:44.762+0330] {logging_mixin.py:190} INFO - [2026-08-30T23:27:44.762+0330] {override.py:1930} INFO - Created Permission View: can delete on DAG Run:example_xcom_args_with_operators
[2026-08-30T23:27:44.778+0330] {logging_mixin.py:190} INFO - [2026-08-30T23:27:44.778+0330] {override.py:1930} INFO - Created Permission View: can read on DAG Run:example_xcom_args_with_operators
[2026-08-30T23:27:44.795+0330] {logging_mixin.py:190} INFO - [2026-08-30T23:27:44.795+0330] {override.py:1930} INFO - Created Permission View: menu access on DAG Run:example_xcom_args_with_operators
[2026-08-30T23:27:44.835+0330] {logging_mixin.py:190} INFO - [2026-08-30T23:27:44.834+0330] {override.py:1930} INFO - Created Permission View: can delete on DAG:example_xcom_args
[2026-08-30T23:27:44.852+0330] {logging_mixin.py:190} INFO - [2026-08-30T23:27:44.851+0330] {override.py:1930} INFO - Created Permission View: can read on DAG:example_xcom_args
[2026-08-30T23:27:44.868+0330] {logging_mixin.py:190} INFO - [2026-08-30T23:27:44.868+0330] {override.py:1930} INFO - Created Permission View: can edit on DAG:example_xcom_args
[2026-08-30T23:27:44.898+0330] {logging_mixin.py:190} INFO - [2026-08-30T23:27:44.898+0330] {override.py:1930} INFO - Created Permission View: can create on DAG Run:example_xcom_args
[2026-08-30T23:27:44.915+0330] {logging_mixin.py:190} INFO - [2026-08-30T23:27:44.915+0330] {override.py:1930} INFO - Created Permission View: can delete on DAG Run:example_xcom_args
[2026-08-30T23:27:44.932+0330] {logging_mixin.py:190} INFO - [2026-08-30T23:27:44.932+0330] {override.py:1930} INFO - Created Permission View: can read on DAG Run:example_xcom_args
[2026-08-30T23:27:44.949+0330] {logging_mixin.py:190} INFO - [2026-08-30T23:27:44.949+0330] {override.py:1930} INFO - Created Permission View: menu access on DAG Run:example_xcom_args
[2026-08-30T23:27:44.950+0330] {logging_mixin.py:190} INFO - [2026-08-30T23:27:44.949+0330] {dag.py:3239} INFO - Sync 2 DAGs
[2026-08-30T23:27:44.963+0330] {logging_mixin.py:190} INFO - [2026-08-30T23:27:44.963+0330] {dag.py:3262} INFO - Creating ORM DAG for example_xcom_args
[2026-08-30T23:27:44.964+0330] {logging_mixin.py:190} INFO - [2026-08-30T23:27:44.964+0330] {dag.py:3262} INFO - Creating ORM DAG for example_xcom_args_with_operators
[2026-08-30T23:27:44.965+0330] {logging_mixin.py:190} INFO - [2026-08-30T23:27:44.965+0330] {dag.py:4180} INFO - Setting next_dagrun for example_xcom_args to None, run_after=None
[2026-08-30T23:27:44.965+0330] {logging_mixin.py:190} INFO - [2026-08-30T23:27:44.965+0330] {dag.py:4180} INFO - Setting next_dagrun for example_xcom_args_with_operators to None, run_after=None
[2026-08-30T23:27:44.997+0330] {processor.py:208} INFO - Processing /home/mmirnezamina/de_final_project/airflowenv/lib/python3.10/site-packages/airflow/example_dags/example_xcomargs.py took 0.442 seconds
