[2026-08-30T23:13:50.336+0330] {processor.py:186} INFO - Started process (PID=13188) to work on /home/mmirnezamina/de_final_project/airflowenv/lib/python3.10/site-packages/airflow/example_dags/example_inlet_event_extra.py
[2026-08-30T23:13:50.338+0330] {processor.py:914} INFO - Processing file /home/mmirnezamina/de_final_project/airflowenv/lib/python3.10/site-packages/airflow/example_dags/example_inlet_event_extra.py for tasks to queue
[2026-08-30T23:13:50.341+0330] {logging_mixin.py:190} INFO - [2026-08-30T23:13:50.341+0330] {dagbag.py:588} INFO - Filling up the DagBag from /home/mmirnezamina/de_final_project/airflowenv/lib/python3.10/site-packages/airflow/example_dags/example_inlet_event_extra.py
[2026-08-30T23:13:50.392+0330] {processor.py:925} INFO - DAG(s) 'read_dataset_event_from_classic', 'read_dataset_event' retrieved from /home/mmirnezamina/de_final_project/airflowenv/lib/python3.10/site-packages/airflow/example_dags/example_inlet_event_extra.py
[2026-08-30T23:13:50.672+0330] {logging_mixin.py:190} INFO - [2026-08-30T23:13:50.670+0330] {override.py:1930} INFO - Created Permission View: can edit on DAG:read_dataset_event_from_classic
[2026-08-30T23:13:50.697+0330] {logging_mixin.py:190} INFO - [2026-08-30T23:13:50.696+0330] {override.py:1930} INFO - Created Permission View: can read on DAG:read_dataset_event_from_classic
[2026-08-30T23:13:50.718+0330] {logging_mixin.py:190} INFO - [2026-08-30T23:13:50.718+0330] {override.py:1930} INFO - Created Permission View: can delete on DAG:read_dataset_event_from_classic
[2026-08-30T23:13:50.745+0330] {logging_mixin.py:190} INFO - [2026-08-30T23:13:50.744+0330] {override.py:1930} INFO - Created Permission View: menu access on DAG Run:read_dataset_event_from_classic
[2026-08-30T23:13:50.770+0330] {logging_mixin.py:190} INFO - [2026-08-30T23:13:50.769+0330] {override.py:1930} INFO - Created Permission View: can create on DAG Run:read_dataset_event_from_classic
[2026-08-30T23:13:50.803+0330] {logging_mixin.py:190} INFO - [2026-08-30T23:13:50.802+0330] {override.py:1930} INFO - Created Permission View: can read on DAG Run:read_dataset_event_from_classic
[2026-08-30T23:13:50.834+0330] {logging_mixin.py:190} INFO - [2026-08-30T23:13:50.833+0330] {override.py:1930} INFO - Created Permission View: can delete on DAG Run:read_dataset_event_from_classic
[2026-08-30T23:13:50.879+0330] {logging_mixin.py:190} INFO - [2026-08-30T23:13:50.878+0330] {override.py:1930} INFO - Created Permission View: can edit on DAG:read_dataset_event
[2026-08-30T23:13:50.899+0330] {logging_mixin.py:190} INFO - [2026-08-30T23:13:50.898+0330] {override.py:1930} INFO - Created Permission View: can read on DAG:read_dataset_event
[2026-08-30T23:13:50.918+0330] {logging_mixin.py:190} INFO - [2026-08-30T23:13:50.917+0330] {override.py:1930} INFO - Created Permission View: can delete on DAG:read_dataset_event
[2026-08-30T23:13:50.941+0330] {logging_mixin.py:190} INFO - [2026-08-30T23:13:50.940+0330] {override.py:1930} INFO - Created Permission View: menu access on DAG Run:read_dataset_event
[2026-08-30T23:13:50.964+0330] {logging_mixin.py:190} INFO - [2026-08-30T23:13:50.963+0330] {override.py:1930} INFO - Created Permission View: can create on DAG Run:read_dataset_event
[2026-08-30T23:13:50.983+0330] {logging_mixin.py:190} INFO - [2026-08-30T23:13:50.982+0330] {override.py:1930} INFO - Created Permission View: can read on DAG Run:read_dataset_event
[2026-08-30T23:13:51.003+0330] {logging_mixin.py:190} INFO - [2026-08-30T23:13:51.002+0330] {override.py:1930} INFO - Created Permission View: can delete on DAG Run:read_dataset_event
[2026-08-30T23:13:51.004+0330] {logging_mixin.py:190} INFO - [2026-08-30T23:13:51.004+0330] {dag.py:3239} INFO - Sync 2 DAGs
[2026-08-30T23:13:51.032+0330] {logging_mixin.py:190} INFO - [2026-08-30T23:13:51.031+0330] {dag.py:3262} INFO - Creating ORM DAG for read_dataset_event_from_classic
[2026-08-30T23:13:51.033+0330] {logging_mixin.py:190} INFO - [2026-08-30T23:13:51.033+0330] {dag.py:3262} INFO - Creating ORM DAG for read_dataset_event
[2026-08-30T23:13:51.060+0330] {logging_mixin.py:190} INFO - [2026-08-30T23:13:51.060+0330] {dag.py:4180} INFO - Setting next_dagrun for read_dataset_event to 2026-08-29 00:00:00+00:00, run_after=2026-08-30 00:00:00+00:00
[2026-08-30T23:13:51.065+0330] {logging_mixin.py:190} INFO - [2026-08-30T23:13:51.065+0330] {dag.py:4180} INFO - Setting next_dagrun for read_dataset_event_from_classic to 2026-08-29 00:00:00+00:00, run_after=2026-08-30 00:00:00+00:00
[2026-08-30T23:13:51.122+0330] {processor.py:208} INFO - Processing /home/mmirnezamina/de_final_project/airflowenv/lib/python3.10/site-packages/airflow/example_dags/example_inlet_event_extra.py took 0.811 seconds
[2026-08-30T23:14:21.343+0330] {processor.py:186} INFO - Started process (PID=13311) to work on /home/mmirnezamina/de_final_project/airflowenv/lib/python3.10/site-packages/airflow/example_dags/example_inlet_event_extra.py
[2026-08-30T23:14:21.345+0330] {processor.py:914} INFO - Processing file /home/mmirnezamina/de_final_project/airflowenv/lib/python3.10/site-packages/airflow/example_dags/example_inlet_event_extra.py for tasks to queue
[2026-08-30T23:14:21.347+0330] {logging_mixin.py:190} INFO - [2026-08-30T23:14:21.346+0330] {dagbag.py:588} INFO - Filling up the DagBag from /home/mmirnezamina/de_final_project/airflowenv/lib/python3.10/site-packages/airflow/example_dags/example_inlet_event_extra.py
[2026-08-30T23:14:21.374+0330] {processor.py:925} INFO - DAG(s) 'read_dataset_event', 'read_dataset_event_from_classic' retrieved from /home/mmirnezamina/de_final_project/airflowenv/lib/python3.10/site-packages/airflow/example_dags/example_inlet_event_extra.py
[2026-08-30T23:14:21.443+0330] {logging_mixin.py:190} INFO - [2026-08-30T23:14:21.442+0330] {dag.py:3239} INFO - Sync 2 DAGs
[2026-08-30T23:14:21.521+0330] {logging_mixin.py:190} INFO - [2026-08-30T23:14:21.521+0330] {dag.py:4180} INFO - Setting next_dagrun for read_dataset_event to 2026-08-29 00:00:00+00:00, run_after=2026-08-30 00:00:00+00:00
[2026-08-30T23:14:21.534+0330] {logging_mixin.py:190} INFO - [2026-08-30T23:14:21.533+0330] {dag.py:4180} INFO - Setting next_dagrun for read_dataset_event_from_classic to 2026-08-29 00:00:00+00:00, run_after=2026-08-30 00:00:00+00:00
[2026-08-30T23:14:21.574+0330] {processor.py:208} INFO - Processing /home/mmirnezamina/de_final_project/airflowenv/lib/python3.10/site-packages/airflow/example_dags/example_inlet_event_extra.py took 0.246 seconds
[2026-08-30T23:14:52.141+0330] {processor.py:186} INFO - Started process (PID=13428) to work on /home/mmirnezamina/de_final_project/airflowenv/lib/python3.10/site-packages/airflow/example_dags/example_inlet_event_extra.py
[2026-08-30T23:14:52.143+0330] {processor.py:914} INFO - Processing file /home/mmirnezamina/de_final_project/airflowenv/lib/python3.10/site-packages/airflow/example_dags/example_inlet_event_extra.py for tasks to queue
[2026-08-30T23:14:52.146+0330] {logging_mixin.py:190} INFO - [2026-08-30T23:14:52.145+0330] {dagbag.py:588} INFO - Filling up the DagBag from /home/mmirnezamina/de_final_project/airflowenv/lib/python3.10/site-packages/airflow/example_dags/example_inlet_event_extra.py
[2026-08-30T23:14:52.178+0330] {processor.py:925} INFO - DAG(s) 'read_dataset_event_from_classic', 'read_dataset_event' retrieved from /home/mmirnezamina/de_final_project/airflowenv/lib/python3.10/site-packages/airflow/example_dags/example_inlet_event_extra.py
[2026-08-30T23:14:52.234+0330] {logging_mixin.py:190} INFO - [2026-08-30T23:14:52.233+0330] {dag.py:3239} INFO - Sync 2 DAGs
[2026-08-30T23:14:52.285+0330] {logging_mixin.py:190} INFO - [2026-08-30T23:14:52.285+0330] {dag.py:4180} INFO - Setting next_dagrun for read_dataset_event to 2026-08-29 00:00:00+00:00, run_after=2026-08-30 00:00:00+00:00
[2026-08-30T23:14:52.295+0330] {logging_mixin.py:190} INFO - [2026-08-30T23:14:52.295+0330] {dag.py:4180} INFO - Setting next_dagrun for read_dataset_event_from_classic to 2026-08-29 00:00:00+00:00, run_after=2026-08-30 00:00:00+00:00
[2026-08-30T23:14:52.341+0330] {processor.py:208} INFO - Processing /home/mmirnezamina/de_final_project/airflowenv/lib/python3.10/site-packages/airflow/example_dags/example_inlet_event_extra.py took 0.220 seconds
[2026-08-30T23:15:23.614+0330] {processor.py:186} INFO - Started process (PID=13548) to work on /home/mmirnezamina/de_final_project/airflowenv/lib/python3.10/site-packages/airflow/example_dags/example_inlet_event_extra.py
[2026-08-30T23:15:23.630+0330] {processor.py:914} INFO - Processing file /home/mmirnezamina/de_final_project/airflowenv/lib/python3.10/site-packages/airflow/example_dags/example_inlet_event_extra.py for tasks to queue
[2026-08-30T23:15:23.647+0330] {logging_mixin.py:190} INFO - [2026-08-30T23:15:23.636+0330] {dagbag.py:588} INFO - Filling up the DagBag from /home/mmirnezamina/de_final_project/airflowenv/lib/python3.10/site-packages/airflow/example_dags/example_inlet_event_extra.py
[2026-08-30T23:15:23.762+0330] {processor.py:925} INFO - DAG(s) 'read_dataset_event', 'read_dataset_event_from_classic' retrieved from /home/mmirnezamina/de_final_project/airflowenv/lib/python3.10/site-packages/airflow/example_dags/example_inlet_event_extra.py
[2026-08-30T23:15:24.079+0330] {logging_mixin.py:190} INFO - [2026-08-30T23:15:24.078+0330] {dag.py:3239} INFO - Sync 2 DAGs
[2026-08-30T23:15:24.267+0330] {logging_mixin.py:190} INFO - [2026-08-30T23:15:24.266+0330] {dag.py:4180} INFO - Setting next_dagrun for read_dataset_event to 2026-08-29 00:00:00+00:00, run_after=2026-08-30 00:00:00+00:00
[2026-08-30T23:15:24.300+0330] {logging_mixin.py:190} INFO - [2026-08-30T23:15:24.298+0330] {dag.py:4180} INFO - Setting next_dagrun for read_dataset_event_from_classic to 2026-08-29 00:00:00+00:00, run_after=2026-08-30 00:00:00+00:00
[2026-08-30T23:15:24.424+0330] {processor.py:208} INFO - Processing /home/mmirnezamina/de_final_project/airflowenv/lib/python3.10/site-packages/airflow/example_dags/example_inlet_event_extra.py took 0.868 seconds
[2026-08-30T23:15:54.987+0330] {processor.py:186} INFO - Started process (PID=13666) to work on /home/mmirnezamina/de_final_project/airflowenv/lib/python3.10/site-packages/airflow/example_dags/example_inlet_event_extra.py
[2026-08-30T23:15:54.988+0330] {processor.py:914} INFO - Processing file /home/mmirnezamina/de_final_project/airflowenv/lib/python3.10/site-packages/airflow/example_dags/example_inlet_event_extra.py for tasks to queue
[2026-08-30T23:15:54.990+0330] {logging_mixin.py:190} INFO - [2026-08-30T23:15:54.990+0330] {dagbag.py:588} INFO - Filling up the DagBag from /home/mmirnezamina/de_final_project/airflowenv/lib/python3.10/site-packages/airflow/example_dags/example_inlet_event_extra.py
[2026-08-30T23:15:55.012+0330] {processor.py:925} INFO - DAG(s) 'read_dataset_event_from_classic', 'read_dataset_event' retrieved from /home/mmirnezamina/de_final_project/airflowenv/lib/python3.10/site-packages/airflow/example_dags/example_inlet_event_extra.py
[2026-08-30T23:15:55.058+0330] {logging_mixin.py:190} INFO - [2026-08-30T23:15:55.058+0330] {dag.py:3239} INFO - Sync 2 DAGs
[2026-08-30T23:15:55.092+0330] {logging_mixin.py:190} INFO - [2026-08-30T23:15:55.092+0330] {dag.py:4180} INFO - Setting next_dagrun for read_dataset_event to 2026-08-29 00:00:00+00:00, run_after=2026-08-30 00:00:00+00:00
[2026-08-30T23:15:55.098+0330] {logging_mixin.py:190} INFO - [2026-08-30T23:15:55.098+0330] {dag.py:4180} INFO - Setting next_dagrun for read_dataset_event_from_classic to 2026-08-29 00:00:00+00:00, run_after=2026-08-30 00:00:00+00:00
[2026-08-30T23:15:55.131+0330] {processor.py:208} INFO - Processing /home/mmirnezamina/de_final_project/airflowenv/lib/python3.10/site-packages/airflow/example_dags/example_inlet_event_extra.py took 0.160 seconds
[2026-08-30T23:16:25.649+0330] {processor.py:186} INFO - Started process (PID=13786) to work on /home/mmirnezamina/de_final_project/airflowenv/lib/python3.10/site-packages/airflow/example_dags/example_inlet_event_extra.py
[2026-08-30T23:16:25.651+0330] {processor.py:914} INFO - Processing file /home/mmirnezamina/de_final_project/airflowenv/lib/python3.10/site-packages/airflow/example_dags/example_inlet_event_extra.py for tasks to queue
[2026-08-30T23:16:25.652+0330] {logging_mixin.py:190} INFO - [2026-08-30T23:16:25.652+0330] {dagbag.py:588} INFO - Filling up the DagBag from /home/mmirnezamina/de_final_project/airflowenv/lib/python3.10/site-packages/airflow/example_dags/example_inlet_event_extra.py
[2026-08-30T23:16:25.669+0330] {processor.py:925} INFO - DAG(s) 'read_dataset_event_from_classic', 'read_dataset_event' retrieved from /home/mmirnezamina/de_final_project/airflowenv/lib/python3.10/site-packages/airflow/example_dags/example_inlet_event_extra.py
[2026-08-30T23:16:25.714+0330] {logging_mixin.py:190} INFO - [2026-08-30T23:16:25.714+0330] {dag.py:3239} INFO - Sync 2 DAGs
[2026-08-30T23:16:25.747+0330] {logging_mixin.py:190} INFO - [2026-08-30T23:16:25.746+0330] {dag.py:4180} INFO - Setting next_dagrun for read_dataset_event to 2026-08-29 00:00:00+00:00, run_after=2026-08-30 00:00:00+00:00
[2026-08-30T23:16:25.753+0330] {logging_mixin.py:190} INFO - [2026-08-30T23:16:25.753+0330] {dag.py:4180} INFO - Setting next_dagrun for read_dataset_event_from_classic to 2026-08-29 00:00:00+00:00, run_after=2026-08-30 00:00:00+00:00
[2026-08-30T23:16:25.778+0330] {processor.py:208} INFO - Processing /home/mmirnezamina/de_final_project/airflowenv/lib/python3.10/site-packages/airflow/example_dags/example_inlet_event_extra.py took 0.140 seconds
[2026-08-30T23:16:55.967+0330] {processor.py:186} INFO - Started process (PID=13935) to work on /home/mmirnezamina/de_final_project/airflowenv/lib/python3.10/site-packages/airflow/example_dags/example_inlet_event_extra.py
[2026-08-30T23:16:55.968+0330] {processor.py:914} INFO - Processing file /home/mmirnezamina/de_final_project/airflowenv/lib/python3.10/site-packages/airflow/example_dags/example_inlet_event_extra.py for tasks to queue
[2026-08-30T23:16:55.969+0330] {logging_mixin.py:190} INFO - [2026-08-30T23:16:55.969+0330] {dagbag.py:588} INFO - Filling up the DagBag from /home/mmirnezamina/de_final_project/airflowenv/lib/python3.10/site-packages/airflow/example_dags/example_inlet_event_extra.py
[2026-08-30T23:16:55.982+0330] {processor.py:925} INFO - DAG(s) 'read_dataset_event_from_classic', 'read_dataset_event' retrieved from /home/mmirnezamina/de_final_project/airflowenv/lib/python3.10/site-packages/airflow/example_dags/example_inlet_event_extra.py
[2026-08-30T23:16:56.021+0330] {logging_mixin.py:190} INFO - [2026-08-30T23:16:56.020+0330] {dag.py:3239} INFO - Sync 2 DAGs
[2026-08-30T23:16:56.052+0330] {logging_mixin.py:190} INFO - [2026-08-30T23:16:56.051+0330] {dag.py:4180} INFO - Setting next_dagrun for read_dataset_event to 2026-08-29 00:00:00+00:00, run_after=2026-08-30 00:00:00+00:00
[2026-08-30T23:16:56.058+0330] {logging_mixin.py:190} INFO - [2026-08-30T23:16:56.057+0330] {dag.py:4180} INFO - Setting next_dagrun for read_dataset_event_from_classic to 2026-08-29 00:00:00+00:00, run_after=2026-08-30 00:00:00+00:00
[2026-08-30T23:16:56.080+0330] {processor.py:208} INFO - Processing /home/mmirnezamina/de_final_project/airflowenv/lib/python3.10/site-packages/airflow/example_dags/example_inlet_event_extra.py took 0.122 seconds
[2026-08-30T23:17:26.399+0330] {processor.py:186} INFO - Started process (PID=14073) to work on /home/mmirnezamina/de_final_project/airflowenv/lib/python3.10/site-packages/airflow/example_dags/example_inlet_event_extra.py
[2026-08-30T23:17:26.400+0330] {processor.py:914} INFO - Processing file /home/mmirnezamina/de_final_project/airflowenv/lib/python3.10/site-packages/airflow/example_dags/example_inlet_event_extra.py for tasks to queue
[2026-08-30T23:17:26.403+0330] {logging_mixin.py:190} INFO - [2026-08-30T23:17:26.402+0330] {dagbag.py:588} INFO - Filling up the DagBag from /home/mmirnezamina/de_final_project/airflowenv/lib/python3.10/site-packages/airflow/example_dags/example_inlet_event_extra.py
[2026-08-30T23:17:26.526+0330] {processor.py:925} INFO - DAG(s) 'read_dataset_event', 'read_dataset_event_from_classic' retrieved from /home/mmirnezamina/de_final_project/airflowenv/lib/python3.10/site-packages/airflow/example_dags/example_inlet_event_extra.py
[2026-08-30T23:17:26.593+0330] {logging_mixin.py:190} INFO - [2026-08-30T23:17:26.593+0330] {dag.py:3239} INFO - Sync 2 DAGs
[2026-08-30T23:17:26.649+0330] {logging_mixin.py:190} INFO - [2026-08-30T23:17:26.649+0330] {dag.py:4180} INFO - Setting next_dagrun for read_dataset_event to 2026-08-29 00:00:00+00:00, run_after=2026-08-30 00:00:00+00:00
[2026-08-30T23:17:26.658+0330] {logging_mixin.py:190} INFO - [2026-08-30T23:17:26.658+0330] {dag.py:4180} INFO - Setting next_dagrun for read_dataset_event_from_classic to 2026-08-29 00:00:00+00:00, run_after=2026-08-30 00:00:00+00:00
[2026-08-30T23:17:26.717+0330] {processor.py:208} INFO - Processing /home/mmirnezamina/de_final_project/airflowenv/lib/python3.10/site-packages/airflow/example_dags/example_inlet_event_extra.py took 0.331 seconds
[2026-08-30T23:17:56.921+0330] {processor.py:186} INFO - Started process (PID=14198) to work on /home/mmirnezamina/de_final_project/airflowenv/lib/python3.10/site-packages/airflow/example_dags/example_inlet_event_extra.py
[2026-08-30T23:17:56.923+0330] {processor.py:914} INFO - Processing file /home/mmirnezamina/de_final_project/airflowenv/lib/python3.10/site-packages/airflow/example_dags/example_inlet_event_extra.py for tasks to queue
[2026-08-30T23:17:56.925+0330] {logging_mixin.py:190} INFO - [2026-08-30T23:17:56.924+0330] {dagbag.py:588} INFO - Filling up the DagBag from /home/mmirnezamina/de_final_project/airflowenv/lib/python3.10/site-packages/airflow/example_dags/example_inlet_event_extra.py
[2026-08-30T23:17:56.944+0330] {processor.py:925} INFO - DAG(s) 'read_dataset_event', 'read_dataset_event_from_classic' retrieved from /home/mmirnezamina/de_final_project/airflowenv/lib/python3.10/site-packages/airflow/example_dags/example_inlet_event_extra.py
[2026-08-30T23:17:56.983+0330] {logging_mixin.py:190} INFO - [2026-08-30T23:17:56.983+0330] {dag.py:3239} INFO - Sync 2 DAGs
[2026-08-30T23:17:57.034+0330] {logging_mixin.py:190} INFO - [2026-08-30T23:17:57.033+0330] {dag.py:4180} INFO - Setting next_dagrun for read_dataset_event to 2026-08-29 00:00:00+00:00, run_after=2026-08-30 00:00:00+00:00
[2026-08-30T23:17:57.042+0330] {logging_mixin.py:190} INFO - [2026-08-30T23:17:57.042+0330] {dag.py:4180} INFO - Setting next_dagrun for read_dataset_event_from_classic to 2026-08-29 00:00:00+00:00, run_after=2026-08-30 00:00:00+00:00
[2026-08-30T23:17:57.076+0330] {processor.py:208} INFO - Processing /home/mmirnezamina/de_final_project/airflowenv/lib/python3.10/site-packages/airflow/example_dags/example_inlet_event_extra.py took 0.167 seconds
[2026-08-30T23:18:27.352+0330] {processor.py:186} INFO - Started process (PID=14316) to work on /home/mmirnezamina/de_final_project/airflowenv/lib/python3.10/site-packages/airflow/example_dags/example_inlet_event_extra.py
[2026-08-30T23:18:27.354+0330] {processor.py:914} INFO - Processing file /home/mmirnezamina/de_final_project/airflowenv/lib/python3.10/site-packages/airflow/example_dags/example_inlet_event_extra.py for tasks to queue
[2026-08-30T23:18:27.356+0330] {logging_mixin.py:190} INFO - [2026-08-30T23:18:27.356+0330] {dagbag.py:588} INFO - Filling up the DagBag from /home/mmirnezamina/de_final_project/airflowenv/lib/python3.10/site-packages/airflow/example_dags/example_inlet_event_extra.py
[2026-08-30T23:18:27.374+0330] {processor.py:925} INFO - DAG(s) 'read_dataset_event_from_classic', 'read_dataset_event' retrieved from /home/mmirnezamina/de_final_project/airflowenv/lib/python3.10/site-packages/airflow/example_dags/example_inlet_event_extra.py
[2026-08-30T23:18:27.433+0330] {logging_mixin.py:190} INFO - [2026-08-30T23:18:27.432+0330] {dag.py:3239} INFO - Sync 2 DAGs
[2026-08-30T23:18:27.475+0330] {logging_mixin.py:190} INFO - [2026-08-30T23:18:27.475+0330] {dag.py:4180} INFO - Setting next_dagrun for read_dataset_event to 2026-08-29 00:00:00+00:00, run_after=2026-08-30 00:00:00+00:00
[2026-08-30T23:18:27.483+0330] {logging_mixin.py:190} INFO - [2026-08-30T23:18:27.483+0330] {dag.py:4180} INFO - Setting next_dagrun for read_dataset_event_from_classic to 2026-08-29 00:00:00+00:00, run_after=2026-08-30 00:00:00+00:00
[2026-08-30T23:18:27.513+0330] {processor.py:208} INFO - Processing /home/mmirnezamina/de_final_project/airflowenv/lib/python3.10/site-packages/airflow/example_dags/example_inlet_event_extra.py took 0.173 seconds
[2026-08-30T23:18:57.886+0330] {processor.py:186} INFO - Started process (PID=14433) to work on /home/mmirnezamina/de_final_project/airflowenv/lib/python3.10/site-packages/airflow/example_dags/example_inlet_event_extra.py
[2026-08-30T23:18:57.887+0330] {processor.py:914} INFO - Processing file /home/mmirnezamina/de_final_project/airflowenv/lib/python3.10/site-packages/airflow/example_dags/example_inlet_event_extra.py for tasks to queue
[2026-08-30T23:18:57.889+0330] {logging_mixin.py:190} INFO - [2026-08-30T23:18:57.888+0330] {dagbag.py:588} INFO - Filling up the DagBag from /home/mmirnezamina/de_final_project/airflowenv/lib/python3.10/site-packages/airflow/example_dags/example_inlet_event_extra.py
[2026-08-30T23:18:57.903+0330] {processor.py:925} INFO - DAG(s) 'read_dataset_event', 'read_dataset_event_from_classic' retrieved from /home/mmirnezamina/de_final_project/airflowenv/lib/python3.10/site-packages/airflow/example_dags/example_inlet_event_extra.py
[2026-08-30T23:18:57.940+0330] {logging_mixin.py:190} INFO - [2026-08-30T23:18:57.939+0330] {dag.py:3239} INFO - Sync 2 DAGs
[2026-08-30T23:18:57.975+0330] {logging_mixin.py:190} INFO - [2026-08-30T23:18:57.975+0330] {dag.py:4180} INFO - Setting next_dagrun for read_dataset_event to 2026-08-29 00:00:00+00:00, run_after=2026-08-30 00:00:00+00:00
[2026-08-30T23:18:57.982+0330] {logging_mixin.py:190} INFO - [2026-08-30T23:18:57.981+0330] {dag.py:4180} INFO - Setting next_dagrun for read_dataset_event_from_classic to 2026-08-29 00:00:00+00:00, run_after=2026-08-30 00:00:00+00:00
[2026-08-30T23:18:58.010+0330] {processor.py:208} INFO - Processing /home/mmirnezamina/de_final_project/airflowenv/lib/python3.10/site-packages/airflow/example_dags/example_inlet_event_extra.py took 0.135 seconds
[2026-08-30T23:19:28.382+0330] {processor.py:186} INFO - Started process (PID=14553) to work on /home/mmirnezamina/de_final_project/airflowenv/lib/python3.10/site-packages/airflow/example_dags/example_inlet_event_extra.py
[2026-08-30T23:19:28.384+0330] {processor.py:914} INFO - Processing file /home/mmirnezamina/de_final_project/airflowenv/lib/python3.10/site-packages/airflow/example_dags/example_inlet_event_extra.py for tasks to queue
[2026-08-30T23:19:28.386+0330] {logging_mixin.py:190} INFO - [2026-08-30T23:19:28.386+0330] {dagbag.py:588} INFO - Filling up the DagBag from /home/mmirnezamina/de_final_project/airflowenv/lib/python3.10/site-packages/airflow/example_dags/example_inlet_event_extra.py
[2026-08-30T23:19:28.403+0330] {processor.py:925} INFO - DAG(s) 'read_dataset_event', 'read_dataset_event_from_classic' retrieved from /home/mmirnezamina/de_final_project/airflowenv/lib/python3.10/site-packages/airflow/example_dags/example_inlet_event_extra.py
[2026-08-30T23:19:28.445+0330] {logging_mixin.py:190} INFO - [2026-08-30T23:19:28.445+0330] {dag.py:3239} INFO - Sync 2 DAGs
[2026-08-30T23:19:28.489+0330] {logging_mixin.py:190} INFO - [2026-08-30T23:19:28.489+0330] {dag.py:4180} INFO - Setting next_dagrun for read_dataset_event to 2026-08-29 00:00:00+00:00, run_after=2026-08-30 00:00:00+00:00
[2026-08-30T23:19:28.497+0330] {logging_mixin.py:190} INFO - [2026-08-30T23:19:28.496+0330] {dag.py:4180} INFO - Setting next_dagrun for read_dataset_event_from_classic to 2026-08-29 00:00:00+00:00, run_after=2026-08-30 00:00:00+00:00
[2026-08-30T23:19:28.532+0330] {processor.py:208} INFO - Processing /home/mmirnezamina/de_final_project/airflowenv/lib/python3.10/site-packages/airflow/example_dags/example_inlet_event_extra.py took 0.161 seconds
[2026-08-30T23:19:58.936+0330] {processor.py:186} INFO - Started process (PID=14671) to work on /home/mmirnezamina/de_final_project/airflowenv/lib/python3.10/site-packages/airflow/example_dags/example_inlet_event_extra.py
[2026-08-30T23:19:58.940+0330] {processor.py:914} INFO - Processing file /home/mmirnezamina/de_final_project/airflowenv/lib/python3.10/site-packages/airflow/example_dags/example_inlet_event_extra.py for tasks to queue
[2026-08-30T23:19:58.942+0330] {logging_mixin.py:190} INFO - [2026-08-30T23:19:58.942+0330] {dagbag.py:588} INFO - Filling up the DagBag from /home/mmirnezamina/de_final_project/airflowenv/lib/python3.10/site-packages/airflow/example_dags/example_inlet_event_extra.py
[2026-08-30T23:19:58.964+0330] {processor.py:925} INFO - DAG(s) 'read_dataset_event', 'read_dataset_event_from_classic' retrieved from /home/mmirnezamina/de_final_project/airflowenv/lib/python3.10/site-packages/airflow/example_dags/example_inlet_event_extra.py
[2026-08-30T23:19:59.003+0330] {logging_mixin.py:190} INFO - [2026-08-30T23:19:59.002+0330] {dag.py:3239} INFO - Sync 2 DAGs
[2026-08-30T23:19:59.059+0330] {logging_mixin.py:190} INFO - [2026-08-30T23:19:59.059+0330] {dag.py:4180} INFO - Setting next_dagrun for read_dataset_event to 2026-08-29 00:00:00+00:00, run_after=2026-08-30 00:00:00+00:00
[2026-08-30T23:19:59.065+0330] {logging_mixin.py:190} INFO - [2026-08-30T23:19:59.065+0330] {dag.py:4180} INFO - Setting next_dagrun for read_dataset_event_from_classic to 2026-08-29 00:00:00+00:00, run_after=2026-08-30 00:00:00+00:00
[2026-08-30T23:19:59.096+0330] {processor.py:208} INFO - Processing /home/mmirnezamina/de_final_project/airflowenv/lib/python3.10/site-packages/airflow/example_dags/example_inlet_event_extra.py took 0.182 seconds
[2026-08-30T23:20:29.521+0330] {processor.py:186} INFO - Started process (PID=14794) to work on /home/mmirnezamina/de_final_project/airflowenv/lib/python3.10/site-packages/airflow/example_dags/example_inlet_event_extra.py
[2026-08-30T23:20:29.522+0330] {processor.py:914} INFO - Processing file /home/mmirnezamina/de_final_project/airflowenv/lib/python3.10/site-packages/airflow/example_dags/example_inlet_event_extra.py for tasks to queue
[2026-08-30T23:20:29.523+0330] {logging_mixin.py:190} INFO - [2026-08-30T23:20:29.523+0330] {dagbag.py:588} INFO - Filling up the DagBag from /home/mmirnezamina/de_final_project/airflowenv/lib/python3.10/site-packages/airflow/example_dags/example_inlet_event_extra.py
[2026-08-30T23:20:29.534+0330] {processor.py:925} INFO - DAG(s) 'read_dataset_event_from_classic', 'read_dataset_event' retrieved from /home/mmirnezamina/de_final_project/airflowenv/lib/python3.10/site-packages/airflow/example_dags/example_inlet_event_extra.py
[2026-08-30T23:20:29.563+0330] {logging_mixin.py:190} INFO - [2026-08-30T23:20:29.563+0330] {dag.py:3239} INFO - Sync 2 DAGs
[2026-08-30T23:20:29.587+0330] {logging_mixin.py:190} INFO - [2026-08-30T23:20:29.586+0330] {dag.py:4180} INFO - Setting next_dagrun for read_dataset_event to 2026-08-29 00:00:00+00:00, run_after=2026-08-30 00:00:00+00:00
[2026-08-30T23:20:29.591+0330] {logging_mixin.py:190} INFO - [2026-08-30T23:20:29.591+0330] {dag.py:4180} INFO - Setting next_dagrun for read_dataset_event_from_classic to 2026-08-29 00:00:00+00:00, run_after=2026-08-30 00:00:00+00:00
[2026-08-30T23:20:29.611+0330] {processor.py:208} INFO - Processing /home/mmirnezamina/de_final_project/airflowenv/lib/python3.10/site-packages/airflow/example_dags/example_inlet_event_extra.py took 0.098 seconds
[2026-08-30T23:20:59.908+0330] {processor.py:186} INFO - Started process (PID=14913) to work on /home/mmirnezamina/de_final_project/airflowenv/lib/python3.10/site-packages/airflow/example_dags/example_inlet_event_extra.py
[2026-08-30T23:20:59.909+0330] {processor.py:914} INFO - Processing file /home/mmirnezamina/de_final_project/airflowenv/lib/python3.10/site-packages/airflow/example_dags/example_inlet_event_extra.py for tasks to queue
[2026-08-30T23:20:59.911+0330] {logging_mixin.py:190} INFO - [2026-08-30T23:20:59.910+0330] {dagbag.py:588} INFO - Filling up the DagBag from /home/mmirnezamina/de_final_project/airflowenv/lib/python3.10/site-packages/airflow/example_dags/example_inlet_event_extra.py
[2026-08-30T23:20:59.929+0330] {processor.py:925} INFO - DAG(s) 'read_dataset_event', 'read_dataset_event_from_classic' retrieved from /home/mmirnezamina/de_final_project/airflowenv/lib/python3.10/site-packages/airflow/example_dags/example_inlet_event_extra.py
[2026-08-30T23:20:59.962+0330] {logging_mixin.py:190} INFO - [2026-08-30T23:20:59.961+0330] {dag.py:3239} INFO - Sync 2 DAGs
[2026-08-30T23:20:59.994+0330] {logging_mixin.py:190} INFO - [2026-08-30T23:20:59.994+0330] {dag.py:4180} INFO - Setting next_dagrun for read_dataset_event to 2026-08-29 00:00:00+00:00, run_after=2026-08-30 00:00:00+00:00
[2026-08-30T23:21:00.000+0330] {logging_mixin.py:190} INFO - [2026-08-30T23:21:00.000+0330] {dag.py:4180} INFO - Setting next_dagrun for read_dataset_event_from_classic to 2026-08-29 00:00:00+00:00, run_after=2026-08-30 00:00:00+00:00
[2026-08-30T23:21:00.026+0330] {processor.py:208} INFO - Processing /home/mmirnezamina/de_final_project/airflowenv/lib/python3.10/site-packages/airflow/example_dags/example_inlet_event_extra.py took 0.130 seconds
[2026-08-30T23:21:30.646+0330] {processor.py:186} INFO - Started process (PID=15031) to work on /home/mmirnezamina/de_final_project/airflowenv/lib/python3.10/site-packages/airflow/example_dags/example_inlet_event_extra.py
[2026-08-30T23:21:30.648+0330] {processor.py:914} INFO - Processing file /home/mmirnezamina/de_final_project/airflowenv/lib/python3.10/site-packages/airflow/example_dags/example_inlet_event_extra.py for tasks to queue
[2026-08-30T23:21:30.649+0330] {logging_mixin.py:190} INFO - [2026-08-30T23:21:30.649+0330] {dagbag.py:588} INFO - Filling up the DagBag from /home/mmirnezamina/de_final_project/airflowenv/lib/python3.10/site-packages/airflow/example_dags/example_inlet_event_extra.py
[2026-08-30T23:21:30.670+0330] {processor.py:925} INFO - DAG(s) 'read_dataset_event_from_classic', 'read_dataset_event' retrieved from /home/mmirnezamina/de_final_project/airflowenv/lib/python3.10/site-packages/airflow/example_dags/example_inlet_event_extra.py
[2026-08-30T23:21:30.719+0330] {logging_mixin.py:190} INFO - [2026-08-30T23:21:30.718+0330] {dag.py:3239} INFO - Sync 2 DAGs
[2026-08-30T23:21:30.763+0330] {logging_mixin.py:190} INFO - [2026-08-30T23:21:30.763+0330] {dag.py:4180} INFO - Setting next_dagrun for read_dataset_event to 2026-08-29 00:00:00+00:00, run_after=2026-08-30 00:00:00+00:00
[2026-08-30T23:21:30.770+0330] {logging_mixin.py:190} INFO - [2026-08-30T23:21:30.769+0330] {dag.py:4180} INFO - Setting next_dagrun for read_dataset_event_from_classic to 2026-08-29 00:00:00+00:00, run_after=2026-08-30 00:00:00+00:00
[2026-08-30T23:21:30.797+0330] {processor.py:208} INFO - Processing /home/mmirnezamina/de_final_project/airflowenv/lib/python3.10/site-packages/airflow/example_dags/example_inlet_event_extra.py took 0.168 seconds
[2026-08-30T23:22:01.693+0330] {processor.py:186} INFO - Started process (PID=15150) to work on /home/mmirnezamina/de_final_project/airflowenv/lib/python3.10/site-packages/airflow/example_dags/example_inlet_event_extra.py
[2026-08-30T23:22:01.694+0330] {processor.py:914} INFO - Processing file /home/mmirnezamina/de_final_project/airflowenv/lib/python3.10/site-packages/airflow/example_dags/example_inlet_event_extra.py for tasks to queue
[2026-08-30T23:22:01.695+0330] {logging_mixin.py:190} INFO - [2026-08-30T23:22:01.695+0330] {dagbag.py:588} INFO - Filling up the DagBag from /home/mmirnezamina/de_final_project/airflowenv/lib/python3.10/site-packages/airflow/example_dags/example_inlet_event_extra.py
[2026-08-30T23:22:01.709+0330] {processor.py:925} INFO - DAG(s) 'read_dataset_event_from_classic', 'read_dataset_event' retrieved from /home/mmirnezamina/de_final_project/airflowenv/lib/python3.10/site-packages/airflow/example_dags/example_inlet_event_extra.py
[2026-08-30T23:22:01.744+0330] {logging_mixin.py:190} INFO - [2026-08-30T23:22:01.744+0330] {dag.py:3239} INFO - Sync 2 DAGs
[2026-08-30T23:22:01.775+0330] {logging_mixin.py:190} INFO - [2026-08-30T23:22:01.775+0330] {dag.py:4180} INFO - Setting next_dagrun for read_dataset_event to 2026-08-29 00:00:00+00:00, run_after=2026-08-30 00:00:00+00:00
[2026-08-30T23:22:01.780+0330] {logging_mixin.py:190} INFO - [2026-08-30T23:22:01.780+0330] {dag.py:4180} INFO - Setting next_dagrun for read_dataset_event_from_classic to 2026-08-29 00:00:00+00:00, run_after=2026-08-30 00:00:00+00:00
[2026-08-30T23:22:01.802+0330] {processor.py:208} INFO - Processing /home/mmirnezamina/de_final_project/airflowenv/lib/python3.10/site-packages/airflow/example_dags/example_inlet_event_extra.py took 0.118 seconds
[2026-08-30T23:22:32.342+0330] {processor.py:186} INFO - Started process (PID=15269) to work on /home/mmirnezamina/de_final_project/airflowenv/lib/python3.10/site-packages/airflow/example_dags/example_inlet_event_extra.py
[2026-08-30T23:22:32.343+0330] {processor.py:914} INFO - Processing file /home/mmirnezamina/de_final_project/airflowenv/lib/python3.10/site-packages/airflow/example_dags/example_inlet_event_extra.py for tasks to queue
[2026-08-30T23:22:32.345+0330] {logging_mixin.py:190} INFO - [2026-08-30T23:22:32.345+0330] {dagbag.py:588} INFO - Filling up the DagBag from /home/mmirnezamina/de_final_project/airflowenv/lib/python3.10/site-packages/airflow/example_dags/example_inlet_event_extra.py
[2026-08-30T23:22:32.370+0330] {processor.py:925} INFO - DAG(s) 'read_dataset_event_from_classic', 'read_dataset_event' retrieved from /home/mmirnezamina/de_final_project/airflowenv/lib/python3.10/site-packages/airflow/example_dags/example_inlet_event_extra.py
[2026-08-30T23:22:32.408+0330] {logging_mixin.py:190} INFO - [2026-08-30T23:22:32.408+0330] {dag.py:3239} INFO - Sync 2 DAGs
[2026-08-30T23:22:32.445+0330] {logging_mixin.py:190} INFO - [2026-08-30T23:22:32.445+0330] {dag.py:4180} INFO - Setting next_dagrun for read_dataset_event to 2026-08-29 00:00:00+00:00, run_after=2026-08-30 00:00:00+00:00
[2026-08-30T23:22:32.452+0330] {logging_mixin.py:190} INFO - [2026-08-30T23:22:32.452+0330] {dag.py:4180} INFO - Setting next_dagrun for read_dataset_event_from_classic to 2026-08-29 00:00:00+00:00, run_after=2026-08-30 00:00:00+00:00
[2026-08-30T23:22:32.477+0330] {processor.py:208} INFO - Processing /home/mmirnezamina/de_final_project/airflowenv/lib/python3.10/site-packages/airflow/example_dags/example_inlet_event_extra.py took 0.147 seconds
[2026-08-30T23:23:02.720+0330] {processor.py:186} INFO - Started process (PID=15388) to work on /home/mmirnezamina/de_final_project/airflowenv/lib/python3.10/site-packages/airflow/example_dags/example_inlet_event_extra.py
[2026-08-30T23:23:02.722+0330] {processor.py:914} INFO - Processing file /home/mmirnezamina/de_final_project/airflowenv/lib/python3.10/site-packages/airflow/example_dags/example_inlet_event_extra.py for tasks to queue
[2026-08-30T23:23:02.725+0330] {logging_mixin.py:190} INFO - [2026-08-30T23:23:02.725+0330] {dagbag.py:588} INFO - Filling up the DagBag from /home/mmirnezamina/de_final_project/airflowenv/lib/python3.10/site-packages/airflow/example_dags/example_inlet_event_extra.py
[2026-08-30T23:23:02.770+0330] {processor.py:925} INFO - DAG(s) 'read_dataset_event_from_classic', 'read_dataset_event' retrieved from /home/mmirnezamina/de_final_project/airflowenv/lib/python3.10/site-packages/airflow/example_dags/example_inlet_event_extra.py
[2026-08-30T23:23:02.843+0330] {logging_mixin.py:190} INFO - [2026-08-30T23:23:02.843+0330] {dag.py:3239} INFO - Sync 2 DAGs
[2026-08-30T23:23:02.897+0330] {logging_mixin.py:190} INFO - [2026-08-30T23:23:02.896+0330] {dag.py:4180} INFO - Setting next_dagrun for read_dataset_event to 2026-08-29 00:00:00+00:00, run_after=2026-08-30 00:00:00+00:00
[2026-08-30T23:23:02.906+0330] {logging_mixin.py:190} INFO - [2026-08-30T23:23:02.906+0330] {dag.py:4180} INFO - Setting next_dagrun for read_dataset_event_from_classic to 2026-08-29 00:00:00+00:00, run_after=2026-08-30 00:00:00+00:00
[2026-08-30T23:23:02.957+0330] {processor.py:208} INFO - Processing /home/mmirnezamina/de_final_project/airflowenv/lib/python3.10/site-packages/airflow/example_dags/example_inlet_event_extra.py took 0.271 seconds
[2026-08-30T23:23:33.152+0330] {processor.py:186} INFO - Started process (PID=15506) to work on /home/mmirnezamina/de_final_project/airflowenv/lib/python3.10/site-packages/airflow/example_dags/example_inlet_event_extra.py
[2026-08-30T23:23:33.153+0330] {processor.py:914} INFO - Processing file /home/mmirnezamina/de_final_project/airflowenv/lib/python3.10/site-packages/airflow/example_dags/example_inlet_event_extra.py for tasks to queue
[2026-08-30T23:23:33.156+0330] {logging_mixin.py:190} INFO - [2026-08-30T23:23:33.155+0330] {dagbag.py:588} INFO - Filling up the DagBag from /home/mmirnezamina/de_final_project/airflowenv/lib/python3.10/site-packages/airflow/example_dags/example_inlet_event_extra.py
[2026-08-30T23:23:33.174+0330] {processor.py:925} INFO - DAG(s) 'read_dataset_event', 'read_dataset_event_from_classic' retrieved from /home/mmirnezamina/de_final_project/airflowenv/lib/python3.10/site-packages/airflow/example_dags/example_inlet_event_extra.py
[2026-08-30T23:23:33.239+0330] {logging_mixin.py:190} INFO - [2026-08-30T23:23:33.239+0330] {dag.py:3239} INFO - Sync 2 DAGs
[2026-08-30T23:23:33.278+0330] {logging_mixin.py:190} INFO - [2026-08-30T23:23:33.278+0330] {dag.py:4180} INFO - Setting next_dagrun for read_dataset_event to 2026-08-29 00:00:00+00:00, run_after=2026-08-30 00:00:00+00:00
[2026-08-30T23:23:33.285+0330] {logging_mixin.py:190} INFO - [2026-08-30T23:23:33.285+0330] {dag.py:4180} INFO - Setting next_dagrun for read_dataset_event_from_classic to 2026-08-29 00:00:00+00:00, run_after=2026-08-30 00:00:00+00:00
[2026-08-30T23:23:33.314+0330] {processor.py:208} INFO - Processing /home/mmirnezamina/de_final_project/airflowenv/lib/python3.10/site-packages/airflow/example_dags/example_inlet_event_extra.py took 0.174 seconds
[2026-08-30T23:24:03.364+0330] {processor.py:186} INFO - Started process (PID=15626) to work on /home/mmirnezamina/de_final_project/airflowenv/lib/python3.10/site-packages/airflow/example_dags/example_inlet_event_extra.py
[2026-08-30T23:24:03.366+0330] {processor.py:914} INFO - Processing file /home/mmirnezamina/de_final_project/airflowenv/lib/python3.10/site-packages/airflow/example_dags/example_inlet_event_extra.py for tasks to queue
[2026-08-30T23:24:03.368+0330] {logging_mixin.py:190} INFO - [2026-08-30T23:24:03.368+0330] {dagbag.py:588} INFO - Filling up the DagBag from /home/mmirnezamina/de_final_project/airflowenv/lib/python3.10/site-packages/airflow/example_dags/example_inlet_event_extra.py
[2026-08-30T23:24:03.387+0330] {processor.py:925} INFO - DAG(s) 'read_dataset_event_from_classic', 'read_dataset_event' retrieved from /home/mmirnezamina/de_final_project/airflowenv/lib/python3.10/site-packages/airflow/example_dags/example_inlet_event_extra.py
[2026-08-30T23:24:03.427+0330] {logging_mixin.py:190} INFO - [2026-08-30T23:24:03.426+0330] {dag.py:3239} INFO - Sync 2 DAGs
[2026-08-30T23:24:03.462+0330] {logging_mixin.py:190} INFO - [2026-08-30T23:24:03.462+0330] {dag.py:4180} INFO - Setting next_dagrun for read_dataset_event to 2026-08-29 00:00:00+00:00, run_after=2026-08-30 00:00:00+00:00
[2026-08-30T23:24:03.470+0330] {logging_mixin.py:190} INFO - [2026-08-30T23:24:03.469+0330] {dag.py:4180} INFO - Setting next_dagrun for read_dataset_event_from_classic to 2026-08-29 00:00:00+00:00, run_after=2026-08-30 00:00:00+00:00
[2026-08-30T23:24:03.497+0330] {processor.py:208} INFO - Processing /home/mmirnezamina/de_final_project/airflowenv/lib/python3.10/site-packages/airflow/example_dags/example_inlet_event_extra.py took 0.150 seconds
[2026-08-30T23:24:33.562+0330] {processor.py:186} INFO - Started process (PID=15743) to work on /home/mmirnezamina/de_final_project/airflowenv/lib/python3.10/site-packages/airflow/example_dags/example_inlet_event_extra.py
[2026-08-30T23:24:33.564+0330] {processor.py:914} INFO - Processing file /home/mmirnezamina/de_final_project/airflowenv/lib/python3.10/site-packages/airflow/example_dags/example_inlet_event_extra.py for tasks to queue
[2026-08-30T23:24:33.565+0330] {logging_mixin.py:190} INFO - [2026-08-30T23:24:33.565+0330] {dagbag.py:588} INFO - Filling up the DagBag from /home/mmirnezamina/de_final_project/airflowenv/lib/python3.10/site-packages/airflow/example_dags/example_inlet_event_extra.py
[2026-08-30T23:24:33.585+0330] {processor.py:925} INFO - DAG(s) 'read_dataset_event', 'read_dataset_event_from_classic' retrieved from /home/mmirnezamina/de_final_project/airflowenv/lib/python3.10/site-packages/airflow/example_dags/example_inlet_event_extra.py
[2026-08-30T23:24:33.623+0330] {logging_mixin.py:190} INFO - [2026-08-30T23:24:33.623+0330] {dag.py:3239} INFO - Sync 2 DAGs
[2026-08-30T23:24:33.655+0330] {logging_mixin.py:190} INFO - [2026-08-30T23:24:33.655+0330] {dag.py:4180} INFO - Setting next_dagrun for read_dataset_event to 2026-08-29 00:00:00+00:00, run_after=2026-08-30 00:00:00+00:00
[2026-08-30T23:24:33.662+0330] {logging_mixin.py:190} INFO - [2026-08-30T23:24:33.661+0330] {dag.py:4180} INFO - Setting next_dagrun for read_dataset_event_from_classic to 2026-08-29 00:00:00+00:00, run_after=2026-08-30 00:00:00+00:00
[2026-08-30T23:24:33.688+0330] {processor.py:208} INFO - Processing /home/mmirnezamina/de_final_project/airflowenv/lib/python3.10/site-packages/airflow/example_dags/example_inlet_event_extra.py took 0.135 seconds
[2026-08-30T23:25:03.957+0330] {processor.py:186} INFO - Started process (PID=15888) to work on /home/mmirnezamina/de_final_project/airflowenv/lib/python3.10/site-packages/airflow/example_dags/example_inlet_event_extra.py
[2026-08-30T23:25:03.958+0330] {processor.py:914} INFO - Processing file /home/mmirnezamina/de_final_project/airflowenv/lib/python3.10/site-packages/airflow/example_dags/example_inlet_event_extra.py for tasks to queue
[2026-08-30T23:25:03.961+0330] {logging_mixin.py:190} INFO - [2026-08-30T23:25:03.960+0330] {dagbag.py:588} INFO - Filling up the DagBag from /home/mmirnezamina/de_final_project/airflowenv/lib/python3.10/site-packages/airflow/example_dags/example_inlet_event_extra.py
[2026-08-30T23:25:03.978+0330] {processor.py:925} INFO - DAG(s) 'read_dataset_event', 'read_dataset_event_from_classic' retrieved from /home/mmirnezamina/de_final_project/airflowenv/lib/python3.10/site-packages/airflow/example_dags/example_inlet_event_extra.py
[2026-08-30T23:25:04.030+0330] {logging_mixin.py:190} INFO - [2026-08-30T23:25:04.030+0330] {dag.py:3239} INFO - Sync 2 DAGs
[2026-08-30T23:25:04.077+0330] {logging_mixin.py:190} INFO - [2026-08-30T23:25:04.076+0330] {dag.py:4180} INFO - Setting next_dagrun for read_dataset_event to 2026-08-29 00:00:00+00:00, run_after=2026-08-30 00:00:00+00:00
[2026-08-30T23:25:04.086+0330] {logging_mixin.py:190} INFO - [2026-08-30T23:25:04.085+0330] {dag.py:4180} INFO - Setting next_dagrun for read_dataset_event_from_classic to 2026-08-29 00:00:00+00:00, run_after=2026-08-30 00:00:00+00:00
[2026-08-30T23:25:04.119+0330] {processor.py:208} INFO - Processing /home/mmirnezamina/de_final_project/airflowenv/lib/python3.10/site-packages/airflow/example_dags/example_inlet_event_extra.py took 0.175 seconds
[2026-08-30T23:25:34.407+0330] {processor.py:186} INFO - Started process (PID=16025) to work on /home/mmirnezamina/de_final_project/airflowenv/lib/python3.10/site-packages/airflow/example_dags/example_inlet_event_extra.py
[2026-08-30T23:25:34.410+0330] {processor.py:914} INFO - Processing file /home/mmirnezamina/de_final_project/airflowenv/lib/python3.10/site-packages/airflow/example_dags/example_inlet_event_extra.py for tasks to queue
[2026-08-30T23:25:34.412+0330] {logging_mixin.py:190} INFO - [2026-08-30T23:25:34.411+0330] {dagbag.py:588} INFO - Filling up the DagBag from /home/mmirnezamina/de_final_project/airflowenv/lib/python3.10/site-packages/airflow/example_dags/example_inlet_event_extra.py
[2026-08-30T23:25:34.423+0330] {processor.py:925} INFO - DAG(s) 'read_dataset_event', 'read_dataset_event_from_classic' retrieved from /home/mmirnezamina/de_final_project/airflowenv/lib/python3.10/site-packages/airflow/example_dags/example_inlet_event_extra.py
[2026-08-30T23:25:34.455+0330] {logging_mixin.py:190} INFO - [2026-08-30T23:25:34.455+0330] {dag.py:3239} INFO - Sync 2 DAGs
[2026-08-30T23:25:34.482+0330] {logging_mixin.py:190} INFO - [2026-08-30T23:25:34.482+0330] {dag.py:4180} INFO - Setting next_dagrun for read_dataset_event to 2026-08-29 00:00:00+00:00, run_after=2026-08-30 00:00:00+00:00
[2026-08-30T23:25:34.487+0330] {logging_mixin.py:190} INFO - [2026-08-30T23:25:34.487+0330] {dag.py:4180} INFO - Setting next_dagrun for read_dataset_event_from_classic to 2026-08-29 00:00:00+00:00, run_after=2026-08-30 00:00:00+00:00
[2026-08-30T23:25:34.512+0330] {processor.py:208} INFO - Processing /home/mmirnezamina/de_final_project/airflowenv/lib/python3.10/site-packages/airflow/example_dags/example_inlet_event_extra.py took 0.115 seconds
[2026-08-30T23:26:04.813+0330] {processor.py:186} INFO - Started process (PID=16145) to work on /home/mmirnezamina/de_final_project/airflowenv/lib/python3.10/site-packages/airflow/example_dags/example_inlet_event_extra.py
[2026-08-30T23:26:04.814+0330] {processor.py:914} INFO - Processing file /home/mmirnezamina/de_final_project/airflowenv/lib/python3.10/site-packages/airflow/example_dags/example_inlet_event_extra.py for tasks to queue
[2026-08-30T23:26:04.815+0330] {logging_mixin.py:190} INFO - [2026-08-30T23:26:04.815+0330] {dagbag.py:588} INFO - Filling up the DagBag from /home/mmirnezamina/de_final_project/airflowenv/lib/python3.10/site-packages/airflow/example_dags/example_inlet_event_extra.py
[2026-08-30T23:26:04.827+0330] {processor.py:925} INFO - DAG(s) 'read_dataset_event_from_classic', 'read_dataset_event' retrieved from /home/mmirnezamina/de_final_project/airflowenv/lib/python3.10/site-packages/airflow/example_dags/example_inlet_event_extra.py
[2026-08-30T23:26:04.858+0330] {logging_mixin.py:190} INFO - [2026-08-30T23:26:04.858+0330] {dag.py:3239} INFO - Sync 2 DAGs
[2026-08-30T23:26:04.886+0330] {logging_mixin.py:190} INFO - [2026-08-30T23:26:04.886+0330] {dag.py:4180} INFO - Setting next_dagrun for read_dataset_event to 2026-08-29 00:00:00+00:00, run_after=2026-08-30 00:00:00+00:00
[2026-08-30T23:26:04.892+0330] {logging_mixin.py:190} INFO - [2026-08-30T23:26:04.892+0330] {dag.py:4180} INFO - Setting next_dagrun for read_dataset_event_from_classic to 2026-08-29 00:00:00+00:00, run_after=2026-08-30 00:00:00+00:00
[2026-08-30T23:26:04.916+0330] {processor.py:208} INFO - Processing /home/mmirnezamina/de_final_project/airflowenv/lib/python3.10/site-packages/airflow/example_dags/example_inlet_event_extra.py took 0.111 seconds
[2026-08-30T23:26:35.175+0330] {processor.py:186} INFO - Started process (PID=16262) to work on /home/mmirnezamina/de_final_project/airflowenv/lib/python3.10/site-packages/airflow/example_dags/example_inlet_event_extra.py
[2026-08-30T23:26:35.177+0330] {processor.py:914} INFO - Processing file /home/mmirnezamina/de_final_project/airflowenv/lib/python3.10/site-packages/airflow/example_dags/example_inlet_event_extra.py for tasks to queue
[2026-08-30T23:26:35.178+0330] {logging_mixin.py:190} INFO - [2026-08-30T23:26:35.178+0330] {dagbag.py:588} INFO - Filling up the DagBag from /home/mmirnezamina/de_final_project/airflowenv/lib/python3.10/site-packages/airflow/example_dags/example_inlet_event_extra.py
[2026-08-30T23:26:35.191+0330] {processor.py:925} INFO - DAG(s) 'read_dataset_event_from_classic', 'read_dataset_event' retrieved from /home/mmirnezamina/de_final_project/airflowenv/lib/python3.10/site-packages/airflow/example_dags/example_inlet_event_extra.py
[2026-08-30T23:26:35.223+0330] {logging_mixin.py:190} INFO - [2026-08-30T23:26:35.223+0330] {dag.py:3239} INFO - Sync 2 DAGs
[2026-08-30T23:26:35.249+0330] {logging_mixin.py:190} INFO - [2026-08-30T23:26:35.248+0330] {dag.py:4180} INFO - Setting next_dagrun for read_dataset_event to 2026-08-29 00:00:00+00:00, run_after=2026-08-30 00:00:00+00:00
[2026-08-30T23:26:35.254+0330] {logging_mixin.py:190} INFO - [2026-08-30T23:26:35.254+0330] {dag.py:4180} INFO - Setting next_dagrun for read_dataset_event_from_classic to 2026-08-29 00:00:00+00:00, run_after=2026-08-30 00:00:00+00:00
[2026-08-30T23:26:35.274+0330] {processor.py:208} INFO - Processing /home/mmirnezamina/de_final_project/airflowenv/lib/python3.10/site-packages/airflow/example_dags/example_inlet_event_extra.py took 0.108 seconds
[2026-08-30T23:28:25.684+0330] {processor.py:186} INFO - Started process (PID=16494) to work on /home/mmirnezamina/de_final_project/airflowenv/lib/python3.10/site-packages/airflow/example_dags/example_inlet_event_extra.py
[2026-08-30T23:28:25.687+0330] {processor.py:914} INFO - Processing file /home/mmirnezamina/de_final_project/airflowenv/lib/python3.10/site-packages/airflow/example_dags/example_inlet_event_extra.py for tasks to queue
[2026-08-30T23:28:25.691+0330] {logging_mixin.py:190} INFO - [2026-08-30T23:28:25.690+0330] {dagbag.py:588} INFO - Filling up the DagBag from /home/mmirnezamina/de_final_project/airflowenv/lib/python3.10/site-packages/airflow/example_dags/example_inlet_event_extra.py
[2026-08-30T23:28:25.720+0330] {processor.py:925} INFO - DAG(s) 'read_dataset_event_from_classic', 'read_dataset_event' retrieved from /home/mmirnezamina/de_final_project/airflowenv/lib/python3.10/site-packages/airflow/example_dags/example_inlet_event_extra.py
[2026-08-30T23:28:26.029+0330] {logging_mixin.py:190} INFO - [2026-08-30T23:28:26.028+0330] {override.py:1930} INFO - Created Permission View: can delete on DAG:read_dataset_event_from_classic
[2026-08-30T23:28:26.053+0330] {logging_mixin.py:190} INFO - [2026-08-30T23:28:26.052+0330] {override.py:1930} INFO - Created Permission View: can read on DAG:read_dataset_event_from_classic
[2026-08-30T23:28:26.071+0330] {logging_mixin.py:190} INFO - [2026-08-30T23:28:26.071+0330] {override.py:1930} INFO - Created Permission View: can edit on DAG:read_dataset_event_from_classic
[2026-08-30T23:28:26.109+0330] {logging_mixin.py:190} INFO - [2026-08-30T23:28:26.109+0330] {override.py:1930} INFO - Created Permission View: can create on DAG Run:read_dataset_event_from_classic
[2026-08-30T23:28:26.132+0330] {logging_mixin.py:190} INFO - [2026-08-30T23:28:26.131+0330] {override.py:1930} INFO - Created Permission View: can delete on DAG Run:read_dataset_event_from_classic
[2026-08-30T23:28:26.156+0330] {logging_mixin.py:190} INFO - [2026-08-30T23:28:26.155+0330] {override.py:1930} INFO - Created Permission View: can read on DAG Run:read_dataset_event_from_classic
[2026-08-30T23:28:26.182+0330] {logging_mixin.py:190} INFO - [2026-08-30T23:28:26.181+0330] {override.py:1930} INFO - Created Permission View: menu access on DAG Run:read_dataset_event_from_classic
[2026-08-30T23:28:26.222+0330] {logging_mixin.py:190} INFO - [2026-08-30T23:28:26.222+0330] {override.py:1930} INFO - Created Permission View: can delete on DAG:read_dataset_event
[2026-08-30T23:28:26.242+0330] {logging_mixin.py:190} INFO - [2026-08-30T23:28:26.241+0330] {override.py:1930} INFO - Created Permission View: can read on DAG:read_dataset_event
[2026-08-30T23:28:26.261+0330] {logging_mixin.py:190} INFO - [2026-08-30T23:28:26.261+0330] {override.py:1930} INFO - Created Permission View: can edit on DAG:read_dataset_event
[2026-08-30T23:28:26.293+0330] {logging_mixin.py:190} INFO - [2026-08-30T23:28:26.293+0330] {override.py:1930} INFO - Created Permission View: can create on DAG Run:read_dataset_event
[2026-08-30T23:28:26.315+0330] {logging_mixin.py:190} INFO - [2026-08-30T23:28:26.314+0330] {override.py:1930} INFO - Created Permission View: can delete on DAG Run:read_dataset_event
[2026-08-30T23:28:26.334+0330] {logging_mixin.py:190} INFO - [2026-08-30T23:28:26.333+0330] {override.py:1930} INFO - Created Permission View: can read on DAG Run:read_dataset_event
[2026-08-30T23:28:26.355+0330] {logging_mixin.py:190} INFO - [2026-08-30T23:28:26.355+0330] {override.py:1930} INFO - Created Permission View: menu access on DAG Run:read_dataset_event
[2026-08-30T23:28:26.356+0330] {logging_mixin.py:190} INFO - [2026-08-30T23:28:26.355+0330] {dag.py:3239} INFO - Sync 2 DAGs
[2026-08-30T23:28:26.375+0330] {logging_mixin.py:190} INFO - [2026-08-30T23:28:26.374+0330] {dag.py:3262} INFO - Creating ORM DAG for read_dataset_event
[2026-08-30T23:28:26.375+0330] {logging_mixin.py:190} INFO - [2026-08-30T23:28:26.375+0330] {dag.py:3262} INFO - Creating ORM DAG for read_dataset_event_from_classic
[2026-08-30T23:28:26.390+0330] {logging_mixin.py:190} INFO - [2026-08-30T23:28:26.389+0330] {dag.py:4180} INFO - Setting next_dagrun for read_dataset_event to 2026-08-29 00:00:00+00:00, run_after=2026-08-30 00:00:00+00:00
[2026-08-30T23:28:26.393+0330] {logging_mixin.py:190} INFO - [2026-08-30T23:28:26.392+0330] {dag.py:4180} INFO - Setting next_dagrun for read_dataset_event_from_classic to 2026-08-29 00:00:00+00:00, run_after=2026-08-30 00:00:00+00:00
[2026-08-30T23:28:26.427+0330] {processor.py:208} INFO - Processing /home/mmirnezamina/de_final_project/airflowenv/lib/python3.10/site-packages/airflow/example_dags/example_inlet_event_extra.py took 0.757 seconds
