[2026-08-30T23:13:44.201+0330] {processor.py:186} INFO - Started process (PID=13161) to work on /home/mmirnezamina/de_final_project/airflowenv/lib/python3.10/site-packages/airflow/example_dags/example_python_operator.py
[2026-08-30T23:13:44.203+0330] {processor.py:914} INFO - Processing file /home/mmirnezamina/de_final_project/airflowenv/lib/python3.10/site-packages/airflow/example_dags/example_python_operator.py for tasks to queue
[2026-08-30T23:13:44.207+0330] {logging_mixin.py:190} INFO - [2026-08-30T23:13:44.206+0330] {dagbag.py:588} INFO - Filling up the DagBag from /home/mmirnezamina/de_final_project/airflowenv/lib/python3.10/site-packages/airflow/example_dags/example_python_operator.py
[2026-08-30T23:13:44.599+0330] {logging_mixin.py:190} INFO - [2026-08-30T23:13:44.598+0330] {example_python_operator.py:93} WARNING - The virtalenv_python example task requires virtualenv, please install it.
[2026-08-30T23:13:44.609+0330] {processor.py:925} INFO - DAG(s) 'example_python_operator' retrieved from /home/mmirnezamina/de_final_project/airflowenv/lib/python3.10/site-packages/airflow/example_dags/example_python_operator.py
[2026-08-30T23:13:45.291+0330] {logging_mixin.py:190} INFO - [2026-08-30T23:13:45.286+0330] {override.py:1930} INFO - Created Permission View: can edit on DAG:example_python_operator
[2026-08-30T23:13:45.342+0330] {logging_mixin.py:190} INFO - [2026-08-30T23:13:45.340+0330] {override.py:1930} INFO - Created Permission View: can read on DAG:example_python_operator
[2026-08-30T23:13:45.396+0330] {logging_mixin.py:190} INFO - [2026-08-30T23:13:45.393+0330] {override.py:1930} INFO - Created Permission View: can delete on DAG:example_python_operator
[2026-08-30T23:13:45.473+0330] {logging_mixin.py:190} INFO - [2026-08-30T23:13:45.470+0330] {override.py:1930} INFO - Created Permission View: menu access on DAG Run:example_python_operator
[2026-08-30T23:13:45.507+0330] {logging_mixin.py:190} INFO - [2026-08-30T23:13:45.506+0330] {override.py:1930} INFO - Created Permission View: can create on DAG Run:example_python_operator
[2026-08-30T23:13:45.541+0330] {logging_mixin.py:190} INFO - [2026-08-30T23:13:45.540+0330] {override.py:1930} INFO - Created Permission View: can read on DAG Run:example_python_operator
[2026-08-30T23:13:45.576+0330] {logging_mixin.py:190} INFO - [2026-08-30T23:13:45.575+0330] {override.py:1930} INFO - Created Permission View: can delete on DAG Run:example_python_operator
[2026-08-30T23:13:45.578+0330] {logging_mixin.py:190} INFO - [2026-08-30T23:13:45.577+0330] {dag.py:3239} INFO - Sync 1 DAGs
[2026-08-30T23:13:45.662+0330] {logging_mixin.py:190} INFO - [2026-08-30T23:13:45.661+0330] {dag.py:3262} INFO - Creating ORM DAG for example_python_operator
[2026-08-30T23:13:45.665+0330] {logging_mixin.py:190} INFO - [2026-08-30T23:13:45.665+0330] {dag.py:4180} INFO - Setting next_dagrun for example_python_operator to None, run_after=None
[2026-08-30T23:13:45.768+0330] {processor.py:208} INFO - Processing /home/mmirnezamina/de_final_project/airflowenv/lib/python3.10/site-packages/airflow/example_dags/example_python_operator.py took 1.595 seconds
[2026-08-30T23:14:16.553+0330] {processor.py:186} INFO - Started process (PID=13289) to work on /home/mmirnezamina/de_final_project/airflowenv/lib/python3.10/site-packages/airflow/example_dags/example_python_operator.py
[2026-08-30T23:14:16.555+0330] {processor.py:914} INFO - Processing file /home/mmirnezamina/de_final_project/airflowenv/lib/python3.10/site-packages/airflow/example_dags/example_python_operator.py for tasks to queue
[2026-08-30T23:14:16.558+0330] {logging_mixin.py:190} INFO - [2026-08-30T23:14:16.557+0330] {dagbag.py:588} INFO - Filling up the DagBag from /home/mmirnezamina/de_final_project/airflowenv/lib/python3.10/site-packages/airflow/example_dags/example_python_operator.py
[2026-08-30T23:14:16.720+0330] {logging_mixin.py:190} INFO - [2026-08-30T23:14:16.719+0330] {example_python_operator.py:93} WARNING - The virtalenv_python example task requires virtualenv, please install it.
[2026-08-30T23:14:16.723+0330] {processor.py:925} INFO - DAG(s) 'example_python_operator' retrieved from /home/mmirnezamina/de_final_project/airflowenv/lib/python3.10/site-packages/airflow/example_dags/example_python_operator.py
[2026-08-30T23:14:16.805+0330] {logging_mixin.py:190} INFO - [2026-08-30T23:14:16.805+0330] {dag.py:3239} INFO - Sync 1 DAGs
[2026-08-30T23:14:16.831+0330] {logging_mixin.py:190} INFO - [2026-08-30T23:14:16.831+0330] {dag.py:4180} INFO - Setting next_dagrun for example_python_operator to None, run_after=None
[2026-08-30T23:14:16.866+0330] {processor.py:208} INFO - Processing /home/mmirnezamina/de_final_project/airflowenv/lib/python3.10/site-packages/airflow/example_dags/example_python_operator.py took 0.358 seconds
[2026-08-30T23:14:47.012+0330] {processor.py:186} INFO - Started process (PID=13408) to work on /home/mmirnezamina/de_final_project/airflowenv/lib/python3.10/site-packages/airflow/example_dags/example_python_operator.py
[2026-08-30T23:14:47.013+0330] {processor.py:914} INFO - Processing file /home/mmirnezamina/de_final_project/airflowenv/lib/python3.10/site-packages/airflow/example_dags/example_python_operator.py for tasks to queue
[2026-08-30T23:14:47.015+0330] {logging_mixin.py:190} INFO - [2026-08-30T23:14:47.015+0330] {dagbag.py:588} INFO - Filling up the DagBag from /home/mmirnezamina/de_final_project/airflowenv/lib/python3.10/site-packages/airflow/example_dags/example_python_operator.py
[2026-08-30T23:14:47.139+0330] {logging_mixin.py:190} INFO - [2026-08-30T23:14:47.138+0330] {example_python_operator.py:93} WARNING - The virtalenv_python example task requires virtualenv, please install it.
[2026-08-30T23:14:47.143+0330] {processor.py:925} INFO - DAG(s) 'example_python_operator' retrieved from /home/mmirnezamina/de_final_project/airflowenv/lib/python3.10/site-packages/airflow/example_dags/example_python_operator.py
[2026-08-30T23:14:47.197+0330] {logging_mixin.py:190} INFO - [2026-08-30T23:14:47.196+0330] {dag.py:3239} INFO - Sync 1 DAGs
[2026-08-30T23:14:47.228+0330] {logging_mixin.py:190} INFO - [2026-08-30T23:14:47.228+0330] {dag.py:4180} INFO - Setting next_dagrun for example_python_operator to None, run_after=None
[2026-08-30T23:14:47.267+0330] {processor.py:208} INFO - Processing /home/mmirnezamina/de_final_project/airflowenv/lib/python3.10/site-packages/airflow/example_dags/example_python_operator.py took 0.266 seconds
[2026-08-30T23:15:18.098+0330] {processor.py:186} INFO - Started process (PID=13529) to work on /home/mmirnezamina/de_final_project/airflowenv/lib/python3.10/site-packages/airflow/example_dags/example_python_operator.py
[2026-08-30T23:15:18.104+0330] {processor.py:914} INFO - Processing file /home/mmirnezamina/de_final_project/airflowenv/lib/python3.10/site-packages/airflow/example_dags/example_python_operator.py for tasks to queue
[2026-08-30T23:15:18.118+0330] {logging_mixin.py:190} INFO - [2026-08-30T23:15:18.117+0330] {dagbag.py:588} INFO - Filling up the DagBag from /home/mmirnezamina/de_final_project/airflowenv/lib/python3.10/site-packages/airflow/example_dags/example_python_operator.py
[2026-08-30T23:15:18.561+0330] {logging_mixin.py:190} INFO - [2026-08-30T23:15:18.560+0330] {example_python_operator.py:93} WARNING - The virtalenv_python example task requires virtualenv, please install it.
[2026-08-30T23:15:18.575+0330] {processor.py:925} INFO - DAG(s) 'example_python_operator' retrieved from /home/mmirnezamina/de_final_project/airflowenv/lib/python3.10/site-packages/airflow/example_dags/example_python_operator.py
[2026-08-30T23:15:18.717+0330] {logging_mixin.py:190} INFO - [2026-08-30T23:15:18.714+0330] {dag.py:3239} INFO - Sync 1 DAGs
[2026-08-30T23:15:18.800+0330] {logging_mixin.py:190} INFO - [2026-08-30T23:15:18.799+0330] {dag.py:4180} INFO - Setting next_dagrun for example_python_operator to None, run_after=None
[2026-08-30T23:15:18.921+0330] {processor.py:208} INFO - Processing /home/mmirnezamina/de_final_project/airflowenv/lib/python3.10/site-packages/airflow/example_dags/example_python_operator.py took 0.873 seconds
[2026-08-30T23:15:49.298+0330] {processor.py:186} INFO - Started process (PID=13646) to work on /home/mmirnezamina/de_final_project/airflowenv/lib/python3.10/site-packages/airflow/example_dags/example_python_operator.py
[2026-08-30T23:15:49.299+0330] {processor.py:914} INFO - Processing file /home/mmirnezamina/de_final_project/airflowenv/lib/python3.10/site-packages/airflow/example_dags/example_python_operator.py for tasks to queue
[2026-08-30T23:15:49.300+0330] {logging_mixin.py:190} INFO - [2026-08-30T23:15:49.300+0330] {dagbag.py:588} INFO - Filling up the DagBag from /home/mmirnezamina/de_final_project/airflowenv/lib/python3.10/site-packages/airflow/example_dags/example_python_operator.py
[2026-08-30T23:15:49.374+0330] {logging_mixin.py:190} INFO - [2026-08-30T23:15:49.374+0330] {example_python_operator.py:93} WARNING - The virtalenv_python example task requires virtualenv, please install it.
[2026-08-30T23:15:49.377+0330] {processor.py:925} INFO - DAG(s) 'example_python_operator' retrieved from /home/mmirnezamina/de_final_project/airflowenv/lib/python3.10/site-packages/airflow/example_dags/example_python_operator.py
[2026-08-30T23:15:49.405+0330] {logging_mixin.py:190} INFO - [2026-08-30T23:15:49.404+0330] {dag.py:3239} INFO - Sync 1 DAGs
[2026-08-30T23:15:49.419+0330] {logging_mixin.py:190} INFO - [2026-08-30T23:15:49.419+0330] {dag.py:4180} INFO - Setting next_dagrun for example_python_operator to None, run_after=None
[2026-08-30T23:15:49.440+0330] {processor.py:208} INFO - Processing /home/mmirnezamina/de_final_project/airflowenv/lib/python3.10/site-packages/airflow/example_dags/example_python_operator.py took 0.150 seconds
[2026-08-30T23:16:19.810+0330] {processor.py:186} INFO - Started process (PID=13766) to work on /home/mmirnezamina/de_final_project/airflowenv/lib/python3.10/site-packages/airflow/example_dags/example_python_operator.py
[2026-08-30T23:16:19.812+0330] {processor.py:914} INFO - Processing file /home/mmirnezamina/de_final_project/airflowenv/lib/python3.10/site-packages/airflow/example_dags/example_python_operator.py for tasks to queue
[2026-08-30T23:16:19.816+0330] {logging_mixin.py:190} INFO - [2026-08-30T23:16:19.816+0330] {dagbag.py:588} INFO - Filling up the DagBag from /home/mmirnezamina/de_final_project/airflowenv/lib/python3.10/site-packages/airflow/example_dags/example_python_operator.py
[2026-08-30T23:16:19.983+0330] {logging_mixin.py:190} INFO - [2026-08-30T23:16:19.982+0330] {example_python_operator.py:93} WARNING - The virtalenv_python example task requires virtualenv, please install it.
[2026-08-30T23:16:19.988+0330] {processor.py:925} INFO - DAG(s) 'example_python_operator' retrieved from /home/mmirnezamina/de_final_project/airflowenv/lib/python3.10/site-packages/airflow/example_dags/example_python_operator.py
[2026-08-30T23:16:20.042+0330] {logging_mixin.py:190} INFO - [2026-08-30T23:16:20.042+0330] {dag.py:3239} INFO - Sync 1 DAGs
[2026-08-30T23:16:20.077+0330] {logging_mixin.py:190} INFO - [2026-08-30T23:16:20.077+0330] {dag.py:4180} INFO - Setting next_dagrun for example_python_operator to None, run_after=None
[2026-08-30T23:16:20.118+0330] {processor.py:208} INFO - Processing /home/mmirnezamina/de_final_project/airflowenv/lib/python3.10/site-packages/airflow/example_dags/example_python_operator.py took 0.327 seconds
[2026-08-30T23:16:50.212+0330] {processor.py:186} INFO - Started process (PID=13915) to work on /home/mmirnezamina/de_final_project/airflowenv/lib/python3.10/site-packages/airflow/example_dags/example_python_operator.py
[2026-08-30T23:16:50.214+0330] {processor.py:914} INFO - Processing file /home/mmirnezamina/de_final_project/airflowenv/lib/python3.10/site-packages/airflow/example_dags/example_python_operator.py for tasks to queue
[2026-08-30T23:16:50.215+0330] {logging_mixin.py:190} INFO - [2026-08-30T23:16:50.215+0330] {dagbag.py:588} INFO - Filling up the DagBag from /home/mmirnezamina/de_final_project/airflowenv/lib/python3.10/site-packages/airflow/example_dags/example_python_operator.py
[2026-08-30T23:16:50.303+0330] {logging_mixin.py:190} INFO - [2026-08-30T23:16:50.303+0330] {example_python_operator.py:93} WARNING - The virtalenv_python example task requires virtualenv, please install it.
[2026-08-30T23:16:50.306+0330] {processor.py:925} INFO - DAG(s) 'example_python_operator' retrieved from /home/mmirnezamina/de_final_project/airflowenv/lib/python3.10/site-packages/airflow/example_dags/example_python_operator.py
[2026-08-30T23:16:50.343+0330] {logging_mixin.py:190} INFO - [2026-08-30T23:16:50.343+0330] {dag.py:3239} INFO - Sync 1 DAGs
[2026-08-30T23:16:50.362+0330] {logging_mixin.py:190} INFO - [2026-08-30T23:16:50.362+0330] {dag.py:4180} INFO - Setting next_dagrun for example_python_operator to None, run_after=None
[2026-08-30T23:16:50.388+0330] {processor.py:208} INFO - Processing /home/mmirnezamina/de_final_project/airflowenv/lib/python3.10/site-packages/airflow/example_dags/example_python_operator.py took 0.188 seconds
[2026-08-30T23:17:20.886+0330] {processor.py:186} INFO - Started process (PID=14055) to work on /home/mmirnezamina/de_final_project/airflowenv/lib/python3.10/site-packages/airflow/example_dags/example_python_operator.py
[2026-08-30T23:17:20.889+0330] {processor.py:914} INFO - Processing file /home/mmirnezamina/de_final_project/airflowenv/lib/python3.10/site-packages/airflow/example_dags/example_python_operator.py for tasks to queue
[2026-08-30T23:17:20.898+0330] {logging_mixin.py:190} INFO - [2026-08-30T23:17:20.897+0330] {dagbag.py:588} INFO - Filling up the DagBag from /home/mmirnezamina/de_final_project/airflowenv/lib/python3.10/site-packages/airflow/example_dags/example_python_operator.py
[2026-08-30T23:17:21.162+0330] {logging_mixin.py:190} INFO - [2026-08-30T23:17:21.161+0330] {example_python_operator.py:93} WARNING - The virtalenv_python example task requires virtualenv, please install it.
[2026-08-30T23:17:21.169+0330] {processor.py:925} INFO - DAG(s) 'example_python_operator' retrieved from /home/mmirnezamina/de_final_project/airflowenv/lib/python3.10/site-packages/airflow/example_dags/example_python_operator.py
[2026-08-30T23:17:21.245+0330] {logging_mixin.py:190} INFO - [2026-08-30T23:17:21.245+0330] {dag.py:3239} INFO - Sync 1 DAGs
[2026-08-30T23:17:21.286+0330] {logging_mixin.py:190} INFO - [2026-08-30T23:17:21.285+0330] {dag.py:4180} INFO - Setting next_dagrun for example_python_operator to None, run_after=None
[2026-08-30T23:17:21.339+0330] {processor.py:208} INFO - Processing /home/mmirnezamina/de_final_project/airflowenv/lib/python3.10/site-packages/airflow/example_dags/example_python_operator.py took 0.480 seconds
[2026-08-30T23:17:52.148+0330] {processor.py:186} INFO - Started process (PID=14178) to work on /home/mmirnezamina/de_final_project/airflowenv/lib/python3.10/site-packages/airflow/example_dags/example_python_operator.py
[2026-08-30T23:17:52.150+0330] {processor.py:914} INFO - Processing file /home/mmirnezamina/de_final_project/airflowenv/lib/python3.10/site-packages/airflow/example_dags/example_python_operator.py for tasks to queue
[2026-08-30T23:17:52.152+0330] {logging_mixin.py:190} INFO - [2026-08-30T23:17:52.152+0330] {dagbag.py:588} INFO - Filling up the DagBag from /home/mmirnezamina/de_final_project/airflowenv/lib/python3.10/site-packages/airflow/example_dags/example_python_operator.py
[2026-08-30T23:17:52.251+0330] {logging_mixin.py:190} INFO - [2026-08-30T23:17:52.251+0330] {example_python_operator.py:93} WARNING - The virtalenv_python example task requires virtualenv, please install it.
[2026-08-30T23:17:52.255+0330] {processor.py:925} INFO - DAG(s) 'example_python_operator' retrieved from /home/mmirnezamina/de_final_project/airflowenv/lib/python3.10/site-packages/airflow/example_dags/example_python_operator.py
[2026-08-30T23:17:52.301+0330] {logging_mixin.py:190} INFO - [2026-08-30T23:17:52.300+0330] {dag.py:3239} INFO - Sync 1 DAGs
[2026-08-30T23:17:52.324+0330] {logging_mixin.py:190} INFO - [2026-08-30T23:17:52.323+0330] {dag.py:4180} INFO - Setting next_dagrun for example_python_operator to None, run_after=None
[2026-08-30T23:17:52.359+0330] {processor.py:208} INFO - Processing /home/mmirnezamina/de_final_project/airflowenv/lib/python3.10/site-packages/airflow/example_dags/example_python_operator.py took 0.220 seconds
[2026-08-30T23:18:22.676+0330] {processor.py:186} INFO - Started process (PID=14298) to work on /home/mmirnezamina/de_final_project/airflowenv/lib/python3.10/site-packages/airflow/example_dags/example_python_operator.py
[2026-08-30T23:18:22.677+0330] {processor.py:914} INFO - Processing file /home/mmirnezamina/de_final_project/airflowenv/lib/python3.10/site-packages/airflow/example_dags/example_python_operator.py for tasks to queue
[2026-08-30T23:18:22.678+0330] {logging_mixin.py:190} INFO - [2026-08-30T23:18:22.678+0330] {dagbag.py:588} INFO - Filling up the DagBag from /home/mmirnezamina/de_final_project/airflowenv/lib/python3.10/site-packages/airflow/example_dags/example_python_operator.py
[2026-08-30T23:18:22.741+0330] {logging_mixin.py:190} INFO - [2026-08-30T23:18:22.740+0330] {example_python_operator.py:93} WARNING - The virtalenv_python example task requires virtualenv, please install it.
[2026-08-30T23:18:22.743+0330] {processor.py:925} INFO - DAG(s) 'example_python_operator' retrieved from /home/mmirnezamina/de_final_project/airflowenv/lib/python3.10/site-packages/airflow/example_dags/example_python_operator.py
[2026-08-30T23:18:22.769+0330] {logging_mixin.py:190} INFO - [2026-08-30T23:18:22.769+0330] {dag.py:3239} INFO - Sync 1 DAGs
[2026-08-30T23:18:22.784+0330] {logging_mixin.py:190} INFO - [2026-08-30T23:18:22.784+0330] {dag.py:4180} INFO - Setting next_dagrun for example_python_operator to None, run_after=None
[2026-08-30T23:18:22.809+0330] {processor.py:208} INFO - Processing /home/mmirnezamina/de_final_project/airflowenv/lib/python3.10/site-packages/airflow/example_dags/example_python_operator.py took 0.141 seconds
[2026-08-30T23:18:53.471+0330] {processor.py:186} INFO - Started process (PID=14415) to work on /home/mmirnezamina/de_final_project/airflowenv/lib/python3.10/site-packages/airflow/example_dags/example_python_operator.py
[2026-08-30T23:18:53.473+0330] {processor.py:914} INFO - Processing file /home/mmirnezamina/de_final_project/airflowenv/lib/python3.10/site-packages/airflow/example_dags/example_python_operator.py for tasks to queue
[2026-08-30T23:18:53.474+0330] {logging_mixin.py:190} INFO - [2026-08-30T23:18:53.474+0330] {dagbag.py:588} INFO - Filling up the DagBag from /home/mmirnezamina/de_final_project/airflowenv/lib/python3.10/site-packages/airflow/example_dags/example_python_operator.py
[2026-08-30T23:18:53.560+0330] {logging_mixin.py:190} INFO - [2026-08-30T23:18:53.560+0330] {example_python_operator.py:93} WARNING - The virtalenv_python example task requires virtualenv, please install it.
[2026-08-30T23:18:53.564+0330] {processor.py:925} INFO - DAG(s) 'example_python_operator' retrieved from /home/mmirnezamina/de_final_project/airflowenv/lib/python3.10/site-packages/airflow/example_dags/example_python_operator.py
[2026-08-30T23:18:53.597+0330] {logging_mixin.py:190} INFO - [2026-08-30T23:18:53.597+0330] {dag.py:3239} INFO - Sync 1 DAGs
[2026-08-30T23:18:53.617+0330] {logging_mixin.py:190} INFO - [2026-08-30T23:18:53.617+0330] {dag.py:4180} INFO - Setting next_dagrun for example_python_operator to None, run_after=None
[2026-08-30T23:18:53.644+0330] {processor.py:208} INFO - Processing /home/mmirnezamina/de_final_project/airflowenv/lib/python3.10/site-packages/airflow/example_dags/example_python_operator.py took 0.185 seconds
[2026-08-30T23:19:23.805+0330] {processor.py:186} INFO - Started process (PID=14535) to work on /home/mmirnezamina/de_final_project/airflowenv/lib/python3.10/site-packages/airflow/example_dags/example_python_operator.py
[2026-08-30T23:19:23.807+0330] {processor.py:914} INFO - Processing file /home/mmirnezamina/de_final_project/airflowenv/lib/python3.10/site-packages/airflow/example_dags/example_python_operator.py for tasks to queue
[2026-08-30T23:19:23.809+0330] {logging_mixin.py:190} INFO - [2026-08-30T23:19:23.808+0330] {dagbag.py:588} INFO - Filling up the DagBag from /home/mmirnezamina/de_final_project/airflowenv/lib/python3.10/site-packages/airflow/example_dags/example_python_operator.py
[2026-08-30T23:19:23.907+0330] {logging_mixin.py:190} INFO - [2026-08-30T23:19:23.906+0330] {example_python_operator.py:93} WARNING - The virtalenv_python example task requires virtualenv, please install it.
[2026-08-30T23:19:23.910+0330] {processor.py:925} INFO - DAG(s) 'example_python_operator' retrieved from /home/mmirnezamina/de_final_project/airflowenv/lib/python3.10/site-packages/airflow/example_dags/example_python_operator.py
[2026-08-30T23:19:23.941+0330] {logging_mixin.py:190} INFO - [2026-08-30T23:19:23.941+0330] {dag.py:3239} INFO - Sync 1 DAGs
[2026-08-30T23:19:23.957+0330] {logging_mixin.py:190} INFO - [2026-08-30T23:19:23.956+0330] {dag.py:4180} INFO - Setting next_dagrun for example_python_operator to None, run_after=None
[2026-08-30T23:19:23.981+0330] {processor.py:208} INFO - Processing /home/mmirnezamina/de_final_project/airflowenv/lib/python3.10/site-packages/airflow/example_dags/example_python_operator.py took 0.186 seconds
[2026-08-30T23:19:54.200+0330] {processor.py:186} INFO - Started process (PID=14652) to work on /home/mmirnezamina/de_final_project/airflowenv/lib/python3.10/site-packages/airflow/example_dags/example_python_operator.py
[2026-08-30T23:19:54.201+0330] {processor.py:914} INFO - Processing file /home/mmirnezamina/de_final_project/airflowenv/lib/python3.10/site-packages/airflow/example_dags/example_python_operator.py for tasks to queue
[2026-08-30T23:19:54.202+0330] {logging_mixin.py:190} INFO - [2026-08-30T23:19:54.201+0330] {dagbag.py:588} INFO - Filling up the DagBag from /home/mmirnezamina/de_final_project/airflowenv/lib/python3.10/site-packages/airflow/example_dags/example_python_operator.py
[2026-08-30T23:19:54.273+0330] {logging_mixin.py:190} INFO - [2026-08-30T23:19:54.273+0330] {example_python_operator.py:93} WARNING - The virtalenv_python example task requires virtualenv, please install it.
[2026-08-30T23:19:54.276+0330] {processor.py:925} INFO - DAG(s) 'example_python_operator' retrieved from /home/mmirnezamina/de_final_project/airflowenv/lib/python3.10/site-packages/airflow/example_dags/example_python_operator.py
[2026-08-30T23:19:54.305+0330] {logging_mixin.py:190} INFO - [2026-08-30T23:19:54.305+0330] {dag.py:3239} INFO - Sync 1 DAGs
[2026-08-30T23:19:54.321+0330] {logging_mixin.py:190} INFO - [2026-08-30T23:19:54.321+0330] {dag.py:4180} INFO - Setting next_dagrun for example_python_operator to None, run_after=None
[2026-08-30T23:19:54.344+0330] {processor.py:208} INFO - Processing /home/mmirnezamina/de_final_project/airflowenv/lib/python3.10/site-packages/airflow/example_dags/example_python_operator.py took 0.152 seconds
[2026-08-30T23:20:25.033+0330] {processor.py:186} INFO - Started process (PID=14776) to work on /home/mmirnezamina/de_final_project/airflowenv/lib/python3.10/site-packages/airflow/example_dags/example_python_operator.py
[2026-08-30T23:20:25.035+0330] {processor.py:914} INFO - Processing file /home/mmirnezamina/de_final_project/airflowenv/lib/python3.10/site-packages/airflow/example_dags/example_python_operator.py for tasks to queue
[2026-08-30T23:20:25.036+0330] {logging_mixin.py:190} INFO - [2026-08-30T23:20:25.035+0330] {dagbag.py:588} INFO - Filling up the DagBag from /home/mmirnezamina/de_final_project/airflowenv/lib/python3.10/site-packages/airflow/example_dags/example_python_operator.py
[2026-08-30T23:20:25.095+0330] {logging_mixin.py:190} INFO - [2026-08-30T23:20:25.094+0330] {example_python_operator.py:93} WARNING - The virtalenv_python example task requires virtualenv, please install it.
[2026-08-30T23:20:25.097+0330] {processor.py:925} INFO - DAG(s) 'example_python_operator' retrieved from /home/mmirnezamina/de_final_project/airflowenv/lib/python3.10/site-packages/airflow/example_dags/example_python_operator.py
[2026-08-30T23:20:25.123+0330] {logging_mixin.py:190} INFO - [2026-08-30T23:20:25.123+0330] {dag.py:3239} INFO - Sync 1 DAGs
[2026-08-30T23:20:25.141+0330] {logging_mixin.py:190} INFO - [2026-08-30T23:20:25.140+0330] {dag.py:4180} INFO - Setting next_dagrun for example_python_operator to None, run_after=None
[2026-08-30T23:20:25.162+0330] {processor.py:208} INFO - Processing /home/mmirnezamina/de_final_project/airflowenv/lib/python3.10/site-packages/airflow/example_dags/example_python_operator.py took 0.136 seconds
[2026-08-30T23:20:55.420+0330] {processor.py:186} INFO - Started process (PID=14893) to work on /home/mmirnezamina/de_final_project/airflowenv/lib/python3.10/site-packages/airflow/example_dags/example_python_operator.py
[2026-08-30T23:20:55.421+0330] {processor.py:914} INFO - Processing file /home/mmirnezamina/de_final_project/airflowenv/lib/python3.10/site-packages/airflow/example_dags/example_python_operator.py for tasks to queue
[2026-08-30T23:20:55.422+0330] {logging_mixin.py:190} INFO - [2026-08-30T23:20:55.421+0330] {dagbag.py:588} INFO - Filling up the DagBag from /home/mmirnezamina/de_final_project/airflowenv/lib/python3.10/site-packages/airflow/example_dags/example_python_operator.py
[2026-08-30T23:20:55.476+0330] {logging_mixin.py:190} INFO - [2026-08-30T23:20:55.476+0330] {example_python_operator.py:93} WARNING - The virtalenv_python example task requires virtualenv, please install it.
[2026-08-30T23:20:55.478+0330] {processor.py:925} INFO - DAG(s) 'example_python_operator' retrieved from /home/mmirnezamina/de_final_project/airflowenv/lib/python3.10/site-packages/airflow/example_dags/example_python_operator.py
[2026-08-30T23:20:55.499+0330] {logging_mixin.py:190} INFO - [2026-08-30T23:20:55.499+0330] {dag.py:3239} INFO - Sync 1 DAGs
[2026-08-30T23:20:55.511+0330] {logging_mixin.py:190} INFO - [2026-08-30T23:20:55.511+0330] {dag.py:4180} INFO - Setting next_dagrun for example_python_operator to None, run_after=None
[2026-08-30T23:20:55.534+0330] {processor.py:208} INFO - Processing /home/mmirnezamina/de_final_project/airflowenv/lib/python3.10/site-packages/airflow/example_dags/example_python_operator.py took 0.120 seconds
[2026-08-30T23:21:26.002+0330] {processor.py:186} INFO - Started process (PID=15013) to work on /home/mmirnezamina/de_final_project/airflowenv/lib/python3.10/site-packages/airflow/example_dags/example_python_operator.py
[2026-08-30T23:21:26.003+0330] {processor.py:914} INFO - Processing file /home/mmirnezamina/de_final_project/airflowenv/lib/python3.10/site-packages/airflow/example_dags/example_python_operator.py for tasks to queue
[2026-08-30T23:21:26.005+0330] {logging_mixin.py:190} INFO - [2026-08-30T23:21:26.004+0330] {dagbag.py:588} INFO - Filling up the DagBag from /home/mmirnezamina/de_final_project/airflowenv/lib/python3.10/site-packages/airflow/example_dags/example_python_operator.py
[2026-08-30T23:21:26.083+0330] {logging_mixin.py:190} INFO - [2026-08-30T23:21:26.083+0330] {example_python_operator.py:93} WARNING - The virtalenv_python example task requires virtualenv, please install it.
[2026-08-30T23:21:26.087+0330] {processor.py:925} INFO - DAG(s) 'example_python_operator' retrieved from /home/mmirnezamina/de_final_project/airflowenv/lib/python3.10/site-packages/airflow/example_dags/example_python_operator.py
[2026-08-30T23:21:26.115+0330] {logging_mixin.py:190} INFO - [2026-08-30T23:21:26.115+0330] {dag.py:3239} INFO - Sync 1 DAGs
[2026-08-30T23:21:26.130+0330] {logging_mixin.py:190} INFO - [2026-08-30T23:21:26.130+0330] {dag.py:4180} INFO - Setting next_dagrun for example_python_operator to None, run_after=None
[2026-08-30T23:21:26.154+0330] {processor.py:208} INFO - Processing /home/mmirnezamina/de_final_project/airflowenv/lib/python3.10/site-packages/airflow/example_dags/example_python_operator.py took 0.161 seconds
[2026-08-30T23:21:56.229+0330] {processor.py:186} INFO - Started process (PID=15130) to work on /home/mmirnezamina/de_final_project/airflowenv/lib/python3.10/site-packages/airflow/example_dags/example_python_operator.py
[2026-08-30T23:21:56.230+0330] {processor.py:914} INFO - Processing file /home/mmirnezamina/de_final_project/airflowenv/lib/python3.10/site-packages/airflow/example_dags/example_python_operator.py for tasks to queue
[2026-08-30T23:21:56.231+0330] {logging_mixin.py:190} INFO - [2026-08-30T23:21:56.231+0330] {dagbag.py:588} INFO - Filling up the DagBag from /home/mmirnezamina/de_final_project/airflowenv/lib/python3.10/site-packages/airflow/example_dags/example_python_operator.py
[2026-08-30T23:21:56.305+0330] {logging_mixin.py:190} INFO - [2026-08-30T23:21:56.305+0330] {example_python_operator.py:93} WARNING - The virtalenv_python example task requires virtualenv, please install it.
[2026-08-30T23:21:56.308+0330] {processor.py:925} INFO - DAG(s) 'example_python_operator' retrieved from /home/mmirnezamina/de_final_project/airflowenv/lib/python3.10/site-packages/airflow/example_dags/example_python_operator.py
[2026-08-30T23:21:56.329+0330] {logging_mixin.py:190} INFO - [2026-08-30T23:21:56.329+0330] {dag.py:3239} INFO - Sync 1 DAGs
[2026-08-30T23:21:56.341+0330] {logging_mixin.py:190} INFO - [2026-08-30T23:21:56.341+0330] {dag.py:4180} INFO - Setting next_dagrun for example_python_operator to None, run_after=None
[2026-08-30T23:21:56.359+0330] {processor.py:208} INFO - Processing /home/mmirnezamina/de_final_project/airflowenv/lib/python3.10/site-packages/airflow/example_dags/example_python_operator.py took 0.137 seconds
[2026-08-30T23:22:26.880+0330] {processor.py:186} INFO - Started process (PID=15251) to work on /home/mmirnezamina/de_final_project/airflowenv/lib/python3.10/site-packages/airflow/example_dags/example_python_operator.py
[2026-08-30T23:22:26.882+0330] {processor.py:914} INFO - Processing file /home/mmirnezamina/de_final_project/airflowenv/lib/python3.10/site-packages/airflow/example_dags/example_python_operator.py for tasks to queue
[2026-08-30T23:22:26.883+0330] {logging_mixin.py:190} INFO - [2026-08-30T23:22:26.883+0330] {dagbag.py:588} INFO - Filling up the DagBag from /home/mmirnezamina/de_final_project/airflowenv/lib/python3.10/site-packages/airflow/example_dags/example_python_operator.py
[2026-08-30T23:22:26.941+0330] {logging_mixin.py:190} INFO - [2026-08-30T23:22:26.941+0330] {example_python_operator.py:93} WARNING - The virtalenv_python example task requires virtualenv, please install it.
[2026-08-30T23:22:26.944+0330] {processor.py:925} INFO - DAG(s) 'example_python_operator' retrieved from /home/mmirnezamina/de_final_project/airflowenv/lib/python3.10/site-packages/airflow/example_dags/example_python_operator.py
[2026-08-30T23:22:26.967+0330] {logging_mixin.py:190} INFO - [2026-08-30T23:22:26.967+0330] {dag.py:3239} INFO - Sync 1 DAGs
[2026-08-30T23:22:26.980+0330] {logging_mixin.py:190} INFO - [2026-08-30T23:22:26.979+0330] {dag.py:4180} INFO - Setting next_dagrun for example_python_operator to None, run_after=None
[2026-08-30T23:22:26.999+0330] {processor.py:208} INFO - Processing /home/mmirnezamina/de_final_project/airflowenv/lib/python3.10/site-packages/airflow/example_dags/example_python_operator.py took 0.124 seconds
[2026-08-30T23:22:57.135+0330] {processor.py:186} INFO - Started process (PID=15368) to work on /home/mmirnezamina/de_final_project/airflowenv/lib/python3.10/site-packages/airflow/example_dags/example_python_operator.py
[2026-08-30T23:22:57.136+0330] {processor.py:914} INFO - Processing file /home/mmirnezamina/de_final_project/airflowenv/lib/python3.10/site-packages/airflow/example_dags/example_python_operator.py for tasks to queue
[2026-08-30T23:22:57.137+0330] {logging_mixin.py:190} INFO - [2026-08-30T23:22:57.137+0330] {dagbag.py:588} INFO - Filling up the DagBag from /home/mmirnezamina/de_final_project/airflowenv/lib/python3.10/site-packages/airflow/example_dags/example_python_operator.py
[2026-08-30T23:22:57.212+0330] {logging_mixin.py:190} INFO - [2026-08-30T23:22:57.212+0330] {example_python_operator.py:93} WARNING - The virtalenv_python example task requires virtualenv, please install it.
[2026-08-30T23:22:57.216+0330] {processor.py:925} INFO - DAG(s) 'example_python_operator' retrieved from /home/mmirnezamina/de_final_project/airflowenv/lib/python3.10/site-packages/airflow/example_dags/example_python_operator.py
[2026-08-30T23:22:57.245+0330] {logging_mixin.py:190} INFO - [2026-08-30T23:22:57.245+0330] {dag.py:3239} INFO - Sync 1 DAGs
[2026-08-30T23:22:57.261+0330] {logging_mixin.py:190} INFO - [2026-08-30T23:22:57.261+0330] {dag.py:4180} INFO - Setting next_dagrun for example_python_operator to None, run_after=None
[2026-08-30T23:22:57.287+0330] {processor.py:208} INFO - Processing /home/mmirnezamina/de_final_project/airflowenv/lib/python3.10/site-packages/airflow/example_dags/example_python_operator.py took 0.161 seconds
[2026-08-30T23:23:27.570+0330] {processor.py:186} INFO - Started process (PID=15488) to work on /home/mmirnezamina/de_final_project/airflowenv/lib/python3.10/site-packages/airflow/example_dags/example_python_operator.py
[2026-08-30T23:23:27.592+0330] {processor.py:914} INFO - Processing file /home/mmirnezamina/de_final_project/airflowenv/lib/python3.10/site-packages/airflow/example_dags/example_python_operator.py for tasks to queue
[2026-08-30T23:23:27.595+0330] {logging_mixin.py:190} INFO - [2026-08-30T23:23:27.595+0330] {dagbag.py:588} INFO - Filling up the DagBag from /home/mmirnezamina/de_final_project/airflowenv/lib/python3.10/site-packages/airflow/example_dags/example_python_operator.py
[2026-08-30T23:23:27.698+0330] {logging_mixin.py:190} INFO - [2026-08-30T23:23:27.698+0330] {example_python_operator.py:93} WARNING - The virtalenv_python example task requires virtualenv, please install it.
[2026-08-30T23:23:27.706+0330] {processor.py:925} INFO - DAG(s) 'example_python_operator' retrieved from /home/mmirnezamina/de_final_project/airflowenv/lib/python3.10/site-packages/airflow/example_dags/example_python_operator.py
[2026-08-30T23:23:27.753+0330] {logging_mixin.py:190} INFO - [2026-08-30T23:23:27.752+0330] {dag.py:3239} INFO - Sync 1 DAGs
[2026-08-30T23:23:27.785+0330] {logging_mixin.py:190} INFO - [2026-08-30T23:23:27.785+0330] {dag.py:4180} INFO - Setting next_dagrun for example_python_operator to None, run_after=None
[2026-08-30T23:23:27.874+0330] {processor.py:208} INFO - Processing /home/mmirnezamina/de_final_project/airflowenv/lib/python3.10/site-packages/airflow/example_dags/example_python_operator.py took 0.316 seconds
[2026-08-30T23:23:58.754+0330] {processor.py:186} INFO - Started process (PID=15607) to work on /home/mmirnezamina/de_final_project/airflowenv/lib/python3.10/site-packages/airflow/example_dags/example_python_operator.py
[2026-08-30T23:23:58.757+0330] {processor.py:914} INFO - Processing file /home/mmirnezamina/de_final_project/airflowenv/lib/python3.10/site-packages/airflow/example_dags/example_python_operator.py for tasks to queue
[2026-08-30T23:23:58.758+0330] {logging_mixin.py:190} INFO - [2026-08-30T23:23:58.758+0330] {dagbag.py:588} INFO - Filling up the DagBag from /home/mmirnezamina/de_final_project/airflowenv/lib/python3.10/site-packages/airflow/example_dags/example_python_operator.py
[2026-08-30T23:23:58.816+0330] {logging_mixin.py:190} INFO - [2026-08-30T23:23:58.816+0330] {example_python_operator.py:93} WARNING - The virtalenv_python example task requires virtualenv, please install it.
[2026-08-30T23:23:58.819+0330] {processor.py:925} INFO - DAG(s) 'example_python_operator' retrieved from /home/mmirnezamina/de_final_project/airflowenv/lib/python3.10/site-packages/airflow/example_dags/example_python_operator.py
[2026-08-30T23:23:58.839+0330] {logging_mixin.py:190} INFO - [2026-08-30T23:23:58.839+0330] {dag.py:3239} INFO - Sync 1 DAGs
[2026-08-30T23:23:58.852+0330] {logging_mixin.py:190} INFO - [2026-08-30T23:23:58.852+0330] {dag.py:4180} INFO - Setting next_dagrun for example_python_operator to None, run_after=None
[2026-08-30T23:23:58.871+0330] {processor.py:208} INFO - Processing /home/mmirnezamina/de_final_project/airflowenv/lib/python3.10/site-packages/airflow/example_dags/example_python_operator.py took 0.124 seconds
[2026-08-30T23:24:29.813+0330] {processor.py:186} INFO - Started process (PID=15725) to work on /home/mmirnezamina/de_final_project/airflowenv/lib/python3.10/site-packages/airflow/example_dags/example_python_operator.py
[2026-08-30T23:24:29.814+0330] {processor.py:914} INFO - Processing file /home/mmirnezamina/de_final_project/airflowenv/lib/python3.10/site-packages/airflow/example_dags/example_python_operator.py for tasks to queue
[2026-08-30T23:24:29.816+0330] {logging_mixin.py:190} INFO - [2026-08-30T23:24:29.815+0330] {dagbag.py:588} INFO - Filling up the DagBag from /home/mmirnezamina/de_final_project/airflowenv/lib/python3.10/site-packages/airflow/example_dags/example_python_operator.py
[2026-08-30T23:24:29.901+0330] {logging_mixin.py:190} INFO - [2026-08-30T23:24:29.900+0330] {example_python_operator.py:93} WARNING - The virtalenv_python example task requires virtualenv, please install it.
[2026-08-30T23:24:29.904+0330] {processor.py:925} INFO - DAG(s) 'example_python_operator' retrieved from /home/mmirnezamina/de_final_project/airflowenv/lib/python3.10/site-packages/airflow/example_dags/example_python_operator.py
[2026-08-30T23:24:29.935+0330] {logging_mixin.py:190} INFO - [2026-08-30T23:24:29.934+0330] {dag.py:3239} INFO - Sync 1 DAGs
[2026-08-30T23:24:29.951+0330] {logging_mixin.py:190} INFO - [2026-08-30T23:24:29.951+0330] {dag.py:4180} INFO - Setting next_dagrun for example_python_operator to None, run_after=None
[2026-08-30T23:24:29.980+0330] {processor.py:208} INFO - Processing /home/mmirnezamina/de_final_project/airflowenv/lib/python3.10/site-packages/airflow/example_dags/example_python_operator.py took 0.239 seconds
[2026-08-30T23:25:00.315+0330] {processor.py:186} INFO - Started process (PID=15863) to work on /home/mmirnezamina/de_final_project/airflowenv/lib/python3.10/site-packages/airflow/example_dags/example_python_operator.py
[2026-08-30T23:25:00.317+0330] {processor.py:914} INFO - Processing file /home/mmirnezamina/de_final_project/airflowenv/lib/python3.10/site-packages/airflow/example_dags/example_python_operator.py for tasks to queue
[2026-08-30T23:25:00.318+0330] {logging_mixin.py:190} INFO - [2026-08-30T23:25:00.318+0330] {dagbag.py:588} INFO - Filling up the DagBag from /home/mmirnezamina/de_final_project/airflowenv/lib/python3.10/site-packages/airflow/example_dags/example_python_operator.py
[2026-08-30T23:25:00.409+0330] {logging_mixin.py:190} INFO - [2026-08-30T23:25:00.408+0330] {example_python_operator.py:93} WARNING - The virtalenv_python example task requires virtualenv, please install it.
[2026-08-30T23:25:00.413+0330] {processor.py:925} INFO - DAG(s) 'example_python_operator' retrieved from /home/mmirnezamina/de_final_project/airflowenv/lib/python3.10/site-packages/airflow/example_dags/example_python_operator.py
[2026-08-30T23:25:00.456+0330] {logging_mixin.py:190} INFO - [2026-08-30T23:25:00.456+0330] {dag.py:3239} INFO - Sync 1 DAGs
[2026-08-30T23:25:00.478+0330] {logging_mixin.py:190} INFO - [2026-08-30T23:25:00.477+0330] {dag.py:4180} INFO - Setting next_dagrun for example_python_operator to None, run_after=None
[2026-08-30T23:25:00.509+0330] {processor.py:208} INFO - Processing /home/mmirnezamina/de_final_project/airflowenv/lib/python3.10/site-packages/airflow/example_dags/example_python_operator.py took 0.204 seconds
[2026-08-30T23:25:30.767+0330] {processor.py:186} INFO - Started process (PID=16001) to work on /home/mmirnezamina/de_final_project/airflowenv/lib/python3.10/site-packages/airflow/example_dags/example_python_operator.py
[2026-08-30T23:25:30.768+0330] {processor.py:914} INFO - Processing file /home/mmirnezamina/de_final_project/airflowenv/lib/python3.10/site-packages/airflow/example_dags/example_python_operator.py for tasks to queue
[2026-08-30T23:25:30.769+0330] {logging_mixin.py:190} INFO - [2026-08-30T23:25:30.769+0330] {dagbag.py:588} INFO - Filling up the DagBag from /home/mmirnezamina/de_final_project/airflowenv/lib/python3.10/site-packages/airflow/example_dags/example_python_operator.py
[2026-08-30T23:25:30.899+0330] {logging_mixin.py:190} INFO - [2026-08-30T23:25:30.899+0330] {example_python_operator.py:93} WARNING - The virtalenv_python example task requires virtualenv, please install it.
[2026-08-30T23:25:30.903+0330] {processor.py:925} INFO - DAG(s) 'example_python_operator' retrieved from /home/mmirnezamina/de_final_project/airflowenv/lib/python3.10/site-packages/airflow/example_dags/example_python_operator.py
[2026-08-30T23:25:30.940+0330] {logging_mixin.py:190} INFO - [2026-08-30T23:25:30.940+0330] {dag.py:3239} INFO - Sync 1 DAGs
[2026-08-30T23:25:30.961+0330] {logging_mixin.py:190} INFO - [2026-08-30T23:25:30.961+0330] {dag.py:4180} INFO - Setting next_dagrun for example_python_operator to None, run_after=None
[2026-08-30T23:25:30.991+0330] {processor.py:208} INFO - Processing /home/mmirnezamina/de_final_project/airflowenv/lib/python3.10/site-packages/airflow/example_dags/example_python_operator.py took 0.236 seconds
[2026-08-30T23:26:01.321+0330] {processor.py:186} INFO - Started process (PID=16126) to work on /home/mmirnezamina/de_final_project/airflowenv/lib/python3.10/site-packages/airflow/example_dags/example_python_operator.py
[2026-08-30T23:26:01.322+0330] {processor.py:914} INFO - Processing file /home/mmirnezamina/de_final_project/airflowenv/lib/python3.10/site-packages/airflow/example_dags/example_python_operator.py for tasks to queue
[2026-08-30T23:26:01.323+0330] {logging_mixin.py:190} INFO - [2026-08-30T23:26:01.323+0330] {dagbag.py:588} INFO - Filling up the DagBag from /home/mmirnezamina/de_final_project/airflowenv/lib/python3.10/site-packages/airflow/example_dags/example_python_operator.py
[2026-08-30T23:26:01.403+0330] {logging_mixin.py:190} INFO - [2026-08-30T23:26:01.403+0330] {example_python_operator.py:93} WARNING - The virtalenv_python example task requires virtualenv, please install it.
[2026-08-30T23:26:01.406+0330] {processor.py:925} INFO - DAG(s) 'example_python_operator' retrieved from /home/mmirnezamina/de_final_project/airflowenv/lib/python3.10/site-packages/airflow/example_dags/example_python_operator.py
[2026-08-30T23:26:01.434+0330] {logging_mixin.py:190} INFO - [2026-08-30T23:26:01.434+0330] {dag.py:3239} INFO - Sync 1 DAGs
[2026-08-30T23:26:01.451+0330] {logging_mixin.py:190} INFO - [2026-08-30T23:26:01.450+0330] {dag.py:4180} INFO - Setting next_dagrun for example_python_operator to None, run_after=None
[2026-08-30T23:26:01.477+0330] {processor.py:208} INFO - Processing /home/mmirnezamina/de_final_project/airflowenv/lib/python3.10/site-packages/airflow/example_dags/example_python_operator.py took 0.164 seconds
[2026-08-30T23:26:31.609+0330] {processor.py:186} INFO - Started process (PID=16244) to work on /home/mmirnezamina/de_final_project/airflowenv/lib/python3.10/site-packages/airflow/example_dags/example_python_operator.py
[2026-08-30T23:26:31.611+0330] {processor.py:914} INFO - Processing file /home/mmirnezamina/de_final_project/airflowenv/lib/python3.10/site-packages/airflow/example_dags/example_python_operator.py for tasks to queue
[2026-08-30T23:26:31.612+0330] {logging_mixin.py:190} INFO - [2026-08-30T23:26:31.612+0330] {dagbag.py:588} INFO - Filling up the DagBag from /home/mmirnezamina/de_final_project/airflowenv/lib/python3.10/site-packages/airflow/example_dags/example_python_operator.py
[2026-08-30T23:26:31.691+0330] {logging_mixin.py:190} INFO - [2026-08-30T23:26:31.691+0330] {example_python_operator.py:93} WARNING - The virtalenv_python example task requires virtualenv, please install it.
[2026-08-30T23:26:31.695+0330] {processor.py:925} INFO - DAG(s) 'example_python_operator' retrieved from /home/mmirnezamina/de_final_project/airflowenv/lib/python3.10/site-packages/airflow/example_dags/example_python_operator.py
[2026-08-30T23:26:31.732+0330] {logging_mixin.py:190} INFO - [2026-08-30T23:26:31.731+0330] {dag.py:3239} INFO - Sync 1 DAGs
[2026-08-30T23:26:31.756+0330] {logging_mixin.py:190} INFO - [2026-08-30T23:26:31.756+0330] {dag.py:4180} INFO - Setting next_dagrun for example_python_operator to None, run_after=None
[2026-08-30T23:26:31.789+0330] {processor.py:208} INFO - Processing /home/mmirnezamina/de_final_project/airflowenv/lib/python3.10/site-packages/airflow/example_dags/example_python_operator.py took 0.189 seconds
[2026-08-30T23:28:10.848+0330] {processor.py:186} INFO - Started process (PID=16478) to work on /home/mmirnezamina/de_final_project/airflowenv/lib/python3.10/site-packages/airflow/example_dags/example_python_operator.py
[2026-08-30T23:28:10.851+0330] {processor.py:914} INFO - Processing file /home/mmirnezamina/de_final_project/airflowenv/lib/python3.10/site-packages/airflow/example_dags/example_python_operator.py for tasks to queue
[2026-08-30T23:28:10.852+0330] {logging_mixin.py:190} INFO - [2026-08-30T23:28:10.852+0330] {dagbag.py:588} INFO - Filling up the DagBag from /home/mmirnezamina/de_final_project/airflowenv/lib/python3.10/site-packages/airflow/example_dags/example_python_operator.py
[2026-08-30T23:28:10.988+0330] {logging_mixin.py:190} INFO - [2026-08-30T23:28:10.988+0330] {example_python_operator.py:93} WARNING - The virtalenv_python example task requires virtualenv, please install it.
[2026-08-30T23:28:10.992+0330] {processor.py:925} INFO - DAG(s) 'example_python_operator' retrieved from /home/mmirnezamina/de_final_project/airflowenv/lib/python3.10/site-packages/airflow/example_dags/example_python_operator.py
[2026-08-30T23:28:11.134+0330] {logging_mixin.py:190} INFO - [2026-08-30T23:28:11.133+0330] {override.py:1930} INFO - Created Permission View: can delete on DAG:example_python_operator
[2026-08-30T23:28:11.155+0330] {logging_mixin.py:190} INFO - [2026-08-30T23:28:11.154+0330] {override.py:1930} INFO - Created Permission View: can read on DAG:example_python_operator
[2026-08-30T23:28:11.172+0330] {logging_mixin.py:190} INFO - [2026-08-30T23:28:11.172+0330] {override.py:1930} INFO - Created Permission View: can edit on DAG:example_python_operator
[2026-08-30T23:28:11.203+0330] {logging_mixin.py:190} INFO - [2026-08-30T23:28:11.203+0330] {override.py:1930} INFO - Created Permission View: can create on DAG Run:example_python_operator
[2026-08-30T23:28:11.229+0330] {logging_mixin.py:190} INFO - [2026-08-30T23:28:11.229+0330] {override.py:1930} INFO - Created Permission View: can delete on DAG Run:example_python_operator
[2026-08-30T23:28:11.247+0330] {logging_mixin.py:190} INFO - [2026-08-30T23:28:11.246+0330] {override.py:1930} INFO - Created Permission View: can read on DAG Run:example_python_operator
[2026-08-30T23:28:11.264+0330] {logging_mixin.py:190} INFO - [2026-08-30T23:28:11.263+0330] {override.py:1930} INFO - Created Permission View: menu access on DAG Run:example_python_operator
[2026-08-30T23:28:11.264+0330] {logging_mixin.py:190} INFO - [2026-08-30T23:28:11.264+0330] {dag.py:3239} INFO - Sync 1 DAGs
[2026-08-30T23:28:11.277+0330] {logging_mixin.py:190} INFO - [2026-08-30T23:28:11.276+0330] {dag.py:3262} INFO - Creating ORM DAG for example_python_operator
[2026-08-30T23:28:11.277+0330] {logging_mixin.py:190} INFO - [2026-08-30T23:28:11.277+0330] {dag.py:4180} INFO - Setting next_dagrun for example_python_operator to None, run_after=None
[2026-08-30T23:28:11.311+0330] {processor.py:208} INFO - Processing /home/mmirnezamina/de_final_project/airflowenv/lib/python3.10/site-packages/airflow/example_dags/example_python_operator.py took 0.471 seconds
