[2026-08-30T23:13:42.320+0330] {processor.py:186} INFO - Started process (PID=13150) to work on /home/mmirnezamina/de_final_project/airflowenv/lib/python3.10/site-packages/airflow/example_dags/example_short_circuit_decorator.py
[2026-08-30T23:13:42.323+0330] {processor.py:914} INFO - Processing file /home/mmirnezamina/de_final_project/airflowenv/lib/python3.10/site-packages/airflow/example_dags/example_short_circuit_decorator.py for tasks to queue
[2026-08-30T23:13:42.328+0330] {logging_mixin.py:190} INFO - [2026-08-30T23:13:42.326+0330] {dagbag.py:588} INFO - Filling up the DagBag from /home/mmirnezamina/de_final_project/airflowenv/lib/python3.10/site-packages/airflow/example_dags/example_short_circuit_decorator.py
[2026-08-30T23:13:42.373+0330] {processor.py:925} INFO - DAG(s) 'example_short_circuit_decorator' retrieved from /home/mmirnezamina/de_final_project/airflowenv/lib/python3.10/site-packages/airflow/example_dags/example_short_circuit_decorator.py
[2026-08-30T23:13:42.777+0330] {logging_mixin.py:190} INFO - [2026-08-30T23:13:42.774+0330] {override.py:1930} INFO - Created Permission View: can edit on DAG:example_short_circuit_decorator
[2026-08-30T23:13:42.812+0330] {logging_mixin.py:190} INFO - [2026-08-30T23:13:42.811+0330] {override.py:1930} INFO - Created Permission View: can read on DAG:example_short_circuit_decorator
[2026-08-30T23:13:42.834+0330] {logging_mixin.py:190} INFO - [2026-08-30T23:13:42.833+0330] {override.py:1930} INFO - Created Permission View: can delete on DAG:example_short_circuit_decorator
[2026-08-30T23:13:42.861+0330] {logging_mixin.py:190} INFO - [2026-08-30T23:13:42.861+0330] {override.py:1930} INFO - Created Permission View: menu access on DAG Run:example_short_circuit_decorator
[2026-08-30T23:13:42.885+0330] {logging_mixin.py:190} INFO - [2026-08-30T23:13:42.884+0330] {override.py:1930} INFO - Created Permission View: can create on DAG Run:example_short_circuit_decorator
[2026-08-30T23:13:42.908+0330] {logging_mixin.py:190} INFO - [2026-08-30T23:13:42.907+0330] {override.py:1930} INFO - Created Permission View: can read on DAG Run:example_short_circuit_decorator
[2026-08-30T23:13:42.932+0330] {logging_mixin.py:190} INFO - [2026-08-30T23:13:42.931+0330] {override.py:1930} INFO - Created Permission View: can delete on DAG Run:example_short_circuit_decorator
[2026-08-30T23:13:42.933+0330] {logging_mixin.py:190} INFO - [2026-08-30T23:13:42.933+0330] {dag.py:3239} INFO - Sync 1 DAGs
[2026-08-30T23:13:42.968+0330] {logging_mixin.py:190} INFO - [2026-08-30T23:13:42.967+0330] {dag.py:3262} INFO - Creating ORM DAG for example_short_circuit_decorator
[2026-08-30T23:13:42.969+0330] {logging_mixin.py:190} INFO - [2026-08-30T23:13:42.969+0330] {dag.py:4180} INFO - Setting next_dagrun for example_short_circuit_decorator to None, run_after=None
[2026-08-30T23:13:43.018+0330] {processor.py:208} INFO - Processing /home/mmirnezamina/de_final_project/airflowenv/lib/python3.10/site-packages/airflow/example_dags/example_short_circuit_decorator.py took 0.730 seconds
[2026-08-30T23:14:13.263+0330] {processor.py:186} INFO - Started process (PID=13276) to work on /home/mmirnezamina/de_final_project/airflowenv/lib/python3.10/site-packages/airflow/example_dags/example_short_circuit_decorator.py
[2026-08-30T23:14:13.264+0330] {processor.py:914} INFO - Processing file /home/mmirnezamina/de_final_project/airflowenv/lib/python3.10/site-packages/airflow/example_dags/example_short_circuit_decorator.py for tasks to queue
[2026-08-30T23:14:13.266+0330] {logging_mixin.py:190} INFO - [2026-08-30T23:14:13.265+0330] {dagbag.py:588} INFO - Filling up the DagBag from /home/mmirnezamina/de_final_project/airflowenv/lib/python3.10/site-packages/airflow/example_dags/example_short_circuit_decorator.py
[2026-08-30T23:14:13.281+0330] {processor.py:925} INFO - DAG(s) 'example_short_circuit_decorator' retrieved from /home/mmirnezamina/de_final_project/airflowenv/lib/python3.10/site-packages/airflow/example_dags/example_short_circuit_decorator.py
[2026-08-30T23:14:13.328+0330] {logging_mixin.py:190} INFO - [2026-08-30T23:14:13.328+0330] {dag.py:3239} INFO - Sync 1 DAGs
[2026-08-30T23:14:13.349+0330] {logging_mixin.py:190} INFO - [2026-08-30T23:14:13.349+0330] {dag.py:4180} INFO - Setting next_dagrun for example_short_circuit_decorator to None, run_after=None
[2026-08-30T23:14:13.382+0330] {processor.py:208} INFO - Processing /home/mmirnezamina/de_final_project/airflowenv/lib/python3.10/site-packages/airflow/example_dags/example_short_circuit_decorator.py took 0.136 seconds
[2026-08-30T23:14:43.619+0330] {processor.py:186} INFO - Started process (PID=13396) to work on /home/mmirnezamina/de_final_project/airflowenv/lib/python3.10/site-packages/airflow/example_dags/example_short_circuit_decorator.py
[2026-08-30T23:14:43.621+0330] {processor.py:914} INFO - Processing file /home/mmirnezamina/de_final_project/airflowenv/lib/python3.10/site-packages/airflow/example_dags/example_short_circuit_decorator.py for tasks to queue
[2026-08-30T23:14:43.622+0330] {logging_mixin.py:190} INFO - [2026-08-30T23:14:43.622+0330] {dagbag.py:588} INFO - Filling up the DagBag from /home/mmirnezamina/de_final_project/airflowenv/lib/python3.10/site-packages/airflow/example_dags/example_short_circuit_decorator.py
[2026-08-30T23:14:43.633+0330] {processor.py:925} INFO - DAG(s) 'example_short_circuit_decorator' retrieved from /home/mmirnezamina/de_final_project/airflowenv/lib/python3.10/site-packages/airflow/example_dags/example_short_circuit_decorator.py
[2026-08-30T23:14:43.671+0330] {logging_mixin.py:190} INFO - [2026-08-30T23:14:43.670+0330] {dag.py:3239} INFO - Sync 1 DAGs
[2026-08-30T23:14:43.687+0330] {logging_mixin.py:190} INFO - [2026-08-30T23:14:43.686+0330] {dag.py:4180} INFO - Setting next_dagrun for example_short_circuit_decorator to None, run_after=None
[2026-08-30T23:14:43.713+0330] {processor.py:208} INFO - Processing /home/mmirnezamina/de_final_project/airflowenv/lib/python3.10/site-packages/airflow/example_dags/example_short_circuit_decorator.py took 0.104 seconds
[2026-08-30T23:15:14.079+0330] {processor.py:186} INFO - Started process (PID=13515) to work on /home/mmirnezamina/de_final_project/airflowenv/lib/python3.10/site-packages/airflow/example_dags/example_short_circuit_decorator.py
[2026-08-30T23:15:14.083+0330] {processor.py:914} INFO - Processing file /home/mmirnezamina/de_final_project/airflowenv/lib/python3.10/site-packages/airflow/example_dags/example_short_circuit_decorator.py for tasks to queue
[2026-08-30T23:15:14.088+0330] {logging_mixin.py:190} INFO - [2026-08-30T23:15:14.086+0330] {dagbag.py:588} INFO - Filling up the DagBag from /home/mmirnezamina/de_final_project/airflowenv/lib/python3.10/site-packages/airflow/example_dags/example_short_circuit_decorator.py
[2026-08-30T23:15:14.114+0330] {processor.py:925} INFO - DAG(s) 'example_short_circuit_decorator' retrieved from /home/mmirnezamina/de_final_project/airflowenv/lib/python3.10/site-packages/airflow/example_dags/example_short_circuit_decorator.py
[2026-08-30T23:15:14.153+0330] {logging_mixin.py:190} INFO - [2026-08-30T23:15:14.153+0330] {dag.py:3239} INFO - Sync 1 DAGs
[2026-08-30T23:15:14.187+0330] {logging_mixin.py:190} INFO - [2026-08-30T23:15:14.187+0330] {dag.py:4180} INFO - Setting next_dagrun for example_short_circuit_decorator to None, run_after=None
[2026-08-30T23:15:14.263+0330] {processor.py:208} INFO - Processing /home/mmirnezamina/de_final_project/airflowenv/lib/python3.10/site-packages/airflow/example_dags/example_short_circuit_decorator.py took 0.209 seconds
[2026-08-30T23:15:44.868+0330] {processor.py:186} INFO - Started process (PID=13634) to work on /home/mmirnezamina/de_final_project/airflowenv/lib/python3.10/site-packages/airflow/example_dags/example_short_circuit_decorator.py
[2026-08-30T23:15:44.869+0330] {processor.py:914} INFO - Processing file /home/mmirnezamina/de_final_project/airflowenv/lib/python3.10/site-packages/airflow/example_dags/example_short_circuit_decorator.py for tasks to queue
[2026-08-30T23:15:44.871+0330] {logging_mixin.py:190} INFO - [2026-08-30T23:15:44.870+0330] {dagbag.py:588} INFO - Filling up the DagBag from /home/mmirnezamina/de_final_project/airflowenv/lib/python3.10/site-packages/airflow/example_dags/example_short_circuit_decorator.py
[2026-08-30T23:15:44.884+0330] {processor.py:925} INFO - DAG(s) 'example_short_circuit_decorator' retrieved from /home/mmirnezamina/de_final_project/airflowenv/lib/python3.10/site-packages/airflow/example_dags/example_short_circuit_decorator.py
[2026-08-30T23:15:44.934+0330] {logging_mixin.py:190} INFO - [2026-08-30T23:15:44.933+0330] {dag.py:3239} INFO - Sync 1 DAGs
[2026-08-30T23:15:44.964+0330] {logging_mixin.py:190} INFO - [2026-08-30T23:15:44.964+0330] {dag.py:4180} INFO - Setting next_dagrun for example_short_circuit_decorator to None, run_after=None
[2026-08-30T23:15:44.996+0330] {processor.py:208} INFO - Processing /home/mmirnezamina/de_final_project/airflowenv/lib/python3.10/site-packages/airflow/example_dags/example_short_circuit_decorator.py took 0.141 seconds
[2026-08-30T23:16:15.273+0330] {processor.py:186} INFO - Started process (PID=13754) to work on /home/mmirnezamina/de_final_project/airflowenv/lib/python3.10/site-packages/airflow/example_dags/example_short_circuit_decorator.py
[2026-08-30T23:16:15.274+0330] {processor.py:914} INFO - Processing file /home/mmirnezamina/de_final_project/airflowenv/lib/python3.10/site-packages/airflow/example_dags/example_short_circuit_decorator.py for tasks to queue
[2026-08-30T23:16:15.276+0330] {logging_mixin.py:190} INFO - [2026-08-30T23:16:15.276+0330] {dagbag.py:588} INFO - Filling up the DagBag from /home/mmirnezamina/de_final_project/airflowenv/lib/python3.10/site-packages/airflow/example_dags/example_short_circuit_decorator.py
[2026-08-30T23:16:15.291+0330] {processor.py:925} INFO - DAG(s) 'example_short_circuit_decorator' retrieved from /home/mmirnezamina/de_final_project/airflowenv/lib/python3.10/site-packages/airflow/example_dags/example_short_circuit_decorator.py
[2026-08-30T23:16:15.337+0330] {logging_mixin.py:190} INFO - [2026-08-30T23:16:15.337+0330] {dag.py:3239} INFO - Sync 1 DAGs
[2026-08-30T23:16:15.360+0330] {logging_mixin.py:190} INFO - [2026-08-30T23:16:15.360+0330] {dag.py:4180} INFO - Setting next_dagrun for example_short_circuit_decorator to None, run_after=None
[2026-08-30T23:16:15.395+0330] {processor.py:208} INFO - Processing /home/mmirnezamina/de_final_project/airflowenv/lib/python3.10/site-packages/airflow/example_dags/example_short_circuit_decorator.py took 0.135 seconds
[2026-08-30T23:16:45.447+0330] {processor.py:186} INFO - Started process (PID=13871) to work on /home/mmirnezamina/de_final_project/airflowenv/lib/python3.10/site-packages/airflow/example_dags/example_short_circuit_decorator.py
[2026-08-30T23:16:45.449+0330] {processor.py:914} INFO - Processing file /home/mmirnezamina/de_final_project/airflowenv/lib/python3.10/site-packages/airflow/example_dags/example_short_circuit_decorator.py for tasks to queue
[2026-08-30T23:16:45.451+0330] {logging_mixin.py:190} INFO - [2026-08-30T23:16:45.450+0330] {dagbag.py:588} INFO - Filling up the DagBag from /home/mmirnezamina/de_final_project/airflowenv/lib/python3.10/site-packages/airflow/example_dags/example_short_circuit_decorator.py
[2026-08-30T23:16:45.462+0330] {processor.py:925} INFO - DAG(s) 'example_short_circuit_decorator' retrieved from /home/mmirnezamina/de_final_project/airflowenv/lib/python3.10/site-packages/airflow/example_dags/example_short_circuit_decorator.py
[2026-08-30T23:16:45.498+0330] {logging_mixin.py:190} INFO - [2026-08-30T23:16:45.498+0330] {dag.py:3239} INFO - Sync 1 DAGs
[2026-08-30T23:16:45.515+0330] {logging_mixin.py:190} INFO - [2026-08-30T23:16:45.515+0330] {dag.py:4180} INFO - Setting next_dagrun for example_short_circuit_decorator to None, run_after=None
[2026-08-30T23:16:45.543+0330] {processor.py:208} INFO - Processing /home/mmirnezamina/de_final_project/airflowenv/lib/python3.10/site-packages/airflow/example_dags/example_short_circuit_decorator.py took 0.106 seconds
[2026-08-30T23:17:15.653+0330] {processor.py:186} INFO - Started process (PID=14036) to work on /home/mmirnezamina/de_final_project/airflowenv/lib/python3.10/site-packages/airflow/example_dags/example_short_circuit_decorator.py
[2026-08-30T23:17:15.654+0330] {processor.py:914} INFO - Processing file /home/mmirnezamina/de_final_project/airflowenv/lib/python3.10/site-packages/airflow/example_dags/example_short_circuit_decorator.py for tasks to queue
[2026-08-30T23:17:15.657+0330] {logging_mixin.py:190} INFO - [2026-08-30T23:17:15.656+0330] {dagbag.py:588} INFO - Filling up the DagBag from /home/mmirnezamina/de_final_project/airflowenv/lib/python3.10/site-packages/airflow/example_dags/example_short_circuit_decorator.py
[2026-08-30T23:17:15.674+0330] {processor.py:925} INFO - DAG(s) 'example_short_circuit_decorator' retrieved from /home/mmirnezamina/de_final_project/airflowenv/lib/python3.10/site-packages/airflow/example_dags/example_short_circuit_decorator.py
[2026-08-30T23:17:15.722+0330] {logging_mixin.py:190} INFO - [2026-08-30T23:17:15.721+0330] {dag.py:3239} INFO - Sync 1 DAGs
[2026-08-30T23:17:15.746+0330] {logging_mixin.py:190} INFO - [2026-08-30T23:17:15.746+0330] {dag.py:4180} INFO - Setting next_dagrun for example_short_circuit_decorator to None, run_after=None
[2026-08-30T23:17:15.783+0330] {processor.py:208} INFO - Processing /home/mmirnezamina/de_final_project/airflowenv/lib/python3.10/site-packages/airflow/example_dags/example_short_circuit_decorator.py took 0.144 seconds
[2026-08-30T23:17:46.546+0330] {processor.py:186} INFO - Started process (PID=14164) to work on /home/mmirnezamina/de_final_project/airflowenv/lib/python3.10/site-packages/airflow/example_dags/example_short_circuit_decorator.py
[2026-08-30T23:17:46.548+0330] {processor.py:914} INFO - Processing file /home/mmirnezamina/de_final_project/airflowenv/lib/python3.10/site-packages/airflow/example_dags/example_short_circuit_decorator.py for tasks to queue
[2026-08-30T23:17:46.550+0330] {logging_mixin.py:190} INFO - [2026-08-30T23:17:46.550+0330] {dagbag.py:588} INFO - Filling up the DagBag from /home/mmirnezamina/de_final_project/airflowenv/lib/python3.10/site-packages/airflow/example_dags/example_short_circuit_decorator.py
[2026-08-30T23:17:46.564+0330] {processor.py:925} INFO - DAG(s) 'example_short_circuit_decorator' retrieved from /home/mmirnezamina/de_final_project/airflowenv/lib/python3.10/site-packages/airflow/example_dags/example_short_circuit_decorator.py
[2026-08-30T23:17:46.602+0330] {logging_mixin.py:190} INFO - [2026-08-30T23:17:46.601+0330] {dag.py:3239} INFO - Sync 1 DAGs
[2026-08-30T23:17:46.620+0330] {logging_mixin.py:190} INFO - [2026-08-30T23:17:46.620+0330] {dag.py:4180} INFO - Setting next_dagrun for example_short_circuit_decorator to None, run_after=None
[2026-08-30T23:17:46.647+0330] {processor.py:208} INFO - Processing /home/mmirnezamina/de_final_project/airflowenv/lib/python3.10/site-packages/airflow/example_dags/example_short_circuit_decorator.py took 0.124 seconds
[2026-08-30T23:18:17.249+0330] {processor.py:186} INFO - Started process (PID=14284) to work on /home/mmirnezamina/de_final_project/airflowenv/lib/python3.10/site-packages/airflow/example_dags/example_short_circuit_decorator.py
[2026-08-30T23:18:17.251+0330] {processor.py:914} INFO - Processing file /home/mmirnezamina/de_final_project/airflowenv/lib/python3.10/site-packages/airflow/example_dags/example_short_circuit_decorator.py for tasks to queue
[2026-08-30T23:18:17.253+0330] {logging_mixin.py:190} INFO - [2026-08-30T23:18:17.253+0330] {dagbag.py:588} INFO - Filling up the DagBag from /home/mmirnezamina/de_final_project/airflowenv/lib/python3.10/site-packages/airflow/example_dags/example_short_circuit_decorator.py
[2026-08-30T23:18:17.268+0330] {processor.py:925} INFO - DAG(s) 'example_short_circuit_decorator' retrieved from /home/mmirnezamina/de_final_project/airflowenv/lib/python3.10/site-packages/airflow/example_dags/example_short_circuit_decorator.py
[2026-08-30T23:18:17.342+0330] {logging_mixin.py:190} INFO - [2026-08-30T23:18:17.341+0330] {dag.py:3239} INFO - Sync 1 DAGs
[2026-08-30T23:18:17.396+0330] {logging_mixin.py:190} INFO - [2026-08-30T23:18:17.396+0330] {dag.py:4180} INFO - Setting next_dagrun for example_short_circuit_decorator to None, run_after=None
[2026-08-30T23:18:17.425+0330] {processor.py:208} INFO - Processing /home/mmirnezamina/de_final_project/airflowenv/lib/python3.10/site-packages/airflow/example_dags/example_short_circuit_decorator.py took 0.190 seconds
[2026-08-30T23:18:48.072+0330] {processor.py:186} INFO - Started process (PID=14401) to work on /home/mmirnezamina/de_final_project/airflowenv/lib/python3.10/site-packages/airflow/example_dags/example_short_circuit_decorator.py
[2026-08-30T23:18:48.073+0330] {processor.py:914} INFO - Processing file /home/mmirnezamina/de_final_project/airflowenv/lib/python3.10/site-packages/airflow/example_dags/example_short_circuit_decorator.py for tasks to queue
[2026-08-30T23:18:48.075+0330] {logging_mixin.py:190} INFO - [2026-08-30T23:18:48.075+0330] {dagbag.py:588} INFO - Filling up the DagBag from /home/mmirnezamina/de_final_project/airflowenv/lib/python3.10/site-packages/airflow/example_dags/example_short_circuit_decorator.py
[2026-08-30T23:18:48.086+0330] {processor.py:925} INFO - DAG(s) 'example_short_circuit_decorator' retrieved from /home/mmirnezamina/de_final_project/airflowenv/lib/python3.10/site-packages/airflow/example_dags/example_short_circuit_decorator.py
[2026-08-30T23:18:48.122+0330] {logging_mixin.py:190} INFO - [2026-08-30T23:18:48.122+0330] {dag.py:3239} INFO - Sync 1 DAGs
[2026-08-30T23:18:48.140+0330] {logging_mixin.py:190} INFO - [2026-08-30T23:18:48.140+0330] {dag.py:4180} INFO - Setting next_dagrun for example_short_circuit_decorator to None, run_after=None
[2026-08-30T23:18:48.165+0330] {processor.py:208} INFO - Processing /home/mmirnezamina/de_final_project/airflowenv/lib/python3.10/site-packages/airflow/example_dags/example_short_circuit_decorator.py took 0.102 seconds
[2026-08-30T23:19:18.401+0330] {processor.py:186} INFO - Started process (PID=14521) to work on /home/mmirnezamina/de_final_project/airflowenv/lib/python3.10/site-packages/airflow/example_dags/example_short_circuit_decorator.py
[2026-08-30T23:19:18.402+0330] {processor.py:914} INFO - Processing file /home/mmirnezamina/de_final_project/airflowenv/lib/python3.10/site-packages/airflow/example_dags/example_short_circuit_decorator.py for tasks to queue
[2026-08-30T23:19:18.405+0330] {logging_mixin.py:190} INFO - [2026-08-30T23:19:18.404+0330] {dagbag.py:588} INFO - Filling up the DagBag from /home/mmirnezamina/de_final_project/airflowenv/lib/python3.10/site-packages/airflow/example_dags/example_short_circuit_decorator.py
[2026-08-30T23:19:18.432+0330] {processor.py:925} INFO - DAG(s) 'example_short_circuit_decorator' retrieved from /home/mmirnezamina/de_final_project/airflowenv/lib/python3.10/site-packages/airflow/example_dags/example_short_circuit_decorator.py
[2026-08-30T23:19:18.474+0330] {logging_mixin.py:190} INFO - [2026-08-30T23:19:18.474+0330] {dag.py:3239} INFO - Sync 1 DAGs
[2026-08-30T23:19:18.500+0330] {logging_mixin.py:190} INFO - [2026-08-30T23:19:18.500+0330] {dag.py:4180} INFO - Setting next_dagrun for example_short_circuit_decorator to None, run_after=None
[2026-08-30T23:19:18.526+0330] {processor.py:208} INFO - Processing /home/mmirnezamina/de_final_project/airflowenv/lib/python3.10/site-packages/airflow/example_dags/example_short_circuit_decorator.py took 0.136 seconds
[2026-08-30T23:19:48.739+0330] {processor.py:186} INFO - Started process (PID=14638) to work on /home/mmirnezamina/de_final_project/airflowenv/lib/python3.10/site-packages/airflow/example_dags/example_short_circuit_decorator.py
[2026-08-30T23:19:48.740+0330] {processor.py:914} INFO - Processing file /home/mmirnezamina/de_final_project/airflowenv/lib/python3.10/site-packages/airflow/example_dags/example_short_circuit_decorator.py for tasks to queue
[2026-08-30T23:19:48.741+0330] {logging_mixin.py:190} INFO - [2026-08-30T23:19:48.740+0330] {dagbag.py:588} INFO - Filling up the DagBag from /home/mmirnezamina/de_final_project/airflowenv/lib/python3.10/site-packages/airflow/example_dags/example_short_circuit_decorator.py
[2026-08-30T23:19:48.750+0330] {processor.py:925} INFO - DAG(s) 'example_short_circuit_decorator' retrieved from /home/mmirnezamina/de_final_project/airflowenv/lib/python3.10/site-packages/airflow/example_dags/example_short_circuit_decorator.py
[2026-08-30T23:19:48.780+0330] {logging_mixin.py:190} INFO - [2026-08-30T23:19:48.780+0330] {dag.py:3239} INFO - Sync 1 DAGs
[2026-08-30T23:19:48.794+0330] {logging_mixin.py:190} INFO - [2026-08-30T23:19:48.794+0330] {dag.py:4180} INFO - Setting next_dagrun for example_short_circuit_decorator to None, run_after=None
[2026-08-30T23:19:48.819+0330] {processor.py:208} INFO - Processing /home/mmirnezamina/de_final_project/airflowenv/lib/python3.10/site-packages/airflow/example_dags/example_short_circuit_decorator.py took 0.088 seconds
[2026-08-30T23:20:19.404+0330] {processor.py:186} INFO - Started process (PID=14762) to work on /home/mmirnezamina/de_final_project/airflowenv/lib/python3.10/site-packages/airflow/example_dags/example_short_circuit_decorator.py
[2026-08-30T23:20:19.407+0330] {processor.py:914} INFO - Processing file /home/mmirnezamina/de_final_project/airflowenv/lib/python3.10/site-packages/airflow/example_dags/example_short_circuit_decorator.py for tasks to queue
[2026-08-30T23:20:19.409+0330] {logging_mixin.py:190} INFO - [2026-08-30T23:20:19.408+0330] {dagbag.py:588} INFO - Filling up the DagBag from /home/mmirnezamina/de_final_project/airflowenv/lib/python3.10/site-packages/airflow/example_dags/example_short_circuit_decorator.py
[2026-08-30T23:20:19.434+0330] {processor.py:925} INFO - DAG(s) 'example_short_circuit_decorator' retrieved from /home/mmirnezamina/de_final_project/airflowenv/lib/python3.10/site-packages/airflow/example_dags/example_short_circuit_decorator.py
[2026-08-30T23:20:19.534+0330] {logging_mixin.py:190} INFO - [2026-08-30T23:20:19.533+0330] {dag.py:3239} INFO - Sync 1 DAGs
[2026-08-30T23:20:19.580+0330] {logging_mixin.py:190} INFO - [2026-08-30T23:20:19.579+0330] {dag.py:4180} INFO - Setting next_dagrun for example_short_circuit_decorator to None, run_after=None
[2026-08-30T23:20:19.632+0330] {processor.py:208} INFO - Processing /home/mmirnezamina/de_final_project/airflowenv/lib/python3.10/site-packages/airflow/example_dags/example_short_circuit_decorator.py took 0.280 seconds
[2026-08-30T23:20:50.084+0330] {processor.py:186} INFO - Started process (PID=14879) to work on /home/mmirnezamina/de_final_project/airflowenv/lib/python3.10/site-packages/airflow/example_dags/example_short_circuit_decorator.py
[2026-08-30T23:20:50.085+0330] {processor.py:914} INFO - Processing file /home/mmirnezamina/de_final_project/airflowenv/lib/python3.10/site-packages/airflow/example_dags/example_short_circuit_decorator.py for tasks to queue
[2026-08-30T23:20:50.086+0330] {logging_mixin.py:190} INFO - [2026-08-30T23:20:50.086+0330] {dagbag.py:588} INFO - Filling up the DagBag from /home/mmirnezamina/de_final_project/airflowenv/lib/python3.10/site-packages/airflow/example_dags/example_short_circuit_decorator.py
[2026-08-30T23:20:50.093+0330] {processor.py:925} INFO - DAG(s) 'example_short_circuit_decorator' retrieved from /home/mmirnezamina/de_final_project/airflowenv/lib/python3.10/site-packages/airflow/example_dags/example_short_circuit_decorator.py
[2026-08-30T23:20:50.117+0330] {logging_mixin.py:190} INFO - [2026-08-30T23:20:50.117+0330] {dag.py:3239} INFO - Sync 1 DAGs
[2026-08-30T23:20:50.129+0330] {logging_mixin.py:190} INFO - [2026-08-30T23:20:50.129+0330] {dag.py:4180} INFO - Setting next_dagrun for example_short_circuit_decorator to None, run_after=None
[2026-08-30T23:20:50.149+0330] {processor.py:208} INFO - Processing /home/mmirnezamina/de_final_project/airflowenv/lib/python3.10/site-packages/airflow/example_dags/example_short_circuit_decorator.py took 0.071 seconds
[2026-08-30T23:21:20.674+0330] {processor.py:186} INFO - Started process (PID=14999) to work on /home/mmirnezamina/de_final_project/airflowenv/lib/python3.10/site-packages/airflow/example_dags/example_short_circuit_decorator.py
[2026-08-30T23:21:20.675+0330] {processor.py:914} INFO - Processing file /home/mmirnezamina/de_final_project/airflowenv/lib/python3.10/site-packages/airflow/example_dags/example_short_circuit_decorator.py for tasks to queue
[2026-08-30T23:21:20.676+0330] {logging_mixin.py:190} INFO - [2026-08-30T23:21:20.676+0330] {dagbag.py:588} INFO - Filling up the DagBag from /home/mmirnezamina/de_final_project/airflowenv/lib/python3.10/site-packages/airflow/example_dags/example_short_circuit_decorator.py
[2026-08-30T23:21:20.686+0330] {processor.py:925} INFO - DAG(s) 'example_short_circuit_decorator' retrieved from /home/mmirnezamina/de_final_project/airflowenv/lib/python3.10/site-packages/airflow/example_dags/example_short_circuit_decorator.py
[2026-08-30T23:21:20.718+0330] {logging_mixin.py:190} INFO - [2026-08-30T23:21:20.718+0330] {dag.py:3239} INFO - Sync 1 DAGs
[2026-08-30T23:21:20.734+0330] {logging_mixin.py:190} INFO - [2026-08-30T23:21:20.734+0330] {dag.py:4180} INFO - Setting next_dagrun for example_short_circuit_decorator to None, run_after=None
[2026-08-30T23:21:20.758+0330] {processor.py:208} INFO - Processing /home/mmirnezamina/de_final_project/airflowenv/lib/python3.10/site-packages/airflow/example_dags/example_short_circuit_decorator.py took 0.093 seconds
[2026-08-30T23:21:50.898+0330] {processor.py:186} INFO - Started process (PID=15116) to work on /home/mmirnezamina/de_final_project/airflowenv/lib/python3.10/site-packages/airflow/example_dags/example_short_circuit_decorator.py
[2026-08-30T23:21:50.899+0330] {processor.py:914} INFO - Processing file /home/mmirnezamina/de_final_project/airflowenv/lib/python3.10/site-packages/airflow/example_dags/example_short_circuit_decorator.py for tasks to queue
[2026-08-30T23:21:50.900+0330] {logging_mixin.py:190} INFO - [2026-08-30T23:21:50.900+0330] {dagbag.py:588} INFO - Filling up the DagBag from /home/mmirnezamina/de_final_project/airflowenv/lib/python3.10/site-packages/airflow/example_dags/example_short_circuit_decorator.py
[2026-08-30T23:21:50.909+0330] {processor.py:925} INFO - DAG(s) 'example_short_circuit_decorator' retrieved from /home/mmirnezamina/de_final_project/airflowenv/lib/python3.10/site-packages/airflow/example_dags/example_short_circuit_decorator.py
[2026-08-30T23:21:50.935+0330] {logging_mixin.py:190} INFO - [2026-08-30T23:21:50.935+0330] {dag.py:3239} INFO - Sync 1 DAGs
[2026-08-30T23:21:50.950+0330] {logging_mixin.py:190} INFO - [2026-08-30T23:21:50.950+0330] {dag.py:4180} INFO - Setting next_dagrun for example_short_circuit_decorator to None, run_after=None
[2026-08-30T23:21:50.972+0330] {processor.py:208} INFO - Processing /home/mmirnezamina/de_final_project/airflowenv/lib/python3.10/site-packages/airflow/example_dags/example_short_circuit_decorator.py took 0.080 seconds
[2026-08-30T23:22:21.470+0330] {processor.py:186} INFO - Started process (PID=15237) to work on /home/mmirnezamina/de_final_project/airflowenv/lib/python3.10/site-packages/airflow/example_dags/example_short_circuit_decorator.py
[2026-08-30T23:22:21.471+0330] {processor.py:914} INFO - Processing file /home/mmirnezamina/de_final_project/airflowenv/lib/python3.10/site-packages/airflow/example_dags/example_short_circuit_decorator.py for tasks to queue
[2026-08-30T23:22:21.473+0330] {logging_mixin.py:190} INFO - [2026-08-30T23:22:21.472+0330] {dagbag.py:588} INFO - Filling up the DagBag from /home/mmirnezamina/de_final_project/airflowenv/lib/python3.10/site-packages/airflow/example_dags/example_short_circuit_decorator.py
[2026-08-30T23:22:21.483+0330] {processor.py:925} INFO - DAG(s) 'example_short_circuit_decorator' retrieved from /home/mmirnezamina/de_final_project/airflowenv/lib/python3.10/site-packages/airflow/example_dags/example_short_circuit_decorator.py
[2026-08-30T23:22:21.515+0330] {logging_mixin.py:190} INFO - [2026-08-30T23:22:21.515+0330] {dag.py:3239} INFO - Sync 1 DAGs
[2026-08-30T23:22:21.531+0330] {logging_mixin.py:190} INFO - [2026-08-30T23:22:21.531+0330] {dag.py:4180} INFO - Setting next_dagrun for example_short_circuit_decorator to None, run_after=None
[2026-08-30T23:22:21.555+0330] {processor.py:208} INFO - Processing /home/mmirnezamina/de_final_project/airflowenv/lib/python3.10/site-packages/airflow/example_dags/example_short_circuit_decorator.py took 0.094 seconds
[2026-08-30T23:22:51.755+0330] {processor.py:186} INFO - Started process (PID=15354) to work on /home/mmirnezamina/de_final_project/airflowenv/lib/python3.10/site-packages/airflow/example_dags/example_short_circuit_decorator.py
[2026-08-30T23:22:51.757+0330] {processor.py:914} INFO - Processing file /home/mmirnezamina/de_final_project/airflowenv/lib/python3.10/site-packages/airflow/example_dags/example_short_circuit_decorator.py for tasks to queue
[2026-08-30T23:22:51.758+0330] {logging_mixin.py:190} INFO - [2026-08-30T23:22:51.758+0330] {dagbag.py:588} INFO - Filling up the DagBag from /home/mmirnezamina/de_final_project/airflowenv/lib/python3.10/site-packages/airflow/example_dags/example_short_circuit_decorator.py
[2026-08-30T23:22:51.772+0330] {processor.py:925} INFO - DAG(s) 'example_short_circuit_decorator' retrieved from /home/mmirnezamina/de_final_project/airflowenv/lib/python3.10/site-packages/airflow/example_dags/example_short_circuit_decorator.py
[2026-08-30T23:22:51.818+0330] {logging_mixin.py:190} INFO - [2026-08-30T23:22:51.818+0330] {dag.py:3239} INFO - Sync 1 DAGs
[2026-08-30T23:22:51.841+0330] {logging_mixin.py:190} INFO - [2026-08-30T23:22:51.841+0330] {dag.py:4180} INFO - Setting next_dagrun for example_short_circuit_decorator to None, run_after=None
[2026-08-30T23:22:51.878+0330] {processor.py:208} INFO - Processing /home/mmirnezamina/de_final_project/airflowenv/lib/python3.10/site-packages/airflow/example_dags/example_short_circuit_decorator.py took 0.136 seconds
[2026-08-30T23:23:22.280+0330] {processor.py:186} INFO - Started process (PID=15474) to work on /home/mmirnezamina/de_final_project/airflowenv/lib/python3.10/site-packages/airflow/example_dags/example_short_circuit_decorator.py
[2026-08-30T23:23:22.283+0330] {processor.py:914} INFO - Processing file /home/mmirnezamina/de_final_project/airflowenv/lib/python3.10/site-packages/airflow/example_dags/example_short_circuit_decorator.py for tasks to queue
[2026-08-30T23:23:22.285+0330] {logging_mixin.py:190} INFO - [2026-08-30T23:23:22.285+0330] {dagbag.py:588} INFO - Filling up the DagBag from /home/mmirnezamina/de_final_project/airflowenv/lib/python3.10/site-packages/airflow/example_dags/example_short_circuit_decorator.py
[2026-08-30T23:23:22.300+0330] {processor.py:925} INFO - DAG(s) 'example_short_circuit_decorator' retrieved from /home/mmirnezamina/de_final_project/airflowenv/lib/python3.10/site-packages/airflow/example_dags/example_short_circuit_decorator.py
[2026-08-30T23:23:22.357+0330] {logging_mixin.py:190} INFO - [2026-08-30T23:23:22.356+0330] {dag.py:3239} INFO - Sync 1 DAGs
[2026-08-30T23:23:22.389+0330] {logging_mixin.py:190} INFO - [2026-08-30T23:23:22.389+0330] {dag.py:4180} INFO - Setting next_dagrun for example_short_circuit_decorator to None, run_after=None
[2026-08-30T23:23:22.446+0330] {processor.py:208} INFO - Processing /home/mmirnezamina/de_final_project/airflowenv/lib/python3.10/site-packages/airflow/example_dags/example_short_circuit_decorator.py took 0.178 seconds
[2026-08-30T23:23:53.344+0330] {processor.py:186} INFO - Started process (PID=15593) to work on /home/mmirnezamina/de_final_project/airflowenv/lib/python3.10/site-packages/airflow/example_dags/example_short_circuit_decorator.py
[2026-08-30T23:23:53.345+0330] {processor.py:914} INFO - Processing file /home/mmirnezamina/de_final_project/airflowenv/lib/python3.10/site-packages/airflow/example_dags/example_short_circuit_decorator.py for tasks to queue
[2026-08-30T23:23:53.346+0330] {logging_mixin.py:190} INFO - [2026-08-30T23:23:53.346+0330] {dagbag.py:588} INFO - Filling up the DagBag from /home/mmirnezamina/de_final_project/airflowenv/lib/python3.10/site-packages/airflow/example_dags/example_short_circuit_decorator.py
[2026-08-30T23:23:53.355+0330] {processor.py:925} INFO - DAG(s) 'example_short_circuit_decorator' retrieved from /home/mmirnezamina/de_final_project/airflowenv/lib/python3.10/site-packages/airflow/example_dags/example_short_circuit_decorator.py
[2026-08-30T23:23:53.381+0330] {logging_mixin.py:190} INFO - [2026-08-30T23:23:53.381+0330] {dag.py:3239} INFO - Sync 1 DAGs
[2026-08-30T23:23:53.393+0330] {logging_mixin.py:190} INFO - [2026-08-30T23:23:53.393+0330] {dag.py:4180} INFO - Setting next_dagrun for example_short_circuit_decorator to None, run_after=None
[2026-08-30T23:23:53.413+0330] {processor.py:208} INFO - Processing /home/mmirnezamina/de_final_project/airflowenv/lib/python3.10/site-packages/airflow/example_dags/example_short_circuit_decorator.py took 0.076 seconds
[2026-08-30T23:24:24.180+0330] {processor.py:186} INFO - Started process (PID=15711) to work on /home/mmirnezamina/de_final_project/airflowenv/lib/python3.10/site-packages/airflow/example_dags/example_short_circuit_decorator.py
[2026-08-30T23:24:24.182+0330] {processor.py:914} INFO - Processing file /home/mmirnezamina/de_final_project/airflowenv/lib/python3.10/site-packages/airflow/example_dags/example_short_circuit_decorator.py for tasks to queue
[2026-08-30T23:24:24.183+0330] {logging_mixin.py:190} INFO - [2026-08-30T23:24:24.183+0330] {dagbag.py:588} INFO - Filling up the DagBag from /home/mmirnezamina/de_final_project/airflowenv/lib/python3.10/site-packages/airflow/example_dags/example_short_circuit_decorator.py
[2026-08-30T23:24:24.192+0330] {processor.py:925} INFO - DAG(s) 'example_short_circuit_decorator' retrieved from /home/mmirnezamina/de_final_project/airflowenv/lib/python3.10/site-packages/airflow/example_dags/example_short_circuit_decorator.py
[2026-08-30T23:24:24.224+0330] {logging_mixin.py:190} INFO - [2026-08-30T23:24:24.224+0330] {dag.py:3239} INFO - Sync 1 DAGs
[2026-08-30T23:24:24.241+0330] {logging_mixin.py:190} INFO - [2026-08-30T23:24:24.241+0330] {dag.py:4180} INFO - Setting next_dagrun for example_short_circuit_decorator to None, run_after=None
[2026-08-30T23:24:24.265+0330] {processor.py:208} INFO - Processing /home/mmirnezamina/de_final_project/airflowenv/lib/python3.10/site-packages/airflow/example_dags/example_short_circuit_decorator.py took 0.094 seconds
[2026-08-30T23:24:54.818+0330] {processor.py:186} INFO - Started process (PID=15837) to work on /home/mmirnezamina/de_final_project/airflowenv/lib/python3.10/site-packages/airflow/example_dags/example_short_circuit_decorator.py
[2026-08-30T23:24:54.820+0330] {processor.py:914} INFO - Processing file /home/mmirnezamina/de_final_project/airflowenv/lib/python3.10/site-packages/airflow/example_dags/example_short_circuit_decorator.py for tasks to queue
[2026-08-30T23:24:54.821+0330] {logging_mixin.py:190} INFO - [2026-08-30T23:24:54.820+0330] {dagbag.py:588} INFO - Filling up the DagBag from /home/mmirnezamina/de_final_project/airflowenv/lib/python3.10/site-packages/airflow/example_dags/example_short_circuit_decorator.py
[2026-08-30T23:24:54.834+0330] {processor.py:925} INFO - DAG(s) 'example_short_circuit_decorator' retrieved from /home/mmirnezamina/de_final_project/airflowenv/lib/python3.10/site-packages/airflow/example_dags/example_short_circuit_decorator.py
[2026-08-30T23:24:54.872+0330] {logging_mixin.py:190} INFO - [2026-08-30T23:24:54.871+0330] {dag.py:3239} INFO - Sync 1 DAGs
[2026-08-30T23:24:54.890+0330] {logging_mixin.py:190} INFO - [2026-08-30T23:24:54.890+0330] {dag.py:4180} INFO - Setting next_dagrun for example_short_circuit_decorator to None, run_after=None
[2026-08-30T23:24:54.919+0330] {processor.py:208} INFO - Processing /home/mmirnezamina/de_final_project/airflowenv/lib/python3.10/site-packages/airflow/example_dags/example_short_circuit_decorator.py took 0.111 seconds
[2026-08-30T23:25:26.108+0330] {processor.py:186} INFO - Started process (PID=15987) to work on /home/mmirnezamina/de_final_project/airflowenv/lib/python3.10/site-packages/airflow/example_dags/example_short_circuit_decorator.py
[2026-08-30T23:25:26.111+0330] {processor.py:914} INFO - Processing file /home/mmirnezamina/de_final_project/airflowenv/lib/python3.10/site-packages/airflow/example_dags/example_short_circuit_decorator.py for tasks to queue
[2026-08-30T23:25:26.114+0330] {logging_mixin.py:190} INFO - [2026-08-30T23:25:26.114+0330] {dagbag.py:588} INFO - Filling up the DagBag from /home/mmirnezamina/de_final_project/airflowenv/lib/python3.10/site-packages/airflow/example_dags/example_short_circuit_decorator.py
[2026-08-30T23:25:26.142+0330] {processor.py:925} INFO - DAG(s) 'example_short_circuit_decorator' retrieved from /home/mmirnezamina/de_final_project/airflowenv/lib/python3.10/site-packages/airflow/example_dags/example_short_circuit_decorator.py
[2026-08-30T23:25:26.279+0330] {logging_mixin.py:190} INFO - [2026-08-30T23:25:26.278+0330] {dag.py:3239} INFO - Sync 1 DAGs
[2026-08-30T23:25:26.348+0330] {logging_mixin.py:190} INFO - [2026-08-30T23:25:26.347+0330] {dag.py:4180} INFO - Setting next_dagrun for example_short_circuit_decorator to None, run_after=None
[2026-08-30T23:25:26.407+0330] {processor.py:208} INFO - Processing /home/mmirnezamina/de_final_project/airflowenv/lib/python3.10/site-packages/airflow/example_dags/example_short_circuit_decorator.py took 0.324 seconds
[2026-08-30T23:25:56.900+0330] {processor.py:186} INFO - Started process (PID=16110) to work on /home/mmirnezamina/de_final_project/airflowenv/lib/python3.10/site-packages/airflow/example_dags/example_short_circuit_decorator.py
[2026-08-30T23:25:56.900+0330] {processor.py:914} INFO - Processing file /home/mmirnezamina/de_final_project/airflowenv/lib/python3.10/site-packages/airflow/example_dags/example_short_circuit_decorator.py for tasks to queue
[2026-08-30T23:25:56.902+0330] {logging_mixin.py:190} INFO - [2026-08-30T23:25:56.901+0330] {dagbag.py:588} INFO - Filling up the DagBag from /home/mmirnezamina/de_final_project/airflowenv/lib/python3.10/site-packages/airflow/example_dags/example_short_circuit_decorator.py
[2026-08-30T23:25:56.912+0330] {processor.py:925} INFO - DAG(s) 'example_short_circuit_decorator' retrieved from /home/mmirnezamina/de_final_project/airflowenv/lib/python3.10/site-packages/airflow/example_dags/example_short_circuit_decorator.py
[2026-08-30T23:25:56.946+0330] {logging_mixin.py:190} INFO - [2026-08-30T23:25:56.946+0330] {dag.py:3239} INFO - Sync 1 DAGs
[2026-08-30T23:25:56.962+0330] {logging_mixin.py:190} INFO - [2026-08-30T23:25:56.962+0330] {dag.py:4180} INFO - Setting next_dagrun for example_short_circuit_decorator to None, run_after=None
[2026-08-30T23:25:56.990+0330] {processor.py:208} INFO - Processing /home/mmirnezamina/de_final_project/airflowenv/lib/python3.10/site-packages/airflow/example_dags/example_short_circuit_decorator.py took 0.100 seconds
[2026-08-30T23:26:27.235+0330] {processor.py:186} INFO - Started process (PID=16228) to work on /home/mmirnezamina/de_final_project/airflowenv/lib/python3.10/site-packages/airflow/example_dags/example_short_circuit_decorator.py
[2026-08-30T23:26:27.238+0330] {processor.py:914} INFO - Processing file /home/mmirnezamina/de_final_project/airflowenv/lib/python3.10/site-packages/airflow/example_dags/example_short_circuit_decorator.py for tasks to queue
[2026-08-30T23:26:27.242+0330] {logging_mixin.py:190} INFO - [2026-08-30T23:26:27.241+0330] {dagbag.py:588} INFO - Filling up the DagBag from /home/mmirnezamina/de_final_project/airflowenv/lib/python3.10/site-packages/airflow/example_dags/example_short_circuit_decorator.py
[2026-08-30T23:26:27.272+0330] {processor.py:925} INFO - DAG(s) 'example_short_circuit_decorator' retrieved from /home/mmirnezamina/de_final_project/airflowenv/lib/python3.10/site-packages/airflow/example_dags/example_short_circuit_decorator.py
[2026-08-30T23:26:27.377+0330] {logging_mixin.py:190} INFO - [2026-08-30T23:26:27.377+0330] {dag.py:3239} INFO - Sync 1 DAGs
[2026-08-30T23:26:27.440+0330] {logging_mixin.py:190} INFO - [2026-08-30T23:26:27.439+0330] {dag.py:4180} INFO - Setting next_dagrun for example_short_circuit_decorator to None, run_after=None
[2026-08-30T23:26:27.524+0330] {processor.py:208} INFO - Processing /home/mmirnezamina/de_final_project/airflowenv/lib/python3.10/site-packages/airflow/example_dags/example_short_circuit_decorator.py took 0.326 seconds
[2026-08-30T23:26:57.739+0330] {processor.py:186} INFO - Started process (PID=16345) to work on /home/mmirnezamina/de_final_project/airflowenv/lib/python3.10/site-packages/airflow/example_dags/example_short_circuit_decorator.py
[2026-08-30T23:26:57.742+0330] {processor.py:914} INFO - Processing file /home/mmirnezamina/de_final_project/airflowenv/lib/python3.10/site-packages/airflow/example_dags/example_short_circuit_decorator.py for tasks to queue
[2026-08-30T23:26:57.745+0330] {logging_mixin.py:190} INFO - [2026-08-30T23:26:57.745+0330] {dagbag.py:588} INFO - Filling up the DagBag from /home/mmirnezamina/de_final_project/airflowenv/lib/python3.10/site-packages/airflow/example_dags/example_short_circuit_decorator.py
[2026-08-30T23:26:57.776+0330] {processor.py:925} INFO - DAG(s) 'example_short_circuit_decorator' retrieved from /home/mmirnezamina/de_final_project/airflowenv/lib/python3.10/site-packages/airflow/example_dags/example_short_circuit_decorator.py
[2026-08-30T23:26:57.857+0330] {logging_mixin.py:190} INFO - [2026-08-30T23:26:57.857+0330] {dag.py:3239} INFO - Sync 1 DAGs
[2026-08-30T23:26:57.889+0330] {logging_mixin.py:190} INFO - [2026-08-30T23:26:57.889+0330] {dag.py:4180} INFO - Setting next_dagrun for example_short_circuit_decorator to None, run_after=None
[2026-08-30T23:26:57.935+0330] {processor.py:208} INFO - Processing /home/mmirnezamina/de_final_project/airflowenv/lib/python3.10/site-packages/airflow/example_dags/example_short_circuit_decorator.py took 0.222 seconds
[2026-08-30T23:28:04.271+0330] {processor.py:186} INFO - Started process (PID=16473) to work on /home/mmirnezamina/de_final_project/airflowenv/lib/python3.10/site-packages/airflow/example_dags/example_short_circuit_decorator.py
[2026-08-30T23:28:04.273+0330] {processor.py:914} INFO - Processing file /home/mmirnezamina/de_final_project/airflowenv/lib/python3.10/site-packages/airflow/example_dags/example_short_circuit_decorator.py for tasks to queue
[2026-08-30T23:28:04.275+0330] {logging_mixin.py:190} INFO - [2026-08-30T23:28:04.275+0330] {dagbag.py:588} INFO - Filling up the DagBag from /home/mmirnezamina/de_final_project/airflowenv/lib/python3.10/site-packages/airflow/example_dags/example_short_circuit_decorator.py
[2026-08-30T23:28:04.292+0330] {processor.py:925} INFO - DAG(s) 'example_short_circuit_decorator' retrieved from /home/mmirnezamina/de_final_project/airflowenv/lib/python3.10/site-packages/airflow/example_dags/example_short_circuit_decorator.py
[2026-08-30T23:28:04.472+0330] {logging_mixin.py:190} INFO - [2026-08-30T23:28:04.471+0330] {override.py:1930} INFO - Created Permission View: can delete on DAG:example_short_circuit_decorator
[2026-08-30T23:28:04.494+0330] {logging_mixin.py:190} INFO - [2026-08-30T23:28:04.494+0330] {override.py:1930} INFO - Created Permission View: can read on DAG:example_short_circuit_decorator
[2026-08-30T23:28:04.513+0330] {logging_mixin.py:190} INFO - [2026-08-30T23:28:04.513+0330] {override.py:1930} INFO - Created Permission View: can edit on DAG:example_short_circuit_decorator
[2026-08-30T23:28:04.547+0330] {logging_mixin.py:190} INFO - [2026-08-30T23:28:04.547+0330] {override.py:1930} INFO - Created Permission View: can create on DAG Run:example_short_circuit_decorator
[2026-08-30T23:28:04.566+0330] {logging_mixin.py:190} INFO - [2026-08-30T23:28:04.565+0330] {override.py:1930} INFO - Created Permission View: can delete on DAG Run:example_short_circuit_decorator
[2026-08-30T23:28:04.584+0330] {logging_mixin.py:190} INFO - [2026-08-30T23:28:04.583+0330] {override.py:1930} INFO - Created Permission View: can read on DAG Run:example_short_circuit_decorator
[2026-08-30T23:28:04.605+0330] {logging_mixin.py:190} INFO - [2026-08-30T23:28:04.604+0330] {override.py:1930} INFO - Created Permission View: menu access on DAG Run:example_short_circuit_decorator
[2026-08-30T23:28:04.605+0330] {logging_mixin.py:190} INFO - [2026-08-30T23:28:04.605+0330] {dag.py:3239} INFO - Sync 1 DAGs
[2026-08-30T23:28:04.621+0330] {logging_mixin.py:190} INFO - [2026-08-30T23:28:04.621+0330] {dag.py:3262} INFO - Creating ORM DAG for example_short_circuit_decorator
[2026-08-30T23:28:04.622+0330] {logging_mixin.py:190} INFO - [2026-08-30T23:28:04.622+0330] {dag.py:4180} INFO - Setting next_dagrun for example_short_circuit_decorator to None, run_after=None
[2026-08-30T23:28:04.653+0330] {processor.py:208} INFO - Processing /home/mmirnezamina/de_final_project/airflowenv/lib/python3.10/site-packages/airflow/example_dags/example_short_circuit_decorator.py took 0.395 seconds
