[2026-08-30T23:13:51.735+0330] {processor.py:186} INFO - Started process (PID=13196) to work on /home/mmirnezamina/de_final_project/airflowenv/lib/python3.10/site-packages/airflow/example_dags/example_display_name.py
[2026-08-30T23:13:51.738+0330] {processor.py:914} INFO - Processing file /home/mmirnezamina/de_final_project/airflowenv/lib/python3.10/site-packages/airflow/example_dags/example_display_name.py for tasks to queue
[2026-08-30T23:13:51.741+0330] {logging_mixin.py:190} INFO - [2026-08-30T23:13:51.741+0330] {dagbag.py:588} INFO - Filling up the DagBag from /home/mmirnezamina/de_final_project/airflowenv/lib/python3.10/site-packages/airflow/example_dags/example_display_name.py
[2026-08-30T23:13:51.762+0330] {processor.py:925} INFO - DAG(s) 'example_display_name' retrieved from /home/mmirnezamina/de_final_project/airflowenv/lib/python3.10/site-packages/airflow/example_dags/example_display_name.py
[2026-08-30T23:13:52.045+0330] {logging_mixin.py:190} INFO - [2026-08-30T23:13:52.040+0330] {override.py:1930} INFO - Created Permission View: can edit on DAG:example_display_name
[2026-08-30T23:13:52.076+0330] {logging_mixin.py:190} INFO - [2026-08-30T23:13:52.076+0330] {override.py:1930} INFO - Created Permission View: can read on DAG:example_display_name
[2026-08-30T23:13:52.098+0330] {logging_mixin.py:190} INFO - [2026-08-30T23:13:52.097+0330] {override.py:1930} INFO - Created Permission View: can delete on DAG:example_display_name
[2026-08-30T23:13:52.123+0330] {logging_mixin.py:190} INFO - [2026-08-30T23:13:52.122+0330] {override.py:1930} INFO - Created Permission View: menu access on DAG Run:example_display_name
[2026-08-30T23:13:52.145+0330] {logging_mixin.py:190} INFO - [2026-08-30T23:13:52.144+0330] {override.py:1930} INFO - Created Permission View: can create on DAG Run:example_display_name
[2026-08-30T23:13:52.170+0330] {logging_mixin.py:190} INFO - [2026-08-30T23:13:52.169+0330] {override.py:1930} INFO - Created Permission View: can read on DAG Run:example_display_name
[2026-08-30T23:13:52.191+0330] {logging_mixin.py:190} INFO - [2026-08-30T23:13:52.190+0330] {override.py:1930} INFO - Created Permission View: can delete on DAG Run:example_display_name
[2026-08-30T23:13:52.192+0330] {logging_mixin.py:190} INFO - [2026-08-30T23:13:52.192+0330] {dag.py:3239} INFO - Sync 1 DAGs
[2026-08-30T23:13:52.232+0330] {logging_mixin.py:190} INFO - [2026-08-30T23:13:52.232+0330] {dag.py:3262} INFO - Creating ORM DAG for example_display_name
[2026-08-30T23:13:52.234+0330] {logging_mixin.py:190} INFO - [2026-08-30T23:13:52.233+0330] {dag.py:4180} INFO - Setting next_dagrun for example_display_name to None, run_after=None
[2026-08-30T23:13:52.284+0330] {processor.py:208} INFO - Processing /home/mmirnezamina/de_final_project/airflowenv/lib/python3.10/site-packages/airflow/example_dags/example_display_name.py took 0.578 seconds
[2026-08-30T23:14:22.528+0330] {processor.py:186} INFO - Started process (PID=13319) to work on /home/mmirnezamina/de_final_project/airflowenv/lib/python3.10/site-packages/airflow/example_dags/example_display_name.py
[2026-08-30T23:14:22.529+0330] {processor.py:914} INFO - Processing file /home/mmirnezamina/de_final_project/airflowenv/lib/python3.10/site-packages/airflow/example_dags/example_display_name.py for tasks to queue
[2026-08-30T23:14:22.530+0330] {logging_mixin.py:190} INFO - [2026-08-30T23:14:22.530+0330] {dagbag.py:588} INFO - Filling up the DagBag from /home/mmirnezamina/de_final_project/airflowenv/lib/python3.10/site-packages/airflow/example_dags/example_display_name.py
[2026-08-30T23:14:22.540+0330] {processor.py:925} INFO - DAG(s) 'example_display_name' retrieved from /home/mmirnezamina/de_final_project/airflowenv/lib/python3.10/site-packages/airflow/example_dags/example_display_name.py
[2026-08-30T23:14:22.577+0330] {logging_mixin.py:190} INFO - [2026-08-30T23:14:22.577+0330] {dag.py:3239} INFO - Sync 1 DAGs
[2026-08-30T23:14:22.598+0330] {logging_mixin.py:190} INFO - [2026-08-30T23:14:22.597+0330] {dag.py:4180} INFO - Setting next_dagrun for example_display_name to None, run_after=None
[2026-08-30T23:14:22.633+0330] {processor.py:208} INFO - Processing /home/mmirnezamina/de_final_project/airflowenv/lib/python3.10/site-packages/airflow/example_dags/example_display_name.py took 0.116 seconds
[2026-08-30T23:14:53.407+0330] {processor.py:186} INFO - Started process (PID=13436) to work on /home/mmirnezamina/de_final_project/airflowenv/lib/python3.10/site-packages/airflow/example_dags/example_display_name.py
[2026-08-30T23:14:53.409+0330] {processor.py:914} INFO - Processing file /home/mmirnezamina/de_final_project/airflowenv/lib/python3.10/site-packages/airflow/example_dags/example_display_name.py for tasks to queue
[2026-08-30T23:14:53.412+0330] {logging_mixin.py:190} INFO - [2026-08-30T23:14:53.411+0330] {dagbag.py:588} INFO - Filling up the DagBag from /home/mmirnezamina/de_final_project/airflowenv/lib/python3.10/site-packages/airflow/example_dags/example_display_name.py
[2026-08-30T23:14:53.434+0330] {processor.py:925} INFO - DAG(s) 'example_display_name' retrieved from /home/mmirnezamina/de_final_project/airflowenv/lib/python3.10/site-packages/airflow/example_dags/example_display_name.py
[2026-08-30T23:14:53.492+0330] {logging_mixin.py:190} INFO - [2026-08-30T23:14:53.491+0330] {dag.py:3239} INFO - Sync 1 DAGs
[2026-08-30T23:14:53.524+0330] {logging_mixin.py:190} INFO - [2026-08-30T23:14:53.524+0330] {dag.py:4180} INFO - Setting next_dagrun for example_display_name to None, run_after=None
[2026-08-30T23:14:53.581+0330] {processor.py:208} INFO - Processing /home/mmirnezamina/de_final_project/airflowenv/lib/python3.10/site-packages/airflow/example_dags/example_display_name.py took 0.196 seconds
[2026-08-30T23:15:25.451+0330] {processor.py:186} INFO - Started process (PID=13557) to work on /home/mmirnezamina/de_final_project/airflowenv/lib/python3.10/site-packages/airflow/example_dags/example_display_name.py
[2026-08-30T23:15:25.464+0330] {processor.py:914} INFO - Processing file /home/mmirnezamina/de_final_project/airflowenv/lib/python3.10/site-packages/airflow/example_dags/example_display_name.py for tasks to queue
[2026-08-30T23:15:25.479+0330] {logging_mixin.py:190} INFO - [2026-08-30T23:15:25.478+0330] {dagbag.py:588} INFO - Filling up the DagBag from /home/mmirnezamina/de_final_project/airflowenv/lib/python3.10/site-packages/airflow/example_dags/example_display_name.py
[2026-08-30T23:15:25.547+0330] {processor.py:925} INFO - DAG(s) 'example_display_name' retrieved from /home/mmirnezamina/de_final_project/airflowenv/lib/python3.10/site-packages/airflow/example_dags/example_display_name.py
[2026-08-30T23:15:25.692+0330] {logging_mixin.py:190} INFO - [2026-08-30T23:15:25.691+0330] {dag.py:3239} INFO - Sync 1 DAGs
[2026-08-30T23:15:25.793+0330] {logging_mixin.py:190} INFO - [2026-08-30T23:15:25.792+0330] {dag.py:4180} INFO - Setting next_dagrun for example_display_name to None, run_after=None
[2026-08-30T23:15:25.911+0330] {processor.py:208} INFO - Processing /home/mmirnezamina/de_final_project/airflowenv/lib/python3.10/site-packages/airflow/example_dags/example_display_name.py took 0.566 seconds
[2026-08-30T23:15:56.406+0330] {processor.py:186} INFO - Started process (PID=13674) to work on /home/mmirnezamina/de_final_project/airflowenv/lib/python3.10/site-packages/airflow/example_dags/example_display_name.py
[2026-08-30T23:15:56.408+0330] {processor.py:914} INFO - Processing file /home/mmirnezamina/de_final_project/airflowenv/lib/python3.10/site-packages/airflow/example_dags/example_display_name.py for tasks to queue
[2026-08-30T23:15:56.411+0330] {logging_mixin.py:190} INFO - [2026-08-30T23:15:56.410+0330] {dagbag.py:588} INFO - Filling up the DagBag from /home/mmirnezamina/de_final_project/airflowenv/lib/python3.10/site-packages/airflow/example_dags/example_display_name.py
[2026-08-30T23:15:56.424+0330] {processor.py:925} INFO - DAG(s) 'example_display_name' retrieved from /home/mmirnezamina/de_final_project/airflowenv/lib/python3.10/site-packages/airflow/example_dags/example_display_name.py
[2026-08-30T23:15:56.497+0330] {logging_mixin.py:190} INFO - [2026-08-30T23:15:56.496+0330] {dag.py:3239} INFO - Sync 1 DAGs
[2026-08-30T23:15:56.527+0330] {logging_mixin.py:190} INFO - [2026-08-30T23:15:56.526+0330] {dag.py:4180} INFO - Setting next_dagrun for example_display_name to None, run_after=None
[2026-08-30T23:15:56.562+0330] {processor.py:208} INFO - Processing /home/mmirnezamina/de_final_project/airflowenv/lib/python3.10/site-packages/airflow/example_dags/example_display_name.py took 0.172 seconds
[2026-08-30T23:16:26.945+0330] {processor.py:186} INFO - Started process (PID=13794) to work on /home/mmirnezamina/de_final_project/airflowenv/lib/python3.10/site-packages/airflow/example_dags/example_display_name.py
[2026-08-30T23:16:26.946+0330] {processor.py:914} INFO - Processing file /home/mmirnezamina/de_final_project/airflowenv/lib/python3.10/site-packages/airflow/example_dags/example_display_name.py for tasks to queue
[2026-08-30T23:16:26.948+0330] {logging_mixin.py:190} INFO - [2026-08-30T23:16:26.948+0330] {dagbag.py:588} INFO - Filling up the DagBag from /home/mmirnezamina/de_final_project/airflowenv/lib/python3.10/site-packages/airflow/example_dags/example_display_name.py
[2026-08-30T23:16:26.958+0330] {processor.py:925} INFO - DAG(s) 'example_display_name' retrieved from /home/mmirnezamina/de_final_project/airflowenv/lib/python3.10/site-packages/airflow/example_dags/example_display_name.py
[2026-08-30T23:16:26.994+0330] {logging_mixin.py:190} INFO - [2026-08-30T23:16:26.994+0330] {dag.py:3239} INFO - Sync 1 DAGs
[2026-08-30T23:16:27.016+0330] {logging_mixin.py:190} INFO - [2026-08-30T23:16:27.016+0330] {dag.py:4180} INFO - Setting next_dagrun for example_display_name to None, run_after=None
[2026-08-30T23:16:27.047+0330] {processor.py:208} INFO - Processing /home/mmirnezamina/de_final_project/airflowenv/lib/python3.10/site-packages/airflow/example_dags/example_display_name.py took 0.114 seconds
[2026-08-30T23:16:57.181+0330] {processor.py:186} INFO - Started process (PID=13943) to work on /home/mmirnezamina/de_final_project/airflowenv/lib/python3.10/site-packages/airflow/example_dags/example_display_name.py
[2026-08-30T23:16:57.182+0330] {processor.py:914} INFO - Processing file /home/mmirnezamina/de_final_project/airflowenv/lib/python3.10/site-packages/airflow/example_dags/example_display_name.py for tasks to queue
[2026-08-30T23:16:57.184+0330] {logging_mixin.py:190} INFO - [2026-08-30T23:16:57.183+0330] {dagbag.py:588} INFO - Filling up the DagBag from /home/mmirnezamina/de_final_project/airflowenv/lib/python3.10/site-packages/airflow/example_dags/example_display_name.py
[2026-08-30T23:16:57.192+0330] {processor.py:925} INFO - DAG(s) 'example_display_name' retrieved from /home/mmirnezamina/de_final_project/airflowenv/lib/python3.10/site-packages/airflow/example_dags/example_display_name.py
[2026-08-30T23:16:57.227+0330] {logging_mixin.py:190} INFO - [2026-08-30T23:16:57.227+0330] {dag.py:3239} INFO - Sync 1 DAGs
[2026-08-30T23:16:57.248+0330] {logging_mixin.py:190} INFO - [2026-08-30T23:16:57.248+0330] {dag.py:4180} INFO - Setting next_dagrun for example_display_name to None, run_after=None
[2026-08-30T23:16:57.272+0330] {processor.py:208} INFO - Processing /home/mmirnezamina/de_final_project/airflowenv/lib/python3.10/site-packages/airflow/example_dags/example_display_name.py took 0.102 seconds
[2026-08-30T23:17:28.039+0330] {processor.py:186} INFO - Started process (PID=14085) to work on /home/mmirnezamina/de_final_project/airflowenv/lib/python3.10/site-packages/airflow/example_dags/example_display_name.py
[2026-08-30T23:17:28.041+0330] {processor.py:914} INFO - Processing file /home/mmirnezamina/de_final_project/airflowenv/lib/python3.10/site-packages/airflow/example_dags/example_display_name.py for tasks to queue
[2026-08-30T23:17:28.043+0330] {logging_mixin.py:190} INFO - [2026-08-30T23:17:28.042+0330] {dagbag.py:588} INFO - Filling up the DagBag from /home/mmirnezamina/de_final_project/airflowenv/lib/python3.10/site-packages/airflow/example_dags/example_display_name.py
[2026-08-30T23:17:28.073+0330] {processor.py:925} INFO - DAG(s) 'example_display_name' retrieved from /home/mmirnezamina/de_final_project/airflowenv/lib/python3.10/site-packages/airflow/example_dags/example_display_name.py
[2026-08-30T23:17:28.171+0330] {logging_mixin.py:190} INFO - [2026-08-30T23:17:28.170+0330] {dag.py:3239} INFO - Sync 1 DAGs
[2026-08-30T23:17:28.251+0330] {logging_mixin.py:190} INFO - [2026-08-30T23:17:28.250+0330] {dag.py:4180} INFO - Setting next_dagrun for example_display_name to None, run_after=None
[2026-08-30T23:17:28.373+0330] {processor.py:208} INFO - Processing /home/mmirnezamina/de_final_project/airflowenv/lib/python3.10/site-packages/airflow/example_dags/example_display_name.py took 0.414 seconds
[2026-08-30T23:17:58.463+0330] {processor.py:186} INFO - Started process (PID=14206) to work on /home/mmirnezamina/de_final_project/airflowenv/lib/python3.10/site-packages/airflow/example_dags/example_display_name.py
[2026-08-30T23:17:58.465+0330] {processor.py:914} INFO - Processing file /home/mmirnezamina/de_final_project/airflowenv/lib/python3.10/site-packages/airflow/example_dags/example_display_name.py for tasks to queue
[2026-08-30T23:17:58.467+0330] {logging_mixin.py:190} INFO - [2026-08-30T23:17:58.466+0330] {dagbag.py:588} INFO - Filling up the DagBag from /home/mmirnezamina/de_final_project/airflowenv/lib/python3.10/site-packages/airflow/example_dags/example_display_name.py
[2026-08-30T23:17:58.479+0330] {processor.py:925} INFO - DAG(s) 'example_display_name' retrieved from /home/mmirnezamina/de_final_project/airflowenv/lib/python3.10/site-packages/airflow/example_dags/example_display_name.py
[2026-08-30T23:17:58.525+0330] {logging_mixin.py:190} INFO - [2026-08-30T23:17:58.525+0330] {dag.py:3239} INFO - Sync 1 DAGs
[2026-08-30T23:17:58.550+0330] {logging_mixin.py:190} INFO - [2026-08-30T23:17:58.549+0330] {dag.py:4180} INFO - Setting next_dagrun for example_display_name to None, run_after=None
[2026-08-30T23:17:58.587+0330] {processor.py:208} INFO - Processing /home/mmirnezamina/de_final_project/airflowenv/lib/python3.10/site-packages/airflow/example_dags/example_display_name.py took 0.141 seconds
[2026-08-30T23:18:28.796+0330] {processor.py:186} INFO - Started process (PID=14324) to work on /home/mmirnezamina/de_final_project/airflowenv/lib/python3.10/site-packages/airflow/example_dags/example_display_name.py
[2026-08-30T23:18:28.797+0330] {processor.py:914} INFO - Processing file /home/mmirnezamina/de_final_project/airflowenv/lib/python3.10/site-packages/airflow/example_dags/example_display_name.py for tasks to queue
[2026-08-30T23:18:28.799+0330] {logging_mixin.py:190} INFO - [2026-08-30T23:18:28.798+0330] {dagbag.py:588} INFO - Filling up the DagBag from /home/mmirnezamina/de_final_project/airflowenv/lib/python3.10/site-packages/airflow/example_dags/example_display_name.py
[2026-08-30T23:18:28.811+0330] {processor.py:925} INFO - DAG(s) 'example_display_name' retrieved from /home/mmirnezamina/de_final_project/airflowenv/lib/python3.10/site-packages/airflow/example_dags/example_display_name.py
[2026-08-30T23:18:28.845+0330] {logging_mixin.py:190} INFO - [2026-08-30T23:18:28.845+0330] {dag.py:3239} INFO - Sync 1 DAGs
[2026-08-30T23:18:28.864+0330] {logging_mixin.py:190} INFO - [2026-08-30T23:18:28.863+0330] {dag.py:4180} INFO - Setting next_dagrun for example_display_name to None, run_after=None
[2026-08-30T23:18:28.891+0330] {processor.py:208} INFO - Processing /home/mmirnezamina/de_final_project/airflowenv/lib/python3.10/site-packages/airflow/example_dags/example_display_name.py took 0.109 seconds
[2026-08-30T23:18:59.194+0330] {processor.py:186} INFO - Started process (PID=14443) to work on /home/mmirnezamina/de_final_project/airflowenv/lib/python3.10/site-packages/airflow/example_dags/example_display_name.py
[2026-08-30T23:18:59.196+0330] {processor.py:914} INFO - Processing file /home/mmirnezamina/de_final_project/airflowenv/lib/python3.10/site-packages/airflow/example_dags/example_display_name.py for tasks to queue
[2026-08-30T23:18:59.198+0330] {logging_mixin.py:190} INFO - [2026-08-30T23:18:59.197+0330] {dagbag.py:588} INFO - Filling up the DagBag from /home/mmirnezamina/de_final_project/airflowenv/lib/python3.10/site-packages/airflow/example_dags/example_display_name.py
[2026-08-30T23:18:59.207+0330] {processor.py:925} INFO - DAG(s) 'example_display_name' retrieved from /home/mmirnezamina/de_final_project/airflowenv/lib/python3.10/site-packages/airflow/example_dags/example_display_name.py
[2026-08-30T23:18:59.242+0330] {logging_mixin.py:190} INFO - [2026-08-30T23:18:59.242+0330] {dag.py:3239} INFO - Sync 1 DAGs
[2026-08-30T23:18:59.263+0330] {logging_mixin.py:190} INFO - [2026-08-30T23:18:59.263+0330] {dag.py:4180} INFO - Setting next_dagrun for example_display_name to None, run_after=None
[2026-08-30T23:18:59.290+0330] {processor.py:208} INFO - Processing /home/mmirnezamina/de_final_project/airflowenv/lib/python3.10/site-packages/airflow/example_dags/example_display_name.py took 0.107 seconds
[2026-08-30T23:19:29.712+0330] {processor.py:186} INFO - Started process (PID=14561) to work on /home/mmirnezamina/de_final_project/airflowenv/lib/python3.10/site-packages/airflow/example_dags/example_display_name.py
[2026-08-30T23:19:29.713+0330] {processor.py:914} INFO - Processing file /home/mmirnezamina/de_final_project/airflowenv/lib/python3.10/site-packages/airflow/example_dags/example_display_name.py for tasks to queue
[2026-08-30T23:19:29.715+0330] {logging_mixin.py:190} INFO - [2026-08-30T23:19:29.714+0330] {dagbag.py:588} INFO - Filling up the DagBag from /home/mmirnezamina/de_final_project/airflowenv/lib/python3.10/site-packages/airflow/example_dags/example_display_name.py
[2026-08-30T23:19:29.726+0330] {processor.py:925} INFO - DAG(s) 'example_display_name' retrieved from /home/mmirnezamina/de_final_project/airflowenv/lib/python3.10/site-packages/airflow/example_dags/example_display_name.py
[2026-08-30T23:19:29.766+0330] {logging_mixin.py:190} INFO - [2026-08-30T23:19:29.765+0330] {dag.py:3239} INFO - Sync 1 DAGs
[2026-08-30T23:19:29.784+0330] {logging_mixin.py:190} INFO - [2026-08-30T23:19:29.784+0330] {dag.py:4180} INFO - Setting next_dagrun for example_display_name to None, run_after=None
[2026-08-30T23:19:29.816+0330] {processor.py:208} INFO - Processing /home/mmirnezamina/de_final_project/airflowenv/lib/python3.10/site-packages/airflow/example_dags/example_display_name.py took 0.117 seconds
[2026-08-30T23:20:00.268+0330] {processor.py:186} INFO - Started process (PID=14680) to work on /home/mmirnezamina/de_final_project/airflowenv/lib/python3.10/site-packages/airflow/example_dags/example_display_name.py
[2026-08-30T23:20:00.270+0330] {processor.py:914} INFO - Processing file /home/mmirnezamina/de_final_project/airflowenv/lib/python3.10/site-packages/airflow/example_dags/example_display_name.py for tasks to queue
[2026-08-30T23:20:00.271+0330] {logging_mixin.py:190} INFO - [2026-08-30T23:20:00.271+0330] {dagbag.py:588} INFO - Filling up the DagBag from /home/mmirnezamina/de_final_project/airflowenv/lib/python3.10/site-packages/airflow/example_dags/example_display_name.py
[2026-08-30T23:20:00.280+0330] {processor.py:925} INFO - DAG(s) 'example_display_name' retrieved from /home/mmirnezamina/de_final_project/airflowenv/lib/python3.10/site-packages/airflow/example_dags/example_display_name.py
[2026-08-30T23:20:00.312+0330] {logging_mixin.py:190} INFO - [2026-08-30T23:20:00.311+0330] {dag.py:3239} INFO - Sync 1 DAGs
[2026-08-30T23:20:00.330+0330] {logging_mixin.py:190} INFO - [2026-08-30T23:20:00.329+0330] {dag.py:4180} INFO - Setting next_dagrun for example_display_name to None, run_after=None
[2026-08-30T23:20:00.359+0330] {processor.py:208} INFO - Processing /home/mmirnezamina/de_final_project/airflowenv/lib/python3.10/site-packages/airflow/example_dags/example_display_name.py took 0.101 seconds
[2026-08-30T23:20:30.744+0330] {processor.py:186} INFO - Started process (PID=14802) to work on /home/mmirnezamina/de_final_project/airflowenv/lib/python3.10/site-packages/airflow/example_dags/example_display_name.py
[2026-08-30T23:20:30.745+0330] {processor.py:914} INFO - Processing file /home/mmirnezamina/de_final_project/airflowenv/lib/python3.10/site-packages/airflow/example_dags/example_display_name.py for tasks to queue
[2026-08-30T23:20:30.746+0330] {logging_mixin.py:190} INFO - [2026-08-30T23:20:30.746+0330] {dagbag.py:588} INFO - Filling up the DagBag from /home/mmirnezamina/de_final_project/airflowenv/lib/python3.10/site-packages/airflow/example_dags/example_display_name.py
[2026-08-30T23:20:30.753+0330] {processor.py:925} INFO - DAG(s) 'example_display_name' retrieved from /home/mmirnezamina/de_final_project/airflowenv/lib/python3.10/site-packages/airflow/example_dags/example_display_name.py
[2026-08-30T23:20:30.776+0330] {logging_mixin.py:190} INFO - [2026-08-30T23:20:30.776+0330] {dag.py:3239} INFO - Sync 1 DAGs
[2026-08-30T23:20:30.788+0330] {logging_mixin.py:190} INFO - [2026-08-30T23:20:30.788+0330] {dag.py:4180} INFO - Setting next_dagrun for example_display_name to None, run_after=None
[2026-08-30T23:20:30.807+0330] {processor.py:208} INFO - Processing /home/mmirnezamina/de_final_project/airflowenv/lib/python3.10/site-packages/airflow/example_dags/example_display_name.py took 0.070 seconds
[2026-08-30T23:21:01.164+0330] {processor.py:186} INFO - Started process (PID=14921) to work on /home/mmirnezamina/de_final_project/airflowenv/lib/python3.10/site-packages/airflow/example_dags/example_display_name.py
[2026-08-30T23:21:01.165+0330] {processor.py:914} INFO - Processing file /home/mmirnezamina/de_final_project/airflowenv/lib/python3.10/site-packages/airflow/example_dags/example_display_name.py for tasks to queue
[2026-08-30T23:21:01.166+0330] {logging_mixin.py:190} INFO - [2026-08-30T23:21:01.166+0330] {dagbag.py:588} INFO - Filling up the DagBag from /home/mmirnezamina/de_final_project/airflowenv/lib/python3.10/site-packages/airflow/example_dags/example_display_name.py
[2026-08-30T23:21:01.174+0330] {processor.py:925} INFO - DAG(s) 'example_display_name' retrieved from /home/mmirnezamina/de_final_project/airflowenv/lib/python3.10/site-packages/airflow/example_dags/example_display_name.py
[2026-08-30T23:21:01.206+0330] {logging_mixin.py:190} INFO - [2026-08-30T23:21:01.206+0330] {dag.py:3239} INFO - Sync 1 DAGs
[2026-08-30T23:21:01.224+0330] {logging_mixin.py:190} INFO - [2026-08-30T23:21:01.224+0330] {dag.py:4180} INFO - Setting next_dagrun for example_display_name to None, run_after=None
[2026-08-30T23:21:01.251+0330] {processor.py:208} INFO - Processing /home/mmirnezamina/de_final_project/airflowenv/lib/python3.10/site-packages/airflow/example_dags/example_display_name.py took 0.097 seconds
[2026-08-30T23:21:31.932+0330] {processor.py:186} INFO - Started process (PID=15039) to work on /home/mmirnezamina/de_final_project/airflowenv/lib/python3.10/site-packages/airflow/example_dags/example_display_name.py
[2026-08-30T23:21:31.934+0330] {processor.py:914} INFO - Processing file /home/mmirnezamina/de_final_project/airflowenv/lib/python3.10/site-packages/airflow/example_dags/example_display_name.py for tasks to queue
[2026-08-30T23:21:31.935+0330] {logging_mixin.py:190} INFO - [2026-08-30T23:21:31.935+0330] {dagbag.py:588} INFO - Filling up the DagBag from /home/mmirnezamina/de_final_project/airflowenv/lib/python3.10/site-packages/airflow/example_dags/example_display_name.py
[2026-08-30T23:21:31.943+0330] {processor.py:925} INFO - DAG(s) 'example_display_name' retrieved from /home/mmirnezamina/de_final_project/airflowenv/lib/python3.10/site-packages/airflow/example_dags/example_display_name.py
[2026-08-30T23:21:31.978+0330] {logging_mixin.py:190} INFO - [2026-08-30T23:21:31.978+0330] {dag.py:3239} INFO - Sync 1 DAGs
[2026-08-30T23:21:31.996+0330] {logging_mixin.py:190} INFO - [2026-08-30T23:21:31.995+0330] {dag.py:4180} INFO - Setting next_dagrun for example_display_name to None, run_after=None
[2026-08-30T23:21:32.024+0330] {processor.py:208} INFO - Processing /home/mmirnezamina/de_final_project/airflowenv/lib/python3.10/site-packages/airflow/example_dags/example_display_name.py took 0.102 seconds
[2026-08-30T23:22:02.933+0330] {processor.py:186} INFO - Started process (PID=15159) to work on /home/mmirnezamina/de_final_project/airflowenv/lib/python3.10/site-packages/airflow/example_dags/example_display_name.py
[2026-08-30T23:22:02.934+0330] {processor.py:914} INFO - Processing file /home/mmirnezamina/de_final_project/airflowenv/lib/python3.10/site-packages/airflow/example_dags/example_display_name.py for tasks to queue
[2026-08-30T23:22:02.935+0330] {logging_mixin.py:190} INFO - [2026-08-30T23:22:02.935+0330] {dagbag.py:588} INFO - Filling up the DagBag from /home/mmirnezamina/de_final_project/airflowenv/lib/python3.10/site-packages/airflow/example_dags/example_display_name.py
[2026-08-30T23:22:02.944+0330] {processor.py:925} INFO - DAG(s) 'example_display_name' retrieved from /home/mmirnezamina/de_final_project/airflowenv/lib/python3.10/site-packages/airflow/example_dags/example_display_name.py
[2026-08-30T23:22:02.970+0330] {logging_mixin.py:190} INFO - [2026-08-30T23:22:02.970+0330] {dag.py:3239} INFO - Sync 1 DAGs
[2026-08-30T23:22:02.983+0330] {logging_mixin.py:190} INFO - [2026-08-30T23:22:02.983+0330] {dag.py:4180} INFO - Setting next_dagrun for example_display_name to None, run_after=None
[2026-08-30T23:22:03.006+0330] {processor.py:208} INFO - Processing /home/mmirnezamina/de_final_project/airflowenv/lib/python3.10/site-packages/airflow/example_dags/example_display_name.py took 0.081 seconds
[2026-08-30T23:22:33.629+0330] {processor.py:186} INFO - Started process (PID=15277) to work on /home/mmirnezamina/de_final_project/airflowenv/lib/python3.10/site-packages/airflow/example_dags/example_display_name.py
[2026-08-30T23:22:33.630+0330] {processor.py:914} INFO - Processing file /home/mmirnezamina/de_final_project/airflowenv/lib/python3.10/site-packages/airflow/example_dags/example_display_name.py for tasks to queue
[2026-08-30T23:22:33.632+0330] {logging_mixin.py:190} INFO - [2026-08-30T23:22:33.632+0330] {dagbag.py:588} INFO - Filling up the DagBag from /home/mmirnezamina/de_final_project/airflowenv/lib/python3.10/site-packages/airflow/example_dags/example_display_name.py
[2026-08-30T23:22:33.641+0330] {processor.py:925} INFO - DAG(s) 'example_display_name' retrieved from /home/mmirnezamina/de_final_project/airflowenv/lib/python3.10/site-packages/airflow/example_dags/example_display_name.py
[2026-08-30T23:22:33.669+0330] {logging_mixin.py:190} INFO - [2026-08-30T23:22:33.668+0330] {dag.py:3239} INFO - Sync 1 DAGs
[2026-08-30T23:22:33.683+0330] {logging_mixin.py:190} INFO - [2026-08-30T23:22:33.683+0330] {dag.py:4180} INFO - Setting next_dagrun for example_display_name to None, run_after=None
[2026-08-30T23:22:33.707+0330] {processor.py:208} INFO - Processing /home/mmirnezamina/de_final_project/airflowenv/lib/python3.10/site-packages/airflow/example_dags/example_display_name.py took 0.088 seconds
[2026-08-30T23:23:04.654+0330] {processor.py:186} INFO - Started process (PID=15397) to work on /home/mmirnezamina/de_final_project/airflowenv/lib/python3.10/site-packages/airflow/example_dags/example_display_name.py
[2026-08-30T23:23:04.658+0330] {processor.py:914} INFO - Processing file /home/mmirnezamina/de_final_project/airflowenv/lib/python3.10/site-packages/airflow/example_dags/example_display_name.py for tasks to queue
[2026-08-30T23:23:04.671+0330] {logging_mixin.py:190} INFO - [2026-08-30T23:23:04.669+0330] {dagbag.py:588} INFO - Filling up the DagBag from /home/mmirnezamina/de_final_project/airflowenv/lib/python3.10/site-packages/airflow/example_dags/example_display_name.py
[2026-08-30T23:23:04.727+0330] {processor.py:925} INFO - DAG(s) 'example_display_name' retrieved from /home/mmirnezamina/de_final_project/airflowenv/lib/python3.10/site-packages/airflow/example_dags/example_display_name.py
[2026-08-30T23:23:04.825+0330] {logging_mixin.py:190} INFO - [2026-08-30T23:23:04.824+0330] {dag.py:3239} INFO - Sync 1 DAGs
[2026-08-30T23:23:04.873+0330] {logging_mixin.py:190} INFO - [2026-08-30T23:23:04.873+0330] {dag.py:4180} INFO - Setting next_dagrun for example_display_name to None, run_after=None
[2026-08-30T23:23:04.933+0330] {processor.py:208} INFO - Processing /home/mmirnezamina/de_final_project/airflowenv/lib/python3.10/site-packages/airflow/example_dags/example_display_name.py took 0.370 seconds
[2026-08-30T23:23:35.455+0330] {processor.py:186} INFO - Started process (PID=15514) to work on /home/mmirnezamina/de_final_project/airflowenv/lib/python3.10/site-packages/airflow/example_dags/example_display_name.py
[2026-08-30T23:23:35.458+0330] {processor.py:914} INFO - Processing file /home/mmirnezamina/de_final_project/airflowenv/lib/python3.10/site-packages/airflow/example_dags/example_display_name.py for tasks to queue
[2026-08-30T23:23:35.459+0330] {logging_mixin.py:190} INFO - [2026-08-30T23:23:35.459+0330] {dagbag.py:588} INFO - Filling up the DagBag from /home/mmirnezamina/de_final_project/airflowenv/lib/python3.10/site-packages/airflow/example_dags/example_display_name.py
[2026-08-30T23:23:35.468+0330] {processor.py:925} INFO - DAG(s) 'example_display_name' retrieved from /home/mmirnezamina/de_final_project/airflowenv/lib/python3.10/site-packages/airflow/example_dags/example_display_name.py
[2026-08-30T23:23:35.491+0330] {logging_mixin.py:190} INFO - [2026-08-30T23:23:35.491+0330] {dag.py:3239} INFO - Sync 1 DAGs
[2026-08-30T23:23:35.502+0330] {logging_mixin.py:190} INFO - [2026-08-30T23:23:35.502+0330] {dag.py:4180} INFO - Setting next_dagrun for example_display_name to None, run_after=None
[2026-08-30T23:23:35.521+0330] {processor.py:208} INFO - Processing /home/mmirnezamina/de_final_project/airflowenv/lib/python3.10/site-packages/airflow/example_dags/example_display_name.py took 0.075 seconds
[2026-08-30T23:24:05.623+0330] {processor.py:186} INFO - Started process (PID=15634) to work on /home/mmirnezamina/de_final_project/airflowenv/lib/python3.10/site-packages/airflow/example_dags/example_display_name.py
[2026-08-30T23:24:05.624+0330] {processor.py:914} INFO - Processing file /home/mmirnezamina/de_final_project/airflowenv/lib/python3.10/site-packages/airflow/example_dags/example_display_name.py for tasks to queue
[2026-08-30T23:24:05.625+0330] {logging_mixin.py:190} INFO - [2026-08-30T23:24:05.624+0330] {dagbag.py:588} INFO - Filling up the DagBag from /home/mmirnezamina/de_final_project/airflowenv/lib/python3.10/site-packages/airflow/example_dags/example_display_name.py
[2026-08-30T23:24:05.630+0330] {processor.py:925} INFO - DAG(s) 'example_display_name' retrieved from /home/mmirnezamina/de_final_project/airflowenv/lib/python3.10/site-packages/airflow/example_dags/example_display_name.py
[2026-08-30T23:24:05.653+0330] {logging_mixin.py:190} INFO - [2026-08-30T23:24:05.652+0330] {dag.py:3239} INFO - Sync 1 DAGs
[2026-08-30T23:24:05.665+0330] {logging_mixin.py:190} INFO - [2026-08-30T23:24:05.665+0330] {dag.py:4180} INFO - Setting next_dagrun for example_display_name to None, run_after=None
[2026-08-30T23:24:05.685+0330] {processor.py:208} INFO - Processing /home/mmirnezamina/de_final_project/airflowenv/lib/python3.10/site-packages/airflow/example_dags/example_display_name.py took 0.068 seconds
[2026-08-30T23:24:35.848+0330] {processor.py:186} INFO - Started process (PID=15751) to work on /home/mmirnezamina/de_final_project/airflowenv/lib/python3.10/site-packages/airflow/example_dags/example_display_name.py
[2026-08-30T23:24:35.850+0330] {processor.py:914} INFO - Processing file /home/mmirnezamina/de_final_project/airflowenv/lib/python3.10/site-packages/airflow/example_dags/example_display_name.py for tasks to queue
[2026-08-30T23:24:35.851+0330] {logging_mixin.py:190} INFO - [2026-08-30T23:24:35.851+0330] {dagbag.py:588} INFO - Filling up the DagBag from /home/mmirnezamina/de_final_project/airflowenv/lib/python3.10/site-packages/airflow/example_dags/example_display_name.py
[2026-08-30T23:24:35.859+0330] {processor.py:925} INFO - DAG(s) 'example_display_name' retrieved from /home/mmirnezamina/de_final_project/airflowenv/lib/python3.10/site-packages/airflow/example_dags/example_display_name.py
[2026-08-30T23:24:35.887+0330] {logging_mixin.py:190} INFO - [2026-08-30T23:24:35.887+0330] {dag.py:3239} INFO - Sync 1 DAGs
[2026-08-30T23:24:35.904+0330] {logging_mixin.py:190} INFO - [2026-08-30T23:24:35.904+0330] {dag.py:4180} INFO - Setting next_dagrun for example_display_name to None, run_after=None
[2026-08-30T23:24:35.929+0330] {processor.py:208} INFO - Processing /home/mmirnezamina/de_final_project/airflowenv/lib/python3.10/site-packages/airflow/example_dags/example_display_name.py took 0.092 seconds
[2026-08-30T23:25:06.301+0330] {processor.py:186} INFO - Started process (PID=15896) to work on /home/mmirnezamina/de_final_project/airflowenv/lib/python3.10/site-packages/airflow/example_dags/example_display_name.py
[2026-08-30T23:25:06.302+0330] {processor.py:914} INFO - Processing file /home/mmirnezamina/de_final_project/airflowenv/lib/python3.10/site-packages/airflow/example_dags/example_display_name.py for tasks to queue
[2026-08-30T23:25:06.304+0330] {logging_mixin.py:190} INFO - [2026-08-30T23:25:06.303+0330] {dagbag.py:588} INFO - Filling up the DagBag from /home/mmirnezamina/de_final_project/airflowenv/lib/python3.10/site-packages/airflow/example_dags/example_display_name.py
[2026-08-30T23:25:06.314+0330] {processor.py:925} INFO - DAG(s) 'example_display_name' retrieved from /home/mmirnezamina/de_final_project/airflowenv/lib/python3.10/site-packages/airflow/example_dags/example_display_name.py
[2026-08-30T23:25:06.347+0330] {logging_mixin.py:190} INFO - [2026-08-30T23:25:06.347+0330] {dag.py:3239} INFO - Sync 1 DAGs
[2026-08-30T23:25:06.366+0330] {logging_mixin.py:190} INFO - [2026-08-30T23:25:06.366+0330] {dag.py:4180} INFO - Setting next_dagrun for example_display_name to None, run_after=None
[2026-08-30T23:25:06.395+0330] {processor.py:208} INFO - Processing /home/mmirnezamina/de_final_project/airflowenv/lib/python3.10/site-packages/airflow/example_dags/example_display_name.py took 0.106 seconds
[2026-08-30T23:25:36.759+0330] {processor.py:186} INFO - Started process (PID=16035) to work on /home/mmirnezamina/de_final_project/airflowenv/lib/python3.10/site-packages/airflow/example_dags/example_display_name.py
[2026-08-30T23:25:36.761+0330] {processor.py:914} INFO - Processing file /home/mmirnezamina/de_final_project/airflowenv/lib/python3.10/site-packages/airflow/example_dags/example_display_name.py for tasks to queue
[2026-08-30T23:25:36.763+0330] {logging_mixin.py:190} INFO - [2026-08-30T23:25:36.762+0330] {dagbag.py:588} INFO - Filling up the DagBag from /home/mmirnezamina/de_final_project/airflowenv/lib/python3.10/site-packages/airflow/example_dags/example_display_name.py
[2026-08-30T23:25:36.772+0330] {processor.py:925} INFO - DAG(s) 'example_display_name' retrieved from /home/mmirnezamina/de_final_project/airflowenv/lib/python3.10/site-packages/airflow/example_dags/example_display_name.py
[2026-08-30T23:25:36.811+0330] {logging_mixin.py:190} INFO - [2026-08-30T23:25:36.810+0330] {dag.py:3239} INFO - Sync 1 DAGs
[2026-08-30T23:25:36.833+0330] {logging_mixin.py:190} INFO - [2026-08-30T23:25:36.833+0330] {dag.py:4180} INFO - Setting next_dagrun for example_display_name to None, run_after=None
[2026-08-30T23:25:36.864+0330] {processor.py:208} INFO - Processing /home/mmirnezamina/de_final_project/airflowenv/lib/python3.10/site-packages/airflow/example_dags/example_display_name.py took 0.119 seconds
[2026-08-30T23:26:07.144+0330] {processor.py:186} INFO - Started process (PID=16153) to work on /home/mmirnezamina/de_final_project/airflowenv/lib/python3.10/site-packages/airflow/example_dags/example_display_name.py
[2026-08-30T23:26:07.145+0330] {processor.py:914} INFO - Processing file /home/mmirnezamina/de_final_project/airflowenv/lib/python3.10/site-packages/airflow/example_dags/example_display_name.py for tasks to queue
[2026-08-30T23:26:07.146+0330] {logging_mixin.py:190} INFO - [2026-08-30T23:26:07.146+0330] {dagbag.py:588} INFO - Filling up the DagBag from /home/mmirnezamina/de_final_project/airflowenv/lib/python3.10/site-packages/airflow/example_dags/example_display_name.py
[2026-08-30T23:26:07.157+0330] {processor.py:925} INFO - DAG(s) 'example_display_name' retrieved from /home/mmirnezamina/de_final_project/airflowenv/lib/python3.10/site-packages/airflow/example_dags/example_display_name.py
[2026-08-30T23:26:07.192+0330] {logging_mixin.py:190} INFO - [2026-08-30T23:26:07.191+0330] {dag.py:3239} INFO - Sync 1 DAGs
[2026-08-30T23:26:07.212+0330] {logging_mixin.py:190} INFO - [2026-08-30T23:26:07.211+0330] {dag.py:4180} INFO - Setting next_dagrun for example_display_name to None, run_after=None
[2026-08-30T23:26:07.239+0330] {processor.py:208} INFO - Processing /home/mmirnezamina/de_final_project/airflowenv/lib/python3.10/site-packages/airflow/example_dags/example_display_name.py took 0.108 seconds
[2026-08-30T23:26:37.404+0330] {processor.py:186} INFO - Started process (PID=16272) to work on /home/mmirnezamina/de_final_project/airflowenv/lib/python3.10/site-packages/airflow/example_dags/example_display_name.py
[2026-08-30T23:26:37.405+0330] {processor.py:914} INFO - Processing file /home/mmirnezamina/de_final_project/airflowenv/lib/python3.10/site-packages/airflow/example_dags/example_display_name.py for tasks to queue
[2026-08-30T23:26:37.406+0330] {logging_mixin.py:190} INFO - [2026-08-30T23:26:37.406+0330] {dagbag.py:588} INFO - Filling up the DagBag from /home/mmirnezamina/de_final_project/airflowenv/lib/python3.10/site-packages/airflow/example_dags/example_display_name.py
[2026-08-30T23:26:37.413+0330] {processor.py:925} INFO - DAG(s) 'example_display_name' retrieved from /home/mmirnezamina/de_final_project/airflowenv/lib/python3.10/site-packages/airflow/example_dags/example_display_name.py
[2026-08-30T23:26:37.438+0330] {logging_mixin.py:190} INFO - [2026-08-30T23:26:37.438+0330] {dag.py:3239} INFO - Sync 1 DAGs
[2026-08-30T23:26:37.452+0330] {logging_mixin.py:190} INFO - [2026-08-30T23:26:37.452+0330] {dag.py:4180} INFO - Setting next_dagrun for example_display_name to None, run_after=None
[2026-08-30T23:26:37.475+0330] {processor.py:208} INFO - Processing /home/mmirnezamina/de_final_project/airflowenv/lib/python3.10/site-packages/airflow/example_dags/example_display_name.py took 0.080 seconds
[2026-08-30T23:28:31.454+0330] {processor.py:186} INFO - Started process (PID=16498) to work on /home/mmirnezamina/de_final_project/airflowenv/lib/python3.10/site-packages/airflow/example_dags/example_display_name.py
[2026-08-30T23:28:31.455+0330] {processor.py:914} INFO - Processing file /home/mmirnezamina/de_final_project/airflowenv/lib/python3.10/site-packages/airflow/example_dags/example_display_name.py for tasks to queue
[2026-08-30T23:28:31.456+0330] {logging_mixin.py:190} INFO - [2026-08-30T23:28:31.456+0330] {dagbag.py:588} INFO - Filling up the DagBag from /home/mmirnezamina/de_final_project/airflowenv/lib/python3.10/site-packages/airflow/example_dags/example_display_name.py
[2026-08-30T23:28:31.466+0330] {processor.py:925} INFO - DAG(s) 'example_display_name' retrieved from /home/mmirnezamina/de_final_project/airflowenv/lib/python3.10/site-packages/airflow/example_dags/example_display_name.py
[2026-08-30T23:28:31.587+0330] {logging_mixin.py:190} INFO - [2026-08-30T23:28:31.586+0330] {override.py:1930} INFO - Created Permission View: can delete on DAG:example_display_name
[2026-08-30T23:28:31.614+0330] {logging_mixin.py:190} INFO - [2026-08-30T23:28:31.614+0330] {override.py:1930} INFO - Created Permission View: can read on DAG:example_display_name
[2026-08-30T23:28:31.631+0330] {logging_mixin.py:190} INFO - [2026-08-30T23:28:31.631+0330] {override.py:1930} INFO - Created Permission View: can edit on DAG:example_display_name
[2026-08-30T23:28:31.662+0330] {logging_mixin.py:190} INFO - [2026-08-30T23:28:31.662+0330] {override.py:1930} INFO - Created Permission View: can create on DAG Run:example_display_name
[2026-08-30T23:28:31.680+0330] {logging_mixin.py:190} INFO - [2026-08-30T23:28:31.679+0330] {override.py:1930} INFO - Created Permission View: can delete on DAG Run:example_display_name
[2026-08-30T23:28:31.697+0330] {logging_mixin.py:190} INFO - [2026-08-30T23:28:31.696+0330] {override.py:1930} INFO - Created Permission View: can read on DAG Run:example_display_name
[2026-08-30T23:28:31.723+0330] {logging_mixin.py:190} INFO - [2026-08-30T23:28:31.723+0330] {override.py:1930} INFO - Created Permission View: menu access on DAG Run:example_display_name
[2026-08-30T23:28:31.724+0330] {logging_mixin.py:190} INFO - [2026-08-30T23:28:31.724+0330] {dag.py:3239} INFO - Sync 1 DAGs
[2026-08-30T23:28:31.736+0330] {logging_mixin.py:190} INFO - [2026-08-30T23:28:31.736+0330] {dag.py:3262} INFO - Creating ORM DAG for example_display_name
[2026-08-30T23:28:31.737+0330] {logging_mixin.py:190} INFO - [2026-08-30T23:28:31.737+0330] {dag.py:4180} INFO - Setting next_dagrun for example_display_name to None, run_after=None
[2026-08-30T23:28:31.766+0330] {processor.py:208} INFO - Processing /home/mmirnezamina/de_final_project/airflowenv/lib/python3.10/site-packages/airflow/example_dags/example_display_name.py took 0.325 seconds
