[2026-08-30T23:13:37.512+0330] {processor.py:186} INFO - Started process (PID=13138) to work on /home/mmirnezamina/de_final_project/airflowenv/lib/python3.10/site-packages/airflow/example_dags/example_task_group_decorator.py
[2026-08-30T23:13:37.518+0330] {processor.py:914} INFO - Processing file /home/mmirnezamina/de_final_project/airflowenv/lib/python3.10/site-packages/airflow/example_dags/example_task_group_decorator.py for tasks to queue
[2026-08-30T23:13:37.531+0330] {logging_mixin.py:190} INFO - [2026-08-30T23:13:37.530+0330] {dagbag.py:588} INFO - Filling up the DagBag from /home/mmirnezamina/de_final_project/airflowenv/lib/python3.10/site-packages/airflow/example_dags/example_task_group_decorator.py
[2026-08-30T23:13:37.622+0330] {processor.py:925} INFO - DAG(s) 'example_task_group_decorator' retrieved from /home/mmirnezamina/de_final_project/airflowenv/lib/python3.10/site-packages/airflow/example_dags/example_task_group_decorator.py
[2026-08-30T23:13:38.407+0330] {logging_mixin.py:190} INFO - [2026-08-30T23:13:38.403+0330] {override.py:1930} INFO - Created Permission View: can edit on DAG:example_task_group_decorator
[2026-08-30T23:13:38.536+0330] {logging_mixin.py:190} INFO - [2026-08-30T23:13:38.534+0330] {override.py:1930} INFO - Created Permission View: can read on DAG:example_task_group_decorator
[2026-08-30T23:13:38.578+0330] {logging_mixin.py:190} INFO - [2026-08-30T23:13:38.576+0330] {override.py:1930} INFO - Created Permission View: can delete on DAG:example_task_group_decorator
[2026-08-30T23:13:38.631+0330] {logging_mixin.py:190} INFO - [2026-08-30T23:13:38.630+0330] {override.py:1930} INFO - Created Permission View: menu access on DAG Run:example_task_group_decorator
[2026-08-30T23:13:38.687+0330] {logging_mixin.py:190} INFO - [2026-08-30T23:13:38.685+0330] {override.py:1930} INFO - Created Permission View: can create on DAG Run:example_task_group_decorator
[2026-08-30T23:13:38.757+0330] {logging_mixin.py:190} INFO - [2026-08-30T23:13:38.755+0330] {override.py:1930} INFO - Created Permission View: can read on DAG Run:example_task_group_decorator
[2026-08-30T23:13:38.822+0330] {logging_mixin.py:190} INFO - [2026-08-30T23:13:38.821+0330] {override.py:1930} INFO - Created Permission View: can delete on DAG Run:example_task_group_decorator
[2026-08-30T23:13:38.824+0330] {logging_mixin.py:190} INFO - [2026-08-30T23:13:38.823+0330] {dag.py:3239} INFO - Sync 1 DAGs
[2026-08-30T23:13:38.945+0330] {logging_mixin.py:190} INFO - [2026-08-30T23:13:38.943+0330] {dag.py:3262} INFO - Creating ORM DAG for example_task_group_decorator
[2026-08-30T23:13:38.950+0330] {logging_mixin.py:190} INFO - [2026-08-30T23:13:38.947+0330] {dag.py:4180} INFO - Setting next_dagrun for example_task_group_decorator to None, run_after=None
[2026-08-30T23:13:39.070+0330] {processor.py:208} INFO - Processing /home/mmirnezamina/de_final_project/airflowenv/lib/python3.10/site-packages/airflow/example_dags/example_task_group_decorator.py took 1.660 seconds
[2026-08-30T23:14:09.753+0330] {processor.py:186} INFO - Started process (PID=13264) to work on /home/mmirnezamina/de_final_project/airflowenv/lib/python3.10/site-packages/airflow/example_dags/example_task_group_decorator.py
[2026-08-30T23:14:09.755+0330] {processor.py:914} INFO - Processing file /home/mmirnezamina/de_final_project/airflowenv/lib/python3.10/site-packages/airflow/example_dags/example_task_group_decorator.py for tasks to queue
[2026-08-30T23:14:09.757+0330] {logging_mixin.py:190} INFO - [2026-08-30T23:14:09.756+0330] {dagbag.py:588} INFO - Filling up the DagBag from /home/mmirnezamina/de_final_project/airflowenv/lib/python3.10/site-packages/airflow/example_dags/example_task_group_decorator.py
[2026-08-30T23:14:09.772+0330] {processor.py:925} INFO - DAG(s) 'example_task_group_decorator' retrieved from /home/mmirnezamina/de_final_project/airflowenv/lib/python3.10/site-packages/airflow/example_dags/example_task_group_decorator.py
[2026-08-30T23:14:09.812+0330] {logging_mixin.py:190} INFO - [2026-08-30T23:14:09.812+0330] {dag.py:3239} INFO - Sync 1 DAGs
[2026-08-30T23:14:09.831+0330] {logging_mixin.py:190} INFO - [2026-08-30T23:14:09.830+0330] {dag.py:4180} INFO - Setting next_dagrun for example_task_group_decorator to None, run_after=None
[2026-08-30T23:14:09.858+0330] {processor.py:208} INFO - Processing /home/mmirnezamina/de_final_project/airflowenv/lib/python3.10/site-packages/airflow/example_dags/example_task_group_decorator.py took 0.112 seconds
[2026-08-30T23:14:40.122+0330] {processor.py:186} INFO - Started process (PID=13383) to work on /home/mmirnezamina/de_final_project/airflowenv/lib/python3.10/site-packages/airflow/example_dags/example_task_group_decorator.py
[2026-08-30T23:14:40.124+0330] {processor.py:914} INFO - Processing file /home/mmirnezamina/de_final_project/airflowenv/lib/python3.10/site-packages/airflow/example_dags/example_task_group_decorator.py for tasks to queue
[2026-08-30T23:14:40.125+0330] {logging_mixin.py:190} INFO - [2026-08-30T23:14:40.125+0330] {dagbag.py:588} INFO - Filling up the DagBag from /home/mmirnezamina/de_final_project/airflowenv/lib/python3.10/site-packages/airflow/example_dags/example_task_group_decorator.py
[2026-08-30T23:14:40.147+0330] {processor.py:925} INFO - DAG(s) 'example_task_group_decorator' retrieved from /home/mmirnezamina/de_final_project/airflowenv/lib/python3.10/site-packages/airflow/example_dags/example_task_group_decorator.py
[2026-08-30T23:14:40.195+0330] {logging_mixin.py:190} INFO - [2026-08-30T23:14:40.194+0330] {dag.py:3239} INFO - Sync 1 DAGs
[2026-08-30T23:14:40.216+0330] {logging_mixin.py:190} INFO - [2026-08-30T23:14:40.215+0330] {dag.py:4180} INFO - Setting next_dagrun for example_task_group_decorator to None, run_after=None
[2026-08-30T23:14:40.245+0330] {processor.py:208} INFO - Processing /home/mmirnezamina/de_final_project/airflowenv/lib/python3.10/site-packages/airflow/example_dags/example_task_group_decorator.py took 0.131 seconds
[2026-08-30T23:15:10.588+0330] {processor.py:186} INFO - Started process (PID=13502) to work on /home/mmirnezamina/de_final_project/airflowenv/lib/python3.10/site-packages/airflow/example_dags/example_task_group_decorator.py
[2026-08-30T23:15:10.589+0330] {processor.py:914} INFO - Processing file /home/mmirnezamina/de_final_project/airflowenv/lib/python3.10/site-packages/airflow/example_dags/example_task_group_decorator.py for tasks to queue
[2026-08-30T23:15:10.590+0330] {logging_mixin.py:190} INFO - [2026-08-30T23:15:10.590+0330] {dagbag.py:588} INFO - Filling up the DagBag from /home/mmirnezamina/de_final_project/airflowenv/lib/python3.10/site-packages/airflow/example_dags/example_task_group_decorator.py
[2026-08-30T23:15:10.608+0330] {processor.py:925} INFO - DAG(s) 'example_task_group_decorator' retrieved from /home/mmirnezamina/de_final_project/airflowenv/lib/python3.10/site-packages/airflow/example_dags/example_task_group_decorator.py
[2026-08-30T23:15:10.645+0330] {logging_mixin.py:190} INFO - [2026-08-30T23:15:10.645+0330] {dag.py:3239} INFO - Sync 1 DAGs
[2026-08-30T23:15:10.663+0330] {logging_mixin.py:190} INFO - [2026-08-30T23:15:10.663+0330] {dag.py:4180} INFO - Setting next_dagrun for example_task_group_decorator to None, run_after=None
[2026-08-30T23:15:10.690+0330] {processor.py:208} INFO - Processing /home/mmirnezamina/de_final_project/airflowenv/lib/python3.10/site-packages/airflow/example_dags/example_task_group_decorator.py took 0.113 seconds
[2026-08-30T23:15:41.347+0330] {processor.py:186} INFO - Started process (PID=13621) to work on /home/mmirnezamina/de_final_project/airflowenv/lib/python3.10/site-packages/airflow/example_dags/example_task_group_decorator.py
[2026-08-30T23:15:41.348+0330] {processor.py:914} INFO - Processing file /home/mmirnezamina/de_final_project/airflowenv/lib/python3.10/site-packages/airflow/example_dags/example_task_group_decorator.py for tasks to queue
[2026-08-30T23:15:41.349+0330] {logging_mixin.py:190} INFO - [2026-08-30T23:15:41.349+0330] {dagbag.py:588} INFO - Filling up the DagBag from /home/mmirnezamina/de_final_project/airflowenv/lib/python3.10/site-packages/airflow/example_dags/example_task_group_decorator.py
[2026-08-30T23:15:41.362+0330] {processor.py:925} INFO - DAG(s) 'example_task_group_decorator' retrieved from /home/mmirnezamina/de_final_project/airflowenv/lib/python3.10/site-packages/airflow/example_dags/example_task_group_decorator.py
[2026-08-30T23:15:41.398+0330] {logging_mixin.py:190} INFO - [2026-08-30T23:15:41.397+0330] {dag.py:3239} INFO - Sync 1 DAGs
[2026-08-30T23:15:41.416+0330] {logging_mixin.py:190} INFO - [2026-08-30T23:15:41.415+0330] {dag.py:4180} INFO - Setting next_dagrun for example_task_group_decorator to None, run_after=None
[2026-08-30T23:15:41.439+0330] {processor.py:208} INFO - Processing /home/mmirnezamina/de_final_project/airflowenv/lib/python3.10/site-packages/airflow/example_dags/example_task_group_decorator.py took 0.101 seconds
[2026-08-30T23:16:11.728+0330] {processor.py:186} INFO - Started process (PID=13739) to work on /home/mmirnezamina/de_final_project/airflowenv/lib/python3.10/site-packages/airflow/example_dags/example_task_group_decorator.py
[2026-08-30T23:16:11.728+0330] {processor.py:914} INFO - Processing file /home/mmirnezamina/de_final_project/airflowenv/lib/python3.10/site-packages/airflow/example_dags/example_task_group_decorator.py for tasks to queue
[2026-08-30T23:16:11.729+0330] {logging_mixin.py:190} INFO - [2026-08-30T23:16:11.729+0330] {dagbag.py:588} INFO - Filling up the DagBag from /home/mmirnezamina/de_final_project/airflowenv/lib/python3.10/site-packages/airflow/example_dags/example_task_group_decorator.py
[2026-08-30T23:16:11.741+0330] {processor.py:925} INFO - DAG(s) 'example_task_group_decorator' retrieved from /home/mmirnezamina/de_final_project/airflowenv/lib/python3.10/site-packages/airflow/example_dags/example_task_group_decorator.py
[2026-08-30T23:16:11.767+0330] {logging_mixin.py:190} INFO - [2026-08-30T23:16:11.767+0330] {dag.py:3239} INFO - Sync 1 DAGs
[2026-08-30T23:16:11.780+0330] {logging_mixin.py:190} INFO - [2026-08-30T23:16:11.780+0330] {dag.py:4180} INFO - Setting next_dagrun for example_task_group_decorator to None, run_after=None
[2026-08-30T23:16:11.802+0330] {processor.py:208} INFO - Processing /home/mmirnezamina/de_final_project/airflowenv/lib/python3.10/site-packages/airflow/example_dags/example_task_group_decorator.py took 0.081 seconds
[2026-08-30T23:16:41.912+0330] {processor.py:186} INFO - Started process (PID=13858) to work on /home/mmirnezamina/de_final_project/airflowenv/lib/python3.10/site-packages/airflow/example_dags/example_task_group_decorator.py
[2026-08-30T23:16:41.914+0330] {processor.py:914} INFO - Processing file /home/mmirnezamina/de_final_project/airflowenv/lib/python3.10/site-packages/airflow/example_dags/example_task_group_decorator.py for tasks to queue
[2026-08-30T23:16:41.916+0330] {logging_mixin.py:190} INFO - [2026-08-30T23:16:41.915+0330] {dagbag.py:588} INFO - Filling up the DagBag from /home/mmirnezamina/de_final_project/airflowenv/lib/python3.10/site-packages/airflow/example_dags/example_task_group_decorator.py
[2026-08-30T23:16:41.929+0330] {processor.py:925} INFO - DAG(s) 'example_task_group_decorator' retrieved from /home/mmirnezamina/de_final_project/airflowenv/lib/python3.10/site-packages/airflow/example_dags/example_task_group_decorator.py
[2026-08-30T23:16:41.960+0330] {logging_mixin.py:190} INFO - [2026-08-30T23:16:41.959+0330] {dag.py:3239} INFO - Sync 1 DAGs
[2026-08-30T23:16:41.972+0330] {logging_mixin.py:190} INFO - [2026-08-30T23:16:41.972+0330] {dag.py:4180} INFO - Setting next_dagrun for example_task_group_decorator to None, run_after=None
[2026-08-30T23:16:41.995+0330] {processor.py:208} INFO - Processing /home/mmirnezamina/de_final_project/airflowenv/lib/python3.10/site-packages/airflow/example_dags/example_task_group_decorator.py took 0.092 seconds
[2026-08-30T23:17:12.048+0330] {processor.py:186} INFO - Started process (PID=14022) to work on /home/mmirnezamina/de_final_project/airflowenv/lib/python3.10/site-packages/airflow/example_dags/example_task_group_decorator.py
[2026-08-30T23:17:12.049+0330] {processor.py:914} INFO - Processing file /home/mmirnezamina/de_final_project/airflowenv/lib/python3.10/site-packages/airflow/example_dags/example_task_group_decorator.py for tasks to queue
[2026-08-30T23:17:12.051+0330] {logging_mixin.py:190} INFO - [2026-08-30T23:17:12.051+0330] {dagbag.py:588} INFO - Filling up the DagBag from /home/mmirnezamina/de_final_project/airflowenv/lib/python3.10/site-packages/airflow/example_dags/example_task_group_decorator.py
[2026-08-30T23:17:12.077+0330] {processor.py:925} INFO - DAG(s) 'example_task_group_decorator' retrieved from /home/mmirnezamina/de_final_project/airflowenv/lib/python3.10/site-packages/airflow/example_dags/example_task_group_decorator.py
[2026-08-30T23:17:12.136+0330] {logging_mixin.py:190} INFO - [2026-08-30T23:17:12.136+0330] {dag.py:3239} INFO - Sync 1 DAGs
[2026-08-30T23:17:12.167+0330] {logging_mixin.py:190} INFO - [2026-08-30T23:17:12.167+0330] {dag.py:4180} INFO - Setting next_dagrun for example_task_group_decorator to None, run_after=None
[2026-08-30T23:17:12.208+0330] {processor.py:208} INFO - Processing /home/mmirnezamina/de_final_project/airflowenv/lib/python3.10/site-packages/airflow/example_dags/example_task_group_decorator.py took 0.174 seconds
[2026-08-30T23:17:42.745+0330] {processor.py:186} INFO - Started process (PID=14151) to work on /home/mmirnezamina/de_final_project/airflowenv/lib/python3.10/site-packages/airflow/example_dags/example_task_group_decorator.py
[2026-08-30T23:17:42.749+0330] {processor.py:914} INFO - Processing file /home/mmirnezamina/de_final_project/airflowenv/lib/python3.10/site-packages/airflow/example_dags/example_task_group_decorator.py for tasks to queue
[2026-08-30T23:17:42.760+0330] {logging_mixin.py:190} INFO - [2026-08-30T23:17:42.758+0330] {dagbag.py:588} INFO - Filling up the DagBag from /home/mmirnezamina/de_final_project/airflowenv/lib/python3.10/site-packages/airflow/example_dags/example_task_group_decorator.py
[2026-08-30T23:17:42.855+0330] {processor.py:925} INFO - DAG(s) 'example_task_group_decorator' retrieved from /home/mmirnezamina/de_final_project/airflowenv/lib/python3.10/site-packages/airflow/example_dags/example_task_group_decorator.py
[2026-08-30T23:17:42.991+0330] {logging_mixin.py:190} INFO - [2026-08-30T23:17:42.990+0330] {dag.py:3239} INFO - Sync 1 DAGs
[2026-08-30T23:17:43.048+0330] {logging_mixin.py:190} INFO - [2026-08-30T23:17:43.048+0330] {dag.py:4180} INFO - Setting next_dagrun for example_task_group_decorator to None, run_after=None
[2026-08-30T23:17:43.107+0330] {processor.py:208} INFO - Processing /home/mmirnezamina/de_final_project/airflowenv/lib/python3.10/site-packages/airflow/example_dags/example_task_group_decorator.py took 0.381 seconds
[2026-08-30T23:18:13.918+0330] {processor.py:186} INFO - Started process (PID=14270) to work on /home/mmirnezamina/de_final_project/airflowenv/lib/python3.10/site-packages/airflow/example_dags/example_task_group_decorator.py
[2026-08-30T23:18:13.919+0330] {processor.py:914} INFO - Processing file /home/mmirnezamina/de_final_project/airflowenv/lib/python3.10/site-packages/airflow/example_dags/example_task_group_decorator.py for tasks to queue
[2026-08-30T23:18:13.920+0330] {logging_mixin.py:190} INFO - [2026-08-30T23:18:13.919+0330] {dagbag.py:588} INFO - Filling up the DagBag from /home/mmirnezamina/de_final_project/airflowenv/lib/python3.10/site-packages/airflow/example_dags/example_task_group_decorator.py
[2026-08-30T23:18:13.935+0330] {processor.py:925} INFO - DAG(s) 'example_task_group_decorator' retrieved from /home/mmirnezamina/de_final_project/airflowenv/lib/python3.10/site-packages/airflow/example_dags/example_task_group_decorator.py
[2026-08-30T23:18:13.970+0330] {logging_mixin.py:190} INFO - [2026-08-30T23:18:13.970+0330] {dag.py:3239} INFO - Sync 1 DAGs
[2026-08-30T23:18:13.986+0330] {logging_mixin.py:190} INFO - [2026-08-30T23:18:13.985+0330] {dag.py:4180} INFO - Setting next_dagrun for example_task_group_decorator to None, run_after=None
[2026-08-30T23:18:14.013+0330] {processor.py:208} INFO - Processing /home/mmirnezamina/de_final_project/airflowenv/lib/python3.10/site-packages/airflow/example_dags/example_task_group_decorator.py took 0.104 seconds
[2026-08-30T23:18:44.540+0330] {processor.py:186} INFO - Started process (PID=14389) to work on /home/mmirnezamina/de_final_project/airflowenv/lib/python3.10/site-packages/airflow/example_dags/example_task_group_decorator.py
[2026-08-30T23:18:44.543+0330] {processor.py:914} INFO - Processing file /home/mmirnezamina/de_final_project/airflowenv/lib/python3.10/site-packages/airflow/example_dags/example_task_group_decorator.py for tasks to queue
[2026-08-30T23:18:44.544+0330] {logging_mixin.py:190} INFO - [2026-08-30T23:18:44.543+0330] {dagbag.py:588} INFO - Filling up the DagBag from /home/mmirnezamina/de_final_project/airflowenv/lib/python3.10/site-packages/airflow/example_dags/example_task_group_decorator.py
[2026-08-30T23:18:44.556+0330] {processor.py:925} INFO - DAG(s) 'example_task_group_decorator' retrieved from /home/mmirnezamina/de_final_project/airflowenv/lib/python3.10/site-packages/airflow/example_dags/example_task_group_decorator.py
[2026-08-30T23:18:44.582+0330] {logging_mixin.py:190} INFO - [2026-08-30T23:18:44.582+0330] {dag.py:3239} INFO - Sync 1 DAGs
[2026-08-30T23:18:44.593+0330] {logging_mixin.py:190} INFO - [2026-08-30T23:18:44.593+0330] {dag.py:4180} INFO - Setting next_dagrun for example_task_group_decorator to None, run_after=None
[2026-08-30T23:18:44.613+0330] {processor.py:208} INFO - Processing /home/mmirnezamina/de_final_project/airflowenv/lib/python3.10/site-packages/airflow/example_dags/example_task_group_decorator.py took 0.079 seconds
[2026-08-30T23:19:15.074+0330] {processor.py:186} INFO - Started process (PID=14507) to work on /home/mmirnezamina/de_final_project/airflowenv/lib/python3.10/site-packages/airflow/example_dags/example_task_group_decorator.py
[2026-08-30T23:19:15.076+0330] {processor.py:914} INFO - Processing file /home/mmirnezamina/de_final_project/airflowenv/lib/python3.10/site-packages/airflow/example_dags/example_task_group_decorator.py for tasks to queue
[2026-08-30T23:19:15.078+0330] {logging_mixin.py:190} INFO - [2026-08-30T23:19:15.077+0330] {dagbag.py:588} INFO - Filling up the DagBag from /home/mmirnezamina/de_final_project/airflowenv/lib/python3.10/site-packages/airflow/example_dags/example_task_group_decorator.py
[2026-08-30T23:19:15.101+0330] {processor.py:925} INFO - DAG(s) 'example_task_group_decorator' retrieved from /home/mmirnezamina/de_final_project/airflowenv/lib/python3.10/site-packages/airflow/example_dags/example_task_group_decorator.py
[2026-08-30T23:19:15.151+0330] {logging_mixin.py:190} INFO - [2026-08-30T23:19:15.151+0330] {dag.py:3239} INFO - Sync 1 DAGs
[2026-08-30T23:19:15.171+0330] {logging_mixin.py:190} INFO - [2026-08-30T23:19:15.170+0330] {dag.py:4180} INFO - Setting next_dagrun for example_task_group_decorator to None, run_after=None
[2026-08-30T23:19:15.200+0330] {processor.py:208} INFO - Processing /home/mmirnezamina/de_final_project/airflowenv/lib/python3.10/site-packages/airflow/example_dags/example_task_group_decorator.py took 0.140 seconds
[2026-08-30T23:19:45.306+0330] {processor.py:186} INFO - Started process (PID=14626) to work on /home/mmirnezamina/de_final_project/airflowenv/lib/python3.10/site-packages/airflow/example_dags/example_task_group_decorator.py
[2026-08-30T23:19:45.309+0330] {processor.py:914} INFO - Processing file /home/mmirnezamina/de_final_project/airflowenv/lib/python3.10/site-packages/airflow/example_dags/example_task_group_decorator.py for tasks to queue
[2026-08-30T23:19:45.310+0330] {logging_mixin.py:190} INFO - [2026-08-30T23:19:45.310+0330] {dagbag.py:588} INFO - Filling up the DagBag from /home/mmirnezamina/de_final_project/airflowenv/lib/python3.10/site-packages/airflow/example_dags/example_task_group_decorator.py
[2026-08-30T23:19:45.327+0330] {processor.py:925} INFO - DAG(s) 'example_task_group_decorator' retrieved from /home/mmirnezamina/de_final_project/airflowenv/lib/python3.10/site-packages/airflow/example_dags/example_task_group_decorator.py
[2026-08-30T23:19:45.373+0330] {logging_mixin.py:190} INFO - [2026-08-30T23:19:45.372+0330] {dag.py:3239} INFO - Sync 1 DAGs
[2026-08-30T23:19:45.393+0330] {logging_mixin.py:190} INFO - [2026-08-30T23:19:45.392+0330] {dag.py:4180} INFO - Setting next_dagrun for example_task_group_decorator to None, run_after=None
[2026-08-30T23:19:45.421+0330] {processor.py:208} INFO - Processing /home/mmirnezamina/de_final_project/airflowenv/lib/python3.10/site-packages/airflow/example_dags/example_task_group_decorator.py took 0.126 seconds
[2026-08-30T23:20:15.561+0330] {processor.py:186} INFO - Started process (PID=14750) to work on /home/mmirnezamina/de_final_project/airflowenv/lib/python3.10/site-packages/airflow/example_dags/example_task_group_decorator.py
[2026-08-30T23:20:15.566+0330] {processor.py:914} INFO - Processing file /home/mmirnezamina/de_final_project/airflowenv/lib/python3.10/site-packages/airflow/example_dags/example_task_group_decorator.py for tasks to queue
[2026-08-30T23:20:15.569+0330] {logging_mixin.py:190} INFO - [2026-08-30T23:20:15.568+0330] {dagbag.py:588} INFO - Filling up the DagBag from /home/mmirnezamina/de_final_project/airflowenv/lib/python3.10/site-packages/airflow/example_dags/example_task_group_decorator.py
[2026-08-30T23:20:15.605+0330] {processor.py:925} INFO - DAG(s) 'example_task_group_decorator' retrieved from /home/mmirnezamina/de_final_project/airflowenv/lib/python3.10/site-packages/airflow/example_dags/example_task_group_decorator.py
[2026-08-30T23:20:15.713+0330] {logging_mixin.py:190} INFO - [2026-08-30T23:20:15.712+0330] {dag.py:3239} INFO - Sync 1 DAGs
[2026-08-30T23:20:15.765+0330] {logging_mixin.py:190} INFO - [2026-08-30T23:20:15.765+0330] {dag.py:4180} INFO - Setting next_dagrun for example_task_group_decorator to None, run_after=None
[2026-08-30T23:20:15.818+0330] {processor.py:208} INFO - Processing /home/mmirnezamina/de_final_project/airflowenv/lib/python3.10/site-packages/airflow/example_dags/example_task_group_decorator.py took 0.274 seconds
[2026-08-30T23:20:46.732+0330] {processor.py:186} INFO - Started process (PID=14867) to work on /home/mmirnezamina/de_final_project/airflowenv/lib/python3.10/site-packages/airflow/example_dags/example_task_group_decorator.py
[2026-08-30T23:20:46.733+0330] {processor.py:914} INFO - Processing file /home/mmirnezamina/de_final_project/airflowenv/lib/python3.10/site-packages/airflow/example_dags/example_task_group_decorator.py for tasks to queue
[2026-08-30T23:20:46.734+0330] {logging_mixin.py:190} INFO - [2026-08-30T23:20:46.733+0330] {dagbag.py:588} INFO - Filling up the DagBag from /home/mmirnezamina/de_final_project/airflowenv/lib/python3.10/site-packages/airflow/example_dags/example_task_group_decorator.py
[2026-08-30T23:20:46.745+0330] {processor.py:925} INFO - DAG(s) 'example_task_group_decorator' retrieved from /home/mmirnezamina/de_final_project/airflowenv/lib/python3.10/site-packages/airflow/example_dags/example_task_group_decorator.py
[2026-08-30T23:20:46.771+0330] {logging_mixin.py:190} INFO - [2026-08-30T23:20:46.771+0330] {dag.py:3239} INFO - Sync 1 DAGs
[2026-08-30T23:20:46.783+0330] {logging_mixin.py:190} INFO - [2026-08-30T23:20:46.783+0330] {dag.py:4180} INFO - Setting next_dagrun for example_task_group_decorator to None, run_after=None
[2026-08-30T23:20:46.804+0330] {processor.py:208} INFO - Processing /home/mmirnezamina/de_final_project/airflowenv/lib/python3.10/site-packages/airflow/example_dags/example_task_group_decorator.py took 0.081 seconds
[2026-08-30T23:21:17.359+0330] {processor.py:186} INFO - Started process (PID=14987) to work on /home/mmirnezamina/de_final_project/airflowenv/lib/python3.10/site-packages/airflow/example_dags/example_task_group_decorator.py
[2026-08-30T23:21:17.360+0330] {processor.py:914} INFO - Processing file /home/mmirnezamina/de_final_project/airflowenv/lib/python3.10/site-packages/airflow/example_dags/example_task_group_decorator.py for tasks to queue
[2026-08-30T23:21:17.361+0330] {logging_mixin.py:190} INFO - [2026-08-30T23:21:17.361+0330] {dagbag.py:588} INFO - Filling up the DagBag from /home/mmirnezamina/de_final_project/airflowenv/lib/python3.10/site-packages/airflow/example_dags/example_task_group_decorator.py
[2026-08-30T23:21:17.377+0330] {processor.py:925} INFO - DAG(s) 'example_task_group_decorator' retrieved from /home/mmirnezamina/de_final_project/airflowenv/lib/python3.10/site-packages/airflow/example_dags/example_task_group_decorator.py
[2026-08-30T23:21:17.418+0330] {logging_mixin.py:190} INFO - [2026-08-30T23:21:17.418+0330] {dag.py:3239} INFO - Sync 1 DAGs
[2026-08-30T23:21:17.436+0330] {logging_mixin.py:190} INFO - [2026-08-30T23:21:17.435+0330] {dag.py:4180} INFO - Setting next_dagrun for example_task_group_decorator to None, run_after=None
[2026-08-30T23:21:17.463+0330] {processor.py:208} INFO - Processing /home/mmirnezamina/de_final_project/airflowenv/lib/python3.10/site-packages/airflow/example_dags/example_task_group_decorator.py took 0.113 seconds
[2026-08-30T23:21:47.756+0330] {processor.py:186} INFO - Started process (PID=15104) to work on /home/mmirnezamina/de_final_project/airflowenv/lib/python3.10/site-packages/airflow/example_dags/example_task_group_decorator.py
[2026-08-30T23:21:47.757+0330] {processor.py:914} INFO - Processing file /home/mmirnezamina/de_final_project/airflowenv/lib/python3.10/site-packages/airflow/example_dags/example_task_group_decorator.py for tasks to queue
[2026-08-30T23:21:47.758+0330] {logging_mixin.py:190} INFO - [2026-08-30T23:21:47.758+0330] {dagbag.py:588} INFO - Filling up the DagBag from /home/mmirnezamina/de_final_project/airflowenv/lib/python3.10/site-packages/airflow/example_dags/example_task_group_decorator.py
[2026-08-30T23:21:47.774+0330] {processor.py:925} INFO - DAG(s) 'example_task_group_decorator' retrieved from /home/mmirnezamina/de_final_project/airflowenv/lib/python3.10/site-packages/airflow/example_dags/example_task_group_decorator.py
[2026-08-30T23:21:47.818+0330] {logging_mixin.py:190} INFO - [2026-08-30T23:21:47.818+0330] {dag.py:3239} INFO - Sync 1 DAGs
[2026-08-30T23:21:47.839+0330] {logging_mixin.py:190} INFO - [2026-08-30T23:21:47.839+0330] {dag.py:4180} INFO - Setting next_dagrun for example_task_group_decorator to None, run_after=None
[2026-08-30T23:21:47.867+0330] {processor.py:208} INFO - Processing /home/mmirnezamina/de_final_project/airflowenv/lib/python3.10/site-packages/airflow/example_dags/example_task_group_decorator.py took 0.120 seconds
[2026-08-30T23:22:18.159+0330] {processor.py:186} INFO - Started process (PID=15223) to work on /home/mmirnezamina/de_final_project/airflowenv/lib/python3.10/site-packages/airflow/example_dags/example_task_group_decorator.py
[2026-08-30T23:22:18.161+0330] {processor.py:914} INFO - Processing file /home/mmirnezamina/de_final_project/airflowenv/lib/python3.10/site-packages/airflow/example_dags/example_task_group_decorator.py for tasks to queue
[2026-08-30T23:22:18.163+0330] {logging_mixin.py:190} INFO - [2026-08-30T23:22:18.163+0330] {dagbag.py:588} INFO - Filling up the DagBag from /home/mmirnezamina/de_final_project/airflowenv/lib/python3.10/site-packages/airflow/example_dags/example_task_group_decorator.py
[2026-08-30T23:22:18.182+0330] {processor.py:925} INFO - DAG(s) 'example_task_group_decorator' retrieved from /home/mmirnezamina/de_final_project/airflowenv/lib/python3.10/site-packages/airflow/example_dags/example_task_group_decorator.py
[2026-08-30T23:22:18.230+0330] {logging_mixin.py:190} INFO - [2026-08-30T23:22:18.230+0330] {dag.py:3239} INFO - Sync 1 DAGs
[2026-08-30T23:22:18.249+0330] {logging_mixin.py:190} INFO - [2026-08-30T23:22:18.249+0330] {dag.py:4180} INFO - Setting next_dagrun for example_task_group_decorator to None, run_after=None
[2026-08-30T23:22:18.279+0330] {processor.py:208} INFO - Processing /home/mmirnezamina/de_final_project/airflowenv/lib/python3.10/site-packages/airflow/example_dags/example_task_group_decorator.py took 0.132 seconds
[2026-08-30T23:22:49.202+0330] {processor.py:186} INFO - Started process (PID=15340) to work on /home/mmirnezamina/de_final_project/airflowenv/lib/python3.10/site-packages/airflow/example_dags/example_task_group_decorator.py
[2026-08-30T23:22:49.204+0330] {processor.py:914} INFO - Processing file /home/mmirnezamina/de_final_project/airflowenv/lib/python3.10/site-packages/airflow/example_dags/example_task_group_decorator.py for tasks to queue
[2026-08-30T23:22:49.205+0330] {logging_mixin.py:190} INFO - [2026-08-30T23:22:49.205+0330] {dagbag.py:588} INFO - Filling up the DagBag from /home/mmirnezamina/de_final_project/airflowenv/lib/python3.10/site-packages/airflow/example_dags/example_task_group_decorator.py
[2026-08-30T23:22:49.227+0330] {processor.py:925} INFO - DAG(s) 'example_task_group_decorator' retrieved from /home/mmirnezamina/de_final_project/airflowenv/lib/python3.10/site-packages/airflow/example_dags/example_task_group_decorator.py
[2026-08-30T23:22:49.287+0330] {logging_mixin.py:190} INFO - [2026-08-30T23:22:49.287+0330] {dag.py:3239} INFO - Sync 1 DAGs
[2026-08-30T23:22:49.311+0330] {logging_mixin.py:190} INFO - [2026-08-30T23:22:49.311+0330] {dag.py:4180} INFO - Setting next_dagrun for example_task_group_decorator to None, run_after=None
[2026-08-30T23:22:49.348+0330] {processor.py:208} INFO - Processing /home/mmirnezamina/de_final_project/airflowenv/lib/python3.10/site-packages/airflow/example_dags/example_task_group_decorator.py took 0.162 seconds
[2026-08-30T23:23:20.197+0330] {processor.py:186} INFO - Started process (PID=15460) to work on /home/mmirnezamina/de_final_project/airflowenv/lib/python3.10/site-packages/airflow/example_dags/example_task_group_decorator.py
[2026-08-30T23:23:20.200+0330] {processor.py:914} INFO - Processing file /home/mmirnezamina/de_final_project/airflowenv/lib/python3.10/site-packages/airflow/example_dags/example_task_group_decorator.py for tasks to queue
[2026-08-30T23:23:20.203+0330] {logging_mixin.py:190} INFO - [2026-08-30T23:23:20.202+0330] {dagbag.py:588} INFO - Filling up the DagBag from /home/mmirnezamina/de_final_project/airflowenv/lib/python3.10/site-packages/airflow/example_dags/example_task_group_decorator.py
[2026-08-30T23:23:20.231+0330] {processor.py:925} INFO - DAG(s) 'example_task_group_decorator' retrieved from /home/mmirnezamina/de_final_project/airflowenv/lib/python3.10/site-packages/airflow/example_dags/example_task_group_decorator.py
[2026-08-30T23:23:20.293+0330] {logging_mixin.py:190} INFO - [2026-08-30T23:23:20.293+0330] {dag.py:3239} INFO - Sync 1 DAGs
[2026-08-30T23:23:20.323+0330] {logging_mixin.py:190} INFO - [2026-08-30T23:23:20.323+0330] {dag.py:4180} INFO - Setting next_dagrun for example_task_group_decorator to None, run_after=None
[2026-08-30T23:23:20.375+0330] {processor.py:208} INFO - Processing /home/mmirnezamina/de_final_project/airflowenv/lib/python3.10/site-packages/airflow/example_dags/example_task_group_decorator.py took 0.197 seconds
[2026-08-30T23:23:50.916+0330] {processor.py:186} INFO - Started process (PID=15577) to work on /home/mmirnezamina/de_final_project/airflowenv/lib/python3.10/site-packages/airflow/example_dags/example_task_group_decorator.py
[2026-08-30T23:23:50.917+0330] {processor.py:914} INFO - Processing file /home/mmirnezamina/de_final_project/airflowenv/lib/python3.10/site-packages/airflow/example_dags/example_task_group_decorator.py for tasks to queue
[2026-08-30T23:23:50.918+0330] {logging_mixin.py:190} INFO - [2026-08-30T23:23:50.918+0330] {dagbag.py:588} INFO - Filling up the DagBag from /home/mmirnezamina/de_final_project/airflowenv/lib/python3.10/site-packages/airflow/example_dags/example_task_group_decorator.py
[2026-08-30T23:23:50.936+0330] {processor.py:925} INFO - DAG(s) 'example_task_group_decorator' retrieved from /home/mmirnezamina/de_final_project/airflowenv/lib/python3.10/site-packages/airflow/example_dags/example_task_group_decorator.py
[2026-08-30T23:23:50.973+0330] {logging_mixin.py:190} INFO - [2026-08-30T23:23:50.973+0330] {dag.py:3239} INFO - Sync 1 DAGs
[2026-08-30T23:23:50.989+0330] {logging_mixin.py:190} INFO - [2026-08-30T23:23:50.989+0330] {dag.py:4180} INFO - Setting next_dagrun for example_task_group_decorator to None, run_after=None
[2026-08-30T23:23:51.014+0330] {processor.py:208} INFO - Processing /home/mmirnezamina/de_final_project/airflowenv/lib/python3.10/site-packages/airflow/example_dags/example_task_group_decorator.py took 0.108 seconds
[2026-08-30T23:24:21.501+0330] {processor.py:186} INFO - Started process (PID=15697) to work on /home/mmirnezamina/de_final_project/airflowenv/lib/python3.10/site-packages/airflow/example_dags/example_task_group_decorator.py
[2026-08-30T23:24:21.503+0330] {processor.py:914} INFO - Processing file /home/mmirnezamina/de_final_project/airflowenv/lib/python3.10/site-packages/airflow/example_dags/example_task_group_decorator.py for tasks to queue
[2026-08-30T23:24:21.504+0330] {logging_mixin.py:190} INFO - [2026-08-30T23:24:21.504+0330] {dagbag.py:588} INFO - Filling up the DagBag from /home/mmirnezamina/de_final_project/airflowenv/lib/python3.10/site-packages/airflow/example_dags/example_task_group_decorator.py
[2026-08-30T23:24:21.524+0330] {processor.py:925} INFO - DAG(s) 'example_task_group_decorator' retrieved from /home/mmirnezamina/de_final_project/airflowenv/lib/python3.10/site-packages/airflow/example_dags/example_task_group_decorator.py
[2026-08-30T23:24:21.570+0330] {logging_mixin.py:190} INFO - [2026-08-30T23:24:21.569+0330] {dag.py:3239} INFO - Sync 1 DAGs
[2026-08-30T23:24:21.593+0330] {logging_mixin.py:190} INFO - [2026-08-30T23:24:21.593+0330] {dag.py:4180} INFO - Setting next_dagrun for example_task_group_decorator to None, run_after=None
[2026-08-30T23:24:21.632+0330] {processor.py:208} INFO - Processing /home/mmirnezamina/de_final_project/airflowenv/lib/python3.10/site-packages/airflow/example_dags/example_task_group_decorator.py took 0.142 seconds
[2026-08-30T23:24:51.870+0330] {processor.py:186} INFO - Started process (PID=15819) to work on /home/mmirnezamina/de_final_project/airflowenv/lib/python3.10/site-packages/airflow/example_dags/example_task_group_decorator.py
[2026-08-30T23:24:51.871+0330] {processor.py:914} INFO - Processing file /home/mmirnezamina/de_final_project/airflowenv/lib/python3.10/site-packages/airflow/example_dags/example_task_group_decorator.py for tasks to queue
[2026-08-30T23:24:51.873+0330] {logging_mixin.py:190} INFO - [2026-08-30T23:24:51.873+0330] {dagbag.py:588} INFO - Filling up the DagBag from /home/mmirnezamina/de_final_project/airflowenv/lib/python3.10/site-packages/airflow/example_dags/example_task_group_decorator.py
[2026-08-30T23:24:51.912+0330] {processor.py:925} INFO - DAG(s) 'example_task_group_decorator' retrieved from /home/mmirnezamina/de_final_project/airflowenv/lib/python3.10/site-packages/airflow/example_dags/example_task_group_decorator.py
[2026-08-30T23:24:52.062+0330] {logging_mixin.py:190} INFO - [2026-08-30T23:24:52.061+0330] {dag.py:3239} INFO - Sync 1 DAGs
[2026-08-30T23:24:52.144+0330] {logging_mixin.py:190} INFO - [2026-08-30T23:24:52.142+0330] {dag.py:4180} INFO - Setting next_dagrun for example_task_group_decorator to None, run_after=None
[2026-08-30T23:24:52.208+0330] {processor.py:208} INFO - Processing /home/mmirnezamina/de_final_project/airflowenv/lib/python3.10/site-packages/airflow/example_dags/example_task_group_decorator.py took 0.350 seconds
[2026-08-30T23:25:23.773+0330] {processor.py:186} INFO - Started process (PID=15963) to work on /home/mmirnezamina/de_final_project/airflowenv/lib/python3.10/site-packages/airflow/example_dags/example_task_group_decorator.py
[2026-08-30T23:25:23.777+0330] {processor.py:914} INFO - Processing file /home/mmirnezamina/de_final_project/airflowenv/lib/python3.10/site-packages/airflow/example_dags/example_task_group_decorator.py for tasks to queue
[2026-08-30T23:25:23.781+0330] {logging_mixin.py:190} INFO - [2026-08-30T23:25:23.780+0330] {dagbag.py:588} INFO - Filling up the DagBag from /home/mmirnezamina/de_final_project/airflowenv/lib/python3.10/site-packages/airflow/example_dags/example_task_group_decorator.py
[2026-08-30T23:25:23.915+0330] {processor.py:925} INFO - DAG(s) 'example_task_group_decorator' retrieved from /home/mmirnezamina/de_final_project/airflowenv/lib/python3.10/site-packages/airflow/example_dags/example_task_group_decorator.py
[2026-08-30T23:25:24.077+0330] {logging_mixin.py:190} INFO - [2026-08-30T23:25:24.076+0330] {dag.py:3239} INFO - Sync 1 DAGs
[2026-08-30T23:25:24.142+0330] {logging_mixin.py:190} INFO - [2026-08-30T23:25:24.142+0330] {dag.py:4180} INFO - Setting next_dagrun for example_task_group_decorator to None, run_after=None
[2026-08-30T23:25:24.212+0330] {processor.py:208} INFO - Processing /home/mmirnezamina/de_final_project/airflowenv/lib/python3.10/site-packages/airflow/example_dags/example_task_group_decorator.py took 0.484 seconds
[2026-08-30T23:25:54.585+0330] {processor.py:186} INFO - Started process (PID=16096) to work on /home/mmirnezamina/de_final_project/airflowenv/lib/python3.10/site-packages/airflow/example_dags/example_task_group_decorator.py
[2026-08-30T23:25:54.585+0330] {processor.py:914} INFO - Processing file /home/mmirnezamina/de_final_project/airflowenv/lib/python3.10/site-packages/airflow/example_dags/example_task_group_decorator.py for tasks to queue
[2026-08-30T23:25:54.586+0330] {logging_mixin.py:190} INFO - [2026-08-30T23:25:54.586+0330] {dagbag.py:588} INFO - Filling up the DagBag from /home/mmirnezamina/de_final_project/airflowenv/lib/python3.10/site-packages/airflow/example_dags/example_task_group_decorator.py
[2026-08-30T23:25:54.600+0330] {processor.py:925} INFO - DAG(s) 'example_task_group_decorator' retrieved from /home/mmirnezamina/de_final_project/airflowenv/lib/python3.10/site-packages/airflow/example_dags/example_task_group_decorator.py
[2026-08-30T23:25:54.631+0330] {logging_mixin.py:190} INFO - [2026-08-30T23:25:54.631+0330] {dag.py:3239} INFO - Sync 1 DAGs
[2026-08-30T23:25:54.647+0330] {logging_mixin.py:190} INFO - [2026-08-30T23:25:54.647+0330] {dag.py:4180} INFO - Setting next_dagrun for example_task_group_decorator to None, run_after=None
[2026-08-30T23:25:54.670+0330] {processor.py:208} INFO - Processing /home/mmirnezamina/de_final_project/airflowenv/lib/python3.10/site-packages/airflow/example_dags/example_task_group_decorator.py took 0.093 seconds
[2026-08-30T23:26:25.643+0330] {processor.py:186} INFO - Started process (PID=16216) to work on /home/mmirnezamina/de_final_project/airflowenv/lib/python3.10/site-packages/airflow/example_dags/example_task_group_decorator.py
[2026-08-30T23:26:25.645+0330] {processor.py:914} INFO - Processing file /home/mmirnezamina/de_final_project/airflowenv/lib/python3.10/site-packages/airflow/example_dags/example_task_group_decorator.py for tasks to queue
[2026-08-30T23:26:25.652+0330] {logging_mixin.py:190} INFO - [2026-08-30T23:26:25.651+0330] {dagbag.py:588} INFO - Filling up the DagBag from /home/mmirnezamina/de_final_project/airflowenv/lib/python3.10/site-packages/airflow/example_dags/example_task_group_decorator.py
[2026-08-30T23:26:25.698+0330] {processor.py:925} INFO - DAG(s) 'example_task_group_decorator' retrieved from /home/mmirnezamina/de_final_project/airflowenv/lib/python3.10/site-packages/airflow/example_dags/example_task_group_decorator.py
[2026-08-30T23:26:25.789+0330] {logging_mixin.py:190} INFO - [2026-08-30T23:26:25.788+0330] {dag.py:3239} INFO - Sync 1 DAGs
[2026-08-30T23:26:25.842+0330] {logging_mixin.py:190} INFO - [2026-08-30T23:26:25.842+0330] {dag.py:4180} INFO - Setting next_dagrun for example_task_group_decorator to None, run_after=None
[2026-08-30T23:26:25.895+0330] {processor.py:208} INFO - Processing /home/mmirnezamina/de_final_project/airflowenv/lib/python3.10/site-packages/airflow/example_dags/example_task_group_decorator.py took 0.277 seconds
[2026-08-30T23:26:56.721+0330] {processor.py:186} INFO - Started process (PID=16333) to work on /home/mmirnezamina/de_final_project/airflowenv/lib/python3.10/site-packages/airflow/example_dags/example_task_group_decorator.py
[2026-08-30T23:26:56.722+0330] {processor.py:914} INFO - Processing file /home/mmirnezamina/de_final_project/airflowenv/lib/python3.10/site-packages/airflow/example_dags/example_task_group_decorator.py for tasks to queue
[2026-08-30T23:26:56.725+0330] {logging_mixin.py:190} INFO - [2026-08-30T23:26:56.724+0330] {dagbag.py:588} INFO - Filling up the DagBag from /home/mmirnezamina/de_final_project/airflowenv/lib/python3.10/site-packages/airflow/example_dags/example_task_group_decorator.py
[2026-08-30T23:26:56.751+0330] {processor.py:925} INFO - DAG(s) 'example_task_group_decorator' retrieved from /home/mmirnezamina/de_final_project/airflowenv/lib/python3.10/site-packages/airflow/example_dags/example_task_group_decorator.py
[2026-08-30T23:26:56.827+0330] {logging_mixin.py:190} INFO - [2026-08-30T23:26:56.826+0330] {dag.py:3239} INFO - Sync 1 DAGs
[2026-08-30T23:26:56.863+0330] {logging_mixin.py:190} INFO - [2026-08-30T23:26:56.863+0330] {dag.py:4180} INFO - Setting next_dagrun for example_task_group_decorator to None, run_after=None
[2026-08-30T23:26:56.915+0330] {processor.py:208} INFO - Processing /home/mmirnezamina/de_final_project/airflowenv/lib/python3.10/site-packages/airflow/example_dags/example_task_group_decorator.py took 0.209 seconds
[2026-08-30T23:27:52.723+0330] {processor.py:186} INFO - Started process (PID=16463) to work on /home/mmirnezamina/de_final_project/airflowenv/lib/python3.10/site-packages/airflow/example_dags/example_task_group_decorator.py
[2026-08-30T23:27:52.726+0330] {processor.py:914} INFO - Processing file /home/mmirnezamina/de_final_project/airflowenv/lib/python3.10/site-packages/airflow/example_dags/example_task_group_decorator.py for tasks to queue
[2026-08-30T23:27:52.729+0330] {logging_mixin.py:190} INFO - [2026-08-30T23:27:52.728+0330] {dagbag.py:588} INFO - Filling up the DagBag from /home/mmirnezamina/de_final_project/airflowenv/lib/python3.10/site-packages/airflow/example_dags/example_task_group_decorator.py
[2026-08-30T23:27:52.763+0330] {processor.py:925} INFO - DAG(s) 'example_task_group_decorator' retrieved from /home/mmirnezamina/de_final_project/airflowenv/lib/python3.10/site-packages/airflow/example_dags/example_task_group_decorator.py
[2026-08-30T23:27:52.976+0330] {logging_mixin.py:190} INFO - [2026-08-30T23:27:52.968+0330] {override.py:1930} INFO - Created Permission View: can delete on DAG:example_task_group_decorator
[2026-08-30T23:27:53.018+0330] {logging_mixin.py:190} INFO - [2026-08-30T23:27:53.018+0330] {override.py:1930} INFO - Created Permission View: can read on DAG:example_task_group_decorator
[2026-08-30T23:27:53.048+0330] {logging_mixin.py:190} INFO - [2026-08-30T23:27:53.047+0330] {override.py:1930} INFO - Created Permission View: can edit on DAG:example_task_group_decorator
[2026-08-30T23:27:53.098+0330] {logging_mixin.py:190} INFO - [2026-08-30T23:27:53.097+0330] {override.py:1930} INFO - Created Permission View: can create on DAG Run:example_task_group_decorator
[2026-08-30T23:27:53.120+0330] {logging_mixin.py:190} INFO - [2026-08-30T23:27:53.120+0330] {override.py:1930} INFO - Created Permission View: can delete on DAG Run:example_task_group_decorator
[2026-08-30T23:27:53.144+0330] {logging_mixin.py:190} INFO - [2026-08-30T23:27:53.143+0330] {override.py:1930} INFO - Created Permission View: can read on DAG Run:example_task_group_decorator
[2026-08-30T23:27:53.165+0330] {logging_mixin.py:190} INFO - [2026-08-30T23:27:53.165+0330] {override.py:1930} INFO - Created Permission View: menu access on DAG Run:example_task_group_decorator
[2026-08-30T23:27:53.166+0330] {logging_mixin.py:190} INFO - [2026-08-30T23:27:53.166+0330] {dag.py:3239} INFO - Sync 1 DAGs
[2026-08-30T23:27:53.200+0330] {logging_mixin.py:190} INFO - [2026-08-30T23:27:53.200+0330] {dag.py:3262} INFO - Creating ORM DAG for example_task_group_decorator
[2026-08-30T23:27:53.202+0330] {logging_mixin.py:190} INFO - [2026-08-30T23:27:53.201+0330] {dag.py:4180} INFO - Setting next_dagrun for example_task_group_decorator to None, run_after=None
[2026-08-30T23:27:53.301+0330] {processor.py:208} INFO - Processing /home/mmirnezamina/de_final_project/airflowenv/lib/python3.10/site-packages/airflow/example_dags/example_task_group_decorator.py took 0.598 seconds
