[2026-08-30T23:13:43.732+0330] {processor.py:186} INFO - Started process (PID=13159) to work on /home/mmirnezamina/de_final_project/airflowenv/lib/python3.10/site-packages/airflow/example_dags/example_sensor_decorator.py
[2026-08-30T23:13:43.735+0330] {processor.py:914} INFO - Processing file /home/mmirnezamina/de_final_project/airflowenv/lib/python3.10/site-packages/airflow/example_dags/example_sensor_decorator.py for tasks to queue
[2026-08-30T23:13:43.737+0330] {logging_mixin.py:190} INFO - [2026-08-30T23:13:43.737+0330] {dagbag.py:588} INFO - Filling up the DagBag from /home/mmirnezamina/de_final_project/airflowenv/lib/python3.10/site-packages/airflow/example_dags/example_sensor_decorator.py
[2026-08-30T23:13:43.761+0330] {processor.py:925} INFO - DAG(s) 'example_sensor_decorator' retrieved from /home/mmirnezamina/de_final_project/airflowenv/lib/python3.10/site-packages/airflow/example_dags/example_sensor_decorator.py
[2026-08-30T23:13:44.102+0330] {logging_mixin.py:190} INFO - [2026-08-30T23:13:44.099+0330] {override.py:1930} INFO - Created Permission View: can edit on DAG:example_sensor_decorator
[2026-08-30T23:13:44.138+0330] {logging_mixin.py:190} INFO - [2026-08-30T23:13:44.137+0330] {override.py:1930} INFO - Created Permission View: can read on DAG:example_sensor_decorator
[2026-08-30T23:13:44.164+0330] {logging_mixin.py:190} INFO - [2026-08-30T23:13:44.163+0330] {override.py:1930} INFO - Created Permission View: can delete on DAG:example_sensor_decorator
[2026-08-30T23:13:44.192+0330] {logging_mixin.py:190} INFO - [2026-08-30T23:13:44.191+0330] {override.py:1930} INFO - Created Permission View: menu access on DAG Run:example_sensor_decorator
[2026-08-30T23:13:44.222+0330] {logging_mixin.py:190} INFO - [2026-08-30T23:13:44.221+0330] {override.py:1930} INFO - Created Permission View: can create on DAG Run:example_sensor_decorator
[2026-08-30T23:13:44.251+0330] {logging_mixin.py:190} INFO - [2026-08-30T23:13:44.250+0330] {override.py:1930} INFO - Created Permission View: can read on DAG Run:example_sensor_decorator
[2026-08-30T23:13:44.284+0330] {logging_mixin.py:190} INFO - [2026-08-30T23:13:44.283+0330] {override.py:1930} INFO - Created Permission View: can delete on DAG Run:example_sensor_decorator
[2026-08-30T23:13:44.285+0330] {logging_mixin.py:190} INFO - [2026-08-30T23:13:44.285+0330] {dag.py:3239} INFO - Sync 1 DAGs
[2026-08-30T23:13:44.333+0330] {logging_mixin.py:190} INFO - [2026-08-30T23:13:44.332+0330] {dag.py:3262} INFO - Creating ORM DAG for example_sensor_decorator
[2026-08-30T23:13:44.336+0330] {logging_mixin.py:190} INFO - [2026-08-30T23:13:44.335+0330] {dag.py:4180} INFO - Setting next_dagrun for example_sensor_decorator to None, run_after=None
[2026-08-30T23:13:44.731+0330] {processor.py:208} INFO - Processing /home/mmirnezamina/de_final_project/airflowenv/lib/python3.10/site-packages/airflow/example_dags/example_sensor_decorator.py took 1.023 seconds
[2026-08-30T23:14:15.478+0330] {processor.py:186} INFO - Started process (PID=13287) to work on /home/mmirnezamina/de_final_project/airflowenv/lib/python3.10/site-packages/airflow/example_dags/example_sensor_decorator.py
[2026-08-30T23:14:15.479+0330] {processor.py:914} INFO - Processing file /home/mmirnezamina/de_final_project/airflowenv/lib/python3.10/site-packages/airflow/example_dags/example_sensor_decorator.py for tasks to queue
[2026-08-30T23:14:15.480+0330] {logging_mixin.py:190} INFO - [2026-08-30T23:14:15.480+0330] {dagbag.py:588} INFO - Filling up the DagBag from /home/mmirnezamina/de_final_project/airflowenv/lib/python3.10/site-packages/airflow/example_dags/example_sensor_decorator.py
[2026-08-30T23:14:15.490+0330] {processor.py:925} INFO - DAG(s) 'example_sensor_decorator' retrieved from /home/mmirnezamina/de_final_project/airflowenv/lib/python3.10/site-packages/airflow/example_dags/example_sensor_decorator.py
[2026-08-30T23:14:15.526+0330] {logging_mixin.py:190} INFO - [2026-08-30T23:14:15.526+0330] {dag.py:3239} INFO - Sync 1 DAGs
[2026-08-30T23:14:15.545+0330] {logging_mixin.py:190} INFO - [2026-08-30T23:14:15.545+0330] {dag.py:4180} INFO - Setting next_dagrun for example_sensor_decorator to None, run_after=None
[2026-08-30T23:14:15.573+0330] {processor.py:208} INFO - Processing /home/mmirnezamina/de_final_project/airflowenv/lib/python3.10/site-packages/airflow/example_dags/example_sensor_decorator.py took 0.106 seconds
[2026-08-30T23:14:45.850+0330] {processor.py:186} INFO - Started process (PID=13404) to work on /home/mmirnezamina/de_final_project/airflowenv/lib/python3.10/site-packages/airflow/example_dags/example_sensor_decorator.py
[2026-08-30T23:14:45.853+0330] {processor.py:914} INFO - Processing file /home/mmirnezamina/de_final_project/airflowenv/lib/python3.10/site-packages/airflow/example_dags/example_sensor_decorator.py for tasks to queue
[2026-08-30T23:14:45.854+0330] {logging_mixin.py:190} INFO - [2026-08-30T23:14:45.854+0330] {dagbag.py:588} INFO - Filling up the DagBag from /home/mmirnezamina/de_final_project/airflowenv/lib/python3.10/site-packages/airflow/example_dags/example_sensor_decorator.py
[2026-08-30T23:14:45.864+0330] {processor.py:925} INFO - DAG(s) 'example_sensor_decorator' retrieved from /home/mmirnezamina/de_final_project/airflowenv/lib/python3.10/site-packages/airflow/example_dags/example_sensor_decorator.py
[2026-08-30T23:14:45.905+0330] {logging_mixin.py:190} INFO - [2026-08-30T23:14:45.904+0330] {dag.py:3239} INFO - Sync 1 DAGs
[2026-08-30T23:14:45.927+0330] {logging_mixin.py:190} INFO - [2026-08-30T23:14:45.926+0330] {dag.py:4180} INFO - Setting next_dagrun for example_sensor_decorator to None, run_after=None
[2026-08-30T23:14:45.958+0330] {processor.py:208} INFO - Processing /home/mmirnezamina/de_final_project/airflowenv/lib/python3.10/site-packages/airflow/example_dags/example_sensor_decorator.py took 0.119 seconds
[2026-08-30T23:15:16.689+0330] {processor.py:186} INFO - Started process (PID=13525) to work on /home/mmirnezamina/de_final_project/airflowenv/lib/python3.10/site-packages/airflow/example_dags/example_sensor_decorator.py
[2026-08-30T23:15:16.698+0330] {processor.py:914} INFO - Processing file /home/mmirnezamina/de_final_project/airflowenv/lib/python3.10/site-packages/airflow/example_dags/example_sensor_decorator.py for tasks to queue
[2026-08-30T23:15:16.709+0330] {logging_mixin.py:190} INFO - [2026-08-30T23:15:16.707+0330] {dagbag.py:588} INFO - Filling up the DagBag from /home/mmirnezamina/de_final_project/airflowenv/lib/python3.10/site-packages/airflow/example_dags/example_sensor_decorator.py
[2026-08-30T23:15:16.774+0330] {processor.py:925} INFO - DAG(s) 'example_sensor_decorator' retrieved from /home/mmirnezamina/de_final_project/airflowenv/lib/python3.10/site-packages/airflow/example_dags/example_sensor_decorator.py
[2026-08-30T23:15:16.907+0330] {logging_mixin.py:190} INFO - [2026-08-30T23:15:16.906+0330] {dag.py:3239} INFO - Sync 1 DAGs
[2026-08-30T23:15:16.980+0330] {logging_mixin.py:190} INFO - [2026-08-30T23:15:16.979+0330] {dag.py:4180} INFO - Setting next_dagrun for example_sensor_decorator to None, run_after=None
[2026-08-30T23:15:17.074+0330] {processor.py:208} INFO - Processing /home/mmirnezamina/de_final_project/airflowenv/lib/python3.10/site-packages/airflow/example_dags/example_sensor_decorator.py took 0.475 seconds
[2026-08-30T23:15:47.167+0330] {processor.py:186} INFO - Started process (PID=13641) to work on /home/mmirnezamina/de_final_project/airflowenv/lib/python3.10/site-packages/airflow/example_dags/example_sensor_decorator.py
[2026-08-30T23:15:47.168+0330] {processor.py:914} INFO - Processing file /home/mmirnezamina/de_final_project/airflowenv/lib/python3.10/site-packages/airflow/example_dags/example_sensor_decorator.py for tasks to queue
[2026-08-30T23:15:47.169+0330] {logging_mixin.py:190} INFO - [2026-08-30T23:15:47.169+0330] {dagbag.py:588} INFO - Filling up the DagBag from /home/mmirnezamina/de_final_project/airflowenv/lib/python3.10/site-packages/airflow/example_dags/example_sensor_decorator.py
[2026-08-30T23:15:47.179+0330] {processor.py:925} INFO - DAG(s) 'example_sensor_decorator' retrieved from /home/mmirnezamina/de_final_project/airflowenv/lib/python3.10/site-packages/airflow/example_dags/example_sensor_decorator.py
[2026-08-30T23:15:47.208+0330] {logging_mixin.py:190} INFO - [2026-08-30T23:15:47.208+0330] {dag.py:3239} INFO - Sync 1 DAGs
[2026-08-30T23:15:47.225+0330] {logging_mixin.py:190} INFO - [2026-08-30T23:15:47.224+0330] {dag.py:4180} INFO - Setting next_dagrun for example_sensor_decorator to None, run_after=None
[2026-08-30T23:15:47.251+0330] {processor.py:208} INFO - Processing /home/mmirnezamina/de_final_project/airflowenv/lib/python3.10/site-packages/airflow/example_dags/example_sensor_decorator.py took 0.094 seconds
[2026-08-30T23:16:17.578+0330] {processor.py:186} INFO - Started process (PID=13761) to work on /home/mmirnezamina/de_final_project/airflowenv/lib/python3.10/site-packages/airflow/example_dags/example_sensor_decorator.py
[2026-08-30T23:16:17.581+0330] {processor.py:914} INFO - Processing file /home/mmirnezamina/de_final_project/airflowenv/lib/python3.10/site-packages/airflow/example_dags/example_sensor_decorator.py for tasks to queue
[2026-08-30T23:16:17.583+0330] {logging_mixin.py:190} INFO - [2026-08-30T23:16:17.583+0330] {dagbag.py:588} INFO - Filling up the DagBag from /home/mmirnezamina/de_final_project/airflowenv/lib/python3.10/site-packages/airflow/example_dags/example_sensor_decorator.py
[2026-08-30T23:16:17.597+0330] {processor.py:925} INFO - DAG(s) 'example_sensor_decorator' retrieved from /home/mmirnezamina/de_final_project/airflowenv/lib/python3.10/site-packages/airflow/example_dags/example_sensor_decorator.py
[2026-08-30T23:16:17.649+0330] {logging_mixin.py:190} INFO - [2026-08-30T23:16:17.649+0330] {dag.py:3239} INFO - Sync 1 DAGs
[2026-08-30T23:16:17.681+0330] {logging_mixin.py:190} INFO - [2026-08-30T23:16:17.680+0330] {dag.py:4180} INFO - Setting next_dagrun for example_sensor_decorator to None, run_after=None
[2026-08-30T23:16:17.714+0330] {processor.py:208} INFO - Processing /home/mmirnezamina/de_final_project/airflowenv/lib/python3.10/site-packages/airflow/example_dags/example_sensor_decorator.py took 0.159 seconds
[2026-08-30T23:16:47.878+0330] {processor.py:186} INFO - Started process (PID=13910) to work on /home/mmirnezamina/de_final_project/airflowenv/lib/python3.10/site-packages/airflow/example_dags/example_sensor_decorator.py
[2026-08-30T23:16:47.880+0330] {processor.py:914} INFO - Processing file /home/mmirnezamina/de_final_project/airflowenv/lib/python3.10/site-packages/airflow/example_dags/example_sensor_decorator.py for tasks to queue
[2026-08-30T23:16:47.884+0330] {logging_mixin.py:190} INFO - [2026-08-30T23:16:47.883+0330] {dagbag.py:588} INFO - Filling up the DagBag from /home/mmirnezamina/de_final_project/airflowenv/lib/python3.10/site-packages/airflow/example_dags/example_sensor_decorator.py
[2026-08-30T23:16:47.908+0330] {processor.py:925} INFO - DAG(s) 'example_sensor_decorator' retrieved from /home/mmirnezamina/de_final_project/airflowenv/lib/python3.10/site-packages/airflow/example_dags/example_sensor_decorator.py
[2026-08-30T23:16:48.026+0330] {logging_mixin.py:190} INFO - [2026-08-30T23:16:48.025+0330] {dag.py:3239} INFO - Sync 1 DAGs
[2026-08-30T23:16:48.082+0330] {logging_mixin.py:190} INFO - [2026-08-30T23:16:48.081+0330] {dag.py:4180} INFO - Setting next_dagrun for example_sensor_decorator to None, run_after=None
[2026-08-30T23:16:48.141+0330] {processor.py:208} INFO - Processing /home/mmirnezamina/de_final_project/airflowenv/lib/python3.10/site-packages/airflow/example_dags/example_sensor_decorator.py took 0.287 seconds
[2026-08-30T23:17:18.580+0330] {processor.py:186} INFO - Started process (PID=14048) to work on /home/mmirnezamina/de_final_project/airflowenv/lib/python3.10/site-packages/airflow/example_dags/example_sensor_decorator.py
[2026-08-30T23:17:18.582+0330] {processor.py:914} INFO - Processing file /home/mmirnezamina/de_final_project/airflowenv/lib/python3.10/site-packages/airflow/example_dags/example_sensor_decorator.py for tasks to queue
[2026-08-30T23:17:18.588+0330] {logging_mixin.py:190} INFO - [2026-08-30T23:17:18.585+0330] {dagbag.py:588} INFO - Filling up the DagBag from /home/mmirnezamina/de_final_project/airflowenv/lib/python3.10/site-packages/airflow/example_dags/example_sensor_decorator.py
[2026-08-30T23:17:18.625+0330] {processor.py:925} INFO - DAG(s) 'example_sensor_decorator' retrieved from /home/mmirnezamina/de_final_project/airflowenv/lib/python3.10/site-packages/airflow/example_dags/example_sensor_decorator.py
[2026-08-30T23:17:18.759+0330] {logging_mixin.py:190} INFO - [2026-08-30T23:17:18.759+0330] {dag.py:3239} INFO - Sync 1 DAGs
[2026-08-30T23:17:18.814+0330] {logging_mixin.py:190} INFO - [2026-08-30T23:17:18.814+0330] {dag.py:4180} INFO - Setting next_dagrun for example_sensor_decorator to None, run_after=None
[2026-08-30T23:17:18.874+0330] {processor.py:208} INFO - Processing /home/mmirnezamina/de_final_project/airflowenv/lib/python3.10/site-packages/airflow/example_dags/example_sensor_decorator.py took 0.332 seconds
[2026-08-30T23:17:49.814+0330] {processor.py:186} INFO - Started process (PID=14171) to work on /home/mmirnezamina/de_final_project/airflowenv/lib/python3.10/site-packages/airflow/example_dags/example_sensor_decorator.py
[2026-08-30T23:17:49.815+0330] {processor.py:914} INFO - Processing file /home/mmirnezamina/de_final_project/airflowenv/lib/python3.10/site-packages/airflow/example_dags/example_sensor_decorator.py for tasks to queue
[2026-08-30T23:17:49.816+0330] {logging_mixin.py:190} INFO - [2026-08-30T23:17:49.816+0330] {dagbag.py:588} INFO - Filling up the DagBag from /home/mmirnezamina/de_final_project/airflowenv/lib/python3.10/site-packages/airflow/example_dags/example_sensor_decorator.py
[2026-08-30T23:17:49.824+0330] {processor.py:925} INFO - DAG(s) 'example_sensor_decorator' retrieved from /home/mmirnezamina/de_final_project/airflowenv/lib/python3.10/site-packages/airflow/example_dags/example_sensor_decorator.py
[2026-08-30T23:17:49.854+0330] {logging_mixin.py:190} INFO - [2026-08-30T23:17:49.854+0330] {dag.py:3239} INFO - Sync 1 DAGs
[2026-08-30T23:17:49.872+0330] {logging_mixin.py:190} INFO - [2026-08-30T23:17:49.872+0330] {dag.py:4180} INFO - Setting next_dagrun for example_sensor_decorator to None, run_after=None
[2026-08-30T23:17:49.903+0330] {processor.py:208} INFO - Processing /home/mmirnezamina/de_final_project/airflowenv/lib/python3.10/site-packages/airflow/example_dags/example_sensor_decorator.py took 0.100 seconds
[2026-08-30T23:18:20.493+0330] {processor.py:186} INFO - Started process (PID=14291) to work on /home/mmirnezamina/de_final_project/airflowenv/lib/python3.10/site-packages/airflow/example_dags/example_sensor_decorator.py
[2026-08-30T23:18:20.495+0330] {processor.py:914} INFO - Processing file /home/mmirnezamina/de_final_project/airflowenv/lib/python3.10/site-packages/airflow/example_dags/example_sensor_decorator.py for tasks to queue
[2026-08-30T23:18:20.497+0330] {logging_mixin.py:190} INFO - [2026-08-30T23:18:20.496+0330] {dagbag.py:588} INFO - Filling up the DagBag from /home/mmirnezamina/de_final_project/airflowenv/lib/python3.10/site-packages/airflow/example_dags/example_sensor_decorator.py
[2026-08-30T23:18:20.505+0330] {processor.py:925} INFO - DAG(s) 'example_sensor_decorator' retrieved from /home/mmirnezamina/de_final_project/airflowenv/lib/python3.10/site-packages/airflow/example_dags/example_sensor_decorator.py
[2026-08-30T23:18:20.533+0330] {logging_mixin.py:190} INFO - [2026-08-30T23:18:20.532+0330] {dag.py:3239} INFO - Sync 1 DAGs
[2026-08-30T23:18:20.550+0330] {logging_mixin.py:190} INFO - [2026-08-30T23:18:20.550+0330] {dag.py:4180} INFO - Setting next_dagrun for example_sensor_decorator to None, run_after=None
[2026-08-30T23:18:20.575+0330] {processor.py:208} INFO - Processing /home/mmirnezamina/de_final_project/airflowenv/lib/python3.10/site-packages/airflow/example_dags/example_sensor_decorator.py took 0.091 seconds
[2026-08-30T23:18:51.258+0330] {processor.py:186} INFO - Started process (PID=14408) to work on /home/mmirnezamina/de_final_project/airflowenv/lib/python3.10/site-packages/airflow/example_dags/example_sensor_decorator.py
[2026-08-30T23:18:51.259+0330] {processor.py:914} INFO - Processing file /home/mmirnezamina/de_final_project/airflowenv/lib/python3.10/site-packages/airflow/example_dags/example_sensor_decorator.py for tasks to queue
[2026-08-30T23:18:51.261+0330] {logging_mixin.py:190} INFO - [2026-08-30T23:18:51.260+0330] {dagbag.py:588} INFO - Filling up the DagBag from /home/mmirnezamina/de_final_project/airflowenv/lib/python3.10/site-packages/airflow/example_dags/example_sensor_decorator.py
[2026-08-30T23:18:51.268+0330] {processor.py:925} INFO - DAG(s) 'example_sensor_decorator' retrieved from /home/mmirnezamina/de_final_project/airflowenv/lib/python3.10/site-packages/airflow/example_dags/example_sensor_decorator.py
[2026-08-30T23:18:51.297+0330] {logging_mixin.py:190} INFO - [2026-08-30T23:18:51.296+0330] {dag.py:3239} INFO - Sync 1 DAGs
[2026-08-30T23:18:51.313+0330] {logging_mixin.py:190} INFO - [2026-08-30T23:18:51.312+0330] {dag.py:4180} INFO - Setting next_dagrun for example_sensor_decorator to None, run_after=None
[2026-08-30T23:18:51.337+0330] {processor.py:208} INFO - Processing /home/mmirnezamina/de_final_project/airflowenv/lib/python3.10/site-packages/airflow/example_dags/example_sensor_decorator.py took 0.087 seconds
[2026-08-30T23:19:21.599+0330] {processor.py:186} INFO - Started process (PID=14528) to work on /home/mmirnezamina/de_final_project/airflowenv/lib/python3.10/site-packages/airflow/example_dags/example_sensor_decorator.py
[2026-08-30T23:19:21.600+0330] {processor.py:914} INFO - Processing file /home/mmirnezamina/de_final_project/airflowenv/lib/python3.10/site-packages/airflow/example_dags/example_sensor_decorator.py for tasks to queue
[2026-08-30T23:19:21.603+0330] {logging_mixin.py:190} INFO - [2026-08-30T23:19:21.602+0330] {dagbag.py:588} INFO - Filling up the DagBag from /home/mmirnezamina/de_final_project/airflowenv/lib/python3.10/site-packages/airflow/example_dags/example_sensor_decorator.py
[2026-08-30T23:19:21.616+0330] {processor.py:925} INFO - DAG(s) 'example_sensor_decorator' retrieved from /home/mmirnezamina/de_final_project/airflowenv/lib/python3.10/site-packages/airflow/example_dags/example_sensor_decorator.py
[2026-08-30T23:19:21.660+0330] {logging_mixin.py:190} INFO - [2026-08-30T23:19:21.660+0330] {dag.py:3239} INFO - Sync 1 DAGs
[2026-08-30T23:19:21.682+0330] {logging_mixin.py:190} INFO - [2026-08-30T23:19:21.681+0330] {dag.py:4180} INFO - Setting next_dagrun for example_sensor_decorator to None, run_after=None
[2026-08-30T23:19:21.712+0330] {processor.py:208} INFO - Processing /home/mmirnezamina/de_final_project/airflowenv/lib/python3.10/site-packages/airflow/example_dags/example_sensor_decorator.py took 0.129 seconds
[2026-08-30T23:19:52.012+0330] {processor.py:186} INFO - Started process (PID=14645) to work on /home/mmirnezamina/de_final_project/airflowenv/lib/python3.10/site-packages/airflow/example_dags/example_sensor_decorator.py
[2026-08-30T23:19:52.014+0330] {processor.py:914} INFO - Processing file /home/mmirnezamina/de_final_project/airflowenv/lib/python3.10/site-packages/airflow/example_dags/example_sensor_decorator.py for tasks to queue
[2026-08-30T23:19:52.015+0330] {logging_mixin.py:190} INFO - [2026-08-30T23:19:52.015+0330] {dagbag.py:588} INFO - Filling up the DagBag from /home/mmirnezamina/de_final_project/airflowenv/lib/python3.10/site-packages/airflow/example_dags/example_sensor_decorator.py
[2026-08-30T23:19:52.023+0330] {processor.py:925} INFO - DAG(s) 'example_sensor_decorator' retrieved from /home/mmirnezamina/de_final_project/airflowenv/lib/python3.10/site-packages/airflow/example_dags/example_sensor_decorator.py
[2026-08-30T23:19:52.051+0330] {logging_mixin.py:190} INFO - [2026-08-30T23:19:52.050+0330] {dag.py:3239} INFO - Sync 1 DAGs
[2026-08-30T23:19:52.067+0330] {logging_mixin.py:190} INFO - [2026-08-30T23:19:52.066+0330] {dag.py:4180} INFO - Setting next_dagrun for example_sensor_decorator to None, run_after=None
[2026-08-30T23:19:52.090+0330] {processor.py:208} INFO - Processing /home/mmirnezamina/de_final_project/airflowenv/lib/python3.10/site-packages/airflow/example_dags/example_sensor_decorator.py took 0.087 seconds
[2026-08-30T23:20:22.768+0330] {processor.py:186} INFO - Started process (PID=14769) to work on /home/mmirnezamina/de_final_project/airflowenv/lib/python3.10/site-packages/airflow/example_dags/example_sensor_decorator.py
[2026-08-30T23:20:22.770+0330] {processor.py:914} INFO - Processing file /home/mmirnezamina/de_final_project/airflowenv/lib/python3.10/site-packages/airflow/example_dags/example_sensor_decorator.py for tasks to queue
[2026-08-30T23:20:22.771+0330] {logging_mixin.py:190} INFO - [2026-08-30T23:20:22.771+0330] {dagbag.py:588} INFO - Filling up the DagBag from /home/mmirnezamina/de_final_project/airflowenv/lib/python3.10/site-packages/airflow/example_dags/example_sensor_decorator.py
[2026-08-30T23:20:22.780+0330] {processor.py:925} INFO - DAG(s) 'example_sensor_decorator' retrieved from /home/mmirnezamina/de_final_project/airflowenv/lib/python3.10/site-packages/airflow/example_dags/example_sensor_decorator.py
[2026-08-30T23:20:22.810+0330] {logging_mixin.py:190} INFO - [2026-08-30T23:20:22.809+0330] {dag.py:3239} INFO - Sync 1 DAGs
[2026-08-30T23:20:22.826+0330] {logging_mixin.py:190} INFO - [2026-08-30T23:20:22.826+0330] {dag.py:4180} INFO - Setting next_dagrun for example_sensor_decorator to None, run_after=None
[2026-08-30T23:20:22.850+0330] {processor.py:208} INFO - Processing /home/mmirnezamina/de_final_project/airflowenv/lib/python3.10/site-packages/airflow/example_dags/example_sensor_decorator.py took 0.090 seconds
[2026-08-30T23:20:53.206+0330] {processor.py:186} INFO - Started process (PID=14886) to work on /home/mmirnezamina/de_final_project/airflowenv/lib/python3.10/site-packages/airflow/example_dags/example_sensor_decorator.py
[2026-08-30T23:20:53.206+0330] {processor.py:914} INFO - Processing file /home/mmirnezamina/de_final_project/airflowenv/lib/python3.10/site-packages/airflow/example_dags/example_sensor_decorator.py for tasks to queue
[2026-08-30T23:20:53.207+0330] {logging_mixin.py:190} INFO - [2026-08-30T23:20:53.207+0330] {dagbag.py:588} INFO - Filling up the DagBag from /home/mmirnezamina/de_final_project/airflowenv/lib/python3.10/site-packages/airflow/example_dags/example_sensor_decorator.py
[2026-08-30T23:20:53.214+0330] {processor.py:925} INFO - DAG(s) 'example_sensor_decorator' retrieved from /home/mmirnezamina/de_final_project/airflowenv/lib/python3.10/site-packages/airflow/example_dags/example_sensor_decorator.py
[2026-08-30T23:20:53.237+0330] {logging_mixin.py:190} INFO - [2026-08-30T23:20:53.236+0330] {dag.py:3239} INFO - Sync 1 DAGs
[2026-08-30T23:20:53.248+0330] {logging_mixin.py:190} INFO - [2026-08-30T23:20:53.248+0330] {dag.py:4180} INFO - Setting next_dagrun for example_sensor_decorator to None, run_after=None
[2026-08-30T23:20:53.269+0330] {processor.py:208} INFO - Processing /home/mmirnezamina/de_final_project/airflowenv/lib/python3.10/site-packages/airflow/example_dags/example_sensor_decorator.py took 0.071 seconds
[2026-08-30T23:21:23.835+0330] {processor.py:186} INFO - Started process (PID=15006) to work on /home/mmirnezamina/de_final_project/airflowenv/lib/python3.10/site-packages/airflow/example_dags/example_sensor_decorator.py
[2026-08-30T23:21:23.837+0330] {processor.py:914} INFO - Processing file /home/mmirnezamina/de_final_project/airflowenv/lib/python3.10/site-packages/airflow/example_dags/example_sensor_decorator.py for tasks to queue
[2026-08-30T23:21:23.838+0330] {logging_mixin.py:190} INFO - [2026-08-30T23:21:23.838+0330] {dagbag.py:588} INFO - Filling up the DagBag from /home/mmirnezamina/de_final_project/airflowenv/lib/python3.10/site-packages/airflow/example_dags/example_sensor_decorator.py
[2026-08-30T23:21:23.848+0330] {processor.py:925} INFO - DAG(s) 'example_sensor_decorator' retrieved from /home/mmirnezamina/de_final_project/airflowenv/lib/python3.10/site-packages/airflow/example_dags/example_sensor_decorator.py
[2026-08-30T23:21:23.881+0330] {logging_mixin.py:190} INFO - [2026-08-30T23:21:23.881+0330] {dag.py:3239} INFO - Sync 1 DAGs
[2026-08-30T23:21:23.903+0330] {logging_mixin.py:190} INFO - [2026-08-30T23:21:23.903+0330] {dag.py:4180} INFO - Setting next_dagrun for example_sensor_decorator to None, run_after=None
[2026-08-30T23:21:23.933+0330] {processor.py:208} INFO - Processing /home/mmirnezamina/de_final_project/airflowenv/lib/python3.10/site-packages/airflow/example_dags/example_sensor_decorator.py took 0.109 seconds
[2026-08-30T23:21:54.040+0330] {processor.py:186} INFO - Started process (PID=15123) to work on /home/mmirnezamina/de_final_project/airflowenv/lib/python3.10/site-packages/airflow/example_dags/example_sensor_decorator.py
[2026-08-30T23:21:54.040+0330] {processor.py:914} INFO - Processing file /home/mmirnezamina/de_final_project/airflowenv/lib/python3.10/site-packages/airflow/example_dags/example_sensor_decorator.py for tasks to queue
[2026-08-30T23:21:54.041+0330] {logging_mixin.py:190} INFO - [2026-08-30T23:21:54.041+0330] {dagbag.py:588} INFO - Filling up the DagBag from /home/mmirnezamina/de_final_project/airflowenv/lib/python3.10/site-packages/airflow/example_dags/example_sensor_decorator.py
[2026-08-30T23:21:54.048+0330] {processor.py:925} INFO - DAG(s) 'example_sensor_decorator' retrieved from /home/mmirnezamina/de_final_project/airflowenv/lib/python3.10/site-packages/airflow/example_dags/example_sensor_decorator.py
[2026-08-30T23:21:54.072+0330] {logging_mixin.py:190} INFO - [2026-08-30T23:21:54.071+0330] {dag.py:3239} INFO - Sync 1 DAGs
[2026-08-30T23:21:54.084+0330] {logging_mixin.py:190} INFO - [2026-08-30T23:21:54.083+0330] {dag.py:4180} INFO - Setting next_dagrun for example_sensor_decorator to None, run_after=None
[2026-08-30T23:21:54.108+0330] {processor.py:208} INFO - Processing /home/mmirnezamina/de_final_project/airflowenv/lib/python3.10/site-packages/airflow/example_dags/example_sensor_decorator.py took 0.075 seconds
[2026-08-30T23:22:24.622+0330] {processor.py:186} INFO - Started process (PID=15244) to work on /home/mmirnezamina/de_final_project/airflowenv/lib/python3.10/site-packages/airflow/example_dags/example_sensor_decorator.py
[2026-08-30T23:22:24.623+0330] {processor.py:914} INFO - Processing file /home/mmirnezamina/de_final_project/airflowenv/lib/python3.10/site-packages/airflow/example_dags/example_sensor_decorator.py for tasks to queue
[2026-08-30T23:22:24.625+0330] {logging_mixin.py:190} INFO - [2026-08-30T23:22:24.625+0330] {dagbag.py:588} INFO - Filling up the DagBag from /home/mmirnezamina/de_final_project/airflowenv/lib/python3.10/site-packages/airflow/example_dags/example_sensor_decorator.py
[2026-08-30T23:22:24.633+0330] {processor.py:925} INFO - DAG(s) 'example_sensor_decorator' retrieved from /home/mmirnezamina/de_final_project/airflowenv/lib/python3.10/site-packages/airflow/example_dags/example_sensor_decorator.py
[2026-08-30T23:22:24.660+0330] {logging_mixin.py:190} INFO - [2026-08-30T23:22:24.660+0330] {dag.py:3239} INFO - Sync 1 DAGs
[2026-08-30T23:22:24.674+0330] {logging_mixin.py:190} INFO - [2026-08-30T23:22:24.674+0330] {dag.py:4180} INFO - Setting next_dagrun for example_sensor_decorator to None, run_after=None
[2026-08-30T23:22:24.697+0330] {processor.py:208} INFO - Processing /home/mmirnezamina/de_final_project/airflowenv/lib/python3.10/site-packages/airflow/example_dags/example_sensor_decorator.py took 0.087 seconds
[2026-08-30T23:22:54.805+0330] {processor.py:186} INFO - Started process (PID=15361) to work on /home/mmirnezamina/de_final_project/airflowenv/lib/python3.10/site-packages/airflow/example_dags/example_sensor_decorator.py
[2026-08-30T23:22:54.805+0330] {processor.py:914} INFO - Processing file /home/mmirnezamina/de_final_project/airflowenv/lib/python3.10/site-packages/airflow/example_dags/example_sensor_decorator.py for tasks to queue
[2026-08-30T23:22:54.807+0330] {logging_mixin.py:190} INFO - [2026-08-30T23:22:54.806+0330] {dagbag.py:588} INFO - Filling up the DagBag from /home/mmirnezamina/de_final_project/airflowenv/lib/python3.10/site-packages/airflow/example_dags/example_sensor_decorator.py
[2026-08-30T23:22:54.817+0330] {processor.py:925} INFO - DAG(s) 'example_sensor_decorator' retrieved from /home/mmirnezamina/de_final_project/airflowenv/lib/python3.10/site-packages/airflow/example_dags/example_sensor_decorator.py
[2026-08-30T23:22:54.849+0330] {logging_mixin.py:190} INFO - [2026-08-30T23:22:54.849+0330] {dag.py:3239} INFO - Sync 1 DAGs
[2026-08-30T23:22:54.867+0330] {logging_mixin.py:190} INFO - [2026-08-30T23:22:54.866+0330] {dag.py:4180} INFO - Setting next_dagrun for example_sensor_decorator to None, run_after=None
[2026-08-30T23:22:54.895+0330] {processor.py:208} INFO - Processing /home/mmirnezamina/de_final_project/airflowenv/lib/python3.10/site-packages/airflow/example_dags/example_sensor_decorator.py took 0.099 seconds
[2026-08-30T23:23:25.550+0330] {processor.py:186} INFO - Started process (PID=15481) to work on /home/mmirnezamina/de_final_project/airflowenv/lib/python3.10/site-packages/airflow/example_dags/example_sensor_decorator.py
[2026-08-30T23:23:25.555+0330] {processor.py:914} INFO - Processing file /home/mmirnezamina/de_final_project/airflowenv/lib/python3.10/site-packages/airflow/example_dags/example_sensor_decorator.py for tasks to queue
[2026-08-30T23:23:25.557+0330] {logging_mixin.py:190} INFO - [2026-08-30T23:23:25.556+0330] {dagbag.py:588} INFO - Filling up the DagBag from /home/mmirnezamina/de_final_project/airflowenv/lib/python3.10/site-packages/airflow/example_dags/example_sensor_decorator.py
[2026-08-30T23:23:25.565+0330] {processor.py:925} INFO - DAG(s) 'example_sensor_decorator' retrieved from /home/mmirnezamina/de_final_project/airflowenv/lib/python3.10/site-packages/airflow/example_dags/example_sensor_decorator.py
[2026-08-30T23:23:25.592+0330] {logging_mixin.py:190} INFO - [2026-08-30T23:23:25.592+0330] {dag.py:3239} INFO - Sync 1 DAGs
[2026-08-30T23:23:25.610+0330] {logging_mixin.py:190} INFO - [2026-08-30T23:23:25.610+0330] {dag.py:4180} INFO - Setting next_dagrun for example_sensor_decorator to None, run_after=None
[2026-08-30T23:23:25.639+0330] {processor.py:208} INFO - Processing /home/mmirnezamina/de_final_project/airflowenv/lib/python3.10/site-packages/airflow/example_dags/example_sensor_decorator.py took 0.148 seconds
[2026-08-30T23:23:56.565+0330] {processor.py:186} INFO - Started process (PID=15600) to work on /home/mmirnezamina/de_final_project/airflowenv/lib/python3.10/site-packages/airflow/example_dags/example_sensor_decorator.py
[2026-08-30T23:23:56.566+0330] {processor.py:914} INFO - Processing file /home/mmirnezamina/de_final_project/airflowenv/lib/python3.10/site-packages/airflow/example_dags/example_sensor_decorator.py for tasks to queue
[2026-08-30T23:23:56.567+0330] {logging_mixin.py:190} INFO - [2026-08-30T23:23:56.567+0330] {dagbag.py:588} INFO - Filling up the DagBag from /home/mmirnezamina/de_final_project/airflowenv/lib/python3.10/site-packages/airflow/example_dags/example_sensor_decorator.py
[2026-08-30T23:23:56.576+0330] {processor.py:925} INFO - DAG(s) 'example_sensor_decorator' retrieved from /home/mmirnezamina/de_final_project/airflowenv/lib/python3.10/site-packages/airflow/example_dags/example_sensor_decorator.py
[2026-08-30T23:23:56.599+0330] {logging_mixin.py:190} INFO - [2026-08-30T23:23:56.599+0330] {dag.py:3239} INFO - Sync 1 DAGs
[2026-08-30T23:23:56.615+0330] {logging_mixin.py:190} INFO - [2026-08-30T23:23:56.615+0330] {dag.py:4180} INFO - Setting next_dagrun for example_sensor_decorator to None, run_after=None
[2026-08-30T23:23:56.637+0330] {processor.py:208} INFO - Processing /home/mmirnezamina/de_final_project/airflowenv/lib/python3.10/site-packages/airflow/example_dags/example_sensor_decorator.py took 0.083 seconds
[2026-08-30T23:24:27.361+0330] {processor.py:186} INFO - Started process (PID=15718) to work on /home/mmirnezamina/de_final_project/airflowenv/lib/python3.10/site-packages/airflow/example_dags/example_sensor_decorator.py
[2026-08-30T23:24:27.363+0330] {processor.py:914} INFO - Processing file /home/mmirnezamina/de_final_project/airflowenv/lib/python3.10/site-packages/airflow/example_dags/example_sensor_decorator.py for tasks to queue
[2026-08-30T23:24:27.365+0330] {logging_mixin.py:190} INFO - [2026-08-30T23:24:27.365+0330] {dagbag.py:588} INFO - Filling up the DagBag from /home/mmirnezamina/de_final_project/airflowenv/lib/python3.10/site-packages/airflow/example_dags/example_sensor_decorator.py
[2026-08-30T23:24:27.385+0330] {processor.py:925} INFO - DAG(s) 'example_sensor_decorator' retrieved from /home/mmirnezamina/de_final_project/airflowenv/lib/python3.10/site-packages/airflow/example_dags/example_sensor_decorator.py
[2026-08-30T23:24:27.441+0330] {logging_mixin.py:190} INFO - [2026-08-30T23:24:27.440+0330] {dag.py:3239} INFO - Sync 1 DAGs
[2026-08-30T23:24:27.476+0330] {logging_mixin.py:190} INFO - [2026-08-30T23:24:27.475+0330] {dag.py:4180} INFO - Setting next_dagrun for example_sensor_decorator to None, run_after=None
[2026-08-30T23:24:27.517+0330] {processor.py:208} INFO - Processing /home/mmirnezamina/de_final_project/airflowenv/lib/python3.10/site-packages/airflow/example_dags/example_sensor_decorator.py took 0.174 seconds
[2026-08-30T23:24:58.006+0330] {processor.py:186} INFO - Started process (PID=15856) to work on /home/mmirnezamina/de_final_project/airflowenv/lib/python3.10/site-packages/airflow/example_dags/example_sensor_decorator.py
[2026-08-30T23:24:58.007+0330] {processor.py:914} INFO - Processing file /home/mmirnezamina/de_final_project/airflowenv/lib/python3.10/site-packages/airflow/example_dags/example_sensor_decorator.py for tasks to queue
[2026-08-30T23:24:58.009+0330] {logging_mixin.py:190} INFO - [2026-08-30T23:24:58.009+0330] {dagbag.py:588} INFO - Filling up the DagBag from /home/mmirnezamina/de_final_project/airflowenv/lib/python3.10/site-packages/airflow/example_dags/example_sensor_decorator.py
[2026-08-30T23:24:58.022+0330] {processor.py:925} INFO - DAG(s) 'example_sensor_decorator' retrieved from /home/mmirnezamina/de_final_project/airflowenv/lib/python3.10/site-packages/airflow/example_dags/example_sensor_decorator.py
[2026-08-30T23:24:58.058+0330] {logging_mixin.py:190} INFO - [2026-08-30T23:24:58.057+0330] {dag.py:3239} INFO - Sync 1 DAGs
[2026-08-30T23:24:58.081+0330] {logging_mixin.py:190} INFO - [2026-08-30T23:24:58.081+0330] {dag.py:4180} INFO - Setting next_dagrun for example_sensor_decorator to None, run_after=None
[2026-08-30T23:24:58.112+0330] {processor.py:208} INFO - Processing /home/mmirnezamina/de_final_project/airflowenv/lib/python3.10/site-packages/airflow/example_dags/example_sensor_decorator.py took 0.123 seconds
[2026-08-30T23:25:28.524+0330] {processor.py:186} INFO - Started process (PID=15994) to work on /home/mmirnezamina/de_final_project/airflowenv/lib/python3.10/site-packages/airflow/example_dags/example_sensor_decorator.py
[2026-08-30T23:25:28.526+0330] {processor.py:914} INFO - Processing file /home/mmirnezamina/de_final_project/airflowenv/lib/python3.10/site-packages/airflow/example_dags/example_sensor_decorator.py for tasks to queue
[2026-08-30T23:25:28.529+0330] {logging_mixin.py:190} INFO - [2026-08-30T23:25:28.528+0330] {dagbag.py:588} INFO - Filling up the DagBag from /home/mmirnezamina/de_final_project/airflowenv/lib/python3.10/site-packages/airflow/example_dags/example_sensor_decorator.py
[2026-08-30T23:25:28.564+0330] {processor.py:925} INFO - DAG(s) 'example_sensor_decorator' retrieved from /home/mmirnezamina/de_final_project/airflowenv/lib/python3.10/site-packages/airflow/example_dags/example_sensor_decorator.py
[2026-08-30T23:25:28.625+0330] {logging_mixin.py:190} INFO - [2026-08-30T23:25:28.625+0330] {dag.py:3239} INFO - Sync 1 DAGs
[2026-08-30T23:25:28.659+0330] {logging_mixin.py:190} INFO - [2026-08-30T23:25:28.659+0330] {dag.py:4180} INFO - Setting next_dagrun for example_sensor_decorator to None, run_after=None
[2026-08-30T23:25:28.732+0330] {processor.py:208} INFO - Processing /home/mmirnezamina/de_final_project/airflowenv/lib/python3.10/site-packages/airflow/example_dags/example_sensor_decorator.py took 0.229 seconds
[2026-08-30T23:25:59.188+0330] {processor.py:186} INFO - Started process (PID=16119) to work on /home/mmirnezamina/de_final_project/airflowenv/lib/python3.10/site-packages/airflow/example_dags/example_sensor_decorator.py
[2026-08-30T23:25:59.189+0330] {processor.py:914} INFO - Processing file /home/mmirnezamina/de_final_project/airflowenv/lib/python3.10/site-packages/airflow/example_dags/example_sensor_decorator.py for tasks to queue
[2026-08-30T23:25:59.190+0330] {logging_mixin.py:190} INFO - [2026-08-30T23:25:59.190+0330] {dagbag.py:588} INFO - Filling up the DagBag from /home/mmirnezamina/de_final_project/airflowenv/lib/python3.10/site-packages/airflow/example_dags/example_sensor_decorator.py
[2026-08-30T23:25:59.198+0330] {processor.py:925} INFO - DAG(s) 'example_sensor_decorator' retrieved from /home/mmirnezamina/de_final_project/airflowenv/lib/python3.10/site-packages/airflow/example_dags/example_sensor_decorator.py
[2026-08-30T23:25:59.224+0330] {logging_mixin.py:190} INFO - [2026-08-30T23:25:59.223+0330] {dag.py:3239} INFO - Sync 1 DAGs
[2026-08-30T23:25:59.238+0330] {logging_mixin.py:190} INFO - [2026-08-30T23:25:59.238+0330] {dag.py:4180} INFO - Setting next_dagrun for example_sensor_decorator to None, run_after=None
[2026-08-30T23:25:59.261+0330] {processor.py:208} INFO - Processing /home/mmirnezamina/de_final_project/airflowenv/lib/python3.10/site-packages/airflow/example_dags/example_sensor_decorator.py took 0.079 seconds
[2026-08-30T23:26:29.400+0330] {processor.py:186} INFO - Started process (PID=16237) to work on /home/mmirnezamina/de_final_project/airflowenv/lib/python3.10/site-packages/airflow/example_dags/example_sensor_decorator.py
[2026-08-30T23:26:29.402+0330] {processor.py:914} INFO - Processing file /home/mmirnezamina/de_final_project/airflowenv/lib/python3.10/site-packages/airflow/example_dags/example_sensor_decorator.py for tasks to queue
[2026-08-30T23:26:29.405+0330] {logging_mixin.py:190} INFO - [2026-08-30T23:26:29.405+0330] {dagbag.py:588} INFO - Filling up the DagBag from /home/mmirnezamina/de_final_project/airflowenv/lib/python3.10/site-packages/airflow/example_dags/example_sensor_decorator.py
[2026-08-30T23:26:29.427+0330] {processor.py:925} INFO - DAG(s) 'example_sensor_decorator' retrieved from /home/mmirnezamina/de_final_project/airflowenv/lib/python3.10/site-packages/airflow/example_dags/example_sensor_decorator.py
[2026-08-30T23:26:29.494+0330] {logging_mixin.py:190} INFO - [2026-08-30T23:26:29.493+0330] {dag.py:3239} INFO - Sync 1 DAGs
[2026-08-30T23:26:29.526+0330] {logging_mixin.py:190} INFO - [2026-08-30T23:26:29.526+0330] {dag.py:4180} INFO - Setting next_dagrun for example_sensor_decorator to None, run_after=None
[2026-08-30T23:26:29.583+0330] {processor.py:208} INFO - Processing /home/mmirnezamina/de_final_project/airflowenv/lib/python3.10/site-packages/airflow/example_dags/example_sensor_decorator.py took 0.207 seconds
[2026-08-30T23:27:00.048+0330] {processor.py:186} INFO - Started process (PID=16360) to work on /home/mmirnezamina/de_final_project/airflowenv/lib/python3.10/site-packages/airflow/example_dags/example_sensor_decorator.py
[2026-08-30T23:27:00.049+0330] {processor.py:914} INFO - Processing file /home/mmirnezamina/de_final_project/airflowenv/lib/python3.10/site-packages/airflow/example_dags/example_sensor_decorator.py for tasks to queue
[2026-08-30T23:27:00.051+0330] {logging_mixin.py:190} INFO - [2026-08-30T23:27:00.051+0330] {dagbag.py:588} INFO - Filling up the DagBag from /home/mmirnezamina/de_final_project/airflowenv/lib/python3.10/site-packages/airflow/example_dags/example_sensor_decorator.py
[2026-08-30T23:27:00.062+0330] {processor.py:925} INFO - DAG(s) 'example_sensor_decorator' retrieved from /home/mmirnezamina/de_final_project/airflowenv/lib/python3.10/site-packages/airflow/example_dags/example_sensor_decorator.py
[2026-08-30T23:27:00.103+0330] {logging_mixin.py:190} INFO - [2026-08-30T23:27:00.102+0330] {dag.py:3239} INFO - Sync 1 DAGs
[2026-08-30T23:27:00.129+0330] {logging_mixin.py:190} INFO - [2026-08-30T23:27:00.128+0330] {dag.py:4180} INFO - Setting next_dagrun for example_sensor_decorator to None, run_after=None
[2026-08-30T23:27:00.163+0330] {processor.py:208} INFO - Processing /home/mmirnezamina/de_final_project/airflowenv/lib/python3.10/site-packages/airflow/example_dags/example_sensor_decorator.py took 0.127 seconds
[2026-08-30T23:28:09.490+0330] {processor.py:186} INFO - Started process (PID=16477) to work on /home/mmirnezamina/de_final_project/airflowenv/lib/python3.10/site-packages/airflow/example_dags/example_sensor_decorator.py
[2026-08-30T23:28:09.492+0330] {processor.py:914} INFO - Processing file /home/mmirnezamina/de_final_project/airflowenv/lib/python3.10/site-packages/airflow/example_dags/example_sensor_decorator.py for tasks to queue
[2026-08-30T23:28:09.493+0330] {logging_mixin.py:190} INFO - [2026-08-30T23:28:09.493+0330] {dagbag.py:588} INFO - Filling up the DagBag from /home/mmirnezamina/de_final_project/airflowenv/lib/python3.10/site-packages/airflow/example_dags/example_sensor_decorator.py
[2026-08-30T23:28:09.500+0330] {processor.py:925} INFO - DAG(s) 'example_sensor_decorator' retrieved from /home/mmirnezamina/de_final_project/airflowenv/lib/python3.10/site-packages/airflow/example_dags/example_sensor_decorator.py
[2026-08-30T23:28:09.627+0330] {logging_mixin.py:190} INFO - [2026-08-30T23:28:09.620+0330] {override.py:1930} INFO - Created Permission View: can delete on DAG:example_sensor_decorator
[2026-08-30T23:28:09.646+0330] {logging_mixin.py:190} INFO - [2026-08-30T23:28:09.646+0330] {override.py:1930} INFO - Created Permission View: can read on DAG:example_sensor_decorator
[2026-08-30T23:28:09.662+0330] {logging_mixin.py:190} INFO - [2026-08-30T23:28:09.662+0330] {override.py:1930} INFO - Created Permission View: can edit on DAG:example_sensor_decorator
[2026-08-30T23:28:09.692+0330] {logging_mixin.py:190} INFO - [2026-08-30T23:28:09.692+0330] {override.py:1930} INFO - Created Permission View: can create on DAG Run:example_sensor_decorator
[2026-08-30T23:28:09.709+0330] {logging_mixin.py:190} INFO - [2026-08-30T23:28:09.708+0330] {override.py:1930} INFO - Created Permission View: can delete on DAG Run:example_sensor_decorator
[2026-08-30T23:28:09.726+0330] {logging_mixin.py:190} INFO - [2026-08-30T23:28:09.726+0330] {override.py:1930} INFO - Created Permission View: can read on DAG Run:example_sensor_decorator
[2026-08-30T23:28:09.744+0330] {logging_mixin.py:190} INFO - [2026-08-30T23:28:09.743+0330] {override.py:1930} INFO - Created Permission View: menu access on DAG Run:example_sensor_decorator
[2026-08-30T23:28:09.744+0330] {logging_mixin.py:190} INFO - [2026-08-30T23:28:09.744+0330] {dag.py:3239} INFO - Sync 1 DAGs
[2026-08-30T23:28:09.757+0330] {logging_mixin.py:190} INFO - [2026-08-30T23:28:09.756+0330] {dag.py:3262} INFO - Creating ORM DAG for example_sensor_decorator
[2026-08-30T23:28:09.757+0330] {logging_mixin.py:190} INFO - [2026-08-30T23:28:09.757+0330] {dag.py:4180} INFO - Setting next_dagrun for example_sensor_decorator to None, run_after=None
[2026-08-30T23:28:09.787+0330] {processor.py:208} INFO - Processing /home/mmirnezamina/de_final_project/airflowenv/lib/python3.10/site-packages/airflow/example_dags/example_sensor_decorator.py took 0.305 seconds
