[2026-08-30T23:13:52.378+0330] {processor.py:186} INFO - Started process (PID=13200) to work on /home/mmirnezamina/de_final_project/airflowenv/lib/python3.10/site-packages/airflow/example_dags/example_dataset_alias_with_no_taskflow.py
[2026-08-30T23:13:52.380+0330] {processor.py:914} INFO - Processing file /home/mmirnezamina/de_final_project/airflowenv/lib/python3.10/site-packages/airflow/example_dags/example_dataset_alias_with_no_taskflow.py for tasks to queue
[2026-08-30T23:13:52.384+0330] {logging_mixin.py:190} INFO - [2026-08-30T23:13:52.383+0330] {dagbag.py:588} INFO - Filling up the DagBag from /home/mmirnezamina/de_final_project/airflowenv/lib/python3.10/site-packages/airflow/example_dags/example_dataset_alias_with_no_taskflow.py
[2026-08-30T23:13:52.499+0330] {processor.py:925} INFO - DAG(s) 'dataset_s3_bucket_producer_with_no_taskflow', 'dataset_s3_bucket_consumer_with_no_taskflow', 'dataset_alias_example_alias_consumer_with_no_taskflow', 'dataset_alias_example_alias_producer_with_no_taskflow' retrieved from /home/mmirnezamina/de_final_project/airflowenv/lib/python3.10/site-packages/airflow/example_dags/example_dataset_alias_with_no_taskflow.py
[2026-08-30T23:13:52.832+0330] {logging_mixin.py:190} INFO - [2026-08-30T23:13:52.829+0330] {override.py:1930} INFO - Created Permission View: can edit on DAG:dataset_s3_bucket_producer_with_no_taskflow
[2026-08-30T23:13:52.873+0330] {logging_mixin.py:190} INFO - [2026-08-30T23:13:52.871+0330] {override.py:1930} INFO - Created Permission View: can read on DAG:dataset_s3_bucket_producer_with_no_taskflow
[2026-08-30T23:13:52.902+0330] {logging_mixin.py:190} INFO - [2026-08-30T23:13:52.901+0330] {override.py:1930} INFO - Created Permission View: can delete on DAG:dataset_s3_bucket_producer_with_no_taskflow
[2026-08-30T23:13:52.944+0330] {logging_mixin.py:190} INFO - [2026-08-30T23:13:52.943+0330] {override.py:1930} INFO - Created Permission View: menu access on DAG Run:dataset_s3_bucket_producer_with_no_taskflow
[2026-08-30T23:13:52.982+0330] {logging_mixin.py:190} INFO - [2026-08-30T23:13:52.981+0330] {override.py:1930} INFO - Created Permission View: can create on DAG Run:dataset_s3_bucket_producer_with_no_taskflow
[2026-08-30T23:13:53.015+0330] {logging_mixin.py:190} INFO - [2026-08-30T23:13:53.014+0330] {override.py:1930} INFO - Created Permission View: can read on DAG Run:dataset_s3_bucket_producer_with_no_taskflow
[2026-08-30T23:13:53.054+0330] {logging_mixin.py:190} INFO - [2026-08-30T23:13:53.053+0330] {override.py:1930} INFO - Created Permission View: can delete on DAG Run:dataset_s3_bucket_producer_with_no_taskflow
[2026-08-30T23:13:53.099+0330] {logging_mixin.py:190} INFO - [2026-08-30T23:13:53.098+0330] {override.py:1930} INFO - Created Permission View: can edit on DAG:dataset_s3_bucket_consumer_with_no_taskflow
[2026-08-30T23:13:53.125+0330] {logging_mixin.py:190} INFO - [2026-08-30T23:13:53.124+0330] {override.py:1930} INFO - Created Permission View: can read on DAG:dataset_s3_bucket_consumer_with_no_taskflow
[2026-08-30T23:13:53.149+0330] {logging_mixin.py:190} INFO - [2026-08-30T23:13:53.148+0330] {override.py:1930} INFO - Created Permission View: can delete on DAG:dataset_s3_bucket_consumer_with_no_taskflow
[2026-08-30T23:13:53.176+0330] {logging_mixin.py:190} INFO - [2026-08-30T23:13:53.175+0330] {override.py:1930} INFO - Created Permission View: menu access on DAG Run:dataset_s3_bucket_consumer_with_no_taskflow
[2026-08-30T23:13:53.196+0330] {logging_mixin.py:190} INFO - [2026-08-30T23:13:53.195+0330] {override.py:1930} INFO - Created Permission View: can create on DAG Run:dataset_s3_bucket_consumer_with_no_taskflow
[2026-08-30T23:13:53.219+0330] {logging_mixin.py:190} INFO - [2026-08-30T23:13:53.219+0330] {override.py:1930} INFO - Created Permission View: can read on DAG Run:dataset_s3_bucket_consumer_with_no_taskflow
[2026-08-30T23:13:53.240+0330] {logging_mixin.py:190} INFO - [2026-08-30T23:13:53.239+0330] {override.py:1930} INFO - Created Permission View: can delete on DAG Run:dataset_s3_bucket_consumer_with_no_taskflow
[2026-08-30T23:13:53.278+0330] {logging_mixin.py:190} INFO - [2026-08-30T23:13:53.277+0330] {override.py:1930} INFO - Created Permission View: can edit on DAG:dataset_alias_example_alias_consumer_with_no_taskflow
[2026-08-30T23:13:53.300+0330] {logging_mixin.py:190} INFO - [2026-08-30T23:13:53.299+0330] {override.py:1930} INFO - Created Permission View: can read on DAG:dataset_alias_example_alias_consumer_with_no_taskflow
[2026-08-30T23:13:53.321+0330] {logging_mixin.py:190} INFO - [2026-08-30T23:13:53.320+0330] {override.py:1930} INFO - Created Permission View: can delete on DAG:dataset_alias_example_alias_consumer_with_no_taskflow
[2026-08-30T23:13:53.347+0330] {logging_mixin.py:190} INFO - [2026-08-30T23:13:53.347+0330] {override.py:1930} INFO - Created Permission View: menu access on DAG Run:dataset_alias_example_alias_consumer_with_no_taskflow
[2026-08-30T23:13:53.368+0330] {logging_mixin.py:190} INFO - [2026-08-30T23:13:53.367+0330] {override.py:1930} INFO - Created Permission View: can create on DAG Run:dataset_alias_example_alias_consumer_with_no_taskflow
[2026-08-30T23:13:53.389+0330] {logging_mixin.py:190} INFO - [2026-08-30T23:13:53.388+0330] {override.py:1930} INFO - Created Permission View: can read on DAG Run:dataset_alias_example_alias_consumer_with_no_taskflow
[2026-08-30T23:13:53.409+0330] {logging_mixin.py:190} INFO - [2026-08-30T23:13:53.408+0330] {override.py:1930} INFO - Created Permission View: can delete on DAG Run:dataset_alias_example_alias_consumer_with_no_taskflow
[2026-08-30T23:13:53.455+0330] {logging_mixin.py:190} INFO - [2026-08-30T23:13:53.454+0330] {override.py:1930} INFO - Created Permission View: can edit on DAG:dataset_alias_example_alias_producer_with_no_taskflow
[2026-08-30T23:13:53.481+0330] {logging_mixin.py:190} INFO - [2026-08-30T23:13:53.479+0330] {override.py:1930} INFO - Created Permission View: can read on DAG:dataset_alias_example_alias_producer_with_no_taskflow
[2026-08-30T23:13:53.509+0330] {logging_mixin.py:190} INFO - [2026-08-30T23:13:53.505+0330] {override.py:1930} INFO - Created Permission View: can delete on DAG:dataset_alias_example_alias_producer_with_no_taskflow
[2026-08-30T23:13:53.537+0330] {logging_mixin.py:190} INFO - [2026-08-30T23:13:53.537+0330] {override.py:1930} INFO - Created Permission View: menu access on DAG Run:dataset_alias_example_alias_producer_with_no_taskflow
[2026-08-30T23:13:53.560+0330] {logging_mixin.py:190} INFO - [2026-08-30T23:13:53.559+0330] {override.py:1930} INFO - Created Permission View: can create on DAG Run:dataset_alias_example_alias_producer_with_no_taskflow
[2026-08-30T23:13:53.588+0330] {logging_mixin.py:190} INFO - [2026-08-30T23:13:53.587+0330] {override.py:1930} INFO - Created Permission View: can read on DAG Run:dataset_alias_example_alias_producer_with_no_taskflow
[2026-08-30T23:13:53.613+0330] {logging_mixin.py:190} INFO - [2026-08-30T23:13:53.613+0330] {override.py:1930} INFO - Created Permission View: can delete on DAG Run:dataset_alias_example_alias_producer_with_no_taskflow
[2026-08-30T23:13:53.614+0330] {logging_mixin.py:190} INFO - [2026-08-30T23:13:53.614+0330] {dag.py:3239} INFO - Sync 4 DAGs
[2026-08-30T23:13:53.658+0330] {logging_mixin.py:190} INFO - [2026-08-30T23:13:53.657+0330] {dag.py:3262} INFO - Creating ORM DAG for dataset_alias_example_alias_producer_with_no_taskflow
[2026-08-30T23:13:53.660+0330] {logging_mixin.py:190} INFO - [2026-08-30T23:13:53.660+0330] {dag.py:3262} INFO - Creating ORM DAG for dataset_alias_example_alias_consumer_with_no_taskflow
[2026-08-30T23:13:53.662+0330] {logging_mixin.py:190} INFO - [2026-08-30T23:13:53.662+0330] {dag.py:3262} INFO - Creating ORM DAG for dataset_s3_bucket_producer_with_no_taskflow
[2026-08-30T23:13:53.664+0330] {logging_mixin.py:190} INFO - [2026-08-30T23:13:53.663+0330] {dag.py:3262} INFO - Creating ORM DAG for dataset_s3_bucket_consumer_with_no_taskflow
[2026-08-30T23:13:53.694+0330] {logging_mixin.py:190} INFO - [2026-08-30T23:13:53.694+0330] {dag.py:4180} INFO - Setting next_dagrun for dataset_alias_example_alias_consumer_with_no_taskflow to None, run_after=None
[2026-08-30T23:13:53.696+0330] {logging_mixin.py:190} INFO - [2026-08-30T23:13:53.696+0330] {dag.py:4180} INFO - Setting next_dagrun for dataset_alias_example_alias_producer_with_no_taskflow to None, run_after=None
[2026-08-30T23:13:53.698+0330] {logging_mixin.py:190} INFO - [2026-08-30T23:13:53.697+0330] {dag.py:4180} INFO - Setting next_dagrun for dataset_s3_bucket_consumer_with_no_taskflow to None, run_after=None
[2026-08-30T23:13:53.699+0330] {logging_mixin.py:190} INFO - [2026-08-30T23:13:53.699+0330] {dag.py:4180} INFO - Setting next_dagrun for dataset_s3_bucket_producer_with_no_taskflow to None, run_after=None
[2026-08-30T23:13:53.784+0330] {processor.py:208} INFO - Processing /home/mmirnezamina/de_final_project/airflowenv/lib/python3.10/site-packages/airflow/example_dags/example_dataset_alias_with_no_taskflow.py took 1.443 seconds
[2026-08-30T23:14:24.559+0330] {processor.py:186} INFO - Started process (PID=13322) to work on /home/mmirnezamina/de_final_project/airflowenv/lib/python3.10/site-packages/airflow/example_dags/example_dataset_alias_with_no_taskflow.py
[2026-08-30T23:14:24.560+0330] {processor.py:914} INFO - Processing file /home/mmirnezamina/de_final_project/airflowenv/lib/python3.10/site-packages/airflow/example_dags/example_dataset_alias_with_no_taskflow.py for tasks to queue
[2026-08-30T23:14:24.561+0330] {logging_mixin.py:190} INFO - [2026-08-30T23:14:24.561+0330] {dagbag.py:588} INFO - Filling up the DagBag from /home/mmirnezamina/de_final_project/airflowenv/lib/python3.10/site-packages/airflow/example_dags/example_dataset_alias_with_no_taskflow.py
[2026-08-30T23:14:24.603+0330] {processor.py:925} INFO - DAG(s) 'dataset_s3_bucket_producer_with_no_taskflow', 'dataset_alias_example_alias_consumer_with_no_taskflow', 'dataset_alias_example_alias_producer_with_no_taskflow', 'dataset_s3_bucket_consumer_with_no_taskflow' retrieved from /home/mmirnezamina/de_final_project/airflowenv/lib/python3.10/site-packages/airflow/example_dags/example_dataset_alias_with_no_taskflow.py
[2026-08-30T23:14:24.633+0330] {logging_mixin.py:190} INFO - [2026-08-30T23:14:24.633+0330] {dag.py:3239} INFO - Sync 4 DAGs
[2026-08-30T23:14:24.668+0330] {logging_mixin.py:190} INFO - [2026-08-30T23:14:24.668+0330] {dag.py:4180} INFO - Setting next_dagrun for dataset_alias_example_alias_consumer_with_no_taskflow to None, run_after=None
[2026-08-30T23:14:24.671+0330] {logging_mixin.py:190} INFO - [2026-08-30T23:14:24.671+0330] {dag.py:4180} INFO - Setting next_dagrun for dataset_alias_example_alias_producer_with_no_taskflow to None, run_after=None
[2026-08-30T23:14:24.673+0330] {logging_mixin.py:190} INFO - [2026-08-30T23:14:24.673+0330] {dag.py:4180} INFO - Setting next_dagrun for dataset_s3_bucket_consumer_with_no_taskflow to None, run_after=None
[2026-08-30T23:14:24.674+0330] {logging_mixin.py:190} INFO - [2026-08-30T23:14:24.674+0330] {dag.py:4180} INFO - Setting next_dagrun for dataset_s3_bucket_producer_with_no_taskflow to None, run_after=None
[2026-08-30T23:14:24.702+0330] {processor.py:208} INFO - Processing /home/mmirnezamina/de_final_project/airflowenv/lib/python3.10/site-packages/airflow/example_dags/example_dataset_alias_with_no_taskflow.py took 0.152 seconds
[2026-08-30T23:14:55.682+0330] {processor.py:186} INFO - Started process (PID=13439) to work on /home/mmirnezamina/de_final_project/airflowenv/lib/python3.10/site-packages/airflow/example_dags/example_dataset_alias_with_no_taskflow.py
[2026-08-30T23:14:55.700+0330] {processor.py:914} INFO - Processing file /home/mmirnezamina/de_final_project/airflowenv/lib/python3.10/site-packages/airflow/example_dags/example_dataset_alias_with_no_taskflow.py for tasks to queue
[2026-08-30T23:14:55.717+0330] {logging_mixin.py:190} INFO - [2026-08-30T23:14:55.715+0330] {dagbag.py:588} INFO - Filling up the DagBag from /home/mmirnezamina/de_final_project/airflowenv/lib/python3.10/site-packages/airflow/example_dags/example_dataset_alias_with_no_taskflow.py
[2026-08-30T23:14:55.987+0330] {processor.py:925} INFO - DAG(s) 'dataset_alias_example_alias_producer_with_no_taskflow', 'dataset_s3_bucket_producer_with_no_taskflow', 'dataset_s3_bucket_consumer_with_no_taskflow', 'dataset_alias_example_alias_consumer_with_no_taskflow' retrieved from /home/mmirnezamina/de_final_project/airflowenv/lib/python3.10/site-packages/airflow/example_dags/example_dataset_alias_with_no_taskflow.py
[2026-08-30T23:14:56.109+0330] {logging_mixin.py:190} INFO - [2026-08-30T23:14:56.108+0330] {dag.py:3239} INFO - Sync 4 DAGs
[2026-08-30T23:14:56.306+0330] {logging_mixin.py:190} INFO - [2026-08-30T23:14:56.301+0330] {dag.py:4180} INFO - Setting next_dagrun for dataset_alias_example_alias_consumer_with_no_taskflow to None, run_after=None
[2026-08-30T23:14:56.318+0330] {logging_mixin.py:190} INFO - [2026-08-30T23:14:56.317+0330] {dag.py:4180} INFO - Setting next_dagrun for dataset_alias_example_alias_producer_with_no_taskflow to None, run_after=None
[2026-08-30T23:14:56.325+0330] {logging_mixin.py:190} INFO - [2026-08-30T23:14:56.324+0330] {dag.py:4180} INFO - Setting next_dagrun for dataset_s3_bucket_consumer_with_no_taskflow to None, run_after=None
[2026-08-30T23:14:56.330+0330] {logging_mixin.py:190} INFO - [2026-08-30T23:14:56.329+0330] {dag.py:4180} INFO - Setting next_dagrun for dataset_s3_bucket_producer_with_no_taskflow to None, run_after=None
[2026-08-30T23:14:56.446+0330] {processor.py:208} INFO - Processing /home/mmirnezamina/de_final_project/airflowenv/lib/python3.10/site-packages/airflow/example_dags/example_dataset_alias_with_no_taskflow.py took 0.841 seconds
[2026-08-30T23:15:26.830+0330] {processor.py:186} INFO - Started process (PID=13560) to work on /home/mmirnezamina/de_final_project/airflowenv/lib/python3.10/site-packages/airflow/example_dags/example_dataset_alias_with_no_taskflow.py
[2026-08-30T23:15:26.833+0330] {processor.py:914} INFO - Processing file /home/mmirnezamina/de_final_project/airflowenv/lib/python3.10/site-packages/airflow/example_dags/example_dataset_alias_with_no_taskflow.py for tasks to queue
[2026-08-30T23:15:26.848+0330] {logging_mixin.py:190} INFO - [2026-08-30T23:15:26.846+0330] {dagbag.py:588} INFO - Filling up the DagBag from /home/mmirnezamina/de_final_project/airflowenv/lib/python3.10/site-packages/airflow/example_dags/example_dataset_alias_with_no_taskflow.py
[2026-08-30T23:15:27.087+0330] {processor.py:925} INFO - DAG(s) 'dataset_alias_example_alias_consumer_with_no_taskflow', 'dataset_s3_bucket_consumer_with_no_taskflow', 'dataset_s3_bucket_producer_with_no_taskflow', 'dataset_alias_example_alias_producer_with_no_taskflow' retrieved from /home/mmirnezamina/de_final_project/airflowenv/lib/python3.10/site-packages/airflow/example_dags/example_dataset_alias_with_no_taskflow.py
[2026-08-30T23:15:27.312+0330] {logging_mixin.py:190} INFO - [2026-08-30T23:15:27.311+0330] {dag.py:3239} INFO - Sync 4 DAGs
[2026-08-30T23:15:27.600+0330] {logging_mixin.py:190} INFO - [2026-08-30T23:15:27.597+0330] {dag.py:4180} INFO - Setting next_dagrun for dataset_alias_example_alias_consumer_with_no_taskflow to None, run_after=None
[2026-08-30T23:15:27.641+0330] {logging_mixin.py:190} INFO - [2026-08-30T23:15:27.640+0330] {dag.py:4180} INFO - Setting next_dagrun for dataset_alias_example_alias_producer_with_no_taskflow to None, run_after=None
[2026-08-30T23:15:27.650+0330] {logging_mixin.py:190} INFO - [2026-08-30T23:15:27.646+0330] {dag.py:4180} INFO - Setting next_dagrun for dataset_s3_bucket_consumer_with_no_taskflow to None, run_after=None
[2026-08-30T23:15:27.661+0330] {logging_mixin.py:190} INFO - [2026-08-30T23:15:27.660+0330] {dag.py:4180} INFO - Setting next_dagrun for dataset_s3_bucket_producer_with_no_taskflow to None, run_after=None
[2026-08-30T23:15:27.826+0330] {processor.py:208} INFO - Processing /home/mmirnezamina/de_final_project/airflowenv/lib/python3.10/site-packages/airflow/example_dags/example_dataset_alias_with_no_taskflow.py took 1.082 seconds
[2026-08-30T23:15:58.455+0330] {processor.py:186} INFO - Started process (PID=13679) to work on /home/mmirnezamina/de_final_project/airflowenv/lib/python3.10/site-packages/airflow/example_dags/example_dataset_alias_with_no_taskflow.py
[2026-08-30T23:15:58.457+0330] {processor.py:914} INFO - Processing file /home/mmirnezamina/de_final_project/airflowenv/lib/python3.10/site-packages/airflow/example_dags/example_dataset_alias_with_no_taskflow.py for tasks to queue
[2026-08-30T23:15:58.460+0330] {logging_mixin.py:190} INFO - [2026-08-30T23:15:58.460+0330] {dagbag.py:588} INFO - Filling up the DagBag from /home/mmirnezamina/de_final_project/airflowenv/lib/python3.10/site-packages/airflow/example_dags/example_dataset_alias_with_no_taskflow.py
[2026-08-30T23:15:58.542+0330] {processor.py:925} INFO - DAG(s) 'dataset_alias_example_alias_producer_with_no_taskflow', 'dataset_alias_example_alias_consumer_with_no_taskflow', 'dataset_s3_bucket_consumer_with_no_taskflow', 'dataset_s3_bucket_producer_with_no_taskflow' retrieved from /home/mmirnezamina/de_final_project/airflowenv/lib/python3.10/site-packages/airflow/example_dags/example_dataset_alias_with_no_taskflow.py
[2026-08-30T23:15:58.589+0330] {logging_mixin.py:190} INFO - [2026-08-30T23:15:58.589+0330] {dag.py:3239} INFO - Sync 4 DAGs
[2026-08-30T23:15:58.636+0330] {logging_mixin.py:190} INFO - [2026-08-30T23:15:58.636+0330] {dag.py:4180} INFO - Setting next_dagrun for dataset_alias_example_alias_consumer_with_no_taskflow to None, run_after=None
[2026-08-30T23:15:58.642+0330] {logging_mixin.py:190} INFO - [2026-08-30T23:15:58.642+0330] {dag.py:4180} INFO - Setting next_dagrun for dataset_alias_example_alias_producer_with_no_taskflow to None, run_after=None
[2026-08-30T23:15:58.645+0330] {logging_mixin.py:190} INFO - [2026-08-30T23:15:58.645+0330] {dag.py:4180} INFO - Setting next_dagrun for dataset_s3_bucket_consumer_with_no_taskflow to None, run_after=None
[2026-08-30T23:15:58.648+0330] {logging_mixin.py:190} INFO - [2026-08-30T23:15:58.648+0330] {dag.py:4180} INFO - Setting next_dagrun for dataset_s3_bucket_producer_with_no_taskflow to None, run_after=None
[2026-08-30T23:15:58.696+0330] {processor.py:208} INFO - Processing /home/mmirnezamina/de_final_project/airflowenv/lib/python3.10/site-packages/airflow/example_dags/example_dataset_alias_with_no_taskflow.py took 0.259 seconds
[2026-08-30T23:16:28.986+0330] {processor.py:186} INFO - Started process (PID=13797) to work on /home/mmirnezamina/de_final_project/airflowenv/lib/python3.10/site-packages/airflow/example_dags/example_dataset_alias_with_no_taskflow.py
[2026-08-30T23:16:28.987+0330] {processor.py:914} INFO - Processing file /home/mmirnezamina/de_final_project/airflowenv/lib/python3.10/site-packages/airflow/example_dags/example_dataset_alias_with_no_taskflow.py for tasks to queue
[2026-08-30T23:16:28.988+0330] {logging_mixin.py:190} INFO - [2026-08-30T23:16:28.988+0330] {dagbag.py:588} INFO - Filling up the DagBag from /home/mmirnezamina/de_final_project/airflowenv/lib/python3.10/site-packages/airflow/example_dags/example_dataset_alias_with_no_taskflow.py
[2026-08-30T23:16:29.029+0330] {processor.py:925} INFO - DAG(s) 'dataset_alias_example_alias_producer_with_no_taskflow', 'dataset_alias_example_alias_consumer_with_no_taskflow', 'dataset_s3_bucket_producer_with_no_taskflow', 'dataset_s3_bucket_consumer_with_no_taskflow' retrieved from /home/mmirnezamina/de_final_project/airflowenv/lib/python3.10/site-packages/airflow/example_dags/example_dataset_alias_with_no_taskflow.py
[2026-08-30T23:16:29.059+0330] {logging_mixin.py:190} INFO - [2026-08-30T23:16:29.058+0330] {dag.py:3239} INFO - Sync 4 DAGs
[2026-08-30T23:16:29.094+0330] {logging_mixin.py:190} INFO - [2026-08-30T23:16:29.094+0330] {dag.py:4180} INFO - Setting next_dagrun for dataset_alias_example_alias_consumer_with_no_taskflow to None, run_after=None
[2026-08-30T23:16:29.098+0330] {logging_mixin.py:190} INFO - [2026-08-30T23:16:29.097+0330] {dag.py:4180} INFO - Setting next_dagrun for dataset_alias_example_alias_producer_with_no_taskflow to None, run_after=None
[2026-08-30T23:16:29.099+0330] {logging_mixin.py:190} INFO - [2026-08-30T23:16:29.099+0330] {dag.py:4180} INFO - Setting next_dagrun for dataset_s3_bucket_consumer_with_no_taskflow to None, run_after=None
[2026-08-30T23:16:29.101+0330] {logging_mixin.py:190} INFO - [2026-08-30T23:16:29.101+0330] {dag.py:4180} INFO - Setting next_dagrun for dataset_s3_bucket_producer_with_no_taskflow to None, run_after=None
[2026-08-30T23:16:29.134+0330] {processor.py:208} INFO - Processing /home/mmirnezamina/de_final_project/airflowenv/lib/python3.10/site-packages/airflow/example_dags/example_dataset_alias_with_no_taskflow.py took 0.159 seconds
[2026-08-30T23:16:59.214+0330] {processor.py:186} INFO - Started process (PID=13958) to work on /home/mmirnezamina/de_final_project/airflowenv/lib/python3.10/site-packages/airflow/example_dags/example_dataset_alias_with_no_taskflow.py
[2026-08-30T23:16:59.216+0330] {processor.py:914} INFO - Processing file /home/mmirnezamina/de_final_project/airflowenv/lib/python3.10/site-packages/airflow/example_dags/example_dataset_alias_with_no_taskflow.py for tasks to queue
[2026-08-30T23:16:59.218+0330] {logging_mixin.py:190} INFO - [2026-08-30T23:16:59.218+0330] {dagbag.py:588} INFO - Filling up the DagBag from /home/mmirnezamina/de_final_project/airflowenv/lib/python3.10/site-packages/airflow/example_dags/example_dataset_alias_with_no_taskflow.py
[2026-08-30T23:16:59.266+0330] {processor.py:925} INFO - DAG(s) 'dataset_s3_bucket_consumer_with_no_taskflow', 'dataset_alias_example_alias_consumer_with_no_taskflow', 'dataset_alias_example_alias_producer_with_no_taskflow', 'dataset_s3_bucket_producer_with_no_taskflow' retrieved from /home/mmirnezamina/de_final_project/airflowenv/lib/python3.10/site-packages/airflow/example_dags/example_dataset_alias_with_no_taskflow.py
[2026-08-30T23:16:59.300+0330] {logging_mixin.py:190} INFO - [2026-08-30T23:16:59.299+0330] {dag.py:3239} INFO - Sync 4 DAGs
[2026-08-30T23:16:59.334+0330] {logging_mixin.py:190} INFO - [2026-08-30T23:16:59.333+0330] {dag.py:4180} INFO - Setting next_dagrun for dataset_alias_example_alias_consumer_with_no_taskflow to None, run_after=None
[2026-08-30T23:16:59.338+0330] {logging_mixin.py:190} INFO - [2026-08-30T23:16:59.338+0330] {dag.py:4180} INFO - Setting next_dagrun for dataset_alias_example_alias_producer_with_no_taskflow to None, run_after=None
[2026-08-30T23:16:59.340+0330] {logging_mixin.py:190} INFO - [2026-08-30T23:16:59.340+0330] {dag.py:4180} INFO - Setting next_dagrun for dataset_s3_bucket_consumer_with_no_taskflow to None, run_after=None
[2026-08-30T23:16:59.342+0330] {logging_mixin.py:190} INFO - [2026-08-30T23:16:59.342+0330] {dag.py:4180} INFO - Setting next_dagrun for dataset_s3_bucket_producer_with_no_taskflow to None, run_after=None
[2026-08-30T23:16:59.389+0330] {processor.py:208} INFO - Processing /home/mmirnezamina/de_final_project/airflowenv/lib/python3.10/site-packages/airflow/example_dags/example_dataset_alias_with_no_taskflow.py took 0.187 seconds
[2026-08-30T23:17:29.536+0330] {processor.py:186} INFO - Started process (PID=14090) to work on /home/mmirnezamina/de_final_project/airflowenv/lib/python3.10/site-packages/airflow/example_dags/example_dataset_alias_with_no_taskflow.py
[2026-08-30T23:17:29.539+0330] {processor.py:914} INFO - Processing file /home/mmirnezamina/de_final_project/airflowenv/lib/python3.10/site-packages/airflow/example_dags/example_dataset_alias_with_no_taskflow.py for tasks to queue
[2026-08-30T23:17:29.553+0330] {logging_mixin.py:190} INFO - [2026-08-30T23:17:29.551+0330] {dagbag.py:588} INFO - Filling up the DagBag from /home/mmirnezamina/de_final_project/airflowenv/lib/python3.10/site-packages/airflow/example_dags/example_dataset_alias_with_no_taskflow.py
[2026-08-30T23:17:29.718+0330] {processor.py:925} INFO - DAG(s) 'dataset_s3_bucket_producer_with_no_taskflow', 'dataset_s3_bucket_consumer_with_no_taskflow', 'dataset_alias_example_alias_producer_with_no_taskflow', 'dataset_alias_example_alias_consumer_with_no_taskflow' retrieved from /home/mmirnezamina/de_final_project/airflowenv/lib/python3.10/site-packages/airflow/example_dags/example_dataset_alias_with_no_taskflow.py
[2026-08-30T23:17:29.824+0330] {logging_mixin.py:190} INFO - [2026-08-30T23:17:29.823+0330] {dag.py:3239} INFO - Sync 4 DAGs
[2026-08-30T23:17:29.941+0330] {logging_mixin.py:190} INFO - [2026-08-30T23:17:29.940+0330] {dag.py:4180} INFO - Setting next_dagrun for dataset_alias_example_alias_consumer_with_no_taskflow to None, run_after=None
[2026-08-30T23:17:29.950+0330] {logging_mixin.py:190} INFO - [2026-08-30T23:17:29.949+0330] {dag.py:4180} INFO - Setting next_dagrun for dataset_alias_example_alias_producer_with_no_taskflow to None, run_after=None
[2026-08-30T23:17:29.959+0330] {logging_mixin.py:190} INFO - [2026-08-30T23:17:29.957+0330] {dag.py:4180} INFO - Setting next_dagrun for dataset_s3_bucket_consumer_with_no_taskflow to None, run_after=None
[2026-08-30T23:17:29.966+0330] {logging_mixin.py:190} INFO - [2026-08-30T23:17:29.965+0330] {dag.py:4180} INFO - Setting next_dagrun for dataset_s3_bucket_producer_with_no_taskflow to None, run_after=None
[2026-08-30T23:17:30.116+0330] {processor.py:208} INFO - Processing /home/mmirnezamina/de_final_project/airflowenv/lib/python3.10/site-packages/airflow/example_dags/example_dataset_alias_with_no_taskflow.py took 0.623 seconds
[2026-08-30T23:18:00.497+0330] {processor.py:186} INFO - Started process (PID=14209) to work on /home/mmirnezamina/de_final_project/airflowenv/lib/python3.10/site-packages/airflow/example_dags/example_dataset_alias_with_no_taskflow.py
[2026-08-30T23:18:00.499+0330] {processor.py:914} INFO - Processing file /home/mmirnezamina/de_final_project/airflowenv/lib/python3.10/site-packages/airflow/example_dags/example_dataset_alias_with_no_taskflow.py for tasks to queue
[2026-08-30T23:18:00.501+0330] {logging_mixin.py:190} INFO - [2026-08-30T23:18:00.501+0330] {dagbag.py:588} INFO - Filling up the DagBag from /home/mmirnezamina/de_final_project/airflowenv/lib/python3.10/site-packages/airflow/example_dags/example_dataset_alias_with_no_taskflow.py
[2026-08-30T23:18:00.547+0330] {processor.py:925} INFO - DAG(s) 'dataset_alias_example_alias_producer_with_no_taskflow', 'dataset_s3_bucket_producer_with_no_taskflow', 'dataset_alias_example_alias_consumer_with_no_taskflow', 'dataset_s3_bucket_consumer_with_no_taskflow' retrieved from /home/mmirnezamina/de_final_project/airflowenv/lib/python3.10/site-packages/airflow/example_dags/example_dataset_alias_with_no_taskflow.py
[2026-08-30T23:18:00.582+0330] {logging_mixin.py:190} INFO - [2026-08-30T23:18:00.582+0330] {dag.py:3239} INFO - Sync 4 DAGs
[2026-08-30T23:18:00.615+0330] {logging_mixin.py:190} INFO - [2026-08-30T23:18:00.615+0330] {dag.py:4180} INFO - Setting next_dagrun for dataset_alias_example_alias_consumer_with_no_taskflow to None, run_after=None
[2026-08-30T23:18:00.619+0330] {logging_mixin.py:190} INFO - [2026-08-30T23:18:00.619+0330] {dag.py:4180} INFO - Setting next_dagrun for dataset_alias_example_alias_producer_with_no_taskflow to None, run_after=None
[2026-08-30T23:18:00.622+0330] {logging_mixin.py:190} INFO - [2026-08-30T23:18:00.622+0330] {dag.py:4180} INFO - Setting next_dagrun for dataset_s3_bucket_consumer_with_no_taskflow to None, run_after=None
[2026-08-30T23:18:00.624+0330] {logging_mixin.py:190} INFO - [2026-08-30T23:18:00.624+0330] {dag.py:4180} INFO - Setting next_dagrun for dataset_s3_bucket_producer_with_no_taskflow to None, run_after=None
[2026-08-30T23:18:00.666+0330] {processor.py:208} INFO - Processing /home/mmirnezamina/de_final_project/airflowenv/lib/python3.10/site-packages/airflow/example_dags/example_dataset_alias_with_no_taskflow.py took 0.178 seconds
[2026-08-30T23:18:30.825+0330] {processor.py:186} INFO - Started process (PID=14327) to work on /home/mmirnezamina/de_final_project/airflowenv/lib/python3.10/site-packages/airflow/example_dags/example_dataset_alias_with_no_taskflow.py
[2026-08-30T23:18:30.826+0330] {processor.py:914} INFO - Processing file /home/mmirnezamina/de_final_project/airflowenv/lib/python3.10/site-packages/airflow/example_dags/example_dataset_alias_with_no_taskflow.py for tasks to queue
[2026-08-30T23:18:30.828+0330] {logging_mixin.py:190} INFO - [2026-08-30T23:18:30.828+0330] {dagbag.py:588} INFO - Filling up the DagBag from /home/mmirnezamina/de_final_project/airflowenv/lib/python3.10/site-packages/airflow/example_dags/example_dataset_alias_with_no_taskflow.py
[2026-08-30T23:18:30.941+0330] {processor.py:925} INFO - DAG(s) 'dataset_s3_bucket_producer_with_no_taskflow', 'dataset_alias_example_alias_producer_with_no_taskflow', 'dataset_s3_bucket_consumer_with_no_taskflow', 'dataset_alias_example_alias_consumer_with_no_taskflow' retrieved from /home/mmirnezamina/de_final_project/airflowenv/lib/python3.10/site-packages/airflow/example_dags/example_dataset_alias_with_no_taskflow.py
[2026-08-30T23:18:30.972+0330] {logging_mixin.py:190} INFO - [2026-08-30T23:18:30.972+0330] {dag.py:3239} INFO - Sync 4 DAGs
[2026-08-30T23:18:31.007+0330] {logging_mixin.py:190} INFO - [2026-08-30T23:18:31.007+0330] {dag.py:4180} INFO - Setting next_dagrun for dataset_alias_example_alias_consumer_with_no_taskflow to None, run_after=None
[2026-08-30T23:18:31.011+0330] {logging_mixin.py:190} INFO - [2026-08-30T23:18:31.010+0330] {dag.py:4180} INFO - Setting next_dagrun for dataset_alias_example_alias_producer_with_no_taskflow to None, run_after=None
[2026-08-30T23:18:31.012+0330] {logging_mixin.py:190} INFO - [2026-08-30T23:18:31.012+0330] {dag.py:4180} INFO - Setting next_dagrun for dataset_s3_bucket_consumer_with_no_taskflow to None, run_after=None
[2026-08-30T23:18:31.014+0330] {logging_mixin.py:190} INFO - [2026-08-30T23:18:31.014+0330] {dag.py:4180} INFO - Setting next_dagrun for dataset_s3_bucket_producer_with_no_taskflow to None, run_after=None
[2026-08-30T23:18:31.047+0330] {processor.py:208} INFO - Processing /home/mmirnezamina/de_final_project/airflowenv/lib/python3.10/site-packages/airflow/example_dags/example_dataset_alias_with_no_taskflow.py took 0.232 seconds
[2026-08-30T23:19:01.238+0330] {processor.py:186} INFO - Started process (PID=14446) to work on /home/mmirnezamina/de_final_project/airflowenv/lib/python3.10/site-packages/airflow/example_dags/example_dataset_alias_with_no_taskflow.py
[2026-08-30T23:19:01.240+0330] {processor.py:914} INFO - Processing file /home/mmirnezamina/de_final_project/airflowenv/lib/python3.10/site-packages/airflow/example_dags/example_dataset_alias_with_no_taskflow.py for tasks to queue
[2026-08-30T23:19:01.241+0330] {logging_mixin.py:190} INFO - [2026-08-30T23:19:01.241+0330] {dagbag.py:588} INFO - Filling up the DagBag from /home/mmirnezamina/de_final_project/airflowenv/lib/python3.10/site-packages/airflow/example_dags/example_dataset_alias_with_no_taskflow.py
[2026-08-30T23:19:01.299+0330] {processor.py:925} INFO - DAG(s) 'dataset_s3_bucket_producer_with_no_taskflow', 'dataset_alias_example_alias_consumer_with_no_taskflow', 'dataset_alias_example_alias_producer_with_no_taskflow', 'dataset_s3_bucket_consumer_with_no_taskflow' retrieved from /home/mmirnezamina/de_final_project/airflowenv/lib/python3.10/site-packages/airflow/example_dags/example_dataset_alias_with_no_taskflow.py
[2026-08-30T23:19:01.349+0330] {logging_mixin.py:190} INFO - [2026-08-30T23:19:01.349+0330] {dag.py:3239} INFO - Sync 4 DAGs
[2026-08-30T23:19:01.403+0330] {logging_mixin.py:190} INFO - [2026-08-30T23:19:01.402+0330] {dag.py:4180} INFO - Setting next_dagrun for dataset_alias_example_alias_consumer_with_no_taskflow to None, run_after=None
[2026-08-30T23:19:01.409+0330] {logging_mixin.py:190} INFO - [2026-08-30T23:19:01.409+0330] {dag.py:4180} INFO - Setting next_dagrun for dataset_alias_example_alias_producer_with_no_taskflow to None, run_after=None
[2026-08-30T23:19:01.412+0330] {logging_mixin.py:190} INFO - [2026-08-30T23:19:01.412+0330] {dag.py:4180} INFO - Setting next_dagrun for dataset_s3_bucket_consumer_with_no_taskflow to None, run_after=None
[2026-08-30T23:19:01.415+0330] {logging_mixin.py:190} INFO - [2026-08-30T23:19:01.414+0330] {dag.py:4180} INFO - Setting next_dagrun for dataset_s3_bucket_producer_with_no_taskflow to None, run_after=None
[2026-08-30T23:19:01.511+0330] {processor.py:208} INFO - Processing /home/mmirnezamina/de_final_project/airflowenv/lib/python3.10/site-packages/airflow/example_dags/example_dataset_alias_with_no_taskflow.py took 0.287 seconds
[2026-08-30T23:19:31.741+0330] {processor.py:186} INFO - Started process (PID=14564) to work on /home/mmirnezamina/de_final_project/airflowenv/lib/python3.10/site-packages/airflow/example_dags/example_dataset_alias_with_no_taskflow.py
[2026-08-30T23:19:31.742+0330] {processor.py:914} INFO - Processing file /home/mmirnezamina/de_final_project/airflowenv/lib/python3.10/site-packages/airflow/example_dags/example_dataset_alias_with_no_taskflow.py for tasks to queue
[2026-08-30T23:19:31.745+0330] {logging_mixin.py:190} INFO - [2026-08-30T23:19:31.744+0330] {dagbag.py:588} INFO - Filling up the DagBag from /home/mmirnezamina/de_final_project/airflowenv/lib/python3.10/site-packages/airflow/example_dags/example_dataset_alias_with_no_taskflow.py
[2026-08-30T23:19:31.783+0330] {processor.py:925} INFO - DAG(s) 'dataset_alias_example_alias_consumer_with_no_taskflow', 'dataset_alias_example_alias_producer_with_no_taskflow', 'dataset_s3_bucket_consumer_with_no_taskflow', 'dataset_s3_bucket_producer_with_no_taskflow' retrieved from /home/mmirnezamina/de_final_project/airflowenv/lib/python3.10/site-packages/airflow/example_dags/example_dataset_alias_with_no_taskflow.py
[2026-08-30T23:19:31.809+0330] {logging_mixin.py:190} INFO - [2026-08-30T23:19:31.809+0330] {dag.py:3239} INFO - Sync 4 DAGs
[2026-08-30T23:19:31.835+0330] {logging_mixin.py:190} INFO - [2026-08-30T23:19:31.835+0330] {dag.py:4180} INFO - Setting next_dagrun for dataset_alias_example_alias_consumer_with_no_taskflow to None, run_after=None
[2026-08-30T23:19:31.840+0330] {logging_mixin.py:190} INFO - [2026-08-30T23:19:31.840+0330] {dag.py:4180} INFO - Setting next_dagrun for dataset_alias_example_alias_producer_with_no_taskflow to None, run_after=None
[2026-08-30T23:19:31.843+0330] {logging_mixin.py:190} INFO - [2026-08-30T23:19:31.843+0330] {dag.py:4180} INFO - Setting next_dagrun for dataset_s3_bucket_consumer_with_no_taskflow to None, run_after=None
[2026-08-30T23:19:31.845+0330] {logging_mixin.py:190} INFO - [2026-08-30T23:19:31.845+0330] {dag.py:4180} INFO - Setting next_dagrun for dataset_s3_bucket_producer_with_no_taskflow to None, run_after=None
[2026-08-30T23:19:31.877+0330] {processor.py:208} INFO - Processing /home/mmirnezamina/de_final_project/airflowenv/lib/python3.10/site-packages/airflow/example_dags/example_dataset_alias_with_no_taskflow.py took 0.144 seconds
[2026-08-30T23:20:02.297+0330] {processor.py:186} INFO - Started process (PID=14683) to work on /home/mmirnezamina/de_final_project/airflowenv/lib/python3.10/site-packages/airflow/example_dags/example_dataset_alias_with_no_taskflow.py
[2026-08-30T23:20:02.298+0330] {processor.py:914} INFO - Processing file /home/mmirnezamina/de_final_project/airflowenv/lib/python3.10/site-packages/airflow/example_dags/example_dataset_alias_with_no_taskflow.py for tasks to queue
[2026-08-30T23:20:02.299+0330] {logging_mixin.py:190} INFO - [2026-08-30T23:20:02.299+0330] {dagbag.py:588} INFO - Filling up the DagBag from /home/mmirnezamina/de_final_project/airflowenv/lib/python3.10/site-packages/airflow/example_dags/example_dataset_alias_with_no_taskflow.py
[2026-08-30T23:20:02.333+0330] {processor.py:925} INFO - DAG(s) 'dataset_s3_bucket_consumer_with_no_taskflow', 'dataset_alias_example_alias_consumer_with_no_taskflow', 'dataset_alias_example_alias_producer_with_no_taskflow', 'dataset_s3_bucket_producer_with_no_taskflow' retrieved from /home/mmirnezamina/de_final_project/airflowenv/lib/python3.10/site-packages/airflow/example_dags/example_dataset_alias_with_no_taskflow.py
[2026-08-30T23:20:02.363+0330] {logging_mixin.py:190} INFO - [2026-08-30T23:20:02.362+0330] {dag.py:3239} INFO - Sync 4 DAGs
[2026-08-30T23:20:02.400+0330] {logging_mixin.py:190} INFO - [2026-08-30T23:20:02.400+0330] {dag.py:4180} INFO - Setting next_dagrun for dataset_alias_example_alias_consumer_with_no_taskflow to None, run_after=None
[2026-08-30T23:20:02.405+0330] {logging_mixin.py:190} INFO - [2026-08-30T23:20:02.405+0330] {dag.py:4180} INFO - Setting next_dagrun for dataset_alias_example_alias_producer_with_no_taskflow to None, run_after=None
[2026-08-30T23:20:02.407+0330] {logging_mixin.py:190} INFO - [2026-08-30T23:20:02.406+0330] {dag.py:4180} INFO - Setting next_dagrun for dataset_s3_bucket_consumer_with_no_taskflow to None, run_after=None
[2026-08-30T23:20:02.408+0330] {logging_mixin.py:190} INFO - [2026-08-30T23:20:02.408+0330] {dag.py:4180} INFO - Setting next_dagrun for dataset_s3_bucket_producer_with_no_taskflow to None, run_after=None
[2026-08-30T23:20:02.448+0330] {processor.py:208} INFO - Processing /home/mmirnezamina/de_final_project/airflowenv/lib/python3.10/site-packages/airflow/example_dags/example_dataset_alias_with_no_taskflow.py took 0.159 seconds
[2026-08-30T23:20:32.776+0330] {processor.py:186} INFO - Started process (PID=14805) to work on /home/mmirnezamina/de_final_project/airflowenv/lib/python3.10/site-packages/airflow/example_dags/example_dataset_alias_with_no_taskflow.py
[2026-08-30T23:20:32.778+0330] {processor.py:914} INFO - Processing file /home/mmirnezamina/de_final_project/airflowenv/lib/python3.10/site-packages/airflow/example_dags/example_dataset_alias_with_no_taskflow.py for tasks to queue
[2026-08-30T23:20:32.779+0330] {logging_mixin.py:190} INFO - [2026-08-30T23:20:32.779+0330] {dagbag.py:588} INFO - Filling up the DagBag from /home/mmirnezamina/de_final_project/airflowenv/lib/python3.10/site-packages/airflow/example_dags/example_dataset_alias_with_no_taskflow.py
[2026-08-30T23:20:32.815+0330] {processor.py:925} INFO - DAG(s) 'dataset_s3_bucket_consumer_with_no_taskflow', 'dataset_alias_example_alias_consumer_with_no_taskflow', 'dataset_s3_bucket_producer_with_no_taskflow', 'dataset_alias_example_alias_producer_with_no_taskflow' retrieved from /home/mmirnezamina/de_final_project/airflowenv/lib/python3.10/site-packages/airflow/example_dags/example_dataset_alias_with_no_taskflow.py
[2026-08-30T23:20:32.840+0330] {logging_mixin.py:190} INFO - [2026-08-30T23:20:32.839+0330] {dag.py:3239} INFO - Sync 4 DAGs
[2026-08-30T23:20:32.863+0330] {logging_mixin.py:190} INFO - [2026-08-30T23:20:32.863+0330] {dag.py:4180} INFO - Setting next_dagrun for dataset_alias_example_alias_consumer_with_no_taskflow to None, run_after=None
[2026-08-30T23:20:32.868+0330] {logging_mixin.py:190} INFO - [2026-08-30T23:20:32.868+0330] {dag.py:4180} INFO - Setting next_dagrun for dataset_alias_example_alias_producer_with_no_taskflow to None, run_after=None
[2026-08-30T23:20:32.869+0330] {logging_mixin.py:190} INFO - [2026-08-30T23:20:32.869+0330] {dag.py:4180} INFO - Setting next_dagrun for dataset_s3_bucket_consumer_with_no_taskflow to None, run_after=None
[2026-08-30T23:20:32.870+0330] {logging_mixin.py:190} INFO - [2026-08-30T23:20:32.870+0330] {dag.py:4180} INFO - Setting next_dagrun for dataset_s3_bucket_producer_with_no_taskflow to None, run_after=None
[2026-08-30T23:20:32.892+0330] {processor.py:208} INFO - Processing /home/mmirnezamina/de_final_project/airflowenv/lib/python3.10/site-packages/airflow/example_dags/example_dataset_alias_with_no_taskflow.py took 0.123 seconds
[2026-08-30T23:21:03.188+0330] {processor.py:186} INFO - Started process (PID=14925) to work on /home/mmirnezamina/de_final_project/airflowenv/lib/python3.10/site-packages/airflow/example_dags/example_dataset_alias_with_no_taskflow.py
[2026-08-30T23:21:03.189+0330] {processor.py:914} INFO - Processing file /home/mmirnezamina/de_final_project/airflowenv/lib/python3.10/site-packages/airflow/example_dags/example_dataset_alias_with_no_taskflow.py for tasks to queue
[2026-08-30T23:21:03.190+0330] {logging_mixin.py:190} INFO - [2026-08-30T23:21:03.190+0330] {dagbag.py:588} INFO - Filling up the DagBag from /home/mmirnezamina/de_final_project/airflowenv/lib/python3.10/site-packages/airflow/example_dags/example_dataset_alias_with_no_taskflow.py
[2026-08-30T23:21:03.221+0330] {processor.py:925} INFO - DAG(s) 'dataset_s3_bucket_consumer_with_no_taskflow', 'dataset_alias_example_alias_consumer_with_no_taskflow', 'dataset_s3_bucket_producer_with_no_taskflow', 'dataset_alias_example_alias_producer_with_no_taskflow' retrieved from /home/mmirnezamina/de_final_project/airflowenv/lib/python3.10/site-packages/airflow/example_dags/example_dataset_alias_with_no_taskflow.py
[2026-08-30T23:21:03.243+0330] {logging_mixin.py:190} INFO - [2026-08-30T23:21:03.243+0330] {dag.py:3239} INFO - Sync 4 DAGs
[2026-08-30T23:21:03.266+0330] {logging_mixin.py:190} INFO - [2026-08-30T23:21:03.265+0330] {dag.py:4180} INFO - Setting next_dagrun for dataset_alias_example_alias_consumer_with_no_taskflow to None, run_after=None
[2026-08-30T23:21:03.269+0330] {logging_mixin.py:190} INFO - [2026-08-30T23:21:03.268+0330] {dag.py:4180} INFO - Setting next_dagrun for dataset_alias_example_alias_producer_with_no_taskflow to None, run_after=None
[2026-08-30T23:21:03.270+0330] {logging_mixin.py:190} INFO - [2026-08-30T23:21:03.270+0330] {dag.py:4180} INFO - Setting next_dagrun for dataset_s3_bucket_consumer_with_no_taskflow to None, run_after=None
[2026-08-30T23:21:03.271+0330] {logging_mixin.py:190} INFO - [2026-08-30T23:21:03.271+0330] {dag.py:4180} INFO - Setting next_dagrun for dataset_s3_bucket_producer_with_no_taskflow to None, run_after=None
[2026-08-30T23:21:03.301+0330] {processor.py:208} INFO - Processing /home/mmirnezamina/de_final_project/airflowenv/lib/python3.10/site-packages/airflow/example_dags/example_dataset_alias_with_no_taskflow.py took 0.119 seconds
[2026-08-30T23:21:33.969+0330] {processor.py:186} INFO - Started process (PID=15042) to work on /home/mmirnezamina/de_final_project/airflowenv/lib/python3.10/site-packages/airflow/example_dags/example_dataset_alias_with_no_taskflow.py
[2026-08-30T23:21:33.971+0330] {processor.py:914} INFO - Processing file /home/mmirnezamina/de_final_project/airflowenv/lib/python3.10/site-packages/airflow/example_dags/example_dataset_alias_with_no_taskflow.py for tasks to queue
[2026-08-30T23:21:33.973+0330] {logging_mixin.py:190} INFO - [2026-08-30T23:21:33.973+0330] {dagbag.py:588} INFO - Filling up the DagBag from /home/mmirnezamina/de_final_project/airflowenv/lib/python3.10/site-packages/airflow/example_dags/example_dataset_alias_with_no_taskflow.py
[2026-08-30T23:21:34.014+0330] {processor.py:925} INFO - DAG(s) 'dataset_alias_example_alias_consumer_with_no_taskflow', 'dataset_alias_example_alias_producer_with_no_taskflow', 'dataset_s3_bucket_producer_with_no_taskflow', 'dataset_s3_bucket_consumer_with_no_taskflow' retrieved from /home/mmirnezamina/de_final_project/airflowenv/lib/python3.10/site-packages/airflow/example_dags/example_dataset_alias_with_no_taskflow.py
[2026-08-30T23:21:34.038+0330] {logging_mixin.py:190} INFO - [2026-08-30T23:21:34.037+0330] {dag.py:3239} INFO - Sync 4 DAGs
[2026-08-30T23:21:34.063+0330] {logging_mixin.py:190} INFO - [2026-08-30T23:21:34.063+0330] {dag.py:4180} INFO - Setting next_dagrun for dataset_alias_example_alias_consumer_with_no_taskflow to None, run_after=None
[2026-08-30T23:21:34.066+0330] {logging_mixin.py:190} INFO - [2026-08-30T23:21:34.066+0330] {dag.py:4180} INFO - Setting next_dagrun for dataset_alias_example_alias_producer_with_no_taskflow to None, run_after=None
[2026-08-30T23:21:34.067+0330] {logging_mixin.py:190} INFO - [2026-08-30T23:21:34.067+0330] {dag.py:4180} INFO - Setting next_dagrun for dataset_s3_bucket_consumer_with_no_taskflow to None, run_after=None
[2026-08-30T23:21:34.069+0330] {logging_mixin.py:190} INFO - [2026-08-30T23:21:34.069+0330] {dag.py:4180} INFO - Setting next_dagrun for dataset_s3_bucket_producer_with_no_taskflow to None, run_after=None
[2026-08-30T23:21:34.096+0330] {processor.py:208} INFO - Processing /home/mmirnezamina/de_final_project/airflowenv/lib/python3.10/site-packages/airflow/example_dags/example_dataset_alias_with_no_taskflow.py took 0.135 seconds
[2026-08-30T23:22:04.965+0330] {processor.py:186} INFO - Started process (PID=15163) to work on /home/mmirnezamina/de_final_project/airflowenv/lib/python3.10/site-packages/airflow/example_dags/example_dataset_alias_with_no_taskflow.py
[2026-08-30T23:22:04.966+0330] {processor.py:914} INFO - Processing file /home/mmirnezamina/de_final_project/airflowenv/lib/python3.10/site-packages/airflow/example_dags/example_dataset_alias_with_no_taskflow.py for tasks to queue
[2026-08-30T23:22:04.968+0330] {logging_mixin.py:190} INFO - [2026-08-30T23:22:04.967+0330] {dagbag.py:588} INFO - Filling up the DagBag from /home/mmirnezamina/de_final_project/airflowenv/lib/python3.10/site-packages/airflow/example_dags/example_dataset_alias_with_no_taskflow.py
[2026-08-30T23:22:05.001+0330] {processor.py:925} INFO - DAG(s) 'dataset_alias_example_alias_consumer_with_no_taskflow', 'dataset_alias_example_alias_producer_with_no_taskflow', 'dataset_s3_bucket_consumer_with_no_taskflow', 'dataset_s3_bucket_producer_with_no_taskflow' retrieved from /home/mmirnezamina/de_final_project/airflowenv/lib/python3.10/site-packages/airflow/example_dags/example_dataset_alias_with_no_taskflow.py
[2026-08-30T23:22:05.023+0330] {logging_mixin.py:190} INFO - [2026-08-30T23:22:05.023+0330] {dag.py:3239} INFO - Sync 4 DAGs
[2026-08-30T23:22:05.045+0330] {logging_mixin.py:190} INFO - [2026-08-30T23:22:05.045+0330] {dag.py:4180} INFO - Setting next_dagrun for dataset_alias_example_alias_consumer_with_no_taskflow to None, run_after=None
[2026-08-30T23:22:05.048+0330] {logging_mixin.py:190} INFO - [2026-08-30T23:22:05.048+0330] {dag.py:4180} INFO - Setting next_dagrun for dataset_alias_example_alias_producer_with_no_taskflow to None, run_after=None
[2026-08-30T23:22:05.050+0330] {logging_mixin.py:190} INFO - [2026-08-30T23:22:05.050+0330] {dag.py:4180} INFO - Setting next_dagrun for dataset_s3_bucket_consumer_with_no_taskflow to None, run_after=None
[2026-08-30T23:22:05.051+0330] {logging_mixin.py:190} INFO - [2026-08-30T23:22:05.051+0330] {dag.py:4180} INFO - Setting next_dagrun for dataset_s3_bucket_producer_with_no_taskflow to None, run_after=None
[2026-08-30T23:22:05.076+0330] {processor.py:208} INFO - Processing /home/mmirnezamina/de_final_project/airflowenv/lib/python3.10/site-packages/airflow/example_dags/example_dataset_alias_with_no_taskflow.py took 0.119 seconds
[2026-08-30T23:22:35.660+0330] {processor.py:186} INFO - Started process (PID=15280) to work on /home/mmirnezamina/de_final_project/airflowenv/lib/python3.10/site-packages/airflow/example_dags/example_dataset_alias_with_no_taskflow.py
[2026-08-30T23:22:35.661+0330] {processor.py:914} INFO - Processing file /home/mmirnezamina/de_final_project/airflowenv/lib/python3.10/site-packages/airflow/example_dags/example_dataset_alias_with_no_taskflow.py for tasks to queue
[2026-08-30T23:22:35.664+0330] {logging_mixin.py:190} INFO - [2026-08-30T23:22:35.663+0330] {dagbag.py:588} INFO - Filling up the DagBag from /home/mmirnezamina/de_final_project/airflowenv/lib/python3.10/site-packages/airflow/example_dags/example_dataset_alias_with_no_taskflow.py
[2026-08-30T23:22:35.710+0330] {processor.py:925} INFO - DAG(s) 'dataset_s3_bucket_producer_with_no_taskflow', 'dataset_s3_bucket_consumer_with_no_taskflow', 'dataset_alias_example_alias_consumer_with_no_taskflow', 'dataset_alias_example_alias_producer_with_no_taskflow' retrieved from /home/mmirnezamina/de_final_project/airflowenv/lib/python3.10/site-packages/airflow/example_dags/example_dataset_alias_with_no_taskflow.py
[2026-08-30T23:22:35.740+0330] {logging_mixin.py:190} INFO - [2026-08-30T23:22:35.739+0330] {dag.py:3239} INFO - Sync 4 DAGs
[2026-08-30T23:22:35.777+0330] {logging_mixin.py:190} INFO - [2026-08-30T23:22:35.776+0330] {dag.py:4180} INFO - Setting next_dagrun for dataset_alias_example_alias_consumer_with_no_taskflow to None, run_after=None
[2026-08-30T23:22:35.781+0330] {logging_mixin.py:190} INFO - [2026-08-30T23:22:35.781+0330] {dag.py:4180} INFO - Setting next_dagrun for dataset_alias_example_alias_producer_with_no_taskflow to None, run_after=None
[2026-08-30T23:22:35.786+0330] {logging_mixin.py:190} INFO - [2026-08-30T23:22:35.785+0330] {dag.py:4180} INFO - Setting next_dagrun for dataset_s3_bucket_consumer_with_no_taskflow to None, run_after=None
[2026-08-30T23:22:35.789+0330] {logging_mixin.py:190} INFO - [2026-08-30T23:22:35.788+0330] {dag.py:4180} INFO - Setting next_dagrun for dataset_s3_bucket_producer_with_no_taskflow to None, run_after=None
[2026-08-30T23:22:35.832+0330] {processor.py:208} INFO - Processing /home/mmirnezamina/de_final_project/airflowenv/lib/python3.10/site-packages/airflow/example_dags/example_dataset_alias_with_no_taskflow.py took 0.181 seconds
[2026-08-30T23:23:06.055+0330] {processor.py:186} INFO - Started process (PID=15400) to work on /home/mmirnezamina/de_final_project/airflowenv/lib/python3.10/site-packages/airflow/example_dags/example_dataset_alias_with_no_taskflow.py
[2026-08-30T23:23:06.057+0330] {processor.py:914} INFO - Processing file /home/mmirnezamina/de_final_project/airflowenv/lib/python3.10/site-packages/airflow/example_dags/example_dataset_alias_with_no_taskflow.py for tasks to queue
[2026-08-30T23:23:06.060+0330] {logging_mixin.py:190} INFO - [2026-08-30T23:23:06.059+0330] {dagbag.py:588} INFO - Filling up the DagBag from /home/mmirnezamina/de_final_project/airflowenv/lib/python3.10/site-packages/airflow/example_dags/example_dataset_alias_with_no_taskflow.py
[2026-08-30T23:23:06.160+0330] {processor.py:925} INFO - DAG(s) 'dataset_s3_bucket_producer_with_no_taskflow', 'dataset_s3_bucket_consumer_with_no_taskflow', 'dataset_alias_example_alias_producer_with_no_taskflow', 'dataset_alias_example_alias_consumer_with_no_taskflow' retrieved from /home/mmirnezamina/de_final_project/airflowenv/lib/python3.10/site-packages/airflow/example_dags/example_dataset_alias_with_no_taskflow.py
[2026-08-30T23:23:06.257+0330] {logging_mixin.py:190} INFO - [2026-08-30T23:23:06.256+0330] {dag.py:3239} INFO - Sync 4 DAGs
[2026-08-30T23:23:06.329+0330] {logging_mixin.py:190} INFO - [2026-08-30T23:23:06.328+0330] {dag.py:4180} INFO - Setting next_dagrun for dataset_alias_example_alias_consumer_with_no_taskflow to None, run_after=None
[2026-08-30T23:23:06.337+0330] {logging_mixin.py:190} INFO - [2026-08-30T23:23:06.336+0330] {dag.py:4180} INFO - Setting next_dagrun for dataset_alias_example_alias_producer_with_no_taskflow to None, run_after=None
[2026-08-30T23:23:06.341+0330] {logging_mixin.py:190} INFO - [2026-08-30T23:23:06.340+0330] {dag.py:4180} INFO - Setting next_dagrun for dataset_s3_bucket_consumer_with_no_taskflow to None, run_after=None
[2026-08-30T23:23:06.344+0330] {logging_mixin.py:190} INFO - [2026-08-30T23:23:06.343+0330] {dag.py:4180} INFO - Setting next_dagrun for dataset_s3_bucket_producer_with_no_taskflow to None, run_after=None
[2026-08-30T23:23:06.406+0330] {processor.py:208} INFO - Processing /home/mmirnezamina/de_final_project/airflowenv/lib/python3.10/site-packages/airflow/example_dags/example_dataset_alias_with_no_taskflow.py took 0.373 seconds
[2026-08-30T23:23:36.493+0330] {processor.py:186} INFO - Started process (PID=15518) to work on /home/mmirnezamina/de_final_project/airflowenv/lib/python3.10/site-packages/airflow/example_dags/example_dataset_alias_with_no_taskflow.py
[2026-08-30T23:23:36.494+0330] {processor.py:914} INFO - Processing file /home/mmirnezamina/de_final_project/airflowenv/lib/python3.10/site-packages/airflow/example_dags/example_dataset_alias_with_no_taskflow.py for tasks to queue
[2026-08-30T23:23:36.495+0330] {logging_mixin.py:190} INFO - [2026-08-30T23:23:36.495+0330] {dagbag.py:588} INFO - Filling up the DagBag from /home/mmirnezamina/de_final_project/airflowenv/lib/python3.10/site-packages/airflow/example_dags/example_dataset_alias_with_no_taskflow.py
[2026-08-30T23:23:36.523+0330] {processor.py:925} INFO - DAG(s) 'dataset_s3_bucket_consumer_with_no_taskflow', 'dataset_alias_example_alias_producer_with_no_taskflow', 'dataset_alias_example_alias_consumer_with_no_taskflow', 'dataset_s3_bucket_producer_with_no_taskflow' retrieved from /home/mmirnezamina/de_final_project/airflowenv/lib/python3.10/site-packages/airflow/example_dags/example_dataset_alias_with_no_taskflow.py
[2026-08-30T23:23:36.545+0330] {logging_mixin.py:190} INFO - [2026-08-30T23:23:36.545+0330] {dag.py:3239} INFO - Sync 4 DAGs
[2026-08-30T23:23:36.566+0330] {logging_mixin.py:190} INFO - [2026-08-30T23:23:36.566+0330] {dag.py:4180} INFO - Setting next_dagrun for dataset_alias_example_alias_consumer_with_no_taskflow to None, run_after=None
[2026-08-30T23:23:36.569+0330] {logging_mixin.py:190} INFO - [2026-08-30T23:23:36.569+0330] {dag.py:4180} INFO - Setting next_dagrun for dataset_alias_example_alias_producer_with_no_taskflow to None, run_after=None
[2026-08-30T23:23:36.570+0330] {logging_mixin.py:190} INFO - [2026-08-30T23:23:36.570+0330] {dag.py:4180} INFO - Setting next_dagrun for dataset_s3_bucket_consumer_with_no_taskflow to None, run_after=None
[2026-08-30T23:23:36.571+0330] {logging_mixin.py:190} INFO - [2026-08-30T23:23:36.571+0330] {dag.py:4180} INFO - Setting next_dagrun for dataset_s3_bucket_producer_with_no_taskflow to None, run_after=None
[2026-08-30T23:23:36.599+0330] {processor.py:208} INFO - Processing /home/mmirnezamina/de_final_project/airflowenv/lib/python3.10/site-packages/airflow/example_dags/example_dataset_alias_with_no_taskflow.py took 0.114 seconds
[2026-08-30T23:24:06.643+0330] {processor.py:186} INFO - Started process (PID=15636) to work on /home/mmirnezamina/de_final_project/airflowenv/lib/python3.10/site-packages/airflow/example_dags/example_dataset_alias_with_no_taskflow.py
[2026-08-30T23:24:06.644+0330] {processor.py:914} INFO - Processing file /home/mmirnezamina/de_final_project/airflowenv/lib/python3.10/site-packages/airflow/example_dags/example_dataset_alias_with_no_taskflow.py for tasks to queue
[2026-08-30T23:24:06.645+0330] {logging_mixin.py:190} INFO - [2026-08-30T23:24:06.645+0330] {dagbag.py:588} INFO - Filling up the DagBag from /home/mmirnezamina/de_final_project/airflowenv/lib/python3.10/site-packages/airflow/example_dags/example_dataset_alias_with_no_taskflow.py
[2026-08-30T23:24:06.684+0330] {processor.py:925} INFO - DAG(s) 'dataset_alias_example_alias_consumer_with_no_taskflow', 'dataset_alias_example_alias_producer_with_no_taskflow', 'dataset_s3_bucket_producer_with_no_taskflow', 'dataset_s3_bucket_consumer_with_no_taskflow' retrieved from /home/mmirnezamina/de_final_project/airflowenv/lib/python3.10/site-packages/airflow/example_dags/example_dataset_alias_with_no_taskflow.py
[2026-08-30T23:24:06.714+0330] {logging_mixin.py:190} INFO - [2026-08-30T23:24:06.713+0330] {dag.py:3239} INFO - Sync 4 DAGs
[2026-08-30T23:24:06.733+0330] {logging_mixin.py:190} INFO - [2026-08-30T23:24:06.732+0330] {dag.py:4180} INFO - Setting next_dagrun for dataset_alias_example_alias_consumer_with_no_taskflow to None, run_after=None
[2026-08-30T23:24:06.735+0330] {logging_mixin.py:190} INFO - [2026-08-30T23:24:06.734+0330] {dag.py:4180} INFO - Setting next_dagrun for dataset_alias_example_alias_producer_with_no_taskflow to None, run_after=None
[2026-08-30T23:24:06.736+0330] {logging_mixin.py:190} INFO - [2026-08-30T23:24:06.736+0330] {dag.py:4180} INFO - Setting next_dagrun for dataset_s3_bucket_consumer_with_no_taskflow to None, run_after=None
[2026-08-30T23:24:06.737+0330] {logging_mixin.py:190} INFO - [2026-08-30T23:24:06.736+0330] {dag.py:4180} INFO - Setting next_dagrun for dataset_s3_bucket_producer_with_no_taskflow to None, run_after=None
[2026-08-30T23:24:06.758+0330] {processor.py:208} INFO - Processing /home/mmirnezamina/de_final_project/airflowenv/lib/python3.10/site-packages/airflow/example_dags/example_dataset_alias_with_no_taskflow.py took 0.122 seconds
[2026-08-30T23:24:36.862+0330] {processor.py:186} INFO - Started process (PID=15753) to work on /home/mmirnezamina/de_final_project/airflowenv/lib/python3.10/site-packages/airflow/example_dags/example_dataset_alias_with_no_taskflow.py
[2026-08-30T23:24:36.863+0330] {processor.py:914} INFO - Processing file /home/mmirnezamina/de_final_project/airflowenv/lib/python3.10/site-packages/airflow/example_dags/example_dataset_alias_with_no_taskflow.py for tasks to queue
[2026-08-30T23:24:36.864+0330] {logging_mixin.py:190} INFO - [2026-08-30T23:24:36.864+0330] {dagbag.py:588} INFO - Filling up the DagBag from /home/mmirnezamina/de_final_project/airflowenv/lib/python3.10/site-packages/airflow/example_dags/example_dataset_alias_with_no_taskflow.py
[2026-08-30T23:24:36.899+0330] {processor.py:925} INFO - DAG(s) 'dataset_s3_bucket_consumer_with_no_taskflow', 'dataset_s3_bucket_producer_with_no_taskflow', 'dataset_alias_example_alias_producer_with_no_taskflow', 'dataset_alias_example_alias_consumer_with_no_taskflow' retrieved from /home/mmirnezamina/de_final_project/airflowenv/lib/python3.10/site-packages/airflow/example_dags/example_dataset_alias_with_no_taskflow.py
[2026-08-30T23:24:36.923+0330] {logging_mixin.py:190} INFO - [2026-08-30T23:24:36.923+0330] {dag.py:3239} INFO - Sync 4 DAGs
[2026-08-30T23:24:36.948+0330] {logging_mixin.py:190} INFO - [2026-08-30T23:24:36.948+0330] {dag.py:4180} INFO - Setting next_dagrun for dataset_alias_example_alias_consumer_with_no_taskflow to None, run_after=None
[2026-08-30T23:24:36.951+0330] {logging_mixin.py:190} INFO - [2026-08-30T23:24:36.950+0330] {dag.py:4180} INFO - Setting next_dagrun for dataset_alias_example_alias_producer_with_no_taskflow to None, run_after=None
[2026-08-30T23:24:36.952+0330] {logging_mixin.py:190} INFO - [2026-08-30T23:24:36.952+0330] {dag.py:4180} INFO - Setting next_dagrun for dataset_s3_bucket_consumer_with_no_taskflow to None, run_after=None
[2026-08-30T23:24:36.954+0330] {logging_mixin.py:190} INFO - [2026-08-30T23:24:36.954+0330] {dag.py:4180} INFO - Setting next_dagrun for dataset_s3_bucket_producer_with_no_taskflow to None, run_after=None
[2026-08-30T23:24:36.988+0330] {processor.py:208} INFO - Processing /home/mmirnezamina/de_final_project/airflowenv/lib/python3.10/site-packages/airflow/example_dags/example_dataset_alias_with_no_taskflow.py took 0.134 seconds
[2026-08-30T23:25:07.325+0330] {processor.py:186} INFO - Started process (PID=15899) to work on /home/mmirnezamina/de_final_project/airflowenv/lib/python3.10/site-packages/airflow/example_dags/example_dataset_alias_with_no_taskflow.py
[2026-08-30T23:25:07.326+0330] {processor.py:914} INFO - Processing file /home/mmirnezamina/de_final_project/airflowenv/lib/python3.10/site-packages/airflow/example_dags/example_dataset_alias_with_no_taskflow.py for tasks to queue
[2026-08-30T23:25:07.328+0330] {logging_mixin.py:190} INFO - [2026-08-30T23:25:07.328+0330] {dagbag.py:588} INFO - Filling up the DagBag from /home/mmirnezamina/de_final_project/airflowenv/lib/python3.10/site-packages/airflow/example_dags/example_dataset_alias_with_no_taskflow.py
[2026-08-30T23:25:07.368+0330] {processor.py:925} INFO - DAG(s) 'dataset_alias_example_alias_consumer_with_no_taskflow', 'dataset_s3_bucket_producer_with_no_taskflow', 'dataset_s3_bucket_consumer_with_no_taskflow', 'dataset_alias_example_alias_producer_with_no_taskflow' retrieved from /home/mmirnezamina/de_final_project/airflowenv/lib/python3.10/site-packages/airflow/example_dags/example_dataset_alias_with_no_taskflow.py
[2026-08-30T23:25:07.397+0330] {logging_mixin.py:190} INFO - [2026-08-30T23:25:07.397+0330] {dag.py:3239} INFO - Sync 4 DAGs
[2026-08-30T23:25:07.427+0330] {logging_mixin.py:190} INFO - [2026-08-30T23:25:07.427+0330] {dag.py:4180} INFO - Setting next_dagrun for dataset_alias_example_alias_consumer_with_no_taskflow to None, run_after=None
[2026-08-30T23:25:07.431+0330] {logging_mixin.py:190} INFO - [2026-08-30T23:25:07.430+0330] {dag.py:4180} INFO - Setting next_dagrun for dataset_alias_example_alias_producer_with_no_taskflow to None, run_after=None
[2026-08-30T23:25:07.433+0330] {logging_mixin.py:190} INFO - [2026-08-30T23:25:07.433+0330] {dag.py:4180} INFO - Setting next_dagrun for dataset_s3_bucket_consumer_with_no_taskflow to None, run_after=None
[2026-08-30T23:25:07.434+0330] {logging_mixin.py:190} INFO - [2026-08-30T23:25:07.434+0330] {dag.py:4180} INFO - Setting next_dagrun for dataset_s3_bucket_producer_with_no_taskflow to None, run_after=None
[2026-08-30T23:25:07.467+0330] {processor.py:208} INFO - Processing /home/mmirnezamina/de_final_project/airflowenv/lib/python3.10/site-packages/airflow/example_dags/example_dataset_alias_with_no_taskflow.py took 0.151 seconds
[2026-08-30T23:25:37.781+0330] {processor.py:186} INFO - Started process (PID=16038) to work on /home/mmirnezamina/de_final_project/airflowenv/lib/python3.10/site-packages/airflow/example_dags/example_dataset_alias_with_no_taskflow.py
[2026-08-30T23:25:37.783+0330] {processor.py:914} INFO - Processing file /home/mmirnezamina/de_final_project/airflowenv/lib/python3.10/site-packages/airflow/example_dags/example_dataset_alias_with_no_taskflow.py for tasks to queue
[2026-08-30T23:25:37.785+0330] {logging_mixin.py:190} INFO - [2026-08-30T23:25:37.784+0330] {dagbag.py:588} INFO - Filling up the DagBag from /home/mmirnezamina/de_final_project/airflowenv/lib/python3.10/site-packages/airflow/example_dags/example_dataset_alias_with_no_taskflow.py
[2026-08-30T23:25:37.827+0330] {processor.py:925} INFO - DAG(s) 'dataset_s3_bucket_consumer_with_no_taskflow', 'dataset_s3_bucket_producer_with_no_taskflow', 'dataset_alias_example_alias_producer_with_no_taskflow', 'dataset_alias_example_alias_consumer_with_no_taskflow' retrieved from /home/mmirnezamina/de_final_project/airflowenv/lib/python3.10/site-packages/airflow/example_dags/example_dataset_alias_with_no_taskflow.py
[2026-08-30T23:25:37.858+0330] {logging_mixin.py:190} INFO - [2026-08-30T23:25:37.858+0330] {dag.py:3239} INFO - Sync 4 DAGs
[2026-08-30T23:25:37.891+0330] {logging_mixin.py:190} INFO - [2026-08-30T23:25:37.890+0330] {dag.py:4180} INFO - Setting next_dagrun for dataset_alias_example_alias_consumer_with_no_taskflow to None, run_after=None
[2026-08-30T23:25:37.895+0330] {logging_mixin.py:190} INFO - [2026-08-30T23:25:37.894+0330] {dag.py:4180} INFO - Setting next_dagrun for dataset_alias_example_alias_producer_with_no_taskflow to None, run_after=None
[2026-08-30T23:25:37.896+0330] {logging_mixin.py:190} INFO - [2026-08-30T23:25:37.896+0330] {dag.py:4180} INFO - Setting next_dagrun for dataset_s3_bucket_consumer_with_no_taskflow to None, run_after=None
[2026-08-30T23:25:37.897+0330] {logging_mixin.py:190} INFO - [2026-08-30T23:25:37.897+0330] {dag.py:4180} INFO - Setting next_dagrun for dataset_s3_bucket_producer_with_no_taskflow to None, run_after=None
[2026-08-30T23:25:37.938+0330] {processor.py:208} INFO - Processing /home/mmirnezamina/de_final_project/airflowenv/lib/python3.10/site-packages/airflow/example_dags/example_dataset_alias_with_no_taskflow.py took 0.168 seconds
[2026-08-30T23:26:08.166+0330] {processor.py:186} INFO - Started process (PID=16156) to work on /home/mmirnezamina/de_final_project/airflowenv/lib/python3.10/site-packages/airflow/example_dags/example_dataset_alias_with_no_taskflow.py
[2026-08-30T23:26:08.167+0330] {processor.py:914} INFO - Processing file /home/mmirnezamina/de_final_project/airflowenv/lib/python3.10/site-packages/airflow/example_dags/example_dataset_alias_with_no_taskflow.py for tasks to queue
[2026-08-30T23:26:08.169+0330] {logging_mixin.py:190} INFO - [2026-08-30T23:26:08.168+0330] {dagbag.py:588} INFO - Filling up the DagBag from /home/mmirnezamina/de_final_project/airflowenv/lib/python3.10/site-packages/airflow/example_dags/example_dataset_alias_with_no_taskflow.py
[2026-08-30T23:26:08.213+0330] {processor.py:925} INFO - DAG(s) 'dataset_s3_bucket_producer_with_no_taskflow', 'dataset_s3_bucket_consumer_with_no_taskflow', 'dataset_alias_example_alias_consumer_with_no_taskflow', 'dataset_alias_example_alias_producer_with_no_taskflow' retrieved from /home/mmirnezamina/de_final_project/airflowenv/lib/python3.10/site-packages/airflow/example_dags/example_dataset_alias_with_no_taskflow.py
[2026-08-30T23:26:08.247+0330] {logging_mixin.py:190} INFO - [2026-08-30T23:26:08.247+0330] {dag.py:3239} INFO - Sync 4 DAGs
[2026-08-30T23:26:08.281+0330] {logging_mixin.py:190} INFO - [2026-08-30T23:26:08.281+0330] {dag.py:4180} INFO - Setting next_dagrun for dataset_alias_example_alias_consumer_with_no_taskflow to None, run_after=None
[2026-08-30T23:26:08.285+0330] {logging_mixin.py:190} INFO - [2026-08-30T23:26:08.285+0330] {dag.py:4180} INFO - Setting next_dagrun for dataset_alias_example_alias_producer_with_no_taskflow to None, run_after=None
[2026-08-30T23:26:08.286+0330] {logging_mixin.py:190} INFO - [2026-08-30T23:26:08.286+0330] {dag.py:4180} INFO - Setting next_dagrun for dataset_s3_bucket_consumer_with_no_taskflow to None, run_after=None
[2026-08-30T23:26:08.288+0330] {logging_mixin.py:190} INFO - [2026-08-30T23:26:08.288+0330] {dag.py:4180} INFO - Setting next_dagrun for dataset_s3_bucket_producer_with_no_taskflow to None, run_after=None
[2026-08-30T23:26:08.322+0330] {processor.py:208} INFO - Processing /home/mmirnezamina/de_final_project/airflowenv/lib/python3.10/site-packages/airflow/example_dags/example_dataset_alias_with_no_taskflow.py took 0.167 seconds
[2026-08-30T23:26:38.425+0330] {processor.py:186} INFO - Started process (PID=16275) to work on /home/mmirnezamina/de_final_project/airflowenv/lib/python3.10/site-packages/airflow/example_dags/example_dataset_alias_with_no_taskflow.py
[2026-08-30T23:26:38.426+0330] {processor.py:914} INFO - Processing file /home/mmirnezamina/de_final_project/airflowenv/lib/python3.10/site-packages/airflow/example_dags/example_dataset_alias_with_no_taskflow.py for tasks to queue
[2026-08-30T23:26:38.427+0330] {logging_mixin.py:190} INFO - [2026-08-30T23:26:38.427+0330] {dagbag.py:588} INFO - Filling up the DagBag from /home/mmirnezamina/de_final_project/airflowenv/lib/python3.10/site-packages/airflow/example_dags/example_dataset_alias_with_no_taskflow.py
[2026-08-30T23:26:38.464+0330] {processor.py:925} INFO - DAG(s) 'dataset_alias_example_alias_consumer_with_no_taskflow', 'dataset_s3_bucket_consumer_with_no_taskflow', 'dataset_s3_bucket_producer_with_no_taskflow', 'dataset_alias_example_alias_producer_with_no_taskflow' retrieved from /home/mmirnezamina/de_final_project/airflowenv/lib/python3.10/site-packages/airflow/example_dags/example_dataset_alias_with_no_taskflow.py
[2026-08-30T23:26:38.488+0330] {logging_mixin.py:190} INFO - [2026-08-30T23:26:38.488+0330] {dag.py:3239} INFO - Sync 4 DAGs
[2026-08-30T23:26:38.513+0330] {logging_mixin.py:190} INFO - [2026-08-30T23:26:38.512+0330] {dag.py:4180} INFO - Setting next_dagrun for dataset_alias_example_alias_consumer_with_no_taskflow to None, run_after=None
[2026-08-30T23:26:38.515+0330] {logging_mixin.py:190} INFO - [2026-08-30T23:26:38.515+0330] {dag.py:4180} INFO - Setting next_dagrun for dataset_alias_example_alias_producer_with_no_taskflow to None, run_after=None
[2026-08-30T23:26:38.517+0330] {logging_mixin.py:190} INFO - [2026-08-30T23:26:38.516+0330] {dag.py:4180} INFO - Setting next_dagrun for dataset_s3_bucket_consumer_with_no_taskflow to None, run_after=None
[2026-08-30T23:26:38.518+0330] {logging_mixin.py:190} INFO - [2026-08-30T23:26:38.518+0330] {dag.py:4180} INFO - Setting next_dagrun for dataset_s3_bucket_producer_with_no_taskflow to None, run_after=None
[2026-08-30T23:26:38.544+0330] {processor.py:208} INFO - Processing /home/mmirnezamina/de_final_project/airflowenv/lib/python3.10/site-packages/airflow/example_dags/example_dataset_alias_with_no_taskflow.py took 0.128 seconds
