[2026-08-30T23:13:42.818+0330] {processor.py:186} INFO - Started process (PID=13152) to work on /home/mmirnezamina/de_final_project/airflowenv/lib/python3.10/site-packages/airflow/example_dags/example_setup_teardown_taskflow.py
[2026-08-30T23:13:42.820+0330] {processor.py:914} INFO - Processing file /home/mmirnezamina/de_final_project/airflowenv/lib/python3.10/site-packages/airflow/example_dags/example_setup_teardown_taskflow.py for tasks to queue
[2026-08-30T23:13:42.823+0330] {logging_mixin.py:190} INFO - [2026-08-30T23:13:42.823+0330] {dagbag.py:588} INFO - Filling up the DagBag from /home/mmirnezamina/de_final_project/airflowenv/lib/python3.10/site-packages/airflow/example_dags/example_setup_teardown_taskflow.py
[2026-08-30T23:13:42.853+0330] {processor.py:925} INFO - DAG(s) 'example_setup_teardown_taskflow' retrieved from /home/mmirnezamina/de_final_project/airflowenv/lib/python3.10/site-packages/airflow/example_dags/example_setup_teardown_taskflow.py
[2026-08-30T23:13:43.180+0330] {logging_mixin.py:190} INFO - [2026-08-30T23:13:43.177+0330] {override.py:1930} INFO - Created Permission View: can edit on DAG:example_setup_teardown_taskflow
[2026-08-30T23:13:43.213+0330] {logging_mixin.py:190} INFO - [2026-08-30T23:13:43.212+0330] {override.py:1930} INFO - Created Permission View: can read on DAG:example_setup_teardown_taskflow
[2026-08-30T23:13:43.238+0330] {logging_mixin.py:190} INFO - [2026-08-30T23:13:43.237+0330] {override.py:1930} INFO - Created Permission View: can delete on DAG:example_setup_teardown_taskflow
[2026-08-30T23:13:43.267+0330] {logging_mixin.py:190} INFO - [2026-08-30T23:13:43.266+0330] {override.py:1930} INFO - Created Permission View: menu access on DAG Run:example_setup_teardown_taskflow
[2026-08-30T23:13:43.290+0330] {logging_mixin.py:190} INFO - [2026-08-30T23:13:43.289+0330] {override.py:1930} INFO - Created Permission View: can create on DAG Run:example_setup_teardown_taskflow
[2026-08-30T23:13:43.314+0330] {logging_mixin.py:190} INFO - [2026-08-30T23:13:43.313+0330] {override.py:1930} INFO - Created Permission View: can read on DAG Run:example_setup_teardown_taskflow
[2026-08-30T23:13:43.333+0330] {logging_mixin.py:190} INFO - [2026-08-30T23:13:43.332+0330] {override.py:1930} INFO - Created Permission View: can delete on DAG Run:example_setup_teardown_taskflow
[2026-08-30T23:13:43.334+0330] {logging_mixin.py:190} INFO - [2026-08-30T23:13:43.333+0330] {dag.py:3239} INFO - Sync 1 DAGs
[2026-08-30T23:13:43.365+0330] {logging_mixin.py:190} INFO - [2026-08-30T23:13:43.364+0330] {dag.py:3262} INFO - Creating ORM DAG for example_setup_teardown_taskflow
[2026-08-30T23:13:43.366+0330] {logging_mixin.py:190} INFO - [2026-08-30T23:13:43.366+0330] {dag.py:4180} INFO - Setting next_dagrun for example_setup_teardown_taskflow to None, run_after=None
[2026-08-30T23:13:43.420+0330] {processor.py:208} INFO - Processing /home/mmirnezamina/de_final_project/airflowenv/lib/python3.10/site-packages/airflow/example_dags/example_setup_teardown_taskflow.py took 0.627 seconds
[2026-08-30T23:14:14.298+0330] {processor.py:186} INFO - Started process (PID=13279) to work on /home/mmirnezamina/de_final_project/airflowenv/lib/python3.10/site-packages/airflow/example_dags/example_setup_teardown_taskflow.py
[2026-08-30T23:14:14.299+0330] {processor.py:914} INFO - Processing file /home/mmirnezamina/de_final_project/airflowenv/lib/python3.10/site-packages/airflow/example_dags/example_setup_teardown_taskflow.py for tasks to queue
[2026-08-30T23:14:14.301+0330] {logging_mixin.py:190} INFO - [2026-08-30T23:14:14.300+0330] {dagbag.py:588} INFO - Filling up the DagBag from /home/mmirnezamina/de_final_project/airflowenv/lib/python3.10/site-packages/airflow/example_dags/example_setup_teardown_taskflow.py
[2026-08-30T23:14:14.314+0330] {processor.py:925} INFO - DAG(s) 'example_setup_teardown_taskflow' retrieved from /home/mmirnezamina/de_final_project/airflowenv/lib/python3.10/site-packages/airflow/example_dags/example_setup_teardown_taskflow.py
[2026-08-30T23:14:14.353+0330] {logging_mixin.py:190} INFO - [2026-08-30T23:14:14.352+0330] {dag.py:3239} INFO - Sync 1 DAGs
[2026-08-30T23:14:14.371+0330] {logging_mixin.py:190} INFO - [2026-08-30T23:14:14.371+0330] {dag.py:4180} INFO - Setting next_dagrun for example_setup_teardown_taskflow to None, run_after=None
[2026-08-30T23:14:14.398+0330] {processor.py:208} INFO - Processing /home/mmirnezamina/de_final_project/airflowenv/lib/python3.10/site-packages/airflow/example_dags/example_setup_teardown_taskflow.py took 0.112 seconds
[2026-08-30T23:14:44.643+0330] {processor.py:186} INFO - Started process (PID=13398) to work on /home/mmirnezamina/de_final_project/airflowenv/lib/python3.10/site-packages/airflow/example_dags/example_setup_teardown_taskflow.py
[2026-08-30T23:14:44.645+0330] {processor.py:914} INFO - Processing file /home/mmirnezamina/de_final_project/airflowenv/lib/python3.10/site-packages/airflow/example_dags/example_setup_teardown_taskflow.py for tasks to queue
[2026-08-30T23:14:44.647+0330] {logging_mixin.py:190} INFO - [2026-08-30T23:14:44.646+0330] {dagbag.py:588} INFO - Filling up the DagBag from /home/mmirnezamina/de_final_project/airflowenv/lib/python3.10/site-packages/airflow/example_dags/example_setup_teardown_taskflow.py
[2026-08-30T23:14:44.666+0330] {processor.py:925} INFO - DAG(s) 'example_setup_teardown_taskflow' retrieved from /home/mmirnezamina/de_final_project/airflowenv/lib/python3.10/site-packages/airflow/example_dags/example_setup_teardown_taskflow.py
[2026-08-30T23:14:44.718+0330] {logging_mixin.py:190} INFO - [2026-08-30T23:14:44.718+0330] {dag.py:3239} INFO - Sync 1 DAGs
[2026-08-30T23:14:44.747+0330] {logging_mixin.py:190} INFO - [2026-08-30T23:14:44.746+0330] {dag.py:4180} INFO - Setting next_dagrun for example_setup_teardown_taskflow to None, run_after=None
[2026-08-30T23:14:44.788+0330] {processor.py:208} INFO - Processing /home/mmirnezamina/de_final_project/airflowenv/lib/python3.10/site-packages/airflow/example_dags/example_setup_teardown_taskflow.py took 0.161 seconds
[2026-08-30T23:15:15.237+0330] {processor.py:186} INFO - Started process (PID=13517) to work on /home/mmirnezamina/de_final_project/airflowenv/lib/python3.10/site-packages/airflow/example_dags/example_setup_teardown_taskflow.py
[2026-08-30T23:15:15.241+0330] {processor.py:914} INFO - Processing file /home/mmirnezamina/de_final_project/airflowenv/lib/python3.10/site-packages/airflow/example_dags/example_setup_teardown_taskflow.py for tasks to queue
[2026-08-30T23:15:15.256+0330] {logging_mixin.py:190} INFO - [2026-08-30T23:15:15.245+0330] {dagbag.py:588} INFO - Filling up the DagBag from /home/mmirnezamina/de_final_project/airflowenv/lib/python3.10/site-packages/airflow/example_dags/example_setup_teardown_taskflow.py
[2026-08-30T23:15:15.368+0330] {processor.py:925} INFO - DAG(s) 'example_setup_teardown_taskflow' retrieved from /home/mmirnezamina/de_final_project/airflowenv/lib/python3.10/site-packages/airflow/example_dags/example_setup_teardown_taskflow.py
[2026-08-30T23:15:15.615+0330] {logging_mixin.py:190} INFO - [2026-08-30T23:15:15.614+0330] {dag.py:3239} INFO - Sync 1 DAGs
[2026-08-30T23:15:15.733+0330] {logging_mixin.py:190} INFO - [2026-08-30T23:15:15.733+0330] {dag.py:4180} INFO - Setting next_dagrun for example_setup_teardown_taskflow to None, run_after=None
[2026-08-30T23:15:15.946+0330] {processor.py:208} INFO - Processing /home/mmirnezamina/de_final_project/airflowenv/lib/python3.10/site-packages/airflow/example_dags/example_setup_teardown_taskflow.py took 0.790 seconds
[2026-08-30T23:15:46.034+0330] {processor.py:186} INFO - Started process (PID=13636) to work on /home/mmirnezamina/de_final_project/airflowenv/lib/python3.10/site-packages/airflow/example_dags/example_setup_teardown_taskflow.py
[2026-08-30T23:15:46.036+0330] {processor.py:914} INFO - Processing file /home/mmirnezamina/de_final_project/airflowenv/lib/python3.10/site-packages/airflow/example_dags/example_setup_teardown_taskflow.py for tasks to queue
[2026-08-30T23:15:46.037+0330] {logging_mixin.py:190} INFO - [2026-08-30T23:15:46.037+0330] {dagbag.py:588} INFO - Filling up the DagBag from /home/mmirnezamina/de_final_project/airflowenv/lib/python3.10/site-packages/airflow/example_dags/example_setup_teardown_taskflow.py
[2026-08-30T23:15:46.047+0330] {processor.py:925} INFO - DAG(s) 'example_setup_teardown_taskflow' retrieved from /home/mmirnezamina/de_final_project/airflowenv/lib/python3.10/site-packages/airflow/example_dags/example_setup_teardown_taskflow.py
[2026-08-30T23:15:46.076+0330] {logging_mixin.py:190} INFO - [2026-08-30T23:15:46.076+0330] {dag.py:3239} INFO - Sync 1 DAGs
[2026-08-30T23:15:46.090+0330] {logging_mixin.py:190} INFO - [2026-08-30T23:15:46.090+0330] {dag.py:4180} INFO - Setting next_dagrun for example_setup_teardown_taskflow to None, run_after=None
[2026-08-30T23:15:46.112+0330] {processor.py:208} INFO - Processing /home/mmirnezamina/de_final_project/airflowenv/lib/python3.10/site-packages/airflow/example_dags/example_setup_teardown_taskflow.py took 0.086 seconds
[2026-08-30T23:16:16.316+0330] {processor.py:186} INFO - Started process (PID=13756) to work on /home/mmirnezamina/de_final_project/airflowenv/lib/python3.10/site-packages/airflow/example_dags/example_setup_teardown_taskflow.py
[2026-08-30T23:16:16.318+0330] {processor.py:914} INFO - Processing file /home/mmirnezamina/de_final_project/airflowenv/lib/python3.10/site-packages/airflow/example_dags/example_setup_teardown_taskflow.py for tasks to queue
[2026-08-30T23:16:16.321+0330] {logging_mixin.py:190} INFO - [2026-08-30T23:16:16.321+0330] {dagbag.py:588} INFO - Filling up the DagBag from /home/mmirnezamina/de_final_project/airflowenv/lib/python3.10/site-packages/airflow/example_dags/example_setup_teardown_taskflow.py
[2026-08-30T23:16:16.349+0330] {processor.py:925} INFO - DAG(s) 'example_setup_teardown_taskflow' retrieved from /home/mmirnezamina/de_final_project/airflowenv/lib/python3.10/site-packages/airflow/example_dags/example_setup_teardown_taskflow.py
[2026-08-30T23:16:16.416+0330] {logging_mixin.py:190} INFO - [2026-08-30T23:16:16.415+0330] {dag.py:3239} INFO - Sync 1 DAGs
[2026-08-30T23:16:16.450+0330] {logging_mixin.py:190} INFO - [2026-08-30T23:16:16.450+0330] {dag.py:4180} INFO - Setting next_dagrun for example_setup_teardown_taskflow to None, run_after=None
[2026-08-30T23:16:16.492+0330] {processor.py:208} INFO - Processing /home/mmirnezamina/de_final_project/airflowenv/lib/python3.10/site-packages/airflow/example_dags/example_setup_teardown_taskflow.py took 0.199 seconds
[2026-08-30T23:16:46.599+0330] {processor.py:186} INFO - Started process (PID=13886) to work on /home/mmirnezamina/de_final_project/airflowenv/lib/python3.10/site-packages/airflow/example_dags/example_setup_teardown_taskflow.py
[2026-08-30T23:16:46.602+0330] {processor.py:914} INFO - Processing file /home/mmirnezamina/de_final_project/airflowenv/lib/python3.10/site-packages/airflow/example_dags/example_setup_teardown_taskflow.py for tasks to queue
[2026-08-30T23:16:46.604+0330] {logging_mixin.py:190} INFO - [2026-08-30T23:16:46.604+0330] {dagbag.py:588} INFO - Filling up the DagBag from /home/mmirnezamina/de_final_project/airflowenv/lib/python3.10/site-packages/airflow/example_dags/example_setup_teardown_taskflow.py
[2026-08-30T23:16:46.622+0330] {processor.py:925} INFO - DAG(s) 'example_setup_teardown_taskflow' retrieved from /home/mmirnezamina/de_final_project/airflowenv/lib/python3.10/site-packages/airflow/example_dags/example_setup_teardown_taskflow.py
[2026-08-30T23:16:46.688+0330] {logging_mixin.py:190} INFO - [2026-08-30T23:16:46.687+0330] {dag.py:3239} INFO - Sync 1 DAGs
[2026-08-30T23:16:46.717+0330] {logging_mixin.py:190} INFO - [2026-08-30T23:16:46.717+0330] {dag.py:4180} INFO - Setting next_dagrun for example_setup_teardown_taskflow to None, run_after=None
[2026-08-30T23:16:46.769+0330] {processor.py:208} INFO - Processing /home/mmirnezamina/de_final_project/airflowenv/lib/python3.10/site-packages/airflow/example_dags/example_setup_teardown_taskflow.py took 0.186 seconds
[2026-08-30T23:17:16.938+0330] {processor.py:186} INFO - Started process (PID=14043) to work on /home/mmirnezamina/de_final_project/airflowenv/lib/python3.10/site-packages/airflow/example_dags/example_setup_teardown_taskflow.py
[2026-08-30T23:17:16.942+0330] {processor.py:914} INFO - Processing file /home/mmirnezamina/de_final_project/airflowenv/lib/python3.10/site-packages/airflow/example_dags/example_setup_teardown_taskflow.py for tasks to queue
[2026-08-30T23:17:16.946+0330] {logging_mixin.py:190} INFO - [2026-08-30T23:17:16.945+0330] {dagbag.py:588} INFO - Filling up the DagBag from /home/mmirnezamina/de_final_project/airflowenv/lib/python3.10/site-packages/airflow/example_dags/example_setup_teardown_taskflow.py
[2026-08-30T23:17:17.017+0330] {processor.py:925} INFO - DAG(s) 'example_setup_teardown_taskflow' retrieved from /home/mmirnezamina/de_final_project/airflowenv/lib/python3.10/site-packages/airflow/example_dags/example_setup_teardown_taskflow.py
[2026-08-30T23:17:17.210+0330] {logging_mixin.py:190} INFO - [2026-08-30T23:17:17.209+0330] {dag.py:3239} INFO - Sync 1 DAGs
[2026-08-30T23:17:17.319+0330] {logging_mixin.py:190} INFO - [2026-08-30T23:17:17.319+0330] {dag.py:4180} INFO - Setting next_dagrun for example_setup_teardown_taskflow to None, run_after=None
[2026-08-30T23:17:17.397+0330] {processor.py:208} INFO - Processing /home/mmirnezamina/de_final_project/airflowenv/lib/python3.10/site-packages/airflow/example_dags/example_setup_teardown_taskflow.py took 0.511 seconds
[2026-08-30T23:17:47.563+0330] {processor.py:186} INFO - Started process (PID=14166) to work on /home/mmirnezamina/de_final_project/airflowenv/lib/python3.10/site-packages/airflow/example_dags/example_setup_teardown_taskflow.py
[2026-08-30T23:17:47.566+0330] {processor.py:914} INFO - Processing file /home/mmirnezamina/de_final_project/airflowenv/lib/python3.10/site-packages/airflow/example_dags/example_setup_teardown_taskflow.py for tasks to queue
[2026-08-30T23:17:47.569+0330] {logging_mixin.py:190} INFO - [2026-08-30T23:17:47.569+0330] {dagbag.py:588} INFO - Filling up the DagBag from /home/mmirnezamina/de_final_project/airflowenv/lib/python3.10/site-packages/airflow/example_dags/example_setup_teardown_taskflow.py
[2026-08-30T23:17:47.594+0330] {processor.py:925} INFO - DAG(s) 'example_setup_teardown_taskflow' retrieved from /home/mmirnezamina/de_final_project/airflowenv/lib/python3.10/site-packages/airflow/example_dags/example_setup_teardown_taskflow.py
[2026-08-30T23:17:47.655+0330] {logging_mixin.py:190} INFO - [2026-08-30T23:17:47.655+0330] {dag.py:3239} INFO - Sync 1 DAGs
[2026-08-30T23:17:47.683+0330] {logging_mixin.py:190} INFO - [2026-08-30T23:17:47.683+0330] {dag.py:4180} INFO - Setting next_dagrun for example_setup_teardown_taskflow to None, run_after=None
[2026-08-30T23:17:47.740+0330] {processor.py:208} INFO - Processing /home/mmirnezamina/de_final_project/airflowenv/lib/python3.10/site-packages/airflow/example_dags/example_setup_teardown_taskflow.py took 0.193 seconds
[2026-08-30T23:18:18.291+0330] {processor.py:186} INFO - Started process (PID=14286) to work on /home/mmirnezamina/de_final_project/airflowenv/lib/python3.10/site-packages/airflow/example_dags/example_setup_teardown_taskflow.py
[2026-08-30T23:18:18.299+0330] {processor.py:914} INFO - Processing file /home/mmirnezamina/de_final_project/airflowenv/lib/python3.10/site-packages/airflow/example_dags/example_setup_teardown_taskflow.py for tasks to queue
[2026-08-30T23:18:18.303+0330] {logging_mixin.py:190} INFO - [2026-08-30T23:18:18.303+0330] {dagbag.py:588} INFO - Filling up the DagBag from /home/mmirnezamina/de_final_project/airflowenv/lib/python3.10/site-packages/airflow/example_dags/example_setup_teardown_taskflow.py
[2026-08-30T23:18:18.321+0330] {processor.py:925} INFO - DAG(s) 'example_setup_teardown_taskflow' retrieved from /home/mmirnezamina/de_final_project/airflowenv/lib/python3.10/site-packages/airflow/example_dags/example_setup_teardown_taskflow.py
[2026-08-30T23:18:18.368+0330] {logging_mixin.py:190} INFO - [2026-08-30T23:18:18.367+0330] {dag.py:3239} INFO - Sync 1 DAGs
[2026-08-30T23:18:18.399+0330] {logging_mixin.py:190} INFO - [2026-08-30T23:18:18.398+0330] {dag.py:4180} INFO - Setting next_dagrun for example_setup_teardown_taskflow to None, run_after=None
[2026-08-30T23:18:18.437+0330] {processor.py:208} INFO - Processing /home/mmirnezamina/de_final_project/airflowenv/lib/python3.10/site-packages/airflow/example_dags/example_setup_teardown_taskflow.py took 0.157 seconds
[2026-08-30T23:18:49.095+0330] {processor.py:186} INFO - Started process (PID=14403) to work on /home/mmirnezamina/de_final_project/airflowenv/lib/python3.10/site-packages/airflow/example_dags/example_setup_teardown_taskflow.py
[2026-08-30T23:18:49.096+0330] {processor.py:914} INFO - Processing file /home/mmirnezamina/de_final_project/airflowenv/lib/python3.10/site-packages/airflow/example_dags/example_setup_teardown_taskflow.py for tasks to queue
[2026-08-30T23:18:49.098+0330] {logging_mixin.py:190} INFO - [2026-08-30T23:18:49.098+0330] {dagbag.py:588} INFO - Filling up the DagBag from /home/mmirnezamina/de_final_project/airflowenv/lib/python3.10/site-packages/airflow/example_dags/example_setup_teardown_taskflow.py
[2026-08-30T23:18:49.112+0330] {processor.py:925} INFO - DAG(s) 'example_setup_teardown_taskflow' retrieved from /home/mmirnezamina/de_final_project/airflowenv/lib/python3.10/site-packages/airflow/example_dags/example_setup_teardown_taskflow.py
[2026-08-30T23:18:49.149+0330] {logging_mixin.py:190} INFO - [2026-08-30T23:18:49.148+0330] {dag.py:3239} INFO - Sync 1 DAGs
[2026-08-30T23:18:49.168+0330] {logging_mixin.py:190} INFO - [2026-08-30T23:18:49.168+0330] {dag.py:4180} INFO - Setting next_dagrun for example_setup_teardown_taskflow to None, run_after=None
[2026-08-30T23:18:49.198+0330] {processor.py:208} INFO - Processing /home/mmirnezamina/de_final_project/airflowenv/lib/python3.10/site-packages/airflow/example_dags/example_setup_teardown_taskflow.py took 0.116 seconds
[2026-08-30T23:19:19.474+0330] {processor.py:186} INFO - Started process (PID=14523) to work on /home/mmirnezamina/de_final_project/airflowenv/lib/python3.10/site-packages/airflow/example_dags/example_setup_teardown_taskflow.py
[2026-08-30T23:19:19.475+0330] {processor.py:914} INFO - Processing file /home/mmirnezamina/de_final_project/airflowenv/lib/python3.10/site-packages/airflow/example_dags/example_setup_teardown_taskflow.py for tasks to queue
[2026-08-30T23:19:19.476+0330] {logging_mixin.py:190} INFO - [2026-08-30T23:19:19.476+0330] {dagbag.py:588} INFO - Filling up the DagBag from /home/mmirnezamina/de_final_project/airflowenv/lib/python3.10/site-packages/airflow/example_dags/example_setup_teardown_taskflow.py
[2026-08-30T23:19:19.487+0330] {processor.py:925} INFO - DAG(s) 'example_setup_teardown_taskflow' retrieved from /home/mmirnezamina/de_final_project/airflowenv/lib/python3.10/site-packages/airflow/example_dags/example_setup_teardown_taskflow.py
[2026-08-30T23:19:19.521+0330] {logging_mixin.py:190} INFO - [2026-08-30T23:19:19.520+0330] {dag.py:3239} INFO - Sync 1 DAGs
[2026-08-30T23:19:19.538+0330] {logging_mixin.py:190} INFO - [2026-08-30T23:19:19.538+0330] {dag.py:4180} INFO - Setting next_dagrun for example_setup_teardown_taskflow to None, run_after=None
[2026-08-30T23:19:19.567+0330] {processor.py:208} INFO - Processing /home/mmirnezamina/de_final_project/airflowenv/lib/python3.10/site-packages/airflow/example_dags/example_setup_teardown_taskflow.py took 0.103 seconds
[2026-08-30T23:19:49.765+0330] {processor.py:186} INFO - Started process (PID=14640) to work on /home/mmirnezamina/de_final_project/airflowenv/lib/python3.10/site-packages/airflow/example_dags/example_setup_teardown_taskflow.py
[2026-08-30T23:19:49.767+0330] {processor.py:914} INFO - Processing file /home/mmirnezamina/de_final_project/airflowenv/lib/python3.10/site-packages/airflow/example_dags/example_setup_teardown_taskflow.py for tasks to queue
[2026-08-30T23:19:49.768+0330] {logging_mixin.py:190} INFO - [2026-08-30T23:19:49.768+0330] {dagbag.py:588} INFO - Filling up the DagBag from /home/mmirnezamina/de_final_project/airflowenv/lib/python3.10/site-packages/airflow/example_dags/example_setup_teardown_taskflow.py
[2026-08-30T23:19:49.783+0330] {processor.py:925} INFO - DAG(s) 'example_setup_teardown_taskflow' retrieved from /home/mmirnezamina/de_final_project/airflowenv/lib/python3.10/site-packages/airflow/example_dags/example_setup_teardown_taskflow.py
[2026-08-30T23:19:49.834+0330] {logging_mixin.py:190} INFO - [2026-08-30T23:19:49.833+0330] {dag.py:3239} INFO - Sync 1 DAGs
[2026-08-30T23:19:49.879+0330] {logging_mixin.py:190} INFO - [2026-08-30T23:19:49.878+0330] {dag.py:4180} INFO - Setting next_dagrun for example_setup_teardown_taskflow to None, run_after=None
[2026-08-30T23:19:49.940+0330] {processor.py:208} INFO - Processing /home/mmirnezamina/de_final_project/airflowenv/lib/python3.10/site-packages/airflow/example_dags/example_setup_teardown_taskflow.py took 0.191 seconds
[2026-08-30T23:20:20.591+0330] {processor.py:186} INFO - Started process (PID=14764) to work on /home/mmirnezamina/de_final_project/airflowenv/lib/python3.10/site-packages/airflow/example_dags/example_setup_teardown_taskflow.py
[2026-08-30T23:20:20.595+0330] {processor.py:914} INFO - Processing file /home/mmirnezamina/de_final_project/airflowenv/lib/python3.10/site-packages/airflow/example_dags/example_setup_teardown_taskflow.py for tasks to queue
[2026-08-30T23:20:20.600+0330] {logging_mixin.py:190} INFO - [2026-08-30T23:20:20.598+0330] {dagbag.py:588} INFO - Filling up the DagBag from /home/mmirnezamina/de_final_project/airflowenv/lib/python3.10/site-packages/airflow/example_dags/example_setup_teardown_taskflow.py
[2026-08-30T23:20:20.631+0330] {processor.py:925} INFO - DAG(s) 'example_setup_teardown_taskflow' retrieved from /home/mmirnezamina/de_final_project/airflowenv/lib/python3.10/site-packages/airflow/example_dags/example_setup_teardown_taskflow.py
[2026-08-30T23:20:20.668+0330] {logging_mixin.py:190} INFO - [2026-08-30T23:20:20.668+0330] {dag.py:3239} INFO - Sync 1 DAGs
[2026-08-30T23:20:20.686+0330] {logging_mixin.py:190} INFO - [2026-08-30T23:20:20.686+0330] {dag.py:4180} INFO - Setting next_dagrun for example_setup_teardown_taskflow to None, run_after=None
[2026-08-30T23:20:20.711+0330] {processor.py:208} INFO - Processing /home/mmirnezamina/de_final_project/airflowenv/lib/python3.10/site-packages/airflow/example_dags/example_setup_teardown_taskflow.py took 0.144 seconds
[2026-08-30T23:20:51.103+0330] {processor.py:186} INFO - Started process (PID=14881) to work on /home/mmirnezamina/de_final_project/airflowenv/lib/python3.10/site-packages/airflow/example_dags/example_setup_teardown_taskflow.py
[2026-08-30T23:20:51.103+0330] {processor.py:914} INFO - Processing file /home/mmirnezamina/de_final_project/airflowenv/lib/python3.10/site-packages/airflow/example_dags/example_setup_teardown_taskflow.py for tasks to queue
[2026-08-30T23:20:51.104+0330] {logging_mixin.py:190} INFO - [2026-08-30T23:20:51.104+0330] {dagbag.py:588} INFO - Filling up the DagBag from /home/mmirnezamina/de_final_project/airflowenv/lib/python3.10/site-packages/airflow/example_dags/example_setup_teardown_taskflow.py
[2026-08-30T23:20:51.113+0330] {processor.py:925} INFO - DAG(s) 'example_setup_teardown_taskflow' retrieved from /home/mmirnezamina/de_final_project/airflowenv/lib/python3.10/site-packages/airflow/example_dags/example_setup_teardown_taskflow.py
[2026-08-30T23:20:51.138+0330] {logging_mixin.py:190} INFO - [2026-08-30T23:20:51.138+0330] {dag.py:3239} INFO - Sync 1 DAGs
[2026-08-30T23:20:51.150+0330] {logging_mixin.py:190} INFO - [2026-08-30T23:20:51.150+0330] {dag.py:4180} INFO - Setting next_dagrun for example_setup_teardown_taskflow to None, run_after=None
[2026-08-30T23:20:51.172+0330] {processor.py:208} INFO - Processing /home/mmirnezamina/de_final_project/airflowenv/lib/python3.10/site-packages/airflow/example_dags/example_setup_teardown_taskflow.py took 0.077 seconds
[2026-08-30T23:21:21.721+0330] {processor.py:186} INFO - Started process (PID=15001) to work on /home/mmirnezamina/de_final_project/airflowenv/lib/python3.10/site-packages/airflow/example_dags/example_setup_teardown_taskflow.py
[2026-08-30T23:21:21.723+0330] {processor.py:914} INFO - Processing file /home/mmirnezamina/de_final_project/airflowenv/lib/python3.10/site-packages/airflow/example_dags/example_setup_teardown_taskflow.py for tasks to queue
[2026-08-30T23:21:21.725+0330] {logging_mixin.py:190} INFO - [2026-08-30T23:21:21.725+0330] {dagbag.py:588} INFO - Filling up the DagBag from /home/mmirnezamina/de_final_project/airflowenv/lib/python3.10/site-packages/airflow/example_dags/example_setup_teardown_taskflow.py
[2026-08-30T23:21:21.745+0330] {processor.py:925} INFO - DAG(s) 'example_setup_teardown_taskflow' retrieved from /home/mmirnezamina/de_final_project/airflowenv/lib/python3.10/site-packages/airflow/example_dags/example_setup_teardown_taskflow.py
[2026-08-30T23:21:21.819+0330] {logging_mixin.py:190} INFO - [2026-08-30T23:21:21.819+0330] {dag.py:3239} INFO - Sync 1 DAGs
[2026-08-30T23:21:21.856+0330] {logging_mixin.py:190} INFO - [2026-08-30T23:21:21.855+0330] {dag.py:4180} INFO - Setting next_dagrun for example_setup_teardown_taskflow to None, run_after=None
[2026-08-30T23:21:21.909+0330] {processor.py:208} INFO - Processing /home/mmirnezamina/de_final_project/airflowenv/lib/python3.10/site-packages/airflow/example_dags/example_setup_teardown_taskflow.py took 0.219 seconds
[2026-08-30T23:21:52.006+0330] {processor.py:186} INFO - Started process (PID=15118) to work on /home/mmirnezamina/de_final_project/airflowenv/lib/python3.10/site-packages/airflow/example_dags/example_setup_teardown_taskflow.py
[2026-08-30T23:21:52.007+0330] {processor.py:914} INFO - Processing file /home/mmirnezamina/de_final_project/airflowenv/lib/python3.10/site-packages/airflow/example_dags/example_setup_teardown_taskflow.py for tasks to queue
[2026-08-30T23:21:52.009+0330] {logging_mixin.py:190} INFO - [2026-08-30T23:21:52.008+0330] {dagbag.py:588} INFO - Filling up the DagBag from /home/mmirnezamina/de_final_project/airflowenv/lib/python3.10/site-packages/airflow/example_dags/example_setup_teardown_taskflow.py
[2026-08-30T23:21:52.020+0330] {processor.py:925} INFO - DAG(s) 'example_setup_teardown_taskflow' retrieved from /home/mmirnezamina/de_final_project/airflowenv/lib/python3.10/site-packages/airflow/example_dags/example_setup_teardown_taskflow.py
[2026-08-30T23:21:52.051+0330] {logging_mixin.py:190} INFO - [2026-08-30T23:21:52.051+0330] {dag.py:3239} INFO - Sync 1 DAGs
[2026-08-30T23:21:52.067+0330] {logging_mixin.py:190} INFO - [2026-08-30T23:21:52.067+0330] {dag.py:4180} INFO - Setting next_dagrun for example_setup_teardown_taskflow to None, run_after=None
[2026-08-30T23:21:52.092+0330] {processor.py:208} INFO - Processing /home/mmirnezamina/de_final_project/airflowenv/lib/python3.10/site-packages/airflow/example_dags/example_setup_teardown_taskflow.py took 0.096 seconds
[2026-08-30T23:22:22.484+0330] {processor.py:186} INFO - Started process (PID=15239) to work on /home/mmirnezamina/de_final_project/airflowenv/lib/python3.10/site-packages/airflow/example_dags/example_setup_teardown_taskflow.py
[2026-08-30T23:22:22.485+0330] {processor.py:914} INFO - Processing file /home/mmirnezamina/de_final_project/airflowenv/lib/python3.10/site-packages/airflow/example_dags/example_setup_teardown_taskflow.py for tasks to queue
[2026-08-30T23:22:22.486+0330] {logging_mixin.py:190} INFO - [2026-08-30T23:22:22.486+0330] {dagbag.py:588} INFO - Filling up the DagBag from /home/mmirnezamina/de_final_project/airflowenv/lib/python3.10/site-packages/airflow/example_dags/example_setup_teardown_taskflow.py
[2026-08-30T23:22:22.495+0330] {processor.py:925} INFO - DAG(s) 'example_setup_teardown_taskflow' retrieved from /home/mmirnezamina/de_final_project/airflowenv/lib/python3.10/site-packages/airflow/example_dags/example_setup_teardown_taskflow.py
[2026-08-30T23:22:22.525+0330] {logging_mixin.py:190} INFO - [2026-08-30T23:22:22.525+0330] {dag.py:3239} INFO - Sync 1 DAGs
[2026-08-30T23:22:22.542+0330] {logging_mixin.py:190} INFO - [2026-08-30T23:22:22.541+0330] {dag.py:4180} INFO - Setting next_dagrun for example_setup_teardown_taskflow to None, run_after=None
[2026-08-30T23:22:22.565+0330] {processor.py:208} INFO - Processing /home/mmirnezamina/de_final_project/airflowenv/lib/python3.10/site-packages/airflow/example_dags/example_setup_teardown_taskflow.py took 0.090 seconds
[2026-08-30T23:22:52.771+0330] {processor.py:186} INFO - Started process (PID=15356) to work on /home/mmirnezamina/de_final_project/airflowenv/lib/python3.10/site-packages/airflow/example_dags/example_setup_teardown_taskflow.py
[2026-08-30T23:22:52.772+0330] {processor.py:914} INFO - Processing file /home/mmirnezamina/de_final_project/airflowenv/lib/python3.10/site-packages/airflow/example_dags/example_setup_teardown_taskflow.py for tasks to queue
[2026-08-30T23:22:52.773+0330] {logging_mixin.py:190} INFO - [2026-08-30T23:22:52.773+0330] {dagbag.py:588} INFO - Filling up the DagBag from /home/mmirnezamina/de_final_project/airflowenv/lib/python3.10/site-packages/airflow/example_dags/example_setup_teardown_taskflow.py
[2026-08-30T23:22:52.789+0330] {processor.py:925} INFO - DAG(s) 'example_setup_teardown_taskflow' retrieved from /home/mmirnezamina/de_final_project/airflowenv/lib/python3.10/site-packages/airflow/example_dags/example_setup_teardown_taskflow.py
[2026-08-30T23:22:52.835+0330] {logging_mixin.py:190} INFO - [2026-08-30T23:22:52.834+0330] {dag.py:3239} INFO - Sync 1 DAGs
[2026-08-30T23:22:52.857+0330] {logging_mixin.py:190} INFO - [2026-08-30T23:22:52.856+0330] {dag.py:4180} INFO - Setting next_dagrun for example_setup_teardown_taskflow to None, run_after=None
[2026-08-30T23:22:52.890+0330] {processor.py:208} INFO - Processing /home/mmirnezamina/de_final_project/airflowenv/lib/python3.10/site-packages/airflow/example_dags/example_setup_teardown_taskflow.py took 0.132 seconds
[2026-08-30T23:23:23.297+0330] {processor.py:186} INFO - Started process (PID=15476) to work on /home/mmirnezamina/de_final_project/airflowenv/lib/python3.10/site-packages/airflow/example_dags/example_setup_teardown_taskflow.py
[2026-08-30T23:23:23.300+0330] {processor.py:914} INFO - Processing file /home/mmirnezamina/de_final_project/airflowenv/lib/python3.10/site-packages/airflow/example_dags/example_setup_teardown_taskflow.py for tasks to queue
[2026-08-30T23:23:23.301+0330] {logging_mixin.py:190} INFO - [2026-08-30T23:23:23.301+0330] {dagbag.py:588} INFO - Filling up the DagBag from /home/mmirnezamina/de_final_project/airflowenv/lib/python3.10/site-packages/airflow/example_dags/example_setup_teardown_taskflow.py
[2026-08-30T23:23:23.313+0330] {processor.py:925} INFO - DAG(s) 'example_setup_teardown_taskflow' retrieved from /home/mmirnezamina/de_final_project/airflowenv/lib/python3.10/site-packages/airflow/example_dags/example_setup_teardown_taskflow.py
[2026-08-30T23:23:23.348+0330] {logging_mixin.py:190} INFO - [2026-08-30T23:23:23.348+0330] {dag.py:3239} INFO - Sync 1 DAGs
[2026-08-30T23:23:23.371+0330] {logging_mixin.py:190} INFO - [2026-08-30T23:23:23.371+0330] {dag.py:4180} INFO - Setting next_dagrun for example_setup_teardown_taskflow to None, run_after=None
[2026-08-30T23:23:23.414+0330] {processor.py:208} INFO - Processing /home/mmirnezamina/de_final_project/airflowenv/lib/python3.10/site-packages/airflow/example_dags/example_setup_teardown_taskflow.py took 0.127 seconds
[2026-08-30T23:23:54.442+0330] {processor.py:186} INFO - Started process (PID=15595) to work on /home/mmirnezamina/de_final_project/airflowenv/lib/python3.10/site-packages/airflow/example_dags/example_setup_teardown_taskflow.py
[2026-08-30T23:23:54.454+0330] {processor.py:914} INFO - Processing file /home/mmirnezamina/de_final_project/airflowenv/lib/python3.10/site-packages/airflow/example_dags/example_setup_teardown_taskflow.py for tasks to queue
[2026-08-30T23:23:54.455+0330] {logging_mixin.py:190} INFO - [2026-08-30T23:23:54.455+0330] {dagbag.py:588} INFO - Filling up the DagBag from /home/mmirnezamina/de_final_project/airflowenv/lib/python3.10/site-packages/airflow/example_dags/example_setup_teardown_taskflow.py
[2026-08-30T23:23:54.465+0330] {processor.py:925} INFO - DAG(s) 'example_setup_teardown_taskflow' retrieved from /home/mmirnezamina/de_final_project/airflowenv/lib/python3.10/site-packages/airflow/example_dags/example_setup_teardown_taskflow.py
[2026-08-30T23:23:54.489+0330] {logging_mixin.py:190} INFO - [2026-08-30T23:23:54.489+0330] {dag.py:3239} INFO - Sync 1 DAGs
[2026-08-30T23:23:54.501+0330] {logging_mixin.py:190} INFO - [2026-08-30T23:23:54.501+0330] {dag.py:4180} INFO - Setting next_dagrun for example_setup_teardown_taskflow to None, run_after=None
[2026-08-30T23:23:54.522+0330] {processor.py:208} INFO - Processing /home/mmirnezamina/de_final_project/airflowenv/lib/python3.10/site-packages/airflow/example_dags/example_setup_teardown_taskflow.py took 0.167 seconds
[2026-08-30T23:24:25.246+0330] {processor.py:186} INFO - Started process (PID=15713) to work on /home/mmirnezamina/de_final_project/airflowenv/lib/python3.10/site-packages/airflow/example_dags/example_setup_teardown_taskflow.py
[2026-08-30T23:24:25.248+0330] {processor.py:914} INFO - Processing file /home/mmirnezamina/de_final_project/airflowenv/lib/python3.10/site-packages/airflow/example_dags/example_setup_teardown_taskflow.py for tasks to queue
[2026-08-30T23:24:25.250+0330] {logging_mixin.py:190} INFO - [2026-08-30T23:24:25.250+0330] {dagbag.py:588} INFO - Filling up the DagBag from /home/mmirnezamina/de_final_project/airflowenv/lib/python3.10/site-packages/airflow/example_dags/example_setup_teardown_taskflow.py
[2026-08-30T23:24:25.270+0330] {processor.py:925} INFO - DAG(s) 'example_setup_teardown_taskflow' retrieved from /home/mmirnezamina/de_final_project/airflowenv/lib/python3.10/site-packages/airflow/example_dags/example_setup_teardown_taskflow.py
[2026-08-30T23:24:25.329+0330] {logging_mixin.py:190} INFO - [2026-08-30T23:24:25.328+0330] {dag.py:3239} INFO - Sync 1 DAGs
[2026-08-30T23:24:25.352+0330] {logging_mixin.py:190} INFO - [2026-08-30T23:24:25.351+0330] {dag.py:4180} INFO - Setting next_dagrun for example_setup_teardown_taskflow to None, run_after=None
[2026-08-30T23:24:25.384+0330] {processor.py:208} INFO - Processing /home/mmirnezamina/de_final_project/airflowenv/lib/python3.10/site-packages/airflow/example_dags/example_setup_teardown_taskflow.py took 0.156 seconds
[2026-08-30T23:24:55.836+0330] {processor.py:186} INFO - Started process (PID=15839) to work on /home/mmirnezamina/de_final_project/airflowenv/lib/python3.10/site-packages/airflow/example_dags/example_setup_teardown_taskflow.py
[2026-08-30T23:24:55.838+0330] {processor.py:914} INFO - Processing file /home/mmirnezamina/de_final_project/airflowenv/lib/python3.10/site-packages/airflow/example_dags/example_setup_teardown_taskflow.py for tasks to queue
[2026-08-30T23:24:55.839+0330] {logging_mixin.py:190} INFO - [2026-08-30T23:24:55.839+0330] {dagbag.py:588} INFO - Filling up the DagBag from /home/mmirnezamina/de_final_project/airflowenv/lib/python3.10/site-packages/airflow/example_dags/example_setup_teardown_taskflow.py
[2026-08-30T23:24:55.854+0330] {processor.py:925} INFO - DAG(s) 'example_setup_teardown_taskflow' retrieved from /home/mmirnezamina/de_final_project/airflowenv/lib/python3.10/site-packages/airflow/example_dags/example_setup_teardown_taskflow.py
[2026-08-30T23:24:55.901+0330] {logging_mixin.py:190} INFO - [2026-08-30T23:24:55.901+0330] {dag.py:3239} INFO - Sync 1 DAGs
[2026-08-30T23:24:55.924+0330] {logging_mixin.py:190} INFO - [2026-08-30T23:24:55.923+0330] {dag.py:4180} INFO - Setting next_dagrun for example_setup_teardown_taskflow to None, run_after=None
[2026-08-30T23:24:55.955+0330] {processor.py:208} INFO - Processing /home/mmirnezamina/de_final_project/airflowenv/lib/python3.10/site-packages/airflow/example_dags/example_setup_teardown_taskflow.py took 0.132 seconds
[2026-08-30T23:25:26.127+0330] {processor.py:186} INFO - Started process (PID=15988) to work on /home/mmirnezamina/de_final_project/airflowenv/lib/python3.10/site-packages/airflow/example_dags/example_setup_teardown_taskflow.py
[2026-08-30T23:25:26.130+0330] {processor.py:914} INFO - Processing file /home/mmirnezamina/de_final_project/airflowenv/lib/python3.10/site-packages/airflow/example_dags/example_setup_teardown_taskflow.py for tasks to queue
[2026-08-30T23:25:26.134+0330] {logging_mixin.py:190} INFO - [2026-08-30T23:25:26.133+0330] {dagbag.py:588} INFO - Filling up the DagBag from /home/mmirnezamina/de_final_project/airflowenv/lib/python3.10/site-packages/airflow/example_dags/example_setup_teardown_taskflow.py
[2026-08-30T23:25:26.174+0330] {processor.py:925} INFO - DAG(s) 'example_setup_teardown_taskflow' retrieved from /home/mmirnezamina/de_final_project/airflowenv/lib/python3.10/site-packages/airflow/example_dags/example_setup_teardown_taskflow.py
[2026-08-30T23:25:26.287+0330] {logging_mixin.py:190} INFO - [2026-08-30T23:25:26.287+0330] {dag.py:3239} INFO - Sync 1 DAGs
[2026-08-30T23:25:26.350+0330] {logging_mixin.py:190} INFO - [2026-08-30T23:25:26.349+0330] {dag.py:4180} INFO - Setting next_dagrun for example_setup_teardown_taskflow to None, run_after=None
[2026-08-30T23:25:26.401+0330] {processor.py:208} INFO - Processing /home/mmirnezamina/de_final_project/airflowenv/lib/python3.10/site-packages/airflow/example_dags/example_setup_teardown_taskflow.py took 0.298 seconds
[2026-08-30T23:25:56.907+0330] {processor.py:186} INFO - Started process (PID=16111) to work on /home/mmirnezamina/de_final_project/airflowenv/lib/python3.10/site-packages/airflow/example_dags/example_setup_teardown_taskflow.py
[2026-08-30T23:25:56.908+0330] {processor.py:914} INFO - Processing file /home/mmirnezamina/de_final_project/airflowenv/lib/python3.10/site-packages/airflow/example_dags/example_setup_teardown_taskflow.py for tasks to queue
[2026-08-30T23:25:56.909+0330] {logging_mixin.py:190} INFO - [2026-08-30T23:25:56.909+0330] {dagbag.py:588} INFO - Filling up the DagBag from /home/mmirnezamina/de_final_project/airflowenv/lib/python3.10/site-packages/airflow/example_dags/example_setup_teardown_taskflow.py
[2026-08-30T23:25:56.921+0330] {processor.py:925} INFO - DAG(s) 'example_setup_teardown_taskflow' retrieved from /home/mmirnezamina/de_final_project/airflowenv/lib/python3.10/site-packages/airflow/example_dags/example_setup_teardown_taskflow.py
[2026-08-30T23:25:56.953+0330] {logging_mixin.py:190} INFO - [2026-08-30T23:25:56.953+0330] {dag.py:3239} INFO - Sync 1 DAGs
[2026-08-30T23:25:56.969+0330] {logging_mixin.py:190} INFO - [2026-08-30T23:25:56.969+0330] {dag.py:4180} INFO - Setting next_dagrun for example_setup_teardown_taskflow to None, run_after=None
[2026-08-30T23:25:56.994+0330] {processor.py:208} INFO - Processing /home/mmirnezamina/de_final_project/airflowenv/lib/python3.10/site-packages/airflow/example_dags/example_setup_teardown_taskflow.py took 0.096 seconds
[2026-08-30T23:26:27.250+0330] {processor.py:186} INFO - Started process (PID=16229) to work on /home/mmirnezamina/de_final_project/airflowenv/lib/python3.10/site-packages/airflow/example_dags/example_setup_teardown_taskflow.py
[2026-08-30T23:26:27.253+0330] {processor.py:914} INFO - Processing file /home/mmirnezamina/de_final_project/airflowenv/lib/python3.10/site-packages/airflow/example_dags/example_setup_teardown_taskflow.py for tasks to queue
[2026-08-30T23:26:27.257+0330] {logging_mixin.py:190} INFO - [2026-08-30T23:26:27.256+0330] {dagbag.py:588} INFO - Filling up the DagBag from /home/mmirnezamina/de_final_project/airflowenv/lib/python3.10/site-packages/airflow/example_dags/example_setup_teardown_taskflow.py
[2026-08-30T23:26:27.294+0330] {processor.py:925} INFO - DAG(s) 'example_setup_teardown_taskflow' retrieved from /home/mmirnezamina/de_final_project/airflowenv/lib/python3.10/site-packages/airflow/example_dags/example_setup_teardown_taskflow.py
[2026-08-30T23:26:27.391+0330] {logging_mixin.py:190} INFO - [2026-08-30T23:26:27.390+0330] {dag.py:3239} INFO - Sync 1 DAGs
[2026-08-30T23:26:27.463+0330] {logging_mixin.py:190} INFO - [2026-08-30T23:26:27.462+0330] {dag.py:4180} INFO - Setting next_dagrun for example_setup_teardown_taskflow to None, run_after=None
[2026-08-30T23:26:27.548+0330] {processor.py:208} INFO - Processing /home/mmirnezamina/de_final_project/airflowenv/lib/python3.10/site-packages/airflow/example_dags/example_setup_teardown_taskflow.py took 0.324 seconds
[2026-08-30T23:26:57.763+0330] {processor.py:186} INFO - Started process (PID=16346) to work on /home/mmirnezamina/de_final_project/airflowenv/lib/python3.10/site-packages/airflow/example_dags/example_setup_teardown_taskflow.py
[2026-08-30T23:26:57.766+0330] {processor.py:914} INFO - Processing file /home/mmirnezamina/de_final_project/airflowenv/lib/python3.10/site-packages/airflow/example_dags/example_setup_teardown_taskflow.py for tasks to queue
[2026-08-30T23:26:57.769+0330] {logging_mixin.py:190} INFO - [2026-08-30T23:26:57.768+0330] {dagbag.py:588} INFO - Filling up the DagBag from /home/mmirnezamina/de_final_project/airflowenv/lib/python3.10/site-packages/airflow/example_dags/example_setup_teardown_taskflow.py
[2026-08-30T23:26:57.801+0330] {processor.py:925} INFO - DAG(s) 'example_setup_teardown_taskflow' retrieved from /home/mmirnezamina/de_final_project/airflowenv/lib/python3.10/site-packages/airflow/example_dags/example_setup_teardown_taskflow.py
[2026-08-30T23:26:57.872+0330] {logging_mixin.py:190} INFO - [2026-08-30T23:26:57.871+0330] {dag.py:3239} INFO - Sync 1 DAGs
[2026-08-30T23:26:57.907+0330] {logging_mixin.py:190} INFO - [2026-08-30T23:26:57.907+0330] {dag.py:4180} INFO - Setting next_dagrun for example_setup_teardown_taskflow to None, run_after=None
[2026-08-30T23:26:57.953+0330] {processor.py:208} INFO - Processing /home/mmirnezamina/de_final_project/airflowenv/lib/python3.10/site-packages/airflow/example_dags/example_setup_teardown_taskflow.py took 0.217 seconds
[2026-08-30T23:28:05.720+0330] {processor.py:186} INFO - Started process (PID=16474) to work on /home/mmirnezamina/de_final_project/airflowenv/lib/python3.10/site-packages/airflow/example_dags/example_setup_teardown_taskflow.py
[2026-08-30T23:28:05.722+0330] {processor.py:914} INFO - Processing file /home/mmirnezamina/de_final_project/airflowenv/lib/python3.10/site-packages/airflow/example_dags/example_setup_teardown_taskflow.py for tasks to queue
[2026-08-30T23:28:05.723+0330] {logging_mixin.py:190} INFO - [2026-08-30T23:28:05.722+0330] {dagbag.py:588} INFO - Filling up the DagBag from /home/mmirnezamina/de_final_project/airflowenv/lib/python3.10/site-packages/airflow/example_dags/example_setup_teardown_taskflow.py
[2026-08-30T23:28:05.733+0330] {processor.py:925} INFO - DAG(s) 'example_setup_teardown_taskflow' retrieved from /home/mmirnezamina/de_final_project/airflowenv/lib/python3.10/site-packages/airflow/example_dags/example_setup_teardown_taskflow.py
[2026-08-30T23:28:05.845+0330] {logging_mixin.py:190} INFO - [2026-08-30T23:28:05.844+0330] {override.py:1930} INFO - Created Permission View: can delete on DAG:example_setup_teardown_taskflow
[2026-08-30T23:28:05.863+0330] {logging_mixin.py:190} INFO - [2026-08-30T23:28:05.863+0330] {override.py:1930} INFO - Created Permission View: can read on DAG:example_setup_teardown_taskflow
[2026-08-30T23:28:05.880+0330] {logging_mixin.py:190} INFO - [2026-08-30T23:28:05.879+0330] {override.py:1930} INFO - Created Permission View: can edit on DAG:example_setup_teardown_taskflow
[2026-08-30T23:28:05.906+0330] {logging_mixin.py:190} INFO - [2026-08-30T23:28:05.906+0330] {override.py:1930} INFO - Created Permission View: can create on DAG Run:example_setup_teardown_taskflow
[2026-08-30T23:28:05.922+0330] {logging_mixin.py:190} INFO - [2026-08-30T23:28:05.922+0330] {override.py:1930} INFO - Created Permission View: can delete on DAG Run:example_setup_teardown_taskflow
[2026-08-30T23:28:05.938+0330] {logging_mixin.py:190} INFO - [2026-08-30T23:28:05.937+0330] {override.py:1930} INFO - Created Permission View: can read on DAG Run:example_setup_teardown_taskflow
[2026-08-30T23:28:05.954+0330] {logging_mixin.py:190} INFO - [2026-08-30T23:28:05.954+0330] {override.py:1930} INFO - Created Permission View: menu access on DAG Run:example_setup_teardown_taskflow
[2026-08-30T23:28:05.955+0330] {logging_mixin.py:190} INFO - [2026-08-30T23:28:05.955+0330] {dag.py:3239} INFO - Sync 1 DAGs
[2026-08-30T23:28:06.031+0330] {logging_mixin.py:190} INFO - [2026-08-30T23:28:06.031+0330] {dag.py:3262} INFO - Creating ORM DAG for example_setup_teardown_taskflow
[2026-08-30T23:28:06.037+0330] {logging_mixin.py:190} INFO - [2026-08-30T23:28:06.036+0330] {dag.py:4180} INFO - Setting next_dagrun for example_setup_teardown_taskflow to None, run_after=None
[2026-08-30T23:28:06.134+0330] {processor.py:208} INFO - Processing /home/mmirnezamina/de_final_project/airflowenv/lib/python3.10/site-packages/airflow/example_dags/example_setup_teardown_taskflow.py took 0.422 seconds
