[2026-08-30T23:13:47.133+0330] {processor.py:186} INFO - Started process (PID=13169) to work on /home/mmirnezamina/de_final_project/airflowenv/lib/python3.10/site-packages/airflow/example_dags/example_params_trigger_ui.py
[2026-08-30T23:13:47.136+0330] {processor.py:914} INFO - Processing file /home/mmirnezamina/de_final_project/airflowenv/lib/python3.10/site-packages/airflow/example_dags/example_params_trigger_ui.py for tasks to queue
[2026-08-30T23:13:47.141+0330] {logging_mixin.py:190} INFO - [2026-08-30T23:13:47.140+0330] {dagbag.py:588} INFO - Filling up the DagBag from /home/mmirnezamina/de_final_project/airflowenv/lib/python3.10/site-packages/airflow/example_dags/example_params_trigger_ui.py
[2026-08-30T23:13:47.186+0330] {processor.py:925} INFO - DAG(s) 'example_params_trigger_ui' retrieved from /home/mmirnezamina/de_final_project/airflowenv/lib/python3.10/site-packages/airflow/example_dags/example_params_trigger_ui.py
[2026-08-30T23:13:47.703+0330] {logging_mixin.py:190} INFO - [2026-08-30T23:13:47.701+0330] {override.py:1930} INFO - Created Permission View: can edit on DAG:example_params_trigger_ui
[2026-08-30T23:13:47.742+0330] {logging_mixin.py:190} INFO - [2026-08-30T23:13:47.741+0330] {override.py:1930} INFO - Created Permission View: can read on DAG:example_params_trigger_ui
[2026-08-30T23:13:47.768+0330] {logging_mixin.py:190} INFO - [2026-08-30T23:13:47.767+0330] {override.py:1930} INFO - Created Permission View: can delete on DAG:example_params_trigger_ui
[2026-08-30T23:13:47.797+0330] {logging_mixin.py:190} INFO - [2026-08-30T23:13:47.796+0330] {override.py:1930} INFO - Created Permission View: menu access on DAG Run:example_params_trigger_ui
[2026-08-30T23:13:47.822+0330] {logging_mixin.py:190} INFO - [2026-08-30T23:13:47.821+0330] {override.py:1930} INFO - Created Permission View: can create on DAG Run:example_params_trigger_ui
[2026-08-30T23:13:47.846+0330] {logging_mixin.py:190} INFO - [2026-08-30T23:13:47.846+0330] {override.py:1930} INFO - Created Permission View: can read on DAG Run:example_params_trigger_ui
[2026-08-30T23:13:47.872+0330] {logging_mixin.py:190} INFO - [2026-08-30T23:13:47.871+0330] {override.py:1930} INFO - Created Permission View: can delete on DAG Run:example_params_trigger_ui
[2026-08-30T23:13:47.873+0330] {logging_mixin.py:190} INFO - [2026-08-30T23:13:47.873+0330] {dag.py:3239} INFO - Sync 1 DAGs
[2026-08-30T23:13:47.918+0330] {logging_mixin.py:190} INFO - [2026-08-30T23:13:47.917+0330] {dag.py:3262} INFO - Creating ORM DAG for example_params_trigger_ui
[2026-08-30T23:13:47.920+0330] {logging_mixin.py:190} INFO - [2026-08-30T23:13:47.919+0330] {dag.py:4180} INFO - Setting next_dagrun for example_params_trigger_ui to None, run_after=None
[2026-08-30T23:13:48.036+0330] {processor.py:208} INFO - Processing /home/mmirnezamina/de_final_project/airflowenv/lib/python3.10/site-packages/airflow/example_dags/example_params_trigger_ui.py took 0.938 seconds
[2026-08-30T23:14:18.202+0330] {processor.py:186} INFO - Started process (PID=13297) to work on /home/mmirnezamina/de_final_project/airflowenv/lib/python3.10/site-packages/airflow/example_dags/example_params_trigger_ui.py
[2026-08-30T23:14:18.205+0330] {processor.py:914} INFO - Processing file /home/mmirnezamina/de_final_project/airflowenv/lib/python3.10/site-packages/airflow/example_dags/example_params_trigger_ui.py for tasks to queue
[2026-08-30T23:14:18.208+0330] {logging_mixin.py:190} INFO - [2026-08-30T23:14:18.207+0330] {dagbag.py:588} INFO - Filling up the DagBag from /home/mmirnezamina/de_final_project/airflowenv/lib/python3.10/site-packages/airflow/example_dags/example_params_trigger_ui.py
[2026-08-30T23:14:18.241+0330] {processor.py:925} INFO - DAG(s) 'example_params_trigger_ui' retrieved from /home/mmirnezamina/de_final_project/airflowenv/lib/python3.10/site-packages/airflow/example_dags/example_params_trigger_ui.py
[2026-08-30T23:14:18.372+0330] {logging_mixin.py:190} INFO - [2026-08-30T23:14:18.372+0330] {dag.py:3239} INFO - Sync 1 DAGs
[2026-08-30T23:14:18.396+0330] {logging_mixin.py:190} INFO - [2026-08-30T23:14:18.396+0330] {dag.py:4180} INFO - Setting next_dagrun for example_params_trigger_ui to None, run_after=None
[2026-08-30T23:14:18.441+0330] {processor.py:208} INFO - Processing /home/mmirnezamina/de_final_project/airflowenv/lib/python3.10/site-packages/airflow/example_dags/example_params_trigger_ui.py took 0.263 seconds
[2026-08-30T23:14:48.610+0330] {processor.py:186} INFO - Started process (PID=13414) to work on /home/mmirnezamina/de_final_project/airflowenv/lib/python3.10/site-packages/airflow/example_dags/example_params_trigger_ui.py
[2026-08-30T23:14:48.612+0330] {processor.py:914} INFO - Processing file /home/mmirnezamina/de_final_project/airflowenv/lib/python3.10/site-packages/airflow/example_dags/example_params_trigger_ui.py for tasks to queue
[2026-08-30T23:14:48.615+0330] {logging_mixin.py:190} INFO - [2026-08-30T23:14:48.615+0330] {dagbag.py:588} INFO - Filling up the DagBag from /home/mmirnezamina/de_final_project/airflowenv/lib/python3.10/site-packages/airflow/example_dags/example_params_trigger_ui.py
[2026-08-30T23:14:48.637+0330] {processor.py:925} INFO - DAG(s) 'example_params_trigger_ui' retrieved from /home/mmirnezamina/de_final_project/airflowenv/lib/python3.10/site-packages/airflow/example_dags/example_params_trigger_ui.py
[2026-08-30T23:14:48.757+0330] {logging_mixin.py:190} INFO - [2026-08-30T23:14:48.756+0330] {dag.py:3239} INFO - Sync 1 DAGs
[2026-08-30T23:14:48.790+0330] {logging_mixin.py:190} INFO - [2026-08-30T23:14:48.790+0330] {dag.py:4180} INFO - Setting next_dagrun for example_params_trigger_ui to None, run_after=None
[2026-08-30T23:14:48.834+0330] {processor.py:208} INFO - Processing /home/mmirnezamina/de_final_project/airflowenv/lib/python3.10/site-packages/airflow/example_dags/example_params_trigger_ui.py took 0.247 seconds
[2026-08-30T23:15:19.583+0330] {processor.py:186} INFO - Started process (PID=13535) to work on /home/mmirnezamina/de_final_project/airflowenv/lib/python3.10/site-packages/airflow/example_dags/example_params_trigger_ui.py
[2026-08-30T23:15:19.592+0330] {processor.py:914} INFO - Processing file /home/mmirnezamina/de_final_project/airflowenv/lib/python3.10/site-packages/airflow/example_dags/example_params_trigger_ui.py for tasks to queue
[2026-08-30T23:15:19.599+0330] {logging_mixin.py:190} INFO - [2026-08-30T23:15:19.598+0330] {dagbag.py:588} INFO - Filling up the DagBag from /home/mmirnezamina/de_final_project/airflowenv/lib/python3.10/site-packages/airflow/example_dags/example_params_trigger_ui.py
[2026-08-30T23:15:19.690+0330] {processor.py:925} INFO - DAG(s) 'example_params_trigger_ui' retrieved from /home/mmirnezamina/de_final_project/airflowenv/lib/python3.10/site-packages/airflow/example_dags/example_params_trigger_ui.py
[2026-08-30T23:15:20.061+0330] {logging_mixin.py:190} INFO - [2026-08-30T23:15:20.060+0330] {dag.py:3239} INFO - Sync 1 DAGs
[2026-08-30T23:15:20.134+0330] {logging_mixin.py:190} INFO - [2026-08-30T23:15:20.133+0330] {dag.py:4180} INFO - Setting next_dagrun for example_params_trigger_ui to None, run_after=None
[2026-08-30T23:15:20.235+0330] {processor.py:208} INFO - Processing /home/mmirnezamina/de_final_project/airflowenv/lib/python3.10/site-packages/airflow/example_dags/example_params_trigger_ui.py took 0.715 seconds
[2026-08-30T23:15:50.492+0330] {processor.py:186} INFO - Started process (PID=13651) to work on /home/mmirnezamina/de_final_project/airflowenv/lib/python3.10/site-packages/airflow/example_dags/example_params_trigger_ui.py
[2026-08-30T23:15:50.493+0330] {processor.py:914} INFO - Processing file /home/mmirnezamina/de_final_project/airflowenv/lib/python3.10/site-packages/airflow/example_dags/example_params_trigger_ui.py for tasks to queue
[2026-08-30T23:15:50.495+0330] {logging_mixin.py:190} INFO - [2026-08-30T23:15:50.494+0330] {dagbag.py:588} INFO - Filling up the DagBag from /home/mmirnezamina/de_final_project/airflowenv/lib/python3.10/site-packages/airflow/example_dags/example_params_trigger_ui.py
[2026-08-30T23:15:50.511+0330] {processor.py:925} INFO - DAG(s) 'example_params_trigger_ui' retrieved from /home/mmirnezamina/de_final_project/airflowenv/lib/python3.10/site-packages/airflow/example_dags/example_params_trigger_ui.py
[2026-08-30T23:15:50.559+0330] {logging_mixin.py:190} INFO - [2026-08-30T23:15:50.559+0330] {dag.py:3239} INFO - Sync 1 DAGs
[2026-08-30T23:15:50.573+0330] {logging_mixin.py:190} INFO - [2026-08-30T23:15:50.573+0330] {dag.py:4180} INFO - Setting next_dagrun for example_params_trigger_ui to None, run_after=None
[2026-08-30T23:15:50.599+0330] {processor.py:208} INFO - Processing /home/mmirnezamina/de_final_project/airflowenv/lib/python3.10/site-packages/airflow/example_dags/example_params_trigger_ui.py took 0.116 seconds
[2026-08-30T23:16:21.126+0330] {processor.py:186} INFO - Started process (PID=13771) to work on /home/mmirnezamina/de_final_project/airflowenv/lib/python3.10/site-packages/airflow/example_dags/example_params_trigger_ui.py
[2026-08-30T23:16:21.128+0330] {processor.py:914} INFO - Processing file /home/mmirnezamina/de_final_project/airflowenv/lib/python3.10/site-packages/airflow/example_dags/example_params_trigger_ui.py for tasks to queue
[2026-08-30T23:16:21.132+0330] {logging_mixin.py:190} INFO - [2026-08-30T23:16:21.132+0330] {dagbag.py:588} INFO - Filling up the DagBag from /home/mmirnezamina/de_final_project/airflowenv/lib/python3.10/site-packages/airflow/example_dags/example_params_trigger_ui.py
[2026-08-30T23:16:21.156+0330] {processor.py:925} INFO - DAG(s) 'example_params_trigger_ui' retrieved from /home/mmirnezamina/de_final_project/airflowenv/lib/python3.10/site-packages/airflow/example_dags/example_params_trigger_ui.py
[2026-08-30T23:16:21.237+0330] {logging_mixin.py:190} INFO - [2026-08-30T23:16:21.237+0330] {dag.py:3239} INFO - Sync 1 DAGs
[2026-08-30T23:16:21.264+0330] {logging_mixin.py:190} INFO - [2026-08-30T23:16:21.264+0330] {dag.py:4180} INFO - Setting next_dagrun for example_params_trigger_ui to None, run_after=None
[2026-08-30T23:16:21.298+0330] {processor.py:208} INFO - Processing /home/mmirnezamina/de_final_project/airflowenv/lib/python3.10/site-packages/airflow/example_dags/example_params_trigger_ui.py took 0.189 seconds
[2026-08-30T23:16:51.396+0330] {processor.py:186} INFO - Started process (PID=13920) to work on /home/mmirnezamina/de_final_project/airflowenv/lib/python3.10/site-packages/airflow/example_dags/example_params_trigger_ui.py
[2026-08-30T23:16:51.398+0330] {processor.py:914} INFO - Processing file /home/mmirnezamina/de_final_project/airflowenv/lib/python3.10/site-packages/airflow/example_dags/example_params_trigger_ui.py for tasks to queue
[2026-08-30T23:16:51.400+0330] {logging_mixin.py:190} INFO - [2026-08-30T23:16:51.399+0330] {dagbag.py:588} INFO - Filling up the DagBag from /home/mmirnezamina/de_final_project/airflowenv/lib/python3.10/site-packages/airflow/example_dags/example_params_trigger_ui.py
[2026-08-30T23:16:51.423+0330] {processor.py:925} INFO - DAG(s) 'example_params_trigger_ui' retrieved from /home/mmirnezamina/de_final_project/airflowenv/lib/python3.10/site-packages/airflow/example_dags/example_params_trigger_ui.py
[2026-08-30T23:16:51.511+0330] {logging_mixin.py:190} INFO - [2026-08-30T23:16:51.510+0330] {dag.py:3239} INFO - Sync 1 DAGs
[2026-08-30T23:16:51.536+0330] {logging_mixin.py:190} INFO - [2026-08-30T23:16:51.536+0330] {dag.py:4180} INFO - Setting next_dagrun for example_params_trigger_ui to None, run_after=None
[2026-08-30T23:16:51.573+0330] {processor.py:208} INFO - Processing /home/mmirnezamina/de_final_project/airflowenv/lib/python3.10/site-packages/airflow/example_dags/example_params_trigger_ui.py took 0.191 seconds
[2026-08-30T23:17:21.944+0330] {processor.py:186} INFO - Started process (PID=14058) to work on /home/mmirnezamina/de_final_project/airflowenv/lib/python3.10/site-packages/airflow/example_dags/example_params_trigger_ui.py
[2026-08-30T23:17:21.948+0330] {processor.py:914} INFO - Processing file /home/mmirnezamina/de_final_project/airflowenv/lib/python3.10/site-packages/airflow/example_dags/example_params_trigger_ui.py for tasks to queue
[2026-08-30T23:17:21.951+0330] {logging_mixin.py:190} INFO - [2026-08-30T23:17:21.950+0330] {dagbag.py:588} INFO - Filling up the DagBag from /home/mmirnezamina/de_final_project/airflowenv/lib/python3.10/site-packages/airflow/example_dags/example_params_trigger_ui.py
[2026-08-30T23:17:21.992+0330] {processor.py:925} INFO - DAG(s) 'example_params_trigger_ui' retrieved from /home/mmirnezamina/de_final_project/airflowenv/lib/python3.10/site-packages/airflow/example_dags/example_params_trigger_ui.py
[2026-08-30T23:17:22.234+0330] {logging_mixin.py:190} INFO - [2026-08-30T23:17:22.233+0330] {dag.py:3239} INFO - Sync 1 DAGs
[2026-08-30T23:17:22.314+0330] {logging_mixin.py:190} INFO - [2026-08-30T23:17:22.313+0330] {dag.py:4180} INFO - Setting next_dagrun for example_params_trigger_ui to None, run_after=None
[2026-08-30T23:17:22.447+0330] {processor.py:208} INFO - Processing /home/mmirnezamina/de_final_project/airflowenv/lib/python3.10/site-packages/airflow/example_dags/example_params_trigger_ui.py took 0.528 seconds
[2026-08-30T23:17:53.310+0330] {processor.py:186} INFO - Started process (PID=14181) to work on /home/mmirnezamina/de_final_project/airflowenv/lib/python3.10/site-packages/airflow/example_dags/example_params_trigger_ui.py
[2026-08-30T23:17:53.312+0330] {processor.py:914} INFO - Processing file /home/mmirnezamina/de_final_project/airflowenv/lib/python3.10/site-packages/airflow/example_dags/example_params_trigger_ui.py for tasks to queue
[2026-08-30T23:17:53.314+0330] {logging_mixin.py:190} INFO - [2026-08-30T23:17:53.314+0330] {dagbag.py:588} INFO - Filling up the DagBag from /home/mmirnezamina/de_final_project/airflowenv/lib/python3.10/site-packages/airflow/example_dags/example_params_trigger_ui.py
[2026-08-30T23:17:53.330+0330] {processor.py:925} INFO - DAG(s) 'example_params_trigger_ui' retrieved from /home/mmirnezamina/de_final_project/airflowenv/lib/python3.10/site-packages/airflow/example_dags/example_params_trigger_ui.py
[2026-08-30T23:17:53.406+0330] {logging_mixin.py:190} INFO - [2026-08-30T23:17:53.406+0330] {dag.py:3239} INFO - Sync 1 DAGs
[2026-08-30T23:17:53.426+0330] {logging_mixin.py:190} INFO - [2026-08-30T23:17:53.425+0330] {dag.py:4180} INFO - Setting next_dagrun for example_params_trigger_ui to None, run_after=None
[2026-08-30T23:17:53.457+0330] {processor.py:208} INFO - Processing /home/mmirnezamina/de_final_project/airflowenv/lib/python3.10/site-packages/airflow/example_dags/example_params_trigger_ui.py took 0.157 seconds
[2026-08-30T23:18:23.741+0330] {processor.py:186} INFO - Started process (PID=14301) to work on /home/mmirnezamina/de_final_project/airflowenv/lib/python3.10/site-packages/airflow/example_dags/example_params_trigger_ui.py
[2026-08-30T23:18:23.742+0330] {processor.py:914} INFO - Processing file /home/mmirnezamina/de_final_project/airflowenv/lib/python3.10/site-packages/airflow/example_dags/example_params_trigger_ui.py for tasks to queue
[2026-08-30T23:18:23.743+0330] {logging_mixin.py:190} INFO - [2026-08-30T23:18:23.743+0330] {dagbag.py:588} INFO - Filling up the DagBag from /home/mmirnezamina/de_final_project/airflowenv/lib/python3.10/site-packages/airflow/example_dags/example_params_trigger_ui.py
[2026-08-30T23:18:23.754+0330] {processor.py:925} INFO - DAG(s) 'example_params_trigger_ui' retrieved from /home/mmirnezamina/de_final_project/airflowenv/lib/python3.10/site-packages/airflow/example_dags/example_params_trigger_ui.py
[2026-08-30T23:18:23.806+0330] {logging_mixin.py:190} INFO - [2026-08-30T23:18:23.806+0330] {dag.py:3239} INFO - Sync 1 DAGs
[2026-08-30T23:18:23.820+0330] {logging_mixin.py:190} INFO - [2026-08-30T23:18:23.820+0330] {dag.py:4180} INFO - Setting next_dagrun for example_params_trigger_ui to None, run_after=None
[2026-08-30T23:18:23.843+0330] {processor.py:208} INFO - Processing /home/mmirnezamina/de_final_project/airflowenv/lib/python3.10/site-packages/airflow/example_dags/example_params_trigger_ui.py took 0.109 seconds
[2026-08-30T23:18:54.533+0330] {processor.py:186} INFO - Started process (PID=14418) to work on /home/mmirnezamina/de_final_project/airflowenv/lib/python3.10/site-packages/airflow/example_dags/example_params_trigger_ui.py
[2026-08-30T23:18:54.534+0330] {processor.py:914} INFO - Processing file /home/mmirnezamina/de_final_project/airflowenv/lib/python3.10/site-packages/airflow/example_dags/example_params_trigger_ui.py for tasks to queue
[2026-08-30T23:18:54.536+0330] {logging_mixin.py:190} INFO - [2026-08-30T23:18:54.536+0330] {dagbag.py:588} INFO - Filling up the DagBag from /home/mmirnezamina/de_final_project/airflowenv/lib/python3.10/site-packages/airflow/example_dags/example_params_trigger_ui.py
[2026-08-30T23:18:54.548+0330] {processor.py:925} INFO - DAG(s) 'example_params_trigger_ui' retrieved from /home/mmirnezamina/de_final_project/airflowenv/lib/python3.10/site-packages/airflow/example_dags/example_params_trigger_ui.py
[2026-08-30T23:18:54.604+0330] {logging_mixin.py:190} INFO - [2026-08-30T23:18:54.603+0330] {dag.py:3239} INFO - Sync 1 DAGs
[2026-08-30T23:18:54.619+0330] {logging_mixin.py:190} INFO - [2026-08-30T23:18:54.619+0330] {dag.py:4180} INFO - Setting next_dagrun for example_params_trigger_ui to None, run_after=None
[2026-08-30T23:18:54.646+0330] {processor.py:208} INFO - Processing /home/mmirnezamina/de_final_project/airflowenv/lib/python3.10/site-packages/airflow/example_dags/example_params_trigger_ui.py took 0.123 seconds
[2026-08-30T23:19:24.915+0330] {processor.py:186} INFO - Started process (PID=14538) to work on /home/mmirnezamina/de_final_project/airflowenv/lib/python3.10/site-packages/airflow/example_dags/example_params_trigger_ui.py
[2026-08-30T23:19:24.916+0330] {processor.py:914} INFO - Processing file /home/mmirnezamina/de_final_project/airflowenv/lib/python3.10/site-packages/airflow/example_dags/example_params_trigger_ui.py for tasks to queue
[2026-08-30T23:19:24.917+0330] {logging_mixin.py:190} INFO - [2026-08-30T23:19:24.917+0330] {dagbag.py:588} INFO - Filling up the DagBag from /home/mmirnezamina/de_final_project/airflowenv/lib/python3.10/site-packages/airflow/example_dags/example_params_trigger_ui.py
[2026-08-30T23:19:24.928+0330] {processor.py:925} INFO - DAG(s) 'example_params_trigger_ui' retrieved from /home/mmirnezamina/de_final_project/airflowenv/lib/python3.10/site-packages/airflow/example_dags/example_params_trigger_ui.py
[2026-08-30T23:19:24.983+0330] {logging_mixin.py:190} INFO - [2026-08-30T23:19:24.982+0330] {dag.py:3239} INFO - Sync 1 DAGs
[2026-08-30T23:19:24.999+0330] {logging_mixin.py:190} INFO - [2026-08-30T23:19:24.999+0330] {dag.py:4180} INFO - Setting next_dagrun for example_params_trigger_ui to None, run_after=None
[2026-08-30T23:19:25.026+0330] {processor.py:208} INFO - Processing /home/mmirnezamina/de_final_project/airflowenv/lib/python3.10/site-packages/airflow/example_dags/example_params_trigger_ui.py took 0.118 seconds
[2026-08-30T23:19:55.288+0330] {processor.py:186} INFO - Started process (PID=14655) to work on /home/mmirnezamina/de_final_project/airflowenv/lib/python3.10/site-packages/airflow/example_dags/example_params_trigger_ui.py
[2026-08-30T23:19:55.292+0330] {processor.py:914} INFO - Processing file /home/mmirnezamina/de_final_project/airflowenv/lib/python3.10/site-packages/airflow/example_dags/example_params_trigger_ui.py for tasks to queue
[2026-08-30T23:19:55.301+0330] {logging_mixin.py:190} INFO - [2026-08-30T23:19:55.301+0330] {dagbag.py:588} INFO - Filling up the DagBag from /home/mmirnezamina/de_final_project/airflowenv/lib/python3.10/site-packages/airflow/example_dags/example_params_trigger_ui.py
[2026-08-30T23:19:55.330+0330] {processor.py:925} INFO - DAG(s) 'example_params_trigger_ui' retrieved from /home/mmirnezamina/de_final_project/airflowenv/lib/python3.10/site-packages/airflow/example_dags/example_params_trigger_ui.py
[2026-08-30T23:19:55.385+0330] {logging_mixin.py:190} INFO - [2026-08-30T23:19:55.385+0330] {dag.py:3239} INFO - Sync 1 DAGs
[2026-08-30T23:19:55.399+0330] {logging_mixin.py:190} INFO - [2026-08-30T23:19:55.399+0330] {dag.py:4180} INFO - Setting next_dagrun for example_params_trigger_ui to None, run_after=None
[2026-08-30T23:19:55.432+0330] {processor.py:208} INFO - Processing /home/mmirnezamina/de_final_project/airflowenv/lib/python3.10/site-packages/airflow/example_dags/example_params_trigger_ui.py took 0.152 seconds
[2026-08-30T23:20:26.093+0330] {processor.py:186} INFO - Started process (PID=14779) to work on /home/mmirnezamina/de_final_project/airflowenv/lib/python3.10/site-packages/airflow/example_dags/example_params_trigger_ui.py
[2026-08-30T23:20:26.094+0330] {processor.py:914} INFO - Processing file /home/mmirnezamina/de_final_project/airflowenv/lib/python3.10/site-packages/airflow/example_dags/example_params_trigger_ui.py for tasks to queue
[2026-08-30T23:20:26.095+0330] {logging_mixin.py:190} INFO - [2026-08-30T23:20:26.095+0330] {dagbag.py:588} INFO - Filling up the DagBag from /home/mmirnezamina/de_final_project/airflowenv/lib/python3.10/site-packages/airflow/example_dags/example_params_trigger_ui.py
[2026-08-30T23:20:26.105+0330] {processor.py:925} INFO - DAG(s) 'example_params_trigger_ui' retrieved from /home/mmirnezamina/de_final_project/airflowenv/lib/python3.10/site-packages/airflow/example_dags/example_params_trigger_ui.py
[2026-08-30T23:20:26.157+0330] {logging_mixin.py:190} INFO - [2026-08-30T23:20:26.157+0330] {dag.py:3239} INFO - Sync 1 DAGs
[2026-08-30T23:20:26.171+0330] {logging_mixin.py:190} INFO - [2026-08-30T23:20:26.171+0330] {dag.py:4180} INFO - Setting next_dagrun for example_params_trigger_ui to None, run_after=None
[2026-08-30T23:20:26.194+0330] {processor.py:208} INFO - Processing /home/mmirnezamina/de_final_project/airflowenv/lib/python3.10/site-packages/airflow/example_dags/example_params_trigger_ui.py took 0.109 seconds
[2026-08-30T23:20:56.468+0330] {processor.py:186} INFO - Started process (PID=14896) to work on /home/mmirnezamina/de_final_project/airflowenv/lib/python3.10/site-packages/airflow/example_dags/example_params_trigger_ui.py
[2026-08-30T23:20:56.468+0330] {processor.py:914} INFO - Processing file /home/mmirnezamina/de_final_project/airflowenv/lib/python3.10/site-packages/airflow/example_dags/example_params_trigger_ui.py for tasks to queue
[2026-08-30T23:20:56.469+0330] {logging_mixin.py:190} INFO - [2026-08-30T23:20:56.469+0330] {dagbag.py:588} INFO - Filling up the DagBag from /home/mmirnezamina/de_final_project/airflowenv/lib/python3.10/site-packages/airflow/example_dags/example_params_trigger_ui.py
[2026-08-30T23:20:56.479+0330] {processor.py:925} INFO - DAG(s) 'example_params_trigger_ui' retrieved from /home/mmirnezamina/de_final_project/airflowenv/lib/python3.10/site-packages/airflow/example_dags/example_params_trigger_ui.py
[2026-08-30T23:20:56.534+0330] {logging_mixin.py:190} INFO - [2026-08-30T23:20:56.534+0330] {dag.py:3239} INFO - Sync 1 DAGs
[2026-08-30T23:20:56.545+0330] {logging_mixin.py:190} INFO - [2026-08-30T23:20:56.545+0330] {dag.py:4180} INFO - Setting next_dagrun for example_params_trigger_ui to None, run_after=None
[2026-08-30T23:20:56.567+0330] {processor.py:208} INFO - Processing /home/mmirnezamina/de_final_project/airflowenv/lib/python3.10/site-packages/airflow/example_dags/example_params_trigger_ui.py took 0.106 seconds
[2026-08-30T23:21:27.068+0330] {processor.py:186} INFO - Started process (PID=15016) to work on /home/mmirnezamina/de_final_project/airflowenv/lib/python3.10/site-packages/airflow/example_dags/example_params_trigger_ui.py
[2026-08-30T23:21:27.069+0330] {processor.py:914} INFO - Processing file /home/mmirnezamina/de_final_project/airflowenv/lib/python3.10/site-packages/airflow/example_dags/example_params_trigger_ui.py for tasks to queue
[2026-08-30T23:21:27.071+0330] {logging_mixin.py:190} INFO - [2026-08-30T23:21:27.071+0330] {dagbag.py:588} INFO - Filling up the DagBag from /home/mmirnezamina/de_final_project/airflowenv/lib/python3.10/site-packages/airflow/example_dags/example_params_trigger_ui.py
[2026-08-30T23:21:27.086+0330] {processor.py:925} INFO - DAG(s) 'example_params_trigger_ui' retrieved from /home/mmirnezamina/de_final_project/airflowenv/lib/python3.10/site-packages/airflow/example_dags/example_params_trigger_ui.py
[2026-08-30T23:21:27.148+0330] {logging_mixin.py:190} INFO - [2026-08-30T23:21:27.148+0330] {dag.py:3239} INFO - Sync 1 DAGs
[2026-08-30T23:21:27.172+0330] {logging_mixin.py:190} INFO - [2026-08-30T23:21:27.171+0330] {dag.py:4180} INFO - Setting next_dagrun for example_params_trigger_ui to None, run_after=None
[2026-08-30T23:21:27.204+0330] {processor.py:208} INFO - Processing /home/mmirnezamina/de_final_project/airflowenv/lib/python3.10/site-packages/airflow/example_dags/example_params_trigger_ui.py took 0.145 seconds
[2026-08-30T23:21:57.282+0330] {processor.py:186} INFO - Started process (PID=15133) to work on /home/mmirnezamina/de_final_project/airflowenv/lib/python3.10/site-packages/airflow/example_dags/example_params_trigger_ui.py
[2026-08-30T23:21:57.283+0330] {processor.py:914} INFO - Processing file /home/mmirnezamina/de_final_project/airflowenv/lib/python3.10/site-packages/airflow/example_dags/example_params_trigger_ui.py for tasks to queue
[2026-08-30T23:21:57.284+0330] {logging_mixin.py:190} INFO - [2026-08-30T23:21:57.283+0330] {dagbag.py:588} INFO - Filling up the DagBag from /home/mmirnezamina/de_final_project/airflowenv/lib/python3.10/site-packages/airflow/example_dags/example_params_trigger_ui.py
[2026-08-30T23:21:57.293+0330] {processor.py:925} INFO - DAG(s) 'example_params_trigger_ui' retrieved from /home/mmirnezamina/de_final_project/airflowenv/lib/python3.10/site-packages/airflow/example_dags/example_params_trigger_ui.py
[2026-08-30T23:21:57.332+0330] {logging_mixin.py:190} INFO - [2026-08-30T23:21:57.332+0330] {dag.py:3239} INFO - Sync 1 DAGs
[2026-08-30T23:21:57.345+0330] {logging_mixin.py:190} INFO - [2026-08-30T23:21:57.344+0330] {dag.py:4180} INFO - Setting next_dagrun for example_params_trigger_ui to None, run_after=None
[2026-08-30T23:21:57.369+0330] {processor.py:208} INFO - Processing /home/mmirnezamina/de_final_project/airflowenv/lib/python3.10/site-packages/airflow/example_dags/example_params_trigger_ui.py took 0.093 seconds
[2026-08-30T23:22:27.928+0330] {processor.py:186} INFO - Started process (PID=15254) to work on /home/mmirnezamina/de_final_project/airflowenv/lib/python3.10/site-packages/airflow/example_dags/example_params_trigger_ui.py
[2026-08-30T23:22:27.930+0330] {processor.py:914} INFO - Processing file /home/mmirnezamina/de_final_project/airflowenv/lib/python3.10/site-packages/airflow/example_dags/example_params_trigger_ui.py for tasks to queue
[2026-08-30T23:22:27.931+0330] {logging_mixin.py:190} INFO - [2026-08-30T23:22:27.931+0330] {dagbag.py:588} INFO - Filling up the DagBag from /home/mmirnezamina/de_final_project/airflowenv/lib/python3.10/site-packages/airflow/example_dags/example_params_trigger_ui.py
[2026-08-30T23:22:27.942+0330] {processor.py:925} INFO - DAG(s) 'example_params_trigger_ui' retrieved from /home/mmirnezamina/de_final_project/airflowenv/lib/python3.10/site-packages/airflow/example_dags/example_params_trigger_ui.py
[2026-08-30T23:22:27.994+0330] {logging_mixin.py:190} INFO - [2026-08-30T23:22:27.994+0330] {dag.py:3239} INFO - Sync 1 DAGs
[2026-08-30T23:22:28.009+0330] {logging_mixin.py:190} INFO - [2026-08-30T23:22:28.009+0330] {dag.py:4180} INFO - Setting next_dagrun for example_params_trigger_ui to None, run_after=None
[2026-08-30T23:22:28.033+0330] {processor.py:208} INFO - Processing /home/mmirnezamina/de_final_project/airflowenv/lib/python3.10/site-packages/airflow/example_dags/example_params_trigger_ui.py took 0.112 seconds
[2026-08-30T23:22:58.208+0330] {processor.py:186} INFO - Started process (PID=15373) to work on /home/mmirnezamina/de_final_project/airflowenv/lib/python3.10/site-packages/airflow/example_dags/example_params_trigger_ui.py
[2026-08-30T23:22:58.209+0330] {processor.py:914} INFO - Processing file /home/mmirnezamina/de_final_project/airflowenv/lib/python3.10/site-packages/airflow/example_dags/example_params_trigger_ui.py for tasks to queue
[2026-08-30T23:22:58.210+0330] {logging_mixin.py:190} INFO - [2026-08-30T23:22:58.210+0330] {dagbag.py:588} INFO - Filling up the DagBag from /home/mmirnezamina/de_final_project/airflowenv/lib/python3.10/site-packages/airflow/example_dags/example_params_trigger_ui.py
[2026-08-30T23:22:58.220+0330] {processor.py:925} INFO - DAG(s) 'example_params_trigger_ui' retrieved from /home/mmirnezamina/de_final_project/airflowenv/lib/python3.10/site-packages/airflow/example_dags/example_params_trigger_ui.py
[2026-08-30T23:22:58.273+0330] {logging_mixin.py:190} INFO - [2026-08-30T23:22:58.273+0330] {dag.py:3239} INFO - Sync 1 DAGs
[2026-08-30T23:22:58.289+0330] {logging_mixin.py:190} INFO - [2026-08-30T23:22:58.289+0330] {dag.py:4180} INFO - Setting next_dagrun for example_params_trigger_ui to None, run_after=None
[2026-08-30T23:22:58.312+0330] {processor.py:208} INFO - Processing /home/mmirnezamina/de_final_project/airflowenv/lib/python3.10/site-packages/airflow/example_dags/example_params_trigger_ui.py took 0.115 seconds
[2026-08-30T23:23:28.705+0330] {processor.py:186} INFO - Started process (PID=15491) to work on /home/mmirnezamina/de_final_project/airflowenv/lib/python3.10/site-packages/airflow/example_dags/example_params_trigger_ui.py
[2026-08-30T23:23:28.707+0330] {processor.py:914} INFO - Processing file /home/mmirnezamina/de_final_project/airflowenv/lib/python3.10/site-packages/airflow/example_dags/example_params_trigger_ui.py for tasks to queue
[2026-08-30T23:23:28.710+0330] {logging_mixin.py:190} INFO - [2026-08-30T23:23:28.709+0330] {dagbag.py:588} INFO - Filling up the DagBag from /home/mmirnezamina/de_final_project/airflowenv/lib/python3.10/site-packages/airflow/example_dags/example_params_trigger_ui.py
[2026-08-30T23:23:28.731+0330] {processor.py:925} INFO - DAG(s) 'example_params_trigger_ui' retrieved from /home/mmirnezamina/de_final_project/airflowenv/lib/python3.10/site-packages/airflow/example_dags/example_params_trigger_ui.py
[2026-08-30T23:23:28.820+0330] {logging_mixin.py:190} INFO - [2026-08-30T23:23:28.819+0330] {dag.py:3239} INFO - Sync 1 DAGs
[2026-08-30T23:23:28.846+0330] {logging_mixin.py:190} INFO - [2026-08-30T23:23:28.846+0330] {dag.py:4180} INFO - Setting next_dagrun for example_params_trigger_ui to None, run_after=None
[2026-08-30T23:23:28.888+0330] {processor.py:208} INFO - Processing /home/mmirnezamina/de_final_project/airflowenv/lib/python3.10/site-packages/airflow/example_dags/example_params_trigger_ui.py took 0.195 seconds
[2026-08-30T23:23:59.808+0330] {processor.py:186} INFO - Started process (PID=15610) to work on /home/mmirnezamina/de_final_project/airflowenv/lib/python3.10/site-packages/airflow/example_dags/example_params_trigger_ui.py
[2026-08-30T23:23:59.809+0330] {processor.py:914} INFO - Processing file /home/mmirnezamina/de_final_project/airflowenv/lib/python3.10/site-packages/airflow/example_dags/example_params_trigger_ui.py for tasks to queue
[2026-08-30T23:23:59.811+0330] {logging_mixin.py:190} INFO - [2026-08-30T23:23:59.811+0330] {dagbag.py:588} INFO - Filling up the DagBag from /home/mmirnezamina/de_final_project/airflowenv/lib/python3.10/site-packages/airflow/example_dags/example_params_trigger_ui.py
[2026-08-30T23:23:59.823+0330] {processor.py:925} INFO - DAG(s) 'example_params_trigger_ui' retrieved from /home/mmirnezamina/de_final_project/airflowenv/lib/python3.10/site-packages/airflow/example_dags/example_params_trigger_ui.py
[2026-08-30T23:23:59.881+0330] {logging_mixin.py:190} INFO - [2026-08-30T23:23:59.880+0330] {dag.py:3239} INFO - Sync 1 DAGs
[2026-08-30T23:23:59.897+0330] {logging_mixin.py:190} INFO - [2026-08-30T23:23:59.896+0330] {dag.py:4180} INFO - Setting next_dagrun for example_params_trigger_ui to None, run_after=None
[2026-08-30T23:23:59.918+0330] {processor.py:208} INFO - Processing /home/mmirnezamina/de_final_project/airflowenv/lib/python3.10/site-packages/airflow/example_dags/example_params_trigger_ui.py took 0.117 seconds
[2026-08-30T23:24:30.021+0330] {processor.py:186} INFO - Started process (PID=15728) to work on /home/mmirnezamina/de_final_project/airflowenv/lib/python3.10/site-packages/airflow/example_dags/example_params_trigger_ui.py
[2026-08-30T23:24:30.023+0330] {processor.py:914} INFO - Processing file /home/mmirnezamina/de_final_project/airflowenv/lib/python3.10/site-packages/airflow/example_dags/example_params_trigger_ui.py for tasks to queue
[2026-08-30T23:24:30.024+0330] {logging_mixin.py:190} INFO - [2026-08-30T23:24:30.024+0330] {dagbag.py:588} INFO - Filling up the DagBag from /home/mmirnezamina/de_final_project/airflowenv/lib/python3.10/site-packages/airflow/example_dags/example_params_trigger_ui.py
[2026-08-30T23:24:30.039+0330] {processor.py:925} INFO - DAG(s) 'example_params_trigger_ui' retrieved from /home/mmirnezamina/de_final_project/airflowenv/lib/python3.10/site-packages/airflow/example_dags/example_params_trigger_ui.py
[2026-08-30T23:24:30.108+0330] {logging_mixin.py:190} INFO - [2026-08-30T23:24:30.108+0330] {dag.py:3239} INFO - Sync 1 DAGs
[2026-08-30T23:24:30.126+0330] {logging_mixin.py:190} INFO - [2026-08-30T23:24:30.126+0330] {dag.py:4180} INFO - Setting next_dagrun for example_params_trigger_ui to None, run_after=None
[2026-08-30T23:24:30.155+0330] {processor.py:208} INFO - Processing /home/mmirnezamina/de_final_project/airflowenv/lib/python3.10/site-packages/airflow/example_dags/example_params_trigger_ui.py took 0.144 seconds
[2026-08-30T23:25:00.509+0330] {processor.py:186} INFO - Started process (PID=15867) to work on /home/mmirnezamina/de_final_project/airflowenv/lib/python3.10/site-packages/airflow/example_dags/example_params_trigger_ui.py
[2026-08-30T23:25:00.510+0330] {processor.py:914} INFO - Processing file /home/mmirnezamina/de_final_project/airflowenv/lib/python3.10/site-packages/airflow/example_dags/example_params_trigger_ui.py for tasks to queue
[2026-08-30T23:25:00.513+0330] {logging_mixin.py:190} INFO - [2026-08-30T23:25:00.512+0330] {dagbag.py:588} INFO - Filling up the DagBag from /home/mmirnezamina/de_final_project/airflowenv/lib/python3.10/site-packages/airflow/example_dags/example_params_trigger_ui.py
[2026-08-30T23:25:00.530+0330] {processor.py:925} INFO - DAG(s) 'example_params_trigger_ui' retrieved from /home/mmirnezamina/de_final_project/airflowenv/lib/python3.10/site-packages/airflow/example_dags/example_params_trigger_ui.py
[2026-08-30T23:25:00.596+0330] {logging_mixin.py:190} INFO - [2026-08-30T23:25:00.596+0330] {dag.py:3239} INFO - Sync 1 DAGs
[2026-08-30T23:25:00.618+0330] {logging_mixin.py:190} INFO - [2026-08-30T23:25:00.618+0330] {dag.py:4180} INFO - Setting next_dagrun for example_params_trigger_ui to None, run_after=None
[2026-08-30T23:25:00.646+0330] {processor.py:208} INFO - Processing /home/mmirnezamina/de_final_project/airflowenv/lib/python3.10/site-packages/airflow/example_dags/example_params_trigger_ui.py took 0.151 seconds
[2026-08-30T23:25:30.994+0330] {processor.py:186} INFO - Started process (PID=16005) to work on /home/mmirnezamina/de_final_project/airflowenv/lib/python3.10/site-packages/airflow/example_dags/example_params_trigger_ui.py
[2026-08-30T23:25:30.996+0330] {processor.py:914} INFO - Processing file /home/mmirnezamina/de_final_project/airflowenv/lib/python3.10/site-packages/airflow/example_dags/example_params_trigger_ui.py for tasks to queue
[2026-08-30T23:25:30.998+0330] {logging_mixin.py:190} INFO - [2026-08-30T23:25:30.998+0330] {dagbag.py:588} INFO - Filling up the DagBag from /home/mmirnezamina/de_final_project/airflowenv/lib/python3.10/site-packages/airflow/example_dags/example_params_trigger_ui.py
[2026-08-30T23:25:31.016+0330] {processor.py:925} INFO - DAG(s) 'example_params_trigger_ui' retrieved from /home/mmirnezamina/de_final_project/airflowenv/lib/python3.10/site-packages/airflow/example_dags/example_params_trigger_ui.py
[2026-08-30T23:25:31.079+0330] {logging_mixin.py:190} INFO - [2026-08-30T23:25:31.079+0330] {dag.py:3239} INFO - Sync 1 DAGs
[2026-08-30T23:25:31.096+0330] {logging_mixin.py:190} INFO - [2026-08-30T23:25:31.096+0330] {dag.py:4180} INFO - Setting next_dagrun for example_params_trigger_ui to None, run_after=None
[2026-08-30T23:25:31.126+0330] {processor.py:208} INFO - Processing /home/mmirnezamina/de_final_project/airflowenv/lib/python3.10/site-packages/airflow/example_dags/example_params_trigger_ui.py took 0.143 seconds
[2026-08-30T23:26:01.471+0330] {processor.py:186} INFO - Started process (PID=16130) to work on /home/mmirnezamina/de_final_project/airflowenv/lib/python3.10/site-packages/airflow/example_dags/example_params_trigger_ui.py
[2026-08-30T23:26:01.472+0330] {processor.py:914} INFO - Processing file /home/mmirnezamina/de_final_project/airflowenv/lib/python3.10/site-packages/airflow/example_dags/example_params_trigger_ui.py for tasks to queue
[2026-08-30T23:26:01.474+0330] {logging_mixin.py:190} INFO - [2026-08-30T23:26:01.473+0330] {dagbag.py:588} INFO - Filling up the DagBag from /home/mmirnezamina/de_final_project/airflowenv/lib/python3.10/site-packages/airflow/example_dags/example_params_trigger_ui.py
[2026-08-30T23:26:01.490+0330] {processor.py:925} INFO - DAG(s) 'example_params_trigger_ui' retrieved from /home/mmirnezamina/de_final_project/airflowenv/lib/python3.10/site-packages/airflow/example_dags/example_params_trigger_ui.py
[2026-08-30T23:26:01.547+0330] {logging_mixin.py:190} INFO - [2026-08-30T23:26:01.547+0330] {dag.py:3239} INFO - Sync 1 DAGs
[2026-08-30T23:26:01.564+0330] {logging_mixin.py:190} INFO - [2026-08-30T23:26:01.563+0330] {dag.py:4180} INFO - Setting next_dagrun for example_params_trigger_ui to None, run_after=None
[2026-08-30T23:26:01.590+0330] {processor.py:208} INFO - Processing /home/mmirnezamina/de_final_project/airflowenv/lib/python3.10/site-packages/airflow/example_dags/example_params_trigger_ui.py took 0.128 seconds
[2026-08-30T23:26:31.792+0330] {processor.py:186} INFO - Started process (PID=16248) to work on /home/mmirnezamina/de_final_project/airflowenv/lib/python3.10/site-packages/airflow/example_dags/example_params_trigger_ui.py
[2026-08-30T23:26:31.794+0330] {processor.py:914} INFO - Processing file /home/mmirnezamina/de_final_project/airflowenv/lib/python3.10/site-packages/airflow/example_dags/example_params_trigger_ui.py for tasks to queue
[2026-08-30T23:26:31.796+0330] {logging_mixin.py:190} INFO - [2026-08-30T23:26:31.796+0330] {dagbag.py:588} INFO - Filling up the DagBag from /home/mmirnezamina/de_final_project/airflowenv/lib/python3.10/site-packages/airflow/example_dags/example_params_trigger_ui.py
[2026-08-30T23:26:31.815+0330] {processor.py:925} INFO - DAG(s) 'example_params_trigger_ui' retrieved from /home/mmirnezamina/de_final_project/airflowenv/lib/python3.10/site-packages/airflow/example_dags/example_params_trigger_ui.py
[2026-08-30T23:26:31.888+0330] {logging_mixin.py:190} INFO - [2026-08-30T23:26:31.888+0330] {dag.py:3239} INFO - Sync 1 DAGs
[2026-08-30T23:26:31.909+0330] {logging_mixin.py:190} INFO - [2026-08-30T23:26:31.908+0330] {dag.py:4180} INFO - Setting next_dagrun for example_params_trigger_ui to None, run_after=None
[2026-08-30T23:26:31.938+0330] {processor.py:208} INFO - Processing /home/mmirnezamina/de_final_project/airflowenv/lib/python3.10/site-packages/airflow/example_dags/example_params_trigger_ui.py took 0.159 seconds
[2026-08-30T23:28:16.273+0330] {processor.py:186} INFO - Started process (PID=16486) to work on /home/mmirnezamina/de_final_project/airflowenv/lib/python3.10/site-packages/airflow/example_dags/example_params_trigger_ui.py
[2026-08-30T23:28:16.275+0330] {processor.py:914} INFO - Processing file /home/mmirnezamina/de_final_project/airflowenv/lib/python3.10/site-packages/airflow/example_dags/example_params_trigger_ui.py for tasks to queue
[2026-08-30T23:28:16.276+0330] {logging_mixin.py:190} INFO - [2026-08-30T23:28:16.276+0330] {dagbag.py:588} INFO - Filling up the DagBag from /home/mmirnezamina/de_final_project/airflowenv/lib/python3.10/site-packages/airflow/example_dags/example_params_trigger_ui.py
[2026-08-30T23:28:16.292+0330] {processor.py:925} INFO - DAG(s) 'example_params_trigger_ui' retrieved from /home/mmirnezamina/de_final_project/airflowenv/lib/python3.10/site-packages/airflow/example_dags/example_params_trigger_ui.py
[2026-08-30T23:28:16.463+0330] {logging_mixin.py:190} INFO - [2026-08-30T23:28:16.463+0330] {override.py:1930} INFO - Created Permission View: can delete on DAG:example_params_trigger_ui
[2026-08-30T23:28:16.490+0330] {logging_mixin.py:190} INFO - [2026-08-30T23:28:16.490+0330] {override.py:1930} INFO - Created Permission View: can read on DAG:example_params_trigger_ui
[2026-08-30T23:28:16.510+0330] {logging_mixin.py:190} INFO - [2026-08-30T23:28:16.510+0330] {override.py:1930} INFO - Created Permission View: can edit on DAG:example_params_trigger_ui
[2026-08-30T23:28:16.538+0330] {logging_mixin.py:190} INFO - [2026-08-30T23:28:16.538+0330] {override.py:1930} INFO - Created Permission View: can create on DAG Run:example_params_trigger_ui
[2026-08-30T23:28:16.555+0330] {logging_mixin.py:190} INFO - [2026-08-30T23:28:16.554+0330] {override.py:1930} INFO - Created Permission View: can delete on DAG Run:example_params_trigger_ui
[2026-08-30T23:28:16.573+0330] {logging_mixin.py:190} INFO - [2026-08-30T23:28:16.573+0330] {override.py:1930} INFO - Created Permission View: can read on DAG Run:example_params_trigger_ui
[2026-08-30T23:28:16.600+0330] {logging_mixin.py:190} INFO - [2026-08-30T23:28:16.600+0330] {override.py:1930} INFO - Created Permission View: menu access on DAG Run:example_params_trigger_ui
[2026-08-30T23:28:16.601+0330] {logging_mixin.py:190} INFO - [2026-08-30T23:28:16.601+0330] {dag.py:3239} INFO - Sync 1 DAGs
[2026-08-30T23:28:16.631+0330] {logging_mixin.py:190} INFO - [2026-08-30T23:28:16.630+0330] {dag.py:3262} INFO - Creating ORM DAG for example_params_trigger_ui
[2026-08-30T23:28:16.632+0330] {logging_mixin.py:190} INFO - [2026-08-30T23:28:16.631+0330] {dag.py:4180} INFO - Setting next_dagrun for example_params_trigger_ui to None, run_after=None
[2026-08-30T23:28:16.669+0330] {processor.py:208} INFO - Processing /home/mmirnezamina/de_final_project/airflowenv/lib/python3.10/site-packages/airflow/example_dags/example_params_trigger_ui.py took 0.407 seconds
