[2026-08-30T23:13:49.292+0330] {processor.py:186} INFO - Started process (PID=13175) to work on /home/mmirnezamina/de_final_project/airflowenv/lib/python3.10/site-packages/airflow/example_dags/example_local_kubernetes_executor.py
[2026-08-30T23:13:49.295+0330] {processor.py:914} INFO - Processing file /home/mmirnezamina/de_final_project/airflowenv/lib/python3.10/site-packages/airflow/example_dags/example_local_kubernetes_executor.py for tasks to queue
[2026-08-30T23:13:49.298+0330] {logging_mixin.py:190} INFO - [2026-08-30T23:13:49.297+0330] {dagbag.py:588} INFO - Filling up the DagBag from /home/mmirnezamina/de_final_project/airflowenv/lib/python3.10/site-packages/airflow/example_dags/example_local_kubernetes_executor.py
[2026-08-30T23:13:49.307+0330] {logging_mixin.py:190} INFO - [2026-08-30T23:13:49.306+0330] {example_local_kubernetes_executor.py:40} WARNING - Could not import DAGs in example_local_kubernetes_executor.py
Traceback (most recent call last):
  File "/home/mmirnezamina/de_final_project/airflowenv/lib/python3.10/site-packages/airflow/example_dags/example_local_kubernetes_executor.py", line 38, in <module>
    from kubernetes.client import models as k8s
ModuleNotFoundError: No module named 'kubernetes'
[2026-08-30T23:13:49.308+0330] {logging_mixin.py:190} INFO - [2026-08-30T23:13:49.308+0330] {example_local_kubernetes_executor.py:41} WARNING - Install Kubernetes dependencies with: pip install apache-airflow[cncf.kubernetes]
[2026-08-30T23:13:49.309+0330] {processor.py:927} WARNING - No viable dags retrieved from /home/mmirnezamina/de_final_project/airflowenv/lib/python3.10/site-packages/airflow/example_dags/example_local_kubernetes_executor.py
[2026-08-30T23:13:49.366+0330] {processor.py:208} INFO - Processing /home/mmirnezamina/de_final_project/airflowenv/lib/python3.10/site-packages/airflow/example_dags/example_local_kubernetes_executor.py took 0.104 seconds
[2026-08-30T23:14:19.975+0330] {processor.py:186} INFO - Started process (PID=13303) to work on /home/mmirnezamina/de_final_project/airflowenv/lib/python3.10/site-packages/airflow/example_dags/example_local_kubernetes_executor.py
[2026-08-30T23:14:19.979+0330] {processor.py:914} INFO - Processing file /home/mmirnezamina/de_final_project/airflowenv/lib/python3.10/site-packages/airflow/example_dags/example_local_kubernetes_executor.py for tasks to queue
[2026-08-30T23:14:19.983+0330] {logging_mixin.py:190} INFO - [2026-08-30T23:14:19.982+0330] {dagbag.py:588} INFO - Filling up the DagBag from /home/mmirnezamina/de_final_project/airflowenv/lib/python3.10/site-packages/airflow/example_dags/example_local_kubernetes_executor.py
[2026-08-30T23:14:19.993+0330] {logging_mixin.py:190} INFO - [2026-08-30T23:14:19.992+0330] {example_local_kubernetes_executor.py:40} WARNING - Could not import DAGs in example_local_kubernetes_executor.py
Traceback (most recent call last):
  File "/home/mmirnezamina/de_final_project/airflowenv/lib/python3.10/site-packages/airflow/example_dags/example_local_kubernetes_executor.py", line 38, in <module>
    from kubernetes.client import models as k8s
ModuleNotFoundError: No module named 'kubernetes'
[2026-08-30T23:14:19.994+0330] {logging_mixin.py:190} INFO - [2026-08-30T23:14:19.993+0330] {example_local_kubernetes_executor.py:41} WARNING - Install Kubernetes dependencies with: pip install apache-airflow[cncf.kubernetes]
[2026-08-30T23:14:19.994+0330] {processor.py:927} WARNING - No viable dags retrieved from /home/mmirnezamina/de_final_project/airflowenv/lib/python3.10/site-packages/airflow/example_dags/example_local_kubernetes_executor.py
[2026-08-30T23:14:20.044+0330] {processor.py:208} INFO - Processing /home/mmirnezamina/de_final_project/airflowenv/lib/python3.10/site-packages/airflow/example_dags/example_local_kubernetes_executor.py took 0.110 seconds
[2026-08-30T23:14:50.817+0330] {processor.py:186} INFO - Started process (PID=13420) to work on /home/mmirnezamina/de_final_project/airflowenv/lib/python3.10/site-packages/airflow/example_dags/example_local_kubernetes_executor.py
[2026-08-30T23:14:50.819+0330] {processor.py:914} INFO - Processing file /home/mmirnezamina/de_final_project/airflowenv/lib/python3.10/site-packages/airflow/example_dags/example_local_kubernetes_executor.py for tasks to queue
[2026-08-30T23:14:50.821+0330] {logging_mixin.py:190} INFO - [2026-08-30T23:14:50.820+0330] {dagbag.py:588} INFO - Filling up the DagBag from /home/mmirnezamina/de_final_project/airflowenv/lib/python3.10/site-packages/airflow/example_dags/example_local_kubernetes_executor.py
[2026-08-30T23:14:50.825+0330] {logging_mixin.py:190} INFO - [2026-08-30T23:14:50.825+0330] {example_local_kubernetes_executor.py:40} WARNING - Could not import DAGs in example_local_kubernetes_executor.py
Traceback (most recent call last):
  File "/home/mmirnezamina/de_final_project/airflowenv/lib/python3.10/site-packages/airflow/example_dags/example_local_kubernetes_executor.py", line 38, in <module>
    from kubernetes.client import models as k8s
ModuleNotFoundError: No module named 'kubernetes'
[2026-08-30T23:14:50.826+0330] {logging_mixin.py:190} INFO - [2026-08-30T23:14:50.826+0330] {example_local_kubernetes_executor.py:41} WARNING - Install Kubernetes dependencies with: pip install apache-airflow[cncf.kubernetes]
[2026-08-30T23:14:50.826+0330] {processor.py:927} WARNING - No viable dags retrieved from /home/mmirnezamina/de_final_project/airflowenv/lib/python3.10/site-packages/airflow/example_dags/example_local_kubernetes_executor.py
[2026-08-30T23:14:50.853+0330] {processor.py:208} INFO - Processing /home/mmirnezamina/de_final_project/airflowenv/lib/python3.10/site-packages/airflow/example_dags/example_local_kubernetes_executor.py took 0.052 seconds
[2026-08-30T23:15:21.773+0330] {processor.py:186} INFO - Started process (PID=13541) to work on /home/mmirnezamina/de_final_project/airflowenv/lib/python3.10/site-packages/airflow/example_dags/example_local_kubernetes_executor.py
[2026-08-30T23:15:21.777+0330] {processor.py:914} INFO - Processing file /home/mmirnezamina/de_final_project/airflowenv/lib/python3.10/site-packages/airflow/example_dags/example_local_kubernetes_executor.py for tasks to queue
[2026-08-30T23:15:21.783+0330] {logging_mixin.py:190} INFO - [2026-08-30T23:15:21.782+0330] {dagbag.py:588} INFO - Filling up the DagBag from /home/mmirnezamina/de_final_project/airflowenv/lib/python3.10/site-packages/airflow/example_dags/example_local_kubernetes_executor.py
[2026-08-30T23:15:21.797+0330] {logging_mixin.py:190} INFO - [2026-08-30T23:15:21.795+0330] {example_local_kubernetes_executor.py:40} WARNING - Could not import DAGs in example_local_kubernetes_executor.py
Traceback (most recent call last):
  File "/home/mmirnezamina/de_final_project/airflowenv/lib/python3.10/site-packages/airflow/example_dags/example_local_kubernetes_executor.py", line 38, in <module>
    from kubernetes.client import models as k8s
ModuleNotFoundError: No module named 'kubernetes'
[2026-08-30T23:15:21.798+0330] {logging_mixin.py:190} INFO - [2026-08-30T23:15:21.798+0330] {example_local_kubernetes_executor.py:41} WARNING - Install Kubernetes dependencies with: pip install apache-airflow[cncf.kubernetes]
[2026-08-30T23:15:21.799+0330] {processor.py:927} WARNING - No viable dags retrieved from /home/mmirnezamina/de_final_project/airflowenv/lib/python3.10/site-packages/airflow/example_dags/example_local_kubernetes_executor.py
[2026-08-30T23:15:21.864+0330] {processor.py:208} INFO - Processing /home/mmirnezamina/de_final_project/airflowenv/lib/python3.10/site-packages/airflow/example_dags/example_local_kubernetes_executor.py took 0.162 seconds
[2026-08-30T23:15:52.760+0330] {processor.py:186} INFO - Started process (PID=13658) to work on /home/mmirnezamina/de_final_project/airflowenv/lib/python3.10/site-packages/airflow/example_dags/example_local_kubernetes_executor.py
[2026-08-30T23:15:52.761+0330] {processor.py:914} INFO - Processing file /home/mmirnezamina/de_final_project/airflowenv/lib/python3.10/site-packages/airflow/example_dags/example_local_kubernetes_executor.py for tasks to queue
[2026-08-30T23:15:52.762+0330] {logging_mixin.py:190} INFO - [2026-08-30T23:15:52.762+0330] {dagbag.py:588} INFO - Filling up the DagBag from /home/mmirnezamina/de_final_project/airflowenv/lib/python3.10/site-packages/airflow/example_dags/example_local_kubernetes_executor.py
[2026-08-30T23:15:52.768+0330] {logging_mixin.py:190} INFO - [2026-08-30T23:15:52.767+0330] {example_local_kubernetes_executor.py:40} WARNING - Could not import DAGs in example_local_kubernetes_executor.py
Traceback (most recent call last):
  File "/home/mmirnezamina/de_final_project/airflowenv/lib/python3.10/site-packages/airflow/example_dags/example_local_kubernetes_executor.py", line 38, in <module>
    from kubernetes.client import models as k8s
ModuleNotFoundError: No module named 'kubernetes'
[2026-08-30T23:15:52.768+0330] {logging_mixin.py:190} INFO - [2026-08-30T23:15:52.768+0330] {example_local_kubernetes_executor.py:41} WARNING - Install Kubernetes dependencies with: pip install apache-airflow[cncf.kubernetes]
[2026-08-30T23:15:52.768+0330] {processor.py:927} WARNING - No viable dags retrieved from /home/mmirnezamina/de_final_project/airflowenv/lib/python3.10/site-packages/airflow/example_dags/example_local_kubernetes_executor.py
[2026-08-30T23:15:52.792+0330] {processor.py:208} INFO - Processing /home/mmirnezamina/de_final_project/airflowenv/lib/python3.10/site-packages/airflow/example_dags/example_local_kubernetes_executor.py took 0.045 seconds
[2026-08-30T23:16:23.371+0330] {processor.py:186} INFO - Started process (PID=13778) to work on /home/mmirnezamina/de_final_project/airflowenv/lib/python3.10/site-packages/airflow/example_dags/example_local_kubernetes_executor.py
[2026-08-30T23:16:23.372+0330] {processor.py:914} INFO - Processing file /home/mmirnezamina/de_final_project/airflowenv/lib/python3.10/site-packages/airflow/example_dags/example_local_kubernetes_executor.py for tasks to queue
[2026-08-30T23:16:23.373+0330] {logging_mixin.py:190} INFO - [2026-08-30T23:16:23.373+0330] {dagbag.py:588} INFO - Filling up the DagBag from /home/mmirnezamina/de_final_project/airflowenv/lib/python3.10/site-packages/airflow/example_dags/example_local_kubernetes_executor.py
[2026-08-30T23:16:23.377+0330] {logging_mixin.py:190} INFO - [2026-08-30T23:16:23.377+0330] {example_local_kubernetes_executor.py:40} WARNING - Could not import DAGs in example_local_kubernetes_executor.py
Traceback (most recent call last):
  File "/home/mmirnezamina/de_final_project/airflowenv/lib/python3.10/site-packages/airflow/example_dags/example_local_kubernetes_executor.py", line 38, in <module>
    from kubernetes.client import models as k8s
ModuleNotFoundError: No module named 'kubernetes'
[2026-08-30T23:16:23.378+0330] {logging_mixin.py:190} INFO - [2026-08-30T23:16:23.378+0330] {example_local_kubernetes_executor.py:41} WARNING - Install Kubernetes dependencies with: pip install apache-airflow[cncf.kubernetes]
[2026-08-30T23:16:23.378+0330] {processor.py:927} WARNING - No viable dags retrieved from /home/mmirnezamina/de_final_project/airflowenv/lib/python3.10/site-packages/airflow/example_dags/example_local_kubernetes_executor.py
[2026-08-30T23:16:23.403+0330] {processor.py:208} INFO - Processing /home/mmirnezamina/de_final_project/airflowenv/lib/python3.10/site-packages/airflow/example_dags/example_local_kubernetes_executor.py took 0.045 seconds
[2026-08-30T23:16:53.750+0330] {processor.py:186} INFO - Started process (PID=13927) to work on /home/mmirnezamina/de_final_project/airflowenv/lib/python3.10/site-packages/airflow/example_dags/example_local_kubernetes_executor.py
[2026-08-30T23:16:53.752+0330] {processor.py:914} INFO - Processing file /home/mmirnezamina/de_final_project/airflowenv/lib/python3.10/site-packages/airflow/example_dags/example_local_kubernetes_executor.py for tasks to queue
[2026-08-30T23:16:53.753+0330] {logging_mixin.py:190} INFO - [2026-08-30T23:16:53.753+0330] {dagbag.py:588} INFO - Filling up the DagBag from /home/mmirnezamina/de_final_project/airflowenv/lib/python3.10/site-packages/airflow/example_dags/example_local_kubernetes_executor.py
[2026-08-30T23:16:53.757+0330] {logging_mixin.py:190} INFO - [2026-08-30T23:16:53.756+0330] {example_local_kubernetes_executor.py:40} WARNING - Could not import DAGs in example_local_kubernetes_executor.py
Traceback (most recent call last):
  File "/home/mmirnezamina/de_final_project/airflowenv/lib/python3.10/site-packages/airflow/example_dags/example_local_kubernetes_executor.py", line 38, in <module>
    from kubernetes.client import models as k8s
ModuleNotFoundError: No module named 'kubernetes'
[2026-08-30T23:16:53.757+0330] {logging_mixin.py:190} INFO - [2026-08-30T23:16:53.757+0330] {example_local_kubernetes_executor.py:41} WARNING - Install Kubernetes dependencies with: pip install apache-airflow[cncf.kubernetes]
[2026-08-30T23:16:53.757+0330] {processor.py:927} WARNING - No viable dags retrieved from /home/mmirnezamina/de_final_project/airflowenv/lib/python3.10/site-packages/airflow/example_dags/example_local_kubernetes_executor.py
[2026-08-30T23:16:53.780+0330] {processor.py:208} INFO - Processing /home/mmirnezamina/de_final_project/airflowenv/lib/python3.10/site-packages/airflow/example_dags/example_local_kubernetes_executor.py took 0.043 seconds
[2026-08-30T23:17:24.768+0330] {processor.py:186} INFO - Started process (PID=14065) to work on /home/mmirnezamina/de_final_project/airflowenv/lib/python3.10/site-packages/airflow/example_dags/example_local_kubernetes_executor.py
[2026-08-30T23:17:24.771+0330] {processor.py:914} INFO - Processing file /home/mmirnezamina/de_final_project/airflowenv/lib/python3.10/site-packages/airflow/example_dags/example_local_kubernetes_executor.py for tasks to queue
[2026-08-30T23:17:24.774+0330] {logging_mixin.py:190} INFO - [2026-08-30T23:17:24.774+0330] {dagbag.py:588} INFO - Filling up the DagBag from /home/mmirnezamina/de_final_project/airflowenv/lib/python3.10/site-packages/airflow/example_dags/example_local_kubernetes_executor.py
[2026-08-30T23:17:24.781+0330] {logging_mixin.py:190} INFO - [2026-08-30T23:17:24.780+0330] {example_local_kubernetes_executor.py:40} WARNING - Could not import DAGs in example_local_kubernetes_executor.py
Traceback (most recent call last):
  File "/home/mmirnezamina/de_final_project/airflowenv/lib/python3.10/site-packages/airflow/example_dags/example_local_kubernetes_executor.py", line 38, in <module>
    from kubernetes.client import models as k8s
ModuleNotFoundError: No module named 'kubernetes'
[2026-08-30T23:17:24.782+0330] {logging_mixin.py:190} INFO - [2026-08-30T23:17:24.781+0330] {example_local_kubernetes_executor.py:41} WARNING - Install Kubernetes dependencies with: pip install apache-airflow[cncf.kubernetes]
[2026-08-30T23:17:24.783+0330] {processor.py:927} WARNING - No viable dags retrieved from /home/mmirnezamina/de_final_project/airflowenv/lib/python3.10/site-packages/airflow/example_dags/example_local_kubernetes_executor.py
[2026-08-30T23:17:24.824+0330] {processor.py:208} INFO - Processing /home/mmirnezamina/de_final_project/airflowenv/lib/python3.10/site-packages/airflow/example_dags/example_local_kubernetes_executor.py took 0.077 seconds
[2026-08-30T23:17:55.661+0330] {processor.py:186} INFO - Started process (PID=14188) to work on /home/mmirnezamina/de_final_project/airflowenv/lib/python3.10/site-packages/airflow/example_dags/example_local_kubernetes_executor.py
[2026-08-30T23:17:55.663+0330] {processor.py:914} INFO - Processing file /home/mmirnezamina/de_final_project/airflowenv/lib/python3.10/site-packages/airflow/example_dags/example_local_kubernetes_executor.py for tasks to queue
[2026-08-30T23:17:55.665+0330] {logging_mixin.py:190} INFO - [2026-08-30T23:17:55.664+0330] {dagbag.py:588} INFO - Filling up the DagBag from /home/mmirnezamina/de_final_project/airflowenv/lib/python3.10/site-packages/airflow/example_dags/example_local_kubernetes_executor.py
[2026-08-30T23:17:55.671+0330] {logging_mixin.py:190} INFO - [2026-08-30T23:17:55.670+0330] {example_local_kubernetes_executor.py:40} WARNING - Could not import DAGs in example_local_kubernetes_executor.py
Traceback (most recent call last):
  File "/home/mmirnezamina/de_final_project/airflowenv/lib/python3.10/site-packages/airflow/example_dags/example_local_kubernetes_executor.py", line 38, in <module>
    from kubernetes.client import models as k8s
ModuleNotFoundError: No module named 'kubernetes'
[2026-08-30T23:17:55.672+0330] {logging_mixin.py:190} INFO - [2026-08-30T23:17:55.672+0330] {example_local_kubernetes_executor.py:41} WARNING - Install Kubernetes dependencies with: pip install apache-airflow[cncf.kubernetes]
[2026-08-30T23:17:55.672+0330] {processor.py:927} WARNING - No viable dags retrieved from /home/mmirnezamina/de_final_project/airflowenv/lib/python3.10/site-packages/airflow/example_dags/example_local_kubernetes_executor.py
[2026-08-30T23:17:55.699+0330] {processor.py:208} INFO - Processing /home/mmirnezamina/de_final_project/airflowenv/lib/python3.10/site-packages/airflow/example_dags/example_local_kubernetes_executor.py took 0.051 seconds
[2026-08-30T23:18:26.088+0330] {processor.py:186} INFO - Started process (PID=14308) to work on /home/mmirnezamina/de_final_project/airflowenv/lib/python3.10/site-packages/airflow/example_dags/example_local_kubernetes_executor.py
[2026-08-30T23:18:26.089+0330] {processor.py:914} INFO - Processing file /home/mmirnezamina/de_final_project/airflowenv/lib/python3.10/site-packages/airflow/example_dags/example_local_kubernetes_executor.py for tasks to queue
[2026-08-30T23:18:26.092+0330] {logging_mixin.py:190} INFO - [2026-08-30T23:18:26.092+0330] {dagbag.py:588} INFO - Filling up the DagBag from /home/mmirnezamina/de_final_project/airflowenv/lib/python3.10/site-packages/airflow/example_dags/example_local_kubernetes_executor.py
[2026-08-30T23:18:26.098+0330] {logging_mixin.py:190} INFO - [2026-08-30T23:18:26.097+0330] {example_local_kubernetes_executor.py:40} WARNING - Could not import DAGs in example_local_kubernetes_executor.py
Traceback (most recent call last):
  File "/home/mmirnezamina/de_final_project/airflowenv/lib/python3.10/site-packages/airflow/example_dags/example_local_kubernetes_executor.py", line 38, in <module>
    from kubernetes.client import models as k8s
ModuleNotFoundError: No module named 'kubernetes'
[2026-08-30T23:18:26.098+0330] {logging_mixin.py:190} INFO - [2026-08-30T23:18:26.098+0330] {example_local_kubernetes_executor.py:41} WARNING - Install Kubernetes dependencies with: pip install apache-airflow[cncf.kubernetes]
[2026-08-30T23:18:26.099+0330] {processor.py:927} WARNING - No viable dags retrieved from /home/mmirnezamina/de_final_project/airflowenv/lib/python3.10/site-packages/airflow/example_dags/example_local_kubernetes_executor.py
[2026-08-30T23:18:26.139+0330] {processor.py:208} INFO - Processing /home/mmirnezamina/de_final_project/airflowenv/lib/python3.10/site-packages/airflow/example_dags/example_local_kubernetes_executor.py took 0.069 seconds
[2026-08-30T23:18:56.681+0330] {processor.py:186} INFO - Started process (PID=14425) to work on /home/mmirnezamina/de_final_project/airflowenv/lib/python3.10/site-packages/airflow/example_dags/example_local_kubernetes_executor.py
[2026-08-30T23:18:56.682+0330] {processor.py:914} INFO - Processing file /home/mmirnezamina/de_final_project/airflowenv/lib/python3.10/site-packages/airflow/example_dags/example_local_kubernetes_executor.py for tasks to queue
[2026-08-30T23:18:56.683+0330] {logging_mixin.py:190} INFO - [2026-08-30T23:18:56.683+0330] {dagbag.py:588} INFO - Filling up the DagBag from /home/mmirnezamina/de_final_project/airflowenv/lib/python3.10/site-packages/airflow/example_dags/example_local_kubernetes_executor.py
[2026-08-30T23:18:56.687+0330] {logging_mixin.py:190} INFO - [2026-08-30T23:18:56.686+0330] {example_local_kubernetes_executor.py:40} WARNING - Could not import DAGs in example_local_kubernetes_executor.py
Traceback (most recent call last):
  File "/home/mmirnezamina/de_final_project/airflowenv/lib/python3.10/site-packages/airflow/example_dags/example_local_kubernetes_executor.py", line 38, in <module>
    from kubernetes.client import models as k8s
ModuleNotFoundError: No module named 'kubernetes'
[2026-08-30T23:18:56.687+0330] {logging_mixin.py:190} INFO - [2026-08-30T23:18:56.687+0330] {example_local_kubernetes_executor.py:41} WARNING - Install Kubernetes dependencies with: pip install apache-airflow[cncf.kubernetes]
[2026-08-30T23:18:56.687+0330] {processor.py:927} WARNING - No viable dags retrieved from /home/mmirnezamina/de_final_project/airflowenv/lib/python3.10/site-packages/airflow/example_dags/example_local_kubernetes_executor.py
[2026-08-30T23:18:56.709+0330] {processor.py:208} INFO - Processing /home/mmirnezamina/de_final_project/airflowenv/lib/python3.10/site-packages/airflow/example_dags/example_local_kubernetes_executor.py took 0.040 seconds
[2026-08-30T23:19:27.161+0330] {processor.py:186} INFO - Started process (PID=14545) to work on /home/mmirnezamina/de_final_project/airflowenv/lib/python3.10/site-packages/airflow/example_dags/example_local_kubernetes_executor.py
[2026-08-30T23:19:27.162+0330] {processor.py:914} INFO - Processing file /home/mmirnezamina/de_final_project/airflowenv/lib/python3.10/site-packages/airflow/example_dags/example_local_kubernetes_executor.py for tasks to queue
[2026-08-30T23:19:27.163+0330] {logging_mixin.py:190} INFO - [2026-08-30T23:19:27.163+0330] {dagbag.py:588} INFO - Filling up the DagBag from /home/mmirnezamina/de_final_project/airflowenv/lib/python3.10/site-packages/airflow/example_dags/example_local_kubernetes_executor.py
[2026-08-30T23:19:27.167+0330] {logging_mixin.py:190} INFO - [2026-08-30T23:19:27.166+0330] {example_local_kubernetes_executor.py:40} WARNING - Could not import DAGs in example_local_kubernetes_executor.py
Traceback (most recent call last):
  File "/home/mmirnezamina/de_final_project/airflowenv/lib/python3.10/site-packages/airflow/example_dags/example_local_kubernetes_executor.py", line 38, in <module>
    from kubernetes.client import models as k8s
ModuleNotFoundError: No module named 'kubernetes'
[2026-08-30T23:19:27.167+0330] {logging_mixin.py:190} INFO - [2026-08-30T23:19:27.167+0330] {example_local_kubernetes_executor.py:41} WARNING - Install Kubernetes dependencies with: pip install apache-airflow[cncf.kubernetes]
[2026-08-30T23:19:27.168+0330] {processor.py:927} WARNING - No viable dags retrieved from /home/mmirnezamina/de_final_project/airflowenv/lib/python3.10/site-packages/airflow/example_dags/example_local_kubernetes_executor.py
[2026-08-30T23:19:27.187+0330] {processor.py:208} INFO - Processing /home/mmirnezamina/de_final_project/airflowenv/lib/python3.10/site-packages/airflow/example_dags/example_local_kubernetes_executor.py took 0.036 seconds
[2026-08-30T23:19:57.701+0330] {processor.py:186} INFO - Started process (PID=14664) to work on /home/mmirnezamina/de_final_project/airflowenv/lib/python3.10/site-packages/airflow/example_dags/example_local_kubernetes_executor.py
[2026-08-30T23:19:57.703+0330] {processor.py:914} INFO - Processing file /home/mmirnezamina/de_final_project/airflowenv/lib/python3.10/site-packages/airflow/example_dags/example_local_kubernetes_executor.py for tasks to queue
[2026-08-30T23:19:57.705+0330] {logging_mixin.py:190} INFO - [2026-08-30T23:19:57.705+0330] {dagbag.py:588} INFO - Filling up the DagBag from /home/mmirnezamina/de_final_project/airflowenv/lib/python3.10/site-packages/airflow/example_dags/example_local_kubernetes_executor.py
[2026-08-30T23:19:57.712+0330] {logging_mixin.py:190} INFO - [2026-08-30T23:19:57.711+0330] {example_local_kubernetes_executor.py:40} WARNING - Could not import DAGs in example_local_kubernetes_executor.py
Traceback (most recent call last):
  File "/home/mmirnezamina/de_final_project/airflowenv/lib/python3.10/site-packages/airflow/example_dags/example_local_kubernetes_executor.py", line 38, in <module>
    from kubernetes.client import models as k8s
ModuleNotFoundError: No module named 'kubernetes'
[2026-08-30T23:19:57.712+0330] {logging_mixin.py:190} INFO - [2026-08-30T23:19:57.712+0330] {example_local_kubernetes_executor.py:41} WARNING - Install Kubernetes dependencies with: pip install apache-airflow[cncf.kubernetes]
[2026-08-30T23:19:57.713+0330] {processor.py:927} WARNING - No viable dags retrieved from /home/mmirnezamina/de_final_project/airflowenv/lib/python3.10/site-packages/airflow/example_dags/example_local_kubernetes_executor.py
[2026-08-30T23:19:57.748+0330] {processor.py:208} INFO - Processing /home/mmirnezamina/de_final_project/airflowenv/lib/python3.10/site-packages/airflow/example_dags/example_local_kubernetes_executor.py took 0.068 seconds
[2026-08-30T23:20:28.342+0330] {processor.py:186} INFO - Started process (PID=14786) to work on /home/mmirnezamina/de_final_project/airflowenv/lib/python3.10/site-packages/airflow/example_dags/example_local_kubernetes_executor.py
[2026-08-30T23:20:28.344+0330] {processor.py:914} INFO - Processing file /home/mmirnezamina/de_final_project/airflowenv/lib/python3.10/site-packages/airflow/example_dags/example_local_kubernetes_executor.py for tasks to queue
[2026-08-30T23:20:28.345+0330] {logging_mixin.py:190} INFO - [2026-08-30T23:20:28.345+0330] {dagbag.py:588} INFO - Filling up the DagBag from /home/mmirnezamina/de_final_project/airflowenv/lib/python3.10/site-packages/airflow/example_dags/example_local_kubernetes_executor.py
[2026-08-30T23:20:28.348+0330] {logging_mixin.py:190} INFO - [2026-08-30T23:20:28.347+0330] {example_local_kubernetes_executor.py:40} WARNING - Could not import DAGs in example_local_kubernetes_executor.py
Traceback (most recent call last):
  File "/home/mmirnezamina/de_final_project/airflowenv/lib/python3.10/site-packages/airflow/example_dags/example_local_kubernetes_executor.py", line 38, in <module>
    from kubernetes.client import models as k8s
ModuleNotFoundError: No module named 'kubernetes'
[2026-08-30T23:20:28.348+0330] {logging_mixin.py:190} INFO - [2026-08-30T23:20:28.348+0330] {example_local_kubernetes_executor.py:41} WARNING - Install Kubernetes dependencies with: pip install apache-airflow[cncf.kubernetes]
[2026-08-30T23:20:28.348+0330] {processor.py:927} WARNING - No viable dags retrieved from /home/mmirnezamina/de_final_project/airflowenv/lib/python3.10/site-packages/airflow/example_dags/example_local_kubernetes_executor.py
[2026-08-30T23:20:28.366+0330] {processor.py:208} INFO - Processing /home/mmirnezamina/de_final_project/airflowenv/lib/python3.10/site-packages/airflow/example_dags/example_local_kubernetes_executor.py took 0.033 seconds
[2026-08-30T23:20:58.698+0330] {processor.py:186} INFO - Started process (PID=14905) to work on /home/mmirnezamina/de_final_project/airflowenv/lib/python3.10/site-packages/airflow/example_dags/example_local_kubernetes_executor.py
[2026-08-30T23:20:58.699+0330] {processor.py:914} INFO - Processing file /home/mmirnezamina/de_final_project/airflowenv/lib/python3.10/site-packages/airflow/example_dags/example_local_kubernetes_executor.py for tasks to queue
[2026-08-30T23:20:58.700+0330] {logging_mixin.py:190} INFO - [2026-08-30T23:20:58.700+0330] {dagbag.py:588} INFO - Filling up the DagBag from /home/mmirnezamina/de_final_project/airflowenv/lib/python3.10/site-packages/airflow/example_dags/example_local_kubernetes_executor.py
[2026-08-30T23:20:58.703+0330] {logging_mixin.py:190} INFO - [2026-08-30T23:20:58.703+0330] {example_local_kubernetes_executor.py:40} WARNING - Could not import DAGs in example_local_kubernetes_executor.py
Traceback (most recent call last):
  File "/home/mmirnezamina/de_final_project/airflowenv/lib/python3.10/site-packages/airflow/example_dags/example_local_kubernetes_executor.py", line 38, in <module>
    from kubernetes.client import models as k8s
ModuleNotFoundError: No module named 'kubernetes'
[2026-08-30T23:20:58.704+0330] {logging_mixin.py:190} INFO - [2026-08-30T23:20:58.704+0330] {example_local_kubernetes_executor.py:41} WARNING - Install Kubernetes dependencies with: pip install apache-airflow[cncf.kubernetes]
[2026-08-30T23:20:58.704+0330] {processor.py:927} WARNING - No viable dags retrieved from /home/mmirnezamina/de_final_project/airflowenv/lib/python3.10/site-packages/airflow/example_dags/example_local_kubernetes_executor.py
[2026-08-30T23:20:58.720+0330] {processor.py:208} INFO - Processing /home/mmirnezamina/de_final_project/airflowenv/lib/python3.10/site-packages/airflow/example_dags/example_local_kubernetes_executor.py took 0.031 seconds
[2026-08-30T23:21:29.406+0330] {processor.py:186} INFO - Started process (PID=15023) to work on /home/mmirnezamina/de_final_project/airflowenv/lib/python3.10/site-packages/airflow/example_dags/example_local_kubernetes_executor.py
[2026-08-30T23:21:29.407+0330] {processor.py:914} INFO - Processing file /home/mmirnezamina/de_final_project/airflowenv/lib/python3.10/site-packages/airflow/example_dags/example_local_kubernetes_executor.py for tasks to queue
[2026-08-30T23:21:29.409+0330] {logging_mixin.py:190} INFO - [2026-08-30T23:21:29.408+0330] {dagbag.py:588} INFO - Filling up the DagBag from /home/mmirnezamina/de_final_project/airflowenv/lib/python3.10/site-packages/airflow/example_dags/example_local_kubernetes_executor.py
[2026-08-30T23:21:29.412+0330] {logging_mixin.py:190} INFO - [2026-08-30T23:21:29.412+0330] {example_local_kubernetes_executor.py:40} WARNING - Could not import DAGs in example_local_kubernetes_executor.py
Traceback (most recent call last):
  File "/home/mmirnezamina/de_final_project/airflowenv/lib/python3.10/site-packages/airflow/example_dags/example_local_kubernetes_executor.py", line 38, in <module>
    from kubernetes.client import models as k8s
ModuleNotFoundError: No module named 'kubernetes'
[2026-08-30T23:21:29.412+0330] {logging_mixin.py:190} INFO - [2026-08-30T23:21:29.412+0330] {example_local_kubernetes_executor.py:41} WARNING - Install Kubernetes dependencies with: pip install apache-airflow[cncf.kubernetes]
[2026-08-30T23:21:29.413+0330] {processor.py:927} WARNING - No viable dags retrieved from /home/mmirnezamina/de_final_project/airflowenv/lib/python3.10/site-packages/airflow/example_dags/example_local_kubernetes_executor.py
[2026-08-30T23:21:29.434+0330] {processor.py:208} INFO - Processing /home/mmirnezamina/de_final_project/airflowenv/lib/python3.10/site-packages/airflow/example_dags/example_local_kubernetes_executor.py took 0.041 seconds
[2026-08-30T23:21:59.512+0330] {processor.py:186} INFO - Started process (PID=15141) to work on /home/mmirnezamina/de_final_project/airflowenv/lib/python3.10/site-packages/airflow/example_dags/example_local_kubernetes_executor.py
[2026-08-30T23:21:59.513+0330] {processor.py:914} INFO - Processing file /home/mmirnezamina/de_final_project/airflowenv/lib/python3.10/site-packages/airflow/example_dags/example_local_kubernetes_executor.py for tasks to queue
[2026-08-30T23:21:59.514+0330] {logging_mixin.py:190} INFO - [2026-08-30T23:21:59.514+0330] {dagbag.py:588} INFO - Filling up the DagBag from /home/mmirnezamina/de_final_project/airflowenv/lib/python3.10/site-packages/airflow/example_dags/example_local_kubernetes_executor.py
[2026-08-30T23:21:59.516+0330] {logging_mixin.py:190} INFO - [2026-08-30T23:21:59.516+0330] {example_local_kubernetes_executor.py:40} WARNING - Could not import DAGs in example_local_kubernetes_executor.py
Traceback (most recent call last):
  File "/home/mmirnezamina/de_final_project/airflowenv/lib/python3.10/site-packages/airflow/example_dags/example_local_kubernetes_executor.py", line 38, in <module>
    from kubernetes.client import models as k8s
ModuleNotFoundError: No module named 'kubernetes'
[2026-08-30T23:21:59.516+0330] {logging_mixin.py:190} INFO - [2026-08-30T23:21:59.516+0330] {example_local_kubernetes_executor.py:41} WARNING - Install Kubernetes dependencies with: pip install apache-airflow[cncf.kubernetes]
[2026-08-30T23:21:59.517+0330] {processor.py:927} WARNING - No viable dags retrieved from /home/mmirnezamina/de_final_project/airflowenv/lib/python3.10/site-packages/airflow/example_dags/example_local_kubernetes_executor.py
[2026-08-30T23:21:59.536+0330] {processor.py:208} INFO - Processing /home/mmirnezamina/de_final_project/airflowenv/lib/python3.10/site-packages/airflow/example_dags/example_local_kubernetes_executor.py took 0.030 seconds
[2026-08-30T23:22:30.174+0330] {processor.py:186} INFO - Started process (PID=15261) to work on /home/mmirnezamina/de_final_project/airflowenv/lib/python3.10/site-packages/airflow/example_dags/example_local_kubernetes_executor.py
[2026-08-30T23:22:30.175+0330] {processor.py:914} INFO - Processing file /home/mmirnezamina/de_final_project/airflowenv/lib/python3.10/site-packages/airflow/example_dags/example_local_kubernetes_executor.py for tasks to queue
[2026-08-30T23:22:30.176+0330] {logging_mixin.py:190} INFO - [2026-08-30T23:22:30.176+0330] {dagbag.py:588} INFO - Filling up the DagBag from /home/mmirnezamina/de_final_project/airflowenv/lib/python3.10/site-packages/airflow/example_dags/example_local_kubernetes_executor.py
[2026-08-30T23:22:30.179+0330] {logging_mixin.py:190} INFO - [2026-08-30T23:22:30.178+0330] {example_local_kubernetes_executor.py:40} WARNING - Could not import DAGs in example_local_kubernetes_executor.py
Traceback (most recent call last):
  File "/home/mmirnezamina/de_final_project/airflowenv/lib/python3.10/site-packages/airflow/example_dags/example_local_kubernetes_executor.py", line 38, in <module>
    from kubernetes.client import models as k8s
ModuleNotFoundError: No module named 'kubernetes'
[2026-08-30T23:22:30.179+0330] {logging_mixin.py:190} INFO - [2026-08-30T23:22:30.179+0330] {example_local_kubernetes_executor.py:41} WARNING - Install Kubernetes dependencies with: pip install apache-airflow[cncf.kubernetes]
[2026-08-30T23:22:30.179+0330] {processor.py:927} WARNING - No viable dags retrieved from /home/mmirnezamina/de_final_project/airflowenv/lib/python3.10/site-packages/airflow/example_dags/example_local_kubernetes_executor.py
[2026-08-30T23:22:30.196+0330] {processor.py:208} INFO - Processing /home/mmirnezamina/de_final_project/airflowenv/lib/python3.10/site-packages/airflow/example_dags/example_local_kubernetes_executor.py took 0.030 seconds
[2026-08-30T23:23:00.477+0330] {processor.py:186} INFO - Started process (PID=15380) to work on /home/mmirnezamina/de_final_project/airflowenv/lib/python3.10/site-packages/airflow/example_dags/example_local_kubernetes_executor.py
[2026-08-30T23:23:00.478+0330] {processor.py:914} INFO - Processing file /home/mmirnezamina/de_final_project/airflowenv/lib/python3.10/site-packages/airflow/example_dags/example_local_kubernetes_executor.py for tasks to queue
[2026-08-30T23:23:00.480+0330] {logging_mixin.py:190} INFO - [2026-08-30T23:23:00.479+0330] {dagbag.py:588} INFO - Filling up the DagBag from /home/mmirnezamina/de_final_project/airflowenv/lib/python3.10/site-packages/airflow/example_dags/example_local_kubernetes_executor.py
[2026-08-30T23:23:00.483+0330] {logging_mixin.py:190} INFO - [2026-08-30T23:23:00.483+0330] {example_local_kubernetes_executor.py:40} WARNING - Could not import DAGs in example_local_kubernetes_executor.py
Traceback (most recent call last):
  File "/home/mmirnezamina/de_final_project/airflowenv/lib/python3.10/site-packages/airflow/example_dags/example_local_kubernetes_executor.py", line 38, in <module>
    from kubernetes.client import models as k8s
ModuleNotFoundError: No module named 'kubernetes'
[2026-08-30T23:23:00.483+0330] {logging_mixin.py:190} INFO - [2026-08-30T23:23:00.483+0330] {example_local_kubernetes_executor.py:41} WARNING - Install Kubernetes dependencies with: pip install apache-airflow[cncf.kubernetes]
[2026-08-30T23:23:00.484+0330] {processor.py:927} WARNING - No viable dags retrieved from /home/mmirnezamina/de_final_project/airflowenv/lib/python3.10/site-packages/airflow/example_dags/example_local_kubernetes_executor.py
[2026-08-30T23:23:00.503+0330] {processor.py:208} INFO - Processing /home/mmirnezamina/de_final_project/airflowenv/lib/python3.10/site-packages/airflow/example_dags/example_local_kubernetes_executor.py took 0.035 seconds
[2026-08-30T23:23:30.927+0330] {processor.py:186} INFO - Started process (PID=15498) to work on /home/mmirnezamina/de_final_project/airflowenv/lib/python3.10/site-packages/airflow/example_dags/example_local_kubernetes_executor.py
[2026-08-30T23:23:30.929+0330] {processor.py:914} INFO - Processing file /home/mmirnezamina/de_final_project/airflowenv/lib/python3.10/site-packages/airflow/example_dags/example_local_kubernetes_executor.py for tasks to queue
[2026-08-30T23:23:30.932+0330] {logging_mixin.py:190} INFO - [2026-08-30T23:23:30.932+0330] {dagbag.py:588} INFO - Filling up the DagBag from /home/mmirnezamina/de_final_project/airflowenv/lib/python3.10/site-packages/airflow/example_dags/example_local_kubernetes_executor.py
[2026-08-30T23:23:30.938+0330] {logging_mixin.py:190} INFO - [2026-08-30T23:23:30.937+0330] {example_local_kubernetes_executor.py:40} WARNING - Could not import DAGs in example_local_kubernetes_executor.py
Traceback (most recent call last):
  File "/home/mmirnezamina/de_final_project/airflowenv/lib/python3.10/site-packages/airflow/example_dags/example_local_kubernetes_executor.py", line 38, in <module>
    from kubernetes.client import models as k8s
ModuleNotFoundError: No module named 'kubernetes'
[2026-08-30T23:23:30.938+0330] {logging_mixin.py:190} INFO - [2026-08-30T23:23:30.938+0330] {example_local_kubernetes_executor.py:41} WARNING - Install Kubernetes dependencies with: pip install apache-airflow[cncf.kubernetes]
[2026-08-30T23:23:30.939+0330] {processor.py:927} WARNING - No viable dags retrieved from /home/mmirnezamina/de_final_project/airflowenv/lib/python3.10/site-packages/airflow/example_dags/example_local_kubernetes_executor.py
[2026-08-30T23:23:30.965+0330] {processor.py:208} INFO - Processing /home/mmirnezamina/de_final_project/airflowenv/lib/python3.10/site-packages/airflow/example_dags/example_local_kubernetes_executor.py took 0.051 seconds
[2026-08-30T23:24:01.056+0330] {processor.py:186} INFO - Started process (PID=15616) to work on /home/mmirnezamina/de_final_project/airflowenv/lib/python3.10/site-packages/airflow/example_dags/example_local_kubernetes_executor.py
[2026-08-30T23:24:01.057+0330] {processor.py:914} INFO - Processing file /home/mmirnezamina/de_final_project/airflowenv/lib/python3.10/site-packages/airflow/example_dags/example_local_kubernetes_executor.py for tasks to queue
[2026-08-30T23:24:01.058+0330] {logging_mixin.py:190} INFO - [2026-08-30T23:24:01.057+0330] {dagbag.py:588} INFO - Filling up the DagBag from /home/mmirnezamina/de_final_project/airflowenv/lib/python3.10/site-packages/airflow/example_dags/example_local_kubernetes_executor.py
[2026-08-30T23:24:01.061+0330] {logging_mixin.py:190} INFO - [2026-08-30T23:24:01.061+0330] {example_local_kubernetes_executor.py:40} WARNING - Could not import DAGs in example_local_kubernetes_executor.py
Traceback (most recent call last):
  File "/home/mmirnezamina/de_final_project/airflowenv/lib/python3.10/site-packages/airflow/example_dags/example_local_kubernetes_executor.py", line 38, in <module>
    from kubernetes.client import models as k8s
ModuleNotFoundError: No module named 'kubernetes'
[2026-08-30T23:24:01.061+0330] {logging_mixin.py:190} INFO - [2026-08-30T23:24:01.061+0330] {example_local_kubernetes_executor.py:41} WARNING - Install Kubernetes dependencies with: pip install apache-airflow[cncf.kubernetes]
[2026-08-30T23:24:01.061+0330] {processor.py:927} WARNING - No viable dags retrieved from /home/mmirnezamina/de_final_project/airflowenv/lib/python3.10/site-packages/airflow/example_dags/example_local_kubernetes_executor.py
[2026-08-30T23:24:01.081+0330] {processor.py:208} INFO - Processing /home/mmirnezamina/de_final_project/airflowenv/lib/python3.10/site-packages/airflow/example_dags/example_local_kubernetes_executor.py took 0.032 seconds
[2026-08-30T23:24:31.359+0330] {processor.py:186} INFO - Started process (PID=15735) to work on /home/mmirnezamina/de_final_project/airflowenv/lib/python3.10/site-packages/airflow/example_dags/example_local_kubernetes_executor.py
[2026-08-30T23:24:31.362+0330] {processor.py:914} INFO - Processing file /home/mmirnezamina/de_final_project/airflowenv/lib/python3.10/site-packages/airflow/example_dags/example_local_kubernetes_executor.py for tasks to queue
[2026-08-30T23:24:31.363+0330] {logging_mixin.py:190} INFO - [2026-08-30T23:24:31.363+0330] {dagbag.py:588} INFO - Filling up the DagBag from /home/mmirnezamina/de_final_project/airflowenv/lib/python3.10/site-packages/airflow/example_dags/example_local_kubernetes_executor.py
[2026-08-30T23:24:31.369+0330] {logging_mixin.py:190} INFO - [2026-08-30T23:24:31.368+0330] {example_local_kubernetes_executor.py:40} WARNING - Could not import DAGs in example_local_kubernetes_executor.py
Traceback (most recent call last):
  File "/home/mmirnezamina/de_final_project/airflowenv/lib/python3.10/site-packages/airflow/example_dags/example_local_kubernetes_executor.py", line 38, in <module>
    from kubernetes.client import models as k8s
ModuleNotFoundError: No module named 'kubernetes'
[2026-08-30T23:24:31.369+0330] {logging_mixin.py:190} INFO - [2026-08-30T23:24:31.369+0330] {example_local_kubernetes_executor.py:41} WARNING - Install Kubernetes dependencies with: pip install apache-airflow[cncf.kubernetes]
[2026-08-30T23:24:31.369+0330] {processor.py:927} WARNING - No viable dags retrieved from /home/mmirnezamina/de_final_project/airflowenv/lib/python3.10/site-packages/airflow/example_dags/example_local_kubernetes_executor.py
[2026-08-30T23:24:31.397+0330] {processor.py:208} INFO - Processing /home/mmirnezamina/de_final_project/airflowenv/lib/python3.10/site-packages/airflow/example_dags/example_local_kubernetes_executor.py took 0.048 seconds
[2026-08-30T23:25:01.720+0330] {processor.py:186} INFO - Started process (PID=15873) to work on /home/mmirnezamina/de_final_project/airflowenv/lib/python3.10/site-packages/airflow/example_dags/example_local_kubernetes_executor.py
[2026-08-30T23:25:01.721+0330] {processor.py:914} INFO - Processing file /home/mmirnezamina/de_final_project/airflowenv/lib/python3.10/site-packages/airflow/example_dags/example_local_kubernetes_executor.py for tasks to queue
[2026-08-30T23:25:01.722+0330] {logging_mixin.py:190} INFO - [2026-08-30T23:25:01.722+0330] {dagbag.py:588} INFO - Filling up the DagBag from /home/mmirnezamina/de_final_project/airflowenv/lib/python3.10/site-packages/airflow/example_dags/example_local_kubernetes_executor.py
[2026-08-30T23:25:01.727+0330] {logging_mixin.py:190} INFO - [2026-08-30T23:25:01.727+0330] {example_local_kubernetes_executor.py:40} WARNING - Could not import DAGs in example_local_kubernetes_executor.py
Traceback (most recent call last):
  File "/home/mmirnezamina/de_final_project/airflowenv/lib/python3.10/site-packages/airflow/example_dags/example_local_kubernetes_executor.py", line 38, in <module>
    from kubernetes.client import models as k8s
ModuleNotFoundError: No module named 'kubernetes'
[2026-08-30T23:25:01.728+0330] {logging_mixin.py:190} INFO - [2026-08-30T23:25:01.728+0330] {example_local_kubernetes_executor.py:41} WARNING - Install Kubernetes dependencies with: pip install apache-airflow[cncf.kubernetes]
[2026-08-30T23:25:01.728+0330] {processor.py:927} WARNING - No viable dags retrieved from /home/mmirnezamina/de_final_project/airflowenv/lib/python3.10/site-packages/airflow/example_dags/example_local_kubernetes_executor.py
[2026-08-30T23:25:01.755+0330] {processor.py:208} INFO - Processing /home/mmirnezamina/de_final_project/airflowenv/lib/python3.10/site-packages/airflow/example_dags/example_local_kubernetes_executor.py took 0.051 seconds
[2026-08-30T23:25:32.224+0330] {processor.py:186} INFO - Started process (PID=16011) to work on /home/mmirnezamina/de_final_project/airflowenv/lib/python3.10/site-packages/airflow/example_dags/example_local_kubernetes_executor.py
[2026-08-30T23:25:32.226+0330] {processor.py:914} INFO - Processing file /home/mmirnezamina/de_final_project/airflowenv/lib/python3.10/site-packages/airflow/example_dags/example_local_kubernetes_executor.py for tasks to queue
[2026-08-30T23:25:32.227+0330] {logging_mixin.py:190} INFO - [2026-08-30T23:25:32.227+0330] {dagbag.py:588} INFO - Filling up the DagBag from /home/mmirnezamina/de_final_project/airflowenv/lib/python3.10/site-packages/airflow/example_dags/example_local_kubernetes_executor.py
[2026-08-30T23:25:32.231+0330] {logging_mixin.py:190} INFO - [2026-08-30T23:25:32.231+0330] {example_local_kubernetes_executor.py:40} WARNING - Could not import DAGs in example_local_kubernetes_executor.py
Traceback (most recent call last):
  File "/home/mmirnezamina/de_final_project/airflowenv/lib/python3.10/site-packages/airflow/example_dags/example_local_kubernetes_executor.py", line 38, in <module>
    from kubernetes.client import models as k8s
ModuleNotFoundError: No module named 'kubernetes'
[2026-08-30T23:25:32.232+0330] {logging_mixin.py:190} INFO - [2026-08-30T23:25:32.231+0330] {example_local_kubernetes_executor.py:41} WARNING - Install Kubernetes dependencies with: pip install apache-airflow[cncf.kubernetes]
[2026-08-30T23:25:32.232+0330] {processor.py:927} WARNING - No viable dags retrieved from /home/mmirnezamina/de_final_project/airflowenv/lib/python3.10/site-packages/airflow/example_dags/example_local_kubernetes_executor.py
[2026-08-30T23:25:32.258+0330] {processor.py:208} INFO - Processing /home/mmirnezamina/de_final_project/airflowenv/lib/python3.10/site-packages/airflow/example_dags/example_local_kubernetes_executor.py took 0.045 seconds
[2026-08-30T23:26:02.654+0330] {processor.py:186} INFO - Started process (PID=16136) to work on /home/mmirnezamina/de_final_project/airflowenv/lib/python3.10/site-packages/airflow/example_dags/example_local_kubernetes_executor.py
[2026-08-30T23:26:02.655+0330] {processor.py:914} INFO - Processing file /home/mmirnezamina/de_final_project/airflowenv/lib/python3.10/site-packages/airflow/example_dags/example_local_kubernetes_executor.py for tasks to queue
[2026-08-30T23:26:02.657+0330] {logging_mixin.py:190} INFO - [2026-08-30T23:26:02.656+0330] {dagbag.py:588} INFO - Filling up the DagBag from /home/mmirnezamina/de_final_project/airflowenv/lib/python3.10/site-packages/airflow/example_dags/example_local_kubernetes_executor.py
[2026-08-30T23:26:02.661+0330] {logging_mixin.py:190} INFO - [2026-08-30T23:26:02.661+0330] {example_local_kubernetes_executor.py:40} WARNING - Could not import DAGs in example_local_kubernetes_executor.py
Traceback (most recent call last):
  File "/home/mmirnezamina/de_final_project/airflowenv/lib/python3.10/site-packages/airflow/example_dags/example_local_kubernetes_executor.py", line 38, in <module>
    from kubernetes.client import models as k8s
ModuleNotFoundError: No module named 'kubernetes'
[2026-08-30T23:26:02.661+0330] {logging_mixin.py:190} INFO - [2026-08-30T23:26:02.661+0330] {example_local_kubernetes_executor.py:41} WARNING - Install Kubernetes dependencies with: pip install apache-airflow[cncf.kubernetes]
[2026-08-30T23:26:02.662+0330] {processor.py:927} WARNING - No viable dags retrieved from /home/mmirnezamina/de_final_project/airflowenv/lib/python3.10/site-packages/airflow/example_dags/example_local_kubernetes_executor.py
[2026-08-30T23:26:02.683+0330] {processor.py:208} INFO - Processing /home/mmirnezamina/de_final_project/airflowenv/lib/python3.10/site-packages/airflow/example_dags/example_local_kubernetes_executor.py took 0.038 seconds
[2026-08-30T23:26:33.015+0330] {processor.py:186} INFO - Started process (PID=16254) to work on /home/mmirnezamina/de_final_project/airflowenv/lib/python3.10/site-packages/airflow/example_dags/example_local_kubernetes_executor.py
[2026-08-30T23:26:33.016+0330] {processor.py:914} INFO - Processing file /home/mmirnezamina/de_final_project/airflowenv/lib/python3.10/site-packages/airflow/example_dags/example_local_kubernetes_executor.py for tasks to queue
[2026-08-30T23:26:33.018+0330] {logging_mixin.py:190} INFO - [2026-08-30T23:26:33.017+0330] {dagbag.py:588} INFO - Filling up the DagBag from /home/mmirnezamina/de_final_project/airflowenv/lib/python3.10/site-packages/airflow/example_dags/example_local_kubernetes_executor.py
[2026-08-30T23:26:33.022+0330] {logging_mixin.py:190} INFO - [2026-08-30T23:26:33.022+0330] {example_local_kubernetes_executor.py:40} WARNING - Could not import DAGs in example_local_kubernetes_executor.py
Traceback (most recent call last):
  File "/home/mmirnezamina/de_final_project/airflowenv/lib/python3.10/site-packages/airflow/example_dags/example_local_kubernetes_executor.py", line 38, in <module>
    from kubernetes.client import models as k8s
ModuleNotFoundError: No module named 'kubernetes'
[2026-08-30T23:26:33.023+0330] {logging_mixin.py:190} INFO - [2026-08-30T23:26:33.022+0330] {example_local_kubernetes_executor.py:41} WARNING - Install Kubernetes dependencies with: pip install apache-airflow[cncf.kubernetes]
[2026-08-30T23:26:33.023+0330] {processor.py:927} WARNING - No viable dags retrieved from /home/mmirnezamina/de_final_project/airflowenv/lib/python3.10/site-packages/airflow/example_dags/example_local_kubernetes_executor.py
[2026-08-30T23:26:33.047+0330] {processor.py:208} INFO - Processing /home/mmirnezamina/de_final_project/airflowenv/lib/python3.10/site-packages/airflow/example_dags/example_local_kubernetes_executor.py took 0.047 seconds
[2026-08-30T23:28:19.850+0330] {processor.py:186} INFO - Started process (PID=16489) to work on /home/mmirnezamina/de_final_project/airflowenv/lib/python3.10/site-packages/airflow/example_dags/example_local_kubernetes_executor.py
[2026-08-30T23:28:19.852+0330] {processor.py:914} INFO - Processing file /home/mmirnezamina/de_final_project/airflowenv/lib/python3.10/site-packages/airflow/example_dags/example_local_kubernetes_executor.py for tasks to queue
[2026-08-30T23:28:19.854+0330] {logging_mixin.py:190} INFO - [2026-08-30T23:28:19.853+0330] {dagbag.py:588} INFO - Filling up the DagBag from /home/mmirnezamina/de_final_project/airflowenv/lib/python3.10/site-packages/airflow/example_dags/example_local_kubernetes_executor.py
[2026-08-30T23:28:19.857+0330] {logging_mixin.py:190} INFO - [2026-08-30T23:28:19.857+0330] {example_local_kubernetes_executor.py:40} WARNING - Could not import DAGs in example_local_kubernetes_executor.py
Traceback (most recent call last):
  File "/home/mmirnezamina/de_final_project/airflowenv/lib/python3.10/site-packages/airflow/example_dags/example_local_kubernetes_executor.py", line 38, in <module>
    from kubernetes.client import models as k8s
ModuleNotFoundError: No module named 'kubernetes'
[2026-08-30T23:28:19.858+0330] {logging_mixin.py:190} INFO - [2026-08-30T23:28:19.858+0330] {example_local_kubernetes_executor.py:41} WARNING - Install Kubernetes dependencies with: pip install apache-airflow[cncf.kubernetes]
[2026-08-30T23:28:19.858+0330] {processor.py:927} WARNING - No viable dags retrieved from /home/mmirnezamina/de_final_project/airflowenv/lib/python3.10/site-packages/airflow/example_dags/example_local_kubernetes_executor.py
[2026-08-30T23:28:19.868+0330] {processor.py:208} INFO - Processing /home/mmirnezamina/de_final_project/airflowenv/lib/python3.10/site-packages/airflow/example_dags/example_local_kubernetes_executor.py took 0.027 seconds
