[2026-08-30T23:13:41.345+0330] {processor.py:186} INFO - Started process (PID=13146) to work on /home/mmirnezamina/de_final_project/airflowenv/lib/python3.10/site-packages/airflow/example_dags/example_skip_dag.py
[2026-08-30T23:13:41.348+0330] {processor.py:914} INFO - Processing file /home/mmirnezamina/de_final_project/airflowenv/lib/python3.10/site-packages/airflow/example_dags/example_skip_dag.py for tasks to queue
[2026-08-30T23:13:41.352+0330] {logging_mixin.py:190} INFO - [2026-08-30T23:13:41.351+0330] {dagbag.py:588} INFO - Filling up the DagBag from /home/mmirnezamina/de_final_project/airflowenv/lib/python3.10/site-packages/airflow/example_dags/example_skip_dag.py
[2026-08-30T23:13:41.388+0330] {processor.py:925} INFO - DAG(s) 'example_skip_dag' retrieved from /home/mmirnezamina/de_final_project/airflowenv/lib/python3.10/site-packages/airflow/example_dags/example_skip_dag.py
[2026-08-30T23:13:41.848+0330] {logging_mixin.py:190} INFO - [2026-08-30T23:13:41.846+0330] {override.py:1930} INFO - Created Permission View: can edit on DAG:example_skip_dag
[2026-08-30T23:13:41.896+0330] {logging_mixin.py:190} INFO - [2026-08-30T23:13:41.894+0330] {override.py:1930} INFO - Created Permission View: can read on DAG:example_skip_dag
[2026-08-30T23:13:41.924+0330] {logging_mixin.py:190} INFO - [2026-08-30T23:13:41.923+0330] {override.py:1930} INFO - Created Permission View: can delete on DAG:example_skip_dag
[2026-08-30T23:13:41.956+0330] {logging_mixin.py:190} INFO - [2026-08-30T23:13:41.955+0330] {override.py:1930} INFO - Created Permission View: menu access on DAG Run:example_skip_dag
[2026-08-30T23:13:41.983+0330] {logging_mixin.py:190} INFO - [2026-08-30T23:13:41.982+0330] {override.py:1930} INFO - Created Permission View: can create on DAG Run:example_skip_dag
[2026-08-30T23:13:42.012+0330] {logging_mixin.py:190} INFO - [2026-08-30T23:13:42.011+0330] {override.py:1930} INFO - Created Permission View: can read on DAG Run:example_skip_dag
[2026-08-30T23:13:42.042+0330] {logging_mixin.py:190} INFO - [2026-08-30T23:13:42.041+0330] {override.py:1930} INFO - Created Permission View: can delete on DAG Run:example_skip_dag
[2026-08-30T23:13:42.044+0330] {logging_mixin.py:190} INFO - [2026-08-30T23:13:42.043+0330] {dag.py:3239} INFO - Sync 1 DAGs
[2026-08-30T23:13:42.096+0330] {logging_mixin.py:190} INFO - [2026-08-30T23:13:42.095+0330] {dag.py:3262} INFO - Creating ORM DAG for example_skip_dag
[2026-08-30T23:13:42.132+0330] {logging_mixin.py:190} INFO - [2026-08-30T23:13:42.131+0330] {dag.py:4180} INFO - Setting next_dagrun for example_skip_dag to 2026-08-29 00:00:00+00:00, run_after=2026-08-30 00:00:00+00:00
[2026-08-30T23:13:42.213+0330] {processor.py:208} INFO - Processing /home/mmirnezamina/de_final_project/airflowenv/lib/python3.10/site-packages/airflow/example_dags/example_skip_dag.py took 0.901 seconds
[2026-08-30T23:14:13.090+0330] {processor.py:186} INFO - Started process (PID=13272) to work on /home/mmirnezamina/de_final_project/airflowenv/lib/python3.10/site-packages/airflow/example_dags/example_skip_dag.py
[2026-08-30T23:14:13.091+0330] {processor.py:914} INFO - Processing file /home/mmirnezamina/de_final_project/airflowenv/lib/python3.10/site-packages/airflow/example_dags/example_skip_dag.py for tasks to queue
[2026-08-30T23:14:13.093+0330] {logging_mixin.py:190} INFO - [2026-08-30T23:14:13.093+0330] {dagbag.py:588} INFO - Filling up the DagBag from /home/mmirnezamina/de_final_project/airflowenv/lib/python3.10/site-packages/airflow/example_dags/example_skip_dag.py
[2026-08-30T23:14:13.103+0330] {processor.py:925} INFO - DAG(s) 'example_skip_dag' retrieved from /home/mmirnezamina/de_final_project/airflowenv/lib/python3.10/site-packages/airflow/example_dags/example_skip_dag.py
[2026-08-30T23:14:13.143+0330] {logging_mixin.py:190} INFO - [2026-08-30T23:14:13.142+0330] {dag.py:3239} INFO - Sync 1 DAGs
[2026-08-30T23:14:13.178+0330] {logging_mixin.py:190} INFO - [2026-08-30T23:14:13.178+0330] {dag.py:4180} INFO - Setting next_dagrun for example_skip_dag to 2026-08-29 00:00:00+00:00, run_after=2026-08-30 00:00:00+00:00
[2026-08-30T23:14:13.215+0330] {processor.py:208} INFO - Processing /home/mmirnezamina/de_final_project/airflowenv/lib/python3.10/site-packages/airflow/example_dags/example_skip_dag.py took 0.140 seconds
[2026-08-30T23:14:43.496+0330] {processor.py:186} INFO - Started process (PID=13391) to work on /home/mmirnezamina/de_final_project/airflowenv/lib/python3.10/site-packages/airflow/example_dags/example_skip_dag.py
[2026-08-30T23:14:43.498+0330] {processor.py:914} INFO - Processing file /home/mmirnezamina/de_final_project/airflowenv/lib/python3.10/site-packages/airflow/example_dags/example_skip_dag.py for tasks to queue
[2026-08-30T23:14:43.499+0330] {logging_mixin.py:190} INFO - [2026-08-30T23:14:43.499+0330] {dagbag.py:588} INFO - Filling up the DagBag from /home/mmirnezamina/de_final_project/airflowenv/lib/python3.10/site-packages/airflow/example_dags/example_skip_dag.py
[2026-08-30T23:14:43.506+0330] {processor.py:925} INFO - DAG(s) 'example_skip_dag' retrieved from /home/mmirnezamina/de_final_project/airflowenv/lib/python3.10/site-packages/airflow/example_dags/example_skip_dag.py
[2026-08-30T23:14:43.540+0330] {logging_mixin.py:190} INFO - [2026-08-30T23:14:43.540+0330] {dag.py:3239} INFO - Sync 1 DAGs
[2026-08-30T23:14:43.563+0330] {logging_mixin.py:190} INFO - [2026-08-30T23:14:43.563+0330] {dag.py:4180} INFO - Setting next_dagrun for example_skip_dag to 2026-08-29 00:00:00+00:00, run_after=2026-08-30 00:00:00+00:00
[2026-08-30T23:14:43.589+0330] {processor.py:208} INFO - Processing /home/mmirnezamina/de_final_project/airflowenv/lib/python3.10/site-packages/airflow/example_dags/example_skip_dag.py took 0.104 seconds
[2026-08-30T23:15:13.796+0330] {processor.py:186} INFO - Started process (PID=13511) to work on /home/mmirnezamina/de_final_project/airflowenv/lib/python3.10/site-packages/airflow/example_dags/example_skip_dag.py
[2026-08-30T23:15:13.797+0330] {processor.py:914} INFO - Processing file /home/mmirnezamina/de_final_project/airflowenv/lib/python3.10/site-packages/airflow/example_dags/example_skip_dag.py for tasks to queue
[2026-08-30T23:15:13.799+0330] {logging_mixin.py:190} INFO - [2026-08-30T23:15:13.799+0330] {dagbag.py:588} INFO - Filling up the DagBag from /home/mmirnezamina/de_final_project/airflowenv/lib/python3.10/site-packages/airflow/example_dags/example_skip_dag.py
[2026-08-30T23:15:13.815+0330] {processor.py:925} INFO - DAG(s) 'example_skip_dag' retrieved from /home/mmirnezamina/de_final_project/airflowenv/lib/python3.10/site-packages/airflow/example_dags/example_skip_dag.py
[2026-08-30T23:15:13.871+0330] {logging_mixin.py:190} INFO - [2026-08-30T23:15:13.871+0330] {dag.py:3239} INFO - Sync 1 DAGs
[2026-08-30T23:15:13.924+0330] {logging_mixin.py:190} INFO - [2026-08-30T23:15:13.923+0330] {dag.py:4180} INFO - Setting next_dagrun for example_skip_dag to 2026-08-29 00:00:00+00:00, run_after=2026-08-30 00:00:00+00:00
[2026-08-30T23:15:13.985+0330] {processor.py:208} INFO - Processing /home/mmirnezamina/de_final_project/airflowenv/lib/python3.10/site-packages/airflow/example_dags/example_skip_dag.py took 0.203 seconds
[2026-08-30T23:15:44.673+0330] {processor.py:186} INFO - Started process (PID=13630) to work on /home/mmirnezamina/de_final_project/airflowenv/lib/python3.10/site-packages/airflow/example_dags/example_skip_dag.py
[2026-08-30T23:15:44.685+0330] {processor.py:914} INFO - Processing file /home/mmirnezamina/de_final_project/airflowenv/lib/python3.10/site-packages/airflow/example_dags/example_skip_dag.py for tasks to queue
[2026-08-30T23:15:44.688+0330] {logging_mixin.py:190} INFO - [2026-08-30T23:15:44.687+0330] {dagbag.py:588} INFO - Filling up the DagBag from /home/mmirnezamina/de_final_project/airflowenv/lib/python3.10/site-packages/airflow/example_dags/example_skip_dag.py
[2026-08-30T23:15:44.699+0330] {processor.py:925} INFO - DAG(s) 'example_skip_dag' retrieved from /home/mmirnezamina/de_final_project/airflowenv/lib/python3.10/site-packages/airflow/example_dags/example_skip_dag.py
[2026-08-30T23:15:44.752+0330] {logging_mixin.py:190} INFO - [2026-08-30T23:15:44.751+0330] {dag.py:3239} INFO - Sync 1 DAGs
[2026-08-30T23:15:44.793+0330] {logging_mixin.py:190} INFO - [2026-08-30T23:15:44.792+0330] {dag.py:4180} INFO - Setting next_dagrun for example_skip_dag to 2026-08-29 00:00:00+00:00, run_after=2026-08-30 00:00:00+00:00
[2026-08-30T23:15:44.834+0330] {processor.py:208} INFO - Processing /home/mmirnezamina/de_final_project/airflowenv/lib/python3.10/site-packages/airflow/example_dags/example_skip_dag.py took 0.177 seconds
[2026-08-30T23:16:15.100+0330] {processor.py:186} INFO - Started process (PID=13750) to work on /home/mmirnezamina/de_final_project/airflowenv/lib/python3.10/site-packages/airflow/example_dags/example_skip_dag.py
[2026-08-30T23:16:15.101+0330] {processor.py:914} INFO - Processing file /home/mmirnezamina/de_final_project/airflowenv/lib/python3.10/site-packages/airflow/example_dags/example_skip_dag.py for tasks to queue
[2026-08-30T23:16:15.102+0330] {logging_mixin.py:190} INFO - [2026-08-30T23:16:15.102+0330] {dagbag.py:588} INFO - Filling up the DagBag from /home/mmirnezamina/de_final_project/airflowenv/lib/python3.10/site-packages/airflow/example_dags/example_skip_dag.py
[2026-08-30T23:16:15.113+0330] {processor.py:925} INFO - DAG(s) 'example_skip_dag' retrieved from /home/mmirnezamina/de_final_project/airflowenv/lib/python3.10/site-packages/airflow/example_dags/example_skip_dag.py
[2026-08-30T23:16:15.157+0330] {logging_mixin.py:190} INFO - [2026-08-30T23:16:15.157+0330] {dag.py:3239} INFO - Sync 1 DAGs
[2026-08-30T23:16:15.197+0330] {logging_mixin.py:190} INFO - [2026-08-30T23:16:15.196+0330] {dag.py:4180} INFO - Setting next_dagrun for example_skip_dag to 2026-08-29 00:00:00+00:00, run_after=2026-08-30 00:00:00+00:00
[2026-08-30T23:16:15.230+0330] {processor.py:208} INFO - Processing /home/mmirnezamina/de_final_project/airflowenv/lib/python3.10/site-packages/airflow/example_dags/example_skip_dag.py took 0.143 seconds
[2026-08-30T23:16:45.295+0330] {processor.py:186} INFO - Started process (PID=13867) to work on /home/mmirnezamina/de_final_project/airflowenv/lib/python3.10/site-packages/airflow/example_dags/example_skip_dag.py
[2026-08-30T23:16:45.296+0330] {processor.py:914} INFO - Processing file /home/mmirnezamina/de_final_project/airflowenv/lib/python3.10/site-packages/airflow/example_dags/example_skip_dag.py for tasks to queue
[2026-08-30T23:16:45.299+0330] {logging_mixin.py:190} INFO - [2026-08-30T23:16:45.298+0330] {dagbag.py:588} INFO - Filling up the DagBag from /home/mmirnezamina/de_final_project/airflowenv/lib/python3.10/site-packages/airflow/example_dags/example_skip_dag.py
[2026-08-30T23:16:45.311+0330] {processor.py:925} INFO - DAG(s) 'example_skip_dag' retrieved from /home/mmirnezamina/de_final_project/airflowenv/lib/python3.10/site-packages/airflow/example_dags/example_skip_dag.py
[2026-08-30T23:16:45.357+0330] {logging_mixin.py:190} INFO - [2026-08-30T23:16:45.356+0330] {dag.py:3239} INFO - Sync 1 DAGs
[2026-08-30T23:16:45.390+0330] {logging_mixin.py:190} INFO - [2026-08-30T23:16:45.389+0330] {dag.py:4180} INFO - Setting next_dagrun for example_skip_dag to 2026-08-29 00:00:00+00:00, run_after=2026-08-30 00:00:00+00:00
[2026-08-30T23:16:45.421+0330] {processor.py:208} INFO - Processing /home/mmirnezamina/de_final_project/airflowenv/lib/python3.10/site-packages/airflow/example_dags/example_skip_dag.py took 0.142 seconds
[2026-08-30T23:17:15.638+0330] {processor.py:186} INFO - Started process (PID=14035) to work on /home/mmirnezamina/de_final_project/airflowenv/lib/python3.10/site-packages/airflow/example_dags/example_skip_dag.py
[2026-08-30T23:17:15.640+0330] {processor.py:914} INFO - Processing file /home/mmirnezamina/de_final_project/airflowenv/lib/python3.10/site-packages/airflow/example_dags/example_skip_dag.py for tasks to queue
[2026-08-30T23:17:15.642+0330] {logging_mixin.py:190} INFO - [2026-08-30T23:17:15.642+0330] {dagbag.py:588} INFO - Filling up the DagBag from /home/mmirnezamina/de_final_project/airflowenv/lib/python3.10/site-packages/airflow/example_dags/example_skip_dag.py
[2026-08-30T23:17:15.657+0330] {processor.py:925} INFO - DAG(s) 'example_skip_dag' retrieved from /home/mmirnezamina/de_final_project/airflowenv/lib/python3.10/site-packages/airflow/example_dags/example_skip_dag.py
[2026-08-30T23:17:15.709+0330] {logging_mixin.py:190} INFO - [2026-08-30T23:17:15.708+0330] {dag.py:3239} INFO - Sync 1 DAGs
[2026-08-30T23:17:15.753+0330] {logging_mixin.py:190} INFO - [2026-08-30T23:17:15.752+0330] {dag.py:4180} INFO - Setting next_dagrun for example_skip_dag to 2026-08-29 00:00:00+00:00, run_after=2026-08-30 00:00:00+00:00
[2026-08-30T23:17:15.794+0330] {processor.py:208} INFO - Processing /home/mmirnezamina/de_final_project/airflowenv/lib/python3.10/site-packages/airflow/example_dags/example_skip_dag.py took 0.171 seconds
[2026-08-30T23:17:46.382+0330] {processor.py:186} INFO - Started process (PID=14160) to work on /home/mmirnezamina/de_final_project/airflowenv/lib/python3.10/site-packages/airflow/example_dags/example_skip_dag.py
[2026-08-30T23:17:46.389+0330] {processor.py:914} INFO - Processing file /home/mmirnezamina/de_final_project/airflowenv/lib/python3.10/site-packages/airflow/example_dags/example_skip_dag.py for tasks to queue
[2026-08-30T23:17:46.391+0330] {logging_mixin.py:190} INFO - [2026-08-30T23:17:46.391+0330] {dagbag.py:588} INFO - Filling up the DagBag from /home/mmirnezamina/de_final_project/airflowenv/lib/python3.10/site-packages/airflow/example_dags/example_skip_dag.py
[2026-08-30T23:17:46.402+0330] {processor.py:925} INFO - DAG(s) 'example_skip_dag' retrieved from /home/mmirnezamina/de_final_project/airflowenv/lib/python3.10/site-packages/airflow/example_dags/example_skip_dag.py
[2026-08-30T23:17:46.440+0330] {logging_mixin.py:190} INFO - [2026-08-30T23:17:46.440+0330] {dag.py:3239} INFO - Sync 1 DAGs
[2026-08-30T23:17:46.470+0330] {logging_mixin.py:190} INFO - [2026-08-30T23:17:46.470+0330] {dag.py:4180} INFO - Setting next_dagrun for example_skip_dag to 2026-08-29 00:00:00+00:00, run_after=2026-08-30 00:00:00+00:00
[2026-08-30T23:17:46.499+0330] {processor.py:208} INFO - Processing /home/mmirnezamina/de_final_project/airflowenv/lib/python3.10/site-packages/airflow/example_dags/example_skip_dag.py took 0.131 seconds
[2026-08-30T23:18:17.110+0330] {processor.py:186} INFO - Started process (PID=14280) to work on /home/mmirnezamina/de_final_project/airflowenv/lib/python3.10/site-packages/airflow/example_dags/example_skip_dag.py
[2026-08-30T23:18:17.112+0330] {processor.py:914} INFO - Processing file /home/mmirnezamina/de_final_project/airflowenv/lib/python3.10/site-packages/airflow/example_dags/example_skip_dag.py for tasks to queue
[2026-08-30T23:18:17.114+0330] {logging_mixin.py:190} INFO - [2026-08-30T23:18:17.113+0330] {dagbag.py:588} INFO - Filling up the DagBag from /home/mmirnezamina/de_final_project/airflowenv/lib/python3.10/site-packages/airflow/example_dags/example_skip_dag.py
[2026-08-30T23:18:17.123+0330] {processor.py:925} INFO - DAG(s) 'example_skip_dag' retrieved from /home/mmirnezamina/de_final_project/airflowenv/lib/python3.10/site-packages/airflow/example_dags/example_skip_dag.py
[2026-08-30T23:18:17.153+0330] {logging_mixin.py:190} INFO - [2026-08-30T23:18:17.153+0330] {dag.py:3239} INFO - Sync 1 DAGs
[2026-08-30T23:18:17.183+0330] {logging_mixin.py:190} INFO - [2026-08-30T23:18:17.182+0330] {dag.py:4180} INFO - Setting next_dagrun for example_skip_dag to 2026-08-29 00:00:00+00:00, run_after=2026-08-30 00:00:00+00:00
[2026-08-30T23:18:17.210+0330] {processor.py:208} INFO - Processing /home/mmirnezamina/de_final_project/airflowenv/lib/python3.10/site-packages/airflow/example_dags/example_skip_dag.py took 0.109 seconds
[2026-08-30T23:18:47.830+0330] {processor.py:186} INFO - Started process (PID=14397) to work on /home/mmirnezamina/de_final_project/airflowenv/lib/python3.10/site-packages/airflow/example_dags/example_skip_dag.py
[2026-08-30T23:18:47.831+0330] {processor.py:914} INFO - Processing file /home/mmirnezamina/de_final_project/airflowenv/lib/python3.10/site-packages/airflow/example_dags/example_skip_dag.py for tasks to queue
[2026-08-30T23:18:47.832+0330] {logging_mixin.py:190} INFO - [2026-08-30T23:18:47.832+0330] {dagbag.py:588} INFO - Filling up the DagBag from /home/mmirnezamina/de_final_project/airflowenv/lib/python3.10/site-packages/airflow/example_dags/example_skip_dag.py
[2026-08-30T23:18:47.841+0330] {processor.py:925} INFO - DAG(s) 'example_skip_dag' retrieved from /home/mmirnezamina/de_final_project/airflowenv/lib/python3.10/site-packages/airflow/example_dags/example_skip_dag.py
[2026-08-30T23:18:47.885+0330] {logging_mixin.py:190} INFO - [2026-08-30T23:18:47.884+0330] {dag.py:3239} INFO - Sync 1 DAGs
[2026-08-30T23:18:47.909+0330] {logging_mixin.py:190} INFO - [2026-08-30T23:18:47.909+0330] {dag.py:4180} INFO - Setting next_dagrun for example_skip_dag to 2026-08-29 00:00:00+00:00, run_after=2026-08-30 00:00:00+00:00
[2026-08-30T23:18:47.936+0330] {processor.py:208} INFO - Processing /home/mmirnezamina/de_final_project/airflowenv/lib/python3.10/site-packages/airflow/example_dags/example_skip_dag.py took 0.117 seconds
[2026-08-30T23:19:18.279+0330] {processor.py:186} INFO - Started process (PID=14517) to work on /home/mmirnezamina/de_final_project/airflowenv/lib/python3.10/site-packages/airflow/example_dags/example_skip_dag.py
[2026-08-30T23:19:18.279+0330] {processor.py:914} INFO - Processing file /home/mmirnezamina/de_final_project/airflowenv/lib/python3.10/site-packages/airflow/example_dags/example_skip_dag.py for tasks to queue
[2026-08-30T23:19:18.281+0330] {logging_mixin.py:190} INFO - [2026-08-30T23:19:18.280+0330] {dagbag.py:588} INFO - Filling up the DagBag from /home/mmirnezamina/de_final_project/airflowenv/lib/python3.10/site-packages/airflow/example_dags/example_skip_dag.py
[2026-08-30T23:19:18.288+0330] {processor.py:925} INFO - DAG(s) 'example_skip_dag' retrieved from /home/mmirnezamina/de_final_project/airflowenv/lib/python3.10/site-packages/airflow/example_dags/example_skip_dag.py
[2026-08-30T23:19:18.316+0330] {logging_mixin.py:190} INFO - [2026-08-30T23:19:18.316+0330] {dag.py:3239} INFO - Sync 1 DAGs
[2026-08-30T23:19:18.340+0330] {logging_mixin.py:190} INFO - [2026-08-30T23:19:18.339+0330] {dag.py:4180} INFO - Setting next_dagrun for example_skip_dag to 2026-08-29 00:00:00+00:00, run_after=2026-08-30 00:00:00+00:00
[2026-08-30T23:19:18.366+0330] {processor.py:208} INFO - Processing /home/mmirnezamina/de_final_project/airflowenv/lib/python3.10/site-packages/airflow/example_dags/example_skip_dag.py took 0.098 seconds
[2026-08-30T23:19:48.620+0330] {processor.py:186} INFO - Started process (PID=14634) to work on /home/mmirnezamina/de_final_project/airflowenv/lib/python3.10/site-packages/airflow/example_dags/example_skip_dag.py
[2026-08-30T23:19:48.622+0330] {processor.py:914} INFO - Processing file /home/mmirnezamina/de_final_project/airflowenv/lib/python3.10/site-packages/airflow/example_dags/example_skip_dag.py for tasks to queue
[2026-08-30T23:19:48.623+0330] {logging_mixin.py:190} INFO - [2026-08-30T23:19:48.622+0330] {dagbag.py:588} INFO - Filling up the DagBag from /home/mmirnezamina/de_final_project/airflowenv/lib/python3.10/site-packages/airflow/example_dags/example_skip_dag.py
[2026-08-30T23:19:48.631+0330] {processor.py:925} INFO - DAG(s) 'example_skip_dag' retrieved from /home/mmirnezamina/de_final_project/airflowenv/lib/python3.10/site-packages/airflow/example_dags/example_skip_dag.py
[2026-08-30T23:19:48.660+0330] {logging_mixin.py:190} INFO - [2026-08-30T23:19:48.660+0330] {dag.py:3239} INFO - Sync 1 DAGs
[2026-08-30T23:19:48.684+0330] {logging_mixin.py:190} INFO - [2026-08-30T23:19:48.684+0330] {dag.py:4180} INFO - Setting next_dagrun for example_skip_dag to 2026-08-29 00:00:00+00:00, run_after=2026-08-30 00:00:00+00:00
[2026-08-30T23:19:48.711+0330] {processor.py:208} INFO - Processing /home/mmirnezamina/de_final_project/airflowenv/lib/python3.10/site-packages/airflow/example_dags/example_skip_dag.py took 0.099 seconds
[2026-08-30T23:20:19.094+0330] {processor.py:186} INFO - Started process (PID=14758) to work on /home/mmirnezamina/de_final_project/airflowenv/lib/python3.10/site-packages/airflow/example_dags/example_skip_dag.py
[2026-08-30T23:20:19.099+0330] {processor.py:914} INFO - Processing file /home/mmirnezamina/de_final_project/airflowenv/lib/python3.10/site-packages/airflow/example_dags/example_skip_dag.py for tasks to queue
[2026-08-30T23:20:19.101+0330] {logging_mixin.py:190} INFO - [2026-08-30T23:20:19.101+0330] {dagbag.py:588} INFO - Filling up the DagBag from /home/mmirnezamina/de_final_project/airflowenv/lib/python3.10/site-packages/airflow/example_dags/example_skip_dag.py
[2026-08-30T23:20:19.136+0330] {processor.py:925} INFO - DAG(s) 'example_skip_dag' retrieved from /home/mmirnezamina/de_final_project/airflowenv/lib/python3.10/site-packages/airflow/example_dags/example_skip_dag.py
[2026-08-30T23:20:19.255+0330] {logging_mixin.py:190} INFO - [2026-08-30T23:20:19.254+0330] {dag.py:3239} INFO - Sync 1 DAGs
[2026-08-30T23:20:19.287+0330] {logging_mixin.py:190} INFO - [2026-08-30T23:20:19.287+0330] {dag.py:4180} INFO - Setting next_dagrun for example_skip_dag to 2026-08-29 00:00:00+00:00, run_after=2026-08-30 00:00:00+00:00
[2026-08-30T23:20:19.321+0330] {processor.py:208} INFO - Processing /home/mmirnezamina/de_final_project/airflowenv/lib/python3.10/site-packages/airflow/example_dags/example_skip_dag.py took 0.242 seconds
[2026-08-30T23:20:49.985+0330] {processor.py:186} INFO - Started process (PID=14875) to work on /home/mmirnezamina/de_final_project/airflowenv/lib/python3.10/site-packages/airflow/example_dags/example_skip_dag.py
[2026-08-30T23:20:49.986+0330] {processor.py:914} INFO - Processing file /home/mmirnezamina/de_final_project/airflowenv/lib/python3.10/site-packages/airflow/example_dags/example_skip_dag.py for tasks to queue
[2026-08-30T23:20:49.987+0330] {logging_mixin.py:190} INFO - [2026-08-30T23:20:49.987+0330] {dagbag.py:588} INFO - Filling up the DagBag from /home/mmirnezamina/de_final_project/airflowenv/lib/python3.10/site-packages/airflow/example_dags/example_skip_dag.py
[2026-08-30T23:20:49.993+0330] {processor.py:925} INFO - DAG(s) 'example_skip_dag' retrieved from /home/mmirnezamina/de_final_project/airflowenv/lib/python3.10/site-packages/airflow/example_dags/example_skip_dag.py
[2026-08-30T23:20:50.021+0330] {logging_mixin.py:190} INFO - [2026-08-30T23:20:50.021+0330] {dag.py:3239} INFO - Sync 1 DAGs
[2026-08-30T23:20:50.040+0330] {logging_mixin.py:190} INFO - [2026-08-30T23:20:50.040+0330] {dag.py:4180} INFO - Setting next_dagrun for example_skip_dag to 2026-08-29 00:00:00+00:00, run_after=2026-08-30 00:00:00+00:00
[2026-08-30T23:20:50.062+0330] {processor.py:208} INFO - Processing /home/mmirnezamina/de_final_project/airflowenv/lib/python3.10/site-packages/airflow/example_dags/example_skip_dag.py took 0.084 seconds
[2026-08-30T23:21:20.547+0330] {processor.py:186} INFO - Started process (PID=14995) to work on /home/mmirnezamina/de_final_project/airflowenv/lib/python3.10/site-packages/airflow/example_dags/example_skip_dag.py
[2026-08-30T23:21:20.548+0330] {processor.py:914} INFO - Processing file /home/mmirnezamina/de_final_project/airflowenv/lib/python3.10/site-packages/airflow/example_dags/example_skip_dag.py for tasks to queue
[2026-08-30T23:21:20.550+0330] {logging_mixin.py:190} INFO - [2026-08-30T23:21:20.549+0330] {dagbag.py:588} INFO - Filling up the DagBag from /home/mmirnezamina/de_final_project/airflowenv/lib/python3.10/site-packages/airflow/example_dags/example_skip_dag.py
[2026-08-30T23:21:20.558+0330] {processor.py:925} INFO - DAG(s) 'example_skip_dag' retrieved from /home/mmirnezamina/de_final_project/airflowenv/lib/python3.10/site-packages/airflow/example_dags/example_skip_dag.py
[2026-08-30T23:21:20.592+0330] {logging_mixin.py:190} INFO - [2026-08-30T23:21:20.592+0330] {dag.py:3239} INFO - Sync 1 DAGs
[2026-08-30T23:21:20.622+0330] {logging_mixin.py:190} INFO - [2026-08-30T23:21:20.621+0330] {dag.py:4180} INFO - Setting next_dagrun for example_skip_dag to 2026-08-29 00:00:00+00:00, run_after=2026-08-30 00:00:00+00:00
[2026-08-30T23:21:20.649+0330] {processor.py:208} INFO - Processing /home/mmirnezamina/de_final_project/airflowenv/lib/python3.10/site-packages/airflow/example_dags/example_skip_dag.py took 0.110 seconds
[2026-08-30T23:21:50.805+0330] {processor.py:186} INFO - Started process (PID=15112) to work on /home/mmirnezamina/de_final_project/airflowenv/lib/python3.10/site-packages/airflow/example_dags/example_skip_dag.py
[2026-08-30T23:21:50.806+0330] {processor.py:914} INFO - Processing file /home/mmirnezamina/de_final_project/airflowenv/lib/python3.10/site-packages/airflow/example_dags/example_skip_dag.py for tasks to queue
[2026-08-30T23:21:50.806+0330] {logging_mixin.py:190} INFO - [2026-08-30T23:21:50.806+0330] {dagbag.py:588} INFO - Filling up the DagBag from /home/mmirnezamina/de_final_project/airflowenv/lib/python3.10/site-packages/airflow/example_dags/example_skip_dag.py
[2026-08-30T23:21:50.813+0330] {processor.py:925} INFO - DAG(s) 'example_skip_dag' retrieved from /home/mmirnezamina/de_final_project/airflowenv/lib/python3.10/site-packages/airflow/example_dags/example_skip_dag.py
[2026-08-30T23:21:50.840+0330] {logging_mixin.py:190} INFO - [2026-08-30T23:21:50.840+0330] {dag.py:3239} INFO - Sync 1 DAGs
[2026-08-30T23:21:50.859+0330] {logging_mixin.py:190} INFO - [2026-08-30T23:21:50.859+0330] {dag.py:4180} INFO - Setting next_dagrun for example_skip_dag to 2026-08-29 00:00:00+00:00, run_after=2026-08-30 00:00:00+00:00
[2026-08-30T23:21:50.881+0330] {processor.py:208} INFO - Processing /home/mmirnezamina/de_final_project/airflowenv/lib/python3.10/site-packages/airflow/example_dags/example_skip_dag.py took 0.085 seconds
[2026-08-30T23:22:21.350+0330] {processor.py:186} INFO - Started process (PID=15233) to work on /home/mmirnezamina/de_final_project/airflowenv/lib/python3.10/site-packages/airflow/example_dags/example_skip_dag.py
[2026-08-30T23:22:21.351+0330] {processor.py:914} INFO - Processing file /home/mmirnezamina/de_final_project/airflowenv/lib/python3.10/site-packages/airflow/example_dags/example_skip_dag.py for tasks to queue
[2026-08-30T23:22:21.353+0330] {logging_mixin.py:190} INFO - [2026-08-30T23:22:21.352+0330] {dagbag.py:588} INFO - Filling up the DagBag from /home/mmirnezamina/de_final_project/airflowenv/lib/python3.10/site-packages/airflow/example_dags/example_skip_dag.py
[2026-08-30T23:22:21.360+0330] {processor.py:925} INFO - DAG(s) 'example_skip_dag' retrieved from /home/mmirnezamina/de_final_project/airflowenv/lib/python3.10/site-packages/airflow/example_dags/example_skip_dag.py
[2026-08-30T23:22:21.390+0330] {logging_mixin.py:190} INFO - [2026-08-30T23:22:21.390+0330] {dag.py:3239} INFO - Sync 1 DAGs
[2026-08-30T23:22:21.417+0330] {logging_mixin.py:190} INFO - [2026-08-30T23:22:21.417+0330] {dag.py:4180} INFO - Setting next_dagrun for example_skip_dag to 2026-08-29 00:00:00+00:00, run_after=2026-08-30 00:00:00+00:00
[2026-08-30T23:22:21.442+0330] {processor.py:208} INFO - Processing /home/mmirnezamina/de_final_project/airflowenv/lib/python3.10/site-packages/airflow/example_dags/example_skip_dag.py took 0.102 seconds
[2026-08-30T23:22:51.590+0330] {processor.py:186} INFO - Started process (PID=15350) to work on /home/mmirnezamina/de_final_project/airflowenv/lib/python3.10/site-packages/airflow/example_dags/example_skip_dag.py
[2026-08-30T23:22:51.592+0330] {processor.py:914} INFO - Processing file /home/mmirnezamina/de_final_project/airflowenv/lib/python3.10/site-packages/airflow/example_dags/example_skip_dag.py for tasks to queue
[2026-08-30T23:22:51.593+0330] {logging_mixin.py:190} INFO - [2026-08-30T23:22:51.593+0330] {dagbag.py:588} INFO - Filling up the DagBag from /home/mmirnezamina/de_final_project/airflowenv/lib/python3.10/site-packages/airflow/example_dags/example_skip_dag.py
[2026-08-30T23:22:51.605+0330] {processor.py:925} INFO - DAG(s) 'example_skip_dag' retrieved from /home/mmirnezamina/de_final_project/airflowenv/lib/python3.10/site-packages/airflow/example_dags/example_skip_dag.py
[2026-08-30T23:22:51.649+0330] {logging_mixin.py:190} INFO - [2026-08-30T23:22:51.649+0330] {dag.py:3239} INFO - Sync 1 DAGs
[2026-08-30T23:22:51.683+0330] {logging_mixin.py:190} INFO - [2026-08-30T23:22:51.683+0330] {dag.py:4180} INFO - Setting next_dagrun for example_skip_dag to 2026-08-29 00:00:00+00:00, run_after=2026-08-30 00:00:00+00:00
[2026-08-30T23:22:51.715+0330] {processor.py:208} INFO - Processing /home/mmirnezamina/de_final_project/airflowenv/lib/python3.10/site-packages/airflow/example_dags/example_skip_dag.py took 0.144 seconds
[2026-08-30T23:23:22.089+0330] {processor.py:186} INFO - Started process (PID=15470) to work on /home/mmirnezamina/de_final_project/airflowenv/lib/python3.10/site-packages/airflow/example_dags/example_skip_dag.py
[2026-08-30T23:23:22.091+0330] {processor.py:914} INFO - Processing file /home/mmirnezamina/de_final_project/airflowenv/lib/python3.10/site-packages/airflow/example_dags/example_skip_dag.py for tasks to queue
[2026-08-30T23:23:22.093+0330] {logging_mixin.py:190} INFO - [2026-08-30T23:23:22.092+0330] {dagbag.py:588} INFO - Filling up the DagBag from /home/mmirnezamina/de_final_project/airflowenv/lib/python3.10/site-packages/airflow/example_dags/example_skip_dag.py
[2026-08-30T23:23:22.105+0330] {processor.py:925} INFO - DAG(s) 'example_skip_dag' retrieved from /home/mmirnezamina/de_final_project/airflowenv/lib/python3.10/site-packages/airflow/example_dags/example_skip_dag.py
[2026-08-30T23:23:22.152+0330] {logging_mixin.py:190} INFO - [2026-08-30T23:23:22.151+0330] {dag.py:3239} INFO - Sync 1 DAGs
[2026-08-30T23:23:22.192+0330] {logging_mixin.py:190} INFO - [2026-08-30T23:23:22.191+0330] {dag.py:4180} INFO - Setting next_dagrun for example_skip_dag to 2026-08-29 00:00:00+00:00, run_after=2026-08-30 00:00:00+00:00
[2026-08-30T23:23:22.240+0330] {processor.py:208} INFO - Processing /home/mmirnezamina/de_final_project/airflowenv/lib/python3.10/site-packages/airflow/example_dags/example_skip_dag.py took 0.166 seconds
[2026-08-30T23:23:52.327+0330] {processor.py:186} INFO - Started process (PID=15587) to work on /home/mmirnezamina/de_final_project/airflowenv/lib/python3.10/site-packages/airflow/example_dags/example_skip_dag.py
[2026-08-30T23:23:52.328+0330] {processor.py:914} INFO - Processing file /home/mmirnezamina/de_final_project/airflowenv/lib/python3.10/site-packages/airflow/example_dags/example_skip_dag.py for tasks to queue
[2026-08-30T23:23:52.329+0330] {logging_mixin.py:190} INFO - [2026-08-30T23:23:52.329+0330] {dagbag.py:588} INFO - Filling up the DagBag from /home/mmirnezamina/de_final_project/airflowenv/lib/python3.10/site-packages/airflow/example_dags/example_skip_dag.py
[2026-08-30T23:23:52.338+0330] {processor.py:925} INFO - DAG(s) 'example_skip_dag' retrieved from /home/mmirnezamina/de_final_project/airflowenv/lib/python3.10/site-packages/airflow/example_dags/example_skip_dag.py
[2026-08-30T23:23:52.370+0330] {logging_mixin.py:190} INFO - [2026-08-30T23:23:52.370+0330] {dag.py:3239} INFO - Sync 1 DAGs
[2026-08-30T23:23:52.399+0330] {logging_mixin.py:190} INFO - [2026-08-30T23:23:52.399+0330] {dag.py:4180} INFO - Setting next_dagrun for example_skip_dag to 2026-08-29 00:00:00+00:00, run_after=2026-08-30 00:00:00+00:00
[2026-08-30T23:23:52.427+0330] {processor.py:208} INFO - Processing /home/mmirnezamina/de_final_project/airflowenv/lib/python3.10/site-packages/airflow/example_dags/example_skip_dag.py took 0.110 seconds
[2026-08-30T23:24:23.066+0330] {processor.py:186} INFO - Started process (PID=15707) to work on /home/mmirnezamina/de_final_project/airflowenv/lib/python3.10/site-packages/airflow/example_dags/example_skip_dag.py
[2026-08-30T23:24:23.068+0330] {processor.py:914} INFO - Processing file /home/mmirnezamina/de_final_project/airflowenv/lib/python3.10/site-packages/airflow/example_dags/example_skip_dag.py for tasks to queue
[2026-08-30T23:24:23.069+0330] {logging_mixin.py:190} INFO - [2026-08-30T23:24:23.069+0330] {dagbag.py:588} INFO - Filling up the DagBag from /home/mmirnezamina/de_final_project/airflowenv/lib/python3.10/site-packages/airflow/example_dags/example_skip_dag.py
[2026-08-30T23:24:23.077+0330] {processor.py:925} INFO - DAG(s) 'example_skip_dag' retrieved from /home/mmirnezamina/de_final_project/airflowenv/lib/python3.10/site-packages/airflow/example_dags/example_skip_dag.py
[2026-08-30T23:24:23.115+0330] {logging_mixin.py:190} INFO - [2026-08-30T23:24:23.115+0330] {dag.py:3239} INFO - Sync 1 DAGs
[2026-08-30T23:24:23.144+0330] {logging_mixin.py:190} INFO - [2026-08-30T23:24:23.144+0330] {dag.py:4180} INFO - Setting next_dagrun for example_skip_dag to 2026-08-29 00:00:00+00:00, run_after=2026-08-30 00:00:00+00:00
[2026-08-30T23:24:23.179+0330] {processor.py:208} INFO - Processing /home/mmirnezamina/de_final_project/airflowenv/lib/python3.10/site-packages/airflow/example_dags/example_skip_dag.py took 0.122 seconds
[2026-08-30T23:24:53.802+0330] {processor.py:186} INFO - Started process (PID=15833) to work on /home/mmirnezamina/de_final_project/airflowenv/lib/python3.10/site-packages/airflow/example_dags/example_skip_dag.py
[2026-08-30T23:24:53.803+0330] {processor.py:914} INFO - Processing file /home/mmirnezamina/de_final_project/airflowenv/lib/python3.10/site-packages/airflow/example_dags/example_skip_dag.py for tasks to queue
[2026-08-30T23:24:53.806+0330] {logging_mixin.py:190} INFO - [2026-08-30T23:24:53.805+0330] {dagbag.py:588} INFO - Filling up the DagBag from /home/mmirnezamina/de_final_project/airflowenv/lib/python3.10/site-packages/airflow/example_dags/example_skip_dag.py
[2026-08-30T23:24:53.824+0330] {processor.py:925} INFO - DAG(s) 'example_skip_dag' retrieved from /home/mmirnezamina/de_final_project/airflowenv/lib/python3.10/site-packages/airflow/example_dags/example_skip_dag.py
[2026-08-30T23:24:53.879+0330] {logging_mixin.py:190} INFO - [2026-08-30T23:24:53.879+0330] {dag.py:3239} INFO - Sync 1 DAGs
[2026-08-30T23:24:53.916+0330] {logging_mixin.py:190} INFO - [2026-08-30T23:24:53.916+0330] {dag.py:4180} INFO - Setting next_dagrun for example_skip_dag to 2026-08-29 00:00:00+00:00, run_after=2026-08-30 00:00:00+00:00
[2026-08-30T23:24:53.949+0330] {processor.py:208} INFO - Processing /home/mmirnezamina/de_final_project/airflowenv/lib/python3.10/site-packages/airflow/example_dags/example_skip_dag.py took 0.167 seconds
[2026-08-30T23:25:24.978+0330] {processor.py:186} INFO - Started process (PID=15970) to work on /home/mmirnezamina/de_final_project/airflowenv/lib/python3.10/site-packages/airflow/example_dags/example_skip_dag.py
[2026-08-30T23:25:24.981+0330] {processor.py:914} INFO - Processing file /home/mmirnezamina/de_final_project/airflowenv/lib/python3.10/site-packages/airflow/example_dags/example_skip_dag.py for tasks to queue
[2026-08-30T23:25:24.985+0330] {logging_mixin.py:190} INFO - [2026-08-30T23:25:24.984+0330] {dagbag.py:588} INFO - Filling up the DagBag from /home/mmirnezamina/de_final_project/airflowenv/lib/python3.10/site-packages/airflow/example_dags/example_skip_dag.py
[2026-08-30T23:25:25.020+0330] {processor.py:925} INFO - DAG(s) 'example_skip_dag' retrieved from /home/mmirnezamina/de_final_project/airflowenv/lib/python3.10/site-packages/airflow/example_dags/example_skip_dag.py
[2026-08-30T23:25:25.171+0330] {logging_mixin.py:190} INFO - [2026-08-30T23:25:25.171+0330] {dag.py:3239} INFO - Sync 1 DAGs
[2026-08-30T23:25:25.271+0330] {logging_mixin.py:190} INFO - [2026-08-30T23:25:25.271+0330] {dag.py:4180} INFO - Setting next_dagrun for example_skip_dag to 2026-08-29 00:00:00+00:00, run_after=2026-08-30 00:00:00+00:00
[2026-08-30T23:25:25.353+0330] {processor.py:208} INFO - Processing /home/mmirnezamina/de_final_project/airflowenv/lib/python3.10/site-packages/airflow/example_dags/example_skip_dag.py took 0.412 seconds
[2026-08-30T23:25:55.757+0330] {processor.py:186} INFO - Started process (PID=16103) to work on /home/mmirnezamina/de_final_project/airflowenv/lib/python3.10/site-packages/airflow/example_dags/example_skip_dag.py
[2026-08-30T23:25:55.758+0330] {processor.py:914} INFO - Processing file /home/mmirnezamina/de_final_project/airflowenv/lib/python3.10/site-packages/airflow/example_dags/example_skip_dag.py for tasks to queue
[2026-08-30T23:25:55.760+0330] {logging_mixin.py:190} INFO - [2026-08-30T23:25:55.760+0330] {dagbag.py:588} INFO - Filling up the DagBag from /home/mmirnezamina/de_final_project/airflowenv/lib/python3.10/site-packages/airflow/example_dags/example_skip_dag.py
[2026-08-30T23:25:55.768+0330] {processor.py:925} INFO - DAG(s) 'example_skip_dag' retrieved from /home/mmirnezamina/de_final_project/airflowenv/lib/python3.10/site-packages/airflow/example_dags/example_skip_dag.py
[2026-08-30T23:25:55.799+0330] {logging_mixin.py:190} INFO - [2026-08-30T23:25:55.799+0330] {dag.py:3239} INFO - Sync 1 DAGs
[2026-08-30T23:25:55.825+0330] {logging_mixin.py:190} INFO - [2026-08-30T23:25:55.825+0330] {dag.py:4180} INFO - Setting next_dagrun for example_skip_dag to 2026-08-29 00:00:00+00:00, run_after=2026-08-30 00:00:00+00:00
[2026-08-30T23:25:55.851+0330] {processor.py:208} INFO - Processing /home/mmirnezamina/de_final_project/airflowenv/lib/python3.10/site-packages/airflow/example_dags/example_skip_dag.py took 0.102 seconds
[2026-08-30T23:26:26.528+0330] {processor.py:186} INFO - Started process (PID=16224) to work on /home/mmirnezamina/de_final_project/airflowenv/lib/python3.10/site-packages/airflow/example_dags/example_skip_dag.py
[2026-08-30T23:26:26.533+0330] {processor.py:914} INFO - Processing file /home/mmirnezamina/de_final_project/airflowenv/lib/python3.10/site-packages/airflow/example_dags/example_skip_dag.py for tasks to queue
[2026-08-30T23:26:26.537+0330] {logging_mixin.py:190} INFO - [2026-08-30T23:26:26.536+0330] {dagbag.py:588} INFO - Filling up the DagBag from /home/mmirnezamina/de_final_project/airflowenv/lib/python3.10/site-packages/airflow/example_dags/example_skip_dag.py
[2026-08-30T23:26:26.574+0330] {processor.py:925} INFO - DAG(s) 'example_skip_dag' retrieved from /home/mmirnezamina/de_final_project/airflowenv/lib/python3.10/site-packages/airflow/example_dags/example_skip_dag.py
[2026-08-30T23:26:26.682+0330] {logging_mixin.py:190} INFO - [2026-08-30T23:26:26.681+0330] {dag.py:3239} INFO - Sync 1 DAGs
[2026-08-30T23:26:26.781+0330] {logging_mixin.py:190} INFO - [2026-08-30T23:26:26.780+0330] {dag.py:4180} INFO - Setting next_dagrun for example_skip_dag to 2026-08-29 00:00:00+00:00, run_after=2026-08-30 00:00:00+00:00
[2026-08-30T23:26:26.856+0330] {processor.py:208} INFO - Processing /home/mmirnezamina/de_final_project/airflowenv/lib/python3.10/site-packages/airflow/example_dags/example_skip_dag.py took 0.370 seconds
[2026-08-30T23:26:57.208+0330] {processor.py:186} INFO - Started process (PID=16340) to work on /home/mmirnezamina/de_final_project/airflowenv/lib/python3.10/site-packages/airflow/example_dags/example_skip_dag.py
[2026-08-30T23:26:57.211+0330] {processor.py:914} INFO - Processing file /home/mmirnezamina/de_final_project/airflowenv/lib/python3.10/site-packages/airflow/example_dags/example_skip_dag.py for tasks to queue
[2026-08-30T23:26:57.215+0330] {logging_mixin.py:190} INFO - [2026-08-30T23:26:57.214+0330] {dagbag.py:588} INFO - Filling up the DagBag from /home/mmirnezamina/de_final_project/airflowenv/lib/python3.10/site-packages/airflow/example_dags/example_skip_dag.py
[2026-08-30T23:26:57.238+0330] {processor.py:925} INFO - DAG(s) 'example_skip_dag' retrieved from /home/mmirnezamina/de_final_project/airflowenv/lib/python3.10/site-packages/airflow/example_dags/example_skip_dag.py
[2026-08-30T23:26:57.310+0330] {logging_mixin.py:190} INFO - [2026-08-30T23:26:57.310+0330] {dag.py:3239} INFO - Sync 1 DAGs
[2026-08-30T23:26:57.368+0330] {logging_mixin.py:190} INFO - [2026-08-30T23:26:57.367+0330] {dag.py:4180} INFO - Setting next_dagrun for example_skip_dag to 2026-08-29 00:00:00+00:00, run_after=2026-08-30 00:00:00+00:00
[2026-08-30T23:26:57.417+0330] {processor.py:208} INFO - Processing /home/mmirnezamina/de_final_project/airflowenv/lib/python3.10/site-packages/airflow/example_dags/example_skip_dag.py took 0.236 seconds
[2026-08-30T23:28:00.409+0330] {processor.py:186} INFO - Started process (PID=16470) to work on /home/mmirnezamina/de_final_project/airflowenv/lib/python3.10/site-packages/airflow/example_dags/example_skip_dag.py
[2026-08-30T23:28:00.417+0330] {processor.py:914} INFO - Processing file /home/mmirnezamina/de_final_project/airflowenv/lib/python3.10/site-packages/airflow/example_dags/example_skip_dag.py for tasks to queue
[2026-08-30T23:28:00.420+0330] {logging_mixin.py:190} INFO - [2026-08-30T23:28:00.419+0330] {dagbag.py:588} INFO - Filling up the DagBag from /home/mmirnezamina/de_final_project/airflowenv/lib/python3.10/site-packages/airflow/example_dags/example_skip_dag.py
[2026-08-30T23:28:00.439+0330] {processor.py:925} INFO - DAG(s) 'example_skip_dag' retrieved from /home/mmirnezamina/de_final_project/airflowenv/lib/python3.10/site-packages/airflow/example_dags/example_skip_dag.py
[2026-08-30T23:28:00.853+0330] {logging_mixin.py:190} INFO - [2026-08-30T23:28:00.852+0330] {override.py:1930} INFO - Created Permission View: can delete on DAG:example_skip_dag
[2026-08-30T23:28:00.912+0330] {logging_mixin.py:190} INFO - [2026-08-30T23:28:00.912+0330] {override.py:1930} INFO - Created Permission View: can read on DAG:example_skip_dag
[2026-08-30T23:28:00.949+0330] {logging_mixin.py:190} INFO - [2026-08-30T23:28:00.948+0330] {override.py:1930} INFO - Created Permission View: can edit on DAG:example_skip_dag
[2026-08-30T23:28:00.989+0330] {logging_mixin.py:190} INFO - [2026-08-30T23:28:00.988+0330] {override.py:1930} INFO - Created Permission View: can create on DAG Run:example_skip_dag
[2026-08-30T23:28:01.018+0330] {logging_mixin.py:190} INFO - [2026-08-30T23:28:01.017+0330] {override.py:1930} INFO - Created Permission View: can delete on DAG Run:example_skip_dag
[2026-08-30T23:28:01.050+0330] {logging_mixin.py:190} INFO - [2026-08-30T23:28:01.049+0330] {override.py:1930} INFO - Created Permission View: can read on DAG Run:example_skip_dag
[2026-08-30T23:28:01.080+0330] {logging_mixin.py:190} INFO - [2026-08-30T23:28:01.079+0330] {override.py:1930} INFO - Created Permission View: menu access on DAG Run:example_skip_dag
[2026-08-30T23:28:01.081+0330] {logging_mixin.py:190} INFO - [2026-08-30T23:28:01.080+0330] {dag.py:3239} INFO - Sync 1 DAGs
[2026-08-30T23:28:01.123+0330] {logging_mixin.py:190} INFO - [2026-08-30T23:28:01.122+0330] {dag.py:3262} INFO - Creating ORM DAG for example_skip_dag
[2026-08-30T23:28:01.153+0330] {logging_mixin.py:190} INFO - [2026-08-30T23:28:01.152+0330] {dag.py:4180} INFO - Setting next_dagrun for example_skip_dag to 2026-08-29 00:00:00+00:00, run_after=2026-08-30 00:00:00+00:00
[2026-08-30T23:28:01.205+0330] {processor.py:208} INFO - Processing /home/mmirnezamina/de_final_project/airflowenv/lib/python3.10/site-packages/airflow/example_dags/example_skip_dag.py took 0.814 seconds
