[2026-08-30T23:13:57.430+0330] {processor.py:186} INFO - Started process (PID=13224) to work on /home/mmirnezamina/de_final_project/airflowenv/lib/python3.10/site-packages/airflow/example_dags/example_bash_decorator.py
[2026-08-30T23:13:57.432+0330] {processor.py:914} INFO - Processing file /home/mmirnezamina/de_final_project/airflowenv/lib/python3.10/site-packages/airflow/example_dags/example_bash_decorator.py for tasks to queue
[2026-08-30T23:13:57.434+0330] {logging_mixin.py:190} INFO - [2026-08-30T23:13:57.434+0330] {dagbag.py:588} INFO - Filling up the DagBag from /home/mmirnezamina/de_final_project/airflowenv/lib/python3.10/site-packages/airflow/example_dags/example_bash_decorator.py
[2026-08-30T23:13:57.467+0330] {processor.py:925} INFO - DAG(s) 'example_bash_decorator' retrieved from /home/mmirnezamina/de_final_project/airflowenv/lib/python3.10/site-packages/airflow/example_dags/example_bash_decorator.py
[2026-08-30T23:13:57.671+0330] {logging_mixin.py:190} INFO - [2026-08-30T23:13:57.669+0330] {override.py:1930} INFO - Created Permission View: can edit on DAG:example_bash_decorator
[2026-08-30T23:13:57.696+0330] {logging_mixin.py:190} INFO - [2026-08-30T23:13:57.696+0330] {override.py:1930} INFO - Created Permission View: can read on DAG:example_bash_decorator
[2026-08-30T23:13:57.714+0330] {logging_mixin.py:190} INFO - [2026-08-30T23:13:57.714+0330] {override.py:1930} INFO - Created Permission View: can delete on DAG:example_bash_decorator
[2026-08-30T23:13:57.735+0330] {logging_mixin.py:190} INFO - [2026-08-30T23:13:57.735+0330] {override.py:1930} INFO - Created Permission View: menu access on DAG Run:example_bash_decorator
[2026-08-30T23:13:57.753+0330] {logging_mixin.py:190} INFO - [2026-08-30T23:13:57.753+0330] {override.py:1930} INFO - Created Permission View: can create on DAG Run:example_bash_decorator
[2026-08-30T23:13:57.772+0330] {logging_mixin.py:190} INFO - [2026-08-30T23:13:57.772+0330] {override.py:1930} INFO - Created Permission View: can read on DAG Run:example_bash_decorator
[2026-08-30T23:13:57.790+0330] {logging_mixin.py:190} INFO - [2026-08-30T23:13:57.790+0330] {override.py:1930} INFO - Created Permission View: can delete on DAG Run:example_bash_decorator
[2026-08-30T23:13:57.791+0330] {logging_mixin.py:190} INFO - [2026-08-30T23:13:57.791+0330] {dag.py:3239} INFO - Sync 1 DAGs
[2026-08-30T23:13:57.817+0330] {logging_mixin.py:190} INFO - [2026-08-30T23:13:57.816+0330] {dag.py:3262} INFO - Creating ORM DAG for example_bash_decorator
[2026-08-30T23:13:57.818+0330] {logging_mixin.py:190} INFO - [2026-08-30T23:13:57.818+0330] {dag.py:4180} INFO - Setting next_dagrun for example_bash_decorator to None, run_after=None
[2026-08-30T23:13:57.853+0330] {processor.py:208} INFO - Processing /home/mmirnezamina/de_final_project/airflowenv/lib/python3.10/site-packages/airflow/example_dags/example_bash_decorator.py took 0.441 seconds
[2026-08-30T23:14:27.937+0330] {processor.py:186} INFO - Started process (PID=13344) to work on /home/mmirnezamina/de_final_project/airflowenv/lib/python3.10/site-packages/airflow/example_dags/example_bash_decorator.py
[2026-08-30T23:14:27.939+0330] {processor.py:914} INFO - Processing file /home/mmirnezamina/de_final_project/airflowenv/lib/python3.10/site-packages/airflow/example_dags/example_bash_decorator.py for tasks to queue
[2026-08-30T23:14:27.943+0330] {logging_mixin.py:190} INFO - [2026-08-30T23:14:27.942+0330] {dagbag.py:588} INFO - Filling up the DagBag from /home/mmirnezamina/de_final_project/airflowenv/lib/python3.10/site-packages/airflow/example_dags/example_bash_decorator.py
[2026-08-30T23:14:27.980+0330] {processor.py:925} INFO - DAG(s) 'example_bash_decorator' retrieved from /home/mmirnezamina/de_final_project/airflowenv/lib/python3.10/site-packages/airflow/example_dags/example_bash_decorator.py
[2026-08-30T23:14:28.053+0330] {logging_mixin.py:190} INFO - [2026-08-30T23:14:28.052+0330] {dag.py:3239} INFO - Sync 1 DAGs
[2026-08-30T23:14:28.090+0330] {logging_mixin.py:190} INFO - [2026-08-30T23:14:28.090+0330] {dag.py:4180} INFO - Setting next_dagrun for example_bash_decorator to None, run_after=None
[2026-08-30T23:14:28.134+0330] {processor.py:208} INFO - Processing /home/mmirnezamina/de_final_project/airflowenv/lib/python3.10/site-packages/airflow/example_dags/example_bash_decorator.py took 0.221 seconds
[2026-08-30T23:15:00.182+0330] {processor.py:186} INFO - Started process (PID=13464) to work on /home/mmirnezamina/de_final_project/airflowenv/lib/python3.10/site-packages/airflow/example_dags/example_bash_decorator.py
[2026-08-30T23:15:00.190+0330] {processor.py:914} INFO - Processing file /home/mmirnezamina/de_final_project/airflowenv/lib/python3.10/site-packages/airflow/example_dags/example_bash_decorator.py for tasks to queue
[2026-08-30T23:15:00.198+0330] {logging_mixin.py:190} INFO - [2026-08-30T23:15:00.196+0330] {dagbag.py:588} INFO - Filling up the DagBag from /home/mmirnezamina/de_final_project/airflowenv/lib/python3.10/site-packages/airflow/example_dags/example_bash_decorator.py
[2026-08-30T23:15:00.275+0330] {processor.py:925} INFO - DAG(s) 'example_bash_decorator' retrieved from /home/mmirnezamina/de_final_project/airflowenv/lib/python3.10/site-packages/airflow/example_dags/example_bash_decorator.py
[2026-08-30T23:15:00.381+0330] {logging_mixin.py:190} INFO - [2026-08-30T23:15:00.381+0330] {dag.py:3239} INFO - Sync 1 DAGs
[2026-08-30T23:15:00.437+0330] {logging_mixin.py:190} INFO - [2026-08-30T23:15:00.437+0330] {dag.py:4180} INFO - Setting next_dagrun for example_bash_decorator to None, run_after=None
[2026-08-30T23:15:00.491+0330] {processor.py:208} INFO - Processing /home/mmirnezamina/de_final_project/airflowenv/lib/python3.10/site-packages/airflow/example_dags/example_bash_decorator.py took 0.364 seconds
[2026-08-30T23:15:32.210+0330] {processor.py:186} INFO - Started process (PID=13587) to work on /home/mmirnezamina/de_final_project/airflowenv/lib/python3.10/site-packages/airflow/example_dags/example_bash_decorator.py
[2026-08-30T23:15:32.213+0330] {processor.py:914} INFO - Processing file /home/mmirnezamina/de_final_project/airflowenv/lib/python3.10/site-packages/airflow/example_dags/example_bash_decorator.py for tasks to queue
[2026-08-30T23:15:32.218+0330] {logging_mixin.py:190} INFO - [2026-08-30T23:15:32.217+0330] {dagbag.py:588} INFO - Filling up the DagBag from /home/mmirnezamina/de_final_project/airflowenv/lib/python3.10/site-packages/airflow/example_dags/example_bash_decorator.py
[2026-08-30T23:15:32.290+0330] {processor.py:925} INFO - DAG(s) 'example_bash_decorator' retrieved from /home/mmirnezamina/de_final_project/airflowenv/lib/python3.10/site-packages/airflow/example_dags/example_bash_decorator.py
[2026-08-30T23:15:32.443+0330] {logging_mixin.py:190} INFO - [2026-08-30T23:15:32.442+0330] {dag.py:3239} INFO - Sync 1 DAGs
[2026-08-30T23:15:32.522+0330] {logging_mixin.py:190} INFO - [2026-08-30T23:15:32.520+0330] {dag.py:4180} INFO - Setting next_dagrun for example_bash_decorator to None, run_after=None
[2026-08-30T23:15:32.622+0330] {processor.py:208} INFO - Processing /home/mmirnezamina/de_final_project/airflowenv/lib/python3.10/site-packages/airflow/example_dags/example_bash_decorator.py took 0.446 seconds
[2026-08-30T23:16:02.789+0330] {processor.py:186} INFO - Started process (PID=13705) to work on /home/mmirnezamina/de_final_project/airflowenv/lib/python3.10/site-packages/airflow/example_dags/example_bash_decorator.py
[2026-08-30T23:16:02.796+0330] {processor.py:914} INFO - Processing file /home/mmirnezamina/de_final_project/airflowenv/lib/python3.10/site-packages/airflow/example_dags/example_bash_decorator.py for tasks to queue
[2026-08-30T23:16:02.798+0330] {logging_mixin.py:190} INFO - [2026-08-30T23:16:02.798+0330] {dagbag.py:588} INFO - Filling up the DagBag from /home/mmirnezamina/de_final_project/airflowenv/lib/python3.10/site-packages/airflow/example_dags/example_bash_decorator.py
[2026-08-30T23:16:02.847+0330] {processor.py:925} INFO - DAG(s) 'example_bash_decorator' retrieved from /home/mmirnezamina/de_final_project/airflowenv/lib/python3.10/site-packages/airflow/example_dags/example_bash_decorator.py
[2026-08-30T23:16:02.965+0330] {logging_mixin.py:190} INFO - [2026-08-30T23:16:02.964+0330] {dag.py:3239} INFO - Sync 1 DAGs
[2026-08-30T23:16:03.078+0330] {logging_mixin.py:190} INFO - [2026-08-30T23:16:03.077+0330] {dag.py:4180} INFO - Setting next_dagrun for example_bash_decorator to None, run_after=None
[2026-08-30T23:16:03.174+0330] {processor.py:208} INFO - Processing /home/mmirnezamina/de_final_project/airflowenv/lib/python3.10/site-packages/airflow/example_dags/example_bash_decorator.py took 0.418 seconds
[2026-08-30T23:16:34.205+0330] {processor.py:186} INFO - Started process (PID=13828) to work on /home/mmirnezamina/de_final_project/airflowenv/lib/python3.10/site-packages/airflow/example_dags/example_bash_decorator.py
[2026-08-30T23:16:34.206+0330] {processor.py:914} INFO - Processing file /home/mmirnezamina/de_final_project/airflowenv/lib/python3.10/site-packages/airflow/example_dags/example_bash_decorator.py for tasks to queue
[2026-08-30T23:16:34.209+0330] {logging_mixin.py:190} INFO - [2026-08-30T23:16:34.209+0330] {dagbag.py:588} INFO - Filling up the DagBag from /home/mmirnezamina/de_final_project/airflowenv/lib/python3.10/site-packages/airflow/example_dags/example_bash_decorator.py
[2026-08-30T23:16:34.252+0330] {processor.py:925} INFO - DAG(s) 'example_bash_decorator' retrieved from /home/mmirnezamina/de_final_project/airflowenv/lib/python3.10/site-packages/airflow/example_dags/example_bash_decorator.py
[2026-08-30T23:16:34.339+0330] {logging_mixin.py:190} INFO - [2026-08-30T23:16:34.338+0330] {dag.py:3239} INFO - Sync 1 DAGs
[2026-08-30T23:16:34.397+0330] {logging_mixin.py:190} INFO - [2026-08-30T23:16:34.397+0330] {dag.py:4180} INFO - Setting next_dagrun for example_bash_decorator to None, run_after=None
[2026-08-30T23:16:34.456+0330] {processor.py:208} INFO - Processing /home/mmirnezamina/de_final_project/airflowenv/lib/python3.10/site-packages/airflow/example_dags/example_bash_decorator.py took 0.276 seconds
[2026-08-30T23:17:05.193+0330] {processor.py:186} INFO - Started process (PID=13997) to work on /home/mmirnezamina/de_final_project/airflowenv/lib/python3.10/site-packages/airflow/example_dags/example_bash_decorator.py
[2026-08-30T23:17:05.196+0330] {processor.py:914} INFO - Processing file /home/mmirnezamina/de_final_project/airflowenv/lib/python3.10/site-packages/airflow/example_dags/example_bash_decorator.py for tasks to queue
[2026-08-30T23:17:05.200+0330] {logging_mixin.py:190} INFO - [2026-08-30T23:17:05.199+0330] {dagbag.py:588} INFO - Filling up the DagBag from /home/mmirnezamina/de_final_project/airflowenv/lib/python3.10/site-packages/airflow/example_dags/example_bash_decorator.py
[2026-08-30T23:17:05.304+0330] {processor.py:925} INFO - DAG(s) 'example_bash_decorator' retrieved from /home/mmirnezamina/de_final_project/airflowenv/lib/python3.10/site-packages/airflow/example_dags/example_bash_decorator.py
[2026-08-30T23:17:05.400+0330] {logging_mixin.py:190} INFO - [2026-08-30T23:17:05.399+0330] {dag.py:3239} INFO - Sync 1 DAGs
[2026-08-30T23:17:05.441+0330] {logging_mixin.py:190} INFO - [2026-08-30T23:17:05.441+0330] {dag.py:4180} INFO - Setting next_dagrun for example_bash_decorator to None, run_after=None
[2026-08-30T23:17:05.516+0330] {processor.py:208} INFO - Processing /home/mmirnezamina/de_final_project/airflowenv/lib/python3.10/site-packages/airflow/example_dags/example_bash_decorator.py took 0.347 seconds
[2026-08-30T23:17:39.790+0330] {processor.py:186} INFO - Started process (PID=14136) to work on /home/mmirnezamina/de_final_project/airflowenv/lib/python3.10/site-packages/airflow/example_dags/example_bash_decorator.py
[2026-08-30T23:17:39.796+0330] {processor.py:914} INFO - Processing file /home/mmirnezamina/de_final_project/airflowenv/lib/python3.10/site-packages/airflow/example_dags/example_bash_decorator.py for tasks to queue
[2026-08-30T23:17:39.800+0330] {logging_mixin.py:190} INFO - [2026-08-30T23:17:39.799+0330] {dagbag.py:588} INFO - Filling up the DagBag from /home/mmirnezamina/de_final_project/airflowenv/lib/python3.10/site-packages/airflow/example_dags/example_bash_decorator.py
[2026-08-30T23:17:39.901+0330] {processor.py:925} INFO - DAG(s) 'example_bash_decorator' retrieved from /home/mmirnezamina/de_final_project/airflowenv/lib/python3.10/site-packages/airflow/example_dags/example_bash_decorator.py
[2026-08-30T23:17:40.085+0330] {logging_mixin.py:190} INFO - [2026-08-30T23:17:40.084+0330] {dag.py:3239} INFO - Sync 1 DAGs
[2026-08-30T23:17:40.169+0330] {logging_mixin.py:190} INFO - [2026-08-30T23:17:40.168+0330] {dag.py:4180} INFO - Setting next_dagrun for example_bash_decorator to None, run_after=None
[2026-08-30T23:17:40.249+0330] {processor.py:208} INFO - Processing /home/mmirnezamina/de_final_project/airflowenv/lib/python3.10/site-packages/airflow/example_dags/example_bash_decorator.py took 0.504 seconds
[2026-08-30T23:18:11.218+0330] {processor.py:186} INFO - Started process (PID=14258) to work on /home/mmirnezamina/de_final_project/airflowenv/lib/python3.10/site-packages/airflow/example_dags/example_bash_decorator.py
[2026-08-30T23:18:11.220+0330] {processor.py:914} INFO - Processing file /home/mmirnezamina/de_final_project/airflowenv/lib/python3.10/site-packages/airflow/example_dags/example_bash_decorator.py for tasks to queue
[2026-08-30T23:18:11.223+0330] {logging_mixin.py:190} INFO - [2026-08-30T23:18:11.222+0330] {dagbag.py:588} INFO - Filling up the DagBag from /home/mmirnezamina/de_final_project/airflowenv/lib/python3.10/site-packages/airflow/example_dags/example_bash_decorator.py
[2026-08-30T23:18:11.278+0330] {processor.py:925} INFO - DAG(s) 'example_bash_decorator' retrieved from /home/mmirnezamina/de_final_project/airflowenv/lib/python3.10/site-packages/airflow/example_dags/example_bash_decorator.py
[2026-08-30T23:18:11.333+0330] {logging_mixin.py:190} INFO - [2026-08-30T23:18:11.333+0330] {dag.py:3239} INFO - Sync 1 DAGs
[2026-08-30T23:18:11.360+0330] {logging_mixin.py:190} INFO - [2026-08-30T23:18:11.360+0330] {dag.py:4180} INFO - Setting next_dagrun for example_bash_decorator to None, run_after=None
[2026-08-30T23:18:11.395+0330] {processor.py:208} INFO - Processing /home/mmirnezamina/de_final_project/airflowenv/lib/python3.10/site-packages/airflow/example_dags/example_bash_decorator.py took 0.195 seconds
[2026-08-30T23:18:41.932+0330] {processor.py:186} INFO - Started process (PID=14379) to work on /home/mmirnezamina/de_final_project/airflowenv/lib/python3.10/site-packages/airflow/example_dags/example_bash_decorator.py
[2026-08-30T23:18:41.934+0330] {processor.py:914} INFO - Processing file /home/mmirnezamina/de_final_project/airflowenv/lib/python3.10/site-packages/airflow/example_dags/example_bash_decorator.py for tasks to queue
[2026-08-30T23:18:41.937+0330] {logging_mixin.py:190} INFO - [2026-08-30T23:18:41.936+0330] {dagbag.py:588} INFO - Filling up the DagBag from /home/mmirnezamina/de_final_project/airflowenv/lib/python3.10/site-packages/airflow/example_dags/example_bash_decorator.py
[2026-08-30T23:18:41.964+0330] {processor.py:925} INFO - DAG(s) 'example_bash_decorator' retrieved from /home/mmirnezamina/de_final_project/airflowenv/lib/python3.10/site-packages/airflow/example_dags/example_bash_decorator.py
[2026-08-30T23:18:42.018+0330] {logging_mixin.py:190} INFO - [2026-08-30T23:18:42.018+0330] {dag.py:3239} INFO - Sync 1 DAGs
[2026-08-30T23:18:42.045+0330] {logging_mixin.py:190} INFO - [2026-08-30T23:18:42.044+0330] {dag.py:4180} INFO - Setting next_dagrun for example_bash_decorator to None, run_after=None
[2026-08-30T23:18:42.077+0330] {processor.py:208} INFO - Processing /home/mmirnezamina/de_final_project/airflowenv/lib/python3.10/site-packages/airflow/example_dags/example_bash_decorator.py took 0.161 seconds
[2026-08-30T23:19:12.665+0330] {processor.py:186} INFO - Started process (PID=14498) to work on /home/mmirnezamina/de_final_project/airflowenv/lib/python3.10/site-packages/airflow/example_dags/example_bash_decorator.py
[2026-08-30T23:19:12.666+0330] {processor.py:914} INFO - Processing file /home/mmirnezamina/de_final_project/airflowenv/lib/python3.10/site-packages/airflow/example_dags/example_bash_decorator.py for tasks to queue
[2026-08-30T23:19:12.669+0330] {logging_mixin.py:190} INFO - [2026-08-30T23:19:12.668+0330] {dagbag.py:588} INFO - Filling up the DagBag from /home/mmirnezamina/de_final_project/airflowenv/lib/python3.10/site-packages/airflow/example_dags/example_bash_decorator.py
[2026-08-30T23:19:12.705+0330] {processor.py:925} INFO - DAG(s) 'example_bash_decorator' retrieved from /home/mmirnezamina/de_final_project/airflowenv/lib/python3.10/site-packages/airflow/example_dags/example_bash_decorator.py
[2026-08-30T23:19:12.764+0330] {logging_mixin.py:190} INFO - [2026-08-30T23:19:12.764+0330] {dag.py:3239} INFO - Sync 1 DAGs
[2026-08-30T23:19:12.787+0330] {logging_mixin.py:190} INFO - [2026-08-30T23:19:12.786+0330] {dag.py:4180} INFO - Setting next_dagrun for example_bash_decorator to None, run_after=None
[2026-08-30T23:19:12.818+0330] {processor.py:208} INFO - Processing /home/mmirnezamina/de_final_project/airflowenv/lib/python3.10/site-packages/airflow/example_dags/example_bash_decorator.py took 0.170 seconds
[2026-08-30T23:19:43.966+0330] {processor.py:186} INFO - Started process (PID=14621) to work on /home/mmirnezamina/de_final_project/airflowenv/lib/python3.10/site-packages/airflow/example_dags/example_bash_decorator.py
[2026-08-30T23:19:43.970+0330] {processor.py:914} INFO - Processing file /home/mmirnezamina/de_final_project/airflowenv/lib/python3.10/site-packages/airflow/example_dags/example_bash_decorator.py for tasks to queue
[2026-08-30T23:19:43.973+0330] {logging_mixin.py:190} INFO - [2026-08-30T23:19:43.973+0330] {dagbag.py:588} INFO - Filling up the DagBag from /home/mmirnezamina/de_final_project/airflowenv/lib/python3.10/site-packages/airflow/example_dags/example_bash_decorator.py
[2026-08-30T23:19:44.021+0330] {processor.py:925} INFO - DAG(s) 'example_bash_decorator' retrieved from /home/mmirnezamina/de_final_project/airflowenv/lib/python3.10/site-packages/airflow/example_dags/example_bash_decorator.py
[2026-08-30T23:19:44.099+0330] {logging_mixin.py:190} INFO - [2026-08-30T23:19:44.098+0330] {dag.py:3239} INFO - Sync 1 DAGs
[2026-08-30T23:19:44.142+0330] {logging_mixin.py:190} INFO - [2026-08-30T23:19:44.142+0330] {dag.py:4180} INFO - Setting next_dagrun for example_bash_decorator to None, run_after=None
[2026-08-30T23:19:44.192+0330] {processor.py:208} INFO - Processing /home/mmirnezamina/de_final_project/airflowenv/lib/python3.10/site-packages/airflow/example_dags/example_bash_decorator.py took 0.252 seconds
[2026-08-30T23:20:15.282+0330] {processor.py:186} INFO - Started process (PID=14748) to work on /home/mmirnezamina/de_final_project/airflowenv/lib/python3.10/site-packages/airflow/example_dags/example_bash_decorator.py
[2026-08-30T23:20:15.285+0330] {processor.py:914} INFO - Processing file /home/mmirnezamina/de_final_project/airflowenv/lib/python3.10/site-packages/airflow/example_dags/example_bash_decorator.py for tasks to queue
[2026-08-30T23:20:15.289+0330] {logging_mixin.py:190} INFO - [2026-08-30T23:20:15.288+0330] {dagbag.py:588} INFO - Filling up the DagBag from /home/mmirnezamina/de_final_project/airflowenv/lib/python3.10/site-packages/airflow/example_dags/example_bash_decorator.py
[2026-08-30T23:20:15.334+0330] {processor.py:925} INFO - DAG(s) 'example_bash_decorator' retrieved from /home/mmirnezamina/de_final_project/airflowenv/lib/python3.10/site-packages/airflow/example_dags/example_bash_decorator.py
[2026-08-30T23:20:15.420+0330] {logging_mixin.py:190} INFO - [2026-08-30T23:20:15.420+0330] {dag.py:3239} INFO - Sync 1 DAGs
[2026-08-30T23:20:15.458+0330] {logging_mixin.py:190} INFO - [2026-08-30T23:20:15.457+0330] {dag.py:4180} INFO - Setting next_dagrun for example_bash_decorator to None, run_after=None
[2026-08-30T23:20:15.507+0330] {processor.py:208} INFO - Processing /home/mmirnezamina/de_final_project/airflowenv/lib/python3.10/site-packages/airflow/example_dags/example_bash_decorator.py took 0.251 seconds
[2026-08-30T23:20:45.595+0330] {processor.py:186} INFO - Started process (PID=14864) to work on /home/mmirnezamina/de_final_project/airflowenv/lib/python3.10/site-packages/airflow/example_dags/example_bash_decorator.py
[2026-08-30T23:20:45.596+0330] {processor.py:914} INFO - Processing file /home/mmirnezamina/de_final_project/airflowenv/lib/python3.10/site-packages/airflow/example_dags/example_bash_decorator.py for tasks to queue
[2026-08-30T23:20:45.598+0330] {logging_mixin.py:190} INFO - [2026-08-30T23:20:45.597+0330] {dagbag.py:588} INFO - Filling up the DagBag from /home/mmirnezamina/de_final_project/airflowenv/lib/python3.10/site-packages/airflow/example_dags/example_bash_decorator.py
[2026-08-30T23:20:45.618+0330] {processor.py:925} INFO - DAG(s) 'example_bash_decorator' retrieved from /home/mmirnezamina/de_final_project/airflowenv/lib/python3.10/site-packages/airflow/example_dags/example_bash_decorator.py
[2026-08-30T23:20:45.660+0330] {logging_mixin.py:190} INFO - [2026-08-30T23:20:45.660+0330] {dag.py:3239} INFO - Sync 1 DAGs
[2026-08-30T23:20:45.680+0330] {logging_mixin.py:190} INFO - [2026-08-30T23:20:45.680+0330] {dag.py:4180} INFO - Setting next_dagrun for example_bash_decorator to None, run_after=None
[2026-08-30T23:20:45.708+0330] {processor.py:208} INFO - Processing /home/mmirnezamina/de_final_project/airflowenv/lib/python3.10/site-packages/airflow/example_dags/example_bash_decorator.py took 0.123 seconds
[2026-08-30T23:21:16.329+0330] {processor.py:186} INFO - Started process (PID=14985) to work on /home/mmirnezamina/de_final_project/airflowenv/lib/python3.10/site-packages/airflow/example_dags/example_bash_decorator.py
[2026-08-30T23:21:16.331+0330] {processor.py:914} INFO - Processing file /home/mmirnezamina/de_final_project/airflowenv/lib/python3.10/site-packages/airflow/example_dags/example_bash_decorator.py for tasks to queue
[2026-08-30T23:21:16.334+0330] {logging_mixin.py:190} INFO - [2026-08-30T23:21:16.333+0330] {dagbag.py:588} INFO - Filling up the DagBag from /home/mmirnezamina/de_final_project/airflowenv/lib/python3.10/site-packages/airflow/example_dags/example_bash_decorator.py
[2026-08-30T23:21:16.356+0330] {processor.py:925} INFO - DAG(s) 'example_bash_decorator' retrieved from /home/mmirnezamina/de_final_project/airflowenv/lib/python3.10/site-packages/airflow/example_dags/example_bash_decorator.py
[2026-08-30T23:21:16.401+0330] {logging_mixin.py:190} INFO - [2026-08-30T23:21:16.401+0330] {dag.py:3239} INFO - Sync 1 DAGs
[2026-08-30T23:21:16.423+0330] {logging_mixin.py:190} INFO - [2026-08-30T23:21:16.423+0330] {dag.py:4180} INFO - Setting next_dagrun for example_bash_decorator to None, run_after=None
[2026-08-30T23:21:16.458+0330] {processor.py:208} INFO - Processing /home/mmirnezamina/de_final_project/airflowenv/lib/python3.10/site-packages/airflow/example_dags/example_bash_decorator.py took 0.145 seconds
[2026-08-30T23:21:46.696+0330] {processor.py:186} INFO - Started process (PID=15102) to work on /home/mmirnezamina/de_final_project/airflowenv/lib/python3.10/site-packages/airflow/example_dags/example_bash_decorator.py
[2026-08-30T23:21:46.704+0330] {processor.py:914} INFO - Processing file /home/mmirnezamina/de_final_project/airflowenv/lib/python3.10/site-packages/airflow/example_dags/example_bash_decorator.py for tasks to queue
[2026-08-30T23:21:46.707+0330] {logging_mixin.py:190} INFO - [2026-08-30T23:21:46.707+0330] {dagbag.py:588} INFO - Filling up the DagBag from /home/mmirnezamina/de_final_project/airflowenv/lib/python3.10/site-packages/airflow/example_dags/example_bash_decorator.py
[2026-08-30T23:21:46.744+0330] {processor.py:925} INFO - DAG(s) 'example_bash_decorator' retrieved from /home/mmirnezamina/de_final_project/airflowenv/lib/python3.10/site-packages/airflow/example_dags/example_bash_decorator.py
[2026-08-30T23:21:46.956+0330] {logging_mixin.py:190} INFO - [2026-08-30T23:21:46.955+0330] {dag.py:3239} INFO - Sync 1 DAGs
[2026-08-30T23:21:47.094+0330] {logging_mixin.py:190} INFO - [2026-08-30T23:21:47.094+0330] {dag.py:4180} INFO - Setting next_dagrun for example_bash_decorator to None, run_after=None
[2026-08-30T23:21:47.255+0330] {processor.py:208} INFO - Processing /home/mmirnezamina/de_final_project/airflowenv/lib/python3.10/site-packages/airflow/example_dags/example_bash_decorator.py took 0.627 seconds
[2026-08-30T23:22:18.315+0330] {processor.py:186} INFO - Started process (PID=15227) to work on /home/mmirnezamina/de_final_project/airflowenv/lib/python3.10/site-packages/airflow/example_dags/example_bash_decorator.py
[2026-08-30T23:22:18.316+0330] {processor.py:914} INFO - Processing file /home/mmirnezamina/de_final_project/airflowenv/lib/python3.10/site-packages/airflow/example_dags/example_bash_decorator.py for tasks to queue
[2026-08-30T23:22:18.317+0330] {logging_mixin.py:190} INFO - [2026-08-30T23:22:18.317+0330] {dagbag.py:588} INFO - Filling up the DagBag from /home/mmirnezamina/de_final_project/airflowenv/lib/python3.10/site-packages/airflow/example_dags/example_bash_decorator.py
[2026-08-30T23:22:18.340+0330] {processor.py:925} INFO - DAG(s) 'example_bash_decorator' retrieved from /home/mmirnezamina/de_final_project/airflowenv/lib/python3.10/site-packages/airflow/example_dags/example_bash_decorator.py
[2026-08-30T23:22:18.391+0330] {logging_mixin.py:190} INFO - [2026-08-30T23:22:18.391+0330] {dag.py:3239} INFO - Sync 1 DAGs
[2026-08-30T23:22:18.414+0330] {logging_mixin.py:190} INFO - [2026-08-30T23:22:18.414+0330] {dag.py:4180} INFO - Setting next_dagrun for example_bash_decorator to None, run_after=None
[2026-08-30T23:22:18.447+0330] {processor.py:208} INFO - Processing /home/mmirnezamina/de_final_project/airflowenv/lib/python3.10/site-packages/airflow/example_dags/example_bash_decorator.py took 0.143 seconds
[2026-08-30T23:22:49.378+0330] {processor.py:186} INFO - Started process (PID=15344) to work on /home/mmirnezamina/de_final_project/airflowenv/lib/python3.10/site-packages/airflow/example_dags/example_bash_decorator.py
[2026-08-30T23:22:49.380+0330] {processor.py:914} INFO - Processing file /home/mmirnezamina/de_final_project/airflowenv/lib/python3.10/site-packages/airflow/example_dags/example_bash_decorator.py for tasks to queue
[2026-08-30T23:22:49.382+0330] {logging_mixin.py:190} INFO - [2026-08-30T23:22:49.382+0330] {dagbag.py:588} INFO - Filling up the DagBag from /home/mmirnezamina/de_final_project/airflowenv/lib/python3.10/site-packages/airflow/example_dags/example_bash_decorator.py
[2026-08-30T23:22:49.404+0330] {processor.py:925} INFO - DAG(s) 'example_bash_decorator' retrieved from /home/mmirnezamina/de_final_project/airflowenv/lib/python3.10/site-packages/airflow/example_dags/example_bash_decorator.py
[2026-08-30T23:22:49.453+0330] {logging_mixin.py:190} INFO - [2026-08-30T23:22:49.453+0330] {dag.py:3239} INFO - Sync 1 DAGs
[2026-08-30T23:22:49.473+0330] {logging_mixin.py:190} INFO - [2026-08-30T23:22:49.473+0330] {dag.py:4180} INFO - Setting next_dagrun for example_bash_decorator to None, run_after=None
[2026-08-30T23:22:49.509+0330] {processor.py:208} INFO - Processing /home/mmirnezamina/de_final_project/airflowenv/lib/python3.10/site-packages/airflow/example_dags/example_bash_decorator.py took 0.142 seconds
[2026-08-30T23:23:20.499+0330] {processor.py:186} INFO - Started process (PID=15465) to work on /home/mmirnezamina/de_final_project/airflowenv/lib/python3.10/site-packages/airflow/example_dags/example_bash_decorator.py
[2026-08-30T23:23:20.502+0330] {processor.py:914} INFO - Processing file /home/mmirnezamina/de_final_project/airflowenv/lib/python3.10/site-packages/airflow/example_dags/example_bash_decorator.py for tasks to queue
[2026-08-30T23:23:20.506+0330] {logging_mixin.py:190} INFO - [2026-08-30T23:23:20.505+0330] {dagbag.py:588} INFO - Filling up the DagBag from /home/mmirnezamina/de_final_project/airflowenv/lib/python3.10/site-packages/airflow/example_dags/example_bash_decorator.py
[2026-08-30T23:23:20.537+0330] {processor.py:925} INFO - DAG(s) 'example_bash_decorator' retrieved from /home/mmirnezamina/de_final_project/airflowenv/lib/python3.10/site-packages/airflow/example_dags/example_bash_decorator.py
[2026-08-30T23:23:20.595+0330] {logging_mixin.py:190} INFO - [2026-08-30T23:23:20.595+0330] {dag.py:3239} INFO - Sync 1 DAGs
[2026-08-30T23:23:20.630+0330] {logging_mixin.py:190} INFO - [2026-08-30T23:23:20.629+0330] {dag.py:4180} INFO - Setting next_dagrun for example_bash_decorator to None, run_after=None
[2026-08-30T23:23:20.685+0330] {processor.py:208} INFO - Processing /home/mmirnezamina/de_final_project/airflowenv/lib/python3.10/site-packages/airflow/example_dags/example_bash_decorator.py took 0.209 seconds
[2026-08-30T23:23:51.054+0330] {processor.py:186} INFO - Started process (PID=15580) to work on /home/mmirnezamina/de_final_project/airflowenv/lib/python3.10/site-packages/airflow/example_dags/example_bash_decorator.py
[2026-08-30T23:23:51.055+0330] {processor.py:914} INFO - Processing file /home/mmirnezamina/de_final_project/airflowenv/lib/python3.10/site-packages/airflow/example_dags/example_bash_decorator.py for tasks to queue
[2026-08-30T23:23:51.057+0330] {logging_mixin.py:190} INFO - [2026-08-30T23:23:51.056+0330] {dagbag.py:588} INFO - Filling up the DagBag from /home/mmirnezamina/de_final_project/airflowenv/lib/python3.10/site-packages/airflow/example_dags/example_bash_decorator.py
[2026-08-30T23:23:51.075+0330] {processor.py:925} INFO - DAG(s) 'example_bash_decorator' retrieved from /home/mmirnezamina/de_final_project/airflowenv/lib/python3.10/site-packages/airflow/example_dags/example_bash_decorator.py
[2026-08-30T23:23:51.112+0330] {logging_mixin.py:190} INFO - [2026-08-30T23:23:51.111+0330] {dag.py:3239} INFO - Sync 1 DAGs
[2026-08-30T23:23:51.129+0330] {logging_mixin.py:190} INFO - [2026-08-30T23:23:51.129+0330] {dag.py:4180} INFO - Setting next_dagrun for example_bash_decorator to None, run_after=None
[2026-08-30T23:23:51.158+0330] {processor.py:208} INFO - Processing /home/mmirnezamina/de_final_project/airflowenv/lib/python3.10/site-packages/airflow/example_dags/example_bash_decorator.py took 0.114 seconds
[2026-08-30T23:24:21.877+0330] {processor.py:186} INFO - Started process (PID=15703) to work on /home/mmirnezamina/de_final_project/airflowenv/lib/python3.10/site-packages/airflow/example_dags/example_bash_decorator.py
[2026-08-30T23:24:21.879+0330] {processor.py:914} INFO - Processing file /home/mmirnezamina/de_final_project/airflowenv/lib/python3.10/site-packages/airflow/example_dags/example_bash_decorator.py for tasks to queue
[2026-08-30T23:24:21.881+0330] {logging_mixin.py:190} INFO - [2026-08-30T23:24:21.880+0330] {dagbag.py:588} INFO - Filling up the DagBag from /home/mmirnezamina/de_final_project/airflowenv/lib/python3.10/site-packages/airflow/example_dags/example_bash_decorator.py
[2026-08-30T23:24:21.905+0330] {processor.py:925} INFO - DAG(s) 'example_bash_decorator' retrieved from /home/mmirnezamina/de_final_project/airflowenv/lib/python3.10/site-packages/airflow/example_dags/example_bash_decorator.py
[2026-08-30T23:24:21.954+0330] {logging_mixin.py:190} INFO - [2026-08-30T23:24:21.954+0330] {dag.py:3239} INFO - Sync 1 DAGs
[2026-08-30T23:24:21.982+0330] {logging_mixin.py:190} INFO - [2026-08-30T23:24:21.982+0330] {dag.py:4180} INFO - Setting next_dagrun for example_bash_decorator to None, run_after=None
[2026-08-30T23:24:22.018+0330] {processor.py:208} INFO - Processing /home/mmirnezamina/de_final_project/airflowenv/lib/python3.10/site-packages/airflow/example_dags/example_bash_decorator.py took 0.158 seconds
[2026-08-30T23:24:52.699+0330] {processor.py:186} INFO - Started process (PID=15831) to work on /home/mmirnezamina/de_final_project/airflowenv/lib/python3.10/site-packages/airflow/example_dags/example_bash_decorator.py
[2026-08-30T23:24:52.701+0330] {processor.py:914} INFO - Processing file /home/mmirnezamina/de_final_project/airflowenv/lib/python3.10/site-packages/airflow/example_dags/example_bash_decorator.py for tasks to queue
[2026-08-30T23:24:52.704+0330] {logging_mixin.py:190} INFO - [2026-08-30T23:24:52.703+0330] {dagbag.py:588} INFO - Filling up the DagBag from /home/mmirnezamina/de_final_project/airflowenv/lib/python3.10/site-packages/airflow/example_dags/example_bash_decorator.py
[2026-08-30T23:24:52.741+0330] {processor.py:925} INFO - DAG(s) 'example_bash_decorator' retrieved from /home/mmirnezamina/de_final_project/airflowenv/lib/python3.10/site-packages/airflow/example_dags/example_bash_decorator.py
[2026-08-30T23:24:52.834+0330] {logging_mixin.py:190} INFO - [2026-08-30T23:24:52.833+0330] {dag.py:3239} INFO - Sync 1 DAGs
[2026-08-30T23:24:52.877+0330] {logging_mixin.py:190} INFO - [2026-08-30T23:24:52.876+0330] {dag.py:4180} INFO - Setting next_dagrun for example_bash_decorator to None, run_after=None
[2026-08-30T23:24:52.935+0330] {processor.py:208} INFO - Processing /home/mmirnezamina/de_final_project/airflowenv/lib/python3.10/site-packages/airflow/example_dags/example_bash_decorator.py took 0.255 seconds
[2026-08-30T23:25:25.723+0330] {processor.py:186} INFO - Started process (PID=15985) to work on /home/mmirnezamina/de_final_project/airflowenv/lib/python3.10/site-packages/airflow/example_dags/example_bash_decorator.py
[2026-08-30T23:25:25.727+0330] {processor.py:914} INFO - Processing file /home/mmirnezamina/de_final_project/airflowenv/lib/python3.10/site-packages/airflow/example_dags/example_bash_decorator.py for tasks to queue
[2026-08-30T23:25:25.731+0330] {logging_mixin.py:190} INFO - [2026-08-30T23:25:25.730+0330] {dagbag.py:588} INFO - Filling up the DagBag from /home/mmirnezamina/de_final_project/airflowenv/lib/python3.10/site-packages/airflow/example_dags/example_bash_decorator.py
[2026-08-30T23:25:25.783+0330] {processor.py:925} INFO - DAG(s) 'example_bash_decorator' retrieved from /home/mmirnezamina/de_final_project/airflowenv/lib/python3.10/site-packages/airflow/example_dags/example_bash_decorator.py
[2026-08-30T23:25:25.915+0330] {logging_mixin.py:190} INFO - [2026-08-30T23:25:25.914+0330] {dag.py:3239} INFO - Sync 1 DAGs
[2026-08-30T23:25:25.961+0330] {logging_mixin.py:190} INFO - [2026-08-30T23:25:25.960+0330] {dag.py:4180} INFO - Setting next_dagrun for example_bash_decorator to None, run_after=None
[2026-08-30T23:25:26.029+0330] {processor.py:208} INFO - Processing /home/mmirnezamina/de_final_project/airflowenv/lib/python3.10/site-packages/airflow/example_dags/example_bash_decorator.py took 0.334 seconds
[2026-08-30T23:25:57.025+0330] {processor.py:186} INFO - Started process (PID=16114) to work on /home/mmirnezamina/de_final_project/airflowenv/lib/python3.10/site-packages/airflow/example_dags/example_bash_decorator.py
[2026-08-30T23:25:57.026+0330] {processor.py:914} INFO - Processing file /home/mmirnezamina/de_final_project/airflowenv/lib/python3.10/site-packages/airflow/example_dags/example_bash_decorator.py for tasks to queue
[2026-08-30T23:25:57.027+0330] {logging_mixin.py:190} INFO - [2026-08-30T23:25:57.026+0330] {dagbag.py:588} INFO - Filling up the DagBag from /home/mmirnezamina/de_final_project/airflowenv/lib/python3.10/site-packages/airflow/example_dags/example_bash_decorator.py
[2026-08-30T23:25:57.045+0330] {processor.py:925} INFO - DAG(s) 'example_bash_decorator' retrieved from /home/mmirnezamina/de_final_project/airflowenv/lib/python3.10/site-packages/airflow/example_dags/example_bash_decorator.py
[2026-08-30T23:25:57.080+0330] {logging_mixin.py:190} INFO - [2026-08-30T23:25:57.080+0330] {dag.py:3239} INFO - Sync 1 DAGs
[2026-08-30T23:25:57.097+0330] {logging_mixin.py:190} INFO - [2026-08-30T23:25:57.097+0330] {dag.py:4180} INFO - Setting next_dagrun for example_bash_decorator to None, run_after=None
[2026-08-30T23:25:57.124+0330] {processor.py:208} INFO - Processing /home/mmirnezamina/de_final_project/airflowenv/lib/python3.10/site-packages/airflow/example_dags/example_bash_decorator.py took 0.108 seconds
[2026-08-30T23:26:27.697+0330] {processor.py:186} INFO - Started process (PID=16232) to work on /home/mmirnezamina/de_final_project/airflowenv/lib/python3.10/site-packages/airflow/example_dags/example_bash_decorator.py
[2026-08-30T23:26:27.700+0330] {processor.py:914} INFO - Processing file /home/mmirnezamina/de_final_project/airflowenv/lib/python3.10/site-packages/airflow/example_dags/example_bash_decorator.py for tasks to queue
[2026-08-30T23:26:27.703+0330] {logging_mixin.py:190} INFO - [2026-08-30T23:26:27.702+0330] {dagbag.py:588} INFO - Filling up the DagBag from /home/mmirnezamina/de_final_project/airflowenv/lib/python3.10/site-packages/airflow/example_dags/example_bash_decorator.py
[2026-08-30T23:26:27.758+0330] {processor.py:925} INFO - DAG(s) 'example_bash_decorator' retrieved from /home/mmirnezamina/de_final_project/airflowenv/lib/python3.10/site-packages/airflow/example_dags/example_bash_decorator.py
[2026-08-30T23:26:27.838+0330] {logging_mixin.py:190} INFO - [2026-08-30T23:26:27.837+0330] {dag.py:3239} INFO - Sync 1 DAGs
[2026-08-30T23:26:27.880+0330] {logging_mixin.py:190} INFO - [2026-08-30T23:26:27.880+0330] {dag.py:4180} INFO - Setting next_dagrun for example_bash_decorator to None, run_after=None
[2026-08-30T23:26:27.938+0330] {processor.py:208} INFO - Processing /home/mmirnezamina/de_final_project/airflowenv/lib/python3.10/site-packages/airflow/example_dags/example_bash_decorator.py took 0.302 seconds
[2026-08-30T23:26:58.014+0330] {processor.py:186} INFO - Started process (PID=16351) to work on /home/mmirnezamina/de_final_project/airflowenv/lib/python3.10/site-packages/airflow/example_dags/example_bash_decorator.py
[2026-08-30T23:26:58.017+0330] {processor.py:914} INFO - Processing file /home/mmirnezamina/de_final_project/airflowenv/lib/python3.10/site-packages/airflow/example_dags/example_bash_decorator.py for tasks to queue
[2026-08-30T23:26:58.020+0330] {logging_mixin.py:190} INFO - [2026-08-30T23:26:58.019+0330] {dagbag.py:588} INFO - Filling up the DagBag from /home/mmirnezamina/de_final_project/airflowenv/lib/python3.10/site-packages/airflow/example_dags/example_bash_decorator.py
[2026-08-30T23:26:58.069+0330] {processor.py:925} INFO - DAG(s) 'example_bash_decorator' retrieved from /home/mmirnezamina/de_final_project/airflowenv/lib/python3.10/site-packages/airflow/example_dags/example_bash_decorator.py
[2026-08-30T23:26:58.160+0330] {logging_mixin.py:190} INFO - [2026-08-30T23:26:58.160+0330] {dag.py:3239} INFO - Sync 1 DAGs
[2026-08-30T23:26:58.196+0330] {logging_mixin.py:190} INFO - [2026-08-30T23:26:58.196+0330] {dag.py:4180} INFO - Setting next_dagrun for example_bash_decorator to None, run_after=None
[2026-08-30T23:26:58.242+0330] {processor.py:208} INFO - Processing /home/mmirnezamina/de_final_project/airflowenv/lib/python3.10/site-packages/airflow/example_dags/example_bash_decorator.py took 0.257 seconds
