[2026-08-30T23:13:39.319+0330] {processor.py:186} INFO - Started process (PID=13142) to work on /home/mmirnezamina/de_final_project/airflowenv/lib/python3.10/site-packages/airflow/example_dags/example_subdag_operator.py
[2026-08-30T23:13:39.323+0330] {processor.py:914} INFO - Processing file /home/mmirnezamina/de_final_project/airflowenv/lib/python3.10/site-packages/airflow/example_dags/example_subdag_operator.py for tasks to queue
[2026-08-30T23:13:39.329+0330] {logging_mixin.py:190} INFO - [2026-08-30T23:13:39.328+0330] {dagbag.py:588} INFO - Filling up the DagBag from /home/mmirnezamina/de_final_project/airflowenv/lib/python3.10/site-packages/airflow/example_dags/example_subdag_operator.py
[2026-08-30T23:13:39.589+0330] {processor.py:925} INFO - DAG(s) 'example_subdag_operator.section-1', 'example_subdag_operator.section-2', 'example_subdag_operator' retrieved from /home/mmirnezamina/de_final_project/airflowenv/lib/python3.10/site-packages/airflow/example_dags/example_subdag_operator.py
[2026-08-30T23:13:40.149+0330] {logging_mixin.py:190} INFO - [2026-08-30T23:13:40.146+0330] {override.py:1930} INFO - Created Permission View: can edit on DAG:example_subdag_operator
[2026-08-30T23:13:40.209+0330] {logging_mixin.py:190} INFO - [2026-08-30T23:13:40.208+0330] {override.py:1930} INFO - Created Permission View: can read on DAG:example_subdag_operator
[2026-08-30T23:13:40.272+0330] {logging_mixin.py:190} INFO - [2026-08-30T23:13:40.271+0330] {override.py:1930} INFO - Created Permission View: can delete on DAG:example_subdag_operator
[2026-08-30T23:13:40.313+0330] {logging_mixin.py:190} INFO - [2026-08-30T23:13:40.311+0330] {override.py:1930} INFO - Created Permission View: menu access on DAG Run:example_subdag_operator
[2026-08-30T23:13:40.354+0330] {logging_mixin.py:190} INFO - [2026-08-30T23:13:40.353+0330] {override.py:1930} INFO - Created Permission View: can create on DAG Run:example_subdag_operator
[2026-08-30T23:13:40.389+0330] {logging_mixin.py:190} INFO - [2026-08-30T23:13:40.388+0330] {override.py:1930} INFO - Created Permission View: can read on DAG Run:example_subdag_operator
[2026-08-30T23:13:40.438+0330] {logging_mixin.py:190} INFO - [2026-08-30T23:13:40.436+0330] {override.py:1930} INFO - Created Permission View: can delete on DAG Run:example_subdag_operator
[2026-08-30T23:13:40.440+0330] {logging_mixin.py:190} INFO - [2026-08-30T23:13:40.440+0330] {dag.py:3239} INFO - Sync 3 DAGs
[2026-08-30T23:13:40.540+0330] {logging_mixin.py:190} INFO - [2026-08-30T23:13:40.539+0330] {dag.py:3262} INFO - Creating ORM DAG for example_subdag_operator
[2026-08-30T23:13:40.543+0330] {logging_mixin.py:190} INFO - [2026-08-30T23:13:40.542+0330] {dag.py:3262} INFO - Creating ORM DAG for example_subdag_operator.section-1
[2026-08-30T23:13:40.546+0330] {logging_mixin.py:190} INFO - [2026-08-30T23:13:40.545+0330] {dag.py:3262} INFO - Creating ORM DAG for example_subdag_operator.section-2
[2026-08-30T23:13:40.625+0330] {logging_mixin.py:190} INFO - [2026-08-30T23:13:40.623+0330] {dag.py:4180} INFO - Setting next_dagrun for example_subdag_operator to 2022-01-01 00:00:00+00:00, run_after=2022-01-01 00:00:00+00:00
[2026-08-30T23:13:40.628+0330] {logging_mixin.py:190} INFO - [2026-08-30T23:13:40.627+0330] {dag.py:4180} INFO - Setting next_dagrun for example_subdag_operator.section-1 to None, run_after=None
[2026-08-30T23:13:40.630+0330] {logging_mixin.py:190} INFO - [2026-08-30T23:13:40.629+0330] {dag.py:4180} INFO - Setting next_dagrun for example_subdag_operator.section-2 to None, run_after=None
[2026-08-30T23:13:40.693+0330] {logging_mixin.py:190} INFO - [2026-08-30T23:13:40.692+0330] {dag.py:3239} INFO - Sync 2 DAGs
[2026-08-30T23:13:40.723+0330] {logging_mixin.py:190} INFO - [2026-08-30T23:13:40.722+0330] {dag.py:4180} INFO - Setting next_dagrun for example_subdag_operator.section-1 to None, run_after=None
[2026-08-30T23:13:40.737+0330] {logging_mixin.py:190} INFO - [2026-08-30T23:13:40.736+0330] {dag.py:4180} INFO - Setting next_dagrun for example_subdag_operator.section-2 to None, run_after=None
[2026-08-30T23:13:40.795+0330] {processor.py:208} INFO - Processing /home/mmirnezamina/de_final_project/airflowenv/lib/python3.10/site-packages/airflow/example_dags/example_subdag_operator.py took 1.571 seconds
[2026-08-30T23:14:10.900+0330] {processor.py:186} INFO - Started process (PID=13268) to work on /home/mmirnezamina/de_final_project/airflowenv/lib/python3.10/site-packages/airflow/example_dags/example_subdag_operator.py
[2026-08-30T23:14:10.901+0330] {processor.py:914} INFO - Processing file /home/mmirnezamina/de_final_project/airflowenv/lib/python3.10/site-packages/airflow/example_dags/example_subdag_operator.py for tasks to queue
[2026-08-30T23:14:10.902+0330] {logging_mixin.py:190} INFO - [2026-08-30T23:14:10.901+0330] {dagbag.py:588} INFO - Filling up the DagBag from /home/mmirnezamina/de_final_project/airflowenv/lib/python3.10/site-packages/airflow/example_dags/example_subdag_operator.py
[2026-08-30T23:14:10.944+0330] {processor.py:925} INFO - DAG(s) 'example_subdag_operator.section-1', 'example_subdag_operator.section-2', 'example_subdag_operator' retrieved from /home/mmirnezamina/de_final_project/airflowenv/lib/python3.10/site-packages/airflow/example_dags/example_subdag_operator.py
[2026-08-30T23:14:10.962+0330] {logging_mixin.py:190} INFO - [2026-08-30T23:14:10.962+0330] {dag.py:3239} INFO - Sync 3 DAGs
[2026-08-30T23:14:10.991+0330] {logging_mixin.py:190} INFO - [2026-08-30T23:14:10.991+0330] {dag.py:4180} INFO - Setting next_dagrun for example_subdag_operator to 2022-01-01 00:00:00+00:00, run_after=2022-01-01 00:00:00+00:00
[2026-08-30T23:14:10.995+0330] {logging_mixin.py:190} INFO - [2026-08-30T23:14:10.995+0330] {dag.py:4180} INFO - Setting next_dagrun for example_subdag_operator.section-1 to None, run_after=None
[2026-08-30T23:14:10.997+0330] {logging_mixin.py:190} INFO - [2026-08-30T23:14:10.997+0330] {dag.py:4180} INFO - Setting next_dagrun for example_subdag_operator.section-2 to None, run_after=None
[2026-08-30T23:14:11.007+0330] {logging_mixin.py:190} INFO - [2026-08-30T23:14:11.007+0330] {dag.py:3239} INFO - Sync 2 DAGs
[2026-08-30T23:14:11.013+0330] {logging_mixin.py:190} INFO - [2026-08-30T23:14:11.013+0330] {dag.py:4180} INFO - Setting next_dagrun for example_subdag_operator.section-1 to None, run_after=None
[2026-08-30T23:14:11.014+0330] {logging_mixin.py:190} INFO - [2026-08-30T23:14:11.013+0330] {dag.py:4180} INFO - Setting next_dagrun for example_subdag_operator.section-2 to None, run_after=None
[2026-08-30T23:14:11.032+0330] {processor.py:208} INFO - Processing /home/mmirnezamina/de_final_project/airflowenv/lib/python3.10/site-packages/airflow/example_dags/example_subdag_operator.py took 0.142 seconds
[2026-08-30T23:14:41.253+0330] {processor.py:186} INFO - Started process (PID=13386) to work on /home/mmirnezamina/de_final_project/airflowenv/lib/python3.10/site-packages/airflow/example_dags/example_subdag_operator.py
[2026-08-30T23:14:41.255+0330] {processor.py:914} INFO - Processing file /home/mmirnezamina/de_final_project/airflowenv/lib/python3.10/site-packages/airflow/example_dags/example_subdag_operator.py for tasks to queue
[2026-08-30T23:14:41.256+0330] {logging_mixin.py:190} INFO - [2026-08-30T23:14:41.256+0330] {dagbag.py:588} INFO - Filling up the DagBag from /home/mmirnezamina/de_final_project/airflowenv/lib/python3.10/site-packages/airflow/example_dags/example_subdag_operator.py
[2026-08-30T23:14:41.311+0330] {processor.py:925} INFO - DAG(s) 'example_subdag_operator.section-1', 'example_subdag_operator.section-2', 'example_subdag_operator' retrieved from /home/mmirnezamina/de_final_project/airflowenv/lib/python3.10/site-packages/airflow/example_dags/example_subdag_operator.py
[2026-08-30T23:14:41.346+0330] {logging_mixin.py:190} INFO - [2026-08-30T23:14:41.345+0330] {dag.py:3239} INFO - Sync 3 DAGs
[2026-08-30T23:14:41.392+0330] {logging_mixin.py:190} INFO - [2026-08-30T23:14:41.391+0330] {dag.py:4180} INFO - Setting next_dagrun for example_subdag_operator to 2022-01-01 00:00:00+00:00, run_after=2022-01-01 00:00:00+00:00
[2026-08-30T23:14:41.399+0330] {logging_mixin.py:190} INFO - [2026-08-30T23:14:41.399+0330] {dag.py:4180} INFO - Setting next_dagrun for example_subdag_operator.section-1 to None, run_after=None
[2026-08-30T23:14:41.402+0330] {logging_mixin.py:190} INFO - [2026-08-30T23:14:41.402+0330] {dag.py:4180} INFO - Setting next_dagrun for example_subdag_operator.section-2 to None, run_after=None
[2026-08-30T23:14:41.415+0330] {logging_mixin.py:190} INFO - [2026-08-30T23:14:41.415+0330] {dag.py:3239} INFO - Sync 2 DAGs
[2026-08-30T23:14:41.425+0330] {logging_mixin.py:190} INFO - [2026-08-30T23:14:41.424+0330] {dag.py:4180} INFO - Setting next_dagrun for example_subdag_operator.section-1 to None, run_after=None
[2026-08-30T23:14:41.425+0330] {logging_mixin.py:190} INFO - [2026-08-30T23:14:41.425+0330] {dag.py:4180} INFO - Setting next_dagrun for example_subdag_operator.section-2 to None, run_after=None
[2026-08-30T23:14:41.445+0330] {processor.py:208} INFO - Processing /home/mmirnezamina/de_final_project/airflowenv/lib/python3.10/site-packages/airflow/example_dags/example_subdag_operator.py took 0.208 seconds
[2026-08-30T23:15:11.605+0330] {processor.py:186} INFO - Started process (PID=13505) to work on /home/mmirnezamina/de_final_project/airflowenv/lib/python3.10/site-packages/airflow/example_dags/example_subdag_operator.py
[2026-08-30T23:15:11.606+0330] {processor.py:914} INFO - Processing file /home/mmirnezamina/de_final_project/airflowenv/lib/python3.10/site-packages/airflow/example_dags/example_subdag_operator.py for tasks to queue
[2026-08-30T23:15:11.607+0330] {logging_mixin.py:190} INFO - [2026-08-30T23:15:11.606+0330] {dagbag.py:588} INFO - Filling up the DagBag from /home/mmirnezamina/de_final_project/airflowenv/lib/python3.10/site-packages/airflow/example_dags/example_subdag_operator.py
[2026-08-30T23:15:11.641+0330] {processor.py:925} INFO - DAG(s) 'example_subdag_operator.section-1', 'example_subdag_operator.section-2', 'example_subdag_operator' retrieved from /home/mmirnezamina/de_final_project/airflowenv/lib/python3.10/site-packages/airflow/example_dags/example_subdag_operator.py
[2026-08-30T23:15:11.660+0330] {logging_mixin.py:190} INFO - [2026-08-30T23:15:11.660+0330] {dag.py:3239} INFO - Sync 3 DAGs
[2026-08-30T23:15:11.687+0330] {logging_mixin.py:190} INFO - [2026-08-30T23:15:11.687+0330] {dag.py:4180} INFO - Setting next_dagrun for example_subdag_operator to 2022-01-01 00:00:00+00:00, run_after=2022-01-01 00:00:00+00:00
[2026-08-30T23:15:11.692+0330] {logging_mixin.py:190} INFO - [2026-08-30T23:15:11.692+0330] {dag.py:4180} INFO - Setting next_dagrun for example_subdag_operator.section-1 to None, run_after=None
[2026-08-30T23:15:11.694+0330] {logging_mixin.py:190} INFO - [2026-08-30T23:15:11.694+0330] {dag.py:4180} INFO - Setting next_dagrun for example_subdag_operator.section-2 to None, run_after=None
[2026-08-30T23:15:11.702+0330] {logging_mixin.py:190} INFO - [2026-08-30T23:15:11.702+0330] {dag.py:3239} INFO - Sync 2 DAGs
[2026-08-30T23:15:11.708+0330] {logging_mixin.py:190} INFO - [2026-08-30T23:15:11.708+0330] {dag.py:4180} INFO - Setting next_dagrun for example_subdag_operator.section-1 to None, run_after=None
[2026-08-30T23:15:11.709+0330] {logging_mixin.py:190} INFO - [2026-08-30T23:15:11.709+0330] {dag.py:4180} INFO - Setting next_dagrun for example_subdag_operator.section-2 to None, run_after=None
[2026-08-30T23:15:11.724+0330] {processor.py:208} INFO - Processing /home/mmirnezamina/de_final_project/airflowenv/lib/python3.10/site-packages/airflow/example_dags/example_subdag_operator.py took 0.128 seconds
[2026-08-30T23:15:42.472+0330] {processor.py:186} INFO - Started process (PID=13624) to work on /home/mmirnezamina/de_final_project/airflowenv/lib/python3.10/site-packages/airflow/example_dags/example_subdag_operator.py
[2026-08-30T23:15:42.473+0330] {processor.py:914} INFO - Processing file /home/mmirnezamina/de_final_project/airflowenv/lib/python3.10/site-packages/airflow/example_dags/example_subdag_operator.py for tasks to queue
[2026-08-30T23:15:42.475+0330] {logging_mixin.py:190} INFO - [2026-08-30T23:15:42.474+0330] {dagbag.py:588} INFO - Filling up the DagBag from /home/mmirnezamina/de_final_project/airflowenv/lib/python3.10/site-packages/airflow/example_dags/example_subdag_operator.py
[2026-08-30T23:15:42.518+0330] {processor.py:925} INFO - DAG(s) 'example_subdag_operator.section-1', 'example_subdag_operator.section-2', 'example_subdag_operator' retrieved from /home/mmirnezamina/de_final_project/airflowenv/lib/python3.10/site-packages/airflow/example_dags/example_subdag_operator.py
[2026-08-30T23:15:42.536+0330] {logging_mixin.py:190} INFO - [2026-08-30T23:15:42.536+0330] {dag.py:3239} INFO - Sync 3 DAGs
[2026-08-30T23:15:42.571+0330] {logging_mixin.py:190} INFO - [2026-08-30T23:15:42.570+0330] {dag.py:4180} INFO - Setting next_dagrun for example_subdag_operator to 2022-01-01 00:00:00+00:00, run_after=2022-01-01 00:00:00+00:00
[2026-08-30T23:15:42.576+0330] {logging_mixin.py:190} INFO - [2026-08-30T23:15:42.576+0330] {dag.py:4180} INFO - Setting next_dagrun for example_subdag_operator.section-1 to None, run_after=None
[2026-08-30T23:15:42.578+0330] {logging_mixin.py:190} INFO - [2026-08-30T23:15:42.578+0330] {dag.py:4180} INFO - Setting next_dagrun for example_subdag_operator.section-2 to None, run_after=None
[2026-08-30T23:15:42.588+0330] {logging_mixin.py:190} INFO - [2026-08-30T23:15:42.587+0330] {dag.py:3239} INFO - Sync 2 DAGs
[2026-08-30T23:15:42.595+0330] {logging_mixin.py:190} INFO - [2026-08-30T23:15:42.595+0330] {dag.py:4180} INFO - Setting next_dagrun for example_subdag_operator.section-1 to None, run_after=None
[2026-08-30T23:15:42.595+0330] {logging_mixin.py:190} INFO - [2026-08-30T23:15:42.595+0330] {dag.py:4180} INFO - Setting next_dagrun for example_subdag_operator.section-2 to None, run_after=None
[2026-08-30T23:15:42.613+0330] {processor.py:208} INFO - Processing /home/mmirnezamina/de_final_project/airflowenv/lib/python3.10/site-packages/airflow/example_dags/example_subdag_operator.py took 0.156 seconds
[2026-08-30T23:16:12.836+0330] {processor.py:186} INFO - Started process (PID=13742) to work on /home/mmirnezamina/de_final_project/airflowenv/lib/python3.10/site-packages/airflow/example_dags/example_subdag_operator.py
[2026-08-30T23:16:12.838+0330] {processor.py:914} INFO - Processing file /home/mmirnezamina/de_final_project/airflowenv/lib/python3.10/site-packages/airflow/example_dags/example_subdag_operator.py for tasks to queue
[2026-08-30T23:16:12.840+0330] {logging_mixin.py:190} INFO - [2026-08-30T23:16:12.839+0330] {dagbag.py:588} INFO - Filling up the DagBag from /home/mmirnezamina/de_final_project/airflowenv/lib/python3.10/site-packages/airflow/example_dags/example_subdag_operator.py
[2026-08-30T23:16:12.885+0330] {processor.py:925} INFO - DAG(s) 'example_subdag_operator.section-1', 'example_subdag_operator.section-2', 'example_subdag_operator' retrieved from /home/mmirnezamina/de_final_project/airflowenv/lib/python3.10/site-packages/airflow/example_dags/example_subdag_operator.py
[2026-08-30T23:16:12.907+0330] {logging_mixin.py:190} INFO - [2026-08-30T23:16:12.907+0330] {dag.py:3239} INFO - Sync 3 DAGs
[2026-08-30T23:16:12.952+0330] {logging_mixin.py:190} INFO - [2026-08-30T23:16:12.951+0330] {dag.py:4180} INFO - Setting next_dagrun for example_subdag_operator to 2022-01-01 00:00:00+00:00, run_after=2022-01-01 00:00:00+00:00
[2026-08-30T23:16:12.961+0330] {logging_mixin.py:190} INFO - [2026-08-30T23:16:12.960+0330] {dag.py:4180} INFO - Setting next_dagrun for example_subdag_operator.section-1 to None, run_after=None
[2026-08-30T23:16:12.968+0330] {logging_mixin.py:190} INFO - [2026-08-30T23:16:12.967+0330] {dag.py:4180} INFO - Setting next_dagrun for example_subdag_operator.section-2 to None, run_after=None
[2026-08-30T23:16:12.988+0330] {logging_mixin.py:190} INFO - [2026-08-30T23:16:12.984+0330] {dag.py:3239} INFO - Sync 2 DAGs
[2026-08-30T23:16:13.001+0330] {logging_mixin.py:190} INFO - [2026-08-30T23:16:13.000+0330] {dag.py:4180} INFO - Setting next_dagrun for example_subdag_operator.section-1 to None, run_after=None
[2026-08-30T23:16:13.002+0330] {logging_mixin.py:190} INFO - [2026-08-30T23:16:13.002+0330] {dag.py:4180} INFO - Setting next_dagrun for example_subdag_operator.section-2 to None, run_after=None
[2026-08-30T23:16:13.031+0330] {processor.py:208} INFO - Processing /home/mmirnezamina/de_final_project/airflowenv/lib/python3.10/site-packages/airflow/example_dags/example_subdag_operator.py took 0.212 seconds
[2026-08-30T23:16:43.123+0330] {processor.py:186} INFO - Started process (PID=13862) to work on /home/mmirnezamina/de_final_project/airflowenv/lib/python3.10/site-packages/airflow/example_dags/example_subdag_operator.py
[2026-08-30T23:16:43.125+0330] {processor.py:914} INFO - Processing file /home/mmirnezamina/de_final_project/airflowenv/lib/python3.10/site-packages/airflow/example_dags/example_subdag_operator.py for tasks to queue
[2026-08-30T23:16:43.126+0330] {logging_mixin.py:190} INFO - [2026-08-30T23:16:43.125+0330] {dagbag.py:588} INFO - Filling up the DagBag from /home/mmirnezamina/de_final_project/airflowenv/lib/python3.10/site-packages/airflow/example_dags/example_subdag_operator.py
[2026-08-30T23:16:43.162+0330] {processor.py:925} INFO - DAG(s) 'example_subdag_operator.section-1', 'example_subdag_operator.section-2', 'example_subdag_operator' retrieved from /home/mmirnezamina/de_final_project/airflowenv/lib/python3.10/site-packages/airflow/example_dags/example_subdag_operator.py
[2026-08-30T23:16:43.180+0330] {logging_mixin.py:190} INFO - [2026-08-30T23:16:43.180+0330] {dag.py:3239} INFO - Sync 3 DAGs
[2026-08-30T23:16:43.205+0330] {logging_mixin.py:190} INFO - [2026-08-30T23:16:43.205+0330] {dag.py:4180} INFO - Setting next_dagrun for example_subdag_operator to 2022-01-01 00:00:00+00:00, run_after=2022-01-01 00:00:00+00:00
[2026-08-30T23:16:43.210+0330] {logging_mixin.py:190} INFO - [2026-08-30T23:16:43.210+0330] {dag.py:4180} INFO - Setting next_dagrun for example_subdag_operator.section-1 to None, run_after=None
[2026-08-30T23:16:43.211+0330] {logging_mixin.py:190} INFO - [2026-08-30T23:16:43.211+0330] {dag.py:4180} INFO - Setting next_dagrun for example_subdag_operator.section-2 to None, run_after=None
[2026-08-30T23:16:43.218+0330] {logging_mixin.py:190} INFO - [2026-08-30T23:16:43.218+0330] {dag.py:3239} INFO - Sync 2 DAGs
[2026-08-30T23:16:43.224+0330] {logging_mixin.py:190} INFO - [2026-08-30T23:16:43.224+0330] {dag.py:4180} INFO - Setting next_dagrun for example_subdag_operator.section-1 to None, run_after=None
[2026-08-30T23:16:43.224+0330] {logging_mixin.py:190} INFO - [2026-08-30T23:16:43.224+0330] {dag.py:4180} INFO - Setting next_dagrun for example_subdag_operator.section-2 to None, run_after=None
[2026-08-30T23:16:43.241+0330] {processor.py:208} INFO - Processing /home/mmirnezamina/de_final_project/airflowenv/lib/python3.10/site-packages/airflow/example_dags/example_subdag_operator.py took 0.126 seconds
[2026-08-30T23:17:13.308+0330] {processor.py:186} INFO - Started process (PID=14026) to work on /home/mmirnezamina/de_final_project/airflowenv/lib/python3.10/site-packages/airflow/example_dags/example_subdag_operator.py
[2026-08-30T23:17:13.309+0330] {processor.py:914} INFO - Processing file /home/mmirnezamina/de_final_project/airflowenv/lib/python3.10/site-packages/airflow/example_dags/example_subdag_operator.py for tasks to queue
[2026-08-30T23:17:13.310+0330] {logging_mixin.py:190} INFO - [2026-08-30T23:17:13.310+0330] {dagbag.py:588} INFO - Filling up the DagBag from /home/mmirnezamina/de_final_project/airflowenv/lib/python3.10/site-packages/airflow/example_dags/example_subdag_operator.py
[2026-08-30T23:17:13.355+0330] {processor.py:925} INFO - DAG(s) 'example_subdag_operator.section-1', 'example_subdag_operator.section-2', 'example_subdag_operator' retrieved from /home/mmirnezamina/de_final_project/airflowenv/lib/python3.10/site-packages/airflow/example_dags/example_subdag_operator.py
[2026-08-30T23:17:13.382+0330] {logging_mixin.py:190} INFO - [2026-08-30T23:17:13.382+0330] {dag.py:3239} INFO - Sync 3 DAGs
[2026-08-30T23:17:13.412+0330] {logging_mixin.py:190} INFO - [2026-08-30T23:17:13.411+0330] {dag.py:4180} INFO - Setting next_dagrun for example_subdag_operator to 2022-01-01 00:00:00+00:00, run_after=2022-01-01 00:00:00+00:00
[2026-08-30T23:17:13.416+0330] {logging_mixin.py:190} INFO - [2026-08-30T23:17:13.416+0330] {dag.py:4180} INFO - Setting next_dagrun for example_subdag_operator.section-1 to None, run_after=None
[2026-08-30T23:17:13.418+0330] {logging_mixin.py:190} INFO - [2026-08-30T23:17:13.418+0330] {dag.py:4180} INFO - Setting next_dagrun for example_subdag_operator.section-2 to None, run_after=None
[2026-08-30T23:17:13.429+0330] {logging_mixin.py:190} INFO - [2026-08-30T23:17:13.429+0330] {dag.py:3239} INFO - Sync 2 DAGs
[2026-08-30T23:17:13.436+0330] {logging_mixin.py:190} INFO - [2026-08-30T23:17:13.436+0330] {dag.py:4180} INFO - Setting next_dagrun for example_subdag_operator.section-1 to None, run_after=None
[2026-08-30T23:17:13.437+0330] {logging_mixin.py:190} INFO - [2026-08-30T23:17:13.437+0330] {dag.py:4180} INFO - Setting next_dagrun for example_subdag_operator.section-2 to None, run_after=None
[2026-08-30T23:17:13.455+0330] {processor.py:208} INFO - Processing /home/mmirnezamina/de_final_project/airflowenv/lib/python3.10/site-packages/airflow/example_dags/example_subdag_operator.py took 0.159 seconds
[2026-08-30T23:17:43.951+0330] {processor.py:186} INFO - Started process (PID=14155) to work on /home/mmirnezamina/de_final_project/airflowenv/lib/python3.10/site-packages/airflow/example_dags/example_subdag_operator.py
[2026-08-30T23:17:43.954+0330] {processor.py:914} INFO - Processing file /home/mmirnezamina/de_final_project/airflowenv/lib/python3.10/site-packages/airflow/example_dags/example_subdag_operator.py for tasks to queue
[2026-08-30T23:17:43.956+0330] {logging_mixin.py:190} INFO - [2026-08-30T23:17:43.956+0330] {dagbag.py:588} INFO - Filling up the DagBag from /home/mmirnezamina/de_final_project/airflowenv/lib/python3.10/site-packages/airflow/example_dags/example_subdag_operator.py
[2026-08-30T23:17:44.094+0330] {processor.py:925} INFO - DAG(s) 'example_subdag_operator.section-1', 'example_subdag_operator.section-2', 'example_subdag_operator' retrieved from /home/mmirnezamina/de_final_project/airflowenv/lib/python3.10/site-packages/airflow/example_dags/example_subdag_operator.py
[2026-08-30T23:17:44.186+0330] {logging_mixin.py:190} INFO - [2026-08-30T23:17:44.186+0330] {dag.py:3239} INFO - Sync 3 DAGs
[2026-08-30T23:17:44.241+0330] {logging_mixin.py:190} INFO - [2026-08-30T23:17:44.240+0330] {dag.py:4180} INFO - Setting next_dagrun for example_subdag_operator to 2022-01-01 00:00:00+00:00, run_after=2022-01-01 00:00:00+00:00
[2026-08-30T23:17:44.250+0330] {logging_mixin.py:190} INFO - [2026-08-30T23:17:44.249+0330] {dag.py:4180} INFO - Setting next_dagrun for example_subdag_operator.section-1 to None, run_after=None
[2026-08-30T23:17:44.253+0330] {logging_mixin.py:190} INFO - [2026-08-30T23:17:44.253+0330] {dag.py:4180} INFO - Setting next_dagrun for example_subdag_operator.section-2 to None, run_after=None
[2026-08-30T23:17:44.268+0330] {logging_mixin.py:190} INFO - [2026-08-30T23:17:44.267+0330] {dag.py:3239} INFO - Sync 2 DAGs
[2026-08-30T23:17:44.281+0330] {logging_mixin.py:190} INFO - [2026-08-30T23:17:44.280+0330] {dag.py:4180} INFO - Setting next_dagrun for example_subdag_operator.section-1 to None, run_after=None
[2026-08-30T23:17:44.281+0330] {logging_mixin.py:190} INFO - [2026-08-30T23:17:44.281+0330] {dag.py:4180} INFO - Setting next_dagrun for example_subdag_operator.section-2 to None, run_after=None
[2026-08-30T23:17:44.313+0330] {processor.py:208} INFO - Processing /home/mmirnezamina/de_final_project/airflowenv/lib/python3.10/site-packages/airflow/example_dags/example_subdag_operator.py took 0.391 seconds
[2026-08-30T23:18:14.939+0330] {processor.py:186} INFO - Started process (PID=14275) to work on /home/mmirnezamina/de_final_project/airflowenv/lib/python3.10/site-packages/airflow/example_dags/example_subdag_operator.py
[2026-08-30T23:18:14.940+0330] {processor.py:914} INFO - Processing file /home/mmirnezamina/de_final_project/airflowenv/lib/python3.10/site-packages/airflow/example_dags/example_subdag_operator.py for tasks to queue
[2026-08-30T23:18:14.941+0330] {logging_mixin.py:190} INFO - [2026-08-30T23:18:14.941+0330] {dagbag.py:588} INFO - Filling up the DagBag from /home/mmirnezamina/de_final_project/airflowenv/lib/python3.10/site-packages/airflow/example_dags/example_subdag_operator.py
[2026-08-30T23:18:14.974+0330] {processor.py:925} INFO - DAG(s) 'example_subdag_operator.section-1', 'example_subdag_operator.section-2', 'example_subdag_operator' retrieved from /home/mmirnezamina/de_final_project/airflowenv/lib/python3.10/site-packages/airflow/example_dags/example_subdag_operator.py
[2026-08-30T23:18:14.990+0330] {logging_mixin.py:190} INFO - [2026-08-30T23:18:14.989+0330] {dag.py:3239} INFO - Sync 3 DAGs
[2026-08-30T23:18:15.019+0330] {logging_mixin.py:190} INFO - [2026-08-30T23:18:15.019+0330] {dag.py:4180} INFO - Setting next_dagrun for example_subdag_operator to 2022-01-01 00:00:00+00:00, run_after=2022-01-01 00:00:00+00:00
[2026-08-30T23:18:15.023+0330] {logging_mixin.py:190} INFO - [2026-08-30T23:18:15.023+0330] {dag.py:4180} INFO - Setting next_dagrun for example_subdag_operator.section-1 to None, run_after=None
[2026-08-30T23:18:15.025+0330] {logging_mixin.py:190} INFO - [2026-08-30T23:18:15.024+0330] {dag.py:4180} INFO - Setting next_dagrun for example_subdag_operator.section-2 to None, run_after=None
[2026-08-30T23:18:15.032+0330] {logging_mixin.py:190} INFO - [2026-08-30T23:18:15.032+0330] {dag.py:3239} INFO - Sync 2 DAGs
[2026-08-30T23:18:15.038+0330] {logging_mixin.py:190} INFO - [2026-08-30T23:18:15.037+0330] {dag.py:4180} INFO - Setting next_dagrun for example_subdag_operator.section-1 to None, run_after=None
[2026-08-30T23:18:15.038+0330] {logging_mixin.py:190} INFO - [2026-08-30T23:18:15.038+0330] {dag.py:4180} INFO - Setting next_dagrun for example_subdag_operator.section-2 to None, run_after=None
[2026-08-30T23:18:15.066+0330] {processor.py:208} INFO - Processing /home/mmirnezamina/de_final_project/airflowenv/lib/python3.10/site-packages/airflow/example_dags/example_subdag_operator.py took 0.134 seconds
[2026-08-30T23:18:45.649+0330] {processor.py:186} INFO - Started process (PID=14392) to work on /home/mmirnezamina/de_final_project/airflowenv/lib/python3.10/site-packages/airflow/example_dags/example_subdag_operator.py
[2026-08-30T23:18:45.651+0330] {processor.py:914} INFO - Processing file /home/mmirnezamina/de_final_project/airflowenv/lib/python3.10/site-packages/airflow/example_dags/example_subdag_operator.py for tasks to queue
[2026-08-30T23:18:45.652+0330] {logging_mixin.py:190} INFO - [2026-08-30T23:18:45.652+0330] {dagbag.py:588} INFO - Filling up the DagBag from /home/mmirnezamina/de_final_project/airflowenv/lib/python3.10/site-packages/airflow/example_dags/example_subdag_operator.py
[2026-08-30T23:18:45.688+0330] {processor.py:925} INFO - DAG(s) 'example_subdag_operator.section-1', 'example_subdag_operator.section-2', 'example_subdag_operator' retrieved from /home/mmirnezamina/de_final_project/airflowenv/lib/python3.10/site-packages/airflow/example_dags/example_subdag_operator.py
[2026-08-30T23:18:45.711+0330] {logging_mixin.py:190} INFO - [2026-08-30T23:18:45.710+0330] {dag.py:3239} INFO - Sync 3 DAGs
[2026-08-30T23:18:45.738+0330] {logging_mixin.py:190} INFO - [2026-08-30T23:18:45.738+0330] {dag.py:4180} INFO - Setting next_dagrun for example_subdag_operator to 2022-01-01 00:00:00+00:00, run_after=2022-01-01 00:00:00+00:00
[2026-08-30T23:18:45.743+0330] {logging_mixin.py:190} INFO - [2026-08-30T23:18:45.743+0330] {dag.py:4180} INFO - Setting next_dagrun for example_subdag_operator.section-1 to None, run_after=None
[2026-08-30T23:18:45.744+0330] {logging_mixin.py:190} INFO - [2026-08-30T23:18:45.744+0330] {dag.py:4180} INFO - Setting next_dagrun for example_subdag_operator.section-2 to None, run_after=None
[2026-08-30T23:18:45.752+0330] {logging_mixin.py:190} INFO - [2026-08-30T23:18:45.752+0330] {dag.py:3239} INFO - Sync 2 DAGs
[2026-08-30T23:18:45.758+0330] {logging_mixin.py:190} INFO - [2026-08-30T23:18:45.758+0330] {dag.py:4180} INFO - Setting next_dagrun for example_subdag_operator.section-1 to None, run_after=None
[2026-08-30T23:18:45.758+0330] {logging_mixin.py:190} INFO - [2026-08-30T23:18:45.758+0330] {dag.py:4180} INFO - Setting next_dagrun for example_subdag_operator.section-2 to None, run_after=None
[2026-08-30T23:18:45.775+0330] {processor.py:208} INFO - Processing /home/mmirnezamina/de_final_project/airflowenv/lib/python3.10/site-packages/airflow/example_dags/example_subdag_operator.py took 0.136 seconds
[2026-08-30T23:19:16.089+0330] {processor.py:186} INFO - Started process (PID=14512) to work on /home/mmirnezamina/de_final_project/airflowenv/lib/python3.10/site-packages/airflow/example_dags/example_subdag_operator.py
[2026-08-30T23:19:16.090+0330] {processor.py:914} INFO - Processing file /home/mmirnezamina/de_final_project/airflowenv/lib/python3.10/site-packages/airflow/example_dags/example_subdag_operator.py for tasks to queue
[2026-08-30T23:19:16.091+0330] {logging_mixin.py:190} INFO - [2026-08-30T23:19:16.091+0330] {dagbag.py:588} INFO - Filling up the DagBag from /home/mmirnezamina/de_final_project/airflowenv/lib/python3.10/site-packages/airflow/example_dags/example_subdag_operator.py
[2026-08-30T23:19:16.130+0330] {processor.py:925} INFO - DAG(s) 'example_subdag_operator.section-1', 'example_subdag_operator.section-2', 'example_subdag_operator' retrieved from /home/mmirnezamina/de_final_project/airflowenv/lib/python3.10/site-packages/airflow/example_dags/example_subdag_operator.py
[2026-08-30T23:19:16.150+0330] {logging_mixin.py:190} INFO - [2026-08-30T23:19:16.150+0330] {dag.py:3239} INFO - Sync 3 DAGs
[2026-08-30T23:19:16.181+0330] {logging_mixin.py:190} INFO - [2026-08-30T23:19:16.181+0330] {dag.py:4180} INFO - Setting next_dagrun for example_subdag_operator to 2022-01-01 00:00:00+00:00, run_after=2022-01-01 00:00:00+00:00
[2026-08-30T23:19:16.186+0330] {logging_mixin.py:190} INFO - [2026-08-30T23:19:16.186+0330] {dag.py:4180} INFO - Setting next_dagrun for example_subdag_operator.section-1 to None, run_after=None
[2026-08-30T23:19:16.188+0330] {logging_mixin.py:190} INFO - [2026-08-30T23:19:16.187+0330] {dag.py:4180} INFO - Setting next_dagrun for example_subdag_operator.section-2 to None, run_after=None
[2026-08-30T23:19:16.196+0330] {logging_mixin.py:190} INFO - [2026-08-30T23:19:16.196+0330] {dag.py:3239} INFO - Sync 2 DAGs
[2026-08-30T23:19:16.204+0330] {logging_mixin.py:190} INFO - [2026-08-30T23:19:16.204+0330] {dag.py:4180} INFO - Setting next_dagrun for example_subdag_operator.section-1 to None, run_after=None
[2026-08-30T23:19:16.204+0330] {logging_mixin.py:190} INFO - [2026-08-30T23:19:16.204+0330] {dag.py:4180} INFO - Setting next_dagrun for example_subdag_operator.section-2 to None, run_after=None
[2026-08-30T23:19:16.224+0330] {processor.py:208} INFO - Processing /home/mmirnezamina/de_final_project/airflowenv/lib/python3.10/site-packages/airflow/example_dags/example_subdag_operator.py took 0.144 seconds
[2026-08-30T23:19:46.449+0330] {processor.py:186} INFO - Started process (PID=14629) to work on /home/mmirnezamina/de_final_project/airflowenv/lib/python3.10/site-packages/airflow/example_dags/example_subdag_operator.py
[2026-08-30T23:19:46.450+0330] {processor.py:914} INFO - Processing file /home/mmirnezamina/de_final_project/airflowenv/lib/python3.10/site-packages/airflow/example_dags/example_subdag_operator.py for tasks to queue
[2026-08-30T23:19:46.452+0330] {logging_mixin.py:190} INFO - [2026-08-30T23:19:46.451+0330] {dagbag.py:588} INFO - Filling up the DagBag from /home/mmirnezamina/de_final_project/airflowenv/lib/python3.10/site-packages/airflow/example_dags/example_subdag_operator.py
[2026-08-30T23:19:46.483+0330] {processor.py:925} INFO - DAG(s) 'example_subdag_operator.section-1', 'example_subdag_operator.section-2', 'example_subdag_operator' retrieved from /home/mmirnezamina/de_final_project/airflowenv/lib/python3.10/site-packages/airflow/example_dags/example_subdag_operator.py
[2026-08-30T23:19:46.499+0330] {logging_mixin.py:190} INFO - [2026-08-30T23:19:46.499+0330] {dag.py:3239} INFO - Sync 3 DAGs
[2026-08-30T23:19:46.522+0330] {logging_mixin.py:190} INFO - [2026-08-30T23:19:46.522+0330] {dag.py:4180} INFO - Setting next_dagrun for example_subdag_operator to 2022-01-01 00:00:00+00:00, run_after=2022-01-01 00:00:00+00:00
[2026-08-30T23:19:46.526+0330] {logging_mixin.py:190} INFO - [2026-08-30T23:19:46.526+0330] {dag.py:4180} INFO - Setting next_dagrun for example_subdag_operator.section-1 to None, run_after=None
[2026-08-30T23:19:46.528+0330] {logging_mixin.py:190} INFO - [2026-08-30T23:19:46.527+0330] {dag.py:4180} INFO - Setting next_dagrun for example_subdag_operator.section-2 to None, run_after=None
[2026-08-30T23:19:46.537+0330] {logging_mixin.py:190} INFO - [2026-08-30T23:19:46.536+0330] {dag.py:3239} INFO - Sync 2 DAGs
[2026-08-30T23:19:46.543+0330] {logging_mixin.py:190} INFO - [2026-08-30T23:19:46.543+0330] {dag.py:4180} INFO - Setting next_dagrun for example_subdag_operator.section-1 to None, run_after=None
[2026-08-30T23:19:46.543+0330] {logging_mixin.py:190} INFO - [2026-08-30T23:19:46.543+0330] {dag.py:4180} INFO - Setting next_dagrun for example_subdag_operator.section-2 to None, run_after=None
[2026-08-30T23:19:46.559+0330] {processor.py:208} INFO - Processing /home/mmirnezamina/de_final_project/airflowenv/lib/python3.10/site-packages/airflow/example_dags/example_subdag_operator.py took 0.118 seconds
[2026-08-30T23:20:16.783+0330] {processor.py:186} INFO - Started process (PID=14754) to work on /home/mmirnezamina/de_final_project/airflowenv/lib/python3.10/site-packages/airflow/example_dags/example_subdag_operator.py
[2026-08-30T23:20:16.785+0330] {processor.py:914} INFO - Processing file /home/mmirnezamina/de_final_project/airflowenv/lib/python3.10/site-packages/airflow/example_dags/example_subdag_operator.py for tasks to queue
[2026-08-30T23:20:16.787+0330] {logging_mixin.py:190} INFO - [2026-08-30T23:20:16.787+0330] {dagbag.py:588} INFO - Filling up the DagBag from /home/mmirnezamina/de_final_project/airflowenv/lib/python3.10/site-packages/airflow/example_dags/example_subdag_operator.py
[2026-08-30T23:20:16.849+0330] {processor.py:925} INFO - DAG(s) 'example_subdag_operator.section-1', 'example_subdag_operator.section-2', 'example_subdag_operator' retrieved from /home/mmirnezamina/de_final_project/airflowenv/lib/python3.10/site-packages/airflow/example_dags/example_subdag_operator.py
[2026-08-30T23:20:16.875+0330] {logging_mixin.py:190} INFO - [2026-08-30T23:20:16.875+0330] {dag.py:3239} INFO - Sync 3 DAGs
[2026-08-30T23:20:16.929+0330] {logging_mixin.py:190} INFO - [2026-08-30T23:20:16.928+0330] {dag.py:4180} INFO - Setting next_dagrun for example_subdag_operator to 2022-01-01 00:00:00+00:00, run_after=2022-01-01 00:00:00+00:00
[2026-08-30T23:20:16.943+0330] {logging_mixin.py:190} INFO - [2026-08-30T23:20:16.942+0330] {dag.py:4180} INFO - Setting next_dagrun for example_subdag_operator.section-1 to None, run_after=None
[2026-08-30T23:20:16.947+0330] {logging_mixin.py:190} INFO - [2026-08-30T23:20:16.946+0330] {dag.py:4180} INFO - Setting next_dagrun for example_subdag_operator.section-2 to None, run_after=None
[2026-08-30T23:20:16.978+0330] {logging_mixin.py:190} INFO - [2026-08-30T23:20:16.977+0330] {dag.py:3239} INFO - Sync 2 DAGs
[2026-08-30T23:20:16.992+0330] {logging_mixin.py:190} INFO - [2026-08-30T23:20:16.991+0330] {dag.py:4180} INFO - Setting next_dagrun for example_subdag_operator.section-1 to None, run_after=None
[2026-08-30T23:20:16.992+0330] {logging_mixin.py:190} INFO - [2026-08-30T23:20:16.992+0330] {dag.py:4180} INFO - Setting next_dagrun for example_subdag_operator.section-2 to None, run_after=None
[2026-08-30T23:20:17.026+0330] {processor.py:208} INFO - Processing /home/mmirnezamina/de_final_project/airflowenv/lib/python3.10/site-packages/airflow/example_dags/example_subdag_operator.py took 0.258 seconds
[2026-08-30T23:20:47.847+0330] {processor.py:186} INFO - Started process (PID=14871) to work on /home/mmirnezamina/de_final_project/airflowenv/lib/python3.10/site-packages/airflow/example_dags/example_subdag_operator.py
[2026-08-30T23:20:47.848+0330] {processor.py:914} INFO - Processing file /home/mmirnezamina/de_final_project/airflowenv/lib/python3.10/site-packages/airflow/example_dags/example_subdag_operator.py for tasks to queue
[2026-08-30T23:20:47.849+0330] {logging_mixin.py:190} INFO - [2026-08-30T23:20:47.848+0330] {dagbag.py:588} INFO - Filling up the DagBag from /home/mmirnezamina/de_final_project/airflowenv/lib/python3.10/site-packages/airflow/example_dags/example_subdag_operator.py
[2026-08-30T23:20:47.879+0330] {processor.py:925} INFO - DAG(s) 'example_subdag_operator.section-1', 'example_subdag_operator.section-2', 'example_subdag_operator' retrieved from /home/mmirnezamina/de_final_project/airflowenv/lib/python3.10/site-packages/airflow/example_dags/example_subdag_operator.py
[2026-08-30T23:20:47.893+0330] {logging_mixin.py:190} INFO - [2026-08-30T23:20:47.893+0330] {dag.py:3239} INFO - Sync 3 DAGs
[2026-08-30T23:20:47.914+0330] {logging_mixin.py:190} INFO - [2026-08-30T23:20:47.914+0330] {dag.py:4180} INFO - Setting next_dagrun for example_subdag_operator to 2022-01-01 00:00:00+00:00, run_after=2022-01-01 00:00:00+00:00
[2026-08-30T23:20:47.917+0330] {logging_mixin.py:190} INFO - [2026-08-30T23:20:47.917+0330] {dag.py:4180} INFO - Setting next_dagrun for example_subdag_operator.section-1 to None, run_after=None
[2026-08-30T23:20:47.918+0330] {logging_mixin.py:190} INFO - [2026-08-30T23:20:47.918+0330] {dag.py:4180} INFO - Setting next_dagrun for example_subdag_operator.section-2 to None, run_after=None
[2026-08-30T23:20:47.924+0330] {logging_mixin.py:190} INFO - [2026-08-30T23:20:47.924+0330] {dag.py:3239} INFO - Sync 2 DAGs
[2026-08-30T23:20:47.929+0330] {logging_mixin.py:190} INFO - [2026-08-30T23:20:47.929+0330] {dag.py:4180} INFO - Setting next_dagrun for example_subdag_operator.section-1 to None, run_after=None
[2026-08-30T23:20:47.929+0330] {logging_mixin.py:190} INFO - [2026-08-30T23:20:47.929+0330] {dag.py:4180} INFO - Setting next_dagrun for example_subdag_operator.section-2 to None, run_after=None
[2026-08-30T23:20:47.943+0330] {processor.py:208} INFO - Processing /home/mmirnezamina/de_final_project/airflowenv/lib/python3.10/site-packages/airflow/example_dags/example_subdag_operator.py took 0.102 seconds
[2026-08-30T23:21:18.379+0330] {processor.py:186} INFO - Started process (PID=14991) to work on /home/mmirnezamina/de_final_project/airflowenv/lib/python3.10/site-packages/airflow/example_dags/example_subdag_operator.py
[2026-08-30T23:21:18.381+0330] {processor.py:914} INFO - Processing file /home/mmirnezamina/de_final_project/airflowenv/lib/python3.10/site-packages/airflow/example_dags/example_subdag_operator.py for tasks to queue
[2026-08-30T23:21:18.382+0330] {logging_mixin.py:190} INFO - [2026-08-30T23:21:18.381+0330] {dagbag.py:588} INFO - Filling up the DagBag from /home/mmirnezamina/de_final_project/airflowenv/lib/python3.10/site-packages/airflow/example_dags/example_subdag_operator.py
[2026-08-30T23:21:18.419+0330] {processor.py:925} INFO - DAG(s) 'example_subdag_operator.section-1', 'example_subdag_operator.section-2', 'example_subdag_operator' retrieved from /home/mmirnezamina/de_final_project/airflowenv/lib/python3.10/site-packages/airflow/example_dags/example_subdag_operator.py
[2026-08-30T23:21:18.437+0330] {logging_mixin.py:190} INFO - [2026-08-30T23:21:18.436+0330] {dag.py:3239} INFO - Sync 3 DAGs
[2026-08-30T23:21:18.465+0330] {logging_mixin.py:190} INFO - [2026-08-30T23:21:18.464+0330] {dag.py:4180} INFO - Setting next_dagrun for example_subdag_operator to 2022-01-01 00:00:00+00:00, run_after=2022-01-01 00:00:00+00:00
[2026-08-30T23:21:18.469+0330] {logging_mixin.py:190} INFO - [2026-08-30T23:21:18.469+0330] {dag.py:4180} INFO - Setting next_dagrun for example_subdag_operator.section-1 to None, run_after=None
[2026-08-30T23:21:18.470+0330] {logging_mixin.py:190} INFO - [2026-08-30T23:21:18.470+0330] {dag.py:4180} INFO - Setting next_dagrun for example_subdag_operator.section-2 to None, run_after=None
[2026-08-30T23:21:18.479+0330] {logging_mixin.py:190} INFO - [2026-08-30T23:21:18.478+0330] {dag.py:3239} INFO - Sync 2 DAGs
[2026-08-30T23:21:18.486+0330] {logging_mixin.py:190} INFO - [2026-08-30T23:21:18.486+0330] {dag.py:4180} INFO - Setting next_dagrun for example_subdag_operator.section-1 to None, run_after=None
[2026-08-30T23:21:18.486+0330] {logging_mixin.py:190} INFO - [2026-08-30T23:21:18.486+0330] {dag.py:4180} INFO - Setting next_dagrun for example_subdag_operator.section-2 to None, run_after=None
[2026-08-30T23:21:18.503+0330] {processor.py:208} INFO - Processing /home/mmirnezamina/de_final_project/airflowenv/lib/python3.10/site-packages/airflow/example_dags/example_subdag_operator.py took 0.133 seconds
[2026-08-30T23:21:48.773+0330] {processor.py:186} INFO - Started process (PID=15108) to work on /home/mmirnezamina/de_final_project/airflowenv/lib/python3.10/site-packages/airflow/example_dags/example_subdag_operator.py
[2026-08-30T23:21:48.774+0330] {processor.py:914} INFO - Processing file /home/mmirnezamina/de_final_project/airflowenv/lib/python3.10/site-packages/airflow/example_dags/example_subdag_operator.py for tasks to queue
[2026-08-30T23:21:48.775+0330] {logging_mixin.py:190} INFO - [2026-08-30T23:21:48.775+0330] {dagbag.py:588} INFO - Filling up the DagBag from /home/mmirnezamina/de_final_project/airflowenv/lib/python3.10/site-packages/airflow/example_dags/example_subdag_operator.py
[2026-08-30T23:21:48.804+0330] {processor.py:925} INFO - DAG(s) 'example_subdag_operator.section-1', 'example_subdag_operator.section-2', 'example_subdag_operator' retrieved from /home/mmirnezamina/de_final_project/airflowenv/lib/python3.10/site-packages/airflow/example_dags/example_subdag_operator.py
[2026-08-30T23:21:48.818+0330] {logging_mixin.py:190} INFO - [2026-08-30T23:21:48.818+0330] {dag.py:3239} INFO - Sync 3 DAGs
[2026-08-30T23:21:48.841+0330] {logging_mixin.py:190} INFO - [2026-08-30T23:21:48.840+0330] {dag.py:4180} INFO - Setting next_dagrun for example_subdag_operator to 2022-01-01 00:00:00+00:00, run_after=2022-01-01 00:00:00+00:00
[2026-08-30T23:21:48.845+0330] {logging_mixin.py:190} INFO - [2026-08-30T23:21:48.845+0330] {dag.py:4180} INFO - Setting next_dagrun for example_subdag_operator.section-1 to None, run_after=None
[2026-08-30T23:21:48.846+0330] {logging_mixin.py:190} INFO - [2026-08-30T23:21:48.846+0330] {dag.py:4180} INFO - Setting next_dagrun for example_subdag_operator.section-2 to None, run_after=None
[2026-08-30T23:21:48.854+0330] {logging_mixin.py:190} INFO - [2026-08-30T23:21:48.853+0330] {dag.py:3239} INFO - Sync 2 DAGs
[2026-08-30T23:21:48.858+0330] {logging_mixin.py:190} INFO - [2026-08-30T23:21:48.858+0330] {dag.py:4180} INFO - Setting next_dagrun for example_subdag_operator.section-1 to None, run_after=None
[2026-08-30T23:21:48.859+0330] {logging_mixin.py:190} INFO - [2026-08-30T23:21:48.859+0330] {dag.py:4180} INFO - Setting next_dagrun for example_subdag_operator.section-2 to None, run_after=None
[2026-08-30T23:21:48.872+0330] {processor.py:208} INFO - Processing /home/mmirnezamina/de_final_project/airflowenv/lib/python3.10/site-packages/airflow/example_dags/example_subdag_operator.py took 0.106 seconds
[2026-08-30T23:22:19.326+0330] {processor.py:186} INFO - Started process (PID=15229) to work on /home/mmirnezamina/de_final_project/airflowenv/lib/python3.10/site-packages/airflow/example_dags/example_subdag_operator.py
[2026-08-30T23:22:19.328+0330] {processor.py:914} INFO - Processing file /home/mmirnezamina/de_final_project/airflowenv/lib/python3.10/site-packages/airflow/example_dags/example_subdag_operator.py for tasks to queue
[2026-08-30T23:22:19.329+0330] {logging_mixin.py:190} INFO - [2026-08-30T23:22:19.329+0330] {dagbag.py:588} INFO - Filling up the DagBag from /home/mmirnezamina/de_final_project/airflowenv/lib/python3.10/site-packages/airflow/example_dags/example_subdag_operator.py
[2026-08-30T23:22:19.363+0330] {processor.py:925} INFO - DAG(s) 'example_subdag_operator.section-1', 'example_subdag_operator.section-2', 'example_subdag_operator' retrieved from /home/mmirnezamina/de_final_project/airflowenv/lib/python3.10/site-packages/airflow/example_dags/example_subdag_operator.py
[2026-08-30T23:22:19.380+0330] {logging_mixin.py:190} INFO - [2026-08-30T23:22:19.380+0330] {dag.py:3239} INFO - Sync 3 DAGs
[2026-08-30T23:22:19.402+0330] {logging_mixin.py:190} INFO - [2026-08-30T23:22:19.402+0330] {dag.py:4180} INFO - Setting next_dagrun for example_subdag_operator to 2022-01-01 00:00:00+00:00, run_after=2022-01-01 00:00:00+00:00
[2026-08-30T23:22:19.405+0330] {logging_mixin.py:190} INFO - [2026-08-30T23:22:19.405+0330] {dag.py:4180} INFO - Setting next_dagrun for example_subdag_operator.section-1 to None, run_after=None
[2026-08-30T23:22:19.407+0330] {logging_mixin.py:190} INFO - [2026-08-30T23:22:19.406+0330] {dag.py:4180} INFO - Setting next_dagrun for example_subdag_operator.section-2 to None, run_after=None
[2026-08-30T23:22:19.414+0330] {logging_mixin.py:190} INFO - [2026-08-30T23:22:19.413+0330] {dag.py:3239} INFO - Sync 2 DAGs
[2026-08-30T23:22:19.419+0330] {logging_mixin.py:190} INFO - [2026-08-30T23:22:19.419+0330] {dag.py:4180} INFO - Setting next_dagrun for example_subdag_operator.section-1 to None, run_after=None
[2026-08-30T23:22:19.419+0330] {logging_mixin.py:190} INFO - [2026-08-30T23:22:19.419+0330] {dag.py:4180} INFO - Setting next_dagrun for example_subdag_operator.section-2 to None, run_after=None
[2026-08-30T23:22:19.434+0330] {processor.py:208} INFO - Processing /home/mmirnezamina/de_final_project/airflowenv/lib/python3.10/site-packages/airflow/example_dags/example_subdag_operator.py took 0.117 seconds
[2026-08-30T23:22:49.551+0330] {processor.py:186} INFO - Started process (PID=15346) to work on /home/mmirnezamina/de_final_project/airflowenv/lib/python3.10/site-packages/airflow/example_dags/example_subdag_operator.py
[2026-08-30T23:22:49.552+0330] {processor.py:914} INFO - Processing file /home/mmirnezamina/de_final_project/airflowenv/lib/python3.10/site-packages/airflow/example_dags/example_subdag_operator.py for tasks to queue
[2026-08-30T23:22:49.554+0330] {logging_mixin.py:190} INFO - [2026-08-30T23:22:49.554+0330] {dagbag.py:588} INFO - Filling up the DagBag from /home/mmirnezamina/de_final_project/airflowenv/lib/python3.10/site-packages/airflow/example_dags/example_subdag_operator.py
[2026-08-30T23:22:49.604+0330] {processor.py:925} INFO - DAG(s) 'example_subdag_operator.section-1', 'example_subdag_operator.section-2', 'example_subdag_operator' retrieved from /home/mmirnezamina/de_final_project/airflowenv/lib/python3.10/site-packages/airflow/example_dags/example_subdag_operator.py
[2026-08-30T23:22:49.630+0330] {logging_mixin.py:190} INFO - [2026-08-30T23:22:49.630+0330] {dag.py:3239} INFO - Sync 3 DAGs
[2026-08-30T23:22:49.665+0330] {logging_mixin.py:190} INFO - [2026-08-30T23:22:49.664+0330] {dag.py:4180} INFO - Setting next_dagrun for example_subdag_operator to 2022-01-01 00:00:00+00:00, run_after=2022-01-01 00:00:00+00:00
[2026-08-30T23:22:49.670+0330] {logging_mixin.py:190} INFO - [2026-08-30T23:22:49.669+0330] {dag.py:4180} INFO - Setting next_dagrun for example_subdag_operator.section-1 to None, run_after=None
[2026-08-30T23:22:49.671+0330] {logging_mixin.py:190} INFO - [2026-08-30T23:22:49.671+0330] {dag.py:4180} INFO - Setting next_dagrun for example_subdag_operator.section-2 to None, run_after=None
[2026-08-30T23:22:49.683+0330] {logging_mixin.py:190} INFO - [2026-08-30T23:22:49.683+0330] {dag.py:3239} INFO - Sync 2 DAGs
[2026-08-30T23:22:49.696+0330] {logging_mixin.py:190} INFO - [2026-08-30T23:22:49.695+0330] {dag.py:4180} INFO - Setting next_dagrun for example_subdag_operator.section-1 to None, run_after=None
[2026-08-30T23:22:49.697+0330] {logging_mixin.py:190} INFO - [2026-08-30T23:22:49.696+0330] {dag.py:4180} INFO - Setting next_dagrun for example_subdag_operator.section-2 to None, run_after=None
[2026-08-30T23:22:49.748+0330] {processor.py:208} INFO - Processing /home/mmirnezamina/de_final_project/airflowenv/lib/python3.10/site-packages/airflow/example_dags/example_subdag_operator.py took 0.210 seconds
[2026-08-30T23:23:20.444+0330] {processor.py:186} INFO - Started process (PID=15464) to work on /home/mmirnezamina/de_final_project/airflowenv/lib/python3.10/site-packages/airflow/example_dags/example_subdag_operator.py
[2026-08-30T23:23:20.455+0330] {processor.py:914} INFO - Processing file /home/mmirnezamina/de_final_project/airflowenv/lib/python3.10/site-packages/airflow/example_dags/example_subdag_operator.py for tasks to queue
[2026-08-30T23:23:20.458+0330] {logging_mixin.py:190} INFO - [2026-08-30T23:23:20.457+0330] {dagbag.py:588} INFO - Filling up the DagBag from /home/mmirnezamina/de_final_project/airflowenv/lib/python3.10/site-packages/airflow/example_dags/example_subdag_operator.py
[2026-08-30T23:23:21.088+0330] {processor.py:925} INFO - DAG(s) 'example_subdag_operator.section-1', 'example_subdag_operator.section-2', 'example_subdag_operator' retrieved from /home/mmirnezamina/de_final_project/airflowenv/lib/python3.10/site-packages/airflow/example_dags/example_subdag_operator.py
[2026-08-30T23:23:21.127+0330] {logging_mixin.py:190} INFO - [2026-08-30T23:23:21.127+0330] {dag.py:3239} INFO - Sync 3 DAGs
[2026-08-30T23:23:21.172+0330] {logging_mixin.py:190} INFO - [2026-08-30T23:23:21.172+0330] {dag.py:4180} INFO - Setting next_dagrun for example_subdag_operator to 2022-01-01 00:00:00+00:00, run_after=2022-01-01 00:00:00+00:00
[2026-08-30T23:23:21.180+0330] {logging_mixin.py:190} INFO - [2026-08-30T23:23:21.180+0330] {dag.py:4180} INFO - Setting next_dagrun for example_subdag_operator.section-1 to None, run_after=None
[2026-08-30T23:23:21.183+0330] {logging_mixin.py:190} INFO - [2026-08-30T23:23:21.183+0330] {dag.py:4180} INFO - Setting next_dagrun for example_subdag_operator.section-2 to None, run_after=None
[2026-08-30T23:23:21.204+0330] {logging_mixin.py:190} INFO - [2026-08-30T23:23:21.204+0330] {dag.py:3239} INFO - Sync 2 DAGs
[2026-08-30T23:23:21.221+0330] {logging_mixin.py:190} INFO - [2026-08-30T23:23:21.220+0330] {dag.py:4180} INFO - Setting next_dagrun for example_subdag_operator.section-1 to None, run_after=None
[2026-08-30T23:23:21.222+0330] {logging_mixin.py:190} INFO - [2026-08-30T23:23:21.222+0330] {dag.py:4180} INFO - Setting next_dagrun for example_subdag_operator.section-2 to None, run_after=None
[2026-08-30T23:23:21.265+0330] {processor.py:208} INFO - Processing /home/mmirnezamina/de_final_project/airflowenv/lib/python3.10/site-packages/airflow/example_dags/example_subdag_operator.py took 0.845 seconds
[2026-08-30T23:23:51.313+0330] {processor.py:186} INFO - Started process (PID=15585) to work on /home/mmirnezamina/de_final_project/airflowenv/lib/python3.10/site-packages/airflow/example_dags/example_subdag_operator.py
[2026-08-30T23:23:51.314+0330] {processor.py:914} INFO - Processing file /home/mmirnezamina/de_final_project/airflowenv/lib/python3.10/site-packages/airflow/example_dags/example_subdag_operator.py for tasks to queue
[2026-08-30T23:23:51.316+0330] {logging_mixin.py:190} INFO - [2026-08-30T23:23:51.316+0330] {dagbag.py:588} INFO - Filling up the DagBag from /home/mmirnezamina/de_final_project/airflowenv/lib/python3.10/site-packages/airflow/example_dags/example_subdag_operator.py
[2026-08-30T23:23:51.359+0330] {processor.py:925} INFO - DAG(s) 'example_subdag_operator.section-1', 'example_subdag_operator.section-2', 'example_subdag_operator' retrieved from /home/mmirnezamina/de_final_project/airflowenv/lib/python3.10/site-packages/airflow/example_dags/example_subdag_operator.py
[2026-08-30T23:23:51.380+0330] {logging_mixin.py:190} INFO - [2026-08-30T23:23:51.380+0330] {dag.py:3239} INFO - Sync 3 DAGs
[2026-08-30T23:23:51.409+0330] {logging_mixin.py:190} INFO - [2026-08-30T23:23:51.409+0330] {dag.py:4180} INFO - Setting next_dagrun for example_subdag_operator to 2022-01-01 00:00:00+00:00, run_after=2022-01-01 00:00:00+00:00
[2026-08-30T23:23:51.416+0330] {logging_mixin.py:190} INFO - [2026-08-30T23:23:51.416+0330] {dag.py:4180} INFO - Setting next_dagrun for example_subdag_operator.section-1 to None, run_after=None
[2026-08-30T23:23:51.418+0330] {logging_mixin.py:190} INFO - [2026-08-30T23:23:51.417+0330] {dag.py:4180} INFO - Setting next_dagrun for example_subdag_operator.section-2 to None, run_after=None
[2026-08-30T23:23:51.427+0330] {logging_mixin.py:190} INFO - [2026-08-30T23:23:51.427+0330] {dag.py:3239} INFO - Sync 2 DAGs
[2026-08-30T23:23:51.434+0330] {logging_mixin.py:190} INFO - [2026-08-30T23:23:51.434+0330] {dag.py:4180} INFO - Setting next_dagrun for example_subdag_operator.section-1 to None, run_after=None
[2026-08-30T23:23:51.435+0330] {logging_mixin.py:190} INFO - [2026-08-30T23:23:51.434+0330] {dag.py:4180} INFO - Setting next_dagrun for example_subdag_operator.section-2 to None, run_after=None
[2026-08-30T23:23:51.458+0330] {processor.py:208} INFO - Processing /home/mmirnezamina/de_final_project/airflowenv/lib/python3.10/site-packages/airflow/example_dags/example_subdag_operator.py took 0.155 seconds
[2026-08-30T23:24:21.909+0330] {processor.py:186} INFO - Started process (PID=15704) to work on /home/mmirnezamina/de_final_project/airflowenv/lib/python3.10/site-packages/airflow/example_dags/example_subdag_operator.py
[2026-08-30T23:24:21.911+0330] {processor.py:914} INFO - Processing file /home/mmirnezamina/de_final_project/airflowenv/lib/python3.10/site-packages/airflow/example_dags/example_subdag_operator.py for tasks to queue
[2026-08-30T23:24:21.913+0330] {logging_mixin.py:190} INFO - [2026-08-30T23:24:21.913+0330] {dagbag.py:588} INFO - Filling up the DagBag from /home/mmirnezamina/de_final_project/airflowenv/lib/python3.10/site-packages/airflow/example_dags/example_subdag_operator.py
[2026-08-30T23:24:21.972+0330] {processor.py:925} INFO - DAG(s) 'example_subdag_operator.section-1', 'example_subdag_operator.section-2', 'example_subdag_operator' retrieved from /home/mmirnezamina/de_final_project/airflowenv/lib/python3.10/site-packages/airflow/example_dags/example_subdag_operator.py
[2026-08-30T23:24:22.005+0330] {logging_mixin.py:190} INFO - [2026-08-30T23:24:22.004+0330] {dag.py:3239} INFO - Sync 3 DAGs
[2026-08-30T23:24:22.054+0330] {logging_mixin.py:190} INFO - [2026-08-30T23:24:22.054+0330] {dag.py:4180} INFO - Setting next_dagrun for example_subdag_operator to 2022-01-01 00:00:00+00:00, run_after=2022-01-01 00:00:00+00:00
[2026-08-30T23:24:22.061+0330] {logging_mixin.py:190} INFO - [2026-08-30T23:24:22.061+0330] {dag.py:4180} INFO - Setting next_dagrun for example_subdag_operator.section-1 to None, run_after=None
[2026-08-30T23:24:22.065+0330] {logging_mixin.py:190} INFO - [2026-08-30T23:24:22.065+0330] {dag.py:4180} INFO - Setting next_dagrun for example_subdag_operator.section-2 to None, run_after=None
[2026-08-30T23:24:22.082+0330] {logging_mixin.py:190} INFO - [2026-08-30T23:24:22.082+0330] {dag.py:3239} INFO - Sync 2 DAGs
[2026-08-30T23:24:22.092+0330] {logging_mixin.py:190} INFO - [2026-08-30T23:24:22.092+0330] {dag.py:4180} INFO - Setting next_dagrun for example_subdag_operator.section-1 to None, run_after=None
[2026-08-30T23:24:22.093+0330] {logging_mixin.py:190} INFO - [2026-08-30T23:24:22.092+0330] {dag.py:4180} INFO - Setting next_dagrun for example_subdag_operator.section-2 to None, run_after=None
[2026-08-30T23:24:22.120+0330] {processor.py:208} INFO - Processing /home/mmirnezamina/de_final_project/airflowenv/lib/python3.10/site-packages/airflow/example_dags/example_subdag_operator.py took 0.223 seconds
[2026-08-30T23:24:52.298+0330] {processor.py:186} INFO - Started process (PID=15827) to work on /home/mmirnezamina/de_final_project/airflowenv/lib/python3.10/site-packages/airflow/example_dags/example_subdag_operator.py
[2026-08-30T23:24:52.300+0330] {processor.py:914} INFO - Processing file /home/mmirnezamina/de_final_project/airflowenv/lib/python3.10/site-packages/airflow/example_dags/example_subdag_operator.py for tasks to queue
[2026-08-30T23:24:52.303+0330] {logging_mixin.py:190} INFO - [2026-08-30T23:24:52.302+0330] {dagbag.py:588} INFO - Filling up the DagBag from /home/mmirnezamina/de_final_project/airflowenv/lib/python3.10/site-packages/airflow/example_dags/example_subdag_operator.py
[2026-08-30T23:24:52.406+0330] {processor.py:925} INFO - DAG(s) 'example_subdag_operator.section-1', 'example_subdag_operator.section-2', 'example_subdag_operator' retrieved from /home/mmirnezamina/de_final_project/airflowenv/lib/python3.10/site-packages/airflow/example_dags/example_subdag_operator.py
[2026-08-30T23:24:52.484+0330] {logging_mixin.py:190} INFO - [2026-08-30T23:24:52.483+0330] {dag.py:3239} INFO - Sync 3 DAGs
[2026-08-30T23:24:52.553+0330] {logging_mixin.py:190} INFO - [2026-08-30T23:24:52.552+0330] {dag.py:4180} INFO - Setting next_dagrun for example_subdag_operator to 2022-01-01 00:00:00+00:00, run_after=2022-01-01 00:00:00+00:00
[2026-08-30T23:24:52.561+0330] {logging_mixin.py:190} INFO - [2026-08-30T23:24:52.561+0330] {dag.py:4180} INFO - Setting next_dagrun for example_subdag_operator.section-1 to None, run_after=None
[2026-08-30T23:24:52.564+0330] {logging_mixin.py:190} INFO - [2026-08-30T23:24:52.564+0330] {dag.py:4180} INFO - Setting next_dagrun for example_subdag_operator.section-2 to None, run_after=None
[2026-08-30T23:24:52.582+0330] {logging_mixin.py:190} INFO - [2026-08-30T23:24:52.581+0330] {dag.py:3239} INFO - Sync 2 DAGs
[2026-08-30T23:24:52.599+0330] {logging_mixin.py:190} INFO - [2026-08-30T23:24:52.598+0330] {dag.py:4180} INFO - Setting next_dagrun for example_subdag_operator.section-1 to None, run_after=None
[2026-08-30T23:24:52.600+0330] {logging_mixin.py:190} INFO - [2026-08-30T23:24:52.600+0330] {dag.py:4180} INFO - Setting next_dagrun for example_subdag_operator.section-2 to None, run_after=None
[2026-08-30T23:24:52.633+0330] {processor.py:208} INFO - Processing /home/mmirnezamina/de_final_project/airflowenv/lib/python3.10/site-packages/airflow/example_dags/example_subdag_operator.py took 0.361 seconds
[2026-08-30T23:25:24.392+0330] {processor.py:186} INFO - Started process (PID=15966) to work on /home/mmirnezamina/de_final_project/airflowenv/lib/python3.10/site-packages/airflow/example_dags/example_subdag_operator.py
[2026-08-30T23:25:24.403+0330] {processor.py:914} INFO - Processing file /home/mmirnezamina/de_final_project/airflowenv/lib/python3.10/site-packages/airflow/example_dags/example_subdag_operator.py for tasks to queue
[2026-08-30T23:25:24.407+0330] {logging_mixin.py:190} INFO - [2026-08-30T23:25:24.406+0330] {dagbag.py:588} INFO - Filling up the DagBag from /home/mmirnezamina/de_final_project/airflowenv/lib/python3.10/site-packages/airflow/example_dags/example_subdag_operator.py
[2026-08-30T23:25:24.477+0330] {processor.py:925} INFO - DAG(s) 'example_subdag_operator.section-1', 'example_subdag_operator.section-2', 'example_subdag_operator' retrieved from /home/mmirnezamina/de_final_project/airflowenv/lib/python3.10/site-packages/airflow/example_dags/example_subdag_operator.py
[2026-08-30T23:25:24.573+0330] {logging_mixin.py:190} INFO - [2026-08-30T23:25:24.572+0330] {dag.py:3239} INFO - Sync 3 DAGs
[2026-08-30T23:25:24.716+0330] {logging_mixin.py:190} INFO - [2026-08-30T23:25:24.715+0330] {dag.py:4180} INFO - Setting next_dagrun for example_subdag_operator to 2022-01-01 00:00:00+00:00, run_after=2022-01-01 00:00:00+00:00
[2026-08-30T23:25:24.734+0330] {logging_mixin.py:190} INFO - [2026-08-30T23:25:24.734+0330] {dag.py:4180} INFO - Setting next_dagrun for example_subdag_operator.section-1 to None, run_after=None
[2026-08-30T23:25:24.741+0330] {logging_mixin.py:190} INFO - [2026-08-30T23:25:24.740+0330] {dag.py:4180} INFO - Setting next_dagrun for example_subdag_operator.section-2 to None, run_after=None
[2026-08-30T23:25:24.773+0330] {logging_mixin.py:190} INFO - [2026-08-30T23:25:24.773+0330] {dag.py:3239} INFO - Sync 2 DAGs
[2026-08-30T23:25:24.792+0330] {logging_mixin.py:190} INFO - [2026-08-30T23:25:24.792+0330] {dag.py:4180} INFO - Setting next_dagrun for example_subdag_operator.section-1 to None, run_after=None
[2026-08-30T23:25:24.795+0330] {logging_mixin.py:190} INFO - [2026-08-30T23:25:24.794+0330] {dag.py:4180} INFO - Setting next_dagrun for example_subdag_operator.section-2 to None, run_after=None
[2026-08-30T23:25:24.842+0330] {processor.py:208} INFO - Processing /home/mmirnezamina/de_final_project/airflowenv/lib/python3.10/site-packages/airflow/example_dags/example_subdag_operator.py took 0.507 seconds
[2026-08-30T23:25:55.606+0330] {processor.py:186} INFO - Started process (PID=16099) to work on /home/mmirnezamina/de_final_project/airflowenv/lib/python3.10/site-packages/airflow/example_dags/example_subdag_operator.py
[2026-08-30T23:25:55.607+0330] {processor.py:914} INFO - Processing file /home/mmirnezamina/de_final_project/airflowenv/lib/python3.10/site-packages/airflow/example_dags/example_subdag_operator.py for tasks to queue
[2026-08-30T23:25:55.608+0330] {logging_mixin.py:190} INFO - [2026-08-30T23:25:55.607+0330] {dagbag.py:588} INFO - Filling up the DagBag from /home/mmirnezamina/de_final_project/airflowenv/lib/python3.10/site-packages/airflow/example_dags/example_subdag_operator.py
[2026-08-30T23:25:55.641+0330] {processor.py:925} INFO - DAG(s) 'example_subdag_operator.section-1', 'example_subdag_operator.section-2', 'example_subdag_operator' retrieved from /home/mmirnezamina/de_final_project/airflowenv/lib/python3.10/site-packages/airflow/example_dags/example_subdag_operator.py
[2026-08-30T23:25:55.659+0330] {logging_mixin.py:190} INFO - [2026-08-30T23:25:55.659+0330] {dag.py:3239} INFO - Sync 3 DAGs
[2026-08-30T23:25:55.687+0330] {logging_mixin.py:190} INFO - [2026-08-30T23:25:55.687+0330] {dag.py:4180} INFO - Setting next_dagrun for example_subdag_operator to 2022-01-01 00:00:00+00:00, run_after=2022-01-01 00:00:00+00:00
[2026-08-30T23:25:55.692+0330] {logging_mixin.py:190} INFO - [2026-08-30T23:25:55.691+0330] {dag.py:4180} INFO - Setting next_dagrun for example_subdag_operator.section-1 to None, run_after=None
[2026-08-30T23:25:55.693+0330] {logging_mixin.py:190} INFO - [2026-08-30T23:25:55.693+0330] {dag.py:4180} INFO - Setting next_dagrun for example_subdag_operator.section-2 to None, run_after=None
[2026-08-30T23:25:55.701+0330] {logging_mixin.py:190} INFO - [2026-08-30T23:25:55.701+0330] {dag.py:3239} INFO - Sync 2 DAGs
[2026-08-30T23:25:55.707+0330] {logging_mixin.py:190} INFO - [2026-08-30T23:25:55.707+0330] {dag.py:4180} INFO - Setting next_dagrun for example_subdag_operator.section-1 to None, run_after=None
[2026-08-30T23:25:55.707+0330] {logging_mixin.py:190} INFO - [2026-08-30T23:25:55.707+0330] {dag.py:4180} INFO - Setting next_dagrun for example_subdag_operator.section-2 to None, run_after=None
[2026-08-30T23:25:55.723+0330] {processor.py:208} INFO - Processing /home/mmirnezamina/de_final_project/airflowenv/lib/python3.10/site-packages/airflow/example_dags/example_subdag_operator.py took 0.125 seconds
[2026-08-30T23:26:26.000+0330] {processor.py:186} INFO - Started process (PID=16219) to work on /home/mmirnezamina/de_final_project/airflowenv/lib/python3.10/site-packages/airflow/example_dags/example_subdag_operator.py
[2026-08-30T23:26:26.003+0330] {processor.py:914} INFO - Processing file /home/mmirnezamina/de_final_project/airflowenv/lib/python3.10/site-packages/airflow/example_dags/example_subdag_operator.py for tasks to queue
[2026-08-30T23:26:26.007+0330] {logging_mixin.py:190} INFO - [2026-08-30T23:26:26.006+0330] {dagbag.py:588} INFO - Filling up the DagBag from /home/mmirnezamina/de_final_project/airflowenv/lib/python3.10/site-packages/airflow/example_dags/example_subdag_operator.py
[2026-08-30T23:26:26.132+0330] {processor.py:925} INFO - DAG(s) 'example_subdag_operator.section-1', 'example_subdag_operator.section-2', 'example_subdag_operator' retrieved from /home/mmirnezamina/de_final_project/airflowenv/lib/python3.10/site-packages/airflow/example_dags/example_subdag_operator.py
[2026-08-30T23:26:26.218+0330] {logging_mixin.py:190} INFO - [2026-08-30T23:26:26.217+0330] {dag.py:3239} INFO - Sync 3 DAGs
[2026-08-30T23:26:26.287+0330] {logging_mixin.py:190} INFO - [2026-08-30T23:26:26.286+0330] {dag.py:4180} INFO - Setting next_dagrun for example_subdag_operator to 2022-01-01 00:00:00+00:00, run_after=2022-01-01 00:00:00+00:00
[2026-08-30T23:26:26.297+0330] {logging_mixin.py:190} INFO - [2026-08-30T23:26:26.297+0330] {dag.py:4180} INFO - Setting next_dagrun for example_subdag_operator.section-1 to None, run_after=None
[2026-08-30T23:26:26.302+0330] {logging_mixin.py:190} INFO - [2026-08-30T23:26:26.301+0330] {dag.py:4180} INFO - Setting next_dagrun for example_subdag_operator.section-2 to None, run_after=None
[2026-08-30T23:26:26.326+0330] {logging_mixin.py:190} INFO - [2026-08-30T23:26:26.325+0330] {dag.py:3239} INFO - Sync 2 DAGs
[2026-08-30T23:26:26.345+0330] {logging_mixin.py:190} INFO - [2026-08-30T23:26:26.344+0330] {dag.py:4180} INFO - Setting next_dagrun for example_subdag_operator.section-1 to None, run_after=None
[2026-08-30T23:26:26.346+0330] {logging_mixin.py:190} INFO - [2026-08-30T23:26:26.345+0330] {dag.py:4180} INFO - Setting next_dagrun for example_subdag_operator.section-2 to None, run_after=None
[2026-08-30T23:26:26.385+0330] {processor.py:208} INFO - Processing /home/mmirnezamina/de_final_project/airflowenv/lib/python3.10/site-packages/airflow/example_dags/example_subdag_operator.py took 0.413 seconds
[2026-08-30T23:26:56.951+0330] {processor.py:186} INFO - Started process (PID=16337) to work on /home/mmirnezamina/de_final_project/airflowenv/lib/python3.10/site-packages/airflow/example_dags/example_subdag_operator.py
[2026-08-30T23:26:56.953+0330] {processor.py:914} INFO - Processing file /home/mmirnezamina/de_final_project/airflowenv/lib/python3.10/site-packages/airflow/example_dags/example_subdag_operator.py for tasks to queue
[2026-08-30T23:26:56.955+0330] {logging_mixin.py:190} INFO - [2026-08-30T23:26:56.955+0330] {dagbag.py:588} INFO - Filling up the DagBag from /home/mmirnezamina/de_final_project/airflowenv/lib/python3.10/site-packages/airflow/example_dags/example_subdag_operator.py
[2026-08-30T23:26:57.016+0330] {processor.py:925} INFO - DAG(s) 'example_subdag_operator.section-1', 'example_subdag_operator.section-2', 'example_subdag_operator' retrieved from /home/mmirnezamina/de_final_project/airflowenv/lib/python3.10/site-packages/airflow/example_dags/example_subdag_operator.py
[2026-08-30T23:26:57.042+0330] {logging_mixin.py:190} INFO - [2026-08-30T23:26:57.041+0330] {dag.py:3239} INFO - Sync 3 DAGs
[2026-08-30T23:26:57.072+0330] {logging_mixin.py:190} INFO - [2026-08-30T23:26:57.072+0330] {dag.py:4180} INFO - Setting next_dagrun for example_subdag_operator to 2022-01-01 00:00:00+00:00, run_after=2022-01-01 00:00:00+00:00
[2026-08-30T23:26:57.077+0330] {logging_mixin.py:190} INFO - [2026-08-30T23:26:57.077+0330] {dag.py:4180} INFO - Setting next_dagrun for example_subdag_operator.section-1 to None, run_after=None
[2026-08-30T23:26:57.079+0330] {logging_mixin.py:190} INFO - [2026-08-30T23:26:57.079+0330] {dag.py:4180} INFO - Setting next_dagrun for example_subdag_operator.section-2 to None, run_after=None
[2026-08-30T23:26:57.088+0330] {logging_mixin.py:190} INFO - [2026-08-30T23:26:57.087+0330] {dag.py:3239} INFO - Sync 2 DAGs
[2026-08-30T23:26:57.098+0330] {logging_mixin.py:190} INFO - [2026-08-30T23:26:57.098+0330] {dag.py:4180} INFO - Setting next_dagrun for example_subdag_operator.section-1 to None, run_after=None
[2026-08-30T23:26:57.099+0330] {logging_mixin.py:190} INFO - [2026-08-30T23:26:57.099+0330] {dag.py:4180} INFO - Setting next_dagrun for example_subdag_operator.section-2 to None, run_after=None
[2026-08-30T23:26:57.126+0330] {processor.py:208} INFO - Processing /home/mmirnezamina/de_final_project/airflowenv/lib/python3.10/site-packages/airflow/example_dags/example_subdag_operator.py took 0.189 seconds
[2026-08-30T23:27:56.562+0330] {processor.py:186} INFO - Started process (PID=16465) to work on /home/mmirnezamina/de_final_project/airflowenv/lib/python3.10/site-packages/airflow/example_dags/example_subdag_operator.py
[2026-08-30T23:27:56.567+0330] {processor.py:914} INFO - Processing file /home/mmirnezamina/de_final_project/airflowenv/lib/python3.10/site-packages/airflow/example_dags/example_subdag_operator.py for tasks to queue
[2026-08-30T23:27:56.572+0330] {logging_mixin.py:190} INFO - [2026-08-30T23:27:56.570+0330] {dagbag.py:588} INFO - Filling up the DagBag from /home/mmirnezamina/de_final_project/airflowenv/lib/python3.10/site-packages/airflow/example_dags/example_subdag_operator.py
[2026-08-30T23:27:56.687+0330] {processor.py:925} INFO - DAG(s) 'example_subdag_operator.section-1', 'example_subdag_operator.section-2', 'example_subdag_operator' retrieved from /home/mmirnezamina/de_final_project/airflowenv/lib/python3.10/site-packages/airflow/example_dags/example_subdag_operator.py
[2026-08-30T23:27:57.210+0330] {logging_mixin.py:190} INFO - [2026-08-30T23:27:57.206+0330] {override.py:1930} INFO - Created Permission View: can delete on DAG:example_subdag_operator
[2026-08-30T23:27:57.262+0330] {logging_mixin.py:190} INFO - [2026-08-30T23:27:57.260+0330] {override.py:1930} INFO - Created Permission View: can read on DAG:example_subdag_operator
[2026-08-30T23:27:57.302+0330] {logging_mixin.py:190} INFO - [2026-08-30T23:27:57.301+0330] {override.py:1930} INFO - Created Permission View: can edit on DAG:example_subdag_operator
[2026-08-30T23:27:57.356+0330] {logging_mixin.py:190} INFO - [2026-08-30T23:27:57.355+0330] {override.py:1930} INFO - Created Permission View: can create on DAG Run:example_subdag_operator
[2026-08-30T23:27:57.394+0330] {logging_mixin.py:190} INFO - [2026-08-30T23:27:57.393+0330] {override.py:1930} INFO - Created Permission View: can delete on DAG Run:example_subdag_operator
[2026-08-30T23:27:57.431+0330] {logging_mixin.py:190} INFO - [2026-08-30T23:27:57.430+0330] {override.py:1930} INFO - Created Permission View: can read on DAG Run:example_subdag_operator
[2026-08-30T23:27:57.470+0330] {logging_mixin.py:190} INFO - [2026-08-30T23:27:57.469+0330] {override.py:1930} INFO - Created Permission View: menu access on DAG Run:example_subdag_operator
[2026-08-30T23:27:57.472+0330] {logging_mixin.py:190} INFO - [2026-08-30T23:27:57.471+0330] {dag.py:3239} INFO - Sync 3 DAGs
[2026-08-30T23:27:57.531+0330] {logging_mixin.py:190} INFO - [2026-08-30T23:27:57.531+0330] {dag.py:3262} INFO - Creating ORM DAG for example_subdag_operator.section-1
[2026-08-30T23:27:57.532+0330] {logging_mixin.py:190} INFO - [2026-08-30T23:27:57.532+0330] {dag.py:3262} INFO - Creating ORM DAG for example_subdag_operator
[2026-08-30T23:27:57.533+0330] {logging_mixin.py:190} INFO - [2026-08-30T23:27:57.533+0330] {dag.py:3262} INFO - Creating ORM DAG for example_subdag_operator.section-2
[2026-08-30T23:27:57.546+0330] {logging_mixin.py:190} INFO - [2026-08-30T23:27:57.545+0330] {dag.py:4180} INFO - Setting next_dagrun for example_subdag_operator to 2022-01-01 00:00:00+00:00, run_after=2022-01-01 00:00:00+00:00
[2026-08-30T23:27:57.546+0330] {logging_mixin.py:190} INFO - [2026-08-30T23:27:57.546+0330] {dag.py:4180} INFO - Setting next_dagrun for example_subdag_operator.section-1 to None, run_after=None
[2026-08-30T23:27:57.547+0330] {logging_mixin.py:190} INFO - [2026-08-30T23:27:57.547+0330] {dag.py:4180} INFO - Setting next_dagrun for example_subdag_operator.section-2 to None, run_after=None
[2026-08-30T23:27:57.553+0330] {logging_mixin.py:190} INFO - [2026-08-30T23:27:57.553+0330] {dag.py:3239} INFO - Sync 2 DAGs
[2026-08-30T23:27:57.561+0330] {logging_mixin.py:190} INFO - [2026-08-30T23:27:57.561+0330] {dag.py:4180} INFO - Setting next_dagrun for example_subdag_operator.section-1 to None, run_after=None
[2026-08-30T23:27:57.565+0330] {logging_mixin.py:190} INFO - [2026-08-30T23:27:57.565+0330] {dag.py:4180} INFO - Setting next_dagrun for example_subdag_operator.section-2 to None, run_after=None
[2026-08-30T23:27:57.645+0330] {processor.py:208} INFO - Processing /home/mmirnezamina/de_final_project/airflowenv/lib/python3.10/site-packages/airflow/example_dags/example_subdag_operator.py took 1.136 seconds
