[2026-08-30T23:13:53.859+0330] {processor.py:186} INFO - Started process (PID=13202) to work on /home/mmirnezamina/de_final_project/airflowenv/lib/python3.10/site-packages/airflow/example_dags/example_dataset_alias.py
[2026-08-30T23:13:53.862+0330] {processor.py:914} INFO - Processing file /home/mmirnezamina/de_final_project/airflowenv/lib/python3.10/site-packages/airflow/example_dags/example_dataset_alias.py for tasks to queue
[2026-08-30T23:13:53.865+0330] {logging_mixin.py:190} INFO - [2026-08-30T23:13:53.864+0330] {dagbag.py:588} INFO - Filling up the DagBag from /home/mmirnezamina/de_final_project/airflowenv/lib/python3.10/site-packages/airflow/example_dags/example_dataset_alias.py
[2026-08-30T23:13:53.954+0330] {processor.py:925} INFO - DAG(s) 'dataset_s3_bucket_consumer', 'dataset_alias_example_alias_consumer', 'dataset_alias_example_alias_producer', 'dataset_s3_bucket_producer' retrieved from /home/mmirnezamina/de_final_project/airflowenv/lib/python3.10/site-packages/airflow/example_dags/example_dataset_alias.py
[2026-08-30T23:13:54.232+0330] {logging_mixin.py:190} INFO - [2026-08-30T23:13:54.230+0330] {override.py:1930} INFO - Created Permission View: can edit on DAG:dataset_s3_bucket_consumer
[2026-08-30T23:13:54.259+0330] {logging_mixin.py:190} INFO - [2026-08-30T23:13:54.258+0330] {override.py:1930} INFO - Created Permission View: can read on DAG:dataset_s3_bucket_consumer
[2026-08-30T23:13:54.282+0330] {logging_mixin.py:190} INFO - [2026-08-30T23:13:54.282+0330] {override.py:1930} INFO - Created Permission View: can delete on DAG:dataset_s3_bucket_consumer
[2026-08-30T23:13:54.309+0330] {logging_mixin.py:190} INFO - [2026-08-30T23:13:54.308+0330] {override.py:1930} INFO - Created Permission View: menu access on DAG Run:dataset_s3_bucket_consumer
[2026-08-30T23:13:54.330+0330] {logging_mixin.py:190} INFO - [2026-08-30T23:13:54.330+0330] {override.py:1930} INFO - Created Permission View: can create on DAG Run:dataset_s3_bucket_consumer
[2026-08-30T23:13:54.349+0330] {logging_mixin.py:190} INFO - [2026-08-30T23:13:54.349+0330] {override.py:1930} INFO - Created Permission View: can read on DAG Run:dataset_s3_bucket_consumer
[2026-08-30T23:13:54.373+0330] {logging_mixin.py:190} INFO - [2026-08-30T23:13:54.372+0330] {override.py:1930} INFO - Created Permission View: can delete on DAG Run:dataset_s3_bucket_consumer
[2026-08-30T23:13:54.412+0330] {logging_mixin.py:190} INFO - [2026-08-30T23:13:54.411+0330] {override.py:1930} INFO - Created Permission View: can edit on DAG:dataset_alias_example_alias_consumer
[2026-08-30T23:13:54.431+0330] {logging_mixin.py:190} INFO - [2026-08-30T23:13:54.430+0330] {override.py:1930} INFO - Created Permission View: can read on DAG:dataset_alias_example_alias_consumer
[2026-08-30T23:13:54.448+0330] {logging_mixin.py:190} INFO - [2026-08-30T23:13:54.448+0330] {override.py:1930} INFO - Created Permission View: can delete on DAG:dataset_alias_example_alias_consumer
[2026-08-30T23:13:54.470+0330] {logging_mixin.py:190} INFO - [2026-08-30T23:13:54.470+0330] {override.py:1930} INFO - Created Permission View: menu access on DAG Run:dataset_alias_example_alias_consumer
[2026-08-30T23:13:54.489+0330] {logging_mixin.py:190} INFO - [2026-08-30T23:13:54.488+0330] {override.py:1930} INFO - Created Permission View: can create on DAG Run:dataset_alias_example_alias_consumer
[2026-08-30T23:13:54.507+0330] {logging_mixin.py:190} INFO - [2026-08-30T23:13:54.506+0330] {override.py:1930} INFO - Created Permission View: can read on DAG Run:dataset_alias_example_alias_consumer
[2026-08-30T23:13:54.525+0330] {logging_mixin.py:190} INFO - [2026-08-30T23:13:54.525+0330] {override.py:1930} INFO - Created Permission View: can delete on DAG Run:dataset_alias_example_alias_consumer
[2026-08-30T23:13:54.563+0330] {logging_mixin.py:190} INFO - [2026-08-30T23:13:54.562+0330] {override.py:1930} INFO - Created Permission View: can edit on DAG:dataset_alias_example_alias_producer
[2026-08-30T23:13:54.582+0330] {logging_mixin.py:190} INFO - [2026-08-30T23:13:54.581+0330] {override.py:1930} INFO - Created Permission View: can read on DAG:dataset_alias_example_alias_producer
[2026-08-30T23:13:54.602+0330] {logging_mixin.py:190} INFO - [2026-08-30T23:13:54.601+0330] {override.py:1930} INFO - Created Permission View: can delete on DAG:dataset_alias_example_alias_producer
[2026-08-30T23:13:54.628+0330] {logging_mixin.py:190} INFO - [2026-08-30T23:13:54.628+0330] {override.py:1930} INFO - Created Permission View: menu access on DAG Run:dataset_alias_example_alias_producer
[2026-08-30T23:13:54.650+0330] {logging_mixin.py:190} INFO - [2026-08-30T23:13:54.649+0330] {override.py:1930} INFO - Created Permission View: can create on DAG Run:dataset_alias_example_alias_producer
[2026-08-30T23:13:54.674+0330] {logging_mixin.py:190} INFO - [2026-08-30T23:13:54.672+0330] {override.py:1930} INFO - Created Permission View: can read on DAG Run:dataset_alias_example_alias_producer
[2026-08-30T23:13:54.698+0330] {logging_mixin.py:190} INFO - [2026-08-30T23:13:54.697+0330] {override.py:1930} INFO - Created Permission View: can delete on DAG Run:dataset_alias_example_alias_producer
[2026-08-30T23:13:54.737+0330] {logging_mixin.py:190} INFO - [2026-08-30T23:13:54.736+0330] {override.py:1930} INFO - Created Permission View: can edit on DAG:dataset_s3_bucket_producer
[2026-08-30T23:13:54.761+0330] {logging_mixin.py:190} INFO - [2026-08-30T23:13:54.760+0330] {override.py:1930} INFO - Created Permission View: can read on DAG:dataset_s3_bucket_producer
[2026-08-30T23:13:54.785+0330] {logging_mixin.py:190} INFO - [2026-08-30T23:13:54.785+0330] {override.py:1930} INFO - Created Permission View: can delete on DAG:dataset_s3_bucket_producer
[2026-08-30T23:13:54.812+0330] {logging_mixin.py:190} INFO - [2026-08-30T23:13:54.811+0330] {override.py:1930} INFO - Created Permission View: menu access on DAG Run:dataset_s3_bucket_producer
[2026-08-30T23:13:54.829+0330] {logging_mixin.py:190} INFO - [2026-08-30T23:13:54.829+0330] {override.py:1930} INFO - Created Permission View: can create on DAG Run:dataset_s3_bucket_producer
[2026-08-30T23:13:54.848+0330] {logging_mixin.py:190} INFO - [2026-08-30T23:13:54.847+0330] {override.py:1930} INFO - Created Permission View: can read on DAG Run:dataset_s3_bucket_producer
[2026-08-30T23:13:54.864+0330] {logging_mixin.py:190} INFO - [2026-08-30T23:13:54.864+0330] {override.py:1930} INFO - Created Permission View: can delete on DAG Run:dataset_s3_bucket_producer
[2026-08-30T23:13:54.865+0330] {logging_mixin.py:190} INFO - [2026-08-30T23:13:54.865+0330] {dag.py:3239} INFO - Sync 4 DAGs
[2026-08-30T23:13:54.891+0330] {logging_mixin.py:190} INFO - [2026-08-30T23:13:54.890+0330] {dag.py:3262} INFO - Creating ORM DAG for dataset_s3_bucket_consumer
[2026-08-30T23:13:54.892+0330] {logging_mixin.py:190} INFO - [2026-08-30T23:13:54.892+0330] {dag.py:3262} INFO - Creating ORM DAG for dataset_s3_bucket_producer
[2026-08-30T23:13:54.893+0330] {logging_mixin.py:190} INFO - [2026-08-30T23:13:54.893+0330] {dag.py:3262} INFO - Creating ORM DAG for dataset_alias_example_alias_consumer
[2026-08-30T23:13:54.894+0330] {logging_mixin.py:190} INFO - [2026-08-30T23:13:54.894+0330] {dag.py:3262} INFO - Creating ORM DAG for dataset_alias_example_alias_producer
[2026-08-30T23:13:54.920+0330] {logging_mixin.py:190} INFO - [2026-08-30T23:13:54.919+0330] {dag.py:4180} INFO - Setting next_dagrun for dataset_alias_example_alias_consumer to None, run_after=None
[2026-08-30T23:13:54.922+0330] {logging_mixin.py:190} INFO - [2026-08-30T23:13:54.922+0330] {dag.py:4180} INFO - Setting next_dagrun for dataset_alias_example_alias_producer to None, run_after=None
[2026-08-30T23:13:54.924+0330] {logging_mixin.py:190} INFO - [2026-08-30T23:13:54.923+0330] {dag.py:4180} INFO - Setting next_dagrun for dataset_s3_bucket_consumer to None, run_after=None
[2026-08-30T23:13:54.925+0330] {logging_mixin.py:190} INFO - [2026-08-30T23:13:54.924+0330] {dag.py:4180} INFO - Setting next_dagrun for dataset_s3_bucket_producer to None, run_after=None
[2026-08-30T23:13:55.036+0330] {processor.py:208} INFO - Processing /home/mmirnezamina/de_final_project/airflowenv/lib/python3.10/site-packages/airflow/example_dags/example_dataset_alias.py took 1.199 seconds
[2026-08-30T23:14:25.742+0330] {processor.py:186} INFO - Started process (PID=13325) to work on /home/mmirnezamina/de_final_project/airflowenv/lib/python3.10/site-packages/airflow/example_dags/example_dataset_alias.py
[2026-08-30T23:14:25.743+0330] {processor.py:914} INFO - Processing file /home/mmirnezamina/de_final_project/airflowenv/lib/python3.10/site-packages/airflow/example_dags/example_dataset_alias.py for tasks to queue
[2026-08-30T23:14:25.744+0330] {logging_mixin.py:190} INFO - [2026-08-30T23:14:25.744+0330] {dagbag.py:588} INFO - Filling up the DagBag from /home/mmirnezamina/de_final_project/airflowenv/lib/python3.10/site-packages/airflow/example_dags/example_dataset_alias.py
[2026-08-30T23:14:25.784+0330] {processor.py:925} INFO - DAG(s) 'dataset_s3_bucket_producer', 'dataset_s3_bucket_consumer', 'dataset_alias_example_alias_producer', 'dataset_alias_example_alias_consumer' retrieved from /home/mmirnezamina/de_final_project/airflowenv/lib/python3.10/site-packages/airflow/example_dags/example_dataset_alias.py
[2026-08-30T23:14:25.811+0330] {logging_mixin.py:190} INFO - [2026-08-30T23:14:25.811+0330] {dag.py:3239} INFO - Sync 4 DAGs
[2026-08-30T23:14:25.838+0330] {logging_mixin.py:190} INFO - [2026-08-30T23:14:25.837+0330] {dag.py:4180} INFO - Setting next_dagrun for dataset_alias_example_alias_consumer to None, run_after=None
[2026-08-30T23:14:25.841+0330] {logging_mixin.py:190} INFO - [2026-08-30T23:14:25.840+0330] {dag.py:4180} INFO - Setting next_dagrun for dataset_alias_example_alias_producer to None, run_after=None
[2026-08-30T23:14:25.842+0330] {logging_mixin.py:190} INFO - [2026-08-30T23:14:25.842+0330] {dag.py:4180} INFO - Setting next_dagrun for dataset_s3_bucket_consumer to None, run_after=None
[2026-08-30T23:14:25.843+0330] {logging_mixin.py:190} INFO - [2026-08-30T23:14:25.843+0330] {dag.py:4180} INFO - Setting next_dagrun for dataset_s3_bucket_producer to None, run_after=None
[2026-08-30T23:14:25.876+0330] {processor.py:208} INFO - Processing /home/mmirnezamina/de_final_project/airflowenv/lib/python3.10/site-packages/airflow/example_dags/example_dataset_alias.py took 0.145 seconds
[2026-08-30T23:14:56.570+0330] {processor.py:186} INFO - Started process (PID=13442) to work on /home/mmirnezamina/de_final_project/airflowenv/lib/python3.10/site-packages/airflow/example_dags/example_dataset_alias.py
[2026-08-30T23:14:56.573+0330] {processor.py:914} INFO - Processing file /home/mmirnezamina/de_final_project/airflowenv/lib/python3.10/site-packages/airflow/example_dags/example_dataset_alias.py for tasks to queue
[2026-08-30T23:14:56.577+0330] {logging_mixin.py:190} INFO - [2026-08-30T23:14:56.576+0330] {dagbag.py:588} INFO - Filling up the DagBag from /home/mmirnezamina/de_final_project/airflowenv/lib/python3.10/site-packages/airflow/example_dags/example_dataset_alias.py
[2026-08-30T23:14:56.721+0330] {processor.py:925} INFO - DAG(s) 'dataset_alias_example_alias_consumer', 'dataset_alias_example_alias_producer', 'dataset_s3_bucket_consumer', 'dataset_s3_bucket_producer' retrieved from /home/mmirnezamina/de_final_project/airflowenv/lib/python3.10/site-packages/airflow/example_dags/example_dataset_alias.py
[2026-08-30T23:14:56.885+0330] {logging_mixin.py:190} INFO - [2026-08-30T23:14:56.882+0330] {dag.py:3239} INFO - Sync 4 DAGs
[2026-08-30T23:14:56.999+0330] {logging_mixin.py:190} INFO - [2026-08-30T23:14:56.998+0330] {dag.py:4180} INFO - Setting next_dagrun for dataset_alias_example_alias_consumer to None, run_after=None
[2026-08-30T23:14:57.012+0330] {logging_mixin.py:190} INFO - [2026-08-30T23:14:57.010+0330] {dag.py:4180} INFO - Setting next_dagrun for dataset_alias_example_alias_producer to None, run_after=None
[2026-08-30T23:14:57.018+0330] {logging_mixin.py:190} INFO - [2026-08-30T23:14:57.017+0330] {dag.py:4180} INFO - Setting next_dagrun for dataset_s3_bucket_consumer to None, run_after=None
[2026-08-30T23:14:57.025+0330] {logging_mixin.py:190} INFO - [2026-08-30T23:14:57.024+0330] {dag.py:4180} INFO - Setting next_dagrun for dataset_s3_bucket_producer to None, run_after=None
[2026-08-30T23:14:57.126+0330] {processor.py:208} INFO - Processing /home/mmirnezamina/de_final_project/airflowenv/lib/python3.10/site-packages/airflow/example_dags/example_dataset_alias.py took 0.593 seconds
[2026-08-30T23:15:28.050+0330] {processor.py:186} INFO - Started process (PID=13563) to work on /home/mmirnezamina/de_final_project/airflowenv/lib/python3.10/site-packages/airflow/example_dags/example_dataset_alias.py
[2026-08-30T23:15:28.065+0330] {processor.py:914} INFO - Processing file /home/mmirnezamina/de_final_project/airflowenv/lib/python3.10/site-packages/airflow/example_dags/example_dataset_alias.py for tasks to queue
[2026-08-30T23:15:28.082+0330] {logging_mixin.py:190} INFO - [2026-08-30T23:15:28.080+0330] {dagbag.py:588} INFO - Filling up the DagBag from /home/mmirnezamina/de_final_project/airflowenv/lib/python3.10/site-packages/airflow/example_dags/example_dataset_alias.py
[2026-08-30T23:15:28.454+0330] {processor.py:925} INFO - DAG(s) 'dataset_s3_bucket_consumer', 'dataset_alias_example_alias_consumer', 'dataset_alias_example_alias_producer', 'dataset_s3_bucket_producer' retrieved from /home/mmirnezamina/de_final_project/airflowenv/lib/python3.10/site-packages/airflow/example_dags/example_dataset_alias.py
[2026-08-30T23:15:28.668+0330] {logging_mixin.py:190} INFO - [2026-08-30T23:15:28.667+0330] {dag.py:3239} INFO - Sync 4 DAGs
[2026-08-30T23:15:28.799+0330] {logging_mixin.py:190} INFO - [2026-08-30T23:15:28.798+0330] {dag.py:4180} INFO - Setting next_dagrun for dataset_alias_example_alias_consumer to None, run_after=None
[2026-08-30T23:15:28.821+0330] {logging_mixin.py:190} INFO - [2026-08-30T23:15:28.820+0330] {dag.py:4180} INFO - Setting next_dagrun for dataset_alias_example_alias_producer to None, run_after=None
[2026-08-30T23:15:28.828+0330] {logging_mixin.py:190} INFO - [2026-08-30T23:15:28.826+0330] {dag.py:4180} INFO - Setting next_dagrun for dataset_s3_bucket_consumer to None, run_after=None
[2026-08-30T23:15:28.841+0330] {logging_mixin.py:190} INFO - [2026-08-30T23:15:28.840+0330] {dag.py:4180} INFO - Setting next_dagrun for dataset_s3_bucket_producer to None, run_after=None
[2026-08-30T23:15:29.064+0330] {processor.py:208} INFO - Processing /home/mmirnezamina/de_final_project/airflowenv/lib/python3.10/site-packages/airflow/example_dags/example_dataset_alias.py took 1.123 seconds
[2026-08-30T23:15:59.750+0330] {processor.py:186} INFO - Started process (PID=13682) to work on /home/mmirnezamina/de_final_project/airflowenv/lib/python3.10/site-packages/airflow/example_dags/example_dataset_alias.py
[2026-08-30T23:15:59.752+0330] {processor.py:914} INFO - Processing file /home/mmirnezamina/de_final_project/airflowenv/lib/python3.10/site-packages/airflow/example_dags/example_dataset_alias.py for tasks to queue
[2026-08-30T23:15:59.753+0330] {logging_mixin.py:190} INFO - [2026-08-30T23:15:59.753+0330] {dagbag.py:588} INFO - Filling up the DagBag from /home/mmirnezamina/de_final_project/airflowenv/lib/python3.10/site-packages/airflow/example_dags/example_dataset_alias.py
[2026-08-30T23:15:59.800+0330] {processor.py:925} INFO - DAG(s) 'dataset_s3_bucket_producer', 'dataset_alias_example_alias_producer', 'dataset_s3_bucket_consumer', 'dataset_alias_example_alias_consumer' retrieved from /home/mmirnezamina/de_final_project/airflowenv/lib/python3.10/site-packages/airflow/example_dags/example_dataset_alias.py
[2026-08-30T23:15:59.841+0330] {logging_mixin.py:190} INFO - [2026-08-30T23:15:59.841+0330] {dag.py:3239} INFO - Sync 4 DAGs
[2026-08-30T23:15:59.884+0330] {logging_mixin.py:190} INFO - [2026-08-30T23:15:59.883+0330] {dag.py:4180} INFO - Setting next_dagrun for dataset_alias_example_alias_consumer to None, run_after=None
[2026-08-30T23:15:59.893+0330] {logging_mixin.py:190} INFO - [2026-08-30T23:15:59.890+0330] {dag.py:4180} INFO - Setting next_dagrun for dataset_alias_example_alias_producer to None, run_after=None
[2026-08-30T23:15:59.897+0330] {logging_mixin.py:190} INFO - [2026-08-30T23:15:59.897+0330] {dag.py:4180} INFO - Setting next_dagrun for dataset_s3_bucket_consumer to None, run_after=None
[2026-08-30T23:15:59.899+0330] {logging_mixin.py:190} INFO - [2026-08-30T23:15:59.899+0330] {dag.py:4180} INFO - Setting next_dagrun for dataset_s3_bucket_producer to None, run_after=None
[2026-08-30T23:15:59.961+0330] {processor.py:208} INFO - Processing /home/mmirnezamina/de_final_project/airflowenv/lib/python3.10/site-packages/airflow/example_dags/example_dataset_alias.py took 0.224 seconds
[2026-08-30T23:16:30.174+0330] {processor.py:186} INFO - Started process (PID=13800) to work on /home/mmirnezamina/de_final_project/airflowenv/lib/python3.10/site-packages/airflow/example_dags/example_dataset_alias.py
[2026-08-30T23:16:30.175+0330] {processor.py:914} INFO - Processing file /home/mmirnezamina/de_final_project/airflowenv/lib/python3.10/site-packages/airflow/example_dags/example_dataset_alias.py for tasks to queue
[2026-08-30T23:16:30.176+0330] {logging_mixin.py:190} INFO - [2026-08-30T23:16:30.176+0330] {dagbag.py:588} INFO - Filling up the DagBag from /home/mmirnezamina/de_final_project/airflowenv/lib/python3.10/site-packages/airflow/example_dags/example_dataset_alias.py
[2026-08-30T23:16:30.221+0330] {processor.py:925} INFO - DAG(s) 'dataset_alias_example_alias_consumer', 'dataset_s3_bucket_consumer', 'dataset_alias_example_alias_producer', 'dataset_s3_bucket_producer' retrieved from /home/mmirnezamina/de_final_project/airflowenv/lib/python3.10/site-packages/airflow/example_dags/example_dataset_alias.py
[2026-08-30T23:16:30.247+0330] {logging_mixin.py:190} INFO - [2026-08-30T23:16:30.247+0330] {dag.py:3239} INFO - Sync 4 DAGs
[2026-08-30T23:16:30.274+0330] {logging_mixin.py:190} INFO - [2026-08-30T23:16:30.274+0330] {dag.py:4180} INFO - Setting next_dagrun for dataset_alias_example_alias_consumer to None, run_after=None
[2026-08-30T23:16:30.278+0330] {logging_mixin.py:190} INFO - [2026-08-30T23:16:30.277+0330] {dag.py:4180} INFO - Setting next_dagrun for dataset_alias_example_alias_producer to None, run_after=None
[2026-08-30T23:16:30.280+0330] {logging_mixin.py:190} INFO - [2026-08-30T23:16:30.279+0330] {dag.py:4180} INFO - Setting next_dagrun for dataset_s3_bucket_consumer to None, run_after=None
[2026-08-30T23:16:30.281+0330] {logging_mixin.py:190} INFO - [2026-08-30T23:16:30.281+0330] {dag.py:4180} INFO - Setting next_dagrun for dataset_s3_bucket_producer to None, run_after=None
[2026-08-30T23:16:30.310+0330] {processor.py:208} INFO - Processing /home/mmirnezamina/de_final_project/airflowenv/lib/python3.10/site-packages/airflow/example_dags/example_dataset_alias.py took 0.148 seconds
[2026-08-30T23:17:00.497+0330] {processor.py:186} INFO - Started process (PID=13961) to work on /home/mmirnezamina/de_final_project/airflowenv/lib/python3.10/site-packages/airflow/example_dags/example_dataset_alias.py
[2026-08-30T23:17:00.508+0330] {processor.py:914} INFO - Processing file /home/mmirnezamina/de_final_project/airflowenv/lib/python3.10/site-packages/airflow/example_dags/example_dataset_alias.py for tasks to queue
[2026-08-30T23:17:00.512+0330] {logging_mixin.py:190} INFO - [2026-08-30T23:17:00.511+0330] {dagbag.py:588} INFO - Filling up the DagBag from /home/mmirnezamina/de_final_project/airflowenv/lib/python3.10/site-packages/airflow/example_dags/example_dataset_alias.py
[2026-08-30T23:17:00.725+0330] {processor.py:925} INFO - DAG(s) 'dataset_alias_example_alias_producer', 'dataset_s3_bucket_consumer', 'dataset_s3_bucket_producer', 'dataset_alias_example_alias_consumer' retrieved from /home/mmirnezamina/de_final_project/airflowenv/lib/python3.10/site-packages/airflow/example_dags/example_dataset_alias.py
[2026-08-30T23:17:00.877+0330] {logging_mixin.py:190} INFO - [2026-08-30T23:17:00.876+0330] {dag.py:3239} INFO - Sync 4 DAGs
[2026-08-30T23:17:00.985+0330] {logging_mixin.py:190} INFO - [2026-08-30T23:17:00.984+0330] {dag.py:4180} INFO - Setting next_dagrun for dataset_alias_example_alias_consumer to None, run_after=None
[2026-08-30T23:17:00.998+0330] {logging_mixin.py:190} INFO - [2026-08-30T23:17:00.998+0330] {dag.py:4180} INFO - Setting next_dagrun for dataset_alias_example_alias_producer to None, run_after=None
[2026-08-30T23:17:01.005+0330] {logging_mixin.py:190} INFO - [2026-08-30T23:17:01.004+0330] {dag.py:4180} INFO - Setting next_dagrun for dataset_s3_bucket_consumer to None, run_after=None
[2026-08-30T23:17:01.011+0330] {logging_mixin.py:190} INFO - [2026-08-30T23:17:01.010+0330] {dag.py:4180} INFO - Setting next_dagrun for dataset_s3_bucket_producer to None, run_after=None
[2026-08-30T23:17:01.157+0330] {processor.py:208} INFO - Processing /home/mmirnezamina/de_final_project/airflowenv/lib/python3.10/site-packages/airflow/example_dags/example_dataset_alias.py took 0.701 seconds
[2026-08-30T23:17:31.281+0330] {processor.py:186} INFO - Started process (PID=14093) to work on /home/mmirnezamina/de_final_project/airflowenv/lib/python3.10/site-packages/airflow/example_dags/example_dataset_alias.py
[2026-08-30T23:17:31.287+0330] {processor.py:914} INFO - Processing file /home/mmirnezamina/de_final_project/airflowenv/lib/python3.10/site-packages/airflow/example_dags/example_dataset_alias.py for tasks to queue
[2026-08-30T23:17:31.292+0330] {logging_mixin.py:190} INFO - [2026-08-30T23:17:31.291+0330] {dagbag.py:588} INFO - Filling up the DagBag from /home/mmirnezamina/de_final_project/airflowenv/lib/python3.10/site-packages/airflow/example_dags/example_dataset_alias.py
[2026-08-30T23:17:31.497+0330] {processor.py:925} INFO - DAG(s) 'dataset_alias_example_alias_consumer', 'dataset_alias_example_alias_producer', 'dataset_s3_bucket_consumer', 'dataset_s3_bucket_producer' retrieved from /home/mmirnezamina/de_final_project/airflowenv/lib/python3.10/site-packages/airflow/example_dags/example_dataset_alias.py
[2026-08-30T23:17:31.658+0330] {logging_mixin.py:190} INFO - [2026-08-30T23:17:31.657+0330] {dag.py:3239} INFO - Sync 4 DAGs
[2026-08-30T23:17:31.873+0330] {logging_mixin.py:190} INFO - [2026-08-30T23:17:31.866+0330] {dag.py:4180} INFO - Setting next_dagrun for dataset_alias_example_alias_consumer to None, run_after=None
[2026-08-30T23:17:31.894+0330] {logging_mixin.py:190} INFO - [2026-08-30T23:17:31.893+0330] {dag.py:4180} INFO - Setting next_dagrun for dataset_alias_example_alias_producer to None, run_after=None
[2026-08-30T23:17:31.902+0330] {logging_mixin.py:190} INFO - [2026-08-30T23:17:31.900+0330] {dag.py:4180} INFO - Setting next_dagrun for dataset_s3_bucket_consumer to None, run_after=None
[2026-08-30T23:17:31.909+0330] {logging_mixin.py:190} INFO - [2026-08-30T23:17:31.908+0330] {dag.py:4180} INFO - Setting next_dagrun for dataset_s3_bucket_producer to None, run_after=None
[2026-08-30T23:17:32.097+0330] {processor.py:208} INFO - Processing /home/mmirnezamina/de_final_project/airflowenv/lib/python3.10/site-packages/airflow/example_dags/example_dataset_alias.py took 0.856 seconds
[2026-08-30T23:18:02.849+0330] {processor.py:186} INFO - Started process (PID=14213) to work on /home/mmirnezamina/de_final_project/airflowenv/lib/python3.10/site-packages/airflow/example_dags/example_dataset_alias.py
[2026-08-30T23:18:02.852+0330] {processor.py:914} INFO - Processing file /home/mmirnezamina/de_final_project/airflowenv/lib/python3.10/site-packages/airflow/example_dags/example_dataset_alias.py for tasks to queue
[2026-08-30T23:18:02.857+0330] {logging_mixin.py:190} INFO - [2026-08-30T23:18:02.855+0330] {dagbag.py:588} INFO - Filling up the DagBag from /home/mmirnezamina/de_final_project/airflowenv/lib/python3.10/site-packages/airflow/example_dags/example_dataset_alias.py
[2026-08-30T23:18:02.967+0330] {processor.py:925} INFO - DAG(s) 'dataset_s3_bucket_producer', 'dataset_s3_bucket_consumer', 'dataset_alias_example_alias_producer', 'dataset_alias_example_alias_consumer' retrieved from /home/mmirnezamina/de_final_project/airflowenv/lib/python3.10/site-packages/airflow/example_dags/example_dataset_alias.py
[2026-08-30T23:18:03.051+0330] {logging_mixin.py:190} INFO - [2026-08-30T23:18:03.050+0330] {dag.py:3239} INFO - Sync 4 DAGs
[2026-08-30T23:18:03.140+0330] {logging_mixin.py:190} INFO - [2026-08-30T23:18:03.139+0330] {dag.py:4180} INFO - Setting next_dagrun for dataset_alias_example_alias_consumer to None, run_after=None
[2026-08-30T23:18:03.153+0330] {logging_mixin.py:190} INFO - [2026-08-30T23:18:03.152+0330] {dag.py:4180} INFO - Setting next_dagrun for dataset_alias_example_alias_producer to None, run_after=None
[2026-08-30T23:18:03.158+0330] {logging_mixin.py:190} INFO - [2026-08-30T23:18:03.158+0330] {dag.py:4180} INFO - Setting next_dagrun for dataset_s3_bucket_consumer to None, run_after=None
[2026-08-30T23:18:03.162+0330] {logging_mixin.py:190} INFO - [2026-08-30T23:18:03.161+0330] {dag.py:4180} INFO - Setting next_dagrun for dataset_s3_bucket_producer to None, run_after=None
[2026-08-30T23:18:03.226+0330] {processor.py:208} INFO - Processing /home/mmirnezamina/de_final_project/airflowenv/lib/python3.10/site-packages/airflow/example_dags/example_dataset_alias.py took 0.442 seconds
[2026-08-30T23:18:34.113+0330] {processor.py:186} INFO - Started process (PID=14332) to work on /home/mmirnezamina/de_final_project/airflowenv/lib/python3.10/site-packages/airflow/example_dags/example_dataset_alias.py
[2026-08-30T23:18:34.114+0330] {processor.py:914} INFO - Processing file /home/mmirnezamina/de_final_project/airflowenv/lib/python3.10/site-packages/airflow/example_dags/example_dataset_alias.py for tasks to queue
[2026-08-30T23:18:34.115+0330] {logging_mixin.py:190} INFO - [2026-08-30T23:18:34.115+0330] {dagbag.py:588} INFO - Filling up the DagBag from /home/mmirnezamina/de_final_project/airflowenv/lib/python3.10/site-packages/airflow/example_dags/example_dataset_alias.py
[2026-08-30T23:18:34.158+0330] {processor.py:925} INFO - DAG(s) 'dataset_s3_bucket_consumer', 'dataset_alias_example_alias_producer', 'dataset_s3_bucket_producer', 'dataset_alias_example_alias_consumer' retrieved from /home/mmirnezamina/de_final_project/airflowenv/lib/python3.10/site-packages/airflow/example_dags/example_dataset_alias.py
[2026-08-30T23:18:34.185+0330] {logging_mixin.py:190} INFO - [2026-08-30T23:18:34.185+0330] {dag.py:3239} INFO - Sync 4 DAGs
[2026-08-30T23:18:34.210+0330] {logging_mixin.py:190} INFO - [2026-08-30T23:18:34.210+0330] {dag.py:4180} INFO - Setting next_dagrun for dataset_alias_example_alias_consumer to None, run_after=None
[2026-08-30T23:18:34.213+0330] {logging_mixin.py:190} INFO - [2026-08-30T23:18:34.213+0330] {dag.py:4180} INFO - Setting next_dagrun for dataset_alias_example_alias_producer to None, run_after=None
[2026-08-30T23:18:34.215+0330] {logging_mixin.py:190} INFO - [2026-08-30T23:18:34.215+0330] {dag.py:4180} INFO - Setting next_dagrun for dataset_s3_bucket_consumer to None, run_after=None
[2026-08-30T23:18:34.216+0330] {logging_mixin.py:190} INFO - [2026-08-30T23:18:34.216+0330] {dag.py:4180} INFO - Setting next_dagrun for dataset_s3_bucket_producer to None, run_after=None
[2026-08-30T23:18:34.244+0330] {processor.py:208} INFO - Processing /home/mmirnezamina/de_final_project/airflowenv/lib/python3.10/site-packages/airflow/example_dags/example_dataset_alias.py took 0.142 seconds
[2026-08-30T23:19:04.604+0330] {processor.py:186} INFO - Started process (PID=14452) to work on /home/mmirnezamina/de_final_project/airflowenv/lib/python3.10/site-packages/airflow/example_dags/example_dataset_alias.py
[2026-08-30T23:19:04.606+0330] {processor.py:914} INFO - Processing file /home/mmirnezamina/de_final_project/airflowenv/lib/python3.10/site-packages/airflow/example_dags/example_dataset_alias.py for tasks to queue
[2026-08-30T23:19:04.608+0330] {logging_mixin.py:190} INFO - [2026-08-30T23:19:04.607+0330] {dagbag.py:588} INFO - Filling up the DagBag from /home/mmirnezamina/de_final_project/airflowenv/lib/python3.10/site-packages/airflow/example_dags/example_dataset_alias.py
[2026-08-30T23:19:04.654+0330] {processor.py:925} INFO - DAG(s) 'dataset_s3_bucket_producer', 'dataset_alias_example_alias_producer', 'dataset_alias_example_alias_consumer', 'dataset_s3_bucket_consumer' retrieved from /home/mmirnezamina/de_final_project/airflowenv/lib/python3.10/site-packages/airflow/example_dags/example_dataset_alias.py
[2026-08-30T23:19:04.685+0330] {logging_mixin.py:190} INFO - [2026-08-30T23:19:04.684+0330] {dag.py:3239} INFO - Sync 4 DAGs
[2026-08-30T23:19:04.713+0330] {logging_mixin.py:190} INFO - [2026-08-30T23:19:04.712+0330] {dag.py:4180} INFO - Setting next_dagrun for dataset_alias_example_alias_consumer to None, run_after=None
[2026-08-30T23:19:04.716+0330] {logging_mixin.py:190} INFO - [2026-08-30T23:19:04.716+0330] {dag.py:4180} INFO - Setting next_dagrun for dataset_alias_example_alias_producer to None, run_after=None
[2026-08-30T23:19:04.718+0330] {logging_mixin.py:190} INFO - [2026-08-30T23:19:04.718+0330] {dag.py:4180} INFO - Setting next_dagrun for dataset_s3_bucket_consumer to None, run_after=None
[2026-08-30T23:19:04.719+0330] {logging_mixin.py:190} INFO - [2026-08-30T23:19:04.719+0330] {dag.py:4180} INFO - Setting next_dagrun for dataset_s3_bucket_producer to None, run_after=None
[2026-08-30T23:19:04.754+0330] {processor.py:208} INFO - Processing /home/mmirnezamina/de_final_project/airflowenv/lib/python3.10/site-packages/airflow/example_dags/example_dataset_alias.py took 0.160 seconds
[2026-08-30T23:19:34.965+0330] {processor.py:186} INFO - Started process (PID=14569) to work on /home/mmirnezamina/de_final_project/airflowenv/lib/python3.10/site-packages/airflow/example_dags/example_dataset_alias.py
[2026-08-30T23:19:34.966+0330] {processor.py:914} INFO - Processing file /home/mmirnezamina/de_final_project/airflowenv/lib/python3.10/site-packages/airflow/example_dags/example_dataset_alias.py for tasks to queue
[2026-08-30T23:19:34.967+0330] {logging_mixin.py:190} INFO - [2026-08-30T23:19:34.967+0330] {dagbag.py:588} INFO - Filling up the DagBag from /home/mmirnezamina/de_final_project/airflowenv/lib/python3.10/site-packages/airflow/example_dags/example_dataset_alias.py
[2026-08-30T23:19:34.997+0330] {processor.py:925} INFO - DAG(s) 'dataset_alias_example_alias_consumer', 'dataset_alias_example_alias_producer', 'dataset_s3_bucket_producer', 'dataset_s3_bucket_consumer' retrieved from /home/mmirnezamina/de_final_project/airflowenv/lib/python3.10/site-packages/airflow/example_dags/example_dataset_alias.py
[2026-08-30T23:19:35.019+0330] {logging_mixin.py:190} INFO - [2026-08-30T23:19:35.019+0330] {dag.py:3239} INFO - Sync 4 DAGs
[2026-08-30T23:19:35.044+0330] {logging_mixin.py:190} INFO - [2026-08-30T23:19:35.044+0330] {dag.py:4180} INFO - Setting next_dagrun for dataset_alias_example_alias_consumer to None, run_after=None
[2026-08-30T23:19:35.046+0330] {logging_mixin.py:190} INFO - [2026-08-30T23:19:35.046+0330] {dag.py:4180} INFO - Setting next_dagrun for dataset_alias_example_alias_producer to None, run_after=None
[2026-08-30T23:19:35.048+0330] {logging_mixin.py:190} INFO - [2026-08-30T23:19:35.047+0330] {dag.py:4180} INFO - Setting next_dagrun for dataset_s3_bucket_consumer to None, run_after=None
[2026-08-30T23:19:35.049+0330] {logging_mixin.py:190} INFO - [2026-08-30T23:19:35.048+0330] {dag.py:4180} INFO - Setting next_dagrun for dataset_s3_bucket_producer to None, run_after=None
[2026-08-30T23:19:35.073+0330] {processor.py:208} INFO - Processing /home/mmirnezamina/de_final_project/airflowenv/lib/python3.10/site-packages/airflow/example_dags/example_dataset_alias.py took 0.117 seconds
[2026-08-30T23:20:05.538+0330] {processor.py:186} INFO - Started process (PID=14689) to work on /home/mmirnezamina/de_final_project/airflowenv/lib/python3.10/site-packages/airflow/example_dags/example_dataset_alias.py
[2026-08-30T23:20:05.539+0330] {processor.py:914} INFO - Processing file /home/mmirnezamina/de_final_project/airflowenv/lib/python3.10/site-packages/airflow/example_dags/example_dataset_alias.py for tasks to queue
[2026-08-30T23:20:05.540+0330] {logging_mixin.py:190} INFO - [2026-08-30T23:20:05.540+0330] {dagbag.py:588} INFO - Filling up the DagBag from /home/mmirnezamina/de_final_project/airflowenv/lib/python3.10/site-packages/airflow/example_dags/example_dataset_alias.py
[2026-08-30T23:20:05.571+0330] {processor.py:925} INFO - DAG(s) 'dataset_s3_bucket_producer', 'dataset_alias_example_alias_consumer', 'dataset_alias_example_alias_producer', 'dataset_s3_bucket_consumer' retrieved from /home/mmirnezamina/de_final_project/airflowenv/lib/python3.10/site-packages/airflow/example_dags/example_dataset_alias.py
[2026-08-30T23:20:05.595+0330] {logging_mixin.py:190} INFO - [2026-08-30T23:20:05.595+0330] {dag.py:3239} INFO - Sync 4 DAGs
[2026-08-30T23:20:05.621+0330] {logging_mixin.py:190} INFO - [2026-08-30T23:20:05.620+0330] {dag.py:4180} INFO - Setting next_dagrun for dataset_alias_example_alias_consumer to None, run_after=None
[2026-08-30T23:20:05.624+0330] {logging_mixin.py:190} INFO - [2026-08-30T23:20:05.624+0330] {dag.py:4180} INFO - Setting next_dagrun for dataset_alias_example_alias_producer to None, run_after=None
[2026-08-30T23:20:05.625+0330] {logging_mixin.py:190} INFO - [2026-08-30T23:20:05.625+0330] {dag.py:4180} INFO - Setting next_dagrun for dataset_s3_bucket_consumer to None, run_after=None
[2026-08-30T23:20:05.627+0330] {logging_mixin.py:190} INFO - [2026-08-30T23:20:05.626+0330] {dag.py:4180} INFO - Setting next_dagrun for dataset_s3_bucket_producer to None, run_after=None
[2026-08-30T23:20:05.657+0330] {processor.py:208} INFO - Processing /home/mmirnezamina/de_final_project/airflowenv/lib/python3.10/site-packages/airflow/example_dags/example_dataset_alias.py took 0.129 seconds
[2026-08-30T23:20:35.977+0330] {processor.py:186} INFO - Started process (PID=14810) to work on /home/mmirnezamina/de_final_project/airflowenv/lib/python3.10/site-packages/airflow/example_dags/example_dataset_alias.py
[2026-08-30T23:20:35.979+0330] {processor.py:914} INFO - Processing file /home/mmirnezamina/de_final_project/airflowenv/lib/python3.10/site-packages/airflow/example_dags/example_dataset_alias.py for tasks to queue
[2026-08-30T23:20:35.980+0330] {logging_mixin.py:190} INFO - [2026-08-30T23:20:35.980+0330] {dagbag.py:588} INFO - Filling up the DagBag from /home/mmirnezamina/de_final_project/airflowenv/lib/python3.10/site-packages/airflow/example_dags/example_dataset_alias.py
[2026-08-30T23:20:36.010+0330] {processor.py:925} INFO - DAG(s) 'dataset_s3_bucket_producer', 'dataset_s3_bucket_consumer', 'dataset_alias_example_alias_consumer', 'dataset_alias_example_alias_producer' retrieved from /home/mmirnezamina/de_final_project/airflowenv/lib/python3.10/site-packages/airflow/example_dags/example_dataset_alias.py
[2026-08-30T23:20:36.030+0330] {logging_mixin.py:190} INFO - [2026-08-30T23:20:36.030+0330] {dag.py:3239} INFO - Sync 4 DAGs
[2026-08-30T23:20:36.049+0330] {logging_mixin.py:190} INFO - [2026-08-30T23:20:36.049+0330] {dag.py:4180} INFO - Setting next_dagrun for dataset_alias_example_alias_consumer to None, run_after=None
[2026-08-30T23:20:36.052+0330] {logging_mixin.py:190} INFO - [2026-08-30T23:20:36.051+0330] {dag.py:4180} INFO - Setting next_dagrun for dataset_alias_example_alias_producer to None, run_after=None
[2026-08-30T23:20:36.053+0330] {logging_mixin.py:190} INFO - [2026-08-30T23:20:36.053+0330] {dag.py:4180} INFO - Setting next_dagrun for dataset_s3_bucket_consumer to None, run_after=None
[2026-08-30T23:20:36.054+0330] {logging_mixin.py:190} INFO - [2026-08-30T23:20:36.054+0330] {dag.py:4180} INFO - Setting next_dagrun for dataset_s3_bucket_producer to None, run_after=None
[2026-08-30T23:20:36.080+0330] {processor.py:208} INFO - Processing /home/mmirnezamina/de_final_project/airflowenv/lib/python3.10/site-packages/airflow/example_dags/example_dataset_alias.py took 0.110 seconds
[2026-08-30T23:21:06.382+0330] {processor.py:186} INFO - Started process (PID=14930) to work on /home/mmirnezamina/de_final_project/airflowenv/lib/python3.10/site-packages/airflow/example_dags/example_dataset_alias.py
[2026-08-30T23:21:06.383+0330] {processor.py:914} INFO - Processing file /home/mmirnezamina/de_final_project/airflowenv/lib/python3.10/site-packages/airflow/example_dags/example_dataset_alias.py for tasks to queue
[2026-08-30T23:21:06.384+0330] {logging_mixin.py:190} INFO - [2026-08-30T23:21:06.384+0330] {dagbag.py:588} INFO - Filling up the DagBag from /home/mmirnezamina/de_final_project/airflowenv/lib/python3.10/site-packages/airflow/example_dags/example_dataset_alias.py
[2026-08-30T23:21:06.418+0330] {processor.py:925} INFO - DAG(s) 'dataset_alias_example_alias_producer', 'dataset_s3_bucket_producer', 'dataset_s3_bucket_consumer', 'dataset_alias_example_alias_consumer' retrieved from /home/mmirnezamina/de_final_project/airflowenv/lib/python3.10/site-packages/airflow/example_dags/example_dataset_alias.py
[2026-08-30T23:21:06.437+0330] {logging_mixin.py:190} INFO - [2026-08-30T23:21:06.437+0330] {dag.py:3239} INFO - Sync 4 DAGs
[2026-08-30T23:21:06.456+0330] {logging_mixin.py:190} INFO - [2026-08-30T23:21:06.455+0330] {dag.py:4180} INFO - Setting next_dagrun for dataset_alias_example_alias_consumer to None, run_after=None
[2026-08-30T23:21:06.458+0330] {logging_mixin.py:190} INFO - [2026-08-30T23:21:06.458+0330] {dag.py:4180} INFO - Setting next_dagrun for dataset_alias_example_alias_producer to None, run_after=None
[2026-08-30T23:21:06.460+0330] {logging_mixin.py:190} INFO - [2026-08-30T23:21:06.460+0330] {dag.py:4180} INFO - Setting next_dagrun for dataset_s3_bucket_consumer to None, run_after=None
[2026-08-30T23:21:06.461+0330] {logging_mixin.py:190} INFO - [2026-08-30T23:21:06.461+0330] {dag.py:4180} INFO - Setting next_dagrun for dataset_s3_bucket_producer to None, run_after=None
[2026-08-30T23:21:06.487+0330] {processor.py:208} INFO - Processing /home/mmirnezamina/de_final_project/airflowenv/lib/python3.10/site-packages/airflow/example_dags/example_dataset_alias.py took 0.114 seconds
[2026-08-30T23:21:37.175+0330] {processor.py:186} INFO - Started process (PID=15047) to work on /home/mmirnezamina/de_final_project/airflowenv/lib/python3.10/site-packages/airflow/example_dags/example_dataset_alias.py
[2026-08-30T23:21:37.176+0330] {processor.py:914} INFO - Processing file /home/mmirnezamina/de_final_project/airflowenv/lib/python3.10/site-packages/airflow/example_dags/example_dataset_alias.py for tasks to queue
[2026-08-30T23:21:37.178+0330] {logging_mixin.py:190} INFO - [2026-08-30T23:21:37.178+0330] {dagbag.py:588} INFO - Filling up the DagBag from /home/mmirnezamina/de_final_project/airflowenv/lib/python3.10/site-packages/airflow/example_dags/example_dataset_alias.py
[2026-08-30T23:21:37.213+0330] {processor.py:925} INFO - DAG(s) 'dataset_alias_example_alias_producer', 'dataset_s3_bucket_consumer', 'dataset_alias_example_alias_consumer', 'dataset_s3_bucket_producer' retrieved from /home/mmirnezamina/de_final_project/airflowenv/lib/python3.10/site-packages/airflow/example_dags/example_dataset_alias.py
[2026-08-30T23:21:37.235+0330] {logging_mixin.py:190} INFO - [2026-08-30T23:21:37.235+0330] {dag.py:3239} INFO - Sync 4 DAGs
[2026-08-30T23:21:37.259+0330] {logging_mixin.py:190} INFO - [2026-08-30T23:21:37.259+0330] {dag.py:4180} INFO - Setting next_dagrun for dataset_alias_example_alias_consumer to None, run_after=None
[2026-08-30T23:21:37.262+0330] {logging_mixin.py:190} INFO - [2026-08-30T23:21:37.261+0330] {dag.py:4180} INFO - Setting next_dagrun for dataset_alias_example_alias_producer to None, run_after=None
[2026-08-30T23:21:37.263+0330] {logging_mixin.py:190} INFO - [2026-08-30T23:21:37.263+0330] {dag.py:4180} INFO - Setting next_dagrun for dataset_s3_bucket_consumer to None, run_after=None
[2026-08-30T23:21:37.264+0330] {logging_mixin.py:190} INFO - [2026-08-30T23:21:37.264+0330] {dag.py:4180} INFO - Setting next_dagrun for dataset_s3_bucket_producer to None, run_after=None
[2026-08-30T23:21:37.291+0330] {processor.py:208} INFO - Processing /home/mmirnezamina/de_final_project/airflowenv/lib/python3.10/site-packages/airflow/example_dags/example_dataset_alias.py took 0.124 seconds
[2026-08-30T23:22:08.162+0330] {processor.py:186} INFO - Started process (PID=15168) to work on /home/mmirnezamina/de_final_project/airflowenv/lib/python3.10/site-packages/airflow/example_dags/example_dataset_alias.py
[2026-08-30T23:22:08.162+0330] {processor.py:914} INFO - Processing file /home/mmirnezamina/de_final_project/airflowenv/lib/python3.10/site-packages/airflow/example_dags/example_dataset_alias.py for tasks to queue
[2026-08-30T23:22:08.163+0330] {logging_mixin.py:190} INFO - [2026-08-30T23:22:08.163+0330] {dagbag.py:588} INFO - Filling up the DagBag from /home/mmirnezamina/de_final_project/airflowenv/lib/python3.10/site-packages/airflow/example_dags/example_dataset_alias.py
[2026-08-30T23:22:08.192+0330] {processor.py:925} INFO - DAG(s) 'dataset_alias_example_alias_consumer', 'dataset_s3_bucket_producer', 'dataset_s3_bucket_consumer', 'dataset_alias_example_alias_producer' retrieved from /home/mmirnezamina/de_final_project/airflowenv/lib/python3.10/site-packages/airflow/example_dags/example_dataset_alias.py
[2026-08-30T23:22:08.211+0330] {logging_mixin.py:190} INFO - [2026-08-30T23:22:08.210+0330] {dag.py:3239} INFO - Sync 4 DAGs
[2026-08-30T23:22:08.229+0330] {logging_mixin.py:190} INFO - [2026-08-30T23:22:08.228+0330] {dag.py:4180} INFO - Setting next_dagrun for dataset_alias_example_alias_consumer to None, run_after=None
[2026-08-30T23:22:08.231+0330] {logging_mixin.py:190} INFO - [2026-08-30T23:22:08.231+0330] {dag.py:4180} INFO - Setting next_dagrun for dataset_alias_example_alias_producer to None, run_after=None
[2026-08-30T23:22:08.232+0330] {logging_mixin.py:190} INFO - [2026-08-30T23:22:08.232+0330] {dag.py:4180} INFO - Setting next_dagrun for dataset_s3_bucket_consumer to None, run_after=None
[2026-08-30T23:22:08.233+0330] {logging_mixin.py:190} INFO - [2026-08-30T23:22:08.233+0330] {dag.py:4180} INFO - Setting next_dagrun for dataset_s3_bucket_producer to None, run_after=None
[2026-08-30T23:22:08.256+0330] {processor.py:208} INFO - Processing /home/mmirnezamina/de_final_project/airflowenv/lib/python3.10/site-packages/airflow/example_dags/example_dataset_alias.py took 0.102 seconds
[2026-08-30T23:22:38.978+0330] {processor.py:186} INFO - Started process (PID=15288) to work on /home/mmirnezamina/de_final_project/airflowenv/lib/python3.10/site-packages/airflow/example_dags/example_dataset_alias.py
[2026-08-30T23:22:38.980+0330] {processor.py:914} INFO - Processing file /home/mmirnezamina/de_final_project/airflowenv/lib/python3.10/site-packages/airflow/example_dags/example_dataset_alias.py for tasks to queue
[2026-08-30T23:22:38.983+0330] {logging_mixin.py:190} INFO - [2026-08-30T23:22:38.982+0330] {dagbag.py:588} INFO - Filling up the DagBag from /home/mmirnezamina/de_final_project/airflowenv/lib/python3.10/site-packages/airflow/example_dags/example_dataset_alias.py
[2026-08-30T23:22:39.047+0330] {processor.py:925} INFO - DAG(s) 'dataset_s3_bucket_consumer', 'dataset_alias_example_alias_producer', 'dataset_s3_bucket_producer', 'dataset_alias_example_alias_consumer' retrieved from /home/mmirnezamina/de_final_project/airflowenv/lib/python3.10/site-packages/airflow/example_dags/example_dataset_alias.py
[2026-08-30T23:22:39.094+0330] {logging_mixin.py:190} INFO - [2026-08-30T23:22:39.094+0330] {dag.py:3239} INFO - Sync 4 DAGs
[2026-08-30T23:22:39.146+0330] {logging_mixin.py:190} INFO - [2026-08-30T23:22:39.146+0330] {dag.py:4180} INFO - Setting next_dagrun for dataset_alias_example_alias_consumer to None, run_after=None
[2026-08-30T23:22:39.152+0330] {logging_mixin.py:190} INFO - [2026-08-30T23:22:39.151+0330] {dag.py:4180} INFO - Setting next_dagrun for dataset_alias_example_alias_producer to None, run_after=None
[2026-08-30T23:22:39.161+0330] {logging_mixin.py:190} INFO - [2026-08-30T23:22:39.160+0330] {dag.py:4180} INFO - Setting next_dagrun for dataset_s3_bucket_consumer to None, run_after=None
[2026-08-30T23:22:39.164+0330] {logging_mixin.py:190} INFO - [2026-08-30T23:22:39.164+0330] {dag.py:4180} INFO - Setting next_dagrun for dataset_s3_bucket_producer to None, run_after=None
[2026-08-30T23:22:39.223+0330] {processor.py:208} INFO - Processing /home/mmirnezamina/de_final_project/airflowenv/lib/python3.10/site-packages/airflow/example_dags/example_dataset_alias.py took 0.263 seconds
[2026-08-30T23:23:09.623+0330] {processor.py:186} INFO - Started process (PID=15406) to work on /home/mmirnezamina/de_final_project/airflowenv/lib/python3.10/site-packages/airflow/example_dags/example_dataset_alias.py
[2026-08-30T23:23:09.625+0330] {processor.py:914} INFO - Processing file /home/mmirnezamina/de_final_project/airflowenv/lib/python3.10/site-packages/airflow/example_dags/example_dataset_alias.py for tasks to queue
[2026-08-30T23:23:09.631+0330] {logging_mixin.py:190} INFO - [2026-08-30T23:23:09.629+0330] {dagbag.py:588} INFO - Filling up the DagBag from /home/mmirnezamina/de_final_project/airflowenv/lib/python3.10/site-packages/airflow/example_dags/example_dataset_alias.py
[2026-08-30T23:23:09.708+0330] {processor.py:925} INFO - DAG(s) 'dataset_s3_bucket_producer', 'dataset_s3_bucket_consumer', 'dataset_alias_example_alias_consumer', 'dataset_alias_example_alias_producer' retrieved from /home/mmirnezamina/de_final_project/airflowenv/lib/python3.10/site-packages/airflow/example_dags/example_dataset_alias.py
[2026-08-30T23:23:09.765+0330] {logging_mixin.py:190} INFO - [2026-08-30T23:23:09.765+0330] {dag.py:3239} INFO - Sync 4 DAGs
[2026-08-30T23:23:09.837+0330] {logging_mixin.py:190} INFO - [2026-08-30T23:23:09.837+0330] {dag.py:4180} INFO - Setting next_dagrun for dataset_alias_example_alias_consumer to None, run_after=None
[2026-08-30T23:23:09.855+0330] {logging_mixin.py:190} INFO - [2026-08-30T23:23:09.854+0330] {dag.py:4180} INFO - Setting next_dagrun for dataset_alias_example_alias_producer to None, run_after=None
[2026-08-30T23:23:09.859+0330] {logging_mixin.py:190} INFO - [2026-08-30T23:23:09.858+0330] {dag.py:4180} INFO - Setting next_dagrun for dataset_s3_bucket_consumer to None, run_after=None
[2026-08-30T23:23:09.863+0330] {logging_mixin.py:190} INFO - [2026-08-30T23:23:09.863+0330] {dag.py:4180} INFO - Setting next_dagrun for dataset_s3_bucket_producer to None, run_after=None
[2026-08-30T23:23:09.935+0330] {processor.py:208} INFO - Processing /home/mmirnezamina/de_final_project/airflowenv/lib/python3.10/site-packages/airflow/example_dags/example_dataset_alias.py took 0.335 seconds
[2026-08-30T23:23:40.683+0330] {processor.py:186} INFO - Started process (PID=15525) to work on /home/mmirnezamina/de_final_project/airflowenv/lib/python3.10/site-packages/airflow/example_dags/example_dataset_alias.py
[2026-08-30T23:23:40.690+0330] {processor.py:914} INFO - Processing file /home/mmirnezamina/de_final_project/airflowenv/lib/python3.10/site-packages/airflow/example_dags/example_dataset_alias.py for tasks to queue
[2026-08-30T23:23:40.692+0330] {logging_mixin.py:190} INFO - [2026-08-30T23:23:40.692+0330] {dagbag.py:588} INFO - Filling up the DagBag from /home/mmirnezamina/de_final_project/airflowenv/lib/python3.10/site-packages/airflow/example_dags/example_dataset_alias.py
[2026-08-30T23:23:40.729+0330] {processor.py:925} INFO - DAG(s) 'dataset_alias_example_alias_producer', 'dataset_s3_bucket_consumer', 'dataset_alias_example_alias_consumer', 'dataset_s3_bucket_producer' retrieved from /home/mmirnezamina/de_final_project/airflowenv/lib/python3.10/site-packages/airflow/example_dags/example_dataset_alias.py
[2026-08-30T23:23:40.752+0330] {logging_mixin.py:190} INFO - [2026-08-30T23:23:40.752+0330] {dag.py:3239} INFO - Sync 4 DAGs
[2026-08-30T23:23:40.784+0330] {logging_mixin.py:190} INFO - [2026-08-30T23:23:40.783+0330] {dag.py:4180} INFO - Setting next_dagrun for dataset_alias_example_alias_consumer to None, run_after=None
[2026-08-30T23:23:40.788+0330] {logging_mixin.py:190} INFO - [2026-08-30T23:23:40.788+0330] {dag.py:4180} INFO - Setting next_dagrun for dataset_alias_example_alias_producer to None, run_after=None
[2026-08-30T23:23:40.789+0330] {logging_mixin.py:190} INFO - [2026-08-30T23:23:40.789+0330] {dag.py:4180} INFO - Setting next_dagrun for dataset_s3_bucket_consumer to None, run_after=None
[2026-08-30T23:23:40.791+0330] {logging_mixin.py:190} INFO - [2026-08-30T23:23:40.791+0330] {dag.py:4180} INFO - Setting next_dagrun for dataset_s3_bucket_producer to None, run_after=None
[2026-08-30T23:23:40.823+0330] {processor.py:208} INFO - Processing /home/mmirnezamina/de_final_project/airflowenv/lib/python3.10/site-packages/airflow/example_dags/example_dataset_alias.py took 0.148 seconds
[2026-08-30T23:24:10.938+0330] {processor.py:186} INFO - Started process (PID=15644) to work on /home/mmirnezamina/de_final_project/airflowenv/lib/python3.10/site-packages/airflow/example_dags/example_dataset_alias.py
[2026-08-30T23:24:10.940+0330] {processor.py:914} INFO - Processing file /home/mmirnezamina/de_final_project/airflowenv/lib/python3.10/site-packages/airflow/example_dags/example_dataset_alias.py for tasks to queue
[2026-08-30T23:24:10.944+0330] {logging_mixin.py:190} INFO - [2026-08-30T23:24:10.944+0330] {dagbag.py:588} INFO - Filling up the DagBag from /home/mmirnezamina/de_final_project/airflowenv/lib/python3.10/site-packages/airflow/example_dags/example_dataset_alias.py
[2026-08-30T23:24:11.098+0330] {processor.py:925} INFO - DAG(s) 'dataset_alias_example_alias_consumer', 'dataset_s3_bucket_producer', 'dataset_s3_bucket_consumer', 'dataset_alias_example_alias_producer' retrieved from /home/mmirnezamina/de_final_project/airflowenv/lib/python3.10/site-packages/airflow/example_dags/example_dataset_alias.py
[2026-08-30T23:24:11.215+0330] {logging_mixin.py:190} INFO - [2026-08-30T23:24:11.214+0330] {dag.py:3239} INFO - Sync 4 DAGs
[2026-08-30T23:24:11.306+0330] {logging_mixin.py:190} INFO - [2026-08-30T23:24:11.305+0330] {dag.py:4180} INFO - Setting next_dagrun for dataset_alias_example_alias_consumer to None, run_after=None
[2026-08-30T23:24:11.316+0330] {logging_mixin.py:190} INFO - [2026-08-30T23:24:11.315+0330] {dag.py:4180} INFO - Setting next_dagrun for dataset_alias_example_alias_producer to None, run_after=None
[2026-08-30T23:24:11.321+0330] {logging_mixin.py:190} INFO - [2026-08-30T23:24:11.320+0330] {dag.py:4180} INFO - Setting next_dagrun for dataset_s3_bucket_consumer to None, run_after=None
[2026-08-30T23:24:11.325+0330] {logging_mixin.py:190} INFO - [2026-08-30T23:24:11.325+0330] {dag.py:4180} INFO - Setting next_dagrun for dataset_s3_bucket_producer to None, run_after=None
[2026-08-30T23:24:11.412+0330] {processor.py:208} INFO - Processing /home/mmirnezamina/de_final_project/airflowenv/lib/python3.10/site-packages/airflow/example_dags/example_dataset_alias.py took 0.494 seconds
[2026-08-30T23:24:42.185+0330] {processor.py:186} INFO - Started process (PID=15764) to work on /home/mmirnezamina/de_final_project/airflowenv/lib/python3.10/site-packages/airflow/example_dags/example_dataset_alias.py
[2026-08-30T23:24:42.187+0330] {processor.py:914} INFO - Processing file /home/mmirnezamina/de_final_project/airflowenv/lib/python3.10/site-packages/airflow/example_dags/example_dataset_alias.py for tasks to queue
[2026-08-30T23:24:42.190+0330] {logging_mixin.py:190} INFO - [2026-08-30T23:24:42.189+0330] {dagbag.py:588} INFO - Filling up the DagBag from /home/mmirnezamina/de_final_project/airflowenv/lib/python3.10/site-packages/airflow/example_dags/example_dataset_alias.py
[2026-08-30T23:24:42.257+0330] {processor.py:925} INFO - DAG(s) 'dataset_alias_example_alias_consumer', 'dataset_alias_example_alias_producer', 'dataset_s3_bucket_producer', 'dataset_s3_bucket_consumer' retrieved from /home/mmirnezamina/de_final_project/airflowenv/lib/python3.10/site-packages/airflow/example_dags/example_dataset_alias.py
[2026-08-30T23:24:42.296+0330] {logging_mixin.py:190} INFO - [2026-08-30T23:24:42.295+0330] {dag.py:3239} INFO - Sync 4 DAGs
[2026-08-30T23:24:42.333+0330] {logging_mixin.py:190} INFO - [2026-08-30T23:24:42.333+0330] {dag.py:4180} INFO - Setting next_dagrun for dataset_alias_example_alias_consumer to None, run_after=None
[2026-08-30T23:24:42.339+0330] {logging_mixin.py:190} INFO - [2026-08-30T23:24:42.339+0330] {dag.py:4180} INFO - Setting next_dagrun for dataset_alias_example_alias_producer to None, run_after=None
[2026-08-30T23:24:42.342+0330] {logging_mixin.py:190} INFO - [2026-08-30T23:24:42.341+0330] {dag.py:4180} INFO - Setting next_dagrun for dataset_s3_bucket_consumer to None, run_after=None
[2026-08-30T23:24:42.344+0330] {logging_mixin.py:190} INFO - [2026-08-30T23:24:42.344+0330] {dag.py:4180} INFO - Setting next_dagrun for dataset_s3_bucket_producer to None, run_after=None
[2026-08-30T23:24:42.390+0330] {processor.py:208} INFO - Processing /home/mmirnezamina/de_final_project/airflowenv/lib/python3.10/site-packages/airflow/example_dags/example_dataset_alias.py took 0.225 seconds
[2026-08-30T23:25:12.623+0330] {processor.py:186} INFO - Started process (PID=15907) to work on /home/mmirnezamina/de_final_project/airflowenv/lib/python3.10/site-packages/airflow/example_dags/example_dataset_alias.py
[2026-08-30T23:25:12.624+0330] {processor.py:914} INFO - Processing file /home/mmirnezamina/de_final_project/airflowenv/lib/python3.10/site-packages/airflow/example_dags/example_dataset_alias.py for tasks to queue
[2026-08-30T23:25:12.626+0330] {logging_mixin.py:190} INFO - [2026-08-30T23:25:12.625+0330] {dagbag.py:588} INFO - Filling up the DagBag from /home/mmirnezamina/de_final_project/airflowenv/lib/python3.10/site-packages/airflow/example_dags/example_dataset_alias.py
[2026-08-30T23:25:12.674+0330] {processor.py:925} INFO - DAG(s) 'dataset_alias_example_alias_producer', 'dataset_s3_bucket_producer', 'dataset_s3_bucket_consumer', 'dataset_alias_example_alias_consumer' retrieved from /home/mmirnezamina/de_final_project/airflowenv/lib/python3.10/site-packages/airflow/example_dags/example_dataset_alias.py
[2026-08-30T23:25:12.708+0330] {logging_mixin.py:190} INFO - [2026-08-30T23:25:12.707+0330] {dag.py:3239} INFO - Sync 4 DAGs
[2026-08-30T23:25:12.742+0330] {logging_mixin.py:190} INFO - [2026-08-30T23:25:12.742+0330] {dag.py:4180} INFO - Setting next_dagrun for dataset_alias_example_alias_consumer to None, run_after=None
[2026-08-30T23:25:12.746+0330] {logging_mixin.py:190} INFO - [2026-08-30T23:25:12.745+0330] {dag.py:4180} INFO - Setting next_dagrun for dataset_alias_example_alias_producer to None, run_after=None
[2026-08-30T23:25:12.747+0330] {logging_mixin.py:190} INFO - [2026-08-30T23:25:12.747+0330] {dag.py:4180} INFO - Setting next_dagrun for dataset_s3_bucket_consumer to None, run_after=None
[2026-08-30T23:25:12.749+0330] {logging_mixin.py:190} INFO - [2026-08-30T23:25:12.748+0330] {dag.py:4180} INFO - Setting next_dagrun for dataset_s3_bucket_producer to None, run_after=None
[2026-08-30T23:25:12.786+0330] {processor.py:208} INFO - Processing /home/mmirnezamina/de_final_project/airflowenv/lib/python3.10/site-packages/airflow/example_dags/example_dataset_alias.py took 0.175 seconds
[2026-08-30T23:25:43.096+0330] {processor.py:186} INFO - Started process (PID=16046) to work on /home/mmirnezamina/de_final_project/airflowenv/lib/python3.10/site-packages/airflow/example_dags/example_dataset_alias.py
[2026-08-30T23:25:43.098+0330] {processor.py:914} INFO - Processing file /home/mmirnezamina/de_final_project/airflowenv/lib/python3.10/site-packages/airflow/example_dags/example_dataset_alias.py for tasks to queue
[2026-08-30T23:25:43.099+0330] {logging_mixin.py:190} INFO - [2026-08-30T23:25:43.099+0330] {dagbag.py:588} INFO - Filling up the DagBag from /home/mmirnezamina/de_final_project/airflowenv/lib/python3.10/site-packages/airflow/example_dags/example_dataset_alias.py
[2026-08-30T23:25:43.137+0330] {processor.py:925} INFO - DAG(s) 'dataset_alias_example_alias_consumer', 'dataset_s3_bucket_producer', 'dataset_alias_example_alias_producer', 'dataset_s3_bucket_consumer' retrieved from /home/mmirnezamina/de_final_project/airflowenv/lib/python3.10/site-packages/airflow/example_dags/example_dataset_alias.py
[2026-08-30T23:25:43.164+0330] {logging_mixin.py:190} INFO - [2026-08-30T23:25:43.164+0330] {dag.py:3239} INFO - Sync 4 DAGs
[2026-08-30T23:25:43.187+0330] {logging_mixin.py:190} INFO - [2026-08-30T23:25:43.187+0330] {dag.py:4180} INFO - Setting next_dagrun for dataset_alias_example_alias_consumer to None, run_after=None
[2026-08-30T23:25:43.190+0330] {logging_mixin.py:190} INFO - [2026-08-30T23:25:43.189+0330] {dag.py:4180} INFO - Setting next_dagrun for dataset_alias_example_alias_producer to None, run_after=None
[2026-08-30T23:25:43.191+0330] {logging_mixin.py:190} INFO - [2026-08-30T23:25:43.191+0330] {dag.py:4180} INFO - Setting next_dagrun for dataset_s3_bucket_consumer to None, run_after=None
[2026-08-30T23:25:43.193+0330] {logging_mixin.py:190} INFO - [2026-08-30T23:25:43.193+0330] {dag.py:4180} INFO - Setting next_dagrun for dataset_s3_bucket_producer to None, run_after=None
[2026-08-30T23:25:43.220+0330] {processor.py:208} INFO - Processing /home/mmirnezamina/de_final_project/airflowenv/lib/python3.10/site-packages/airflow/example_dags/example_dataset_alias.py took 0.131 seconds
[2026-08-30T23:26:13.473+0330] {processor.py:186} INFO - Started process (PID=16164) to work on /home/mmirnezamina/de_final_project/airflowenv/lib/python3.10/site-packages/airflow/example_dags/example_dataset_alias.py
[2026-08-30T23:26:13.474+0330] {processor.py:914} INFO - Processing file /home/mmirnezamina/de_final_project/airflowenv/lib/python3.10/site-packages/airflow/example_dags/example_dataset_alias.py for tasks to queue
[2026-08-30T23:26:13.475+0330] {logging_mixin.py:190} INFO - [2026-08-30T23:26:13.475+0330] {dagbag.py:588} INFO - Filling up the DagBag from /home/mmirnezamina/de_final_project/airflowenv/lib/python3.10/site-packages/airflow/example_dags/example_dataset_alias.py
[2026-08-30T23:26:13.507+0330] {processor.py:925} INFO - DAG(s) 'dataset_s3_bucket_consumer', 'dataset_alias_example_alias_consumer', 'dataset_alias_example_alias_producer', 'dataset_s3_bucket_producer' retrieved from /home/mmirnezamina/de_final_project/airflowenv/lib/python3.10/site-packages/airflow/example_dags/example_dataset_alias.py
[2026-08-30T23:26:13.528+0330] {logging_mixin.py:190} INFO - [2026-08-30T23:26:13.528+0330] {dag.py:3239} INFO - Sync 4 DAGs
[2026-08-30T23:26:13.549+0330] {logging_mixin.py:190} INFO - [2026-08-30T23:26:13.549+0330] {dag.py:4180} INFO - Setting next_dagrun for dataset_alias_example_alias_consumer to None, run_after=None
[2026-08-30T23:26:13.551+0330] {logging_mixin.py:190} INFO - [2026-08-30T23:26:13.551+0330] {dag.py:4180} INFO - Setting next_dagrun for dataset_alias_example_alias_producer to None, run_after=None
[2026-08-30T23:26:13.553+0330] {logging_mixin.py:190} INFO - [2026-08-30T23:26:13.552+0330] {dag.py:4180} INFO - Setting next_dagrun for dataset_s3_bucket_consumer to None, run_after=None
[2026-08-30T23:26:13.554+0330] {logging_mixin.py:190} INFO - [2026-08-30T23:26:13.553+0330] {dag.py:4180} INFO - Setting next_dagrun for dataset_s3_bucket_producer to None, run_after=None
[2026-08-30T23:26:13.578+0330] {processor.py:208} INFO - Processing /home/mmirnezamina/de_final_project/airflowenv/lib/python3.10/site-packages/airflow/example_dags/example_dataset_alias.py took 0.113 seconds
[2026-08-30T23:26:43.674+0330] {processor.py:186} INFO - Started process (PID=16283) to work on /home/mmirnezamina/de_final_project/airflowenv/lib/python3.10/site-packages/airflow/example_dags/example_dataset_alias.py
[2026-08-30T23:26:43.675+0330] {processor.py:914} INFO - Processing file /home/mmirnezamina/de_final_project/airflowenv/lib/python3.10/site-packages/airflow/example_dags/example_dataset_alias.py for tasks to queue
[2026-08-30T23:26:43.676+0330] {logging_mixin.py:190} INFO - [2026-08-30T23:26:43.676+0330] {dagbag.py:588} INFO - Filling up the DagBag from /home/mmirnezamina/de_final_project/airflowenv/lib/python3.10/site-packages/airflow/example_dags/example_dataset_alias.py
[2026-08-30T23:26:43.712+0330] {processor.py:925} INFO - DAG(s) 'dataset_s3_bucket_consumer', 'dataset_alias_example_alias_consumer', 'dataset_alias_example_alias_producer', 'dataset_s3_bucket_producer' retrieved from /home/mmirnezamina/de_final_project/airflowenv/lib/python3.10/site-packages/airflow/example_dags/example_dataset_alias.py
[2026-08-30T23:26:43.737+0330] {logging_mixin.py:190} INFO - [2026-08-30T23:26:43.737+0330] {dag.py:3239} INFO - Sync 4 DAGs
[2026-08-30T23:26:43.761+0330] {logging_mixin.py:190} INFO - [2026-08-30T23:26:43.761+0330] {dag.py:4180} INFO - Setting next_dagrun for dataset_alias_example_alias_consumer to None, run_after=None
[2026-08-30T23:26:43.764+0330] {logging_mixin.py:190} INFO - [2026-08-30T23:26:43.764+0330] {dag.py:4180} INFO - Setting next_dagrun for dataset_alias_example_alias_producer to None, run_after=None
[2026-08-30T23:26:43.765+0330] {logging_mixin.py:190} INFO - [2026-08-30T23:26:43.765+0330] {dag.py:4180} INFO - Setting next_dagrun for dataset_s3_bucket_consumer to None, run_after=None
[2026-08-30T23:26:43.767+0330] {logging_mixin.py:190} INFO - [2026-08-30T23:26:43.767+0330] {dag.py:4180} INFO - Setting next_dagrun for dataset_s3_bucket_producer to None, run_after=None
[2026-08-30T23:26:43.795+0330] {processor.py:208} INFO - Processing /home/mmirnezamina/de_final_project/airflowenv/lib/python3.10/site-packages/airflow/example_dags/example_dataset_alias.py took 0.130 seconds
