[2026-08-30T23:13:56.662+0330] {processor.py:186} INFO - Started process (PID=13219) to work on /home/mmirnezamina/de_final_project/airflowenv/lib/python3.10/site-packages/airflow/example_dags/example_branch_datetime_operator.py
[2026-08-30T23:13:56.663+0330] {processor.py:914} INFO - Processing file /home/mmirnezamina/de_final_project/airflowenv/lib/python3.10/site-packages/airflow/example_dags/example_branch_datetime_operator.py for tasks to queue
[2026-08-30T23:13:56.665+0330] {logging_mixin.py:190} INFO - [2026-08-30T23:13:56.665+0330] {dagbag.py:588} INFO - Filling up the DagBag from /home/mmirnezamina/de_final_project/airflowenv/lib/python3.10/site-packages/airflow/example_dags/example_branch_datetime_operator.py
[2026-08-30T23:13:56.690+0330] {processor.py:925} INFO - DAG(s) 'example_branch_datetime_operator_2', 'example_branch_datetime_operator_3', 'example_branch_datetime_operator' retrieved from /home/mmirnezamina/de_final_project/airflowenv/lib/python3.10/site-packages/airflow/example_dags/example_branch_datetime_operator.py
[2026-08-30T23:13:56.889+0330] {logging_mixin.py:190} INFO - [2026-08-30T23:13:56.886+0330] {override.py:1930} INFO - Created Permission View: can edit on DAG:example_branch_datetime_operator_2
[2026-08-30T23:13:56.909+0330] {logging_mixin.py:190} INFO - [2026-08-30T23:13:56.909+0330] {override.py:1930} INFO - Created Permission View: can read on DAG:example_branch_datetime_operator_2
[2026-08-30T23:13:56.924+0330] {logging_mixin.py:190} INFO - [2026-08-30T23:13:56.923+0330] {override.py:1930} INFO - Created Permission View: can delete on DAG:example_branch_datetime_operator_2
[2026-08-30T23:13:56.943+0330] {logging_mixin.py:190} INFO - [2026-08-30T23:13:56.943+0330] {override.py:1930} INFO - Created Permission View: menu access on DAG Run:example_branch_datetime_operator_2
[2026-08-30T23:13:56.958+0330] {logging_mixin.py:190} INFO - [2026-08-30T23:13:56.957+0330] {override.py:1930} INFO - Created Permission View: can create on DAG Run:example_branch_datetime_operator_2
[2026-08-30T23:13:56.971+0330] {logging_mixin.py:190} INFO - [2026-08-30T23:13:56.970+0330] {override.py:1930} INFO - Created Permission View: can read on DAG Run:example_branch_datetime_operator_2
[2026-08-30T23:13:56.985+0330] {logging_mixin.py:190} INFO - [2026-08-30T23:13:56.984+0330] {override.py:1930} INFO - Created Permission View: can delete on DAG Run:example_branch_datetime_operator_2
[2026-08-30T23:13:57.018+0330] {logging_mixin.py:190} INFO - [2026-08-30T23:13:57.018+0330] {override.py:1930} INFO - Created Permission View: can edit on DAG:example_branch_datetime_operator_3
[2026-08-30T23:13:57.034+0330] {logging_mixin.py:190} INFO - [2026-08-30T23:13:57.033+0330] {override.py:1930} INFO - Created Permission View: can read on DAG:example_branch_datetime_operator_3
[2026-08-30T23:13:57.051+0330] {logging_mixin.py:190} INFO - [2026-08-30T23:13:57.051+0330] {override.py:1930} INFO - Created Permission View: can delete on DAG:example_branch_datetime_operator_3
[2026-08-30T23:13:57.074+0330] {logging_mixin.py:190} INFO - [2026-08-30T23:13:57.073+0330] {override.py:1930} INFO - Created Permission View: menu access on DAG Run:example_branch_datetime_operator_3
[2026-08-30T23:13:57.090+0330] {logging_mixin.py:190} INFO - [2026-08-30T23:13:57.090+0330] {override.py:1930} INFO - Created Permission View: can create on DAG Run:example_branch_datetime_operator_3
[2026-08-30T23:13:57.108+0330] {logging_mixin.py:190} INFO - [2026-08-30T23:13:57.108+0330] {override.py:1930} INFO - Created Permission View: can read on DAG Run:example_branch_datetime_operator_3
[2026-08-30T23:13:57.124+0330] {logging_mixin.py:190} INFO - [2026-08-30T23:13:57.124+0330] {override.py:1930} INFO - Created Permission View: can delete on DAG Run:example_branch_datetime_operator_3
[2026-08-30T23:13:57.152+0330] {logging_mixin.py:190} INFO - [2026-08-30T23:13:57.151+0330] {override.py:1930} INFO - Created Permission View: can edit on DAG:example_branch_datetime_operator
[2026-08-30T23:13:57.166+0330] {logging_mixin.py:190} INFO - [2026-08-30T23:13:57.166+0330] {override.py:1930} INFO - Created Permission View: can read on DAG:example_branch_datetime_operator
[2026-08-30T23:13:57.185+0330] {logging_mixin.py:190} INFO - [2026-08-30T23:13:57.184+0330] {override.py:1930} INFO - Created Permission View: can delete on DAG:example_branch_datetime_operator
[2026-08-30T23:13:57.209+0330] {logging_mixin.py:190} INFO - [2026-08-30T23:13:57.208+0330] {override.py:1930} INFO - Created Permission View: menu access on DAG Run:example_branch_datetime_operator
[2026-08-30T23:13:57.229+0330] {logging_mixin.py:190} INFO - [2026-08-30T23:13:57.228+0330] {override.py:1930} INFO - Created Permission View: can create on DAG Run:example_branch_datetime_operator
[2026-08-30T23:13:57.249+0330] {logging_mixin.py:190} INFO - [2026-08-30T23:13:57.248+0330] {override.py:1930} INFO - Created Permission View: can read on DAG Run:example_branch_datetime_operator
[2026-08-30T23:13:57.266+0330] {logging_mixin.py:190} INFO - [2026-08-30T23:13:57.265+0330] {override.py:1930} INFO - Created Permission View: can delete on DAG Run:example_branch_datetime_operator
[2026-08-30T23:13:57.266+0330] {logging_mixin.py:190} INFO - [2026-08-30T23:13:57.266+0330] {dag.py:3239} INFO - Sync 3 DAGs
[2026-08-30T23:13:57.299+0330] {logging_mixin.py:190} INFO - [2026-08-30T23:13:57.298+0330] {dag.py:3262} INFO - Creating ORM DAG for example_branch_datetime_operator_3
[2026-08-30T23:13:57.301+0330] {logging_mixin.py:190} INFO - [2026-08-30T23:13:57.300+0330] {dag.py:3262} INFO - Creating ORM DAG for example_branch_datetime_operator
[2026-08-30T23:13:57.302+0330] {logging_mixin.py:190} INFO - [2026-08-30T23:13:57.302+0330] {dag.py:3262} INFO - Creating ORM DAG for example_branch_datetime_operator_2
[2026-08-30T23:13:57.326+0330] {logging_mixin.py:190} INFO - [2026-08-30T23:13:57.325+0330] {dag.py:4180} INFO - Setting next_dagrun for example_branch_datetime_operator to 2026-08-29 00:00:00+00:00, run_after=2026-08-30 00:00:00+00:00
[2026-08-30T23:13:57.331+0330] {logging_mixin.py:190} INFO - [2026-08-30T23:13:57.331+0330] {dag.py:4180} INFO - Setting next_dagrun for example_branch_datetime_operator_2 to 2026-08-29 00:00:00+00:00, run_after=2026-08-30 00:00:00+00:00
[2026-08-30T23:13:57.335+0330] {logging_mixin.py:190} INFO - [2026-08-30T23:13:57.335+0330] {dag.py:4180} INFO - Setting next_dagrun for example_branch_datetime_operator_3 to 2026-08-29 00:00:00+00:00, run_after=2026-08-30 00:00:00+00:00
[2026-08-30T23:13:57.373+0330] {processor.py:208} INFO - Processing /home/mmirnezamina/de_final_project/airflowenv/lib/python3.10/site-packages/airflow/example_dags/example_branch_datetime_operator.py took 0.727 seconds
[2026-08-30T23:14:27.645+0330] {processor.py:186} INFO - Started process (PID=13341) to work on /home/mmirnezamina/de_final_project/airflowenv/lib/python3.10/site-packages/airflow/example_dags/example_branch_datetime_operator.py
[2026-08-30T23:14:27.647+0330] {processor.py:914} INFO - Processing file /home/mmirnezamina/de_final_project/airflowenv/lib/python3.10/site-packages/airflow/example_dags/example_branch_datetime_operator.py for tasks to queue
[2026-08-30T23:14:27.649+0330] {logging_mixin.py:190} INFO - [2026-08-30T23:14:27.648+0330] {dagbag.py:588} INFO - Filling up the DagBag from /home/mmirnezamina/de_final_project/airflowenv/lib/python3.10/site-packages/airflow/example_dags/example_branch_datetime_operator.py
[2026-08-30T23:14:27.670+0330] {processor.py:925} INFO - DAG(s) 'example_branch_datetime_operator', 'example_branch_datetime_operator_3', 'example_branch_datetime_operator_2' retrieved from /home/mmirnezamina/de_final_project/airflowenv/lib/python3.10/site-packages/airflow/example_dags/example_branch_datetime_operator.py
[2026-08-30T23:14:27.732+0330] {logging_mixin.py:190} INFO - [2026-08-30T23:14:27.731+0330] {dag.py:3239} INFO - Sync 3 DAGs
[2026-08-30T23:14:27.780+0330] {logging_mixin.py:190} INFO - [2026-08-30T23:14:27.780+0330] {dag.py:4180} INFO - Setting next_dagrun for example_branch_datetime_operator to 2026-08-29 00:00:00+00:00, run_after=2026-08-30 00:00:00+00:00
[2026-08-30T23:14:27.792+0330] {logging_mixin.py:190} INFO - [2026-08-30T23:14:27.792+0330] {dag.py:4180} INFO - Setting next_dagrun for example_branch_datetime_operator_2 to 2026-08-29 00:00:00+00:00, run_after=2026-08-30 00:00:00+00:00
[2026-08-30T23:14:27.803+0330] {logging_mixin.py:190} INFO - [2026-08-30T23:14:27.803+0330] {dag.py:4180} INFO - Setting next_dagrun for example_branch_datetime_operator_3 to 2026-08-29 00:00:00+00:00, run_after=2026-08-30 00:00:00+00:00
[2026-08-30T23:14:27.849+0330] {processor.py:208} INFO - Processing /home/mmirnezamina/de_final_project/airflowenv/lib/python3.10/site-packages/airflow/example_dags/example_branch_datetime_operator.py took 0.218 seconds
[2026-08-30T23:14:59.573+0330] {processor.py:186} INFO - Started process (PID=13460) to work on /home/mmirnezamina/de_final_project/airflowenv/lib/python3.10/site-packages/airflow/example_dags/example_branch_datetime_operator.py
[2026-08-30T23:14:59.582+0330] {processor.py:914} INFO - Processing file /home/mmirnezamina/de_final_project/airflowenv/lib/python3.10/site-packages/airflow/example_dags/example_branch_datetime_operator.py for tasks to queue
[2026-08-30T23:14:59.588+0330] {logging_mixin.py:190} INFO - [2026-08-30T23:14:59.587+0330] {dagbag.py:588} INFO - Filling up the DagBag from /home/mmirnezamina/de_final_project/airflowenv/lib/python3.10/site-packages/airflow/example_dags/example_branch_datetime_operator.py
[2026-08-30T23:14:59.680+0330] {processor.py:925} INFO - DAG(s) 'example_branch_datetime_operator_3', 'example_branch_datetime_operator_2', 'example_branch_datetime_operator' retrieved from /home/mmirnezamina/de_final_project/airflowenv/lib/python3.10/site-packages/airflow/example_dags/example_branch_datetime_operator.py
[2026-08-30T23:14:59.826+0330] {logging_mixin.py:190} INFO - [2026-08-30T23:14:59.825+0330] {dag.py:3239} INFO - Sync 3 DAGs
[2026-08-30T23:14:59.928+0330] {logging_mixin.py:190} INFO - [2026-08-30T23:14:59.927+0330] {dag.py:4180} INFO - Setting next_dagrun for example_branch_datetime_operator to 2026-08-29 00:00:00+00:00, run_after=2026-08-30 00:00:00+00:00
[2026-08-30T23:14:59.944+0330] {logging_mixin.py:190} INFO - [2026-08-30T23:14:59.943+0330] {dag.py:4180} INFO - Setting next_dagrun for example_branch_datetime_operator_2 to 2026-08-29 00:00:00+00:00, run_after=2026-08-30 00:00:00+00:00
[2026-08-30T23:14:59.953+0330] {logging_mixin.py:190} INFO - [2026-08-30T23:14:59.952+0330] {dag.py:4180} INFO - Setting next_dagrun for example_branch_datetime_operator_3 to 2026-08-29 00:00:00+00:00, run_after=2026-08-30 00:00:00+00:00
[2026-08-30T23:15:00.039+0330] {processor.py:208} INFO - Processing /home/mmirnezamina/de_final_project/airflowenv/lib/python3.10/site-packages/airflow/example_dags/example_branch_datetime_operator.py took 0.553 seconds
[2026-08-30T23:15:31.552+0330] {processor.py:186} INFO - Started process (PID=13582) to work on /home/mmirnezamina/de_final_project/airflowenv/lib/python3.10/site-packages/airflow/example_dags/example_branch_datetime_operator.py
[2026-08-30T23:15:31.556+0330] {processor.py:914} INFO - Processing file /home/mmirnezamina/de_final_project/airflowenv/lib/python3.10/site-packages/airflow/example_dags/example_branch_datetime_operator.py for tasks to queue
[2026-08-30T23:15:31.563+0330] {logging_mixin.py:190} INFO - [2026-08-30T23:15:31.561+0330] {dagbag.py:588} INFO - Filling up the DagBag from /home/mmirnezamina/de_final_project/airflowenv/lib/python3.10/site-packages/airflow/example_dags/example_branch_datetime_operator.py
[2026-08-30T23:15:31.628+0330] {processor.py:925} INFO - DAG(s) 'example_branch_datetime_operator_3', 'example_branch_datetime_operator_2', 'example_branch_datetime_operator' retrieved from /home/mmirnezamina/de_final_project/airflowenv/lib/python3.10/site-packages/airflow/example_dags/example_branch_datetime_operator.py
[2026-08-30T23:15:31.765+0330] {logging_mixin.py:190} INFO - [2026-08-30T23:15:31.765+0330] {dag.py:3239} INFO - Sync 3 DAGs
[2026-08-30T23:15:31.941+0330] {logging_mixin.py:190} INFO - [2026-08-30T23:15:31.940+0330] {dag.py:4180} INFO - Setting next_dagrun for example_branch_datetime_operator to 2026-08-29 00:00:00+00:00, run_after=2026-08-30 00:00:00+00:00
[2026-08-30T23:15:31.976+0330] {logging_mixin.py:190} INFO - [2026-08-30T23:15:31.975+0330] {dag.py:4180} INFO - Setting next_dagrun for example_branch_datetime_operator_2 to 2026-08-29 00:00:00+00:00, run_after=2026-08-30 00:00:00+00:00
[2026-08-30T23:15:31.999+0330] {logging_mixin.py:190} INFO - [2026-08-30T23:15:31.998+0330] {dag.py:4180} INFO - Setting next_dagrun for example_branch_datetime_operator_3 to 2026-08-29 00:00:00+00:00, run_after=2026-08-30 00:00:00+00:00
[2026-08-30T23:15:32.091+0330] {processor.py:208} INFO - Processing /home/mmirnezamina/de_final_project/airflowenv/lib/python3.10/site-packages/airflow/example_dags/example_branch_datetime_operator.py took 0.594 seconds
[2026-08-30T23:16:02.589+0330] {processor.py:186} INFO - Started process (PID=13701) to work on /home/mmirnezamina/de_final_project/airflowenv/lib/python3.10/site-packages/airflow/example_dags/example_branch_datetime_operator.py
[2026-08-30T23:16:02.591+0330] {processor.py:914} INFO - Processing file /home/mmirnezamina/de_final_project/airflowenv/lib/python3.10/site-packages/airflow/example_dags/example_branch_datetime_operator.py for tasks to queue
[2026-08-30T23:16:02.592+0330] {logging_mixin.py:190} INFO - [2026-08-30T23:16:02.591+0330] {dagbag.py:588} INFO - Filling up the DagBag from /home/mmirnezamina/de_final_project/airflowenv/lib/python3.10/site-packages/airflow/example_dags/example_branch_datetime_operator.py
[2026-08-30T23:16:02.607+0330] {processor.py:925} INFO - DAG(s) 'example_branch_datetime_operator_2', 'example_branch_datetime_operator_3', 'example_branch_datetime_operator' retrieved from /home/mmirnezamina/de_final_project/airflowenv/lib/python3.10/site-packages/airflow/example_dags/example_branch_datetime_operator.py
[2026-08-30T23:16:02.647+0330] {logging_mixin.py:190} INFO - [2026-08-30T23:16:02.646+0330] {dag.py:3239} INFO - Sync 3 DAGs
[2026-08-30T23:16:02.677+0330] {logging_mixin.py:190} INFO - [2026-08-30T23:16:02.677+0330] {dag.py:4180} INFO - Setting next_dagrun for example_branch_datetime_operator to 2026-08-29 00:00:00+00:00, run_after=2026-08-30 00:00:00+00:00
[2026-08-30T23:16:02.683+0330] {logging_mixin.py:190} INFO - [2026-08-30T23:16:02.683+0330] {dag.py:4180} INFO - Setting next_dagrun for example_branch_datetime_operator_2 to 2026-08-29 00:00:00+00:00, run_after=2026-08-30 00:00:00+00:00
[2026-08-30T23:16:02.687+0330] {logging_mixin.py:190} INFO - [2026-08-30T23:16:02.686+0330] {dag.py:4180} INFO - Setting next_dagrun for example_branch_datetime_operator_3 to 2026-08-29 00:00:00+00:00, run_after=2026-08-30 00:00:00+00:00
[2026-08-30T23:16:02.719+0330] {processor.py:208} INFO - Processing /home/mmirnezamina/de_final_project/airflowenv/lib/python3.10/site-packages/airflow/example_dags/example_branch_datetime_operator.py took 0.141 seconds
[2026-08-30T23:16:33.765+0330] {processor.py:186} INFO - Started process (PID=13824) to work on /home/mmirnezamina/de_final_project/airflowenv/lib/python3.10/site-packages/airflow/example_dags/example_branch_datetime_operator.py
[2026-08-30T23:16:33.767+0330] {processor.py:914} INFO - Processing file /home/mmirnezamina/de_final_project/airflowenv/lib/python3.10/site-packages/airflow/example_dags/example_branch_datetime_operator.py for tasks to queue
[2026-08-30T23:16:33.770+0330] {logging_mixin.py:190} INFO - [2026-08-30T23:16:33.769+0330] {dagbag.py:588} INFO - Filling up the DagBag from /home/mmirnezamina/de_final_project/airflowenv/lib/python3.10/site-packages/airflow/example_dags/example_branch_datetime_operator.py
[2026-08-30T23:16:33.795+0330] {processor.py:925} INFO - DAG(s) 'example_branch_datetime_operator_3', 'example_branch_datetime_operator_2', 'example_branch_datetime_operator' retrieved from /home/mmirnezamina/de_final_project/airflowenv/lib/python3.10/site-packages/airflow/example_dags/example_branch_datetime_operator.py
[2026-08-30T23:16:33.891+0330] {logging_mixin.py:190} INFO - [2026-08-30T23:16:33.890+0330] {dag.py:3239} INFO - Sync 3 DAGs
[2026-08-30T23:16:34.004+0330] {logging_mixin.py:190} INFO - [2026-08-30T23:16:34.004+0330] {dag.py:4180} INFO - Setting next_dagrun for example_branch_datetime_operator to 2026-08-29 00:00:00+00:00, run_after=2026-08-30 00:00:00+00:00
[2026-08-30T23:16:34.029+0330] {logging_mixin.py:190} INFO - [2026-08-30T23:16:34.028+0330] {dag.py:4180} INFO - Setting next_dagrun for example_branch_datetime_operator_2 to 2026-08-29 00:00:00+00:00, run_after=2026-08-30 00:00:00+00:00
[2026-08-30T23:16:34.044+0330] {logging_mixin.py:190} INFO - [2026-08-30T23:16:34.044+0330] {dag.py:4180} INFO - Setting next_dagrun for example_branch_datetime_operator_3 to 2026-08-29 00:00:00+00:00, run_after=2026-08-30 00:00:00+00:00
[2026-08-30T23:16:34.121+0330] {processor.py:208} INFO - Processing /home/mmirnezamina/de_final_project/airflowenv/lib/python3.10/site-packages/airflow/example_dags/example_branch_datetime_operator.py took 0.375 seconds
[2026-08-30T23:17:04.460+0330] {processor.py:186} INFO - Started process (PID=13990) to work on /home/mmirnezamina/de_final_project/airflowenv/lib/python3.10/site-packages/airflow/example_dags/example_branch_datetime_operator.py
[2026-08-30T23:17:04.463+0330] {processor.py:914} INFO - Processing file /home/mmirnezamina/de_final_project/airflowenv/lib/python3.10/site-packages/airflow/example_dags/example_branch_datetime_operator.py for tasks to queue
[2026-08-30T23:17:04.471+0330] {logging_mixin.py:190} INFO - [2026-08-30T23:17:04.469+0330] {dagbag.py:588} INFO - Filling up the DagBag from /home/mmirnezamina/de_final_project/airflowenv/lib/python3.10/site-packages/airflow/example_dags/example_branch_datetime_operator.py
[2026-08-30T23:17:04.518+0330] {processor.py:925} INFO - DAG(s) 'example_branch_datetime_operator', 'example_branch_datetime_operator_3', 'example_branch_datetime_operator_2' retrieved from /home/mmirnezamina/de_final_project/airflowenv/lib/python3.10/site-packages/airflow/example_dags/example_branch_datetime_operator.py
[2026-08-30T23:17:04.642+0330] {logging_mixin.py:190} INFO - [2026-08-30T23:17:04.641+0330] {dag.py:3239} INFO - Sync 3 DAGs
[2026-08-30T23:17:04.760+0330] {logging_mixin.py:190} INFO - [2026-08-30T23:17:04.758+0330] {dag.py:4180} INFO - Setting next_dagrun for example_branch_datetime_operator to 2026-08-29 00:00:00+00:00, run_after=2026-08-30 00:00:00+00:00
[2026-08-30T23:17:04.780+0330] {logging_mixin.py:190} INFO - [2026-08-30T23:17:04.779+0330] {dag.py:4180} INFO - Setting next_dagrun for example_branch_datetime_operator_2 to 2026-08-29 00:00:00+00:00, run_after=2026-08-30 00:00:00+00:00
[2026-08-30T23:17:04.789+0330] {logging_mixin.py:190} INFO - [2026-08-30T23:17:04.789+0330] {dag.py:4180} INFO - Setting next_dagrun for example_branch_datetime_operator_3 to 2026-08-29 00:00:00+00:00, run_after=2026-08-30 00:00:00+00:00
[2026-08-30T23:17:04.860+0330] {processor.py:208} INFO - Processing /home/mmirnezamina/de_final_project/airflowenv/lib/python3.10/site-packages/airflow/example_dags/example_branch_datetime_operator.py took 0.444 seconds
[2026-08-30T23:17:37.248+0330] {processor.py:186} INFO - Started process (PID=14121) to work on /home/mmirnezamina/de_final_project/airflowenv/lib/python3.10/site-packages/airflow/example_dags/example_branch_datetime_operator.py
[2026-08-30T23:17:37.252+0330] {processor.py:914} INFO - Processing file /home/mmirnezamina/de_final_project/airflowenv/lib/python3.10/site-packages/airflow/example_dags/example_branch_datetime_operator.py for tasks to queue
[2026-08-30T23:17:37.258+0330] {logging_mixin.py:190} INFO - [2026-08-30T23:17:37.257+0330] {dagbag.py:588} INFO - Filling up the DagBag from /home/mmirnezamina/de_final_project/airflowenv/lib/python3.10/site-packages/airflow/example_dags/example_branch_datetime_operator.py
[2026-08-30T23:17:37.336+0330] {processor.py:925} INFO - DAG(s) 'example_branch_datetime_operator_2', 'example_branch_datetime_operator', 'example_branch_datetime_operator_3' retrieved from /home/mmirnezamina/de_final_project/airflowenv/lib/python3.10/site-packages/airflow/example_dags/example_branch_datetime_operator.py
[2026-08-30T23:17:37.525+0330] {logging_mixin.py:190} INFO - [2026-08-30T23:17:37.524+0330] {dag.py:3239} INFO - Sync 3 DAGs
[2026-08-30T23:17:37.648+0330] {logging_mixin.py:190} INFO - [2026-08-30T23:17:37.648+0330] {dag.py:4180} INFO - Setting next_dagrun for example_branch_datetime_operator to 2026-08-29 00:00:00+00:00, run_after=2026-08-30 00:00:00+00:00
[2026-08-30T23:17:37.673+0330] {logging_mixin.py:190} INFO - [2026-08-30T23:17:37.672+0330] {dag.py:4180} INFO - Setting next_dagrun for example_branch_datetime_operator_2 to 2026-08-29 00:00:00+00:00, run_after=2026-08-30 00:00:00+00:00
[2026-08-30T23:17:37.704+0330] {logging_mixin.py:190} INFO - [2026-08-30T23:17:37.703+0330] {dag.py:4180} INFO - Setting next_dagrun for example_branch_datetime_operator_3 to 2026-08-29 00:00:00+00:00, run_after=2026-08-30 00:00:00+00:00
[2026-08-30T23:17:37.834+0330] {processor.py:208} INFO - Processing /home/mmirnezamina/de_final_project/airflowenv/lib/python3.10/site-packages/airflow/example_dags/example_branch_datetime_operator.py took 0.641 seconds
[2026-08-30T23:18:08.062+0330] {processor.py:186} INFO - Started process (PID=14239) to work on /home/mmirnezamina/de_final_project/airflowenv/lib/python3.10/site-packages/airflow/example_dags/example_branch_datetime_operator.py
[2026-08-30T23:18:08.064+0330] {processor.py:914} INFO - Processing file /home/mmirnezamina/de_final_project/airflowenv/lib/python3.10/site-packages/airflow/example_dags/example_branch_datetime_operator.py for tasks to queue
[2026-08-30T23:18:08.069+0330] {logging_mixin.py:190} INFO - [2026-08-30T23:18:08.068+0330] {dagbag.py:588} INFO - Filling up the DagBag from /home/mmirnezamina/de_final_project/airflowenv/lib/python3.10/site-packages/airflow/example_dags/example_branch_datetime_operator.py
[2026-08-30T23:18:08.123+0330] {processor.py:925} INFO - DAG(s) 'example_branch_datetime_operator', 'example_branch_datetime_operator_2', 'example_branch_datetime_operator_3' retrieved from /home/mmirnezamina/de_final_project/airflowenv/lib/python3.10/site-packages/airflow/example_dags/example_branch_datetime_operator.py
[2026-08-30T23:18:08.237+0330] {logging_mixin.py:190} INFO - [2026-08-30T23:18:08.236+0330] {dag.py:3239} INFO - Sync 3 DAGs
[2026-08-30T23:18:08.355+0330] {logging_mixin.py:190} INFO - [2026-08-30T23:18:08.355+0330] {dag.py:4180} INFO - Setting next_dagrun for example_branch_datetime_operator to 2026-08-29 00:00:00+00:00, run_after=2026-08-30 00:00:00+00:00
[2026-08-30T23:18:08.376+0330] {logging_mixin.py:190} INFO - [2026-08-30T23:18:08.376+0330] {dag.py:4180} INFO - Setting next_dagrun for example_branch_datetime_operator_2 to 2026-08-29 00:00:00+00:00, run_after=2026-08-30 00:00:00+00:00
[2026-08-30T23:18:08.389+0330] {logging_mixin.py:190} INFO - [2026-08-30T23:18:08.389+0330] {dag.py:4180} INFO - Setting next_dagrun for example_branch_datetime_operator_3 to 2026-08-29 00:00:00+00:00, run_after=2026-08-30 00:00:00+00:00
[2026-08-30T23:18:08.445+0330] {processor.py:208} INFO - Processing /home/mmirnezamina/de_final_project/airflowenv/lib/python3.10/site-packages/airflow/example_dags/example_branch_datetime_operator.py took 0.414 seconds
[2026-08-30T23:18:38.889+0330] {processor.py:186} INFO - Started process (PID=14358) to work on /home/mmirnezamina/de_final_project/airflowenv/lib/python3.10/site-packages/airflow/example_dags/example_branch_datetime_operator.py
[2026-08-30T23:18:38.891+0330] {processor.py:914} INFO - Processing file /home/mmirnezamina/de_final_project/airflowenv/lib/python3.10/site-packages/airflow/example_dags/example_branch_datetime_operator.py for tasks to queue
[2026-08-30T23:18:38.892+0330] {logging_mixin.py:190} INFO - [2026-08-30T23:18:38.891+0330] {dagbag.py:588} INFO - Filling up the DagBag from /home/mmirnezamina/de_final_project/airflowenv/lib/python3.10/site-packages/airflow/example_dags/example_branch_datetime_operator.py
[2026-08-30T23:18:38.904+0330] {processor.py:925} INFO - DAG(s) 'example_branch_datetime_operator_3', 'example_branch_datetime_operator', 'example_branch_datetime_operator_2' retrieved from /home/mmirnezamina/de_final_project/airflowenv/lib/python3.10/site-packages/airflow/example_dags/example_branch_datetime_operator.py
[2026-08-30T23:18:38.943+0330] {logging_mixin.py:190} INFO - [2026-08-30T23:18:38.942+0330] {dag.py:3239} INFO - Sync 3 DAGs
[2026-08-30T23:18:38.970+0330] {logging_mixin.py:190} INFO - [2026-08-30T23:18:38.970+0330] {dag.py:4180} INFO - Setting next_dagrun for example_branch_datetime_operator to 2026-08-29 00:00:00+00:00, run_after=2026-08-30 00:00:00+00:00
[2026-08-30T23:18:38.976+0330] {logging_mixin.py:190} INFO - [2026-08-30T23:18:38.975+0330] {dag.py:4180} INFO - Setting next_dagrun for example_branch_datetime_operator_2 to 2026-08-29 00:00:00+00:00, run_after=2026-08-30 00:00:00+00:00
[2026-08-30T23:18:38.978+0330] {logging_mixin.py:190} INFO - [2026-08-30T23:18:38.978+0330] {dag.py:4180} INFO - Setting next_dagrun for example_branch_datetime_operator_3 to 2026-08-29 00:00:00+00:00, run_after=2026-08-30 00:00:00+00:00
[2026-08-30T23:18:39.001+0330] {processor.py:208} INFO - Processing /home/mmirnezamina/de_final_project/airflowenv/lib/python3.10/site-packages/airflow/example_dags/example_branch_datetime_operator.py took 0.120 seconds
[2026-08-30T23:19:09.625+0330] {processor.py:186} INFO - Started process (PID=14476) to work on /home/mmirnezamina/de_final_project/airflowenv/lib/python3.10/site-packages/airflow/example_dags/example_branch_datetime_operator.py
[2026-08-30T23:19:09.626+0330] {processor.py:914} INFO - Processing file /home/mmirnezamina/de_final_project/airflowenv/lib/python3.10/site-packages/airflow/example_dags/example_branch_datetime_operator.py for tasks to queue
[2026-08-30T23:19:09.627+0330] {logging_mixin.py:190} INFO - [2026-08-30T23:19:09.627+0330] {dagbag.py:588} INFO - Filling up the DagBag from /home/mmirnezamina/de_final_project/airflowenv/lib/python3.10/site-packages/airflow/example_dags/example_branch_datetime_operator.py
[2026-08-30T23:19:09.644+0330] {processor.py:925} INFO - DAG(s) 'example_branch_datetime_operator', 'example_branch_datetime_operator_3', 'example_branch_datetime_operator_2' retrieved from /home/mmirnezamina/de_final_project/airflowenv/lib/python3.10/site-packages/airflow/example_dags/example_branch_datetime_operator.py
[2026-08-30T23:19:09.689+0330] {logging_mixin.py:190} INFO - [2026-08-30T23:19:09.689+0330] {dag.py:3239} INFO - Sync 3 DAGs
[2026-08-30T23:19:09.724+0330] {logging_mixin.py:190} INFO - [2026-08-30T23:19:09.724+0330] {dag.py:4180} INFO - Setting next_dagrun for example_branch_datetime_operator to 2026-08-29 00:00:00+00:00, run_after=2026-08-30 00:00:00+00:00
[2026-08-30T23:19:09.730+0330] {logging_mixin.py:190} INFO - [2026-08-30T23:19:09.729+0330] {dag.py:4180} INFO - Setting next_dagrun for example_branch_datetime_operator_2 to 2026-08-29 00:00:00+00:00, run_after=2026-08-30 00:00:00+00:00
[2026-08-30T23:19:09.733+0330] {logging_mixin.py:190} INFO - [2026-08-30T23:19:09.733+0330] {dag.py:4180} INFO - Setting next_dagrun for example_branch_datetime_operator_3 to 2026-08-29 00:00:00+00:00, run_after=2026-08-30 00:00:00+00:00
[2026-08-30T23:19:09.759+0330] {processor.py:208} INFO - Processing /home/mmirnezamina/de_final_project/airflowenv/lib/python3.10/site-packages/airflow/example_dags/example_branch_datetime_operator.py took 0.146 seconds
[2026-08-30T23:19:40.542+0330] {processor.py:186} INFO - Started process (PID=14595) to work on /home/mmirnezamina/de_final_project/airflowenv/lib/python3.10/site-packages/airflow/example_dags/example_branch_datetime_operator.py
[2026-08-30T23:19:40.544+0330] {processor.py:914} INFO - Processing file /home/mmirnezamina/de_final_project/airflowenv/lib/python3.10/site-packages/airflow/example_dags/example_branch_datetime_operator.py for tasks to queue
[2026-08-30T23:19:40.545+0330] {logging_mixin.py:190} INFO - [2026-08-30T23:19:40.545+0330] {dagbag.py:588} INFO - Filling up the DagBag from /home/mmirnezamina/de_final_project/airflowenv/lib/python3.10/site-packages/airflow/example_dags/example_branch_datetime_operator.py
[2026-08-30T23:19:40.567+0330] {processor.py:925} INFO - DAG(s) 'example_branch_datetime_operator_3', 'example_branch_datetime_operator', 'example_branch_datetime_operator_2' retrieved from /home/mmirnezamina/de_final_project/airflowenv/lib/python3.10/site-packages/airflow/example_dags/example_branch_datetime_operator.py
[2026-08-30T23:19:40.613+0330] {logging_mixin.py:190} INFO - [2026-08-30T23:19:40.613+0330] {dag.py:3239} INFO - Sync 3 DAGs
[2026-08-30T23:19:40.647+0330] {logging_mixin.py:190} INFO - [2026-08-30T23:19:40.647+0330] {dag.py:4180} INFO - Setting next_dagrun for example_branch_datetime_operator to 2026-08-29 00:00:00+00:00, run_after=2026-08-30 00:00:00+00:00
[2026-08-30T23:19:40.654+0330] {logging_mixin.py:190} INFO - [2026-08-30T23:19:40.654+0330] {dag.py:4180} INFO - Setting next_dagrun for example_branch_datetime_operator_2 to 2026-08-29 00:00:00+00:00, run_after=2026-08-30 00:00:00+00:00
[2026-08-30T23:19:40.657+0330] {logging_mixin.py:190} INFO - [2026-08-30T23:19:40.657+0330] {dag.py:4180} INFO - Setting next_dagrun for example_branch_datetime_operator_3 to 2026-08-29 00:00:00+00:00, run_after=2026-08-30 00:00:00+00:00
[2026-08-30T23:19:40.686+0330] {processor.py:208} INFO - Processing /home/mmirnezamina/de_final_project/airflowenv/lib/python3.10/site-packages/airflow/example_dags/example_branch_datetime_operator.py took 0.158 seconds
[2026-08-30T23:20:11.977+0330] {processor.py:186} INFO - Started process (PID=14717) to work on /home/mmirnezamina/de_final_project/airflowenv/lib/python3.10/site-packages/airflow/example_dags/example_branch_datetime_operator.py
[2026-08-30T23:20:11.978+0330] {processor.py:914} INFO - Processing file /home/mmirnezamina/de_final_project/airflowenv/lib/python3.10/site-packages/airflow/example_dags/example_branch_datetime_operator.py for tasks to queue
[2026-08-30T23:20:11.980+0330] {logging_mixin.py:190} INFO - [2026-08-30T23:20:11.979+0330] {dagbag.py:588} INFO - Filling up the DagBag from /home/mmirnezamina/de_final_project/airflowenv/lib/python3.10/site-packages/airflow/example_dags/example_branch_datetime_operator.py
[2026-08-30T23:20:12.001+0330] {processor.py:925} INFO - DAG(s) 'example_branch_datetime_operator', 'example_branch_datetime_operator_3', 'example_branch_datetime_operator_2' retrieved from /home/mmirnezamina/de_final_project/airflowenv/lib/python3.10/site-packages/airflow/example_dags/example_branch_datetime_operator.py
[2026-08-30T23:20:12.054+0330] {logging_mixin.py:190} INFO - [2026-08-30T23:20:12.053+0330] {dag.py:3239} INFO - Sync 3 DAGs
[2026-08-30T23:20:12.101+0330] {logging_mixin.py:190} INFO - [2026-08-30T23:20:12.101+0330] {dag.py:4180} INFO - Setting next_dagrun for example_branch_datetime_operator to 2026-08-29 00:00:00+00:00, run_after=2026-08-30 00:00:00+00:00
[2026-08-30T23:20:12.624+0330] {logging_mixin.py:190} INFO - [2026-08-30T23:20:12.623+0330] {dag.py:4180} INFO - Setting next_dagrun for example_branch_datetime_operator_2 to 2026-08-29 00:00:00+00:00, run_after=2026-08-30 00:00:00+00:00
[2026-08-30T23:20:12.628+0330] {logging_mixin.py:190} INFO - [2026-08-30T23:20:12.627+0330] {dag.py:4180} INFO - Setting next_dagrun for example_branch_datetime_operator_3 to 2026-08-29 00:00:00+00:00, run_after=2026-08-30 00:00:00+00:00
[2026-08-30T23:20:12.756+0330] {processor.py:208} INFO - Processing /home/mmirnezamina/de_final_project/airflowenv/lib/python3.10/site-packages/airflow/example_dags/example_branch_datetime_operator.py took 0.793 seconds
[2026-08-30T23:20:43.649+0330] {processor.py:186} INFO - Started process (PID=14839) to work on /home/mmirnezamina/de_final_project/airflowenv/lib/python3.10/site-packages/airflow/example_dags/example_branch_datetime_operator.py
[2026-08-30T23:20:43.650+0330] {processor.py:914} INFO - Processing file /home/mmirnezamina/de_final_project/airflowenv/lib/python3.10/site-packages/airflow/example_dags/example_branch_datetime_operator.py for tasks to queue
[2026-08-30T23:20:43.651+0330] {logging_mixin.py:190} INFO - [2026-08-30T23:20:43.651+0330] {dagbag.py:588} INFO - Filling up the DagBag from /home/mmirnezamina/de_final_project/airflowenv/lib/python3.10/site-packages/airflow/example_dags/example_branch_datetime_operator.py
[2026-08-30T23:20:43.660+0330] {processor.py:925} INFO - DAG(s) 'example_branch_datetime_operator', 'example_branch_datetime_operator_3', 'example_branch_datetime_operator_2' retrieved from /home/mmirnezamina/de_final_project/airflowenv/lib/python3.10/site-packages/airflow/example_dags/example_branch_datetime_operator.py
[2026-08-30T23:20:43.695+0330] {logging_mixin.py:190} INFO - [2026-08-30T23:20:43.694+0330] {dag.py:3239} INFO - Sync 3 DAGs
[2026-08-30T23:20:43.719+0330] {logging_mixin.py:190} INFO - [2026-08-30T23:20:43.719+0330] {dag.py:4180} INFO - Setting next_dagrun for example_branch_datetime_operator to 2026-08-29 00:00:00+00:00, run_after=2026-08-30 00:00:00+00:00
[2026-08-30T23:20:43.723+0330] {logging_mixin.py:190} INFO - [2026-08-30T23:20:43.723+0330] {dag.py:4180} INFO - Setting next_dagrun for example_branch_datetime_operator_2 to 2026-08-29 00:00:00+00:00, run_after=2026-08-30 00:00:00+00:00
[2026-08-30T23:20:43.725+0330] {logging_mixin.py:190} INFO - [2026-08-30T23:20:43.725+0330] {dag.py:4180} INFO - Setting next_dagrun for example_branch_datetime_operator_3 to 2026-08-29 00:00:00+00:00, run_after=2026-08-30 00:00:00+00:00
[2026-08-30T23:20:43.746+0330] {processor.py:208} INFO - Processing /home/mmirnezamina/de_final_project/airflowenv/lib/python3.10/site-packages/airflow/example_dags/example_branch_datetime_operator.py took 0.103 seconds
[2026-08-30T23:21:14.137+0330] {processor.py:186} INFO - Started process (PID=14957) to work on /home/mmirnezamina/de_final_project/airflowenv/lib/python3.10/site-packages/airflow/example_dags/example_branch_datetime_operator.py
[2026-08-30T23:21:14.138+0330] {processor.py:914} INFO - Processing file /home/mmirnezamina/de_final_project/airflowenv/lib/python3.10/site-packages/airflow/example_dags/example_branch_datetime_operator.py for tasks to queue
[2026-08-30T23:21:14.140+0330] {logging_mixin.py:190} INFO - [2026-08-30T23:21:14.140+0330] {dagbag.py:588} INFO - Filling up the DagBag from /home/mmirnezamina/de_final_project/airflowenv/lib/python3.10/site-packages/airflow/example_dags/example_branch_datetime_operator.py
[2026-08-30T23:21:14.161+0330] {processor.py:925} INFO - DAG(s) 'example_branch_datetime_operator', 'example_branch_datetime_operator_2', 'example_branch_datetime_operator_3' retrieved from /home/mmirnezamina/de_final_project/airflowenv/lib/python3.10/site-packages/airflow/example_dags/example_branch_datetime_operator.py
[2026-08-30T23:21:14.215+0330] {logging_mixin.py:190} INFO - [2026-08-30T23:21:14.214+0330] {dag.py:3239} INFO - Sync 3 DAGs
[2026-08-30T23:21:14.251+0330] {logging_mixin.py:190} INFO - [2026-08-30T23:21:14.251+0330] {dag.py:4180} INFO - Setting next_dagrun for example_branch_datetime_operator to 2026-08-29 00:00:00+00:00, run_after=2026-08-30 00:00:00+00:00
[2026-08-30T23:21:14.258+0330] {logging_mixin.py:190} INFO - [2026-08-30T23:21:14.257+0330] {dag.py:4180} INFO - Setting next_dagrun for example_branch_datetime_operator_2 to 2026-08-29 00:00:00+00:00, run_after=2026-08-30 00:00:00+00:00
[2026-08-30T23:21:14.261+0330] {logging_mixin.py:190} INFO - [2026-08-30T23:21:14.261+0330] {dag.py:4180} INFO - Setting next_dagrun for example_branch_datetime_operator_3 to 2026-08-29 00:00:00+00:00, run_after=2026-08-30 00:00:00+00:00
[2026-08-30T23:21:14.290+0330] {processor.py:208} INFO - Processing /home/mmirnezamina/de_final_project/airflowenv/lib/python3.10/site-packages/airflow/example_dags/example_branch_datetime_operator.py took 0.166 seconds
[2026-08-30T23:21:44.800+0330] {processor.py:186} INFO - Started process (PID=15076) to work on /home/mmirnezamina/de_final_project/airflowenv/lib/python3.10/site-packages/airflow/example_dags/example_branch_datetime_operator.py
[2026-08-30T23:21:44.801+0330] {processor.py:914} INFO - Processing file /home/mmirnezamina/de_final_project/airflowenv/lib/python3.10/site-packages/airflow/example_dags/example_branch_datetime_operator.py for tasks to queue
[2026-08-30T23:21:44.802+0330] {logging_mixin.py:190} INFO - [2026-08-30T23:21:44.802+0330] {dagbag.py:588} INFO - Filling up the DagBag from /home/mmirnezamina/de_final_project/airflowenv/lib/python3.10/site-packages/airflow/example_dags/example_branch_datetime_operator.py
[2026-08-30T23:21:44.812+0330] {processor.py:925} INFO - DAG(s) 'example_branch_datetime_operator', 'example_branch_datetime_operator_2', 'example_branch_datetime_operator_3' retrieved from /home/mmirnezamina/de_final_project/airflowenv/lib/python3.10/site-packages/airflow/example_dags/example_branch_datetime_operator.py
[2026-08-30T23:21:44.851+0330] {logging_mixin.py:190} INFO - [2026-08-30T23:21:44.850+0330] {dag.py:3239} INFO - Sync 3 DAGs
[2026-08-30T23:21:44.876+0330] {logging_mixin.py:190} INFO - [2026-08-30T23:21:44.876+0330] {dag.py:4180} INFO - Setting next_dagrun for example_branch_datetime_operator to 2026-08-29 00:00:00+00:00, run_after=2026-08-30 00:00:00+00:00
[2026-08-30T23:21:44.881+0330] {logging_mixin.py:190} INFO - [2026-08-30T23:21:44.881+0330] {dag.py:4180} INFO - Setting next_dagrun for example_branch_datetime_operator_2 to 2026-08-29 00:00:00+00:00, run_after=2026-08-30 00:00:00+00:00
[2026-08-30T23:21:44.883+0330] {logging_mixin.py:190} INFO - [2026-08-30T23:21:44.883+0330] {dag.py:4180} INFO - Setting next_dagrun for example_branch_datetime_operator_3 to 2026-08-29 00:00:00+00:00, run_after=2026-08-30 00:00:00+00:00
[2026-08-30T23:21:44.900+0330] {processor.py:208} INFO - Processing /home/mmirnezamina/de_final_project/airflowenv/lib/python3.10/site-packages/airflow/example_dags/example_branch_datetime_operator.py took 0.108 seconds
[2026-08-30T23:22:16.120+0330] {processor.py:186} INFO - Started process (PID=15203) to work on /home/mmirnezamina/de_final_project/airflowenv/lib/python3.10/site-packages/airflow/example_dags/example_branch_datetime_operator.py
[2026-08-30T23:22:16.121+0330] {processor.py:914} INFO - Processing file /home/mmirnezamina/de_final_project/airflowenv/lib/python3.10/site-packages/airflow/example_dags/example_branch_datetime_operator.py for tasks to queue
[2026-08-30T23:22:16.123+0330] {logging_mixin.py:190} INFO - [2026-08-30T23:22:16.123+0330] {dagbag.py:588} INFO - Filling up the DagBag from /home/mmirnezamina/de_final_project/airflowenv/lib/python3.10/site-packages/airflow/example_dags/example_branch_datetime_operator.py
[2026-08-30T23:22:16.138+0330] {processor.py:925} INFO - DAG(s) 'example_branch_datetime_operator_2', 'example_branch_datetime_operator_3', 'example_branch_datetime_operator' retrieved from /home/mmirnezamina/de_final_project/airflowenv/lib/python3.10/site-packages/airflow/example_dags/example_branch_datetime_operator.py
[2026-08-30T23:22:16.195+0330] {logging_mixin.py:190} INFO - [2026-08-30T23:22:16.195+0330] {dag.py:3239} INFO - Sync 3 DAGs
[2026-08-30T23:22:16.241+0330] {logging_mixin.py:190} INFO - [2026-08-30T23:22:16.240+0330] {dag.py:4180} INFO - Setting next_dagrun for example_branch_datetime_operator to 2026-08-29 00:00:00+00:00, run_after=2026-08-30 00:00:00+00:00
[2026-08-30T23:22:16.250+0330] {logging_mixin.py:190} INFO - [2026-08-30T23:22:16.249+0330] {dag.py:4180} INFO - Setting next_dagrun for example_branch_datetime_operator_2 to 2026-08-29 00:00:00+00:00, run_after=2026-08-30 00:00:00+00:00
[2026-08-30T23:22:16.254+0330] {logging_mixin.py:190} INFO - [2026-08-30T23:22:16.254+0330] {dag.py:4180} INFO - Setting next_dagrun for example_branch_datetime_operator_3 to 2026-08-29 00:00:00+00:00, run_after=2026-08-30 00:00:00+00:00
[2026-08-30T23:22:16.287+0330] {processor.py:208} INFO - Processing /home/mmirnezamina/de_final_project/airflowenv/lib/python3.10/site-packages/airflow/example_dags/example_branch_datetime_operator.py took 0.178 seconds
[2026-08-30T23:22:47.006+0330] {processor.py:186} INFO - Started process (PID=15322) to work on /home/mmirnezamina/de_final_project/airflowenv/lib/python3.10/site-packages/airflow/example_dags/example_branch_datetime_operator.py
[2026-08-30T23:22:47.007+0330] {processor.py:914} INFO - Processing file /home/mmirnezamina/de_final_project/airflowenv/lib/python3.10/site-packages/airflow/example_dags/example_branch_datetime_operator.py for tasks to queue
[2026-08-30T23:22:47.009+0330] {logging_mixin.py:190} INFO - [2026-08-30T23:22:47.009+0330] {dagbag.py:588} INFO - Filling up the DagBag from /home/mmirnezamina/de_final_project/airflowenv/lib/python3.10/site-packages/airflow/example_dags/example_branch_datetime_operator.py
[2026-08-30T23:22:47.028+0330] {processor.py:925} INFO - DAG(s) 'example_branch_datetime_operator_3', 'example_branch_datetime_operator', 'example_branch_datetime_operator_2' retrieved from /home/mmirnezamina/de_final_project/airflowenv/lib/python3.10/site-packages/airflow/example_dags/example_branch_datetime_operator.py
[2026-08-30T23:22:47.094+0330] {logging_mixin.py:190} INFO - [2026-08-30T23:22:47.094+0330] {dag.py:3239} INFO - Sync 3 DAGs
[2026-08-30T23:22:47.143+0330] {logging_mixin.py:190} INFO - [2026-08-30T23:22:47.142+0330] {dag.py:4180} INFO - Setting next_dagrun for example_branch_datetime_operator to 2026-08-29 00:00:00+00:00, run_after=2026-08-30 00:00:00+00:00
[2026-08-30T23:22:47.153+0330] {logging_mixin.py:190} INFO - [2026-08-30T23:22:47.153+0330] {dag.py:4180} INFO - Setting next_dagrun for example_branch_datetime_operator_2 to 2026-08-29 00:00:00+00:00, run_after=2026-08-30 00:00:00+00:00
[2026-08-30T23:22:47.157+0330] {logging_mixin.py:190} INFO - [2026-08-30T23:22:47.157+0330] {dag.py:4180} INFO - Setting next_dagrun for example_branch_datetime_operator_3 to 2026-08-29 00:00:00+00:00, run_after=2026-08-30 00:00:00+00:00
[2026-08-30T23:22:47.190+0330] {processor.py:208} INFO - Processing /home/mmirnezamina/de_final_project/airflowenv/lib/python3.10/site-packages/airflow/example_dags/example_branch_datetime_operator.py took 0.198 seconds
[2026-08-30T23:23:18.066+0330] {processor.py:186} INFO - Started process (PID=15442) to work on /home/mmirnezamina/de_final_project/airflowenv/lib/python3.10/site-packages/airflow/example_dags/example_branch_datetime_operator.py
[2026-08-30T23:23:18.071+0330] {processor.py:914} INFO - Processing file /home/mmirnezamina/de_final_project/airflowenv/lib/python3.10/site-packages/airflow/example_dags/example_branch_datetime_operator.py for tasks to queue
[2026-08-30T23:23:18.076+0330] {logging_mixin.py:190} INFO - [2026-08-30T23:23:18.075+0330] {dagbag.py:588} INFO - Filling up the DagBag from /home/mmirnezamina/de_final_project/airflowenv/lib/python3.10/site-packages/airflow/example_dags/example_branch_datetime_operator.py
[2026-08-30T23:23:18.128+0330] {processor.py:925} INFO - DAG(s) 'example_branch_datetime_operator', 'example_branch_datetime_operator_3', 'example_branch_datetime_operator_2' retrieved from /home/mmirnezamina/de_final_project/airflowenv/lib/python3.10/site-packages/airflow/example_dags/example_branch_datetime_operator.py
[2026-08-30T23:23:18.249+0330] {logging_mixin.py:190} INFO - [2026-08-30T23:23:18.248+0330] {dag.py:3239} INFO - Sync 3 DAGs
[2026-08-30T23:23:18.365+0330] {logging_mixin.py:190} INFO - [2026-08-30T23:23:18.365+0330] {dag.py:4180} INFO - Setting next_dagrun for example_branch_datetime_operator to 2026-08-29 00:00:00+00:00, run_after=2026-08-30 00:00:00+00:00
[2026-08-30T23:23:18.376+0330] {logging_mixin.py:190} INFO - [2026-08-30T23:23:18.376+0330] {dag.py:4180} INFO - Setting next_dagrun for example_branch_datetime_operator_2 to 2026-08-29 00:00:00+00:00, run_after=2026-08-30 00:00:00+00:00
[2026-08-30T23:23:18.383+0330] {logging_mixin.py:190} INFO - [2026-08-30T23:23:18.383+0330] {dag.py:4180} INFO - Setting next_dagrun for example_branch_datetime_operator_3 to 2026-08-29 00:00:00+00:00, run_after=2026-08-30 00:00:00+00:00
[2026-08-30T23:23:18.449+0330] {processor.py:208} INFO - Processing /home/mmirnezamina/de_final_project/airflowenv/lib/python3.10/site-packages/airflow/example_dags/example_branch_datetime_operator.py took 0.404 seconds
[2026-08-30T23:23:48.727+0330] {processor.py:186} INFO - Started process (PID=15559) to work on /home/mmirnezamina/de_final_project/airflowenv/lib/python3.10/site-packages/airflow/example_dags/example_branch_datetime_operator.py
[2026-08-30T23:23:48.729+0330] {processor.py:914} INFO - Processing file /home/mmirnezamina/de_final_project/airflowenv/lib/python3.10/site-packages/airflow/example_dags/example_branch_datetime_operator.py for tasks to queue
[2026-08-30T23:23:48.730+0330] {logging_mixin.py:190} INFO - [2026-08-30T23:23:48.730+0330] {dagbag.py:588} INFO - Filling up the DagBag from /home/mmirnezamina/de_final_project/airflowenv/lib/python3.10/site-packages/airflow/example_dags/example_branch_datetime_operator.py
[2026-08-30T23:23:48.746+0330] {processor.py:925} INFO - DAG(s) 'example_branch_datetime_operator_2', 'example_branch_datetime_operator', 'example_branch_datetime_operator_3' retrieved from /home/mmirnezamina/de_final_project/airflowenv/lib/python3.10/site-packages/airflow/example_dags/example_branch_datetime_operator.py
[2026-08-30T23:23:48.786+0330] {logging_mixin.py:190} INFO - [2026-08-30T23:23:48.786+0330] {dag.py:3239} INFO - Sync 3 DAGs
[2026-08-30T23:23:48.827+0330] {logging_mixin.py:190} INFO - [2026-08-30T23:23:48.826+0330] {dag.py:4180} INFO - Setting next_dagrun for example_branch_datetime_operator to 2026-08-29 00:00:00+00:00, run_after=2026-08-30 00:00:00+00:00
[2026-08-30T23:23:48.832+0330] {logging_mixin.py:190} INFO - [2026-08-30T23:23:48.832+0330] {dag.py:4180} INFO - Setting next_dagrun for example_branch_datetime_operator_2 to 2026-08-29 00:00:00+00:00, run_after=2026-08-30 00:00:00+00:00
[2026-08-30T23:23:48.836+0330] {logging_mixin.py:190} INFO - [2026-08-30T23:23:48.835+0330] {dag.py:4180} INFO - Setting next_dagrun for example_branch_datetime_operator_3 to 2026-08-29 00:00:00+00:00, run_after=2026-08-30 00:00:00+00:00
[2026-08-30T23:23:48.861+0330] {processor.py:208} INFO - Processing /home/mmirnezamina/de_final_project/airflowenv/lib/python3.10/site-packages/airflow/example_dags/example_branch_datetime_operator.py took 0.146 seconds
[2026-08-30T23:24:19.578+0330] {processor.py:186} INFO - Started process (PID=15679) to work on /home/mmirnezamina/de_final_project/airflowenv/lib/python3.10/site-packages/airflow/example_dags/example_branch_datetime_operator.py
[2026-08-30T23:24:19.580+0330] {processor.py:914} INFO - Processing file /home/mmirnezamina/de_final_project/airflowenv/lib/python3.10/site-packages/airflow/example_dags/example_branch_datetime_operator.py for tasks to queue
[2026-08-30T23:24:19.582+0330] {logging_mixin.py:190} INFO - [2026-08-30T23:24:19.581+0330] {dagbag.py:588} INFO - Filling up the DagBag from /home/mmirnezamina/de_final_project/airflowenv/lib/python3.10/site-packages/airflow/example_dags/example_branch_datetime_operator.py
[2026-08-30T23:24:19.612+0330] {processor.py:925} INFO - DAG(s) 'example_branch_datetime_operator', 'example_branch_datetime_operator_3', 'example_branch_datetime_operator_2' retrieved from /home/mmirnezamina/de_final_project/airflowenv/lib/python3.10/site-packages/airflow/example_dags/example_branch_datetime_operator.py
[2026-08-30T23:24:19.684+0330] {logging_mixin.py:190} INFO - [2026-08-30T23:24:19.684+0330] {dag.py:3239} INFO - Sync 3 DAGs
[2026-08-30T23:24:19.730+0330] {logging_mixin.py:190} INFO - [2026-08-30T23:24:19.730+0330] {dag.py:4180} INFO - Setting next_dagrun for example_branch_datetime_operator to 2026-08-29 00:00:00+00:00, run_after=2026-08-30 00:00:00+00:00
[2026-08-30T23:24:19.738+0330] {logging_mixin.py:190} INFO - [2026-08-30T23:24:19.738+0330] {dag.py:4180} INFO - Setting next_dagrun for example_branch_datetime_operator_2 to 2026-08-29 00:00:00+00:00, run_after=2026-08-30 00:00:00+00:00
[2026-08-30T23:24:19.745+0330] {logging_mixin.py:190} INFO - [2026-08-30T23:24:19.745+0330] {dag.py:4180} INFO - Setting next_dagrun for example_branch_datetime_operator_3 to 2026-08-29 00:00:00+00:00, run_after=2026-08-30 00:00:00+00:00
[2026-08-30T23:24:19.779+0330] {processor.py:208} INFO - Processing /home/mmirnezamina/de_final_project/airflowenv/lib/python3.10/site-packages/airflow/example_dags/example_branch_datetime_operator.py took 0.226 seconds
[2026-08-30T23:24:50.807+0330] {processor.py:186} INFO - Started process (PID=15800) to work on /home/mmirnezamina/de_final_project/airflowenv/lib/python3.10/site-packages/airflow/example_dags/example_branch_datetime_operator.py
[2026-08-30T23:24:50.809+0330] {processor.py:914} INFO - Processing file /home/mmirnezamina/de_final_project/airflowenv/lib/python3.10/site-packages/airflow/example_dags/example_branch_datetime_operator.py for tasks to queue
[2026-08-30T23:24:50.813+0330] {logging_mixin.py:190} INFO - [2026-08-30T23:24:50.812+0330] {dagbag.py:588} INFO - Filling up the DagBag from /home/mmirnezamina/de_final_project/airflowenv/lib/python3.10/site-packages/airflow/example_dags/example_branch_datetime_operator.py
[2026-08-30T23:24:50.949+0330] {processor.py:925} INFO - DAG(s) 'example_branch_datetime_operator', 'example_branch_datetime_operator_3', 'example_branch_datetime_operator_2' retrieved from /home/mmirnezamina/de_final_project/airflowenv/lib/python3.10/site-packages/airflow/example_dags/example_branch_datetime_operator.py
[2026-08-30T23:24:51.031+0330] {logging_mixin.py:190} INFO - [2026-08-30T23:24:51.031+0330] {dag.py:3239} INFO - Sync 3 DAGs
[2026-08-30T23:24:51.112+0330] {logging_mixin.py:190} INFO - [2026-08-30T23:24:51.112+0330] {dag.py:4180} INFO - Setting next_dagrun for example_branch_datetime_operator to 2026-08-29 00:00:00+00:00, run_after=2026-08-30 00:00:00+00:00
[2026-08-30T23:24:51.131+0330] {logging_mixin.py:190} INFO - [2026-08-30T23:24:51.131+0330] {dag.py:4180} INFO - Setting next_dagrun for example_branch_datetime_operator_2 to 2026-08-29 00:00:00+00:00, run_after=2026-08-30 00:00:00+00:00
[2026-08-30T23:24:51.140+0330] {logging_mixin.py:190} INFO - [2026-08-30T23:24:51.139+0330] {dag.py:4180} INFO - Setting next_dagrun for example_branch_datetime_operator_3 to 2026-08-29 00:00:00+00:00, run_after=2026-08-30 00:00:00+00:00
[2026-08-30T23:24:51.197+0330] {processor.py:208} INFO - Processing /home/mmirnezamina/de_final_project/airflowenv/lib/python3.10/site-packages/airflow/example_dags/example_branch_datetime_operator.py took 0.415 seconds
[2026-08-30T23:25:21.269+0330] {processor.py:186} INFO - Started process (PID=15949) to work on /home/mmirnezamina/de_final_project/airflowenv/lib/python3.10/site-packages/airflow/example_dags/example_branch_datetime_operator.py
[2026-08-30T23:25:21.271+0330] {processor.py:914} INFO - Processing file /home/mmirnezamina/de_final_project/airflowenv/lib/python3.10/site-packages/airflow/example_dags/example_branch_datetime_operator.py for tasks to queue
[2026-08-30T23:25:21.273+0330] {logging_mixin.py:190} INFO - [2026-08-30T23:25:21.272+0330] {dagbag.py:588} INFO - Filling up the DagBag from /home/mmirnezamina/de_final_project/airflowenv/lib/python3.10/site-packages/airflow/example_dags/example_branch_datetime_operator.py
[2026-08-30T23:25:21.313+0330] {processor.py:925} INFO - DAG(s) 'example_branch_datetime_operator', 'example_branch_datetime_operator_2', 'example_branch_datetime_operator_3' retrieved from /home/mmirnezamina/de_final_project/airflowenv/lib/python3.10/site-packages/airflow/example_dags/example_branch_datetime_operator.py
[2026-08-30T23:25:21.406+0330] {logging_mixin.py:190} INFO - [2026-08-30T23:25:21.405+0330] {dag.py:3239} INFO - Sync 3 DAGs
[2026-08-30T23:25:21.481+0330] {logging_mixin.py:190} INFO - [2026-08-30T23:25:21.480+0330] {dag.py:4180} INFO - Setting next_dagrun for example_branch_datetime_operator to 2026-08-29 00:00:00+00:00, run_after=2026-08-30 00:00:00+00:00
[2026-08-30T23:25:21.496+0330] {logging_mixin.py:190} INFO - [2026-08-30T23:25:21.496+0330] {dag.py:4180} INFO - Setting next_dagrun for example_branch_datetime_operator_2 to 2026-08-29 00:00:00+00:00, run_after=2026-08-30 00:00:00+00:00
[2026-08-30T23:25:21.503+0330] {logging_mixin.py:190} INFO - [2026-08-30T23:25:21.502+0330] {dag.py:4180} INFO - Setting next_dagrun for example_branch_datetime_operator_3 to 2026-08-29 00:00:00+00:00, run_after=2026-08-30 00:00:00+00:00
[2026-08-30T23:25:21.598+0330] {processor.py:208} INFO - Processing /home/mmirnezamina/de_final_project/airflowenv/lib/python3.10/site-packages/airflow/example_dags/example_branch_datetime_operator.py took 0.349 seconds
[2026-08-30T23:25:52.136+0330] {processor.py:186} INFO - Started process (PID=16082) to work on /home/mmirnezamina/de_final_project/airflowenv/lib/python3.10/site-packages/airflow/example_dags/example_branch_datetime_operator.py
[2026-08-30T23:25:52.137+0330] {processor.py:914} INFO - Processing file /home/mmirnezamina/de_final_project/airflowenv/lib/python3.10/site-packages/airflow/example_dags/example_branch_datetime_operator.py for tasks to queue
[2026-08-30T23:25:52.139+0330] {logging_mixin.py:190} INFO - [2026-08-30T23:25:52.138+0330] {dagbag.py:588} INFO - Filling up the DagBag from /home/mmirnezamina/de_final_project/airflowenv/lib/python3.10/site-packages/airflow/example_dags/example_branch_datetime_operator.py
[2026-08-30T23:25:52.160+0330] {processor.py:925} INFO - DAG(s) 'example_branch_datetime_operator_3', 'example_branch_datetime_operator_2', 'example_branch_datetime_operator' retrieved from /home/mmirnezamina/de_final_project/airflowenv/lib/python3.10/site-packages/airflow/example_dags/example_branch_datetime_operator.py
[2026-08-30T23:25:52.219+0330] {logging_mixin.py:190} INFO - [2026-08-30T23:25:52.218+0330] {dag.py:3239} INFO - Sync 3 DAGs
[2026-08-30T23:25:52.257+0330] {logging_mixin.py:190} INFO - [2026-08-30T23:25:52.257+0330] {dag.py:4180} INFO - Setting next_dagrun for example_branch_datetime_operator to 2026-08-29 00:00:00+00:00, run_after=2026-08-30 00:00:00+00:00
[2026-08-30T23:25:52.264+0330] {logging_mixin.py:190} INFO - [2026-08-30T23:25:52.264+0330] {dag.py:4180} INFO - Setting next_dagrun for example_branch_datetime_operator_2 to 2026-08-29 00:00:00+00:00, run_after=2026-08-30 00:00:00+00:00
[2026-08-30T23:25:52.267+0330] {logging_mixin.py:190} INFO - [2026-08-30T23:25:52.267+0330] {dag.py:4180} INFO - Setting next_dagrun for example_branch_datetime_operator_3 to 2026-08-29 00:00:00+00:00, run_after=2026-08-30 00:00:00+00:00
[2026-08-30T23:25:52.299+0330] {processor.py:208} INFO - Processing /home/mmirnezamina/de_final_project/airflowenv/lib/python3.10/site-packages/airflow/example_dags/example_branch_datetime_operator.py took 0.178 seconds
[2026-08-30T23:26:23.462+0330] {processor.py:186} INFO - Started process (PID=16203) to work on /home/mmirnezamina/de_final_project/airflowenv/lib/python3.10/site-packages/airflow/example_dags/example_branch_datetime_operator.py
[2026-08-30T23:26:23.465+0330] {processor.py:914} INFO - Processing file /home/mmirnezamina/de_final_project/airflowenv/lib/python3.10/site-packages/airflow/example_dags/example_branch_datetime_operator.py for tasks to queue
[2026-08-30T23:26:23.468+0330] {logging_mixin.py:190} INFO - [2026-08-30T23:26:23.467+0330] {dagbag.py:588} INFO - Filling up the DagBag from /home/mmirnezamina/de_final_project/airflowenv/lib/python3.10/site-packages/airflow/example_dags/example_branch_datetime_operator.py
[2026-08-30T23:26:23.507+0330] {processor.py:925} INFO - DAG(s) 'example_branch_datetime_operator_3', 'example_branch_datetime_operator_2', 'example_branch_datetime_operator' retrieved from /home/mmirnezamina/de_final_project/airflowenv/lib/python3.10/site-packages/airflow/example_dags/example_branch_datetime_operator.py
[2026-08-30T23:26:23.624+0330] {logging_mixin.py:190} INFO - [2026-08-30T23:26:23.624+0330] {dag.py:3239} INFO - Sync 3 DAGs
[2026-08-30T23:26:23.743+0330] {logging_mixin.py:190} INFO - [2026-08-30T23:26:23.737+0330] {dag.py:4180} INFO - Setting next_dagrun for example_branch_datetime_operator to 2026-08-29 00:00:00+00:00, run_after=2026-08-30 00:00:00+00:00
[2026-08-30T23:26:23.767+0330] {logging_mixin.py:190} INFO - [2026-08-30T23:26:23.766+0330] {dag.py:4180} INFO - Setting next_dagrun for example_branch_datetime_operator_2 to 2026-08-29 00:00:00+00:00, run_after=2026-08-30 00:00:00+00:00
[2026-08-30T23:26:23.782+0330] {logging_mixin.py:190} INFO - [2026-08-30T23:26:23.782+0330] {dag.py:4180} INFO - Setting next_dagrun for example_branch_datetime_operator_3 to 2026-08-29 00:00:00+00:00, run_after=2026-08-30 00:00:00+00:00
[2026-08-30T23:26:23.853+0330] {processor.py:208} INFO - Processing /home/mmirnezamina/de_final_project/airflowenv/lib/python3.10/site-packages/airflow/example_dags/example_branch_datetime_operator.py took 0.419 seconds
[2026-08-30T23:26:54.129+0330] {processor.py:186} INFO - Started process (PID=16321) to work on /home/mmirnezamina/de_final_project/airflowenv/lib/python3.10/site-packages/airflow/example_dags/example_branch_datetime_operator.py
[2026-08-30T23:26:54.131+0330] {processor.py:914} INFO - Processing file /home/mmirnezamina/de_final_project/airflowenv/lib/python3.10/site-packages/airflow/example_dags/example_branch_datetime_operator.py for tasks to queue
[2026-08-30T23:26:54.133+0330] {logging_mixin.py:190} INFO - [2026-08-30T23:26:54.133+0330] {dagbag.py:588} INFO - Filling up the DagBag from /home/mmirnezamina/de_final_project/airflowenv/lib/python3.10/site-packages/airflow/example_dags/example_branch_datetime_operator.py
[2026-08-30T23:26:54.158+0330] {processor.py:925} INFO - DAG(s) 'example_branch_datetime_operator_3', 'example_branch_datetime_operator_2', 'example_branch_datetime_operator' retrieved from /home/mmirnezamina/de_final_project/airflowenv/lib/python3.10/site-packages/airflow/example_dags/example_branch_datetime_operator.py
[2026-08-30T23:26:54.223+0330] {logging_mixin.py:190} INFO - [2026-08-30T23:26:54.223+0330] {dag.py:3239} INFO - Sync 3 DAGs
[2026-08-30T23:26:54.273+0330] {logging_mixin.py:190} INFO - [2026-08-30T23:26:54.272+0330] {dag.py:4180} INFO - Setting next_dagrun for example_branch_datetime_operator to 2026-08-29 00:00:00+00:00, run_after=2026-08-30 00:00:00+00:00
[2026-08-30T23:26:54.285+0330] {logging_mixin.py:190} INFO - [2026-08-30T23:26:54.284+0330] {dag.py:4180} INFO - Setting next_dagrun for example_branch_datetime_operator_2 to 2026-08-29 00:00:00+00:00, run_after=2026-08-30 00:00:00+00:00
[2026-08-30T23:26:54.289+0330] {logging_mixin.py:190} INFO - [2026-08-30T23:26:54.289+0330] {dag.py:4180} INFO - Setting next_dagrun for example_branch_datetime_operator_3 to 2026-08-29 00:00:00+00:00, run_after=2026-08-30 00:00:00+00:00
[2026-08-30T23:26:54.328+0330] {processor.py:208} INFO - Processing /home/mmirnezamina/de_final_project/airflowenv/lib/python3.10/site-packages/airflow/example_dags/example_branch_datetime_operator.py took 0.215 seconds
