[2026-08-30T23:13:47.683+0330] {processor.py:186} INFO - Started process (PID=13171) to work on /home/mmirnezamina/de_final_project/airflowenv/lib/python3.10/site-packages/airflow/example_dags/example_outlet_event_extra.py
[2026-08-30T23:13:47.686+0330] {processor.py:914} INFO - Processing file /home/mmirnezamina/de_final_project/airflowenv/lib/python3.10/site-packages/airflow/example_dags/example_outlet_event_extra.py for tasks to queue
[2026-08-30T23:13:47.690+0330] {logging_mixin.py:190} INFO - [2026-08-30T23:13:47.689+0330] {dagbag.py:588} INFO - Filling up the DagBag from /home/mmirnezamina/de_final_project/airflowenv/lib/python3.10/site-packages/airflow/example_dags/example_outlet_event_extra.py
[2026-08-30T23:13:47.737+0330] {processor.py:925} INFO - DAG(s) 'dataset_with_extra_by_yield', 'dataset_with_extra_by_context', 'dataset_with_extra_from_classic_operator' retrieved from /home/mmirnezamina/de_final_project/airflowenv/lib/python3.10/site-packages/airflow/example_dags/example_outlet_event_extra.py
[2026-08-30T23:13:48.134+0330] {logging_mixin.py:190} INFO - [2026-08-30T23:13:48.131+0330] {override.py:1930} INFO - Created Permission View: can edit on DAG:dataset_with_extra_by_yield
[2026-08-30T23:13:48.188+0330] {logging_mixin.py:190} INFO - [2026-08-30T23:13:48.186+0330] {override.py:1930} INFO - Created Permission View: can read on DAG:dataset_with_extra_by_yield
[2026-08-30T23:13:48.234+0330] {logging_mixin.py:190} INFO - [2026-08-30T23:13:48.233+0330] {override.py:1930} INFO - Created Permission View: can delete on DAG:dataset_with_extra_by_yield
[2026-08-30T23:13:48.278+0330] {logging_mixin.py:190} INFO - [2026-08-30T23:13:48.276+0330] {override.py:1930} INFO - Created Permission View: menu access on DAG Run:dataset_with_extra_by_yield
[2026-08-30T23:13:48.313+0330] {logging_mixin.py:190} INFO - [2026-08-30T23:13:48.312+0330] {override.py:1930} INFO - Created Permission View: can create on DAG Run:dataset_with_extra_by_yield
[2026-08-30T23:13:48.350+0330] {logging_mixin.py:190} INFO - [2026-08-30T23:13:48.349+0330] {override.py:1930} INFO - Created Permission View: can read on DAG Run:dataset_with_extra_by_yield
[2026-08-30T23:13:48.390+0330] {logging_mixin.py:190} INFO - [2026-08-30T23:13:48.389+0330] {override.py:1930} INFO - Created Permission View: can delete on DAG Run:dataset_with_extra_by_yield
[2026-08-30T23:13:48.455+0330] {logging_mixin.py:190} INFO - [2026-08-30T23:13:48.454+0330] {override.py:1930} INFO - Created Permission View: can edit on DAG:dataset_with_extra_by_context
[2026-08-30T23:13:48.497+0330] {logging_mixin.py:190} INFO - [2026-08-30T23:13:48.496+0330] {override.py:1930} INFO - Created Permission View: can read on DAG:dataset_with_extra_by_context
[2026-08-30T23:13:48.538+0330] {logging_mixin.py:190} INFO - [2026-08-30T23:13:48.537+0330] {override.py:1930} INFO - Created Permission View: can delete on DAG:dataset_with_extra_by_context
[2026-08-30T23:13:48.604+0330] {logging_mixin.py:190} INFO - [2026-08-30T23:13:48.602+0330] {override.py:1930} INFO - Created Permission View: menu access on DAG Run:dataset_with_extra_by_context
[2026-08-30T23:13:48.630+0330] {logging_mixin.py:190} INFO - [2026-08-30T23:13:48.629+0330] {override.py:1930} INFO - Created Permission View: can create on DAG Run:dataset_with_extra_by_context
[2026-08-30T23:13:48.661+0330] {logging_mixin.py:190} INFO - [2026-08-30T23:13:48.660+0330] {override.py:1930} INFO - Created Permission View: can read on DAG Run:dataset_with_extra_by_context
[2026-08-30T23:13:48.692+0330] {logging_mixin.py:190} INFO - [2026-08-30T23:13:48.691+0330] {override.py:1930} INFO - Created Permission View: can delete on DAG Run:dataset_with_extra_by_context
[2026-08-30T23:13:48.749+0330] {logging_mixin.py:190} INFO - [2026-08-30T23:13:48.747+0330] {override.py:1930} INFO - Created Permission View: can edit on DAG:dataset_with_extra_from_classic_operator
[2026-08-30T23:13:48.776+0330] {logging_mixin.py:190} INFO - [2026-08-30T23:13:48.775+0330] {override.py:1930} INFO - Created Permission View: can read on DAG:dataset_with_extra_from_classic_operator
[2026-08-30T23:13:48.803+0330] {logging_mixin.py:190} INFO - [2026-08-30T23:13:48.802+0330] {override.py:1930} INFO - Created Permission View: can delete on DAG:dataset_with_extra_from_classic_operator
[2026-08-30T23:13:48.838+0330] {logging_mixin.py:190} INFO - [2026-08-30T23:13:48.837+0330] {override.py:1930} INFO - Created Permission View: menu access on DAG Run:dataset_with_extra_from_classic_operator
[2026-08-30T23:13:48.870+0330] {logging_mixin.py:190} INFO - [2026-08-30T23:13:48.869+0330] {override.py:1930} INFO - Created Permission View: can create on DAG Run:dataset_with_extra_from_classic_operator
[2026-08-30T23:13:48.905+0330] {logging_mixin.py:190} INFO - [2026-08-30T23:13:48.903+0330] {override.py:1930} INFO - Created Permission View: can read on DAG Run:dataset_with_extra_from_classic_operator
[2026-08-30T23:13:48.937+0330] {logging_mixin.py:190} INFO - [2026-08-30T23:13:48.936+0330] {override.py:1930} INFO - Created Permission View: can delete on DAG Run:dataset_with_extra_from_classic_operator
[2026-08-30T23:13:48.939+0330] {logging_mixin.py:190} INFO - [2026-08-30T23:13:48.938+0330] {dag.py:3239} INFO - Sync 3 DAGs
[2026-08-30T23:13:49.043+0330] {logging_mixin.py:190} INFO - [2026-08-30T23:13:49.039+0330] {dag.py:3262} INFO - Creating ORM DAG for dataset_with_extra_from_classic_operator
[2026-08-30T23:13:49.046+0330] {logging_mixin.py:190} INFO - [2026-08-30T23:13:49.046+0330] {dag.py:3262} INFO - Creating ORM DAG for dataset_with_extra_by_context
[2026-08-30T23:13:49.049+0330] {logging_mixin.py:190} INFO - [2026-08-30T23:13:49.048+0330] {dag.py:3262} INFO - Creating ORM DAG for dataset_with_extra_by_yield
[2026-08-30T23:13:49.106+0330] {logging_mixin.py:190} INFO - [2026-08-30T23:13:49.106+0330] {dag.py:4180} INFO - Setting next_dagrun for dataset_with_extra_by_context to 2026-08-29 00:00:00+00:00, run_after=2026-08-30 00:00:00+00:00
[2026-08-30T23:13:49.113+0330] {logging_mixin.py:190} INFO - [2026-08-30T23:13:49.113+0330] {dag.py:4180} INFO - Setting next_dagrun for dataset_with_extra_by_yield to 2026-08-29 00:00:00+00:00, run_after=2026-08-30 00:00:00+00:00
[2026-08-30T23:13:49.119+0330] {logging_mixin.py:190} INFO - [2026-08-30T23:13:49.119+0330] {dag.py:4180} INFO - Setting next_dagrun for dataset_with_extra_from_classic_operator to 2026-08-29 00:00:00+00:00, run_after=2026-08-30 00:00:00+00:00
[2026-08-30T23:13:49.216+0330] {processor.py:208} INFO - Processing /home/mmirnezamina/de_final_project/airflowenv/lib/python3.10/site-packages/airflow/example_dags/example_outlet_event_extra.py took 1.563 seconds
[2026-08-30T23:14:19.513+0330] {processor.py:186} INFO - Started process (PID=13299) to work on /home/mmirnezamina/de_final_project/airflowenv/lib/python3.10/site-packages/airflow/example_dags/example_outlet_event_extra.py
[2026-08-30T23:14:19.514+0330] {processor.py:914} INFO - Processing file /home/mmirnezamina/de_final_project/airflowenv/lib/python3.10/site-packages/airflow/example_dags/example_outlet_event_extra.py for tasks to queue
[2026-08-30T23:14:19.517+0330] {logging_mixin.py:190} INFO - [2026-08-30T23:14:19.516+0330] {dagbag.py:588} INFO - Filling up the DagBag from /home/mmirnezamina/de_final_project/airflowenv/lib/python3.10/site-packages/airflow/example_dags/example_outlet_event_extra.py
[2026-08-30T23:14:19.550+0330] {processor.py:925} INFO - DAG(s) 'dataset_with_extra_from_classic_operator', 'dataset_with_extra_by_context', 'dataset_with_extra_by_yield' retrieved from /home/mmirnezamina/de_final_project/airflowenv/lib/python3.10/site-packages/airflow/example_dags/example_outlet_event_extra.py
[2026-08-30T23:14:19.674+0330] {logging_mixin.py:190} INFO - [2026-08-30T23:14:19.674+0330] {dag.py:3239} INFO - Sync 3 DAGs
[2026-08-30T23:14:19.766+0330] {logging_mixin.py:190} INFO - [2026-08-30T23:14:19.765+0330] {dag.py:4180} INFO - Setting next_dagrun for dataset_with_extra_by_context to 2026-08-29 00:00:00+00:00, run_after=2026-08-30 00:00:00+00:00
[2026-08-30T23:14:19.784+0330] {logging_mixin.py:190} INFO - [2026-08-30T23:14:19.783+0330] {dag.py:4180} INFO - Setting next_dagrun for dataset_with_extra_by_yield to 2026-08-29 00:00:00+00:00, run_after=2026-08-30 00:00:00+00:00
[2026-08-30T23:14:19.795+0330] {logging_mixin.py:190} INFO - [2026-08-30T23:14:19.794+0330] {dag.py:4180} INFO - Setting next_dagrun for dataset_with_extra_from_classic_operator to 2026-08-29 00:00:00+00:00, run_after=2026-08-30 00:00:00+00:00
[2026-08-30T23:14:19.906+0330] {processor.py:208} INFO - Processing /home/mmirnezamina/de_final_project/airflowenv/lib/python3.10/site-packages/airflow/example_dags/example_outlet_event_extra.py took 0.412 seconds
[2026-08-30T23:14:50.662+0330] {processor.py:186} INFO - Started process (PID=13416) to work on /home/mmirnezamina/de_final_project/airflowenv/lib/python3.10/site-packages/airflow/example_dags/example_outlet_event_extra.py
[2026-08-30T23:14:50.664+0330] {processor.py:914} INFO - Processing file /home/mmirnezamina/de_final_project/airflowenv/lib/python3.10/site-packages/airflow/example_dags/example_outlet_event_extra.py for tasks to queue
[2026-08-30T23:14:50.665+0330] {logging_mixin.py:190} INFO - [2026-08-30T23:14:50.665+0330] {dagbag.py:588} INFO - Filling up the DagBag from /home/mmirnezamina/de_final_project/airflowenv/lib/python3.10/site-packages/airflow/example_dags/example_outlet_event_extra.py
[2026-08-30T23:14:50.680+0330] {processor.py:925} INFO - DAG(s) 'dataset_with_extra_by_yield', 'dataset_with_extra_from_classic_operator', 'dataset_with_extra_by_context' retrieved from /home/mmirnezamina/de_final_project/airflowenv/lib/python3.10/site-packages/airflow/example_dags/example_outlet_event_extra.py
[2026-08-30T23:14:50.721+0330] {logging_mixin.py:190} INFO - [2026-08-30T23:14:50.720+0330] {dag.py:3239} INFO - Sync 3 DAGs
[2026-08-30T23:14:50.750+0330] {logging_mixin.py:190} INFO - [2026-08-30T23:14:50.749+0330] {dag.py:4180} INFO - Setting next_dagrun for dataset_with_extra_by_context to 2026-08-29 00:00:00+00:00, run_after=2026-08-30 00:00:00+00:00
[2026-08-30T23:14:50.756+0330] {logging_mixin.py:190} INFO - [2026-08-30T23:14:50.756+0330] {dag.py:4180} INFO - Setting next_dagrun for dataset_with_extra_by_yield to 2026-08-29 00:00:00+00:00, run_after=2026-08-30 00:00:00+00:00
[2026-08-30T23:14:50.760+0330] {logging_mixin.py:190} INFO - [2026-08-30T23:14:50.759+0330] {dag.py:4180} INFO - Setting next_dagrun for dataset_with_extra_from_classic_operator to 2026-08-29 00:00:00+00:00, run_after=2026-08-30 00:00:00+00:00
[2026-08-30T23:14:50.798+0330] {processor.py:208} INFO - Processing /home/mmirnezamina/de_final_project/airflowenv/lib/python3.10/site-packages/airflow/example_dags/example_outlet_event_extra.py took 0.148 seconds
[2026-08-30T23:15:21.352+0330] {processor.py:186} INFO - Started process (PID=13537) to work on /home/mmirnezamina/de_final_project/airflowenv/lib/python3.10/site-packages/airflow/example_dags/example_outlet_event_extra.py
[2026-08-30T23:15:21.355+0330] {processor.py:914} INFO - Processing file /home/mmirnezamina/de_final_project/airflowenv/lib/python3.10/site-packages/airflow/example_dags/example_outlet_event_extra.py for tasks to queue
[2026-08-30T23:15:21.359+0330] {logging_mixin.py:190} INFO - [2026-08-30T23:15:21.358+0330] {dagbag.py:588} INFO - Filling up the DagBag from /home/mmirnezamina/de_final_project/airflowenv/lib/python3.10/site-packages/airflow/example_dags/example_outlet_event_extra.py
[2026-08-30T23:15:21.412+0330] {processor.py:925} INFO - DAG(s) 'dataset_with_extra_from_classic_operator', 'dataset_with_extra_by_yield', 'dataset_with_extra_by_context' retrieved from /home/mmirnezamina/de_final_project/airflowenv/lib/python3.10/site-packages/airflow/example_dags/example_outlet_event_extra.py
[2026-08-30T23:15:21.511+0330] {logging_mixin.py:190} INFO - [2026-08-30T23:15:21.511+0330] {dag.py:3239} INFO - Sync 3 DAGs
[2026-08-30T23:15:21.557+0330] {logging_mixin.py:190} INFO - [2026-08-30T23:15:21.556+0330] {dag.py:4180} INFO - Setting next_dagrun for dataset_with_extra_by_context to 2026-08-29 00:00:00+00:00, run_after=2026-08-30 00:00:00+00:00
[2026-08-30T23:15:21.573+0330] {logging_mixin.py:190} INFO - [2026-08-30T23:15:21.573+0330] {dag.py:4180} INFO - Setting next_dagrun for dataset_with_extra_by_yield to 2026-08-29 00:00:00+00:00, run_after=2026-08-30 00:00:00+00:00
[2026-08-30T23:15:21.582+0330] {logging_mixin.py:190} INFO - [2026-08-30T23:15:21.582+0330] {dag.py:4180} INFO - Setting next_dagrun for dataset_with_extra_from_classic_operator to 2026-08-29 00:00:00+00:00, run_after=2026-08-30 00:00:00+00:00
[2026-08-30T23:15:21.669+0330] {processor.py:208} INFO - Processing /home/mmirnezamina/de_final_project/airflowenv/lib/python3.10/site-packages/airflow/example_dags/example_outlet_event_extra.py took 0.353 seconds
[2026-08-30T23:15:52.609+0330] {processor.py:186} INFO - Started process (PID=13654) to work on /home/mmirnezamina/de_final_project/airflowenv/lib/python3.10/site-packages/airflow/example_dags/example_outlet_event_extra.py
[2026-08-30T23:15:52.611+0330] {processor.py:914} INFO - Processing file /home/mmirnezamina/de_final_project/airflowenv/lib/python3.10/site-packages/airflow/example_dags/example_outlet_event_extra.py for tasks to queue
[2026-08-30T23:15:52.612+0330] {logging_mixin.py:190} INFO - [2026-08-30T23:15:52.612+0330] {dagbag.py:588} INFO - Filling up the DagBag from /home/mmirnezamina/de_final_project/airflowenv/lib/python3.10/site-packages/airflow/example_dags/example_outlet_event_extra.py
[2026-08-30T23:15:52.630+0330] {processor.py:925} INFO - DAG(s) 'dataset_with_extra_from_classic_operator', 'dataset_with_extra_by_context', 'dataset_with_extra_by_yield' retrieved from /home/mmirnezamina/de_final_project/airflowenv/lib/python3.10/site-packages/airflow/example_dags/example_outlet_event_extra.py
[2026-08-30T23:15:52.674+0330] {logging_mixin.py:190} INFO - [2026-08-30T23:15:52.673+0330] {dag.py:3239} INFO - Sync 3 DAGs
[2026-08-30T23:15:52.704+0330] {logging_mixin.py:190} INFO - [2026-08-30T23:15:52.703+0330] {dag.py:4180} INFO - Setting next_dagrun for dataset_with_extra_by_context to 2026-08-29 00:00:00+00:00, run_after=2026-08-30 00:00:00+00:00
[2026-08-30T23:15:52.709+0330] {logging_mixin.py:190} INFO - [2026-08-30T23:15:52.708+0330] {dag.py:4180} INFO - Setting next_dagrun for dataset_with_extra_by_yield to 2026-08-29 00:00:00+00:00, run_after=2026-08-30 00:00:00+00:00
[2026-08-30T23:15:52.712+0330] {logging_mixin.py:190} INFO - [2026-08-30T23:15:52.712+0330] {dag.py:4180} INFO - Setting next_dagrun for dataset_with_extra_from_classic_operator to 2026-08-29 00:00:00+00:00, run_after=2026-08-30 00:00:00+00:00
[2026-08-30T23:15:52.746+0330] {processor.py:208} INFO - Processing /home/mmirnezamina/de_final_project/airflowenv/lib/python3.10/site-packages/airflow/example_dags/example_outlet_event_extra.py took 0.147 seconds
[2026-08-30T23:16:23.204+0330] {processor.py:186} INFO - Started process (PID=13774) to work on /home/mmirnezamina/de_final_project/airflowenv/lib/python3.10/site-packages/airflow/example_dags/example_outlet_event_extra.py
[2026-08-30T23:16:23.206+0330] {processor.py:914} INFO - Processing file /home/mmirnezamina/de_final_project/airflowenv/lib/python3.10/site-packages/airflow/example_dags/example_outlet_event_extra.py for tasks to queue
[2026-08-30T23:16:23.208+0330] {logging_mixin.py:190} INFO - [2026-08-30T23:16:23.207+0330] {dagbag.py:588} INFO - Filling up the DagBag from /home/mmirnezamina/de_final_project/airflowenv/lib/python3.10/site-packages/airflow/example_dags/example_outlet_event_extra.py
[2026-08-30T23:16:23.230+0330] {processor.py:925} INFO - DAG(s) 'dataset_with_extra_by_context', 'dataset_with_extra_by_yield', 'dataset_with_extra_from_classic_operator' retrieved from /home/mmirnezamina/de_final_project/airflowenv/lib/python3.10/site-packages/airflow/example_dags/example_outlet_event_extra.py
[2026-08-30T23:16:23.271+0330] {logging_mixin.py:190} INFO - [2026-08-30T23:16:23.271+0330] {dag.py:3239} INFO - Sync 3 DAGs
[2026-08-30T23:16:23.302+0330] {logging_mixin.py:190} INFO - [2026-08-30T23:16:23.302+0330] {dag.py:4180} INFO - Setting next_dagrun for dataset_with_extra_by_context to 2026-08-29 00:00:00+00:00, run_after=2026-08-30 00:00:00+00:00
[2026-08-30T23:16:23.310+0330] {logging_mixin.py:190} INFO - [2026-08-30T23:16:23.309+0330] {dag.py:4180} INFO - Setting next_dagrun for dataset_with_extra_by_yield to 2026-08-29 00:00:00+00:00, run_after=2026-08-30 00:00:00+00:00
[2026-08-30T23:16:23.313+0330] {logging_mixin.py:190} INFO - [2026-08-30T23:16:23.313+0330] {dag.py:4180} INFO - Setting next_dagrun for dataset_with_extra_from_classic_operator to 2026-08-29 00:00:00+00:00, run_after=2026-08-30 00:00:00+00:00
[2026-08-30T23:16:23.347+0330] {processor.py:208} INFO - Processing /home/mmirnezamina/de_final_project/airflowenv/lib/python3.10/site-packages/airflow/example_dags/example_outlet_event_extra.py took 0.158 seconds
[2026-08-30T23:16:53.612+0330] {processor.py:186} INFO - Started process (PID=13923) to work on /home/mmirnezamina/de_final_project/airflowenv/lib/python3.10/site-packages/airflow/example_dags/example_outlet_event_extra.py
[2026-08-30T23:16:53.614+0330] {processor.py:914} INFO - Processing file /home/mmirnezamina/de_final_project/airflowenv/lib/python3.10/site-packages/airflow/example_dags/example_outlet_event_extra.py for tasks to queue
[2026-08-30T23:16:53.616+0330] {logging_mixin.py:190} INFO - [2026-08-30T23:16:53.616+0330] {dagbag.py:588} INFO - Filling up the DagBag from /home/mmirnezamina/de_final_project/airflowenv/lib/python3.10/site-packages/airflow/example_dags/example_outlet_event_extra.py
[2026-08-30T23:16:53.632+0330] {processor.py:925} INFO - DAG(s) 'dataset_with_extra_by_context', 'dataset_with_extra_from_classic_operator', 'dataset_with_extra_by_yield' retrieved from /home/mmirnezamina/de_final_project/airflowenv/lib/python3.10/site-packages/airflow/example_dags/example_outlet_event_extra.py
[2026-08-30T23:16:53.670+0330] {logging_mixin.py:190} INFO - [2026-08-30T23:16:53.670+0330] {dag.py:3239} INFO - Sync 3 DAGs
[2026-08-30T23:16:53.696+0330] {logging_mixin.py:190} INFO - [2026-08-30T23:16:53.695+0330] {dag.py:4180} INFO - Setting next_dagrun for dataset_with_extra_by_context to 2026-08-29 00:00:00+00:00, run_after=2026-08-30 00:00:00+00:00
[2026-08-30T23:16:53.701+0330] {logging_mixin.py:190} INFO - [2026-08-30T23:16:53.700+0330] {dag.py:4180} INFO - Setting next_dagrun for dataset_with_extra_by_yield to 2026-08-29 00:00:00+00:00, run_after=2026-08-30 00:00:00+00:00
[2026-08-30T23:16:53.704+0330] {logging_mixin.py:190} INFO - [2026-08-30T23:16:53.704+0330] {dag.py:4180} INFO - Setting next_dagrun for dataset_with_extra_from_classic_operator to 2026-08-29 00:00:00+00:00, run_after=2026-08-30 00:00:00+00:00
[2026-08-30T23:16:53.733+0330] {processor.py:208} INFO - Processing /home/mmirnezamina/de_final_project/airflowenv/lib/python3.10/site-packages/airflow/example_dags/example_outlet_event_extra.py took 0.128 seconds
[2026-08-30T23:17:24.485+0330] {processor.py:186} INFO - Started process (PID=14061) to work on /home/mmirnezamina/de_final_project/airflowenv/lib/python3.10/site-packages/airflow/example_dags/example_outlet_event_extra.py
[2026-08-30T23:17:24.486+0330] {processor.py:914} INFO - Processing file /home/mmirnezamina/de_final_project/airflowenv/lib/python3.10/site-packages/airflow/example_dags/example_outlet_event_extra.py for tasks to queue
[2026-08-30T23:17:24.488+0330] {logging_mixin.py:190} INFO - [2026-08-30T23:17:24.488+0330] {dagbag.py:588} INFO - Filling up the DagBag from /home/mmirnezamina/de_final_project/airflowenv/lib/python3.10/site-packages/airflow/example_dags/example_outlet_event_extra.py
[2026-08-30T23:17:24.518+0330] {processor.py:925} INFO - DAG(s) 'dataset_with_extra_by_yield', 'dataset_with_extra_by_context', 'dataset_with_extra_from_classic_operator' retrieved from /home/mmirnezamina/de_final_project/airflowenv/lib/python3.10/site-packages/airflow/example_dags/example_outlet_event_extra.py
[2026-08-30T23:17:24.597+0330] {logging_mixin.py:190} INFO - [2026-08-30T23:17:24.597+0330] {dag.py:3239} INFO - Sync 3 DAGs
[2026-08-30T23:17:24.667+0330] {logging_mixin.py:190} INFO - [2026-08-30T23:17:24.666+0330] {dag.py:4180} INFO - Setting next_dagrun for dataset_with_extra_by_context to 2026-08-29 00:00:00+00:00, run_after=2026-08-30 00:00:00+00:00
[2026-08-30T23:17:24.683+0330] {logging_mixin.py:190} INFO - [2026-08-30T23:17:24.682+0330] {dag.py:4180} INFO - Setting next_dagrun for dataset_with_extra_by_yield to 2026-08-29 00:00:00+00:00, run_after=2026-08-30 00:00:00+00:00
[2026-08-30T23:17:24.689+0330] {logging_mixin.py:190} INFO - [2026-08-30T23:17:24.688+0330] {dag.py:4180} INFO - Setting next_dagrun for dataset_with_extra_from_classic_operator to 2026-08-29 00:00:00+00:00, run_after=2026-08-30 00:00:00+00:00
[2026-08-30T23:17:24.742+0330] {processor.py:208} INFO - Processing /home/mmirnezamina/de_final_project/airflowenv/lib/python3.10/site-packages/airflow/example_dags/example_outlet_event_extra.py took 0.275 seconds
[2026-08-30T23:17:55.497+0330] {processor.py:186} INFO - Started process (PID=14184) to work on /home/mmirnezamina/de_final_project/airflowenv/lib/python3.10/site-packages/airflow/example_dags/example_outlet_event_extra.py
[2026-08-30T23:17:55.499+0330] {processor.py:914} INFO - Processing file /home/mmirnezamina/de_final_project/airflowenv/lib/python3.10/site-packages/airflow/example_dags/example_outlet_event_extra.py for tasks to queue
[2026-08-30T23:17:55.501+0330] {logging_mixin.py:190} INFO - [2026-08-30T23:17:55.501+0330] {dagbag.py:588} INFO - Filling up the DagBag from /home/mmirnezamina/de_final_project/airflowenv/lib/python3.10/site-packages/airflow/example_dags/example_outlet_event_extra.py
[2026-08-30T23:17:55.518+0330] {processor.py:925} INFO - DAG(s) 'dataset_with_extra_from_classic_operator', 'dataset_with_extra_by_context', 'dataset_with_extra_by_yield' retrieved from /home/mmirnezamina/de_final_project/airflowenv/lib/python3.10/site-packages/airflow/example_dags/example_outlet_event_extra.py
[2026-08-30T23:17:55.565+0330] {logging_mixin.py:190} INFO - [2026-08-30T23:17:55.565+0330] {dag.py:3239} INFO - Sync 3 DAGs
[2026-08-30T23:17:55.604+0330] {logging_mixin.py:190} INFO - [2026-08-30T23:17:55.604+0330] {dag.py:4180} INFO - Setting next_dagrun for dataset_with_extra_by_context to 2026-08-29 00:00:00+00:00, run_after=2026-08-30 00:00:00+00:00
[2026-08-30T23:17:55.612+0330] {logging_mixin.py:190} INFO - [2026-08-30T23:17:55.611+0330] {dag.py:4180} INFO - Setting next_dagrun for dataset_with_extra_by_yield to 2026-08-29 00:00:00+00:00, run_after=2026-08-30 00:00:00+00:00
[2026-08-30T23:17:55.616+0330] {logging_mixin.py:190} INFO - [2026-08-30T23:17:55.615+0330] {dag.py:4180} INFO - Setting next_dagrun for dataset_with_extra_from_classic_operator to 2026-08-29 00:00:00+00:00, run_after=2026-08-30 00:00:00+00:00
[2026-08-30T23:17:55.653+0330] {processor.py:208} INFO - Processing /home/mmirnezamina/de_final_project/airflowenv/lib/python3.10/site-packages/airflow/example_dags/example_outlet_event_extra.py took 0.168 seconds
[2026-08-30T23:18:25.875+0330] {processor.py:186} INFO - Started process (PID=14304) to work on /home/mmirnezamina/de_final_project/airflowenv/lib/python3.10/site-packages/airflow/example_dags/example_outlet_event_extra.py
[2026-08-30T23:18:25.878+0330] {processor.py:914} INFO - Processing file /home/mmirnezamina/de_final_project/airflowenv/lib/python3.10/site-packages/airflow/example_dags/example_outlet_event_extra.py for tasks to queue
[2026-08-30T23:18:25.881+0330] {logging_mixin.py:190} INFO - [2026-08-30T23:18:25.880+0330] {dagbag.py:588} INFO - Filling up the DagBag from /home/mmirnezamina/de_final_project/airflowenv/lib/python3.10/site-packages/airflow/example_dags/example_outlet_event_extra.py
[2026-08-30T23:18:25.930+0330] {processor.py:925} INFO - DAG(s) 'dataset_with_extra_by_yield', 'dataset_with_extra_by_context', 'dataset_with_extra_from_classic_operator' retrieved from /home/mmirnezamina/de_final_project/airflowenv/lib/python3.10/site-packages/airflow/example_dags/example_outlet_event_extra.py
[2026-08-30T23:18:25.993+0330] {logging_mixin.py:190} INFO - [2026-08-30T23:18:25.993+0330] {dag.py:3239} INFO - Sync 3 DAGs
[2026-08-30T23:18:26.036+0330] {logging_mixin.py:190} INFO - [2026-08-30T23:18:26.035+0330] {dag.py:4180} INFO - Setting next_dagrun for dataset_with_extra_by_context to 2026-08-29 00:00:00+00:00, run_after=2026-08-30 00:00:00+00:00
[2026-08-30T23:18:26.045+0330] {logging_mixin.py:190} INFO - [2026-08-30T23:18:26.045+0330] {dag.py:4180} INFO - Setting next_dagrun for dataset_with_extra_by_yield to 2026-08-29 00:00:00+00:00, run_after=2026-08-30 00:00:00+00:00
[2026-08-30T23:18:26.051+0330] {logging_mixin.py:190} INFO - [2026-08-30T23:18:26.051+0330] {dag.py:4180} INFO - Setting next_dagrun for dataset_with_extra_from_classic_operator to 2026-08-29 00:00:00+00:00, run_after=2026-08-30 00:00:00+00:00
[2026-08-30T23:18:26.097+0330] {processor.py:208} INFO - Processing /home/mmirnezamina/de_final_project/airflowenv/lib/python3.10/site-packages/airflow/example_dags/example_outlet_event_extra.py took 0.239 seconds
[2026-08-30T23:18:56.552+0330] {processor.py:186} INFO - Started process (PID=14421) to work on /home/mmirnezamina/de_final_project/airflowenv/lib/python3.10/site-packages/airflow/example_dags/example_outlet_event_extra.py
[2026-08-30T23:18:56.553+0330] {processor.py:914} INFO - Processing file /home/mmirnezamina/de_final_project/airflowenv/lib/python3.10/site-packages/airflow/example_dags/example_outlet_event_extra.py for tasks to queue
[2026-08-30T23:18:56.554+0330] {logging_mixin.py:190} INFO - [2026-08-30T23:18:56.554+0330] {dagbag.py:588} INFO - Filling up the DagBag from /home/mmirnezamina/de_final_project/airflowenv/lib/python3.10/site-packages/airflow/example_dags/example_outlet_event_extra.py
[2026-08-30T23:18:56.567+0330] {processor.py:925} INFO - DAG(s) 'dataset_with_extra_by_yield', 'dataset_with_extra_by_context', 'dataset_with_extra_from_classic_operator' retrieved from /home/mmirnezamina/de_final_project/airflowenv/lib/python3.10/site-packages/airflow/example_dags/example_outlet_event_extra.py
[2026-08-30T23:18:56.600+0330] {logging_mixin.py:190} INFO - [2026-08-30T23:18:56.600+0330] {dag.py:3239} INFO - Sync 3 DAGs
[2026-08-30T23:18:56.625+0330] {logging_mixin.py:190} INFO - [2026-08-30T23:18:56.625+0330] {dag.py:4180} INFO - Setting next_dagrun for dataset_with_extra_by_context to 2026-08-29 00:00:00+00:00, run_after=2026-08-30 00:00:00+00:00
[2026-08-30T23:18:56.630+0330] {logging_mixin.py:190} INFO - [2026-08-30T23:18:56.629+0330] {dag.py:4180} INFO - Setting next_dagrun for dataset_with_extra_by_yield to 2026-08-29 00:00:00+00:00, run_after=2026-08-30 00:00:00+00:00
[2026-08-30T23:18:56.632+0330] {logging_mixin.py:190} INFO - [2026-08-30T23:18:56.632+0330] {dag.py:4180} INFO - Setting next_dagrun for dataset_with_extra_from_classic_operator to 2026-08-29 00:00:00+00:00, run_after=2026-08-30 00:00:00+00:00
[2026-08-30T23:18:56.660+0330] {processor.py:208} INFO - Processing /home/mmirnezamina/de_final_project/airflowenv/lib/python3.10/site-packages/airflow/example_dags/example_outlet_event_extra.py took 0.117 seconds
[2026-08-30T23:19:27.033+0330] {processor.py:186} INFO - Started process (PID=14541) to work on /home/mmirnezamina/de_final_project/airflowenv/lib/python3.10/site-packages/airflow/example_dags/example_outlet_event_extra.py
[2026-08-30T23:19:27.034+0330] {processor.py:914} INFO - Processing file /home/mmirnezamina/de_final_project/airflowenv/lib/python3.10/site-packages/airflow/example_dags/example_outlet_event_extra.py for tasks to queue
[2026-08-30T23:19:27.035+0330] {logging_mixin.py:190} INFO - [2026-08-30T23:19:27.035+0330] {dagbag.py:588} INFO - Filling up the DagBag from /home/mmirnezamina/de_final_project/airflowenv/lib/python3.10/site-packages/airflow/example_dags/example_outlet_event_extra.py
[2026-08-30T23:19:27.049+0330] {processor.py:925} INFO - DAG(s) 'dataset_with_extra_by_context', 'dataset_with_extra_from_classic_operator', 'dataset_with_extra_by_yield' retrieved from /home/mmirnezamina/de_final_project/airflowenv/lib/python3.10/site-packages/airflow/example_dags/example_outlet_event_extra.py
[2026-08-30T23:19:27.088+0330] {logging_mixin.py:190} INFO - [2026-08-30T23:19:27.088+0330] {dag.py:3239} INFO - Sync 3 DAGs
[2026-08-30T23:19:27.114+0330] {logging_mixin.py:190} INFO - [2026-08-30T23:19:27.114+0330] {dag.py:4180} INFO - Setting next_dagrun for dataset_with_extra_by_context to 2026-08-29 00:00:00+00:00, run_after=2026-08-30 00:00:00+00:00
[2026-08-30T23:19:27.120+0330] {logging_mixin.py:190} INFO - [2026-08-30T23:19:27.119+0330] {dag.py:4180} INFO - Setting next_dagrun for dataset_with_extra_by_yield to 2026-08-29 00:00:00+00:00, run_after=2026-08-30 00:00:00+00:00
[2026-08-30T23:19:27.122+0330] {logging_mixin.py:190} INFO - [2026-08-30T23:19:27.122+0330] {dag.py:4180} INFO - Setting next_dagrun for dataset_with_extra_from_classic_operator to 2026-08-29 00:00:00+00:00, run_after=2026-08-30 00:00:00+00:00
[2026-08-30T23:19:27.150+0330] {processor.py:208} INFO - Processing /home/mmirnezamina/de_final_project/airflowenv/lib/python3.10/site-packages/airflow/example_dags/example_outlet_event_extra.py took 0.126 seconds
[2026-08-30T23:19:57.418+0330] {processor.py:186} INFO - Started process (PID=14660) to work on /home/mmirnezamina/de_final_project/airflowenv/lib/python3.10/site-packages/airflow/example_dags/example_outlet_event_extra.py
[2026-08-30T23:19:57.425+0330] {processor.py:914} INFO - Processing file /home/mmirnezamina/de_final_project/airflowenv/lib/python3.10/site-packages/airflow/example_dags/example_outlet_event_extra.py for tasks to queue
[2026-08-30T23:19:57.429+0330] {logging_mixin.py:190} INFO - [2026-08-30T23:19:57.428+0330] {dagbag.py:588} INFO - Filling up the DagBag from /home/mmirnezamina/de_final_project/airflowenv/lib/python3.10/site-packages/airflow/example_dags/example_outlet_event_extra.py
[2026-08-30T23:19:57.464+0330] {processor.py:925} INFO - DAG(s) 'dataset_with_extra_by_context', 'dataset_with_extra_by_yield', 'dataset_with_extra_from_classic_operator' retrieved from /home/mmirnezamina/de_final_project/airflowenv/lib/python3.10/site-packages/airflow/example_dags/example_outlet_event_extra.py
[2026-08-30T23:19:57.537+0330] {logging_mixin.py:190} INFO - [2026-08-30T23:19:57.536+0330] {dag.py:3239} INFO - Sync 3 DAGs
[2026-08-30T23:19:57.598+0330] {logging_mixin.py:190} INFO - [2026-08-30T23:19:57.598+0330] {dag.py:4180} INFO - Setting next_dagrun for dataset_with_extra_by_context to 2026-08-29 00:00:00+00:00, run_after=2026-08-30 00:00:00+00:00
[2026-08-30T23:19:57.609+0330] {logging_mixin.py:190} INFO - [2026-08-30T23:19:57.608+0330] {dag.py:4180} INFO - Setting next_dagrun for dataset_with_extra_by_yield to 2026-08-29 00:00:00+00:00, run_after=2026-08-30 00:00:00+00:00
[2026-08-30T23:19:57.616+0330] {logging_mixin.py:190} INFO - [2026-08-30T23:19:57.615+0330] {dag.py:4180} INFO - Setting next_dagrun for dataset_with_extra_from_classic_operator to 2026-08-29 00:00:00+00:00, run_after=2026-08-30 00:00:00+00:00
[2026-08-30T23:19:57.675+0330] {processor.py:208} INFO - Processing /home/mmirnezamina/de_final_project/airflowenv/lib/python3.10/site-packages/airflow/example_dags/example_outlet_event_extra.py took 0.275 seconds
[2026-08-30T23:20:28.228+0330] {processor.py:186} INFO - Started process (PID=14782) to work on /home/mmirnezamina/de_final_project/airflowenv/lib/python3.10/site-packages/airflow/example_dags/example_outlet_event_extra.py
[2026-08-30T23:20:28.230+0330] {processor.py:914} INFO - Processing file /home/mmirnezamina/de_final_project/airflowenv/lib/python3.10/site-packages/airflow/example_dags/example_outlet_event_extra.py for tasks to queue
[2026-08-30T23:20:28.231+0330] {logging_mixin.py:190} INFO - [2026-08-30T23:20:28.231+0330] {dagbag.py:588} INFO - Filling up the DagBag from /home/mmirnezamina/de_final_project/airflowenv/lib/python3.10/site-packages/airflow/example_dags/example_outlet_event_extra.py
[2026-08-30T23:20:28.246+0330] {processor.py:925} INFO - DAG(s) 'dataset_with_extra_by_yield', 'dataset_with_extra_by_context', 'dataset_with_extra_from_classic_operator' retrieved from /home/mmirnezamina/de_final_project/airflowenv/lib/python3.10/site-packages/airflow/example_dags/example_outlet_event_extra.py
[2026-08-30T23:20:28.276+0330] {logging_mixin.py:190} INFO - [2026-08-30T23:20:28.276+0330] {dag.py:3239} INFO - Sync 3 DAGs
[2026-08-30T23:20:28.299+0330] {logging_mixin.py:190} INFO - [2026-08-30T23:20:28.298+0330] {dag.py:4180} INFO - Setting next_dagrun for dataset_with_extra_by_context to 2026-08-29 00:00:00+00:00, run_after=2026-08-30 00:00:00+00:00
[2026-08-30T23:20:28.303+0330] {logging_mixin.py:190} INFO - [2026-08-30T23:20:28.303+0330] {dag.py:4180} INFO - Setting next_dagrun for dataset_with_extra_by_yield to 2026-08-29 00:00:00+00:00, run_after=2026-08-30 00:00:00+00:00
[2026-08-30T23:20:28.305+0330] {logging_mixin.py:190} INFO - [2026-08-30T23:20:28.305+0330] {dag.py:4180} INFO - Setting next_dagrun for dataset_with_extra_from_classic_operator to 2026-08-29 00:00:00+00:00, run_after=2026-08-30 00:00:00+00:00
[2026-08-30T23:20:28.333+0330] {processor.py:208} INFO - Processing /home/mmirnezamina/de_final_project/airflowenv/lib/python3.10/site-packages/airflow/example_dags/example_outlet_event_extra.py took 0.115 seconds
[2026-08-30T23:20:58.588+0330] {processor.py:186} INFO - Started process (PID=14901) to work on /home/mmirnezamina/de_final_project/airflowenv/lib/python3.10/site-packages/airflow/example_dags/example_outlet_event_extra.py
[2026-08-30T23:20:58.589+0330] {processor.py:914} INFO - Processing file /home/mmirnezamina/de_final_project/airflowenv/lib/python3.10/site-packages/airflow/example_dags/example_outlet_event_extra.py for tasks to queue
[2026-08-30T23:20:58.590+0330] {logging_mixin.py:190} INFO - [2026-08-30T23:20:58.589+0330] {dagbag.py:588} INFO - Filling up the DagBag from /home/mmirnezamina/de_final_project/airflowenv/lib/python3.10/site-packages/airflow/example_dags/example_outlet_event_extra.py
[2026-08-30T23:20:58.604+0330] {processor.py:925} INFO - DAG(s) 'dataset_with_extra_from_classic_operator', 'dataset_with_extra_by_context', 'dataset_with_extra_by_yield' retrieved from /home/mmirnezamina/de_final_project/airflowenv/lib/python3.10/site-packages/airflow/example_dags/example_outlet_event_extra.py
[2026-08-30T23:20:58.634+0330] {logging_mixin.py:190} INFO - [2026-08-30T23:20:58.634+0330] {dag.py:3239} INFO - Sync 3 DAGs
[2026-08-30T23:20:58.656+0330] {logging_mixin.py:190} INFO - [2026-08-30T23:20:58.656+0330] {dag.py:4180} INFO - Setting next_dagrun for dataset_with_extra_by_context to 2026-08-29 00:00:00+00:00, run_after=2026-08-30 00:00:00+00:00
[2026-08-30T23:20:58.660+0330] {logging_mixin.py:190} INFO - [2026-08-30T23:20:58.660+0330] {dag.py:4180} INFO - Setting next_dagrun for dataset_with_extra_by_yield to 2026-08-29 00:00:00+00:00, run_after=2026-08-30 00:00:00+00:00
[2026-08-30T23:20:58.662+0330] {logging_mixin.py:190} INFO - [2026-08-30T23:20:58.662+0330] {dag.py:4180} INFO - Setting next_dagrun for dataset_with_extra_from_classic_operator to 2026-08-29 00:00:00+00:00, run_after=2026-08-30 00:00:00+00:00
[2026-08-30T23:20:58.687+0330] {processor.py:208} INFO - Processing /home/mmirnezamina/de_final_project/airflowenv/lib/python3.10/site-packages/airflow/example_dags/example_outlet_event_extra.py took 0.108 seconds
[2026-08-30T23:21:29.249+0330] {processor.py:186} INFO - Started process (PID=15019) to work on /home/mmirnezamina/de_final_project/airflowenv/lib/python3.10/site-packages/airflow/example_dags/example_outlet_event_extra.py
[2026-08-30T23:21:29.252+0330] {processor.py:914} INFO - Processing file /home/mmirnezamina/de_final_project/airflowenv/lib/python3.10/site-packages/airflow/example_dags/example_outlet_event_extra.py for tasks to queue
[2026-08-30T23:21:29.253+0330] {logging_mixin.py:190} INFO - [2026-08-30T23:21:29.253+0330] {dagbag.py:588} INFO - Filling up the DagBag from /home/mmirnezamina/de_final_project/airflowenv/lib/python3.10/site-packages/airflow/example_dags/example_outlet_event_extra.py
[2026-08-30T23:21:29.274+0330] {processor.py:925} INFO - DAG(s) 'dataset_with_extra_by_context', 'dataset_with_extra_by_yield', 'dataset_with_extra_from_classic_operator' retrieved from /home/mmirnezamina/de_final_project/airflowenv/lib/python3.10/site-packages/airflow/example_dags/example_outlet_event_extra.py
[2026-08-30T23:21:29.318+0330] {logging_mixin.py:190} INFO - [2026-08-30T23:21:29.317+0330] {dag.py:3239} INFO - Sync 3 DAGs
[2026-08-30T23:21:29.348+0330] {logging_mixin.py:190} INFO - [2026-08-30T23:21:29.348+0330] {dag.py:4180} INFO - Setting next_dagrun for dataset_with_extra_by_context to 2026-08-29 00:00:00+00:00, run_after=2026-08-30 00:00:00+00:00
[2026-08-30T23:21:29.353+0330] {logging_mixin.py:190} INFO - [2026-08-30T23:21:29.353+0330] {dag.py:4180} INFO - Setting next_dagrun for dataset_with_extra_by_yield to 2026-08-29 00:00:00+00:00, run_after=2026-08-30 00:00:00+00:00
[2026-08-30T23:21:29.356+0330] {logging_mixin.py:190} INFO - [2026-08-30T23:21:29.356+0330] {dag.py:4180} INFO - Setting next_dagrun for dataset_with_extra_from_classic_operator to 2026-08-29 00:00:00+00:00, run_after=2026-08-30 00:00:00+00:00
[2026-08-30T23:21:29.385+0330] {processor.py:208} INFO - Processing /home/mmirnezamina/de_final_project/airflowenv/lib/python3.10/site-packages/airflow/example_dags/example_outlet_event_extra.py took 0.149 seconds
[2026-08-30T23:21:59.506+0330] {processor.py:186} INFO - Started process (PID=15140) to work on /home/mmirnezamina/de_final_project/airflowenv/lib/python3.10/site-packages/airflow/example_dags/example_outlet_event_extra.py
[2026-08-30T23:21:59.507+0330] {processor.py:914} INFO - Processing file /home/mmirnezamina/de_final_project/airflowenv/lib/python3.10/site-packages/airflow/example_dags/example_outlet_event_extra.py for tasks to queue
[2026-08-30T23:21:59.508+0330] {logging_mixin.py:190} INFO - [2026-08-30T23:21:59.508+0330] {dagbag.py:588} INFO - Filling up the DagBag from /home/mmirnezamina/de_final_project/airflowenv/lib/python3.10/site-packages/airflow/example_dags/example_outlet_event_extra.py
[2026-08-30T23:21:59.518+0330] {processor.py:925} INFO - DAG(s) 'dataset_with_extra_by_context', 'dataset_with_extra_from_classic_operator', 'dataset_with_extra_by_yield' retrieved from /home/mmirnezamina/de_final_project/airflowenv/lib/python3.10/site-packages/airflow/example_dags/example_outlet_event_extra.py
[2026-08-30T23:21:59.549+0330] {logging_mixin.py:190} INFO - [2026-08-30T23:21:59.548+0330] {dag.py:3239} INFO - Sync 3 DAGs
[2026-08-30T23:21:59.566+0330] {logging_mixin.py:190} INFO - [2026-08-30T23:21:59.566+0330] {dag.py:4180} INFO - Setting next_dagrun for dataset_with_extra_by_context to 2026-08-29 00:00:00+00:00, run_after=2026-08-30 00:00:00+00:00
[2026-08-30T23:21:59.570+0330] {logging_mixin.py:190} INFO - [2026-08-30T23:21:59.570+0330] {dag.py:4180} INFO - Setting next_dagrun for dataset_with_extra_by_yield to 2026-08-29 00:00:00+00:00, run_after=2026-08-30 00:00:00+00:00
[2026-08-30T23:21:59.572+0330] {logging_mixin.py:190} INFO - [2026-08-30T23:21:59.572+0330] {dag.py:4180} INFO - Setting next_dagrun for dataset_with_extra_from_classic_operator to 2026-08-29 00:00:00+00:00, run_after=2026-08-30 00:00:00+00:00
[2026-08-30T23:21:59.593+0330] {processor.py:208} INFO - Processing /home/mmirnezamina/de_final_project/airflowenv/lib/python3.10/site-packages/airflow/example_dags/example_outlet_event_extra.py took 0.094 seconds
[2026-08-30T23:22:30.063+0330] {processor.py:186} INFO - Started process (PID=15257) to work on /home/mmirnezamina/de_final_project/airflowenv/lib/python3.10/site-packages/airflow/example_dags/example_outlet_event_extra.py
[2026-08-30T23:22:30.065+0330] {processor.py:914} INFO - Processing file /home/mmirnezamina/de_final_project/airflowenv/lib/python3.10/site-packages/airflow/example_dags/example_outlet_event_extra.py for tasks to queue
[2026-08-30T23:22:30.066+0330] {logging_mixin.py:190} INFO - [2026-08-30T23:22:30.066+0330] {dagbag.py:588} INFO - Filling up the DagBag from /home/mmirnezamina/de_final_project/airflowenv/lib/python3.10/site-packages/airflow/example_dags/example_outlet_event_extra.py
[2026-08-30T23:22:30.078+0330] {processor.py:925} INFO - DAG(s) 'dataset_with_extra_by_context', 'dataset_with_extra_by_yield', 'dataset_with_extra_from_classic_operator' retrieved from /home/mmirnezamina/de_final_project/airflowenv/lib/python3.10/site-packages/airflow/example_dags/example_outlet_event_extra.py
[2026-08-30T23:22:30.111+0330] {logging_mixin.py:190} INFO - [2026-08-30T23:22:30.110+0330] {dag.py:3239} INFO - Sync 3 DAGs
[2026-08-30T23:22:30.130+0330] {logging_mixin.py:190} INFO - [2026-08-30T23:22:30.130+0330] {dag.py:4180} INFO - Setting next_dagrun for dataset_with_extra_by_context to 2026-08-29 00:00:00+00:00, run_after=2026-08-30 00:00:00+00:00
[2026-08-30T23:22:30.134+0330] {logging_mixin.py:190} INFO - [2026-08-30T23:22:30.134+0330] {dag.py:4180} INFO - Setting next_dagrun for dataset_with_extra_by_yield to 2026-08-29 00:00:00+00:00, run_after=2026-08-30 00:00:00+00:00
[2026-08-30T23:22:30.137+0330] {logging_mixin.py:190} INFO - [2026-08-30T23:22:30.137+0330] {dag.py:4180} INFO - Setting next_dagrun for dataset_with_extra_from_classic_operator to 2026-08-29 00:00:00+00:00, run_after=2026-08-30 00:00:00+00:00
[2026-08-30T23:22:30.160+0330] {processor.py:208} INFO - Processing /home/mmirnezamina/de_final_project/airflowenv/lib/python3.10/site-packages/airflow/example_dags/example_outlet_event_extra.py took 0.105 seconds
[2026-08-30T23:23:00.348+0330] {processor.py:186} INFO - Started process (PID=15376) to work on /home/mmirnezamina/de_final_project/airflowenv/lib/python3.10/site-packages/airflow/example_dags/example_outlet_event_extra.py
[2026-08-30T23:23:00.349+0330] {processor.py:914} INFO - Processing file /home/mmirnezamina/de_final_project/airflowenv/lib/python3.10/site-packages/airflow/example_dags/example_outlet_event_extra.py for tasks to queue
[2026-08-30T23:23:00.351+0330] {logging_mixin.py:190} INFO - [2026-08-30T23:23:00.350+0330] {dagbag.py:588} INFO - Filling up the DagBag from /home/mmirnezamina/de_final_project/airflowenv/lib/python3.10/site-packages/airflow/example_dags/example_outlet_event_extra.py
[2026-08-30T23:23:00.369+0330] {processor.py:925} INFO - DAG(s) 'dataset_with_extra_from_classic_operator', 'dataset_with_extra_by_yield', 'dataset_with_extra_by_context' retrieved from /home/mmirnezamina/de_final_project/airflowenv/lib/python3.10/site-packages/airflow/example_dags/example_outlet_event_extra.py
[2026-08-30T23:23:00.404+0330] {logging_mixin.py:190} INFO - [2026-08-30T23:23:00.404+0330] {dag.py:3239} INFO - Sync 3 DAGs
[2026-08-30T23:23:00.429+0330] {logging_mixin.py:190} INFO - [2026-08-30T23:23:00.428+0330] {dag.py:4180} INFO - Setting next_dagrun for dataset_with_extra_by_context to 2026-08-29 00:00:00+00:00, run_after=2026-08-30 00:00:00+00:00
[2026-08-30T23:23:00.433+0330] {logging_mixin.py:190} INFO - [2026-08-30T23:23:00.433+0330] {dag.py:4180} INFO - Setting next_dagrun for dataset_with_extra_by_yield to 2026-08-29 00:00:00+00:00, run_after=2026-08-30 00:00:00+00:00
[2026-08-30T23:23:00.436+0330] {logging_mixin.py:190} INFO - [2026-08-30T23:23:00.436+0330] {dag.py:4180} INFO - Setting next_dagrun for dataset_with_extra_from_classic_operator to 2026-08-29 00:00:00+00:00, run_after=2026-08-30 00:00:00+00:00
[2026-08-30T23:23:00.462+0330] {processor.py:208} INFO - Processing /home/mmirnezamina/de_final_project/airflowenv/lib/python3.10/site-packages/airflow/example_dags/example_outlet_event_extra.py took 0.127 seconds
[2026-08-30T23:23:30.736+0330] {processor.py:186} INFO - Started process (PID=15494) to work on /home/mmirnezamina/de_final_project/airflowenv/lib/python3.10/site-packages/airflow/example_dags/example_outlet_event_extra.py
[2026-08-30T23:23:30.743+0330] {processor.py:914} INFO - Processing file /home/mmirnezamina/de_final_project/airflowenv/lib/python3.10/site-packages/airflow/example_dags/example_outlet_event_extra.py for tasks to queue
[2026-08-30T23:23:30.745+0330] {logging_mixin.py:190} INFO - [2026-08-30T23:23:30.744+0330] {dagbag.py:588} INFO - Filling up the DagBag from /home/mmirnezamina/de_final_project/airflowenv/lib/python3.10/site-packages/airflow/example_dags/example_outlet_event_extra.py
[2026-08-30T23:23:30.762+0330] {processor.py:925} INFO - DAG(s) 'dataset_with_extra_by_yield', 'dataset_with_extra_by_context', 'dataset_with_extra_from_classic_operator' retrieved from /home/mmirnezamina/de_final_project/airflowenv/lib/python3.10/site-packages/airflow/example_dags/example_outlet_event_extra.py
[2026-08-30T23:23:30.817+0330] {logging_mixin.py:190} INFO - [2026-08-30T23:23:30.817+0330] {dag.py:3239} INFO - Sync 3 DAGs
[2026-08-30T23:23:30.861+0330] {logging_mixin.py:190} INFO - [2026-08-30T23:23:30.860+0330] {dag.py:4180} INFO - Setting next_dagrun for dataset_with_extra_by_context to 2026-08-29 00:00:00+00:00, run_after=2026-08-30 00:00:00+00:00
[2026-08-30T23:23:30.868+0330] {logging_mixin.py:190} INFO - [2026-08-30T23:23:30.868+0330] {dag.py:4180} INFO - Setting next_dagrun for dataset_with_extra_by_yield to 2026-08-29 00:00:00+00:00, run_after=2026-08-30 00:00:00+00:00
[2026-08-30T23:23:30.872+0330] {logging_mixin.py:190} INFO - [2026-08-30T23:23:30.871+0330] {dag.py:4180} INFO - Setting next_dagrun for dataset_with_extra_from_classic_operator to 2026-08-29 00:00:00+00:00, run_after=2026-08-30 00:00:00+00:00
[2026-08-30T23:23:30.921+0330] {processor.py:208} INFO - Processing /home/mmirnezamina/de_final_project/airflowenv/lib/python3.10/site-packages/airflow/example_dags/example_outlet_event_extra.py took 0.199 seconds
[2026-08-30T23:24:01.050+0330] {processor.py:186} INFO - Started process (PID=15615) to work on /home/mmirnezamina/de_final_project/airflowenv/lib/python3.10/site-packages/airflow/example_dags/example_outlet_event_extra.py
[2026-08-30T23:24:01.051+0330] {processor.py:914} INFO - Processing file /home/mmirnezamina/de_final_project/airflowenv/lib/python3.10/site-packages/airflow/example_dags/example_outlet_event_extra.py for tasks to queue
[2026-08-30T23:24:01.052+0330] {logging_mixin.py:190} INFO - [2026-08-30T23:24:01.052+0330] {dagbag.py:588} INFO - Filling up the DagBag from /home/mmirnezamina/de_final_project/airflowenv/lib/python3.10/site-packages/airflow/example_dags/example_outlet_event_extra.py
[2026-08-30T23:24:01.065+0330] {processor.py:925} INFO - DAG(s) 'dataset_with_extra_by_context', 'dataset_with_extra_by_yield', 'dataset_with_extra_from_classic_operator' retrieved from /home/mmirnezamina/de_final_project/airflowenv/lib/python3.10/site-packages/airflow/example_dags/example_outlet_event_extra.py
[2026-08-30T23:24:01.101+0330] {logging_mixin.py:190} INFO - [2026-08-30T23:24:01.100+0330] {dag.py:3239} INFO - Sync 3 DAGs
[2026-08-30T23:24:01.127+0330] {logging_mixin.py:190} INFO - [2026-08-30T23:24:01.127+0330] {dag.py:4180} INFO - Setting next_dagrun for dataset_with_extra_by_context to 2026-08-29 00:00:00+00:00, run_after=2026-08-30 00:00:00+00:00
[2026-08-30T23:24:01.135+0330] {logging_mixin.py:190} INFO - [2026-08-30T23:24:01.135+0330] {dag.py:4180} INFO - Setting next_dagrun for dataset_with_extra_by_yield to 2026-08-29 00:00:00+00:00, run_after=2026-08-30 00:00:00+00:00
[2026-08-30T23:24:01.140+0330] {logging_mixin.py:190} INFO - [2026-08-30T23:24:01.140+0330] {dag.py:4180} INFO - Setting next_dagrun for dataset_with_extra_from_classic_operator to 2026-08-29 00:00:00+00:00, run_after=2026-08-30 00:00:00+00:00
[2026-08-30T23:24:01.169+0330] {processor.py:208} INFO - Processing /home/mmirnezamina/de_final_project/airflowenv/lib/python3.10/site-packages/airflow/example_dags/example_outlet_event_extra.py took 0.127 seconds
[2026-08-30T23:24:31.195+0330] {processor.py:186} INFO - Started process (PID=15731) to work on /home/mmirnezamina/de_final_project/airflowenv/lib/python3.10/site-packages/airflow/example_dags/example_outlet_event_extra.py
[2026-08-30T23:24:31.200+0330] {processor.py:914} INFO - Processing file /home/mmirnezamina/de_final_project/airflowenv/lib/python3.10/site-packages/airflow/example_dags/example_outlet_event_extra.py for tasks to queue
[2026-08-30T23:24:31.201+0330] {logging_mixin.py:190} INFO - [2026-08-30T23:24:31.201+0330] {dagbag.py:588} INFO - Filling up the DagBag from /home/mmirnezamina/de_final_project/airflowenv/lib/python3.10/site-packages/airflow/example_dags/example_outlet_event_extra.py
[2026-08-30T23:24:31.216+0330] {processor.py:925} INFO - DAG(s) 'dataset_with_extra_from_classic_operator', 'dataset_with_extra_by_context', 'dataset_with_extra_by_yield' retrieved from /home/mmirnezamina/de_final_project/airflowenv/lib/python3.10/site-packages/airflow/example_dags/example_outlet_event_extra.py
[2026-08-30T23:24:31.281+0330] {logging_mixin.py:190} INFO - [2026-08-30T23:24:31.281+0330] {dag.py:3239} INFO - Sync 3 DAGs
[2026-08-30T23:24:31.317+0330] {logging_mixin.py:190} INFO - [2026-08-30T23:24:31.317+0330] {dag.py:4180} INFO - Setting next_dagrun for dataset_with_extra_by_context to 2026-08-29 00:00:00+00:00, run_after=2026-08-30 00:00:00+00:00
[2026-08-30T23:24:31.323+0330] {logging_mixin.py:190} INFO - [2026-08-30T23:24:31.322+0330] {dag.py:4180} INFO - Setting next_dagrun for dataset_with_extra_by_yield to 2026-08-29 00:00:00+00:00, run_after=2026-08-30 00:00:00+00:00
[2026-08-30T23:24:31.326+0330] {logging_mixin.py:190} INFO - [2026-08-30T23:24:31.325+0330] {dag.py:4180} INFO - Setting next_dagrun for dataset_with_extra_from_classic_operator to 2026-08-29 00:00:00+00:00, run_after=2026-08-30 00:00:00+00:00
[2026-08-30T23:24:31.357+0330] {processor.py:208} INFO - Processing /home/mmirnezamina/de_final_project/airflowenv/lib/python3.10/site-packages/airflow/example_dags/example_outlet_event_extra.py took 0.170 seconds
[2026-08-30T23:25:01.556+0330] {processor.py:186} INFO - Started process (PID=15869) to work on /home/mmirnezamina/de_final_project/airflowenv/lib/python3.10/site-packages/airflow/example_dags/example_outlet_event_extra.py
[2026-08-30T23:25:01.557+0330] {processor.py:914} INFO - Processing file /home/mmirnezamina/de_final_project/airflowenv/lib/python3.10/site-packages/airflow/example_dags/example_outlet_event_extra.py for tasks to queue
[2026-08-30T23:25:01.559+0330] {logging_mixin.py:190} INFO - [2026-08-30T23:25:01.558+0330] {dagbag.py:588} INFO - Filling up the DagBag from /home/mmirnezamina/de_final_project/airflowenv/lib/python3.10/site-packages/airflow/example_dags/example_outlet_event_extra.py
[2026-08-30T23:25:01.574+0330] {processor.py:925} INFO - DAG(s) 'dataset_with_extra_by_context', 'dataset_with_extra_by_yield', 'dataset_with_extra_from_classic_operator' retrieved from /home/mmirnezamina/de_final_project/airflowenv/lib/python3.10/site-packages/airflow/example_dags/example_outlet_event_extra.py
[2026-08-30T23:25:01.615+0330] {logging_mixin.py:190} INFO - [2026-08-30T23:25:01.614+0330] {dag.py:3239} INFO - Sync 3 DAGs
[2026-08-30T23:25:01.645+0330] {logging_mixin.py:190} INFO - [2026-08-30T23:25:01.644+0330] {dag.py:4180} INFO - Setting next_dagrun for dataset_with_extra_by_context to 2026-08-29 00:00:00+00:00, run_after=2026-08-30 00:00:00+00:00
[2026-08-30T23:25:01.650+0330] {logging_mixin.py:190} INFO - [2026-08-30T23:25:01.650+0330] {dag.py:4180} INFO - Setting next_dagrun for dataset_with_extra_by_yield to 2026-08-29 00:00:00+00:00, run_after=2026-08-30 00:00:00+00:00
[2026-08-30T23:25:01.654+0330] {logging_mixin.py:190} INFO - [2026-08-30T23:25:01.653+0330] {dag.py:4180} INFO - Setting next_dagrun for dataset_with_extra_from_classic_operator to 2026-08-29 00:00:00+00:00, run_after=2026-08-30 00:00:00+00:00
[2026-08-30T23:25:01.699+0330] {processor.py:208} INFO - Processing /home/mmirnezamina/de_final_project/airflowenv/lib/python3.10/site-packages/airflow/example_dags/example_outlet_event_extra.py took 0.153 seconds
[2026-08-30T23:25:32.038+0330] {processor.py:186} INFO - Started process (PID=16007) to work on /home/mmirnezamina/de_final_project/airflowenv/lib/python3.10/site-packages/airflow/example_dags/example_outlet_event_extra.py
[2026-08-30T23:25:32.040+0330] {processor.py:914} INFO - Processing file /home/mmirnezamina/de_final_project/airflowenv/lib/python3.10/site-packages/airflow/example_dags/example_outlet_event_extra.py for tasks to queue
[2026-08-30T23:25:32.041+0330] {logging_mixin.py:190} INFO - [2026-08-30T23:25:32.040+0330] {dagbag.py:588} INFO - Filling up the DagBag from /home/mmirnezamina/de_final_project/airflowenv/lib/python3.10/site-packages/airflow/example_dags/example_outlet_event_extra.py
[2026-08-30T23:25:32.058+0330] {processor.py:925} INFO - DAG(s) 'dataset_with_extra_by_context', 'dataset_with_extra_by_yield', 'dataset_with_extra_from_classic_operator' retrieved from /home/mmirnezamina/de_final_project/airflowenv/lib/python3.10/site-packages/airflow/example_dags/example_outlet_event_extra.py
[2026-08-30T23:25:32.104+0330] {logging_mixin.py:190} INFO - [2026-08-30T23:25:32.104+0330] {dag.py:3239} INFO - Sync 3 DAGs
[2026-08-30T23:25:32.143+0330] {logging_mixin.py:190} INFO - [2026-08-30T23:25:32.142+0330] {dag.py:4180} INFO - Setting next_dagrun for dataset_with_extra_by_context to 2026-08-29 00:00:00+00:00, run_after=2026-08-30 00:00:00+00:00
[2026-08-30T23:25:32.150+0330] {logging_mixin.py:190} INFO - [2026-08-30T23:25:32.150+0330] {dag.py:4180} INFO - Setting next_dagrun for dataset_with_extra_by_yield to 2026-08-29 00:00:00+00:00, run_after=2026-08-30 00:00:00+00:00
[2026-08-30T23:25:32.156+0330] {logging_mixin.py:190} INFO - [2026-08-30T23:25:32.156+0330] {dag.py:4180} INFO - Setting next_dagrun for dataset_with_extra_from_classic_operator to 2026-08-29 00:00:00+00:00, run_after=2026-08-30 00:00:00+00:00
[2026-08-30T23:25:32.195+0330] {processor.py:208} INFO - Processing /home/mmirnezamina/de_final_project/airflowenv/lib/python3.10/site-packages/airflow/example_dags/example_outlet_event_extra.py took 0.169 seconds
[2026-08-30T23:26:02.528+0330] {processor.py:186} INFO - Started process (PID=16132) to work on /home/mmirnezamina/de_final_project/airflowenv/lib/python3.10/site-packages/airflow/example_dags/example_outlet_event_extra.py
[2026-08-30T23:26:02.529+0330] {processor.py:914} INFO - Processing file /home/mmirnezamina/de_final_project/airflowenv/lib/python3.10/site-packages/airflow/example_dags/example_outlet_event_extra.py for tasks to queue
[2026-08-30T23:26:02.530+0330] {logging_mixin.py:190} INFO - [2026-08-30T23:26:02.529+0330] {dagbag.py:588} INFO - Filling up the DagBag from /home/mmirnezamina/de_final_project/airflowenv/lib/python3.10/site-packages/airflow/example_dags/example_outlet_event_extra.py
[2026-08-30T23:26:02.543+0330] {processor.py:925} INFO - DAG(s) 'dataset_with_extra_by_yield', 'dataset_with_extra_from_classic_operator', 'dataset_with_extra_by_context' retrieved from /home/mmirnezamina/de_final_project/airflowenv/lib/python3.10/site-packages/airflow/example_dags/example_outlet_event_extra.py
[2026-08-30T23:26:02.576+0330] {logging_mixin.py:190} INFO - [2026-08-30T23:26:02.575+0330] {dag.py:3239} INFO - Sync 3 DAGs
[2026-08-30T23:26:02.602+0330] {logging_mixin.py:190} INFO - [2026-08-30T23:26:02.602+0330] {dag.py:4180} INFO - Setting next_dagrun for dataset_with_extra_by_context to 2026-08-29 00:00:00+00:00, run_after=2026-08-30 00:00:00+00:00
[2026-08-30T23:26:02.608+0330] {logging_mixin.py:190} INFO - [2026-08-30T23:26:02.608+0330] {dag.py:4180} INFO - Setting next_dagrun for dataset_with_extra_by_yield to 2026-08-29 00:00:00+00:00, run_after=2026-08-30 00:00:00+00:00
[2026-08-30T23:26:02.611+0330] {logging_mixin.py:190} INFO - [2026-08-30T23:26:02.611+0330] {dag.py:4180} INFO - Setting next_dagrun for dataset_with_extra_from_classic_operator to 2026-08-29 00:00:00+00:00, run_after=2026-08-30 00:00:00+00:00
[2026-08-30T23:26:02.640+0330] {processor.py:208} INFO - Processing /home/mmirnezamina/de_final_project/airflowenv/lib/python3.10/site-packages/airflow/example_dags/example_outlet_event_extra.py took 0.121 seconds
[2026-08-30T23:26:32.841+0330] {processor.py:186} INFO - Started process (PID=16250) to work on /home/mmirnezamina/de_final_project/airflowenv/lib/python3.10/site-packages/airflow/example_dags/example_outlet_event_extra.py
[2026-08-30T23:26:32.842+0330] {processor.py:914} INFO - Processing file /home/mmirnezamina/de_final_project/airflowenv/lib/python3.10/site-packages/airflow/example_dags/example_outlet_event_extra.py for tasks to queue
[2026-08-30T23:26:32.844+0330] {logging_mixin.py:190} INFO - [2026-08-30T23:26:32.844+0330] {dagbag.py:588} INFO - Filling up the DagBag from /home/mmirnezamina/de_final_project/airflowenv/lib/python3.10/site-packages/airflow/example_dags/example_outlet_event_extra.py
[2026-08-30T23:26:32.863+0330] {processor.py:925} INFO - DAG(s) 'dataset_with_extra_by_yield', 'dataset_with_extra_from_classic_operator', 'dataset_with_extra_by_context' retrieved from /home/mmirnezamina/de_final_project/airflowenv/lib/python3.10/site-packages/airflow/example_dags/example_outlet_event_extra.py
[2026-08-30T23:26:32.911+0330] {logging_mixin.py:190} INFO - [2026-08-30T23:26:32.911+0330] {dag.py:3239} INFO - Sync 3 DAGs
[2026-08-30T23:26:32.948+0330] {logging_mixin.py:190} INFO - [2026-08-30T23:26:32.948+0330] {dag.py:4180} INFO - Setting next_dagrun for dataset_with_extra_by_context to 2026-08-29 00:00:00+00:00, run_after=2026-08-30 00:00:00+00:00
[2026-08-30T23:26:32.954+0330] {logging_mixin.py:190} INFO - [2026-08-30T23:26:32.954+0330] {dag.py:4180} INFO - Setting next_dagrun for dataset_with_extra_by_yield to 2026-08-29 00:00:00+00:00, run_after=2026-08-30 00:00:00+00:00
[2026-08-30T23:26:32.960+0330] {logging_mixin.py:190} INFO - [2026-08-30T23:26:32.959+0330] {dag.py:4180} INFO - Setting next_dagrun for dataset_with_extra_from_classic_operator to 2026-08-29 00:00:00+00:00, run_after=2026-08-30 00:00:00+00:00
[2026-08-30T23:26:32.999+0330] {processor.py:208} INFO - Processing /home/mmirnezamina/de_final_project/airflowenv/lib/python3.10/site-packages/airflow/example_dags/example_outlet_event_extra.py took 0.169 seconds
[2026-08-30T23:28:17.417+0330] {processor.py:186} INFO - Started process (PID=16487) to work on /home/mmirnezamina/de_final_project/airflowenv/lib/python3.10/site-packages/airflow/example_dags/example_outlet_event_extra.py
[2026-08-30T23:28:17.418+0330] {processor.py:914} INFO - Processing file /home/mmirnezamina/de_final_project/airflowenv/lib/python3.10/site-packages/airflow/example_dags/example_outlet_event_extra.py for tasks to queue
[2026-08-30T23:28:17.420+0330] {logging_mixin.py:190} INFO - [2026-08-30T23:28:17.420+0330] {dagbag.py:588} INFO - Filling up the DagBag from /home/mmirnezamina/de_final_project/airflowenv/lib/python3.10/site-packages/airflow/example_dags/example_outlet_event_extra.py
[2026-08-30T23:28:17.436+0330] {processor.py:925} INFO - DAG(s) 'dataset_with_extra_from_classic_operator', 'dataset_with_extra_by_yield', 'dataset_with_extra_by_context' retrieved from /home/mmirnezamina/de_final_project/airflowenv/lib/python3.10/site-packages/airflow/example_dags/example_outlet_event_extra.py
[2026-08-30T23:28:17.544+0330] {logging_mixin.py:190} INFO - [2026-08-30T23:28:17.543+0330] {override.py:1930} INFO - Created Permission View: can delete on DAG:dataset_with_extra_from_classic_operator
[2026-08-30T23:28:17.563+0330] {logging_mixin.py:190} INFO - [2026-08-30T23:28:17.563+0330] {override.py:1930} INFO - Created Permission View: can read on DAG:dataset_with_extra_from_classic_operator
[2026-08-30T23:28:17.581+0330] {logging_mixin.py:190} INFO - [2026-08-30T23:28:17.580+0330] {override.py:1930} INFO - Created Permission View: can edit on DAG:dataset_with_extra_from_classic_operator
[2026-08-30T23:28:17.617+0330] {logging_mixin.py:190} INFO - [2026-08-30T23:28:17.616+0330] {override.py:1930} INFO - Created Permission View: can create on DAG Run:dataset_with_extra_from_classic_operator
[2026-08-30T23:28:17.633+0330] {logging_mixin.py:190} INFO - [2026-08-30T23:28:17.633+0330] {override.py:1930} INFO - Created Permission View: can delete on DAG Run:dataset_with_extra_from_classic_operator
[2026-08-30T23:28:17.648+0330] {logging_mixin.py:190} INFO - [2026-08-30T23:28:17.648+0330] {override.py:1930} INFO - Created Permission View: can read on DAG Run:dataset_with_extra_from_classic_operator
[2026-08-30T23:28:17.664+0330] {logging_mixin.py:190} INFO - [2026-08-30T23:28:17.664+0330] {override.py:1930} INFO - Created Permission View: menu access on DAG Run:dataset_with_extra_from_classic_operator
[2026-08-30T23:28:17.699+0330] {logging_mixin.py:190} INFO - [2026-08-30T23:28:17.698+0330] {override.py:1930} INFO - Created Permission View: can delete on DAG:dataset_with_extra_by_yield
[2026-08-30T23:28:17.715+0330] {logging_mixin.py:190} INFO - [2026-08-30T23:28:17.714+0330] {override.py:1930} INFO - Created Permission View: can read on DAG:dataset_with_extra_by_yield
[2026-08-30T23:28:17.730+0330] {logging_mixin.py:190} INFO - [2026-08-30T23:28:17.730+0330] {override.py:1930} INFO - Created Permission View: can edit on DAG:dataset_with_extra_by_yield
[2026-08-30T23:28:17.761+0330] {logging_mixin.py:190} INFO - [2026-08-30T23:28:17.761+0330] {override.py:1930} INFO - Created Permission View: can create on DAG Run:dataset_with_extra_by_yield
[2026-08-30T23:28:17.778+0330] {logging_mixin.py:190} INFO - [2026-08-30T23:28:17.778+0330] {override.py:1930} INFO - Created Permission View: can delete on DAG Run:dataset_with_extra_by_yield
[2026-08-30T23:28:17.795+0330] {logging_mixin.py:190} INFO - [2026-08-30T23:28:17.795+0330] {override.py:1930} INFO - Created Permission View: can read on DAG Run:dataset_with_extra_by_yield
[2026-08-30T23:28:17.811+0330] {logging_mixin.py:190} INFO - [2026-08-30T23:28:17.811+0330] {override.py:1930} INFO - Created Permission View: menu access on DAG Run:dataset_with_extra_by_yield
[2026-08-30T23:28:17.845+0330] {logging_mixin.py:190} INFO - [2026-08-30T23:28:17.845+0330] {override.py:1930} INFO - Created Permission View: can delete on DAG:dataset_with_extra_by_context
[2026-08-30T23:28:17.861+0330] {logging_mixin.py:190} INFO - [2026-08-30T23:28:17.860+0330] {override.py:1930} INFO - Created Permission View: can read on DAG:dataset_with_extra_by_context
[2026-08-30T23:28:17.876+0330] {logging_mixin.py:190} INFO - [2026-08-30T23:28:17.876+0330] {override.py:1930} INFO - Created Permission View: can edit on DAG:dataset_with_extra_by_context
[2026-08-30T23:28:17.905+0330] {logging_mixin.py:190} INFO - [2026-08-30T23:28:17.905+0330] {override.py:1930} INFO - Created Permission View: can create on DAG Run:dataset_with_extra_by_context
[2026-08-30T23:28:17.921+0330] {logging_mixin.py:190} INFO - [2026-08-30T23:28:17.921+0330] {override.py:1930} INFO - Created Permission View: can delete on DAG Run:dataset_with_extra_by_context
[2026-08-30T23:28:17.943+0330] {logging_mixin.py:190} INFO - [2026-08-30T23:28:17.942+0330] {override.py:1930} INFO - Created Permission View: can read on DAG Run:dataset_with_extra_by_context
[2026-08-30T23:28:17.960+0330] {logging_mixin.py:190} INFO - [2026-08-30T23:28:17.959+0330] {override.py:1930} INFO - Created Permission View: menu access on DAG Run:dataset_with_extra_by_context
[2026-08-30T23:28:17.960+0330] {logging_mixin.py:190} INFO - [2026-08-30T23:28:17.960+0330] {dag.py:3239} INFO - Sync 3 DAGs
[2026-08-30T23:28:17.975+0330] {logging_mixin.py:190} INFO - [2026-08-30T23:28:17.975+0330] {dag.py:3262} INFO - Creating ORM DAG for dataset_with_extra_by_context
[2026-08-30T23:28:17.976+0330] {logging_mixin.py:190} INFO - [2026-08-30T23:28:17.976+0330] {dag.py:3262} INFO - Creating ORM DAG for dataset_with_extra_from_classic_operator
[2026-08-30T23:28:17.977+0330] {logging_mixin.py:190} INFO - [2026-08-30T23:28:17.976+0330] {dag.py:3262} INFO - Creating ORM DAG for dataset_with_extra_by_yield
[2026-08-30T23:28:17.987+0330] {logging_mixin.py:190} INFO - [2026-08-30T23:28:17.986+0330] {dag.py:4180} INFO - Setting next_dagrun for dataset_with_extra_by_context to 2026-08-29 00:00:00+00:00, run_after=2026-08-30 00:00:00+00:00
[2026-08-30T23:28:17.989+0330] {logging_mixin.py:190} INFO - [2026-08-30T23:28:17.989+0330] {dag.py:4180} INFO - Setting next_dagrun for dataset_with_extra_by_yield to 2026-08-29 00:00:00+00:00, run_after=2026-08-30 00:00:00+00:00
[2026-08-30T23:28:17.991+0330] {logging_mixin.py:190} INFO - [2026-08-30T23:28:17.990+0330] {dag.py:4180} INFO - Setting next_dagrun for dataset_with_extra_from_classic_operator to 2026-08-29 00:00:00+00:00, run_after=2026-08-30 00:00:00+00:00
[2026-08-30T23:28:18.031+0330] {processor.py:208} INFO - Processing /home/mmirnezamina/de_final_project/airflowenv/lib/python3.10/site-packages/airflow/example_dags/example_outlet_event_extra.py took 0.623 seconds
