[2026-08-30T23:13:44.884+0330] {processor.py:186} INFO - Started process (PID=13163) to work on /home/mmirnezamina/de_final_project/airflowenv/lib/python3.10/site-packages/airflow/example_dags/example_python_decorator.py
[2026-08-30T23:13:44.890+0330] {processor.py:914} INFO - Processing file /home/mmirnezamina/de_final_project/airflowenv/lib/python3.10/site-packages/airflow/example_dags/example_python_decorator.py for tasks to queue
[2026-08-30T23:13:44.904+0330] {logging_mixin.py:190} INFO - [2026-08-30T23:13:44.902+0330] {dagbag.py:588} INFO - Filling up the DagBag from /home/mmirnezamina/de_final_project/airflowenv/lib/python3.10/site-packages/airflow/example_dags/example_python_decorator.py
[2026-08-30T23:13:45.401+0330] {logging_mixin.py:190} INFO - [2026-08-30T23:13:45.400+0330] {example_python_decorator.py:80} WARNING - The virtalenv_python example task requires virtualenv, please install it.
[2026-08-30T23:13:45.417+0330] {processor.py:925} INFO - DAG(s) 'example_python_decorator' retrieved from /home/mmirnezamina/de_final_project/airflowenv/lib/python3.10/site-packages/airflow/example_dags/example_python_decorator.py
[2026-08-30T23:13:45.928+0330] {logging_mixin.py:190} INFO - [2026-08-30T23:13:45.924+0330] {override.py:1930} INFO - Created Permission View: can edit on DAG:example_python_decorator
[2026-08-30T23:13:45.979+0330] {logging_mixin.py:190} INFO - [2026-08-30T23:13:45.977+0330] {override.py:1930} INFO - Created Permission View: can read on DAG:example_python_decorator
[2026-08-30T23:13:46.017+0330] {logging_mixin.py:190} INFO - [2026-08-30T23:13:46.015+0330] {override.py:1930} INFO - Created Permission View: can delete on DAG:example_python_decorator
[2026-08-30T23:13:46.058+0330] {logging_mixin.py:190} INFO - [2026-08-30T23:13:46.056+0330] {override.py:1930} INFO - Created Permission View: menu access on DAG Run:example_python_decorator
[2026-08-30T23:13:46.103+0330] {logging_mixin.py:190} INFO - [2026-08-30T23:13:46.102+0330] {override.py:1930} INFO - Created Permission View: can create on DAG Run:example_python_decorator
[2026-08-30T23:13:46.142+0330] {logging_mixin.py:190} INFO - [2026-08-30T23:13:46.140+0330] {override.py:1930} INFO - Created Permission View: can read on DAG Run:example_python_decorator
[2026-08-30T23:13:46.182+0330] {logging_mixin.py:190} INFO - [2026-08-30T23:13:46.181+0330] {override.py:1930} INFO - Created Permission View: can delete on DAG Run:example_python_decorator
[2026-08-30T23:13:46.184+0330] {logging_mixin.py:190} INFO - [2026-08-30T23:13:46.183+0330] {dag.py:3239} INFO - Sync 1 DAGs
[2026-08-30T23:13:46.264+0330] {logging_mixin.py:190} INFO - [2026-08-30T23:13:46.263+0330] {dag.py:3262} INFO - Creating ORM DAG for example_python_decorator
[2026-08-30T23:13:46.266+0330] {logging_mixin.py:190} INFO - [2026-08-30T23:13:46.266+0330] {dag.py:4180} INFO - Setting next_dagrun for example_python_decorator to None, run_after=None
[2026-08-30T23:13:46.378+0330] {processor.py:208} INFO - Processing /home/mmirnezamina/de_final_project/airflowenv/lib/python3.10/site-packages/airflow/example_dags/example_python_decorator.py took 1.573 seconds
[2026-08-30T23:14:16.509+0330] {processor.py:186} INFO - Started process (PID=13290) to work on /home/mmirnezamina/de_final_project/airflowenv/lib/python3.10/site-packages/airflow/example_dags/example_python_decorator.py
[2026-08-30T23:14:16.511+0330] {processor.py:914} INFO - Processing file /home/mmirnezamina/de_final_project/airflowenv/lib/python3.10/site-packages/airflow/example_dags/example_python_decorator.py for tasks to queue
[2026-08-30T23:14:16.513+0330] {logging_mixin.py:190} INFO - [2026-08-30T23:14:16.512+0330] {dagbag.py:588} INFO - Filling up the DagBag from /home/mmirnezamina/de_final_project/airflowenv/lib/python3.10/site-packages/airflow/example_dags/example_python_decorator.py
[2026-08-30T23:14:16.676+0330] {logging_mixin.py:190} INFO - [2026-08-30T23:14:16.675+0330] {example_python_decorator.py:80} WARNING - The virtalenv_python example task requires virtualenv, please install it.
[2026-08-30T23:14:16.681+0330] {processor.py:925} INFO - DAG(s) 'example_python_decorator' retrieved from /home/mmirnezamina/de_final_project/airflowenv/lib/python3.10/site-packages/airflow/example_dags/example_python_decorator.py
[2026-08-30T23:14:16.731+0330] {logging_mixin.py:190} INFO - [2026-08-30T23:14:16.730+0330] {dag.py:3239} INFO - Sync 1 DAGs
[2026-08-30T23:14:16.758+0330] {logging_mixin.py:190} INFO - [2026-08-30T23:14:16.757+0330] {dag.py:4180} INFO - Setting next_dagrun for example_python_decorator to None, run_after=None
[2026-08-30T23:14:16.796+0330] {processor.py:208} INFO - Processing /home/mmirnezamina/de_final_project/airflowenv/lib/python3.10/site-packages/airflow/example_dags/example_python_decorator.py took 0.299 seconds
[2026-08-30T23:14:46.864+0330] {processor.py:186} INFO - Started process (PID=13406) to work on /home/mmirnezamina/de_final_project/airflowenv/lib/python3.10/site-packages/airflow/example_dags/example_python_decorator.py
[2026-08-30T23:14:46.865+0330] {processor.py:914} INFO - Processing file /home/mmirnezamina/de_final_project/airflowenv/lib/python3.10/site-packages/airflow/example_dags/example_python_decorator.py for tasks to queue
[2026-08-30T23:14:46.867+0330] {logging_mixin.py:190} INFO - [2026-08-30T23:14:46.866+0330] {dagbag.py:588} INFO - Filling up the DagBag from /home/mmirnezamina/de_final_project/airflowenv/lib/python3.10/site-packages/airflow/example_dags/example_python_decorator.py
[2026-08-30T23:14:46.962+0330] {logging_mixin.py:190} INFO - [2026-08-30T23:14:46.961+0330] {example_python_decorator.py:80} WARNING - The virtalenv_python example task requires virtualenv, please install it.
[2026-08-30T23:14:46.965+0330] {processor.py:925} INFO - DAG(s) 'example_python_decorator' retrieved from /home/mmirnezamina/de_final_project/airflowenv/lib/python3.10/site-packages/airflow/example_dags/example_python_decorator.py
[2026-08-30T23:14:47.007+0330] {logging_mixin.py:190} INFO - [2026-08-30T23:14:47.006+0330] {dag.py:3239} INFO - Sync 1 DAGs
[2026-08-30T23:14:47.026+0330] {logging_mixin.py:190} INFO - [2026-08-30T23:14:47.026+0330] {dag.py:4180} INFO - Setting next_dagrun for example_python_decorator to None, run_after=None
[2026-08-30T23:14:47.057+0330] {processor.py:208} INFO - Processing /home/mmirnezamina/de_final_project/airflowenv/lib/python3.10/site-packages/airflow/example_dags/example_python_decorator.py took 0.202 seconds
[2026-08-30T23:15:17.169+0330] {processor.py:186} INFO - Started process (PID=13527) to work on /home/mmirnezamina/de_final_project/airflowenv/lib/python3.10/site-packages/airflow/example_dags/example_python_decorator.py
[2026-08-30T23:15:17.170+0330] {processor.py:914} INFO - Processing file /home/mmirnezamina/de_final_project/airflowenv/lib/python3.10/site-packages/airflow/example_dags/example_python_decorator.py for tasks to queue
[2026-08-30T23:15:17.173+0330] {logging_mixin.py:190} INFO - [2026-08-30T23:15:17.173+0330] {dagbag.py:588} INFO - Filling up the DagBag from /home/mmirnezamina/de_final_project/airflowenv/lib/python3.10/site-packages/airflow/example_dags/example_python_decorator.py
[2026-08-30T23:15:17.653+0330] {logging_mixin.py:190} INFO - [2026-08-30T23:15:17.652+0330] {example_python_decorator.py:80} WARNING - The virtalenv_python example task requires virtualenv, please install it.
[2026-08-30T23:15:17.674+0330] {processor.py:925} INFO - DAG(s) 'example_python_decorator' retrieved from /home/mmirnezamina/de_final_project/airflowenv/lib/python3.10/site-packages/airflow/example_dags/example_python_decorator.py
[2026-08-30T23:15:17.932+0330] {logging_mixin.py:190} INFO - [2026-08-30T23:15:17.919+0330] {dag.py:3239} INFO - Sync 1 DAGs
[2026-08-30T23:15:18.066+0330] {logging_mixin.py:190} INFO - [2026-08-30T23:15:18.065+0330] {dag.py:4180} INFO - Setting next_dagrun for example_python_decorator to None, run_after=None
[2026-08-30T23:15:18.214+0330] {processor.py:208} INFO - Processing /home/mmirnezamina/de_final_project/airflowenv/lib/python3.10/site-packages/airflow/example_dags/example_python_decorator.py took 1.073 seconds
[2026-08-30T23:15:48.284+0330] {processor.py:186} INFO - Started process (PID=13644) to work on /home/mmirnezamina/de_final_project/airflowenv/lib/python3.10/site-packages/airflow/example_dags/example_python_decorator.py
[2026-08-30T23:15:48.285+0330] {processor.py:914} INFO - Processing file /home/mmirnezamina/de_final_project/airflowenv/lib/python3.10/site-packages/airflow/example_dags/example_python_decorator.py for tasks to queue
[2026-08-30T23:15:48.286+0330] {logging_mixin.py:190} INFO - [2026-08-30T23:15:48.285+0330] {dagbag.py:588} INFO - Filling up the DagBag from /home/mmirnezamina/de_final_project/airflowenv/lib/python3.10/site-packages/airflow/example_dags/example_python_decorator.py
[2026-08-30T23:15:48.350+0330] {logging_mixin.py:190} INFO - [2026-08-30T23:15:48.350+0330] {example_python_decorator.py:80} WARNING - The virtalenv_python example task requires virtualenv, please install it.
[2026-08-30T23:15:48.352+0330] {processor.py:925} INFO - DAG(s) 'example_python_decorator' retrieved from /home/mmirnezamina/de_final_project/airflowenv/lib/python3.10/site-packages/airflow/example_dags/example_python_decorator.py
[2026-08-30T23:15:48.379+0330] {logging_mixin.py:190} INFO - [2026-08-30T23:15:48.379+0330] {dag.py:3239} INFO - Sync 1 DAGs
[2026-08-30T23:15:48.392+0330] {logging_mixin.py:190} INFO - [2026-08-30T23:15:48.392+0330] {dag.py:4180} INFO - Setting next_dagrun for example_python_decorator to None, run_after=None
[2026-08-30T23:15:48.414+0330] {processor.py:208} INFO - Processing /home/mmirnezamina/de_final_project/airflowenv/lib/python3.10/site-packages/airflow/example_dags/example_python_decorator.py took 0.137 seconds
[2026-08-30T23:16:18.761+0330] {processor.py:186} INFO - Started process (PID=13764) to work on /home/mmirnezamina/de_final_project/airflowenv/lib/python3.10/site-packages/airflow/example_dags/example_python_decorator.py
[2026-08-30T23:16:18.762+0330] {processor.py:914} INFO - Processing file /home/mmirnezamina/de_final_project/airflowenv/lib/python3.10/site-packages/airflow/example_dags/example_python_decorator.py for tasks to queue
[2026-08-30T23:16:18.763+0330] {logging_mixin.py:190} INFO - [2026-08-30T23:16:18.763+0330] {dagbag.py:588} INFO - Filling up the DagBag from /home/mmirnezamina/de_final_project/airflowenv/lib/python3.10/site-packages/airflow/example_dags/example_python_decorator.py
[2026-08-30T23:16:18.854+0330] {logging_mixin.py:190} INFO - [2026-08-30T23:16:18.853+0330] {example_python_decorator.py:80} WARNING - The virtalenv_python example task requires virtualenv, please install it.
[2026-08-30T23:16:18.857+0330] {processor.py:925} INFO - DAG(s) 'example_python_decorator' retrieved from /home/mmirnezamina/de_final_project/airflowenv/lib/python3.10/site-packages/airflow/example_dags/example_python_decorator.py
[2026-08-30T23:16:18.891+0330] {logging_mixin.py:190} INFO - [2026-08-30T23:16:18.890+0330] {dag.py:3239} INFO - Sync 1 DAGs
[2026-08-30T23:16:18.916+0330] {logging_mixin.py:190} INFO - [2026-08-30T23:16:18.916+0330] {dag.py:4180} INFO - Setting next_dagrun for example_python_decorator to None, run_after=None
[2026-08-30T23:16:18.950+0330] {processor.py:208} INFO - Processing /home/mmirnezamina/de_final_project/airflowenv/lib/python3.10/site-packages/airflow/example_dags/example_python_decorator.py took 0.198 seconds
[2026-08-30T23:16:49.199+0330] {processor.py:186} INFO - Started process (PID=13913) to work on /home/mmirnezamina/de_final_project/airflowenv/lib/python3.10/site-packages/airflow/example_dags/example_python_decorator.py
[2026-08-30T23:16:49.200+0330] {processor.py:914} INFO - Processing file /home/mmirnezamina/de_final_project/airflowenv/lib/python3.10/site-packages/airflow/example_dags/example_python_decorator.py for tasks to queue
[2026-08-30T23:16:49.201+0330] {logging_mixin.py:190} INFO - [2026-08-30T23:16:49.201+0330] {dagbag.py:588} INFO - Filling up the DagBag from /home/mmirnezamina/de_final_project/airflowenv/lib/python3.10/site-packages/airflow/example_dags/example_python_decorator.py
[2026-08-30T23:16:49.326+0330] {logging_mixin.py:190} INFO - [2026-08-30T23:16:49.326+0330] {example_python_decorator.py:80} WARNING - The virtalenv_python example task requires virtualenv, please install it.
[2026-08-30T23:16:49.330+0330] {processor.py:925} INFO - DAG(s) 'example_python_decorator' retrieved from /home/mmirnezamina/de_final_project/airflowenv/lib/python3.10/site-packages/airflow/example_dags/example_python_decorator.py
[2026-08-30T23:16:49.370+0330] {logging_mixin.py:190} INFO - [2026-08-30T23:16:49.370+0330] {dag.py:3239} INFO - Sync 1 DAGs
[2026-08-30T23:16:49.388+0330] {logging_mixin.py:190} INFO - [2026-08-30T23:16:49.388+0330] {dag.py:4180} INFO - Setting next_dagrun for example_python_decorator to None, run_after=None
[2026-08-30T23:16:49.417+0330] {processor.py:208} INFO - Processing /home/mmirnezamina/de_final_project/airflowenv/lib/python3.10/site-packages/airflow/example_dags/example_python_decorator.py took 0.232 seconds
[2026-08-30T23:17:19.634+0330] {processor.py:186} INFO - Started process (PID=14051) to work on /home/mmirnezamina/de_final_project/airflowenv/lib/python3.10/site-packages/airflow/example_dags/example_python_decorator.py
[2026-08-30T23:17:19.638+0330] {processor.py:914} INFO - Processing file /home/mmirnezamina/de_final_project/airflowenv/lib/python3.10/site-packages/airflow/example_dags/example_python_decorator.py for tasks to queue
[2026-08-30T23:17:19.641+0330] {logging_mixin.py:190} INFO - [2026-08-30T23:17:19.640+0330] {dagbag.py:588} INFO - Filling up the DagBag from /home/mmirnezamina/de_final_project/airflowenv/lib/python3.10/site-packages/airflow/example_dags/example_python_decorator.py
[2026-08-30T23:17:20.152+0330] {logging_mixin.py:190} INFO - [2026-08-30T23:17:20.151+0330] {example_python_decorator.py:80} WARNING - The virtalenv_python example task requires virtualenv, please install it.
[2026-08-30T23:17:20.172+0330] {processor.py:925} INFO - DAG(s) 'example_python_decorator' retrieved from /home/mmirnezamina/de_final_project/airflowenv/lib/python3.10/site-packages/airflow/example_dags/example_python_decorator.py
[2026-08-30T23:17:20.288+0330] {logging_mixin.py:190} INFO - [2026-08-30T23:17:20.287+0330] {dag.py:3239} INFO - Sync 1 DAGs
[2026-08-30T23:17:20.312+0330] {logging_mixin.py:190} INFO - [2026-08-30T23:17:20.312+0330] {dag.py:4180} INFO - Setting next_dagrun for example_python_decorator to None, run_after=None
[2026-08-30T23:17:20.348+0330] {processor.py:208} INFO - Processing /home/mmirnezamina/de_final_project/airflowenv/lib/python3.10/site-packages/airflow/example_dags/example_python_decorator.py took 0.741 seconds
[2026-08-30T23:17:50.897+0330] {processor.py:186} INFO - Started process (PID=14174) to work on /home/mmirnezamina/de_final_project/airflowenv/lib/python3.10/site-packages/airflow/example_dags/example_python_decorator.py
[2026-08-30T23:17:50.899+0330] {processor.py:914} INFO - Processing file /home/mmirnezamina/de_final_project/airflowenv/lib/python3.10/site-packages/airflow/example_dags/example_python_decorator.py for tasks to queue
[2026-08-30T23:17:50.901+0330] {logging_mixin.py:190} INFO - [2026-08-30T23:17:50.900+0330] {dagbag.py:588} INFO - Filling up the DagBag from /home/mmirnezamina/de_final_project/airflowenv/lib/python3.10/site-packages/airflow/example_dags/example_python_decorator.py
[2026-08-30T23:17:51.081+0330] {logging_mixin.py:190} INFO - [2026-08-30T23:17:51.080+0330] {example_python_decorator.py:80} WARNING - The virtalenv_python example task requires virtualenv, please install it.
[2026-08-30T23:17:51.086+0330] {processor.py:925} INFO - DAG(s) 'example_python_decorator' retrieved from /home/mmirnezamina/de_final_project/airflowenv/lib/python3.10/site-packages/airflow/example_dags/example_python_decorator.py
[2026-08-30T23:17:51.139+0330] {logging_mixin.py:190} INFO - [2026-08-30T23:17:51.139+0330] {dag.py:3239} INFO - Sync 1 DAGs
[2026-08-30T23:17:51.174+0330] {logging_mixin.py:190} INFO - [2026-08-30T23:17:51.174+0330] {dag.py:4180} INFO - Setting next_dagrun for example_python_decorator to None, run_after=None
[2026-08-30T23:17:51.223+0330] {processor.py:208} INFO - Processing /home/mmirnezamina/de_final_project/airflowenv/lib/python3.10/site-packages/airflow/example_dags/example_python_decorator.py took 0.344 seconds
[2026-08-30T23:18:21.520+0330] {processor.py:186} INFO - Started process (PID=14294) to work on /home/mmirnezamina/de_final_project/airflowenv/lib/python3.10/site-packages/airflow/example_dags/example_python_decorator.py
[2026-08-30T23:18:21.521+0330] {processor.py:914} INFO - Processing file /home/mmirnezamina/de_final_project/airflowenv/lib/python3.10/site-packages/airflow/example_dags/example_python_decorator.py for tasks to queue
[2026-08-30T23:18:21.522+0330] {logging_mixin.py:190} INFO - [2026-08-30T23:18:21.522+0330] {dagbag.py:588} INFO - Filling up the DagBag from /home/mmirnezamina/de_final_project/airflowenv/lib/python3.10/site-packages/airflow/example_dags/example_python_decorator.py
[2026-08-30T23:18:21.597+0330] {logging_mixin.py:190} INFO - [2026-08-30T23:18:21.597+0330] {example_python_decorator.py:80} WARNING - The virtalenv_python example task requires virtualenv, please install it.
[2026-08-30T23:18:21.601+0330] {processor.py:925} INFO - DAG(s) 'example_python_decorator' retrieved from /home/mmirnezamina/de_final_project/airflowenv/lib/python3.10/site-packages/airflow/example_dags/example_python_decorator.py
[2026-08-30T23:18:21.637+0330] {logging_mixin.py:190} INFO - [2026-08-30T23:18:21.636+0330] {dag.py:3239} INFO - Sync 1 DAGs
[2026-08-30T23:18:21.660+0330] {logging_mixin.py:190} INFO - [2026-08-30T23:18:21.659+0330] {dag.py:4180} INFO - Setting next_dagrun for example_python_decorator to None, run_after=None
[2026-08-30T23:18:21.687+0330] {processor.py:208} INFO - Processing /home/mmirnezamina/de_final_project/airflowenv/lib/python3.10/site-packages/airflow/example_dags/example_python_decorator.py took 0.176 seconds
[2026-08-30T23:18:52.311+0330] {processor.py:186} INFO - Started process (PID=14411) to work on /home/mmirnezamina/de_final_project/airflowenv/lib/python3.10/site-packages/airflow/example_dags/example_python_decorator.py
[2026-08-30T23:18:52.311+0330] {processor.py:914} INFO - Processing file /home/mmirnezamina/de_final_project/airflowenv/lib/python3.10/site-packages/airflow/example_dags/example_python_decorator.py for tasks to queue
[2026-08-30T23:18:52.312+0330] {logging_mixin.py:190} INFO - [2026-08-30T23:18:52.312+0330] {dagbag.py:588} INFO - Filling up the DagBag from /home/mmirnezamina/de_final_project/airflowenv/lib/python3.10/site-packages/airflow/example_dags/example_python_decorator.py
[2026-08-30T23:18:52.398+0330] {logging_mixin.py:190} INFO - [2026-08-30T23:18:52.398+0330] {example_python_decorator.py:80} WARNING - The virtalenv_python example task requires virtualenv, please install it.
[2026-08-30T23:18:52.401+0330] {processor.py:925} INFO - DAG(s) 'example_python_decorator' retrieved from /home/mmirnezamina/de_final_project/airflowenv/lib/python3.10/site-packages/airflow/example_dags/example_python_decorator.py
[2026-08-30T23:18:52.433+0330] {logging_mixin.py:190} INFO - [2026-08-30T23:18:52.433+0330] {dag.py:3239} INFO - Sync 1 DAGs
[2026-08-30T23:18:52.450+0330] {logging_mixin.py:190} INFO - [2026-08-30T23:18:52.450+0330] {dag.py:4180} INFO - Setting next_dagrun for example_python_decorator to None, run_after=None
[2026-08-30T23:18:52.473+0330] {processor.py:208} INFO - Processing /home/mmirnezamina/de_final_project/airflowenv/lib/python3.10/site-packages/airflow/example_dags/example_python_decorator.py took 0.171 seconds
[2026-08-30T23:19:22.632+0330] {processor.py:186} INFO - Started process (PID=14531) to work on /home/mmirnezamina/de_final_project/airflowenv/lib/python3.10/site-packages/airflow/example_dags/example_python_decorator.py
[2026-08-30T23:19:22.634+0330] {processor.py:914} INFO - Processing file /home/mmirnezamina/de_final_project/airflowenv/lib/python3.10/site-packages/airflow/example_dags/example_python_decorator.py for tasks to queue
[2026-08-30T23:19:22.635+0330] {logging_mixin.py:190} INFO - [2026-08-30T23:19:22.635+0330] {dagbag.py:588} INFO - Filling up the DagBag from /home/mmirnezamina/de_final_project/airflowenv/lib/python3.10/site-packages/airflow/example_dags/example_python_decorator.py
[2026-08-30T23:19:22.747+0330] {logging_mixin.py:190} INFO - [2026-08-30T23:19:22.746+0330] {example_python_decorator.py:80} WARNING - The virtalenv_python example task requires virtualenv, please install it.
[2026-08-30T23:19:22.750+0330] {processor.py:925} INFO - DAG(s) 'example_python_decorator' retrieved from /home/mmirnezamina/de_final_project/airflowenv/lib/python3.10/site-packages/airflow/example_dags/example_python_decorator.py
[2026-08-30T23:19:22.786+0330] {logging_mixin.py:190} INFO - [2026-08-30T23:19:22.786+0330] {dag.py:3239} INFO - Sync 1 DAGs
[2026-08-30T23:19:22.806+0330] {logging_mixin.py:190} INFO - [2026-08-30T23:19:22.806+0330] {dag.py:4180} INFO - Setting next_dagrun for example_python_decorator to None, run_after=None
[2026-08-30T23:19:22.839+0330] {processor.py:208} INFO - Processing /home/mmirnezamina/de_final_project/airflowenv/lib/python3.10/site-packages/airflow/example_dags/example_python_decorator.py took 0.219 seconds
[2026-08-30T23:19:53.043+0330] {processor.py:186} INFO - Started process (PID=14648) to work on /home/mmirnezamina/de_final_project/airflowenv/lib/python3.10/site-packages/airflow/example_dags/example_python_decorator.py
[2026-08-30T23:19:53.044+0330] {processor.py:914} INFO - Processing file /home/mmirnezamina/de_final_project/airflowenv/lib/python3.10/site-packages/airflow/example_dags/example_python_decorator.py for tasks to queue
[2026-08-30T23:19:53.045+0330] {logging_mixin.py:190} INFO - [2026-08-30T23:19:53.044+0330] {dagbag.py:588} INFO - Filling up the DagBag from /home/mmirnezamina/de_final_project/airflowenv/lib/python3.10/site-packages/airflow/example_dags/example_python_decorator.py
[2026-08-30T23:19:53.145+0330] {logging_mixin.py:190} INFO - [2026-08-30T23:19:53.144+0330] {example_python_decorator.py:80} WARNING - The virtalenv_python example task requires virtualenv, please install it.
[2026-08-30T23:19:53.148+0330] {processor.py:925} INFO - DAG(s) 'example_python_decorator' retrieved from /home/mmirnezamina/de_final_project/airflowenv/lib/python3.10/site-packages/airflow/example_dags/example_python_decorator.py
[2026-08-30T23:19:53.180+0330] {logging_mixin.py:190} INFO - [2026-08-30T23:19:53.180+0330] {dag.py:3239} INFO - Sync 1 DAGs
[2026-08-30T23:19:53.196+0330] {logging_mixin.py:190} INFO - [2026-08-30T23:19:53.195+0330] {dag.py:4180} INFO - Setting next_dagrun for example_python_decorator to None, run_after=None
[2026-08-30T23:19:53.222+0330] {processor.py:208} INFO - Processing /home/mmirnezamina/de_final_project/airflowenv/lib/python3.10/site-packages/airflow/example_dags/example_python_decorator.py took 0.190 seconds
[2026-08-30T23:20:23.886+0330] {processor.py:186} INFO - Started process (PID=14772) to work on /home/mmirnezamina/de_final_project/airflowenv/lib/python3.10/site-packages/airflow/example_dags/example_python_decorator.py
[2026-08-30T23:20:23.888+0330] {processor.py:914} INFO - Processing file /home/mmirnezamina/de_final_project/airflowenv/lib/python3.10/site-packages/airflow/example_dags/example_python_decorator.py for tasks to queue
[2026-08-30T23:20:23.889+0330] {logging_mixin.py:190} INFO - [2026-08-30T23:20:23.889+0330] {dagbag.py:588} INFO - Filling up the DagBag from /home/mmirnezamina/de_final_project/airflowenv/lib/python3.10/site-packages/airflow/example_dags/example_python_decorator.py
[2026-08-30T23:20:23.971+0330] {logging_mixin.py:190} INFO - [2026-08-30T23:20:23.970+0330] {example_python_decorator.py:80} WARNING - The virtalenv_python example task requires virtualenv, please install it.
[2026-08-30T23:20:23.974+0330] {processor.py:925} INFO - DAG(s) 'example_python_decorator' retrieved from /home/mmirnezamina/de_final_project/airflowenv/lib/python3.10/site-packages/airflow/example_dags/example_python_decorator.py
[2026-08-30T23:20:24.004+0330] {logging_mixin.py:190} INFO - [2026-08-30T23:20:24.003+0330] {dag.py:3239} INFO - Sync 1 DAGs
[2026-08-30T23:20:24.018+0330] {logging_mixin.py:190} INFO - [2026-08-30T23:20:24.018+0330] {dag.py:4180} INFO - Setting next_dagrun for example_python_decorator to None, run_after=None
[2026-08-30T23:20:24.041+0330] {processor.py:208} INFO - Processing /home/mmirnezamina/de_final_project/airflowenv/lib/python3.10/site-packages/airflow/example_dags/example_python_decorator.py took 0.165 seconds
[2026-08-30T23:20:54.304+0330] {processor.py:186} INFO - Started process (PID=14889) to work on /home/mmirnezamina/de_final_project/airflowenv/lib/python3.10/site-packages/airflow/example_dags/example_python_decorator.py
[2026-08-30T23:20:54.305+0330] {processor.py:914} INFO - Processing file /home/mmirnezamina/de_final_project/airflowenv/lib/python3.10/site-packages/airflow/example_dags/example_python_decorator.py for tasks to queue
[2026-08-30T23:20:54.307+0330] {logging_mixin.py:190} INFO - [2026-08-30T23:20:54.306+0330] {dagbag.py:588} INFO - Filling up the DagBag from /home/mmirnezamina/de_final_project/airflowenv/lib/python3.10/site-packages/airflow/example_dags/example_python_decorator.py
[2026-08-30T23:20:54.366+0330] {logging_mixin.py:190} INFO - [2026-08-30T23:20:54.365+0330] {example_python_decorator.py:80} WARNING - The virtalenv_python example task requires virtualenv, please install it.
[2026-08-30T23:20:54.368+0330] {processor.py:925} INFO - DAG(s) 'example_python_decorator' retrieved from /home/mmirnezamina/de_final_project/airflowenv/lib/python3.10/site-packages/airflow/example_dags/example_python_decorator.py
[2026-08-30T23:20:54.392+0330] {logging_mixin.py:190} INFO - [2026-08-30T23:20:54.391+0330] {dag.py:3239} INFO - Sync 1 DAGs
[2026-08-30T23:20:54.405+0330] {logging_mixin.py:190} INFO - [2026-08-30T23:20:54.405+0330] {dag.py:4180} INFO - Setting next_dagrun for example_python_decorator to None, run_after=None
[2026-08-30T23:20:54.424+0330] {processor.py:208} INFO - Processing /home/mmirnezamina/de_final_project/airflowenv/lib/python3.10/site-packages/airflow/example_dags/example_python_decorator.py took 0.128 seconds
[2026-08-30T23:21:24.845+0330] {processor.py:186} INFO - Started process (PID=15009) to work on /home/mmirnezamina/de_final_project/airflowenv/lib/python3.10/site-packages/airflow/example_dags/example_python_decorator.py
[2026-08-30T23:21:24.846+0330] {processor.py:914} INFO - Processing file /home/mmirnezamina/de_final_project/airflowenv/lib/python3.10/site-packages/airflow/example_dags/example_python_decorator.py for tasks to queue
[2026-08-30T23:21:24.847+0330] {logging_mixin.py:190} INFO - [2026-08-30T23:21:24.847+0330] {dagbag.py:588} INFO - Filling up the DagBag from /home/mmirnezamina/de_final_project/airflowenv/lib/python3.10/site-packages/airflow/example_dags/example_python_decorator.py
[2026-08-30T23:21:24.922+0330] {logging_mixin.py:190} INFO - [2026-08-30T23:21:24.922+0330] {example_python_decorator.py:80} WARNING - The virtalenv_python example task requires virtualenv, please install it.
[2026-08-30T23:21:24.925+0330] {processor.py:925} INFO - DAG(s) 'example_python_decorator' retrieved from /home/mmirnezamina/de_final_project/airflowenv/lib/python3.10/site-packages/airflow/example_dags/example_python_decorator.py
[2026-08-30T23:21:24.964+0330] {logging_mixin.py:190} INFO - [2026-08-30T23:21:24.963+0330] {dag.py:3239} INFO - Sync 1 DAGs
[2026-08-30T23:21:24.983+0330] {logging_mixin.py:190} INFO - [2026-08-30T23:21:24.982+0330] {dag.py:4180} INFO - Setting next_dagrun for example_python_decorator to None, run_after=None
[2026-08-30T23:21:25.008+0330] {processor.py:208} INFO - Processing /home/mmirnezamina/de_final_project/airflowenv/lib/python3.10/site-packages/airflow/example_dags/example_python_decorator.py took 0.171 seconds
[2026-08-30T23:21:55.058+0330] {processor.py:186} INFO - Started process (PID=15126) to work on /home/mmirnezamina/de_final_project/airflowenv/lib/python3.10/site-packages/airflow/example_dags/example_python_decorator.py
[2026-08-30T23:21:55.059+0330] {processor.py:914} INFO - Processing file /home/mmirnezamina/de_final_project/airflowenv/lib/python3.10/site-packages/airflow/example_dags/example_python_decorator.py for tasks to queue
[2026-08-30T23:21:55.060+0330] {logging_mixin.py:190} INFO - [2026-08-30T23:21:55.060+0330] {dagbag.py:588} INFO - Filling up the DagBag from /home/mmirnezamina/de_final_project/airflowenv/lib/python3.10/site-packages/airflow/example_dags/example_python_decorator.py
[2026-08-30T23:21:55.121+0330] {logging_mixin.py:190} INFO - [2026-08-30T23:21:55.120+0330] {example_python_decorator.py:80} WARNING - The virtalenv_python example task requires virtualenv, please install it.
[2026-08-30T23:21:55.123+0330] {processor.py:925} INFO - DAG(s) 'example_python_decorator' retrieved from /home/mmirnezamina/de_final_project/airflowenv/lib/python3.10/site-packages/airflow/example_dags/example_python_decorator.py
[2026-08-30T23:21:55.158+0330] {logging_mixin.py:190} INFO - [2026-08-30T23:21:55.157+0330] {dag.py:3239} INFO - Sync 1 DAGs
[2026-08-30T23:21:55.173+0330] {logging_mixin.py:190} INFO - [2026-08-30T23:21:55.172+0330] {dag.py:4180} INFO - Setting next_dagrun for example_python_decorator to None, run_after=None
[2026-08-30T23:21:55.193+0330] {processor.py:208} INFO - Processing /home/mmirnezamina/de_final_project/airflowenv/lib/python3.10/site-packages/airflow/example_dags/example_python_decorator.py took 0.143 seconds
[2026-08-30T23:22:25.735+0330] {processor.py:186} INFO - Started process (PID=15247) to work on /home/mmirnezamina/de_final_project/airflowenv/lib/python3.10/site-packages/airflow/example_dags/example_python_decorator.py
[2026-08-30T23:22:25.736+0330] {processor.py:914} INFO - Processing file /home/mmirnezamina/de_final_project/airflowenv/lib/python3.10/site-packages/airflow/example_dags/example_python_decorator.py for tasks to queue
[2026-08-30T23:22:25.737+0330] {logging_mixin.py:190} INFO - [2026-08-30T23:22:25.737+0330] {dagbag.py:588} INFO - Filling up the DagBag from /home/mmirnezamina/de_final_project/airflowenv/lib/python3.10/site-packages/airflow/example_dags/example_python_decorator.py
[2026-08-30T23:22:25.809+0330] {logging_mixin.py:190} INFO - [2026-08-30T23:22:25.808+0330] {example_python_decorator.py:80} WARNING - The virtalenv_python example task requires virtualenv, please install it.
[2026-08-30T23:22:25.811+0330] {processor.py:925} INFO - DAG(s) 'example_python_decorator' retrieved from /home/mmirnezamina/de_final_project/airflowenv/lib/python3.10/site-packages/airflow/example_dags/example_python_decorator.py
[2026-08-30T23:22:25.836+0330] {logging_mixin.py:190} INFO - [2026-08-30T23:22:25.836+0330] {dag.py:3239} INFO - Sync 1 DAGs
[2026-08-30T23:22:25.853+0330] {logging_mixin.py:190} INFO - [2026-08-30T23:22:25.853+0330] {dag.py:4180} INFO - Setting next_dagrun for example_python_decorator to None, run_after=None
[2026-08-30T23:22:25.874+0330] {processor.py:208} INFO - Processing /home/mmirnezamina/de_final_project/airflowenv/lib/python3.10/site-packages/airflow/example_dags/example_python_decorator.py took 0.150 seconds
[2026-08-30T23:22:55.938+0330] {processor.py:186} INFO - Started process (PID=15364) to work on /home/mmirnezamina/de_final_project/airflowenv/lib/python3.10/site-packages/airflow/example_dags/example_python_decorator.py
[2026-08-30T23:22:55.939+0330] {processor.py:914} INFO - Processing file /home/mmirnezamina/de_final_project/airflowenv/lib/python3.10/site-packages/airflow/example_dags/example_python_decorator.py for tasks to queue
[2026-08-30T23:22:55.940+0330] {logging_mixin.py:190} INFO - [2026-08-30T23:22:55.940+0330] {dagbag.py:588} INFO - Filling up the DagBag from /home/mmirnezamina/de_final_project/airflowenv/lib/python3.10/site-packages/airflow/example_dags/example_python_decorator.py
[2026-08-30T23:22:56.041+0330] {logging_mixin.py:190} INFO - [2026-08-30T23:22:56.041+0330] {example_python_decorator.py:80} WARNING - The virtalenv_python example task requires virtualenv, please install it.
[2026-08-30T23:22:56.046+0330] {processor.py:925} INFO - DAG(s) 'example_python_decorator' retrieved from /home/mmirnezamina/de_final_project/airflowenv/lib/python3.10/site-packages/airflow/example_dags/example_python_decorator.py
[2026-08-30T23:22:56.093+0330] {logging_mixin.py:190} INFO - [2026-08-30T23:22:56.093+0330] {dag.py:3239} INFO - Sync 1 DAGs
[2026-08-30T23:22:56.117+0330] {logging_mixin.py:190} INFO - [2026-08-30T23:22:56.117+0330] {dag.py:4180} INFO - Setting next_dagrun for example_python_decorator to None, run_after=None
[2026-08-30T23:22:56.147+0330] {processor.py:208} INFO - Processing /home/mmirnezamina/de_final_project/airflowenv/lib/python3.10/site-packages/airflow/example_dags/example_python_decorator.py took 0.219 seconds
[2026-08-30T23:23:26.641+0330] {processor.py:186} INFO - Started process (PID=15484) to work on /home/mmirnezamina/de_final_project/airflowenv/lib/python3.10/site-packages/airflow/example_dags/example_python_decorator.py
[2026-08-30T23:23:26.664+0330] {processor.py:914} INFO - Processing file /home/mmirnezamina/de_final_project/airflowenv/lib/python3.10/site-packages/airflow/example_dags/example_python_decorator.py for tasks to queue
[2026-08-30T23:23:26.666+0330] {logging_mixin.py:190} INFO - [2026-08-30T23:23:26.666+0330] {dagbag.py:588} INFO - Filling up the DagBag from /home/mmirnezamina/de_final_project/airflowenv/lib/python3.10/site-packages/airflow/example_dags/example_python_decorator.py
[2026-08-30T23:23:26.777+0330] {logging_mixin.py:190} INFO - [2026-08-30T23:23:26.777+0330] {example_python_decorator.py:80} WARNING - The virtalenv_python example task requires virtualenv, please install it.
[2026-08-30T23:23:26.781+0330] {processor.py:925} INFO - DAG(s) 'example_python_decorator' retrieved from /home/mmirnezamina/de_final_project/airflowenv/lib/python3.10/site-packages/airflow/example_dags/example_python_decorator.py
[2026-08-30T23:23:26.820+0330] {logging_mixin.py:190} INFO - [2026-08-30T23:23:26.820+0330] {dag.py:3239} INFO - Sync 1 DAGs
[2026-08-30T23:23:26.839+0330] {logging_mixin.py:190} INFO - [2026-08-30T23:23:26.839+0330] {dag.py:4180} INFO - Setting next_dagrun for example_python_decorator to None, run_after=None
[2026-08-30T23:23:27.529+0330] {processor.py:208} INFO - Processing /home/mmirnezamina/de_final_project/airflowenv/lib/python3.10/site-packages/airflow/example_dags/example_python_decorator.py took 0.901 seconds
[2026-08-30T23:23:57.583+0330] {processor.py:186} INFO - Started process (PID=15603) to work on /home/mmirnezamina/de_final_project/airflowenv/lib/python3.10/site-packages/airflow/example_dags/example_python_decorator.py
[2026-08-30T23:23:57.584+0330] {processor.py:914} INFO - Processing file /home/mmirnezamina/de_final_project/airflowenv/lib/python3.10/site-packages/airflow/example_dags/example_python_decorator.py for tasks to queue
[2026-08-30T23:23:57.585+0330] {logging_mixin.py:190} INFO - [2026-08-30T23:23:57.585+0330] {dagbag.py:588} INFO - Filling up the DagBag from /home/mmirnezamina/de_final_project/airflowenv/lib/python3.10/site-packages/airflow/example_dags/example_python_decorator.py
[2026-08-30T23:23:57.655+0330] {logging_mixin.py:190} INFO - [2026-08-30T23:23:57.654+0330] {example_python_decorator.py:80} WARNING - The virtalenv_python example task requires virtualenv, please install it.
[2026-08-30T23:23:57.657+0330] {processor.py:925} INFO - DAG(s) 'example_python_decorator' retrieved from /home/mmirnezamina/de_final_project/airflowenv/lib/python3.10/site-packages/airflow/example_dags/example_python_decorator.py
[2026-08-30T23:23:57.681+0330] {logging_mixin.py:190} INFO - [2026-08-30T23:23:57.680+0330] {dag.py:3239} INFO - Sync 1 DAGs
[2026-08-30T23:23:57.696+0330] {logging_mixin.py:190} INFO - [2026-08-30T23:23:57.695+0330] {dag.py:4180} INFO - Setting next_dagrun for example_python_decorator to None, run_after=None
[2026-08-30T23:23:57.717+0330] {processor.py:208} INFO - Processing /home/mmirnezamina/de_final_project/airflowenv/lib/python3.10/site-packages/airflow/example_dags/example_python_decorator.py took 0.141 seconds
[2026-08-30T23:24:28.571+0330] {processor.py:186} INFO - Started process (PID=15721) to work on /home/mmirnezamina/de_final_project/airflowenv/lib/python3.10/site-packages/airflow/example_dags/example_python_decorator.py
[2026-08-30T23:24:28.573+0330] {processor.py:914} INFO - Processing file /home/mmirnezamina/de_final_project/airflowenv/lib/python3.10/site-packages/airflow/example_dags/example_python_decorator.py for tasks to queue
[2026-08-30T23:24:28.575+0330] {logging_mixin.py:190} INFO - [2026-08-30T23:24:28.574+0330] {dagbag.py:588} INFO - Filling up the DagBag from /home/mmirnezamina/de_final_project/airflowenv/lib/python3.10/site-packages/airflow/example_dags/example_python_decorator.py
[2026-08-30T23:24:28.696+0330] {logging_mixin.py:190} INFO - [2026-08-30T23:24:28.696+0330] {example_python_decorator.py:80} WARNING - The virtalenv_python example task requires virtualenv, please install it.
[2026-08-30T23:24:28.700+0330] {processor.py:925} INFO - DAG(s) 'example_python_decorator' retrieved from /home/mmirnezamina/de_final_project/airflowenv/lib/python3.10/site-packages/airflow/example_dags/example_python_decorator.py
[2026-08-30T23:24:28.742+0330] {logging_mixin.py:190} INFO - [2026-08-30T23:24:28.742+0330] {dag.py:3239} INFO - Sync 1 DAGs
[2026-08-30T23:24:28.766+0330] {logging_mixin.py:190} INFO - [2026-08-30T23:24:28.766+0330] {dag.py:4180} INFO - Setting next_dagrun for example_python_decorator to None, run_after=None
[2026-08-30T23:24:28.802+0330] {processor.py:208} INFO - Processing /home/mmirnezamina/de_final_project/airflowenv/lib/python3.10/site-packages/airflow/example_dags/example_python_decorator.py took 0.248 seconds
[2026-08-30T23:24:59.154+0330] {processor.py:186} INFO - Started process (PID=15859) to work on /home/mmirnezamina/de_final_project/airflowenv/lib/python3.10/site-packages/airflow/example_dags/example_python_decorator.py
[2026-08-30T23:24:59.156+0330] {processor.py:914} INFO - Processing file /home/mmirnezamina/de_final_project/airflowenv/lib/python3.10/site-packages/airflow/example_dags/example_python_decorator.py for tasks to queue
[2026-08-30T23:24:59.157+0330] {logging_mixin.py:190} INFO - [2026-08-30T23:24:59.157+0330] {dagbag.py:588} INFO - Filling up the DagBag from /home/mmirnezamina/de_final_project/airflowenv/lib/python3.10/site-packages/airflow/example_dags/example_python_decorator.py
[2026-08-30T23:24:59.254+0330] {logging_mixin.py:190} INFO - [2026-08-30T23:24:59.254+0330] {example_python_decorator.py:80} WARNING - The virtalenv_python example task requires virtualenv, please install it.
[2026-08-30T23:24:59.270+0330] {processor.py:925} INFO - DAG(s) 'example_python_decorator' retrieved from /home/mmirnezamina/de_final_project/airflowenv/lib/python3.10/site-packages/airflow/example_dags/example_python_decorator.py
[2026-08-30T23:24:59.344+0330] {logging_mixin.py:190} INFO - [2026-08-30T23:24:59.344+0330] {dag.py:3239} INFO - Sync 1 DAGs
[2026-08-30T23:24:59.365+0330] {logging_mixin.py:190} INFO - [2026-08-30T23:24:59.365+0330] {dag.py:4180} INFO - Setting next_dagrun for example_python_decorator to None, run_after=None
[2026-08-30T23:24:59.389+0330] {processor.py:208} INFO - Processing /home/mmirnezamina/de_final_project/airflowenv/lib/python3.10/site-packages/airflow/example_dags/example_python_decorator.py took 0.243 seconds
[2026-08-30T23:25:29.537+0330] {processor.py:186} INFO - Started process (PID=15997) to work on /home/mmirnezamina/de_final_project/airflowenv/lib/python3.10/site-packages/airflow/example_dags/example_python_decorator.py
[2026-08-30T23:25:29.538+0330] {processor.py:914} INFO - Processing file /home/mmirnezamina/de_final_project/airflowenv/lib/python3.10/site-packages/airflow/example_dags/example_python_decorator.py for tasks to queue
[2026-08-30T23:25:29.541+0330] {logging_mixin.py:190} INFO - [2026-08-30T23:25:29.540+0330] {dagbag.py:588} INFO - Filling up the DagBag from /home/mmirnezamina/de_final_project/airflowenv/lib/python3.10/site-packages/airflow/example_dags/example_python_decorator.py
[2026-08-30T23:25:29.680+0330] {logging_mixin.py:190} INFO - [2026-08-30T23:25:29.680+0330] {example_python_decorator.py:80} WARNING - The virtalenv_python example task requires virtualenv, please install it.
[2026-08-30T23:25:29.684+0330] {processor.py:925} INFO - DAG(s) 'example_python_decorator' retrieved from /home/mmirnezamina/de_final_project/airflowenv/lib/python3.10/site-packages/airflow/example_dags/example_python_decorator.py
[2026-08-30T23:25:29.739+0330] {logging_mixin.py:190} INFO - [2026-08-30T23:25:29.739+0330] {dag.py:3239} INFO - Sync 1 DAGs
[2026-08-30T23:25:29.764+0330] {logging_mixin.py:190} INFO - [2026-08-30T23:25:29.764+0330] {dag.py:4180} INFO - Setting next_dagrun for example_python_decorator to None, run_after=None
[2026-08-30T23:25:29.802+0330] {processor.py:208} INFO - Processing /home/mmirnezamina/de_final_project/airflowenv/lib/python3.10/site-packages/airflow/example_dags/example_python_decorator.py took 0.279 seconds
[2026-08-30T23:26:00.207+0330] {processor.py:186} INFO - Started process (PID=16122) to work on /home/mmirnezamina/de_final_project/airflowenv/lib/python3.10/site-packages/airflow/example_dags/example_python_decorator.py
[2026-08-30T23:26:00.209+0330] {processor.py:914} INFO - Processing file /home/mmirnezamina/de_final_project/airflowenv/lib/python3.10/site-packages/airflow/example_dags/example_python_decorator.py for tasks to queue
[2026-08-30T23:26:00.210+0330] {logging_mixin.py:190} INFO - [2026-08-30T23:26:00.209+0330] {dagbag.py:588} INFO - Filling up the DagBag from /home/mmirnezamina/de_final_project/airflowenv/lib/python3.10/site-packages/airflow/example_dags/example_python_decorator.py
[2026-08-30T23:26:00.272+0330] {logging_mixin.py:190} INFO - [2026-08-30T23:26:00.272+0330] {example_python_decorator.py:80} WARNING - The virtalenv_python example task requires virtualenv, please install it.
[2026-08-30T23:26:00.275+0330] {processor.py:925} INFO - DAG(s) 'example_python_decorator' retrieved from /home/mmirnezamina/de_final_project/airflowenv/lib/python3.10/site-packages/airflow/example_dags/example_python_decorator.py
[2026-08-30T23:26:00.299+0330] {logging_mixin.py:190} INFO - [2026-08-30T23:26:00.299+0330] {dag.py:3239} INFO - Sync 1 DAGs
[2026-08-30T23:26:00.312+0330] {logging_mixin.py:190} INFO - [2026-08-30T23:26:00.312+0330] {dag.py:4180} INFO - Setting next_dagrun for example_python_decorator to None, run_after=None
[2026-08-30T23:26:00.333+0330] {processor.py:208} INFO - Processing /home/mmirnezamina/de_final_project/airflowenv/lib/python3.10/site-packages/airflow/example_dags/example_python_decorator.py took 0.132 seconds
[2026-08-30T23:26:30.405+0330] {processor.py:186} INFO - Started process (PID=16240) to work on /home/mmirnezamina/de_final_project/airflowenv/lib/python3.10/site-packages/airflow/example_dags/example_python_decorator.py
[2026-08-30T23:26:30.406+0330] {processor.py:914} INFO - Processing file /home/mmirnezamina/de_final_project/airflowenv/lib/python3.10/site-packages/airflow/example_dags/example_python_decorator.py for tasks to queue
[2026-08-30T23:26:30.408+0330] {logging_mixin.py:190} INFO - [2026-08-30T23:26:30.408+0330] {dagbag.py:588} INFO - Filling up the DagBag from /home/mmirnezamina/de_final_project/airflowenv/lib/python3.10/site-packages/airflow/example_dags/example_python_decorator.py
[2026-08-30T23:26:30.549+0330] {logging_mixin.py:190} INFO - [2026-08-30T23:26:30.549+0330] {example_python_decorator.py:80} WARNING - The virtalenv_python example task requires virtualenv, please install it.
[2026-08-30T23:26:30.553+0330] {processor.py:925} INFO - DAG(s) 'example_python_decorator' retrieved from /home/mmirnezamina/de_final_project/airflowenv/lib/python3.10/site-packages/airflow/example_dags/example_python_decorator.py
[2026-08-30T23:26:30.598+0330] {logging_mixin.py:190} INFO - [2026-08-30T23:26:30.598+0330] {dag.py:3239} INFO - Sync 1 DAGs
[2026-08-30T23:26:30.619+0330] {logging_mixin.py:190} INFO - [2026-08-30T23:26:30.619+0330] {dag.py:4180} INFO - Setting next_dagrun for example_python_decorator to None, run_after=None
[2026-08-30T23:26:30.653+0330] {processor.py:208} INFO - Processing /home/mmirnezamina/de_final_project/airflowenv/lib/python3.10/site-packages/airflow/example_dags/example_python_decorator.py took 0.260 seconds
[2026-08-30T23:27:01.068+0330] {processor.py:186} INFO - Started process (PID=16363) to work on /home/mmirnezamina/de_final_project/airflowenv/lib/python3.10/site-packages/airflow/example_dags/example_python_decorator.py
[2026-08-30T23:27:01.069+0330] {processor.py:914} INFO - Processing file /home/mmirnezamina/de_final_project/airflowenv/lib/python3.10/site-packages/airflow/example_dags/example_python_decorator.py for tasks to queue
[2026-08-30T23:27:01.071+0330] {logging_mixin.py:190} INFO - [2026-08-30T23:27:01.071+0330] {dagbag.py:588} INFO - Filling up the DagBag from /home/mmirnezamina/de_final_project/airflowenv/lib/python3.10/site-packages/airflow/example_dags/example_python_decorator.py
[2026-08-30T23:27:01.209+0330] {logging_mixin.py:190} INFO - [2026-08-30T23:27:01.209+0330] {example_python_decorator.py:80} WARNING - The virtalenv_python example task requires virtualenv, please install it.
[2026-08-30T23:27:01.212+0330] {processor.py:925} INFO - DAG(s) 'example_python_decorator' retrieved from /home/mmirnezamina/de_final_project/airflowenv/lib/python3.10/site-packages/airflow/example_dags/example_python_decorator.py
[2026-08-30T23:27:01.267+0330] {logging_mixin.py:190} INFO - [2026-08-30T23:27:01.266+0330] {dag.py:3239} INFO - Sync 1 DAGs
[2026-08-30T23:27:01.292+0330] {logging_mixin.py:190} INFO - [2026-08-30T23:27:01.292+0330] {dag.py:4180} INFO - Setting next_dagrun for example_python_decorator to None, run_after=None
[2026-08-30T23:27:01.323+0330] {processor.py:208} INFO - Processing /home/mmirnezamina/de_final_project/airflowenv/lib/python3.10/site-packages/airflow/example_dags/example_python_decorator.py took 0.269 seconds
[2026-08-30T23:28:11.845+0330] {processor.py:186} INFO - Started process (PID=16479) to work on /home/mmirnezamina/de_final_project/airflowenv/lib/python3.10/site-packages/airflow/example_dags/example_python_decorator.py
[2026-08-30T23:28:11.847+0330] {processor.py:914} INFO - Processing file /home/mmirnezamina/de_final_project/airflowenv/lib/python3.10/site-packages/airflow/example_dags/example_python_decorator.py for tasks to queue
[2026-08-30T23:28:11.848+0330] {logging_mixin.py:190} INFO - [2026-08-30T23:28:11.847+0330] {dagbag.py:588} INFO - Filling up the DagBag from /home/mmirnezamina/de_final_project/airflowenv/lib/python3.10/site-packages/airflow/example_dags/example_python_decorator.py
[2026-08-30T23:28:11.933+0330] {logging_mixin.py:190} INFO - [2026-08-30T23:28:11.932+0330] {example_python_decorator.py:80} WARNING - The virtalenv_python example task requires virtualenv, please install it.
[2026-08-30T23:28:11.936+0330] {processor.py:925} INFO - DAG(s) 'example_python_decorator' retrieved from /home/mmirnezamina/de_final_project/airflowenv/lib/python3.10/site-packages/airflow/example_dags/example_python_decorator.py
[2026-08-30T23:28:12.072+0330] {logging_mixin.py:190} INFO - [2026-08-30T23:28:12.071+0330] {override.py:1930} INFO - Created Permission View: can delete on DAG:example_python_decorator
[2026-08-30T23:28:12.100+0330] {logging_mixin.py:190} INFO - [2026-08-30T23:28:12.100+0330] {override.py:1930} INFO - Created Permission View: can read on DAG:example_python_decorator
[2026-08-30T23:28:12.119+0330] {logging_mixin.py:190} INFO - [2026-08-30T23:28:12.119+0330] {override.py:1930} INFO - Created Permission View: can edit on DAG:example_python_decorator
[2026-08-30T23:28:12.150+0330] {logging_mixin.py:190} INFO - [2026-08-30T23:28:12.150+0330] {override.py:1930} INFO - Created Permission View: can create on DAG Run:example_python_decorator
[2026-08-30T23:28:12.190+0330] {logging_mixin.py:190} INFO - [2026-08-30T23:28:12.189+0330] {override.py:1930} INFO - Created Permission View: can delete on DAG Run:example_python_decorator
[2026-08-30T23:28:12.215+0330] {logging_mixin.py:190} INFO - [2026-08-30T23:28:12.214+0330] {override.py:1930} INFO - Created Permission View: can read on DAG Run:example_python_decorator
[2026-08-30T23:28:12.236+0330] {logging_mixin.py:190} INFO - [2026-08-30T23:28:12.235+0330] {override.py:1930} INFO - Created Permission View: menu access on DAG Run:example_python_decorator
[2026-08-30T23:28:12.236+0330] {logging_mixin.py:190} INFO - [2026-08-30T23:28:12.236+0330] {dag.py:3239} INFO - Sync 1 DAGs
[2026-08-30T23:28:12.263+0330] {logging_mixin.py:190} INFO - [2026-08-30T23:28:12.263+0330] {dag.py:3262} INFO - Creating ORM DAG for example_python_decorator
[2026-08-30T23:28:12.264+0330] {logging_mixin.py:190} INFO - [2026-08-30T23:28:12.264+0330] {dag.py:4180} INFO - Setting next_dagrun for example_python_decorator to None, run_after=None
[2026-08-30T23:28:12.311+0330] {processor.py:208} INFO - Processing /home/mmirnezamina/de_final_project/airflowenv/lib/python3.10/site-packages/airflow/example_dags/example_python_decorator.py took 0.476 seconds
