[2026-08-30T23:13:40.887+0330] {processor.py:186} INFO - Started process (PID=13144) to work on /home/mmirnezamina/de_final_project/airflowenv/lib/python3.10/site-packages/airflow/example_dags/example_sla_dag.py
[2026-08-30T23:13:40.893+0330] {processor.py:914} INFO - Processing file /home/mmirnezamina/de_final_project/airflowenv/lib/python3.10/site-packages/airflow/example_dags/example_sla_dag.py for tasks to queue
[2026-08-30T23:13:40.897+0330] {logging_mixin.py:190} INFO - [2026-08-30T23:13:40.896+0330] {dagbag.py:588} INFO - Filling up the DagBag from /home/mmirnezamina/de_final_project/airflowenv/lib/python3.10/site-packages/airflow/example_dags/example_sla_dag.py
[2026-08-30T23:13:40.964+0330] {processor.py:925} INFO - DAG(s) 'example_sla_dag' retrieved from /home/mmirnezamina/de_final_project/airflowenv/lib/python3.10/site-packages/airflow/example_dags/example_sla_dag.py
[2026-08-30T23:13:41.407+0330] {logging_mixin.py:190} INFO - [2026-08-30T23:13:41.404+0330] {override.py:1930} INFO - Created Permission View: can edit on DAG:example_sla_dag
[2026-08-30T23:13:41.457+0330] {logging_mixin.py:190} INFO - [2026-08-30T23:13:41.456+0330] {override.py:1930} INFO - Created Permission View: can read on DAG:example_sla_dag
[2026-08-30T23:13:41.487+0330] {logging_mixin.py:190} INFO - [2026-08-30T23:13:41.485+0330] {override.py:1930} INFO - Created Permission View: can delete on DAG:example_sla_dag
[2026-08-30T23:13:41.524+0330] {logging_mixin.py:190} INFO - [2026-08-30T23:13:41.523+0330] {override.py:1930} INFO - Created Permission View: menu access on DAG Run:example_sla_dag
[2026-08-30T23:13:41.553+0330] {logging_mixin.py:190} INFO - [2026-08-30T23:13:41.552+0330] {override.py:1930} INFO - Created Permission View: can create on DAG Run:example_sla_dag
[2026-08-30T23:13:41.582+0330] {logging_mixin.py:190} INFO - [2026-08-30T23:13:41.581+0330] {override.py:1930} INFO - Created Permission View: can read on DAG Run:example_sla_dag
[2026-08-30T23:13:41.610+0330] {logging_mixin.py:190} INFO - [2026-08-30T23:13:41.609+0330] {override.py:1930} INFO - Created Permission View: can delete on DAG Run:example_sla_dag
[2026-08-30T23:13:41.611+0330] {logging_mixin.py:190} INFO - [2026-08-30T23:13:41.610+0330] {dag.py:3239} INFO - Sync 1 DAGs
[2026-08-30T23:13:41.666+0330] {logging_mixin.py:190} INFO - [2026-08-30T23:13:41.665+0330] {dag.py:3262} INFO - Creating ORM DAG for example_sla_dag
[2026-08-30T23:13:41.718+0330] {logging_mixin.py:190} INFO - [2026-08-30T23:13:41.717+0330] {dag.py:4180} INFO - Setting next_dagrun for example_sla_dag to 2026-08-30 19:40:00+00:00, run_after=2026-08-30 19:42:00+00:00
[2026-08-30T23:13:41.800+0330] {processor.py:208} INFO - Processing /home/mmirnezamina/de_final_project/airflowenv/lib/python3.10/site-packages/airflow/example_dags/example_sla_dag.py took 0.954 seconds
[2026-08-30T23:14:11.975+0330] {processor.py:186} INFO - Started process (PID=13270) to work on /home/mmirnezamina/de_final_project/airflowenv/lib/python3.10/site-packages/airflow/example_dags/example_sla_dag.py
[2026-08-30T23:14:11.977+0330] {processor.py:914} INFO - Processing file /home/mmirnezamina/de_final_project/airflowenv/lib/python3.10/site-packages/airflow/example_dags/example_sla_dag.py for tasks to queue
[2026-08-30T23:14:11.978+0330] {logging_mixin.py:190} INFO - [2026-08-30T23:14:11.978+0330] {dagbag.py:588} INFO - Filling up the DagBag from /home/mmirnezamina/de_final_project/airflowenv/lib/python3.10/site-packages/airflow/example_dags/example_sla_dag.py
[2026-08-30T23:14:11.988+0330] {processor.py:925} INFO - DAG(s) 'example_sla_dag' retrieved from /home/mmirnezamina/de_final_project/airflowenv/lib/python3.10/site-packages/airflow/example_dags/example_sla_dag.py
[2026-08-30T23:14:12.020+0330] {logging_mixin.py:190} INFO - [2026-08-30T23:14:12.020+0330] {dag.py:3239} INFO - Sync 1 DAGs
[2026-08-30T23:14:12.053+0330] {logging_mixin.py:190} INFO - [2026-08-30T23:14:12.053+0330] {dag.py:4180} INFO - Setting next_dagrun for example_sla_dag to 2026-08-30 19:42:00+00:00, run_after=2026-08-30 19:44:00+00:00
[2026-08-30T23:14:12.121+0330] {processor.py:208} INFO - Processing /home/mmirnezamina/de_final_project/airflowenv/lib/python3.10/site-packages/airflow/example_dags/example_sla_dag.py took 0.154 seconds
[2026-08-30T23:14:42.423+0330] {processor.py:186} INFO - Started process (PID=13389) to work on /home/mmirnezamina/de_final_project/airflowenv/lib/python3.10/site-packages/airflow/example_dags/example_sla_dag.py
[2026-08-30T23:14:42.424+0330] {processor.py:914} INFO - Processing file /home/mmirnezamina/de_final_project/airflowenv/lib/python3.10/site-packages/airflow/example_dags/example_sla_dag.py for tasks to queue
[2026-08-30T23:14:42.425+0330] {logging_mixin.py:190} INFO - [2026-08-30T23:14:42.424+0330] {dagbag.py:588} INFO - Filling up the DagBag from /home/mmirnezamina/de_final_project/airflowenv/lib/python3.10/site-packages/airflow/example_dags/example_sla_dag.py
[2026-08-30T23:14:42.437+0330] {processor.py:925} INFO - DAG(s) 'example_sla_dag' retrieved from /home/mmirnezamina/de_final_project/airflowenv/lib/python3.10/site-packages/airflow/example_dags/example_sla_dag.py
[2026-08-30T23:14:42.466+0330] {logging_mixin.py:190} INFO - [2026-08-30T23:14:42.466+0330] {dag.py:3239} INFO - Sync 1 DAGs
[2026-08-30T23:14:42.494+0330] {logging_mixin.py:190} INFO - [2026-08-30T23:14:42.494+0330] {dag.py:4180} INFO - Setting next_dagrun for example_sla_dag to 2026-08-30 19:42:00+00:00, run_after=2026-08-30 19:44:00+00:00
[2026-08-30T23:14:42.519+0330] {processor.py:208} INFO - Processing /home/mmirnezamina/de_final_project/airflowenv/lib/python3.10/site-packages/airflow/example_dags/example_sla_dag.py took 0.105 seconds
[2026-08-30T23:15:12.735+0330] {processor.py:186} INFO - Started process (PID=13508) to work on /home/mmirnezamina/de_final_project/airflowenv/lib/python3.10/site-packages/airflow/example_dags/example_sla_dag.py
[2026-08-30T23:15:12.737+0330] {processor.py:914} INFO - Processing file /home/mmirnezamina/de_final_project/airflowenv/lib/python3.10/site-packages/airflow/example_dags/example_sla_dag.py for tasks to queue
[2026-08-30T23:15:12.740+0330] {logging_mixin.py:190} INFO - [2026-08-30T23:15:12.739+0330] {dagbag.py:588} INFO - Filling up the DagBag from /home/mmirnezamina/de_final_project/airflowenv/lib/python3.10/site-packages/airflow/example_dags/example_sla_dag.py
[2026-08-30T23:15:12.764+0330] {processor.py:925} INFO - DAG(s) 'example_sla_dag' retrieved from /home/mmirnezamina/de_final_project/airflowenv/lib/python3.10/site-packages/airflow/example_dags/example_sla_dag.py
[2026-08-30T23:15:12.806+0330] {logging_mixin.py:190} INFO - [2026-08-30T23:15:12.806+0330] {dag.py:3239} INFO - Sync 1 DAGs
[2026-08-30T23:15:12.845+0330] {logging_mixin.py:190} INFO - [2026-08-30T23:15:12.845+0330] {dag.py:4180} INFO - Setting next_dagrun for example_sla_dag to 2026-08-30 19:42:00+00:00, run_after=2026-08-30 19:44:00+00:00
[2026-08-30T23:15:12.883+0330] {processor.py:208} INFO - Processing /home/mmirnezamina/de_final_project/airflowenv/lib/python3.10/site-packages/airflow/example_dags/example_sla_dag.py took 0.163 seconds
[2026-08-30T23:15:43.610+0330] {processor.py:186} INFO - Started process (PID=13628) to work on /home/mmirnezamina/de_final_project/airflowenv/lib/python3.10/site-packages/airflow/example_dags/example_sla_dag.py
[2026-08-30T23:15:43.611+0330] {processor.py:914} INFO - Processing file /home/mmirnezamina/de_final_project/airflowenv/lib/python3.10/site-packages/airflow/example_dags/example_sla_dag.py for tasks to queue
[2026-08-30T23:15:43.612+0330] {logging_mixin.py:190} INFO - [2026-08-30T23:15:43.612+0330] {dagbag.py:588} INFO - Filling up the DagBag from /home/mmirnezamina/de_final_project/airflowenv/lib/python3.10/site-packages/airflow/example_dags/example_sla_dag.py
[2026-08-30T23:15:43.623+0330] {processor.py:925} INFO - DAG(s) 'example_sla_dag' retrieved from /home/mmirnezamina/de_final_project/airflowenv/lib/python3.10/site-packages/airflow/example_dags/example_sla_dag.py
[2026-08-30T23:15:43.649+0330] {logging_mixin.py:190} INFO - [2026-08-30T23:15:43.649+0330] {dag.py:3239} INFO - Sync 1 DAGs
[2026-08-30T23:15:43.682+0330] {logging_mixin.py:190} INFO - [2026-08-30T23:15:43.681+0330] {dag.py:4180} INFO - Setting next_dagrun for example_sla_dag to 2026-08-30 19:42:00+00:00, run_after=2026-08-30 19:44:00+00:00
[2026-08-30T23:15:43.713+0330] {processor.py:208} INFO - Processing /home/mmirnezamina/de_final_project/airflowenv/lib/python3.10/site-packages/airflow/example_dags/example_sla_dag.py took 0.112 seconds
[2026-08-30T23:16:14.003+0330] {processor.py:186} INFO - Started process (PID=13746) to work on /home/mmirnezamina/de_final_project/airflowenv/lib/python3.10/site-packages/airflow/example_dags/example_sla_dag.py
[2026-08-30T23:16:14.005+0330] {processor.py:914} INFO - Processing file /home/mmirnezamina/de_final_project/airflowenv/lib/python3.10/site-packages/airflow/example_dags/example_sla_dag.py for tasks to queue
[2026-08-30T23:16:14.006+0330] {logging_mixin.py:190} INFO - [2026-08-30T23:16:14.005+0330] {dagbag.py:588} INFO - Filling up the DagBag from /home/mmirnezamina/de_final_project/airflowenv/lib/python3.10/site-packages/airflow/example_dags/example_sla_dag.py
[2026-08-30T23:16:14.017+0330] {processor.py:925} INFO - DAG(s) 'example_sla_dag' retrieved from /home/mmirnezamina/de_final_project/airflowenv/lib/python3.10/site-packages/airflow/example_dags/example_sla_dag.py
[2026-08-30T23:16:14.054+0330] {logging_mixin.py:190} INFO - [2026-08-30T23:16:14.053+0330] {dag.py:3239} INFO - Sync 1 DAGs
[2026-08-30T23:16:14.087+0330] {logging_mixin.py:190} INFO - [2026-08-30T23:16:14.086+0330] {dag.py:4180} INFO - Setting next_dagrun for example_sla_dag to 2026-08-30 19:44:00+00:00, run_after=2026-08-30 19:46:00+00:00
[2026-08-30T23:16:14.113+0330] {processor.py:208} INFO - Processing /home/mmirnezamina/de_final_project/airflowenv/lib/python3.10/site-packages/airflow/example_dags/example_sla_dag.py took 0.120 seconds
[2026-08-30T23:16:44.142+0330] {processor.py:186} INFO - Started process (PID=13865) to work on /home/mmirnezamina/de_final_project/airflowenv/lib/python3.10/site-packages/airflow/example_dags/example_sla_dag.py
[2026-08-30T23:16:44.143+0330] {processor.py:914} INFO - Processing file /home/mmirnezamina/de_final_project/airflowenv/lib/python3.10/site-packages/airflow/example_dags/example_sla_dag.py for tasks to queue
[2026-08-30T23:16:44.144+0330] {logging_mixin.py:190} INFO - [2026-08-30T23:16:44.143+0330] {dagbag.py:588} INFO - Filling up the DagBag from /home/mmirnezamina/de_final_project/airflowenv/lib/python3.10/site-packages/airflow/example_dags/example_sla_dag.py
[2026-08-30T23:16:44.154+0330] {processor.py:925} INFO - DAG(s) 'example_sla_dag' retrieved from /home/mmirnezamina/de_final_project/airflowenv/lib/python3.10/site-packages/airflow/example_dags/example_sla_dag.py
[2026-08-30T23:16:44.184+0330] {logging_mixin.py:190} INFO - [2026-08-30T23:16:44.184+0330] {dag.py:3239} INFO - Sync 1 DAGs
[2026-08-30T23:16:44.219+0330] {logging_mixin.py:190} INFO - [2026-08-30T23:16:44.219+0330] {dag.py:4180} INFO - Setting next_dagrun for example_sla_dag to 2026-08-30 19:44:00+00:00, run_after=2026-08-30 19:46:00+00:00
[2026-08-30T23:16:44.248+0330] {processor.py:208} INFO - Processing /home/mmirnezamina/de_final_project/airflowenv/lib/python3.10/site-packages/airflow/example_dags/example_sla_dag.py took 0.115 seconds
[2026-08-30T23:17:14.318+0330] {processor.py:186} INFO - Started process (PID=14029) to work on /home/mmirnezamina/de_final_project/airflowenv/lib/python3.10/site-packages/airflow/example_dags/example_sla_dag.py
[2026-08-30T23:17:14.320+0330] {processor.py:914} INFO - Processing file /home/mmirnezamina/de_final_project/airflowenv/lib/python3.10/site-packages/airflow/example_dags/example_sla_dag.py for tasks to queue
[2026-08-30T23:17:14.321+0330] {logging_mixin.py:190} INFO - [2026-08-30T23:17:14.321+0330] {dagbag.py:588} INFO - Filling up the DagBag from /home/mmirnezamina/de_final_project/airflowenv/lib/python3.10/site-packages/airflow/example_dags/example_sla_dag.py
[2026-08-30T23:17:14.331+0330] {processor.py:925} INFO - DAG(s) 'example_sla_dag' retrieved from /home/mmirnezamina/de_final_project/airflowenv/lib/python3.10/site-packages/airflow/example_dags/example_sla_dag.py
[2026-08-30T23:17:14.360+0330] {logging_mixin.py:190} INFO - [2026-08-30T23:17:14.359+0330] {dag.py:3239} INFO - Sync 1 DAGs
[2026-08-30T23:17:14.385+0330] {logging_mixin.py:190} INFO - [2026-08-30T23:17:14.385+0330] {dag.py:4180} INFO - Setting next_dagrun for example_sla_dag to 2026-08-30 19:44:00+00:00, run_after=2026-08-30 19:46:00+00:00
[2026-08-30T23:17:14.408+0330] {processor.py:208} INFO - Processing /home/mmirnezamina/de_final_project/airflowenv/lib/python3.10/site-packages/airflow/example_dags/example_sla_dag.py took 0.098 seconds
[2026-08-30T23:17:45.281+0330] {processor.py:186} INFO - Started process (PID=14158) to work on /home/mmirnezamina/de_final_project/airflowenv/lib/python3.10/site-packages/airflow/example_dags/example_sla_dag.py
[2026-08-30T23:17:45.282+0330] {processor.py:914} INFO - Processing file /home/mmirnezamina/de_final_project/airflowenv/lib/python3.10/site-packages/airflow/example_dags/example_sla_dag.py for tasks to queue
[2026-08-30T23:17:45.283+0330] {logging_mixin.py:190} INFO - [2026-08-30T23:17:45.283+0330] {dagbag.py:588} INFO - Filling up the DagBag from /home/mmirnezamina/de_final_project/airflowenv/lib/python3.10/site-packages/airflow/example_dags/example_sla_dag.py
[2026-08-30T23:17:45.373+0330] {processor.py:925} INFO - DAG(s) 'example_sla_dag' retrieved from /home/mmirnezamina/de_final_project/airflowenv/lib/python3.10/site-packages/airflow/example_dags/example_sla_dag.py
[2026-08-30T23:17:45.446+0330] {logging_mixin.py:190} INFO - [2026-08-30T23:17:45.446+0330] {dag.py:3239} INFO - Sync 1 DAGs
[2026-08-30T23:17:45.485+0330] {logging_mixin.py:190} INFO - [2026-08-30T23:17:45.485+0330] {dag.py:4180} INFO - Setting next_dagrun for example_sla_dag to 2026-08-30 19:44:00+00:00, run_after=2026-08-30 19:46:00+00:00
[2026-08-30T23:17:45.517+0330] {processor.py:208} INFO - Processing /home/mmirnezamina/de_final_project/airflowenv/lib/python3.10/site-packages/airflow/example_dags/example_sla_dag.py took 0.249 seconds
[2026-08-30T23:18:16.056+0330] {processor.py:186} INFO - Started process (PID=14278) to work on /home/mmirnezamina/de_final_project/airflowenv/lib/python3.10/site-packages/airflow/example_dags/example_sla_dag.py
[2026-08-30T23:18:16.058+0330] {processor.py:914} INFO - Processing file /home/mmirnezamina/de_final_project/airflowenv/lib/python3.10/site-packages/airflow/example_dags/example_sla_dag.py for tasks to queue
[2026-08-30T23:18:16.059+0330] {logging_mixin.py:190} INFO - [2026-08-30T23:18:16.059+0330] {dagbag.py:588} INFO - Filling up the DagBag from /home/mmirnezamina/de_final_project/airflowenv/lib/python3.10/site-packages/airflow/example_dags/example_sla_dag.py
[2026-08-30T23:18:16.069+0330] {processor.py:925} INFO - DAG(s) 'example_sla_dag' retrieved from /home/mmirnezamina/de_final_project/airflowenv/lib/python3.10/site-packages/airflow/example_dags/example_sla_dag.py
[2026-08-30T23:18:16.097+0330] {logging_mixin.py:190} INFO - [2026-08-30T23:18:16.096+0330] {dag.py:3239} INFO - Sync 1 DAGs
[2026-08-30T23:18:16.124+0330] {logging_mixin.py:190} INFO - [2026-08-30T23:18:16.124+0330] {dag.py:4180} INFO - Setting next_dagrun for example_sla_dag to 2026-08-30 19:46:00+00:00, run_after=2026-08-30 19:48:00+00:00
[2026-08-30T23:18:16.145+0330] {processor.py:208} INFO - Processing /home/mmirnezamina/de_final_project/airflowenv/lib/python3.10/site-packages/airflow/example_dags/example_sla_dag.py took 0.099 seconds
[2026-08-30T23:18:46.774+0330] {processor.py:186} INFO - Started process (PID=14395) to work on /home/mmirnezamina/de_final_project/airflowenv/lib/python3.10/site-packages/airflow/example_dags/example_sla_dag.py
[2026-08-30T23:18:46.776+0330] {processor.py:914} INFO - Processing file /home/mmirnezamina/de_final_project/airflowenv/lib/python3.10/site-packages/airflow/example_dags/example_sla_dag.py for tasks to queue
[2026-08-30T23:18:46.777+0330] {logging_mixin.py:190} INFO - [2026-08-30T23:18:46.776+0330] {dagbag.py:588} INFO - Filling up the DagBag from /home/mmirnezamina/de_final_project/airflowenv/lib/python3.10/site-packages/airflow/example_dags/example_sla_dag.py
[2026-08-30T23:18:46.791+0330] {processor.py:925} INFO - DAG(s) 'example_sla_dag' retrieved from /home/mmirnezamina/de_final_project/airflowenv/lib/python3.10/site-packages/airflow/example_dags/example_sla_dag.py
[2026-08-30T23:18:46.859+0330] {logging_mixin.py:190} INFO - [2026-08-30T23:18:46.858+0330] {dag.py:3239} INFO - Sync 1 DAGs
[2026-08-30T23:18:46.892+0330] {logging_mixin.py:190} INFO - [2026-08-30T23:18:46.892+0330] {dag.py:4180} INFO - Setting next_dagrun for example_sla_dag to 2026-08-30 19:46:00+00:00, run_after=2026-08-30 19:48:00+00:00
[2026-08-30T23:18:46.920+0330] {processor.py:208} INFO - Processing /home/mmirnezamina/de_final_project/airflowenv/lib/python3.10/site-packages/airflow/example_dags/example_sla_dag.py took 0.155 seconds
[2026-08-30T23:19:17.215+0330] {processor.py:186} INFO - Started process (PID=14515) to work on /home/mmirnezamina/de_final_project/airflowenv/lib/python3.10/site-packages/airflow/example_dags/example_sla_dag.py
[2026-08-30T23:19:17.216+0330] {processor.py:914} INFO - Processing file /home/mmirnezamina/de_final_project/airflowenv/lib/python3.10/site-packages/airflow/example_dags/example_sla_dag.py for tasks to queue
[2026-08-30T23:19:17.217+0330] {logging_mixin.py:190} INFO - [2026-08-30T23:19:17.217+0330] {dagbag.py:588} INFO - Filling up the DagBag from /home/mmirnezamina/de_final_project/airflowenv/lib/python3.10/site-packages/airflow/example_dags/example_sla_dag.py
[2026-08-30T23:19:17.228+0330] {processor.py:925} INFO - DAG(s) 'example_sla_dag' retrieved from /home/mmirnezamina/de_final_project/airflowenv/lib/python3.10/site-packages/airflow/example_dags/example_sla_dag.py
[2026-08-30T23:19:17.256+0330] {logging_mixin.py:190} INFO - [2026-08-30T23:19:17.256+0330] {dag.py:3239} INFO - Sync 1 DAGs
[2026-08-30T23:19:17.284+0330] {logging_mixin.py:190} INFO - [2026-08-30T23:19:17.283+0330] {dag.py:4180} INFO - Setting next_dagrun for example_sla_dag to 2026-08-30 19:46:00+00:00, run_after=2026-08-30 19:48:00+00:00
[2026-08-30T23:19:17.310+0330] {processor.py:208} INFO - Processing /home/mmirnezamina/de_final_project/airflowenv/lib/python3.10/site-packages/airflow/example_dags/example_sla_dag.py took 0.104 seconds
[2026-08-30T23:19:47.589+0330] {processor.py:186} INFO - Started process (PID=14632) to work on /home/mmirnezamina/de_final_project/airflowenv/lib/python3.10/site-packages/airflow/example_dags/example_sla_dag.py
[2026-08-30T23:19:47.590+0330] {processor.py:914} INFO - Processing file /home/mmirnezamina/de_final_project/airflowenv/lib/python3.10/site-packages/airflow/example_dags/example_sla_dag.py for tasks to queue
[2026-08-30T23:19:47.591+0330] {logging_mixin.py:190} INFO - [2026-08-30T23:19:47.591+0330] {dagbag.py:588} INFO - Filling up the DagBag from /home/mmirnezamina/de_final_project/airflowenv/lib/python3.10/site-packages/airflow/example_dags/example_sla_dag.py
[2026-08-30T23:19:47.601+0330] {processor.py:925} INFO - DAG(s) 'example_sla_dag' retrieved from /home/mmirnezamina/de_final_project/airflowenv/lib/python3.10/site-packages/airflow/example_dags/example_sla_dag.py
[2026-08-30T23:19:47.624+0330] {logging_mixin.py:190} INFO - [2026-08-30T23:19:47.624+0330] {dag.py:3239} INFO - Sync 1 DAGs
[2026-08-30T23:19:47.647+0330] {logging_mixin.py:190} INFO - [2026-08-30T23:19:47.647+0330] {dag.py:4180} INFO - Setting next_dagrun for example_sla_dag to 2026-08-30 19:46:00+00:00, run_after=2026-08-30 19:48:00+00:00
[2026-08-30T23:19:47.669+0330] {processor.py:208} INFO - Processing /home/mmirnezamina/de_final_project/airflowenv/lib/python3.10/site-packages/airflow/example_dags/example_sla_dag.py took 0.090 seconds
[2026-08-30T23:20:17.818+0330] {processor.py:186} INFO - Started process (PID=14756) to work on /home/mmirnezamina/de_final_project/airflowenv/lib/python3.10/site-packages/airflow/example_dags/example_sla_dag.py
[2026-08-30T23:20:17.835+0330] {processor.py:914} INFO - Processing file /home/mmirnezamina/de_final_project/airflowenv/lib/python3.10/site-packages/airflow/example_dags/example_sla_dag.py for tasks to queue
[2026-08-30T23:20:17.848+0330] {logging_mixin.py:190} INFO - [2026-08-30T23:20:17.841+0330] {dagbag.py:588} INFO - Filling up the DagBag from /home/mmirnezamina/de_final_project/airflowenv/lib/python3.10/site-packages/airflow/example_dags/example_sla_dag.py
[2026-08-30T23:20:17.957+0330] {processor.py:925} INFO - DAG(s) 'example_sla_dag' retrieved from /home/mmirnezamina/de_final_project/airflowenv/lib/python3.10/site-packages/airflow/example_dags/example_sla_dag.py
[2026-08-30T23:20:18.105+0330] {logging_mixin.py:190} INFO - [2026-08-30T23:20:18.105+0330] {dag.py:3239} INFO - Sync 1 DAGs
[2026-08-30T23:20:18.222+0330] {logging_mixin.py:190} INFO - [2026-08-30T23:20:18.222+0330] {dag.py:4180} INFO - Setting next_dagrun for example_sla_dag to 2026-08-30 19:48:00+00:00, run_after=2026-08-30 19:50:00+00:00
[2026-08-30T23:20:18.281+0330] {processor.py:208} INFO - Processing /home/mmirnezamina/de_final_project/airflowenv/lib/python3.10/site-packages/airflow/example_dags/example_sla_dag.py took 0.495 seconds
[2026-08-30T23:20:48.952+0330] {processor.py:186} INFO - Started process (PID=14873) to work on /home/mmirnezamina/de_final_project/airflowenv/lib/python3.10/site-packages/airflow/example_dags/example_sla_dag.py
[2026-08-30T23:20:48.953+0330] {processor.py:914} INFO - Processing file /home/mmirnezamina/de_final_project/airflowenv/lib/python3.10/site-packages/airflow/example_dags/example_sla_dag.py for tasks to queue
[2026-08-30T23:20:48.954+0330] {logging_mixin.py:190} INFO - [2026-08-30T23:20:48.954+0330] {dagbag.py:588} INFO - Filling up the DagBag from /home/mmirnezamina/de_final_project/airflowenv/lib/python3.10/site-packages/airflow/example_dags/example_sla_dag.py
[2026-08-30T23:20:48.965+0330] {processor.py:925} INFO - DAG(s) 'example_sla_dag' retrieved from /home/mmirnezamina/de_final_project/airflowenv/lib/python3.10/site-packages/airflow/example_dags/example_sla_dag.py
[2026-08-30T23:20:48.985+0330] {logging_mixin.py:190} INFO - [2026-08-30T23:20:48.985+0330] {dag.py:3239} INFO - Sync 1 DAGs
[2026-08-30T23:20:49.006+0330] {logging_mixin.py:190} INFO - [2026-08-30T23:20:49.006+0330] {dag.py:4180} INFO - Setting next_dagrun for example_sla_dag to 2026-08-30 19:48:00+00:00, run_after=2026-08-30 19:50:00+00:00
[2026-08-30T23:20:49.024+0330] {processor.py:208} INFO - Processing /home/mmirnezamina/de_final_project/airflowenv/lib/python3.10/site-packages/airflow/example_dags/example_sla_dag.py took 0.079 seconds
[2026-08-30T23:21:19.512+0330] {processor.py:186} INFO - Started process (PID=14993) to work on /home/mmirnezamina/de_final_project/airflowenv/lib/python3.10/site-packages/airflow/example_dags/example_sla_dag.py
[2026-08-30T23:21:19.514+0330] {processor.py:914} INFO - Processing file /home/mmirnezamina/de_final_project/airflowenv/lib/python3.10/site-packages/airflow/example_dags/example_sla_dag.py for tasks to queue
[2026-08-30T23:21:19.515+0330] {logging_mixin.py:190} INFO - [2026-08-30T23:21:19.514+0330] {dagbag.py:588} INFO - Filling up the DagBag from /home/mmirnezamina/de_final_project/airflowenv/lib/python3.10/site-packages/airflow/example_dags/example_sla_dag.py
[2026-08-30T23:21:19.525+0330] {processor.py:925} INFO - DAG(s) 'example_sla_dag' retrieved from /home/mmirnezamina/de_final_project/airflowenv/lib/python3.10/site-packages/airflow/example_dags/example_sla_dag.py
[2026-08-30T23:21:19.546+0330] {logging_mixin.py:190} INFO - [2026-08-30T23:21:19.546+0330] {dag.py:3239} INFO - Sync 1 DAGs
[2026-08-30T23:21:19.569+0330] {logging_mixin.py:190} INFO - [2026-08-30T23:21:19.569+0330] {dag.py:4180} INFO - Setting next_dagrun for example_sla_dag to 2026-08-30 19:48:00+00:00, run_after=2026-08-30 19:50:00+00:00
[2026-08-30T23:21:19.588+0330] {processor.py:208} INFO - Processing /home/mmirnezamina/de_final_project/airflowenv/lib/python3.10/site-packages/airflow/example_dags/example_sla_dag.py took 0.083 seconds
[2026-08-30T23:21:49.790+0330] {processor.py:186} INFO - Started process (PID=15110) to work on /home/mmirnezamina/de_final_project/airflowenv/lib/python3.10/site-packages/airflow/example_dags/example_sla_dag.py
[2026-08-30T23:21:49.791+0330] {processor.py:914} INFO - Processing file /home/mmirnezamina/de_final_project/airflowenv/lib/python3.10/site-packages/airflow/example_dags/example_sla_dag.py for tasks to queue
[2026-08-30T23:21:49.792+0330] {logging_mixin.py:190} INFO - [2026-08-30T23:21:49.792+0330] {dagbag.py:588} INFO - Filling up the DagBag from /home/mmirnezamina/de_final_project/airflowenv/lib/python3.10/site-packages/airflow/example_dags/example_sla_dag.py
[2026-08-30T23:21:49.800+0330] {processor.py:925} INFO - DAG(s) 'example_sla_dag' retrieved from /home/mmirnezamina/de_final_project/airflowenv/lib/python3.10/site-packages/airflow/example_dags/example_sla_dag.py
[2026-08-30T23:21:49.823+0330] {logging_mixin.py:190} INFO - [2026-08-30T23:21:49.823+0330] {dag.py:3239} INFO - Sync 1 DAGs
[2026-08-30T23:21:49.844+0330] {logging_mixin.py:190} INFO - [2026-08-30T23:21:49.844+0330] {dag.py:4180} INFO - Setting next_dagrun for example_sla_dag to 2026-08-30 19:48:00+00:00, run_after=2026-08-30 19:50:00+00:00
[2026-08-30T23:21:49.862+0330] {processor.py:208} INFO - Processing /home/mmirnezamina/de_final_project/airflowenv/lib/python3.10/site-packages/airflow/example_dags/example_sla_dag.py took 0.078 seconds
[2026-08-30T23:22:20.337+0330] {processor.py:186} INFO - Started process (PID=15231) to work on /home/mmirnezamina/de_final_project/airflowenv/lib/python3.10/site-packages/airflow/example_dags/example_sla_dag.py
[2026-08-30T23:22:20.338+0330] {processor.py:914} INFO - Processing file /home/mmirnezamina/de_final_project/airflowenv/lib/python3.10/site-packages/airflow/example_dags/example_sla_dag.py for tasks to queue
[2026-08-30T23:22:20.339+0330] {logging_mixin.py:190} INFO - [2026-08-30T23:22:20.339+0330] {dagbag.py:588} INFO - Filling up the DagBag from /home/mmirnezamina/de_final_project/airflowenv/lib/python3.10/site-packages/airflow/example_dags/example_sla_dag.py
[2026-08-30T23:22:20.348+0330] {processor.py:925} INFO - DAG(s) 'example_sla_dag' retrieved from /home/mmirnezamina/de_final_project/airflowenv/lib/python3.10/site-packages/airflow/example_dags/example_sla_dag.py
[2026-08-30T23:22:20.376+0330] {logging_mixin.py:190} INFO - [2026-08-30T23:22:20.376+0330] {dag.py:3239} INFO - Sync 1 DAGs
[2026-08-30T23:22:20.405+0330] {logging_mixin.py:190} INFO - [2026-08-30T23:22:20.405+0330] {dag.py:4180} INFO - Setting next_dagrun for example_sla_dag to 2026-08-30 19:50:00+00:00, run_after=2026-08-30 19:52:00+00:00
[2026-08-30T23:22:20.427+0330] {processor.py:208} INFO - Processing /home/mmirnezamina/de_final_project/airflowenv/lib/python3.10/site-packages/airflow/example_dags/example_sla_dag.py took 0.098 seconds
[2026-08-30T23:22:50.563+0330] {processor.py:186} INFO - Started process (PID=15348) to work on /home/mmirnezamina/de_final_project/airflowenv/lib/python3.10/site-packages/airflow/example_dags/example_sla_dag.py
[2026-08-30T23:22:50.564+0330] {processor.py:914} INFO - Processing file /home/mmirnezamina/de_final_project/airflowenv/lib/python3.10/site-packages/airflow/example_dags/example_sla_dag.py for tasks to queue
[2026-08-30T23:22:50.566+0330] {logging_mixin.py:190} INFO - [2026-08-30T23:22:50.566+0330] {dagbag.py:588} INFO - Filling up the DagBag from /home/mmirnezamina/de_final_project/airflowenv/lib/python3.10/site-packages/airflow/example_dags/example_sla_dag.py
[2026-08-30T23:22:50.579+0330] {processor.py:925} INFO - DAG(s) 'example_sla_dag' retrieved from /home/mmirnezamina/de_final_project/airflowenv/lib/python3.10/site-packages/airflow/example_dags/example_sla_dag.py
[2026-08-30T23:22:50.615+0330] {logging_mixin.py:190} INFO - [2026-08-30T23:22:50.614+0330] {dag.py:3239} INFO - Sync 1 DAGs
[2026-08-30T23:22:50.653+0330] {logging_mixin.py:190} INFO - [2026-08-30T23:22:50.652+0330] {dag.py:4180} INFO - Setting next_dagrun for example_sla_dag to 2026-08-30 19:50:00+00:00, run_after=2026-08-30 19:52:00+00:00
[2026-08-30T23:22:50.693+0330] {processor.py:208} INFO - Processing /home/mmirnezamina/de_final_project/airflowenv/lib/python3.10/site-packages/airflow/example_dags/example_sla_dag.py took 0.142 seconds
[2026-08-30T23:23:20.799+0330] {processor.py:186} INFO - Started process (PID=15468) to work on /home/mmirnezamina/de_final_project/airflowenv/lib/python3.10/site-packages/airflow/example_dags/example_sla_dag.py
[2026-08-30T23:23:20.801+0330] {processor.py:914} INFO - Processing file /home/mmirnezamina/de_final_project/airflowenv/lib/python3.10/site-packages/airflow/example_dags/example_sla_dag.py for tasks to queue
[2026-08-30T23:23:20.804+0330] {logging_mixin.py:190} INFO - [2026-08-30T23:23:20.804+0330] {dagbag.py:588} INFO - Filling up the DagBag from /home/mmirnezamina/de_final_project/airflowenv/lib/python3.10/site-packages/airflow/example_dags/example_sla_dag.py
[2026-08-30T23:23:20.826+0330] {processor.py:925} INFO - DAG(s) 'example_sla_dag' retrieved from /home/mmirnezamina/de_final_project/airflowenv/lib/python3.10/site-packages/airflow/example_dags/example_sla_dag.py
[2026-08-30T23:23:20.889+0330] {logging_mixin.py:190} INFO - [2026-08-30T23:23:20.889+0330] {dag.py:3239} INFO - Sync 1 DAGs
[2026-08-30T23:23:20.959+0330] {logging_mixin.py:190} INFO - [2026-08-30T23:23:20.959+0330] {dag.py:4180} INFO - Setting next_dagrun for example_sla_dag to 2026-08-30 19:50:00+00:00, run_after=2026-08-30 19:52:00+00:00
[2026-08-30T23:23:21.027+0330] {processor.py:208} INFO - Processing /home/mmirnezamina/de_final_project/airflowenv/lib/python3.10/site-packages/airflow/example_dags/example_sla_dag.py took 0.247 seconds
[2026-08-30T23:23:51.171+0330] {processor.py:186} INFO - Started process (PID=15583) to work on /home/mmirnezamina/de_final_project/airflowenv/lib/python3.10/site-packages/airflow/example_dags/example_sla_dag.py
[2026-08-30T23:23:51.172+0330] {processor.py:914} INFO - Processing file /home/mmirnezamina/de_final_project/airflowenv/lib/python3.10/site-packages/airflow/example_dags/example_sla_dag.py for tasks to queue
[2026-08-30T23:23:51.173+0330] {logging_mixin.py:190} INFO - [2026-08-30T23:23:51.173+0330] {dagbag.py:588} INFO - Filling up the DagBag from /home/mmirnezamina/de_final_project/airflowenv/lib/python3.10/site-packages/airflow/example_dags/example_sla_dag.py
[2026-08-30T23:23:51.187+0330] {processor.py:925} INFO - DAG(s) 'example_sla_dag' retrieved from /home/mmirnezamina/de_final_project/airflowenv/lib/python3.10/site-packages/airflow/example_dags/example_sla_dag.py
[2026-08-30T23:23:51.220+0330] {logging_mixin.py:190} INFO - [2026-08-30T23:23:51.220+0330] {dag.py:3239} INFO - Sync 1 DAGs
[2026-08-30T23:23:51.250+0330] {logging_mixin.py:190} INFO - [2026-08-30T23:23:51.250+0330] {dag.py:4180} INFO - Setting next_dagrun for example_sla_dag to 2026-08-30 19:50:00+00:00, run_after=2026-08-30 19:52:00+00:00
[2026-08-30T23:23:51.279+0330] {processor.py:208} INFO - Processing /home/mmirnezamina/de_final_project/airflowenv/lib/python3.10/site-packages/airflow/example_dags/example_sla_dag.py took 0.121 seconds
[2026-08-30T23:24:21.698+0330] {processor.py:186} INFO - Started process (PID=15700) to work on /home/mmirnezamina/de_final_project/airflowenv/lib/python3.10/site-packages/airflow/example_dags/example_sla_dag.py
[2026-08-30T23:24:21.701+0330] {processor.py:914} INFO - Processing file /home/mmirnezamina/de_final_project/airflowenv/lib/python3.10/site-packages/airflow/example_dags/example_sla_dag.py for tasks to queue
[2026-08-30T23:24:21.702+0330] {logging_mixin.py:190} INFO - [2026-08-30T23:24:21.702+0330] {dagbag.py:588} INFO - Filling up the DagBag from /home/mmirnezamina/de_final_project/airflowenv/lib/python3.10/site-packages/airflow/example_dags/example_sla_dag.py
[2026-08-30T23:24:21.723+0330] {processor.py:925} INFO - DAG(s) 'example_sla_dag' retrieved from /home/mmirnezamina/de_final_project/airflowenv/lib/python3.10/site-packages/airflow/example_dags/example_sla_dag.py
[2026-08-30T23:24:21.779+0330] {logging_mixin.py:190} INFO - [2026-08-30T23:24:21.779+0330] {dag.py:3239} INFO - Sync 1 DAGs
[2026-08-30T23:24:21.824+0330] {logging_mixin.py:190} INFO - [2026-08-30T23:24:21.823+0330] {dag.py:4180} INFO - Setting next_dagrun for example_sla_dag to 2026-08-30 19:52:00+00:00, run_after=2026-08-30 19:54:00+00:00
[2026-08-30T23:24:21.858+0330] {processor.py:208} INFO - Processing /home/mmirnezamina/de_final_project/airflowenv/lib/python3.10/site-packages/airflow/example_dags/example_sla_dag.py took 0.179 seconds
[2026-08-30T23:24:52.519+0330] {processor.py:186} INFO - Started process (PID=15829) to work on /home/mmirnezamina/de_final_project/airflowenv/lib/python3.10/site-packages/airflow/example_dags/example_sla_dag.py
[2026-08-30T23:24:52.522+0330] {processor.py:914} INFO - Processing file /home/mmirnezamina/de_final_project/airflowenv/lib/python3.10/site-packages/airflow/example_dags/example_sla_dag.py for tasks to queue
[2026-08-30T23:24:52.525+0330] {logging_mixin.py:190} INFO - [2026-08-30T23:24:52.525+0330] {dagbag.py:588} INFO - Filling up the DagBag from /home/mmirnezamina/de_final_project/airflowenv/lib/python3.10/site-packages/airflow/example_dags/example_sla_dag.py
[2026-08-30T23:24:52.548+0330] {processor.py:925} INFO - DAG(s) 'example_sla_dag' retrieved from /home/mmirnezamina/de_final_project/airflowenv/lib/python3.10/site-packages/airflow/example_dags/example_sla_dag.py
[2026-08-30T23:24:52.617+0330] {logging_mixin.py:190} INFO - [2026-08-30T23:24:52.616+0330] {dag.py:3239} INFO - Sync 1 DAGs
[2026-08-30T23:24:52.683+0330] {logging_mixin.py:190} INFO - [2026-08-30T23:24:52.683+0330] {dag.py:4180} INFO - Setting next_dagrun for example_sla_dag to 2026-08-30 19:52:00+00:00, run_after=2026-08-30 19:54:00+00:00
[2026-08-30T23:24:52.729+0330] {processor.py:208} INFO - Processing /home/mmirnezamina/de_final_project/airflowenv/lib/python3.10/site-packages/airflow/example_dags/example_sla_dag.py took 0.241 seconds
[2026-08-30T23:25:24.958+0330] {processor.py:186} INFO - Started process (PID=15969) to work on /home/mmirnezamina/de_final_project/airflowenv/lib/python3.10/site-packages/airflow/example_dags/example_sla_dag.py
[2026-08-30T23:25:24.963+0330] {processor.py:914} INFO - Processing file /home/mmirnezamina/de_final_project/airflowenv/lib/python3.10/site-packages/airflow/example_dags/example_sla_dag.py for tasks to queue
[2026-08-30T23:25:24.968+0330] {logging_mixin.py:190} INFO - [2026-08-30T23:25:24.967+0330] {dagbag.py:588} INFO - Filling up the DagBag from /home/mmirnezamina/de_final_project/airflowenv/lib/python3.10/site-packages/airflow/example_dags/example_sla_dag.py
[2026-08-30T23:25:25.029+0330] {processor.py:925} INFO - DAG(s) 'example_sla_dag' retrieved from /home/mmirnezamina/de_final_project/airflowenv/lib/python3.10/site-packages/airflow/example_dags/example_sla_dag.py
[2026-08-30T23:25:25.144+0330] {logging_mixin.py:190} INFO - [2026-08-30T23:25:25.143+0330] {dag.py:3239} INFO - Sync 1 DAGs
[2026-08-30T23:25:25.243+0330] {logging_mixin.py:190} INFO - [2026-08-30T23:25:25.242+0330] {dag.py:4180} INFO - Setting next_dagrun for example_sla_dag to 2026-08-30 19:52:00+00:00, run_after=2026-08-30 19:54:00+00:00
[2026-08-30T23:25:25.317+0330] {processor.py:208} INFO - Processing /home/mmirnezamina/de_final_project/airflowenv/lib/python3.10/site-packages/airflow/example_dags/example_sla_dag.py took 0.407 seconds
[2026-08-30T23:25:55.750+0330] {processor.py:186} INFO - Started process (PID=16102) to work on /home/mmirnezamina/de_final_project/airflowenv/lib/python3.10/site-packages/airflow/example_dags/example_sla_dag.py
[2026-08-30T23:25:55.751+0330] {processor.py:914} INFO - Processing file /home/mmirnezamina/de_final_project/airflowenv/lib/python3.10/site-packages/airflow/example_dags/example_sla_dag.py for tasks to queue
[2026-08-30T23:25:55.752+0330] {logging_mixin.py:190} INFO - [2026-08-30T23:25:55.752+0330] {dagbag.py:588} INFO - Filling up the DagBag from /home/mmirnezamina/de_final_project/airflowenv/lib/python3.10/site-packages/airflow/example_dags/example_sla_dag.py
[2026-08-30T23:25:55.764+0330] {processor.py:925} INFO - DAG(s) 'example_sla_dag' retrieved from /home/mmirnezamina/de_final_project/airflowenv/lib/python3.10/site-packages/airflow/example_dags/example_sla_dag.py
[2026-08-30T23:25:55.794+0330] {logging_mixin.py:190} INFO - [2026-08-30T23:25:55.794+0330] {dag.py:3239} INFO - Sync 1 DAGs
[2026-08-30T23:25:55.822+0330] {logging_mixin.py:190} INFO - [2026-08-30T23:25:55.822+0330] {dag.py:4180} INFO - Setting next_dagrun for example_sla_dag to 2026-08-30 19:52:00+00:00, run_after=2026-08-30 19:54:00+00:00
[2026-08-30T23:25:55.849+0330] {processor.py:208} INFO - Processing /home/mmirnezamina/de_final_project/airflowenv/lib/python3.10/site-packages/airflow/example_dags/example_sla_dag.py took 0.109 seconds
[2026-08-30T23:26:26.346+0330] {processor.py:186} INFO - Started process (PID=16222) to work on /home/mmirnezamina/de_final_project/airflowenv/lib/python3.10/site-packages/airflow/example_dags/example_sla_dag.py
[2026-08-30T23:26:26.348+0330] {processor.py:914} INFO - Processing file /home/mmirnezamina/de_final_project/airflowenv/lib/python3.10/site-packages/airflow/example_dags/example_sla_dag.py for tasks to queue
[2026-08-30T23:26:26.352+0330] {logging_mixin.py:190} INFO - [2026-08-30T23:26:26.351+0330] {dagbag.py:588} INFO - Filling up the DagBag from /home/mmirnezamina/de_final_project/airflowenv/lib/python3.10/site-packages/airflow/example_dags/example_sla_dag.py
[2026-08-30T23:26:26.394+0330] {processor.py:925} INFO - DAG(s) 'example_sla_dag' retrieved from /home/mmirnezamina/de_final_project/airflowenv/lib/python3.10/site-packages/airflow/example_dags/example_sla_dag.py
[2026-08-30T23:26:26.530+0330] {logging_mixin.py:190} INFO - [2026-08-30T23:26:26.530+0330] {dag.py:3239} INFO - Sync 1 DAGs
[2026-08-30T23:26:26.642+0330] {logging_mixin.py:190} INFO - [2026-08-30T23:26:26.641+0330] {dag.py:4180} INFO - Setting next_dagrun for example_sla_dag to 2026-08-30 19:54:00+00:00, run_after=2026-08-30 19:56:00+00:00
[2026-08-30T23:26:26.706+0330] {processor.py:208} INFO - Processing /home/mmirnezamina/de_final_project/airflowenv/lib/python3.10/site-packages/airflow/example_dags/example_sla_dag.py took 0.386 seconds
[2026-08-30T23:26:57.187+0330] {processor.py:186} INFO - Started process (PID=16339) to work on /home/mmirnezamina/de_final_project/airflowenv/lib/python3.10/site-packages/airflow/example_dags/example_sla_dag.py
[2026-08-30T23:26:57.191+0330] {processor.py:914} INFO - Processing file /home/mmirnezamina/de_final_project/airflowenv/lib/python3.10/site-packages/airflow/example_dags/example_sla_dag.py for tasks to queue
[2026-08-30T23:26:57.194+0330] {logging_mixin.py:190} INFO - [2026-08-30T23:26:57.193+0330] {dagbag.py:588} INFO - Filling up the DagBag from /home/mmirnezamina/de_final_project/airflowenv/lib/python3.10/site-packages/airflow/example_dags/example_sla_dag.py
[2026-08-30T23:26:57.224+0330] {processor.py:925} INFO - DAG(s) 'example_sla_dag' retrieved from /home/mmirnezamina/de_final_project/airflowenv/lib/python3.10/site-packages/airflow/example_dags/example_sla_dag.py
[2026-08-30T23:26:57.297+0330] {logging_mixin.py:190} INFO - [2026-08-30T23:26:57.296+0330] {dag.py:3239} INFO - Sync 1 DAGs
[2026-08-30T23:26:57.369+0330] {logging_mixin.py:190} INFO - [2026-08-30T23:26:57.369+0330] {dag.py:4180} INFO - Setting next_dagrun for example_sla_dag to 2026-08-30 19:54:00+00:00, run_after=2026-08-30 19:56:00+00:00
[2026-08-30T23:26:57.421+0330] {processor.py:208} INFO - Processing /home/mmirnezamina/de_final_project/airflowenv/lib/python3.10/site-packages/airflow/example_dags/example_sla_dag.py took 0.259 seconds
[2026-08-30T23:27:58.147+0330] {processor.py:186} INFO - Started process (PID=16466) to work on /home/mmirnezamina/de_final_project/airflowenv/lib/python3.10/site-packages/airflow/example_dags/example_sla_dag.py
[2026-08-30T23:27:58.149+0330] {processor.py:914} INFO - Processing file /home/mmirnezamina/de_final_project/airflowenv/lib/python3.10/site-packages/airflow/example_dags/example_sla_dag.py for tasks to queue
[2026-08-30T23:27:58.151+0330] {logging_mixin.py:190} INFO - [2026-08-30T23:27:58.150+0330] {dagbag.py:588} INFO - Filling up the DagBag from /home/mmirnezamina/de_final_project/airflowenv/lib/python3.10/site-packages/airflow/example_dags/example_sla_dag.py
[2026-08-30T23:27:58.166+0330] {processor.py:925} INFO - DAG(s) 'example_sla_dag' retrieved from /home/mmirnezamina/de_final_project/airflowenv/lib/python3.10/site-packages/airflow/example_dags/example_sla_dag.py
[2026-08-30T23:27:58.636+0330] {logging_mixin.py:190} INFO - [2026-08-30T23:27:58.608+0330] {override.py:1930} INFO - Created Permission View: can delete on DAG:example_sla_dag
[2026-08-30T23:27:58.724+0330] {logging_mixin.py:190} INFO - [2026-08-30T23:27:58.714+0330] {override.py:1930} INFO - Created Permission View: can read on DAG:example_sla_dag
[2026-08-30T23:27:58.753+0330] {logging_mixin.py:190} INFO - [2026-08-30T23:27:58.752+0330] {override.py:1930} INFO - Created Permission View: can edit on DAG:example_sla_dag
[2026-08-30T23:27:58.822+0330] {logging_mixin.py:190} INFO - [2026-08-30T23:27:58.821+0330] {override.py:1930} INFO - Created Permission View: can create on DAG Run:example_sla_dag
[2026-08-30T23:27:58.869+0330] {logging_mixin.py:190} INFO - [2026-08-30T23:27:58.868+0330] {override.py:1930} INFO - Created Permission View: can delete on DAG Run:example_sla_dag
[2026-08-30T23:27:58.912+0330] {logging_mixin.py:190} INFO - [2026-08-30T23:27:58.911+0330] {override.py:1930} INFO - Created Permission View: can read on DAG Run:example_sla_dag
[2026-08-30T23:27:58.972+0330] {logging_mixin.py:190} INFO - [2026-08-30T23:27:58.970+0330] {override.py:1930} INFO - Created Permission View: menu access on DAG Run:example_sla_dag
[2026-08-30T23:27:58.973+0330] {logging_mixin.py:190} INFO - [2026-08-30T23:27:58.973+0330] {dag.py:3239} INFO - Sync 1 DAGs
[2026-08-30T23:27:59.100+0330] {logging_mixin.py:190} INFO - [2026-08-30T23:27:59.098+0330] {dag.py:3262} INFO - Creating ORM DAG for example_sla_dag
[2026-08-30T23:27:59.173+0330] {logging_mixin.py:190} INFO - [2026-08-30T23:27:59.172+0330] {dag.py:4180} INFO - Setting next_dagrun for example_sla_dag to 2026-08-30 19:54:00+00:00, run_after=2026-08-30 19:56:00+00:00
[2026-08-30T23:27:59.263+0330] {processor.py:208} INFO - Processing /home/mmirnezamina/de_final_project/airflowenv/lib/python3.10/site-packages/airflow/example_dags/example_sla_dag.py took 1.132 seconds
