[2026-08-30T23:13:49.453+0330] {processor.py:186} INFO - Started process (PID=13178) to work on /home/mmirnezamina/de_final_project/airflowenv/lib/python3.10/site-packages/airflow/example_dags/example_latest_only.py
[2026-08-30T23:13:49.456+0330] {processor.py:914} INFO - Processing file /home/mmirnezamina/de_final_project/airflowenv/lib/python3.10/site-packages/airflow/example_dags/example_latest_only.py for tasks to queue
[2026-08-30T23:13:49.460+0330] {logging_mixin.py:190} INFO - [2026-08-30T23:13:49.459+0330] {dagbag.py:588} INFO - Filling up the DagBag from /home/mmirnezamina/de_final_project/airflowenv/lib/python3.10/site-packages/airflow/example_dags/example_latest_only.py
[2026-08-30T23:13:49.483+0330] {processor.py:925} INFO - DAG(s) 'latest_only' retrieved from /home/mmirnezamina/de_final_project/airflowenv/lib/python3.10/site-packages/airflow/example_dags/example_latest_only.py
[2026-08-30T23:13:49.772+0330] {logging_mixin.py:190} INFO - [2026-08-30T23:13:49.770+0330] {override.py:1930} INFO - Created Permission View: can edit on DAG:latest_only
[2026-08-30T23:13:49.805+0330] {logging_mixin.py:190} INFO - [2026-08-30T23:13:49.804+0330] {override.py:1930} INFO - Created Permission View: can read on DAG:latest_only
[2026-08-30T23:13:49.828+0330] {logging_mixin.py:190} INFO - [2026-08-30T23:13:49.827+0330] {override.py:1930} INFO - Created Permission View: can delete on DAG:latest_only
[2026-08-30T23:13:49.859+0330] {logging_mixin.py:190} INFO - [2026-08-30T23:13:49.858+0330] {override.py:1930} INFO - Created Permission View: menu access on DAG Run:latest_only
[2026-08-30T23:13:49.889+0330] {logging_mixin.py:190} INFO - [2026-08-30T23:13:49.888+0330] {override.py:1930} INFO - Created Permission View: can create on DAG Run:latest_only
[2026-08-30T23:13:49.916+0330] {logging_mixin.py:190} INFO - [2026-08-30T23:13:49.916+0330] {override.py:1930} INFO - Created Permission View: can read on DAG Run:latest_only
[2026-08-30T23:13:49.939+0330] {logging_mixin.py:190} INFO - [2026-08-30T23:13:49.938+0330] {override.py:1930} INFO - Created Permission View: can delete on DAG Run:latest_only
[2026-08-30T23:13:49.940+0330] {logging_mixin.py:190} INFO - [2026-08-30T23:13:49.940+0330] {dag.py:3239} INFO - Sync 1 DAGs
[2026-08-30T23:13:49.979+0330] {logging_mixin.py:190} INFO - [2026-08-30T23:13:49.979+0330] {dag.py:3262} INFO - Creating ORM DAG for latest_only
[2026-08-30T23:13:50.001+0330] {logging_mixin.py:190} INFO - [2026-08-30T23:13:50.001+0330] {dag.py:4180} INFO - Setting next_dagrun for latest_only to 2026-08-30 12:00:00+00:00, run_after=2026-08-30 16:00:00+00:00
[2026-08-30T23:13:50.053+0330] {processor.py:208} INFO - Processing /home/mmirnezamina/de_final_project/airflowenv/lib/python3.10/site-packages/airflow/example_dags/example_latest_only.py took 0.627 seconds
[2026-08-30T23:14:21.022+0330] {processor.py:186} INFO - Started process (PID=13306) to work on /home/mmirnezamina/de_final_project/airflowenv/lib/python3.10/site-packages/airflow/example_dags/example_latest_only.py
[2026-08-30T23:14:21.024+0330] {processor.py:914} INFO - Processing file /home/mmirnezamina/de_final_project/airflowenv/lib/python3.10/site-packages/airflow/example_dags/example_latest_only.py for tasks to queue
[2026-08-30T23:14:21.025+0330] {logging_mixin.py:190} INFO - [2026-08-30T23:14:21.025+0330] {dagbag.py:588} INFO - Filling up the DagBag from /home/mmirnezamina/de_final_project/airflowenv/lib/python3.10/site-packages/airflow/example_dags/example_latest_only.py
[2026-08-30T23:14:21.036+0330] {processor.py:925} INFO - DAG(s) 'latest_only' retrieved from /home/mmirnezamina/de_final_project/airflowenv/lib/python3.10/site-packages/airflow/example_dags/example_latest_only.py
[2026-08-30T23:14:21.082+0330] {logging_mixin.py:190} INFO - [2026-08-30T23:14:21.082+0330] {dag.py:3239} INFO - Sync 1 DAGs
[2026-08-30T23:14:21.120+0330] {logging_mixin.py:190} INFO - [2026-08-30T23:14:21.119+0330] {dag.py:4180} INFO - Setting next_dagrun for latest_only to 2026-08-30 12:00:00+00:00, run_after=2026-08-30 16:00:00+00:00
[2026-08-30T23:14:21.160+0330] {processor.py:208} INFO - Processing /home/mmirnezamina/de_final_project/airflowenv/lib/python3.10/site-packages/airflow/example_dags/example_latest_only.py took 0.151 seconds
[2026-08-30T23:14:51.879+0330] {processor.py:186} INFO - Started process (PID=13423) to work on /home/mmirnezamina/de_final_project/airflowenv/lib/python3.10/site-packages/airflow/example_dags/example_latest_only.py
[2026-08-30T23:14:51.881+0330] {processor.py:914} INFO - Processing file /home/mmirnezamina/de_final_project/airflowenv/lib/python3.10/site-packages/airflow/example_dags/example_latest_only.py for tasks to queue
[2026-08-30T23:14:51.883+0330] {logging_mixin.py:190} INFO - [2026-08-30T23:14:51.882+0330] {dagbag.py:588} INFO - Filling up the DagBag from /home/mmirnezamina/de_final_project/airflowenv/lib/python3.10/site-packages/airflow/example_dags/example_latest_only.py
[2026-08-30T23:14:51.894+0330] {processor.py:925} INFO - DAG(s) 'latest_only' retrieved from /home/mmirnezamina/de_final_project/airflowenv/lib/python3.10/site-packages/airflow/example_dags/example_latest_only.py
[2026-08-30T23:14:51.940+0330] {logging_mixin.py:190} INFO - [2026-08-30T23:14:51.939+0330] {dag.py:3239} INFO - Sync 1 DAGs
[2026-08-30T23:14:51.976+0330] {logging_mixin.py:190} INFO - [2026-08-30T23:14:51.976+0330] {dag.py:4180} INFO - Setting next_dagrun for latest_only to 2026-08-30 12:00:00+00:00, run_after=2026-08-30 16:00:00+00:00
[2026-08-30T23:14:52.008+0330] {processor.py:208} INFO - Processing /home/mmirnezamina/de_final_project/airflowenv/lib/python3.10/site-packages/airflow/example_dags/example_latest_only.py took 0.144 seconds
[2026-08-30T23:15:22.913+0330] {processor.py:186} INFO - Started process (PID=13544) to work on /home/mmirnezamina/de_final_project/airflowenv/lib/python3.10/site-packages/airflow/example_dags/example_latest_only.py
[2026-08-30T23:15:22.923+0330] {processor.py:914} INFO - Processing file /home/mmirnezamina/de_final_project/airflowenv/lib/python3.10/site-packages/airflow/example_dags/example_latest_only.py for tasks to queue
[2026-08-30T23:15:22.931+0330] {logging_mixin.py:190} INFO - [2026-08-30T23:15:22.929+0330] {dagbag.py:588} INFO - Filling up the DagBag from /home/mmirnezamina/de_final_project/airflowenv/lib/python3.10/site-packages/airflow/example_dags/example_latest_only.py
[2026-08-30T23:15:23.017+0330] {processor.py:925} INFO - DAG(s) 'latest_only' retrieved from /home/mmirnezamina/de_final_project/airflowenv/lib/python3.10/site-packages/airflow/example_dags/example_latest_only.py
[2026-08-30T23:15:23.135+0330] {logging_mixin.py:190} INFO - [2026-08-30T23:15:23.134+0330] {dag.py:3239} INFO - Sync 1 DAGs
[2026-08-30T23:15:23.232+0330] {logging_mixin.py:190} INFO - [2026-08-30T23:15:23.231+0330] {dag.py:4180} INFO - Setting next_dagrun for latest_only to 2026-08-30 12:00:00+00:00, run_after=2026-08-30 16:00:00+00:00
[2026-08-30T23:15:23.348+0330] {processor.py:208} INFO - Processing /home/mmirnezamina/de_final_project/airflowenv/lib/python3.10/site-packages/airflow/example_dags/example_latest_only.py took 0.497 seconds
[2026-08-30T23:15:53.809+0330] {processor.py:186} INFO - Started process (PID=13661) to work on /home/mmirnezamina/de_final_project/airflowenv/lib/python3.10/site-packages/airflow/example_dags/example_latest_only.py
[2026-08-30T23:15:53.811+0330] {processor.py:914} INFO - Processing file /home/mmirnezamina/de_final_project/airflowenv/lib/python3.10/site-packages/airflow/example_dags/example_latest_only.py for tasks to queue
[2026-08-30T23:15:53.813+0330] {logging_mixin.py:190} INFO - [2026-08-30T23:15:53.812+0330] {dagbag.py:588} INFO - Filling up the DagBag from /home/mmirnezamina/de_final_project/airflowenv/lib/python3.10/site-packages/airflow/example_dags/example_latest_only.py
[2026-08-30T23:15:53.826+0330] {processor.py:925} INFO - DAG(s) 'latest_only' retrieved from /home/mmirnezamina/de_final_project/airflowenv/lib/python3.10/site-packages/airflow/example_dags/example_latest_only.py
[2026-08-30T23:15:53.867+0330] {logging_mixin.py:190} INFO - [2026-08-30T23:15:53.867+0330] {dag.py:3239} INFO - Sync 1 DAGs
[2026-08-30T23:15:53.901+0330] {logging_mixin.py:190} INFO - [2026-08-30T23:15:53.901+0330] {dag.py:4180} INFO - Setting next_dagrun for latest_only to 2026-08-30 12:00:00+00:00, run_after=2026-08-30 16:00:00+00:00
[2026-08-30T23:15:53.932+0330] {processor.py:208} INFO - Processing /home/mmirnezamina/de_final_project/airflowenv/lib/python3.10/site-packages/airflow/example_dags/example_latest_only.py took 0.138 seconds
[2026-08-30T23:16:24.422+0330] {processor.py:186} INFO - Started process (PID=13781) to work on /home/mmirnezamina/de_final_project/airflowenv/lib/python3.10/site-packages/airflow/example_dags/example_latest_only.py
[2026-08-30T23:16:24.425+0330] {processor.py:914} INFO - Processing file /home/mmirnezamina/de_final_project/airflowenv/lib/python3.10/site-packages/airflow/example_dags/example_latest_only.py for tasks to queue
[2026-08-30T23:16:24.427+0330] {logging_mixin.py:190} INFO - [2026-08-30T23:16:24.426+0330] {dagbag.py:588} INFO - Filling up the DagBag from /home/mmirnezamina/de_final_project/airflowenv/lib/python3.10/site-packages/airflow/example_dags/example_latest_only.py
[2026-08-30T23:16:24.448+0330] {processor.py:925} INFO - DAG(s) 'latest_only' retrieved from /home/mmirnezamina/de_final_project/airflowenv/lib/python3.10/site-packages/airflow/example_dags/example_latest_only.py
[2026-08-30T23:16:24.500+0330] {logging_mixin.py:190} INFO - [2026-08-30T23:16:24.500+0330] {dag.py:3239} INFO - Sync 1 DAGs
[2026-08-30T23:16:24.559+0330] {logging_mixin.py:190} INFO - [2026-08-30T23:16:24.558+0330] {dag.py:4180} INFO - Setting next_dagrun for latest_only to 2026-08-30 12:00:00+00:00, run_after=2026-08-30 16:00:00+00:00
[2026-08-30T23:16:24.599+0330] {processor.py:208} INFO - Processing /home/mmirnezamina/de_final_project/airflowenv/lib/python3.10/site-packages/airflow/example_dags/example_latest_only.py took 0.193 seconds
[2026-08-30T23:16:54.796+0330] {processor.py:186} INFO - Started process (PID=13930) to work on /home/mmirnezamina/de_final_project/airflowenv/lib/python3.10/site-packages/airflow/example_dags/example_latest_only.py
[2026-08-30T23:16:54.797+0330] {processor.py:914} INFO - Processing file /home/mmirnezamina/de_final_project/airflowenv/lib/python3.10/site-packages/airflow/example_dags/example_latest_only.py for tasks to queue
[2026-08-30T23:16:54.799+0330] {logging_mixin.py:190} INFO - [2026-08-30T23:16:54.798+0330] {dagbag.py:588} INFO - Filling up the DagBag from /home/mmirnezamina/de_final_project/airflowenv/lib/python3.10/site-packages/airflow/example_dags/example_latest_only.py
[2026-08-30T23:16:54.811+0330] {processor.py:925} INFO - DAG(s) 'latest_only' retrieved from /home/mmirnezamina/de_final_project/airflowenv/lib/python3.10/site-packages/airflow/example_dags/example_latest_only.py
[2026-08-30T23:16:54.844+0330] {logging_mixin.py:190} INFO - [2026-08-30T23:16:54.844+0330] {dag.py:3239} INFO - Sync 1 DAGs
[2026-08-30T23:16:54.882+0330] {logging_mixin.py:190} INFO - [2026-08-30T23:16:54.882+0330] {dag.py:4180} INFO - Setting next_dagrun for latest_only to 2026-08-30 12:00:00+00:00, run_after=2026-08-30 16:00:00+00:00
[2026-08-30T23:16:54.918+0330] {processor.py:208} INFO - Processing /home/mmirnezamina/de_final_project/airflowenv/lib/python3.10/site-packages/airflow/example_dags/example_latest_only.py took 0.137 seconds
[2026-08-30T23:17:25.849+0330] {processor.py:186} INFO - Started process (PID=14068) to work on /home/mmirnezamina/de_final_project/airflowenv/lib/python3.10/site-packages/airflow/example_dags/example_latest_only.py
[2026-08-30T23:17:25.852+0330] {processor.py:914} INFO - Processing file /home/mmirnezamina/de_final_project/airflowenv/lib/python3.10/site-packages/airflow/example_dags/example_latest_only.py for tasks to queue
[2026-08-30T23:17:25.854+0330] {logging_mixin.py:190} INFO - [2026-08-30T23:17:25.854+0330] {dagbag.py:588} INFO - Filling up the DagBag from /home/mmirnezamina/de_final_project/airflowenv/lib/python3.10/site-packages/airflow/example_dags/example_latest_only.py
[2026-08-30T23:17:25.870+0330] {processor.py:925} INFO - DAG(s) 'latest_only' retrieved from /home/mmirnezamina/de_final_project/airflowenv/lib/python3.10/site-packages/airflow/example_dags/example_latest_only.py
[2026-08-30T23:17:25.916+0330] {logging_mixin.py:190} INFO - [2026-08-30T23:17:25.915+0330] {dag.py:3239} INFO - Sync 1 DAGs
[2026-08-30T23:17:25.963+0330] {logging_mixin.py:190} INFO - [2026-08-30T23:17:25.963+0330] {dag.py:4180} INFO - Setting next_dagrun for latest_only to 2026-08-30 12:00:00+00:00, run_after=2026-08-30 16:00:00+00:00
[2026-08-30T23:17:26.011+0330] {processor.py:208} INFO - Processing /home/mmirnezamina/de_final_project/airflowenv/lib/python3.10/site-packages/airflow/example_dags/example_latest_only.py took 0.196 seconds
[2026-08-30T23:17:56.716+0330] {processor.py:186} INFO - Started process (PID=14193) to work on /home/mmirnezamina/de_final_project/airflowenv/lib/python3.10/site-packages/airflow/example_dags/example_latest_only.py
[2026-08-30T23:17:56.718+0330] {processor.py:914} INFO - Processing file /home/mmirnezamina/de_final_project/airflowenv/lib/python3.10/site-packages/airflow/example_dags/example_latest_only.py for tasks to queue
[2026-08-30T23:17:56.720+0330] {logging_mixin.py:190} INFO - [2026-08-30T23:17:56.719+0330] {dagbag.py:588} INFO - Filling up the DagBag from /home/mmirnezamina/de_final_project/airflowenv/lib/python3.10/site-packages/airflow/example_dags/example_latest_only.py
[2026-08-30T23:17:56.729+0330] {processor.py:925} INFO - DAG(s) 'latest_only' retrieved from /home/mmirnezamina/de_final_project/airflowenv/lib/python3.10/site-packages/airflow/example_dags/example_latest_only.py
[2026-08-30T23:17:56.764+0330] {logging_mixin.py:190} INFO - [2026-08-30T23:17:56.764+0330] {dag.py:3239} INFO - Sync 1 DAGs
[2026-08-30T23:17:56.795+0330] {logging_mixin.py:190} INFO - [2026-08-30T23:17:56.795+0330] {dag.py:4180} INFO - Setting next_dagrun for latest_only to 2026-08-30 12:00:00+00:00, run_after=2026-08-30 16:00:00+00:00
[2026-08-30T23:17:56.827+0330] {processor.py:208} INFO - Processing /home/mmirnezamina/de_final_project/airflowenv/lib/python3.10/site-packages/airflow/example_dags/example_latest_only.py took 0.121 seconds
[2026-08-30T23:18:27.164+0330] {processor.py:186} INFO - Started process (PID=14311) to work on /home/mmirnezamina/de_final_project/airflowenv/lib/python3.10/site-packages/airflow/example_dags/example_latest_only.py
[2026-08-30T23:18:27.165+0330] {processor.py:914} INFO - Processing file /home/mmirnezamina/de_final_project/airflowenv/lib/python3.10/site-packages/airflow/example_dags/example_latest_only.py for tasks to queue
[2026-08-30T23:18:27.167+0330] {logging_mixin.py:190} INFO - [2026-08-30T23:18:27.166+0330] {dagbag.py:588} INFO - Filling up the DagBag from /home/mmirnezamina/de_final_project/airflowenv/lib/python3.10/site-packages/airflow/example_dags/example_latest_only.py
[2026-08-30T23:18:27.177+0330] {processor.py:925} INFO - DAG(s) 'latest_only' retrieved from /home/mmirnezamina/de_final_project/airflowenv/lib/python3.10/site-packages/airflow/example_dags/example_latest_only.py
[2026-08-30T23:18:27.217+0330] {logging_mixin.py:190} INFO - [2026-08-30T23:18:27.217+0330] {dag.py:3239} INFO - Sync 1 DAGs
[2026-08-30T23:18:27.275+0330] {logging_mixin.py:190} INFO - [2026-08-30T23:18:27.274+0330] {dag.py:4180} INFO - Setting next_dagrun for latest_only to 2026-08-30 12:00:00+00:00, run_after=2026-08-30 16:00:00+00:00
[2026-08-30T23:18:27.306+0330] {processor.py:208} INFO - Processing /home/mmirnezamina/de_final_project/airflowenv/lib/python3.10/site-packages/airflow/example_dags/example_latest_only.py took 0.156 seconds
[2026-08-30T23:18:57.710+0330] {processor.py:186} INFO - Started process (PID=14428) to work on /home/mmirnezamina/de_final_project/airflowenv/lib/python3.10/site-packages/airflow/example_dags/example_latest_only.py
[2026-08-30T23:18:57.711+0330] {processor.py:914} INFO - Processing file /home/mmirnezamina/de_final_project/airflowenv/lib/python3.10/site-packages/airflow/example_dags/example_latest_only.py for tasks to queue
[2026-08-30T23:18:57.712+0330] {logging_mixin.py:190} INFO - [2026-08-30T23:18:57.712+0330] {dagbag.py:588} INFO - Filling up the DagBag from /home/mmirnezamina/de_final_project/airflowenv/lib/python3.10/site-packages/airflow/example_dags/example_latest_only.py
[2026-08-30T23:18:57.720+0330] {processor.py:925} INFO - DAG(s) 'latest_only' retrieved from /home/mmirnezamina/de_final_project/airflowenv/lib/python3.10/site-packages/airflow/example_dags/example_latest_only.py
[2026-08-30T23:18:57.751+0330] {logging_mixin.py:190} INFO - [2026-08-30T23:18:57.751+0330] {dag.py:3239} INFO - Sync 1 DAGs
[2026-08-30T23:18:57.774+0330] {logging_mixin.py:190} INFO - [2026-08-30T23:18:57.774+0330] {dag.py:4180} INFO - Setting next_dagrun for latest_only to 2026-08-30 12:00:00+00:00, run_after=2026-08-30 16:00:00+00:00
[2026-08-30T23:18:57.800+0330] {processor.py:208} INFO - Processing /home/mmirnezamina/de_final_project/airflowenv/lib/python3.10/site-packages/airflow/example_dags/example_latest_only.py took 0.098 seconds
[2026-08-30T23:19:28.195+0330] {processor.py:186} INFO - Started process (PID=14548) to work on /home/mmirnezamina/de_final_project/airflowenv/lib/python3.10/site-packages/airflow/example_dags/example_latest_only.py
[2026-08-30T23:19:28.196+0330] {processor.py:914} INFO - Processing file /home/mmirnezamina/de_final_project/airflowenv/lib/python3.10/site-packages/airflow/example_dags/example_latest_only.py for tasks to queue
[2026-08-30T23:19:28.197+0330] {logging_mixin.py:190} INFO - [2026-08-30T23:19:28.197+0330] {dagbag.py:588} INFO - Filling up the DagBag from /home/mmirnezamina/de_final_project/airflowenv/lib/python3.10/site-packages/airflow/example_dags/example_latest_only.py
[2026-08-30T23:19:28.208+0330] {processor.py:925} INFO - DAG(s) 'latest_only' retrieved from /home/mmirnezamina/de_final_project/airflowenv/lib/python3.10/site-packages/airflow/example_dags/example_latest_only.py
[2026-08-30T23:19:28.235+0330] {logging_mixin.py:190} INFO - [2026-08-30T23:19:28.235+0330] {dag.py:3239} INFO - Sync 1 DAGs
[2026-08-30T23:19:28.264+0330] {logging_mixin.py:190} INFO - [2026-08-30T23:19:28.264+0330] {dag.py:4180} INFO - Setting next_dagrun for latest_only to 2026-08-30 12:00:00+00:00, run_after=2026-08-30 16:00:00+00:00
[2026-08-30T23:19:28.290+0330] {processor.py:208} INFO - Processing /home/mmirnezamina/de_final_project/airflowenv/lib/python3.10/site-packages/airflow/example_dags/example_latest_only.py took 0.103 seconds
[2026-08-30T23:19:58.746+0330] {processor.py:186} INFO - Started process (PID=14667) to work on /home/mmirnezamina/de_final_project/airflowenv/lib/python3.10/site-packages/airflow/example_dags/example_latest_only.py
[2026-08-30T23:19:58.747+0330] {processor.py:914} INFO - Processing file /home/mmirnezamina/de_final_project/airflowenv/lib/python3.10/site-packages/airflow/example_dags/example_latest_only.py for tasks to queue
[2026-08-30T23:19:58.749+0330] {logging_mixin.py:190} INFO - [2026-08-30T23:19:58.748+0330] {dagbag.py:588} INFO - Filling up the DagBag from /home/mmirnezamina/de_final_project/airflowenv/lib/python3.10/site-packages/airflow/example_dags/example_latest_only.py
[2026-08-30T23:19:58.757+0330] {processor.py:925} INFO - DAG(s) 'latest_only' retrieved from /home/mmirnezamina/de_final_project/airflowenv/lib/python3.10/site-packages/airflow/example_dags/example_latest_only.py
[2026-08-30T23:19:58.794+0330] {logging_mixin.py:190} INFO - [2026-08-30T23:19:58.793+0330] {dag.py:3239} INFO - Sync 1 DAGs
[2026-08-30T23:19:58.827+0330] {logging_mixin.py:190} INFO - [2026-08-30T23:19:58.827+0330] {dag.py:4180} INFO - Setting next_dagrun for latest_only to 2026-08-30 12:00:00+00:00, run_after=2026-08-30 16:00:00+00:00
[2026-08-30T23:19:58.875+0330] {processor.py:208} INFO - Processing /home/mmirnezamina/de_final_project/airflowenv/lib/python3.10/site-packages/airflow/example_dags/example_latest_only.py took 0.138 seconds
[2026-08-30T23:20:29.385+0330] {processor.py:186} INFO - Started process (PID=14789) to work on /home/mmirnezamina/de_final_project/airflowenv/lib/python3.10/site-packages/airflow/example_dags/example_latest_only.py
[2026-08-30T23:20:29.386+0330] {processor.py:914} INFO - Processing file /home/mmirnezamina/de_final_project/airflowenv/lib/python3.10/site-packages/airflow/example_dags/example_latest_only.py for tasks to queue
[2026-08-30T23:20:29.388+0330] {logging_mixin.py:190} INFO - [2026-08-30T23:20:29.387+0330] {dagbag.py:588} INFO - Filling up the DagBag from /home/mmirnezamina/de_final_project/airflowenv/lib/python3.10/site-packages/airflow/example_dags/example_latest_only.py
[2026-08-30T23:20:29.394+0330] {processor.py:925} INFO - DAG(s) 'latest_only' retrieved from /home/mmirnezamina/de_final_project/airflowenv/lib/python3.10/site-packages/airflow/example_dags/example_latest_only.py
[2026-08-30T23:20:29.415+0330] {logging_mixin.py:190} INFO - [2026-08-30T23:20:29.415+0330] {dag.py:3239} INFO - Sync 1 DAGs
[2026-08-30T23:20:29.433+0330] {logging_mixin.py:190} INFO - [2026-08-30T23:20:29.433+0330] {dag.py:4180} INFO - Setting next_dagrun for latest_only to 2026-08-30 12:00:00+00:00, run_after=2026-08-30 16:00:00+00:00
[2026-08-30T23:20:29.453+0330] {processor.py:208} INFO - Processing /home/mmirnezamina/de_final_project/airflowenv/lib/python3.10/site-packages/airflow/example_dags/example_latest_only.py took 0.077 seconds
[2026-08-30T23:20:59.740+0330] {processor.py:186} INFO - Started process (PID=14908) to work on /home/mmirnezamina/de_final_project/airflowenv/lib/python3.10/site-packages/airflow/example_dags/example_latest_only.py
[2026-08-30T23:20:59.741+0330] {processor.py:914} INFO - Processing file /home/mmirnezamina/de_final_project/airflowenv/lib/python3.10/site-packages/airflow/example_dags/example_latest_only.py for tasks to queue
[2026-08-30T23:20:59.742+0330] {logging_mixin.py:190} INFO - [2026-08-30T23:20:59.742+0330] {dagbag.py:588} INFO - Filling up the DagBag from /home/mmirnezamina/de_final_project/airflowenv/lib/python3.10/site-packages/airflow/example_dags/example_latest_only.py
[2026-08-30T23:20:59.750+0330] {processor.py:925} INFO - DAG(s) 'latest_only' retrieved from /home/mmirnezamina/de_final_project/airflowenv/lib/python3.10/site-packages/airflow/example_dags/example_latest_only.py
[2026-08-30T23:20:59.776+0330] {logging_mixin.py:190} INFO - [2026-08-30T23:20:59.776+0330] {dag.py:3239} INFO - Sync 1 DAGs
[2026-08-30T23:20:59.801+0330] {logging_mixin.py:190} INFO - [2026-08-30T23:20:59.801+0330] {dag.py:4180} INFO - Setting next_dagrun for latest_only to 2026-08-30 12:00:00+00:00, run_after=2026-08-30 16:00:00+00:00
[2026-08-30T23:20:59.823+0330] {processor.py:208} INFO - Processing /home/mmirnezamina/de_final_project/airflowenv/lib/python3.10/site-packages/airflow/example_dags/example_latest_only.py took 0.096 seconds
[2026-08-30T23:21:30.439+0330] {processor.py:186} INFO - Started process (PID=15026) to work on /home/mmirnezamina/de_final_project/airflowenv/lib/python3.10/site-packages/airflow/example_dags/example_latest_only.py
[2026-08-30T23:21:30.441+0330] {processor.py:914} INFO - Processing file /home/mmirnezamina/de_final_project/airflowenv/lib/python3.10/site-packages/airflow/example_dags/example_latest_only.py for tasks to queue
[2026-08-30T23:21:30.442+0330] {logging_mixin.py:190} INFO - [2026-08-30T23:21:30.441+0330] {dagbag.py:588} INFO - Filling up the DagBag from /home/mmirnezamina/de_final_project/airflowenv/lib/python3.10/site-packages/airflow/example_dags/example_latest_only.py
[2026-08-30T23:21:30.450+0330] {processor.py:925} INFO - DAG(s) 'latest_only' retrieved from /home/mmirnezamina/de_final_project/airflowenv/lib/python3.10/site-packages/airflow/example_dags/example_latest_only.py
[2026-08-30T23:21:30.478+0330] {logging_mixin.py:190} INFO - [2026-08-30T23:21:30.478+0330] {dag.py:3239} INFO - Sync 1 DAGs
[2026-08-30T23:21:30.504+0330] {logging_mixin.py:190} INFO - [2026-08-30T23:21:30.504+0330] {dag.py:4180} INFO - Setting next_dagrun for latest_only to 2026-08-30 12:00:00+00:00, run_after=2026-08-30 16:00:00+00:00
[2026-08-30T23:21:30.533+0330] {processor.py:208} INFO - Processing /home/mmirnezamina/de_final_project/airflowenv/lib/python3.10/site-packages/airflow/example_dags/example_latest_only.py took 0.102 seconds
[2026-08-30T23:22:00.568+0330] {processor.py:186} INFO - Started process (PID=15144) to work on /home/mmirnezamina/de_final_project/airflowenv/lib/python3.10/site-packages/airflow/example_dags/example_latest_only.py
[2026-08-30T23:22:00.568+0330] {processor.py:914} INFO - Processing file /home/mmirnezamina/de_final_project/airflowenv/lib/python3.10/site-packages/airflow/example_dags/example_latest_only.py for tasks to queue
[2026-08-30T23:22:00.569+0330] {logging_mixin.py:190} INFO - [2026-08-30T23:22:00.569+0330] {dagbag.py:588} INFO - Filling up the DagBag from /home/mmirnezamina/de_final_project/airflowenv/lib/python3.10/site-packages/airflow/example_dags/example_latest_only.py
[2026-08-30T23:22:00.577+0330] {processor.py:925} INFO - DAG(s) 'latest_only' retrieved from /home/mmirnezamina/de_final_project/airflowenv/lib/python3.10/site-packages/airflow/example_dags/example_latest_only.py
[2026-08-30T23:22:00.605+0330] {logging_mixin.py:190} INFO - [2026-08-30T23:22:00.605+0330] {dag.py:3239} INFO - Sync 1 DAGs
[2026-08-30T23:22:00.626+0330] {logging_mixin.py:190} INFO - [2026-08-30T23:22:00.626+0330] {dag.py:4180} INFO - Setting next_dagrun for latest_only to 2026-08-30 12:00:00+00:00, run_after=2026-08-30 16:00:00+00:00
[2026-08-30T23:22:00.648+0330] {processor.py:208} INFO - Processing /home/mmirnezamina/de_final_project/airflowenv/lib/python3.10/site-packages/airflow/example_dags/example_latest_only.py took 0.087 seconds
[2026-08-30T23:22:31.210+0330] {processor.py:186} INFO - Started process (PID=15264) to work on /home/mmirnezamina/de_final_project/airflowenv/lib/python3.10/site-packages/airflow/example_dags/example_latest_only.py
[2026-08-30T23:22:31.212+0330] {processor.py:914} INFO - Processing file /home/mmirnezamina/de_final_project/airflowenv/lib/python3.10/site-packages/airflow/example_dags/example_latest_only.py for tasks to queue
[2026-08-30T23:22:31.214+0330] {logging_mixin.py:190} INFO - [2026-08-30T23:22:31.213+0330] {dagbag.py:588} INFO - Filling up the DagBag from /home/mmirnezamina/de_final_project/airflowenv/lib/python3.10/site-packages/airflow/example_dags/example_latest_only.py
[2026-08-30T23:22:31.221+0330] {processor.py:925} INFO - DAG(s) 'latest_only' retrieved from /home/mmirnezamina/de_final_project/airflowenv/lib/python3.10/site-packages/airflow/example_dags/example_latest_only.py
[2026-08-30T23:22:31.246+0330] {logging_mixin.py:190} INFO - [2026-08-30T23:22:31.246+0330] {dag.py:3239} INFO - Sync 1 DAGs
[2026-08-30T23:22:31.268+0330] {logging_mixin.py:190} INFO - [2026-08-30T23:22:31.268+0330] {dag.py:4180} INFO - Setting next_dagrun for latest_only to 2026-08-30 12:00:00+00:00, run_after=2026-08-30 16:00:00+00:00
[2026-08-30T23:22:31.293+0330] {processor.py:208} INFO - Processing /home/mmirnezamina/de_final_project/airflowenv/lib/python3.10/site-packages/airflow/example_dags/example_latest_only.py took 0.095 seconds
[2026-08-30T23:23:01.519+0330] {processor.py:186} INFO - Started process (PID=15383) to work on /home/mmirnezamina/de_final_project/airflowenv/lib/python3.10/site-packages/airflow/example_dags/example_latest_only.py
[2026-08-30T23:23:01.520+0330] {processor.py:914} INFO - Processing file /home/mmirnezamina/de_final_project/airflowenv/lib/python3.10/site-packages/airflow/example_dags/example_latest_only.py for tasks to queue
[2026-08-30T23:23:01.522+0330] {logging_mixin.py:190} INFO - [2026-08-30T23:23:01.521+0330] {dagbag.py:588} INFO - Filling up the DagBag from /home/mmirnezamina/de_final_project/airflowenv/lib/python3.10/site-packages/airflow/example_dags/example_latest_only.py
[2026-08-30T23:23:01.532+0330] {processor.py:925} INFO - DAG(s) 'latest_only' retrieved from /home/mmirnezamina/de_final_project/airflowenv/lib/python3.10/site-packages/airflow/example_dags/example_latest_only.py
[2026-08-30T23:23:01.567+0330] {logging_mixin.py:190} INFO - [2026-08-30T23:23:01.566+0330] {dag.py:3239} INFO - Sync 1 DAGs
[2026-08-30T23:23:01.597+0330] {logging_mixin.py:190} INFO - [2026-08-30T23:23:01.597+0330] {dag.py:4180} INFO - Setting next_dagrun for latest_only to 2026-08-30 12:00:00+00:00, run_after=2026-08-30 16:00:00+00:00
[2026-08-30T23:23:01.625+0330] {processor.py:208} INFO - Processing /home/mmirnezamina/de_final_project/airflowenv/lib/python3.10/site-packages/airflow/example_dags/example_latest_only.py took 0.121 seconds
[2026-08-30T23:23:31.984+0330] {processor.py:186} INFO - Started process (PID=15501) to work on /home/mmirnezamina/de_final_project/airflowenv/lib/python3.10/site-packages/airflow/example_dags/example_latest_only.py
[2026-08-30T23:23:31.985+0330] {processor.py:914} INFO - Processing file /home/mmirnezamina/de_final_project/airflowenv/lib/python3.10/site-packages/airflow/example_dags/example_latest_only.py for tasks to queue
[2026-08-30T23:23:31.986+0330] {logging_mixin.py:190} INFO - [2026-08-30T23:23:31.986+0330] {dagbag.py:588} INFO - Filling up the DagBag from /home/mmirnezamina/de_final_project/airflowenv/lib/python3.10/site-packages/airflow/example_dags/example_latest_only.py
[2026-08-30T23:23:31.998+0330] {processor.py:925} INFO - DAG(s) 'latest_only' retrieved from /home/mmirnezamina/de_final_project/airflowenv/lib/python3.10/site-packages/airflow/example_dags/example_latest_only.py
[2026-08-30T23:23:32.035+0330] {logging_mixin.py:190} INFO - [2026-08-30T23:23:32.034+0330] {dag.py:3239} INFO - Sync 1 DAGs
[2026-08-30T23:23:32.070+0330] {logging_mixin.py:190} INFO - [2026-08-30T23:23:32.069+0330] {dag.py:4180} INFO - Setting next_dagrun for latest_only to 2026-08-30 12:00:00+00:00, run_after=2026-08-30 16:00:00+00:00
[2026-08-30T23:23:32.104+0330] {processor.py:208} INFO - Processing /home/mmirnezamina/de_final_project/airflowenv/lib/python3.10/site-packages/airflow/example_dags/example_latest_only.py took 0.133 seconds
[2026-08-30T23:24:02.209+0330] {processor.py:186} INFO - Started process (PID=15621) to work on /home/mmirnezamina/de_final_project/airflowenv/lib/python3.10/site-packages/airflow/example_dags/example_latest_only.py
[2026-08-30T23:24:02.211+0330] {processor.py:914} INFO - Processing file /home/mmirnezamina/de_final_project/airflowenv/lib/python3.10/site-packages/airflow/example_dags/example_latest_only.py for tasks to queue
[2026-08-30T23:24:02.213+0330] {logging_mixin.py:190} INFO - [2026-08-30T23:24:02.213+0330] {dagbag.py:588} INFO - Filling up the DagBag from /home/mmirnezamina/de_final_project/airflowenv/lib/python3.10/site-packages/airflow/example_dags/example_latest_only.py
[2026-08-30T23:24:02.223+0330] {processor.py:925} INFO - DAG(s) 'latest_only' retrieved from /home/mmirnezamina/de_final_project/airflowenv/lib/python3.10/site-packages/airflow/example_dags/example_latest_only.py
[2026-08-30T23:24:02.259+0330] {logging_mixin.py:190} INFO - [2026-08-30T23:24:02.259+0330] {dag.py:3239} INFO - Sync 1 DAGs
[2026-08-30T23:24:02.292+0330] {logging_mixin.py:190} INFO - [2026-08-30T23:24:02.292+0330] {dag.py:4180} INFO - Setting next_dagrun for latest_only to 2026-08-30 12:00:00+00:00, run_after=2026-08-30 16:00:00+00:00
[2026-08-30T23:24:02.322+0330] {processor.py:208} INFO - Processing /home/mmirnezamina/de_final_project/airflowenv/lib/python3.10/site-packages/airflow/example_dags/example_latest_only.py took 0.122 seconds
[2026-08-30T23:24:32.417+0330] {processor.py:186} INFO - Started process (PID=15738) to work on /home/mmirnezamina/de_final_project/airflowenv/lib/python3.10/site-packages/airflow/example_dags/example_latest_only.py
[2026-08-30T23:24:32.418+0330] {processor.py:914} INFO - Processing file /home/mmirnezamina/de_final_project/airflowenv/lib/python3.10/site-packages/airflow/example_dags/example_latest_only.py for tasks to queue
[2026-08-30T23:24:32.419+0330] {logging_mixin.py:190} INFO - [2026-08-30T23:24:32.419+0330] {dagbag.py:588} INFO - Filling up the DagBag from /home/mmirnezamina/de_final_project/airflowenv/lib/python3.10/site-packages/airflow/example_dags/example_latest_only.py
[2026-08-30T23:24:32.429+0330] {processor.py:925} INFO - DAG(s) 'latest_only' retrieved from /home/mmirnezamina/de_final_project/airflowenv/lib/python3.10/site-packages/airflow/example_dags/example_latest_only.py
[2026-08-30T23:24:32.455+0330] {logging_mixin.py:190} INFO - [2026-08-30T23:24:32.455+0330] {dag.py:3239} INFO - Sync 1 DAGs
[2026-08-30T23:24:32.481+0330] {logging_mixin.py:190} INFO - [2026-08-30T23:24:32.480+0330] {dag.py:4180} INFO - Setting next_dagrun for latest_only to 2026-08-30 12:00:00+00:00, run_after=2026-08-30 16:00:00+00:00
[2026-08-30T23:24:32.506+0330] {processor.py:208} INFO - Processing /home/mmirnezamina/de_final_project/airflowenv/lib/python3.10/site-packages/airflow/example_dags/example_latest_only.py took 0.101 seconds
[2026-08-30T23:25:02.787+0330] {processor.py:186} INFO - Started process (PID=15876) to work on /home/mmirnezamina/de_final_project/airflowenv/lib/python3.10/site-packages/airflow/example_dags/example_latest_only.py
[2026-08-30T23:25:02.789+0330] {processor.py:914} INFO - Processing file /home/mmirnezamina/de_final_project/airflowenv/lib/python3.10/site-packages/airflow/example_dags/example_latest_only.py for tasks to queue
[2026-08-30T23:25:02.790+0330] {logging_mixin.py:190} INFO - [2026-08-30T23:25:02.790+0330] {dagbag.py:588} INFO - Filling up the DagBag from /home/mmirnezamina/de_final_project/airflowenv/lib/python3.10/site-packages/airflow/example_dags/example_latest_only.py
[2026-08-30T23:25:02.799+0330] {processor.py:925} INFO - DAG(s) 'latest_only' retrieved from /home/mmirnezamina/de_final_project/airflowenv/lib/python3.10/site-packages/airflow/example_dags/example_latest_only.py
[2026-08-30T23:25:02.839+0330] {logging_mixin.py:190} INFO - [2026-08-30T23:25:02.838+0330] {dag.py:3239} INFO - Sync 1 DAGs
[2026-08-30T23:25:02.872+0330] {logging_mixin.py:190} INFO - [2026-08-30T23:25:02.872+0330] {dag.py:4180} INFO - Setting next_dagrun for latest_only to 2026-08-30 12:00:00+00:00, run_after=2026-08-30 16:00:00+00:00
[2026-08-30T23:25:02.901+0330] {processor.py:208} INFO - Processing /home/mmirnezamina/de_final_project/airflowenv/lib/python3.10/site-packages/airflow/example_dags/example_latest_only.py took 0.128 seconds
[2026-08-30T23:25:33.248+0330] {processor.py:186} INFO - Started process (PID=16014) to work on /home/mmirnezamina/de_final_project/airflowenv/lib/python3.10/site-packages/airflow/example_dags/example_latest_only.py
[2026-08-30T23:25:33.249+0330] {processor.py:914} INFO - Processing file /home/mmirnezamina/de_final_project/airflowenv/lib/python3.10/site-packages/airflow/example_dags/example_latest_only.py for tasks to queue
[2026-08-30T23:25:33.251+0330] {logging_mixin.py:190} INFO - [2026-08-30T23:25:33.250+0330] {dagbag.py:588} INFO - Filling up the DagBag from /home/mmirnezamina/de_final_project/airflowenv/lib/python3.10/site-packages/airflow/example_dags/example_latest_only.py
[2026-08-30T23:25:33.261+0330] {processor.py:925} INFO - DAG(s) 'latest_only' retrieved from /home/mmirnezamina/de_final_project/airflowenv/lib/python3.10/site-packages/airflow/example_dags/example_latest_only.py
[2026-08-30T23:25:33.295+0330] {logging_mixin.py:190} INFO - [2026-08-30T23:25:33.295+0330] {dag.py:3239} INFO - Sync 1 DAGs
[2026-08-30T23:25:33.329+0330] {logging_mixin.py:190} INFO - [2026-08-30T23:25:33.329+0330] {dag.py:4180} INFO - Setting next_dagrun for latest_only to 2026-08-30 12:00:00+00:00, run_after=2026-08-30 16:00:00+00:00
[2026-08-30T23:25:33.361+0330] {processor.py:208} INFO - Processing /home/mmirnezamina/de_final_project/airflowenv/lib/python3.10/site-packages/airflow/example_dags/example_latest_only.py took 0.126 seconds
[2026-08-30T23:26:03.691+0330] {processor.py:186} INFO - Started process (PID=16140) to work on /home/mmirnezamina/de_final_project/airflowenv/lib/python3.10/site-packages/airflow/example_dags/example_latest_only.py
[2026-08-30T23:26:03.692+0330] {processor.py:914} INFO - Processing file /home/mmirnezamina/de_final_project/airflowenv/lib/python3.10/site-packages/airflow/example_dags/example_latest_only.py for tasks to queue
[2026-08-30T23:26:03.693+0330] {logging_mixin.py:190} INFO - [2026-08-30T23:26:03.692+0330] {dagbag.py:588} INFO - Filling up the DagBag from /home/mmirnezamina/de_final_project/airflowenv/lib/python3.10/site-packages/airflow/example_dags/example_latest_only.py
[2026-08-30T23:26:03.701+0330] {processor.py:925} INFO - DAG(s) 'latest_only' retrieved from /home/mmirnezamina/de_final_project/airflowenv/lib/python3.10/site-packages/airflow/example_dags/example_latest_only.py
[2026-08-30T23:26:03.725+0330] {logging_mixin.py:190} INFO - [2026-08-30T23:26:03.725+0330] {dag.py:3239} INFO - Sync 1 DAGs
[2026-08-30T23:26:03.748+0330] {logging_mixin.py:190} INFO - [2026-08-30T23:26:03.748+0330] {dag.py:4180} INFO - Setting next_dagrun for latest_only to 2026-08-30 12:00:00+00:00, run_after=2026-08-30 16:00:00+00:00
[2026-08-30T23:26:03.772+0330] {processor.py:208} INFO - Processing /home/mmirnezamina/de_final_project/airflowenv/lib/python3.10/site-packages/airflow/example_dags/example_latest_only.py took 0.089 seconds
[2026-08-30T23:26:34.053+0330] {processor.py:186} INFO - Started process (PID=16257) to work on /home/mmirnezamina/de_final_project/airflowenv/lib/python3.10/site-packages/airflow/example_dags/example_latest_only.py
[2026-08-30T23:26:34.053+0330] {processor.py:914} INFO - Processing file /home/mmirnezamina/de_final_project/airflowenv/lib/python3.10/site-packages/airflow/example_dags/example_latest_only.py for tasks to queue
[2026-08-30T23:26:34.055+0330] {logging_mixin.py:190} INFO - [2026-08-30T23:26:34.054+0330] {dagbag.py:588} INFO - Filling up the DagBag from /home/mmirnezamina/de_final_project/airflowenv/lib/python3.10/site-packages/airflow/example_dags/example_latest_only.py
[2026-08-30T23:26:34.064+0330] {processor.py:925} INFO - DAG(s) 'latest_only' retrieved from /home/mmirnezamina/de_final_project/airflowenv/lib/python3.10/site-packages/airflow/example_dags/example_latest_only.py
[2026-08-30T23:26:34.090+0330] {logging_mixin.py:190} INFO - [2026-08-30T23:26:34.090+0330] {dag.py:3239} INFO - Sync 1 DAGs
[2026-08-30T23:26:34.116+0330] {logging_mixin.py:190} INFO - [2026-08-30T23:26:34.116+0330] {dag.py:4180} INFO - Setting next_dagrun for latest_only to 2026-08-30 12:00:00+00:00, run_after=2026-08-30 16:00:00+00:00
[2026-08-30T23:26:34.139+0330] {processor.py:208} INFO - Processing /home/mmirnezamina/de_final_project/airflowenv/lib/python3.10/site-packages/airflow/example_dags/example_latest_only.py took 0.094 seconds
[2026-08-30T23:28:22.471+0330] {processor.py:186} INFO - Started process (PID=16491) to work on /home/mmirnezamina/de_final_project/airflowenv/lib/python3.10/site-packages/airflow/example_dags/example_latest_only.py
[2026-08-30T23:28:22.472+0330] {processor.py:914} INFO - Processing file /home/mmirnezamina/de_final_project/airflowenv/lib/python3.10/site-packages/airflow/example_dags/example_latest_only.py for tasks to queue
[2026-08-30T23:28:22.473+0330] {logging_mixin.py:190} INFO - [2026-08-30T23:28:22.473+0330] {dagbag.py:588} INFO - Filling up the DagBag from /home/mmirnezamina/de_final_project/airflowenv/lib/python3.10/site-packages/airflow/example_dags/example_latest_only.py
[2026-08-30T23:28:22.481+0330] {processor.py:925} INFO - DAG(s) 'latest_only' retrieved from /home/mmirnezamina/de_final_project/airflowenv/lib/python3.10/site-packages/airflow/example_dags/example_latest_only.py
[2026-08-30T23:28:23.086+0330] {logging_mixin.py:190} INFO - [2026-08-30T23:28:23.085+0330] {override.py:1930} INFO - Created Permission View: can delete on DAG:latest_only
[2026-08-30T23:28:23.121+0330] {logging_mixin.py:190} INFO - [2026-08-30T23:28:23.120+0330] {override.py:1930} INFO - Created Permission View: can read on DAG:latest_only
[2026-08-30T23:28:23.153+0330] {logging_mixin.py:190} INFO - [2026-08-30T23:28:23.152+0330] {override.py:1930} INFO - Created Permission View: can edit on DAG:latest_only
[2026-08-30T23:28:23.187+0330] {logging_mixin.py:190} INFO - [2026-08-30T23:28:23.186+0330] {override.py:1930} INFO - Created Permission View: can create on DAG Run:latest_only
[2026-08-30T23:28:23.205+0330] {logging_mixin.py:190} INFO - [2026-08-30T23:28:23.205+0330] {override.py:1930} INFO - Created Permission View: can delete on DAG Run:latest_only
[2026-08-30T23:28:23.228+0330] {logging_mixin.py:190} INFO - [2026-08-30T23:28:23.227+0330] {override.py:1930} INFO - Created Permission View: can read on DAG Run:latest_only
[2026-08-30T23:28:23.248+0330] {logging_mixin.py:190} INFO - [2026-08-30T23:28:23.247+0330] {override.py:1930} INFO - Created Permission View: menu access on DAG Run:latest_only
[2026-08-30T23:28:23.249+0330] {logging_mixin.py:190} INFO - [2026-08-30T23:28:23.248+0330] {dag.py:3239} INFO - Sync 1 DAGs
[2026-08-30T23:28:23.269+0330] {logging_mixin.py:190} INFO - [2026-08-30T23:28:23.269+0330] {dag.py:3262} INFO - Creating ORM DAG for latest_only
[2026-08-30T23:28:23.310+0330] {logging_mixin.py:190} INFO - [2026-08-30T23:28:23.309+0330] {dag.py:4180} INFO - Setting next_dagrun for latest_only to 2026-08-30 12:00:00+00:00, run_after=2026-08-30 16:00:00+00:00
[2026-08-30T23:28:23.390+0330] {processor.py:208} INFO - Processing /home/mmirnezamina/de_final_project/airflowenv/lib/python3.10/site-packages/airflow/example_dags/example_latest_only.py took 0.926 seconds
