[2026-08-30T23:13:35.493+0330] {processor.py:186} INFO - Started process (PID=13128) to work on /home/mmirnezamina/de_final_project/airflowenv/lib/python3.10/site-packages/airflow/example_dags/example_trigger_target_dag.py
[2026-08-30T23:13:35.498+0330] {processor.py:914} INFO - Processing file /home/mmirnezamina/de_final_project/airflowenv/lib/python3.10/site-packages/airflow/example_dags/example_trigger_target_dag.py for tasks to queue
[2026-08-30T23:13:35.503+0330] {logging_mixin.py:190} INFO - [2026-08-30T23:13:35.502+0330] {dagbag.py:588} INFO - Filling up the DagBag from /home/mmirnezamina/de_final_project/airflowenv/lib/python3.10/site-packages/airflow/example_dags/example_trigger_target_dag.py
[2026-08-30T23:13:35.568+0330] {processor.py:925} INFO - DAG(s) 'example_trigger_target_dag' retrieved from /home/mmirnezamina/de_final_project/airflowenv/lib/python3.10/site-packages/airflow/example_dags/example_trigger_target_dag.py
[2026-08-30T23:13:36.168+0330] {logging_mixin.py:190} INFO - [2026-08-30T23:13:36.163+0330] {override.py:1930} INFO - Created Permission View: can edit on DAG:example_trigger_target_dag
[2026-08-30T23:13:36.227+0330] {logging_mixin.py:190} INFO - [2026-08-30T23:13:36.225+0330] {override.py:1930} INFO - Created Permission View: can read on DAG:example_trigger_target_dag
[2026-08-30T23:13:36.269+0330] {logging_mixin.py:190} INFO - [2026-08-30T23:13:36.267+0330] {override.py:1930} INFO - Created Permission View: can delete on DAG:example_trigger_target_dag
[2026-08-30T23:13:36.329+0330] {logging_mixin.py:190} INFO - [2026-08-30T23:13:36.327+0330] {override.py:1930} INFO - Created Permission View: menu access on DAG Run:example_trigger_target_dag
[2026-08-30T23:13:36.394+0330] {logging_mixin.py:190} INFO - [2026-08-30T23:13:36.393+0330] {override.py:1930} INFO - Created Permission View: can create on DAG Run:example_trigger_target_dag
[2026-08-30T23:13:36.477+0330] {logging_mixin.py:190} INFO - [2026-08-30T23:13:36.475+0330] {override.py:1930} INFO - Created Permission View: can read on DAG Run:example_trigger_target_dag
[2026-08-30T23:13:36.662+0330] {logging_mixin.py:190} INFO - [2026-08-30T23:13:36.660+0330] {override.py:1930} INFO - Created Permission View: can delete on DAG Run:example_trigger_target_dag
[2026-08-30T23:13:36.663+0330] {logging_mixin.py:190} INFO - [2026-08-30T23:13:36.663+0330] {dag.py:3239} INFO - Sync 1 DAGs
[2026-08-30T23:13:36.753+0330] {logging_mixin.py:190} INFO - [2026-08-30T23:13:36.752+0330] {dag.py:3262} INFO - Creating ORM DAG for example_trigger_target_dag
[2026-08-30T23:13:36.756+0330] {logging_mixin.py:190} INFO - [2026-08-30T23:13:36.755+0330] {dag.py:4180} INFO - Setting next_dagrun for example_trigger_target_dag to None, run_after=None
[2026-08-30T23:13:36.895+0330] {processor.py:208} INFO - Processing /home/mmirnezamina/de_final_project/airflowenv/lib/python3.10/site-packages/airflow/example_dags/example_trigger_target_dag.py took 1.468 seconds
[2026-08-30T23:14:07.601+0330] {processor.py:186} INFO - Started process (PID=13258) to work on /home/mmirnezamina/de_final_project/airflowenv/lib/python3.10/site-packages/airflow/example_dags/example_trigger_target_dag.py
[2026-08-30T23:14:07.603+0330] {processor.py:914} INFO - Processing file /home/mmirnezamina/de_final_project/airflowenv/lib/python3.10/site-packages/airflow/example_dags/example_trigger_target_dag.py for tasks to queue
[2026-08-30T23:14:07.604+0330] {logging_mixin.py:190} INFO - [2026-08-30T23:14:07.604+0330] {dagbag.py:588} INFO - Filling up the DagBag from /home/mmirnezamina/de_final_project/airflowenv/lib/python3.10/site-packages/airflow/example_dags/example_trigger_target_dag.py
[2026-08-30T23:14:07.613+0330] {processor.py:925} INFO - DAG(s) 'example_trigger_target_dag' retrieved from /home/mmirnezamina/de_final_project/airflowenv/lib/python3.10/site-packages/airflow/example_dags/example_trigger_target_dag.py
[2026-08-30T23:14:07.643+0330] {logging_mixin.py:190} INFO - [2026-08-30T23:14:07.643+0330] {dag.py:3239} INFO - Sync 1 DAGs
[2026-08-30T23:14:07.662+0330] {logging_mixin.py:190} INFO - [2026-08-30T23:14:07.662+0330] {dag.py:4180} INFO - Setting next_dagrun for example_trigger_target_dag to None, run_after=None
[2026-08-30T23:14:07.693+0330] {processor.py:208} INFO - Processing /home/mmirnezamina/de_final_project/airflowenv/lib/python3.10/site-packages/airflow/example_dags/example_trigger_target_dag.py took 0.104 seconds
[2026-08-30T23:14:37.944+0330] {processor.py:186} INFO - Started process (PID=13377) to work on /home/mmirnezamina/de_final_project/airflowenv/lib/python3.10/site-packages/airflow/example_dags/example_trigger_target_dag.py
[2026-08-30T23:14:37.945+0330] {processor.py:914} INFO - Processing file /home/mmirnezamina/de_final_project/airflowenv/lib/python3.10/site-packages/airflow/example_dags/example_trigger_target_dag.py for tasks to queue
[2026-08-30T23:14:37.947+0330] {logging_mixin.py:190} INFO - [2026-08-30T23:14:37.947+0330] {dagbag.py:588} INFO - Filling up the DagBag from /home/mmirnezamina/de_final_project/airflowenv/lib/python3.10/site-packages/airflow/example_dags/example_trigger_target_dag.py
[2026-08-30T23:14:37.958+0330] {processor.py:925} INFO - DAG(s) 'example_trigger_target_dag' retrieved from /home/mmirnezamina/de_final_project/airflowenv/lib/python3.10/site-packages/airflow/example_dags/example_trigger_target_dag.py
[2026-08-30T23:14:37.998+0330] {logging_mixin.py:190} INFO - [2026-08-30T23:14:37.997+0330] {dag.py:3239} INFO - Sync 1 DAGs
[2026-08-30T23:14:38.019+0330] {logging_mixin.py:190} INFO - [2026-08-30T23:14:38.018+0330] {dag.py:4180} INFO - Setting next_dagrun for example_trigger_target_dag to None, run_after=None
[2026-08-30T23:14:38.048+0330] {processor.py:208} INFO - Processing /home/mmirnezamina/de_final_project/airflowenv/lib/python3.10/site-packages/airflow/example_dags/example_trigger_target_dag.py took 0.117 seconds
[2026-08-30T23:15:08.436+0330] {processor.py:186} INFO - Started process (PID=13496) to work on /home/mmirnezamina/de_final_project/airflowenv/lib/python3.10/site-packages/airflow/example_dags/example_trigger_target_dag.py
[2026-08-30T23:15:08.439+0330] {processor.py:914} INFO - Processing file /home/mmirnezamina/de_final_project/airflowenv/lib/python3.10/site-packages/airflow/example_dags/example_trigger_target_dag.py for tasks to queue
[2026-08-30T23:15:08.440+0330] {logging_mixin.py:190} INFO - [2026-08-30T23:15:08.440+0330] {dagbag.py:588} INFO - Filling up the DagBag from /home/mmirnezamina/de_final_project/airflowenv/lib/python3.10/site-packages/airflow/example_dags/example_trigger_target_dag.py
[2026-08-30T23:15:08.446+0330] {processor.py:925} INFO - DAG(s) 'example_trigger_target_dag' retrieved from /home/mmirnezamina/de_final_project/airflowenv/lib/python3.10/site-packages/airflow/example_dags/example_trigger_target_dag.py
[2026-08-30T23:15:08.473+0330] {logging_mixin.py:190} INFO - [2026-08-30T23:15:08.473+0330] {dag.py:3239} INFO - Sync 1 DAGs
[2026-08-30T23:15:08.486+0330] {logging_mixin.py:190} INFO - [2026-08-30T23:15:08.486+0330] {dag.py:4180} INFO - Setting next_dagrun for example_trigger_target_dag to None, run_after=None
[2026-08-30T23:15:08.508+0330] {processor.py:208} INFO - Processing /home/mmirnezamina/de_final_project/airflowenv/lib/python3.10/site-packages/airflow/example_dags/example_trigger_target_dag.py took 0.080 seconds
[2026-08-30T23:15:39.179+0330] {processor.py:186} INFO - Started process (PID=13615) to work on /home/mmirnezamina/de_final_project/airflowenv/lib/python3.10/site-packages/airflow/example_dags/example_trigger_target_dag.py
[2026-08-30T23:15:39.180+0330] {processor.py:914} INFO - Processing file /home/mmirnezamina/de_final_project/airflowenv/lib/python3.10/site-packages/airflow/example_dags/example_trigger_target_dag.py for tasks to queue
[2026-08-30T23:15:39.182+0330] {logging_mixin.py:190} INFO - [2026-08-30T23:15:39.181+0330] {dagbag.py:588} INFO - Filling up the DagBag from /home/mmirnezamina/de_final_project/airflowenv/lib/python3.10/site-packages/airflow/example_dags/example_trigger_target_dag.py
[2026-08-30T23:15:39.192+0330] {processor.py:925} INFO - DAG(s) 'example_trigger_target_dag' retrieved from /home/mmirnezamina/de_final_project/airflowenv/lib/python3.10/site-packages/airflow/example_dags/example_trigger_target_dag.py
[2026-08-30T23:15:39.224+0330] {logging_mixin.py:190} INFO - [2026-08-30T23:15:39.224+0330] {dag.py:3239} INFO - Sync 1 DAGs
[2026-08-30T23:15:39.246+0330] {logging_mixin.py:190} INFO - [2026-08-30T23:15:39.246+0330] {dag.py:4180} INFO - Setting next_dagrun for example_trigger_target_dag to None, run_after=None
[2026-08-30T23:15:39.277+0330] {processor.py:208} INFO - Processing /home/mmirnezamina/de_final_project/airflowenv/lib/python3.10/site-packages/airflow/example_dags/example_trigger_target_dag.py took 0.108 seconds
[2026-08-30T23:16:09.561+0330] {processor.py:186} INFO - Started process (PID=13733) to work on /home/mmirnezamina/de_final_project/airflowenv/lib/python3.10/site-packages/airflow/example_dags/example_trigger_target_dag.py
[2026-08-30T23:16:09.563+0330] {processor.py:914} INFO - Processing file /home/mmirnezamina/de_final_project/airflowenv/lib/python3.10/site-packages/airflow/example_dags/example_trigger_target_dag.py for tasks to queue
[2026-08-30T23:16:09.564+0330] {logging_mixin.py:190} INFO - [2026-08-30T23:16:09.564+0330] {dagbag.py:588} INFO - Filling up the DagBag from /home/mmirnezamina/de_final_project/airflowenv/lib/python3.10/site-packages/airflow/example_dags/example_trigger_target_dag.py
[2026-08-30T23:16:09.576+0330] {processor.py:925} INFO - DAG(s) 'example_trigger_target_dag' retrieved from /home/mmirnezamina/de_final_project/airflowenv/lib/python3.10/site-packages/airflow/example_dags/example_trigger_target_dag.py
[2026-08-30T23:16:09.609+0330] {logging_mixin.py:190} INFO - [2026-08-30T23:16:09.609+0330] {dag.py:3239} INFO - Sync 1 DAGs
[2026-08-30T23:16:09.635+0330] {logging_mixin.py:190} INFO - [2026-08-30T23:16:09.634+0330] {dag.py:4180} INFO - Setting next_dagrun for example_trigger_target_dag to None, run_after=None
[2026-08-30T23:16:09.668+0330] {processor.py:208} INFO - Processing /home/mmirnezamina/de_final_project/airflowenv/lib/python3.10/site-packages/airflow/example_dags/example_trigger_target_dag.py took 0.121 seconds
[2026-08-30T23:16:39.770+0330] {processor.py:186} INFO - Started process (PID=13852) to work on /home/mmirnezamina/de_final_project/airflowenv/lib/python3.10/site-packages/airflow/example_dags/example_trigger_target_dag.py
[2026-08-30T23:16:39.771+0330] {processor.py:914} INFO - Processing file /home/mmirnezamina/de_final_project/airflowenv/lib/python3.10/site-packages/airflow/example_dags/example_trigger_target_dag.py for tasks to queue
[2026-08-30T23:16:39.772+0330] {logging_mixin.py:190} INFO - [2026-08-30T23:16:39.772+0330] {dagbag.py:588} INFO - Filling up the DagBag from /home/mmirnezamina/de_final_project/airflowenv/lib/python3.10/site-packages/airflow/example_dags/example_trigger_target_dag.py
[2026-08-30T23:16:39.778+0330] {processor.py:925} INFO - DAG(s) 'example_trigger_target_dag' retrieved from /home/mmirnezamina/de_final_project/airflowenv/lib/python3.10/site-packages/airflow/example_dags/example_trigger_target_dag.py
[2026-08-30T23:16:39.806+0330] {logging_mixin.py:190} INFO - [2026-08-30T23:16:39.806+0330] {dag.py:3239} INFO - Sync 1 DAGs
[2026-08-30T23:16:39.822+0330] {logging_mixin.py:190} INFO - [2026-08-30T23:16:39.821+0330] {dag.py:4180} INFO - Setting next_dagrun for example_trigger_target_dag to None, run_after=None
[2026-08-30T23:16:39.845+0330] {processor.py:208} INFO - Processing /home/mmirnezamina/de_final_project/airflowenv/lib/python3.10/site-packages/airflow/example_dags/example_trigger_target_dag.py took 0.082 seconds
[2026-08-30T23:17:10.004+0330] {processor.py:186} INFO - Started process (PID=14016) to work on /home/mmirnezamina/de_final_project/airflowenv/lib/python3.10/site-packages/airflow/example_dags/example_trigger_target_dag.py
[2026-08-30T23:17:10.005+0330] {processor.py:914} INFO - Processing file /home/mmirnezamina/de_final_project/airflowenv/lib/python3.10/site-packages/airflow/example_dags/example_trigger_target_dag.py for tasks to queue
[2026-08-30T23:17:10.006+0330] {logging_mixin.py:190} INFO - [2026-08-30T23:17:10.006+0330] {dagbag.py:588} INFO - Filling up the DagBag from /home/mmirnezamina/de_final_project/airflowenv/lib/python3.10/site-packages/airflow/example_dags/example_trigger_target_dag.py
[2026-08-30T23:17:10.014+0330] {processor.py:925} INFO - DAG(s) 'example_trigger_target_dag' retrieved from /home/mmirnezamina/de_final_project/airflowenv/lib/python3.10/site-packages/airflow/example_dags/example_trigger_target_dag.py
[2026-08-30T23:17:10.046+0330] {logging_mixin.py:190} INFO - [2026-08-30T23:17:10.046+0330] {dag.py:3239} INFO - Sync 1 DAGs
[2026-08-30T23:17:10.089+0330] {logging_mixin.py:190} INFO - [2026-08-30T23:17:10.089+0330] {dag.py:4180} INFO - Setting next_dagrun for example_trigger_target_dag to None, run_after=None
[2026-08-30T23:17:10.117+0330] {processor.py:208} INFO - Processing /home/mmirnezamina/de_final_project/airflowenv/lib/python3.10/site-packages/airflow/example_dags/example_trigger_target_dag.py took 0.124 seconds
[2026-08-30T23:17:40.876+0330] {processor.py:186} INFO - Started process (PID=14145) to work on /home/mmirnezamina/de_final_project/airflowenv/lib/python3.10/site-packages/airflow/example_dags/example_trigger_target_dag.py
[2026-08-30T23:17:40.898+0330] {processor.py:914} INFO - Processing file /home/mmirnezamina/de_final_project/airflowenv/lib/python3.10/site-packages/airflow/example_dags/example_trigger_target_dag.py for tasks to queue
[2026-08-30T23:17:40.903+0330] {logging_mixin.py:190} INFO - [2026-08-30T23:17:40.901+0330] {dagbag.py:588} INFO - Filling up the DagBag from /home/mmirnezamina/de_final_project/airflowenv/lib/python3.10/site-packages/airflow/example_dags/example_trigger_target_dag.py
[2026-08-30T23:17:40.964+0330] {processor.py:925} INFO - DAG(s) 'example_trigger_target_dag' retrieved from /home/mmirnezamina/de_final_project/airflowenv/lib/python3.10/site-packages/airflow/example_dags/example_trigger_target_dag.py
[2026-08-30T23:17:41.076+0330] {logging_mixin.py:190} INFO - [2026-08-30T23:17:41.075+0330] {dag.py:3239} INFO - Sync 1 DAGs
[2026-08-30T23:17:41.138+0330] {logging_mixin.py:190} INFO - [2026-08-30T23:17:41.138+0330] {dag.py:4180} INFO - Setting next_dagrun for example_trigger_target_dag to None, run_after=None
[2026-08-30T23:17:41.220+0330] {processor.py:208} INFO - Processing /home/mmirnezamina/de_final_project/airflowenv/lib/python3.10/site-packages/airflow/example_dags/example_trigger_target_dag.py took 0.416 seconds
[2026-08-30T23:18:11.452+0330] {processor.py:186} INFO - Started process (PID=14263) to work on /home/mmirnezamina/de_final_project/airflowenv/lib/python3.10/site-packages/airflow/example_dags/example_trigger_target_dag.py
[2026-08-30T23:18:11.454+0330] {processor.py:914} INFO - Processing file /home/mmirnezamina/de_final_project/airflowenv/lib/python3.10/site-packages/airflow/example_dags/example_trigger_target_dag.py for tasks to queue
[2026-08-30T23:18:11.456+0330] {logging_mixin.py:190} INFO - [2026-08-30T23:18:11.455+0330] {dagbag.py:588} INFO - Filling up the DagBag from /home/mmirnezamina/de_final_project/airflowenv/lib/python3.10/site-packages/airflow/example_dags/example_trigger_target_dag.py
[2026-08-30T23:18:11.468+0330] {processor.py:925} INFO - DAG(s) 'example_trigger_target_dag' retrieved from /home/mmirnezamina/de_final_project/airflowenv/lib/python3.10/site-packages/airflow/example_dags/example_trigger_target_dag.py
[2026-08-30T23:18:11.526+0330] {logging_mixin.py:190} INFO - [2026-08-30T23:18:11.525+0330] {dag.py:3239} INFO - Sync 1 DAGs
[2026-08-30T23:18:11.566+0330] {logging_mixin.py:190} INFO - [2026-08-30T23:18:11.566+0330] {dag.py:4180} INFO - Setting next_dagrun for example_trigger_target_dag to None, run_after=None
[2026-08-30T23:18:11.613+0330] {processor.py:208} INFO - Processing /home/mmirnezamina/de_final_project/airflowenv/lib/python3.10/site-packages/airflow/example_dags/example_trigger_target_dag.py took 0.183 seconds
[2026-08-30T23:18:42.115+0330] {processor.py:186} INFO - Started process (PID=14382) to work on /home/mmirnezamina/de_final_project/airflowenv/lib/python3.10/site-packages/airflow/example_dags/example_trigger_target_dag.py
[2026-08-30T23:18:42.116+0330] {processor.py:914} INFO - Processing file /home/mmirnezamina/de_final_project/airflowenv/lib/python3.10/site-packages/airflow/example_dags/example_trigger_target_dag.py for tasks to queue
[2026-08-30T23:18:42.118+0330] {logging_mixin.py:190} INFO - [2026-08-30T23:18:42.118+0330] {dagbag.py:588} INFO - Filling up the DagBag from /home/mmirnezamina/de_final_project/airflowenv/lib/python3.10/site-packages/airflow/example_dags/example_trigger_target_dag.py
[2026-08-30T23:18:42.129+0330] {processor.py:925} INFO - DAG(s) 'example_trigger_target_dag' retrieved from /home/mmirnezamina/de_final_project/airflowenv/lib/python3.10/site-packages/airflow/example_dags/example_trigger_target_dag.py
[2026-08-30T23:18:42.205+0330] {logging_mixin.py:190} INFO - [2026-08-30T23:18:42.204+0330] {dag.py:3239} INFO - Sync 1 DAGs
[2026-08-30T23:18:42.238+0330] {logging_mixin.py:190} INFO - [2026-08-30T23:18:42.238+0330] {dag.py:4180} INFO - Setting next_dagrun for example_trigger_target_dag to None, run_after=None
[2026-08-30T23:18:42.296+0330] {processor.py:208} INFO - Processing /home/mmirnezamina/de_final_project/airflowenv/lib/python3.10/site-packages/airflow/example_dags/example_trigger_target_dag.py took 0.195 seconds
[2026-08-30T23:19:12.801+0330] {processor.py:186} INFO - Started process (PID=14500) to work on /home/mmirnezamina/de_final_project/airflowenv/lib/python3.10/site-packages/airflow/example_dags/example_trigger_target_dag.py
[2026-08-30T23:19:12.802+0330] {processor.py:914} INFO - Processing file /home/mmirnezamina/de_final_project/airflowenv/lib/python3.10/site-packages/airflow/example_dags/example_trigger_target_dag.py for tasks to queue
[2026-08-30T23:19:12.804+0330] {logging_mixin.py:190} INFO - [2026-08-30T23:19:12.804+0330] {dagbag.py:588} INFO - Filling up the DagBag from /home/mmirnezamina/de_final_project/airflowenv/lib/python3.10/site-packages/airflow/example_dags/example_trigger_target_dag.py
[2026-08-30T23:19:12.816+0330] {processor.py:925} INFO - DAG(s) 'example_trigger_target_dag' retrieved from /home/mmirnezamina/de_final_project/airflowenv/lib/python3.10/site-packages/airflow/example_dags/example_trigger_target_dag.py
[2026-08-30T23:19:12.862+0330] {logging_mixin.py:190} INFO - [2026-08-30T23:19:12.861+0330] {dag.py:3239} INFO - Sync 1 DAGs
[2026-08-30T23:19:12.883+0330] {logging_mixin.py:190} INFO - [2026-08-30T23:19:12.883+0330] {dag.py:4180} INFO - Setting next_dagrun for example_trigger_target_dag to None, run_after=None
[2026-08-30T23:19:12.913+0330] {processor.py:208} INFO - Processing /home/mmirnezamina/de_final_project/airflowenv/lib/python3.10/site-packages/airflow/example_dags/example_trigger_target_dag.py took 0.125 seconds
[2026-08-30T23:19:43.617+0330] {processor.py:186} INFO - Started process (PID=14616) to work on /home/mmirnezamina/de_final_project/airflowenv/lib/python3.10/site-packages/airflow/example_dags/example_trigger_target_dag.py
[2026-08-30T23:19:43.620+0330] {processor.py:914} INFO - Processing file /home/mmirnezamina/de_final_project/airflowenv/lib/python3.10/site-packages/airflow/example_dags/example_trigger_target_dag.py for tasks to queue
[2026-08-30T23:19:43.622+0330] {logging_mixin.py:190} INFO - [2026-08-30T23:19:43.622+0330] {dagbag.py:588} INFO - Filling up the DagBag from /home/mmirnezamina/de_final_project/airflowenv/lib/python3.10/site-packages/airflow/example_dags/example_trigger_target_dag.py
[2026-08-30T23:19:43.648+0330] {processor.py:925} INFO - DAG(s) 'example_trigger_target_dag' retrieved from /home/mmirnezamina/de_final_project/airflowenv/lib/python3.10/site-packages/airflow/example_dags/example_trigger_target_dag.py
[2026-08-30T23:19:43.724+0330] {logging_mixin.py:190} INFO - [2026-08-30T23:19:43.724+0330] {dag.py:3239} INFO - Sync 1 DAGs
[2026-08-30T23:19:43.778+0330] {logging_mixin.py:190} INFO - [2026-08-30T23:19:43.777+0330] {dag.py:4180} INFO - Setting next_dagrun for example_trigger_target_dag to None, run_after=None
[2026-08-30T23:19:43.854+0330] {processor.py:208} INFO - Processing /home/mmirnezamina/de_final_project/airflowenv/lib/python3.10/site-packages/airflow/example_dags/example_trigger_target_dag.py took 0.263 seconds
[2026-08-30T23:20:14.745+0330] {processor.py:186} INFO - Started process (PID=14740) to work on /home/mmirnezamina/de_final_project/airflowenv/lib/python3.10/site-packages/airflow/example_dags/example_trigger_target_dag.py
[2026-08-30T23:20:14.749+0330] {processor.py:914} INFO - Processing file /home/mmirnezamina/de_final_project/airflowenv/lib/python3.10/site-packages/airflow/example_dags/example_trigger_target_dag.py for tasks to queue
[2026-08-30T23:20:14.753+0330] {logging_mixin.py:190} INFO - [2026-08-30T23:20:14.752+0330] {dagbag.py:588} INFO - Filling up the DagBag from /home/mmirnezamina/de_final_project/airflowenv/lib/python3.10/site-packages/airflow/example_dags/example_trigger_target_dag.py
[2026-08-30T23:20:14.778+0330] {processor.py:925} INFO - DAG(s) 'example_trigger_target_dag' retrieved from /home/mmirnezamina/de_final_project/airflowenv/lib/python3.10/site-packages/airflow/example_dags/example_trigger_target_dag.py
[2026-08-30T23:20:14.867+0330] {logging_mixin.py:190} INFO - [2026-08-30T23:20:14.866+0330] {dag.py:3239} INFO - Sync 1 DAGs
[2026-08-30T23:20:14.941+0330] {logging_mixin.py:190} INFO - [2026-08-30T23:20:14.940+0330] {dag.py:4180} INFO - Setting next_dagrun for example_trigger_target_dag to None, run_after=None
[2026-08-30T23:20:15.027+0330] {processor.py:208} INFO - Processing /home/mmirnezamina/de_final_project/airflowenv/lib/python3.10/site-packages/airflow/example_dags/example_trigger_target_dag.py took 0.313 seconds
[2026-08-30T23:20:45.335+0330] {processor.py:186} INFO - Started process (PID=14859) to work on /home/mmirnezamina/de_final_project/airflowenv/lib/python3.10/site-packages/airflow/example_dags/example_trigger_target_dag.py
[2026-08-30T23:20:45.336+0330] {processor.py:914} INFO - Processing file /home/mmirnezamina/de_final_project/airflowenv/lib/python3.10/site-packages/airflow/example_dags/example_trigger_target_dag.py for tasks to queue
[2026-08-30T23:20:45.337+0330] {logging_mixin.py:190} INFO - [2026-08-30T23:20:45.337+0330] {dagbag.py:588} INFO - Filling up the DagBag from /home/mmirnezamina/de_final_project/airflowenv/lib/python3.10/site-packages/airflow/example_dags/example_trigger_target_dag.py
[2026-08-30T23:20:45.346+0330] {processor.py:925} INFO - DAG(s) 'example_trigger_target_dag' retrieved from /home/mmirnezamina/de_final_project/airflowenv/lib/python3.10/site-packages/airflow/example_dags/example_trigger_target_dag.py
[2026-08-30T23:20:45.378+0330] {logging_mixin.py:190} INFO - [2026-08-30T23:20:45.378+0330] {dag.py:3239} INFO - Sync 1 DAGs
[2026-08-30T23:20:45.396+0330] {logging_mixin.py:190} INFO - [2026-08-30T23:20:45.396+0330] {dag.py:4180} INFO - Setting next_dagrun for example_trigger_target_dag to None, run_after=None
[2026-08-30T23:20:45.423+0330] {processor.py:208} INFO - Processing /home/mmirnezamina/de_final_project/airflowenv/lib/python3.10/site-packages/airflow/example_dags/example_trigger_target_dag.py took 0.099 seconds
[2026-08-30T23:21:16.039+0330] {processor.py:186} INFO - Started process (PID=14978) to work on /home/mmirnezamina/de_final_project/airflowenv/lib/python3.10/site-packages/airflow/example_dags/example_trigger_target_dag.py
[2026-08-30T23:21:16.041+0330] {processor.py:914} INFO - Processing file /home/mmirnezamina/de_final_project/airflowenv/lib/python3.10/site-packages/airflow/example_dags/example_trigger_target_dag.py for tasks to queue
[2026-08-30T23:21:16.042+0330] {logging_mixin.py:190} INFO - [2026-08-30T23:21:16.042+0330] {dagbag.py:588} INFO - Filling up the DagBag from /home/mmirnezamina/de_final_project/airflowenv/lib/python3.10/site-packages/airflow/example_dags/example_trigger_target_dag.py
[2026-08-30T23:21:16.052+0330] {processor.py:925} INFO - DAG(s) 'example_trigger_target_dag' retrieved from /home/mmirnezamina/de_final_project/airflowenv/lib/python3.10/site-packages/airflow/example_dags/example_trigger_target_dag.py
[2026-08-30T23:21:16.085+0330] {logging_mixin.py:190} INFO - [2026-08-30T23:21:16.085+0330] {dag.py:3239} INFO - Sync 1 DAGs
[2026-08-30T23:21:16.105+0330] {logging_mixin.py:190} INFO - [2026-08-30T23:21:16.105+0330] {dag.py:4180} INFO - Setting next_dagrun for example_trigger_target_dag to None, run_after=None
[2026-08-30T23:21:16.137+0330] {processor.py:208} INFO - Processing /home/mmirnezamina/de_final_project/airflowenv/lib/python3.10/site-packages/airflow/example_dags/example_trigger_target_dag.py took 0.109 seconds
[2026-08-30T23:21:46.381+0330] {processor.py:186} INFO - Started process (PID=15096) to work on /home/mmirnezamina/de_final_project/airflowenv/lib/python3.10/site-packages/airflow/example_dags/example_trigger_target_dag.py
[2026-08-30T23:21:46.383+0330] {processor.py:914} INFO - Processing file /home/mmirnezamina/de_final_project/airflowenv/lib/python3.10/site-packages/airflow/example_dags/example_trigger_target_dag.py for tasks to queue
[2026-08-30T23:21:46.384+0330] {logging_mixin.py:190} INFO - [2026-08-30T23:21:46.384+0330] {dagbag.py:588} INFO - Filling up the DagBag from /home/mmirnezamina/de_final_project/airflowenv/lib/python3.10/site-packages/airflow/example_dags/example_trigger_target_dag.py
[2026-08-30T23:21:46.393+0330] {processor.py:925} INFO - DAG(s) 'example_trigger_target_dag' retrieved from /home/mmirnezamina/de_final_project/airflowenv/lib/python3.10/site-packages/airflow/example_dags/example_trigger_target_dag.py
[2026-08-30T23:21:46.428+0330] {logging_mixin.py:190} INFO - [2026-08-30T23:21:46.428+0330] {dag.py:3239} INFO - Sync 1 DAGs
[2026-08-30T23:21:46.448+0330] {logging_mixin.py:190} INFO - [2026-08-30T23:21:46.448+0330] {dag.py:4180} INFO - Setting next_dagrun for example_trigger_target_dag to None, run_after=None
[2026-08-30T23:21:46.478+0330] {processor.py:208} INFO - Processing /home/mmirnezamina/de_final_project/airflowenv/lib/python3.10/site-packages/airflow/example_dags/example_trigger_target_dag.py took 0.106 seconds
[2026-08-30T23:22:16.827+0330] {processor.py:186} INFO - Started process (PID=15217) to work on /home/mmirnezamina/de_final_project/airflowenv/lib/python3.10/site-packages/airflow/example_dags/example_trigger_target_dag.py
[2026-08-30T23:22:16.829+0330] {processor.py:914} INFO - Processing file /home/mmirnezamina/de_final_project/airflowenv/lib/python3.10/site-packages/airflow/example_dags/example_trigger_target_dag.py for tasks to queue
[2026-08-30T23:22:16.831+0330] {logging_mixin.py:190} INFO - [2026-08-30T23:22:16.830+0330] {dagbag.py:588} INFO - Filling up the DagBag from /home/mmirnezamina/de_final_project/airflowenv/lib/python3.10/site-packages/airflow/example_dags/example_trigger_target_dag.py
[2026-08-30T23:22:16.844+0330] {processor.py:925} INFO - DAG(s) 'example_trigger_target_dag' retrieved from /home/mmirnezamina/de_final_project/airflowenv/lib/python3.10/site-packages/airflow/example_dags/example_trigger_target_dag.py
[2026-08-30T23:22:16.896+0330] {logging_mixin.py:190} INFO - [2026-08-30T23:22:16.895+0330] {dag.py:3239} INFO - Sync 1 DAGs
[2026-08-30T23:22:16.922+0330] {logging_mixin.py:190} INFO - [2026-08-30T23:22:16.922+0330] {dag.py:4180} INFO - Setting next_dagrun for example_trigger_target_dag to None, run_after=None
[2026-08-30T23:22:16.965+0330] {processor.py:208} INFO - Processing /home/mmirnezamina/de_final_project/airflowenv/lib/python3.10/site-packages/airflow/example_dags/example_trigger_target_dag.py took 0.154 seconds
[2026-08-30T23:22:47.769+0330] {processor.py:186} INFO - Started process (PID=15334) to work on /home/mmirnezamina/de_final_project/airflowenv/lib/python3.10/site-packages/airflow/example_dags/example_trigger_target_dag.py
[2026-08-30T23:22:47.771+0330] {processor.py:914} INFO - Processing file /home/mmirnezamina/de_final_project/airflowenv/lib/python3.10/site-packages/airflow/example_dags/example_trigger_target_dag.py for tasks to queue
[2026-08-30T23:22:47.774+0330] {logging_mixin.py:190} INFO - [2026-08-30T23:22:47.773+0330] {dagbag.py:588} INFO - Filling up the DagBag from /home/mmirnezamina/de_final_project/airflowenv/lib/python3.10/site-packages/airflow/example_dags/example_trigger_target_dag.py
[2026-08-30T23:22:47.798+0330] {processor.py:925} INFO - DAG(s) 'example_trigger_target_dag' retrieved from /home/mmirnezamina/de_final_project/airflowenv/lib/python3.10/site-packages/airflow/example_dags/example_trigger_target_dag.py
[2026-08-30T23:22:47.884+0330] {logging_mixin.py:190} INFO - [2026-08-30T23:22:47.883+0330] {dag.py:3239} INFO - Sync 1 DAGs
[2026-08-30T23:22:47.932+0330] {logging_mixin.py:190} INFO - [2026-08-30T23:22:47.931+0330] {dag.py:4180} INFO - Setting next_dagrun for example_trigger_target_dag to None, run_after=None
[2026-08-30T23:22:47.986+0330] {processor.py:208} INFO - Processing /home/mmirnezamina/de_final_project/airflowenv/lib/python3.10/site-packages/airflow/example_dags/example_trigger_target_dag.py took 0.241 seconds
[2026-08-30T23:23:19.400+0330] {processor.py:186} INFO - Started process (PID=15454) to work on /home/mmirnezamina/de_final_project/airflowenv/lib/python3.10/site-packages/airflow/example_dags/example_trigger_target_dag.py
[2026-08-30T23:23:19.408+0330] {processor.py:914} INFO - Processing file /home/mmirnezamina/de_final_project/airflowenv/lib/python3.10/site-packages/airflow/example_dags/example_trigger_target_dag.py for tasks to queue
[2026-08-30T23:23:19.412+0330] {logging_mixin.py:190} INFO - [2026-08-30T23:23:19.410+0330] {dagbag.py:588} INFO - Filling up the DagBag from /home/mmirnezamina/de_final_project/airflowenv/lib/python3.10/site-packages/airflow/example_dags/example_trigger_target_dag.py
[2026-08-30T23:23:19.434+0330] {processor.py:925} INFO - DAG(s) 'example_trigger_target_dag' retrieved from /home/mmirnezamina/de_final_project/airflowenv/lib/python3.10/site-packages/airflow/example_dags/example_trigger_target_dag.py
[2026-08-30T23:23:19.507+0330] {logging_mixin.py:190} INFO - [2026-08-30T23:23:19.506+0330] {dag.py:3239} INFO - Sync 1 DAGs
[2026-08-30T23:23:19.558+0330] {logging_mixin.py:190} INFO - [2026-08-30T23:23:19.558+0330] {dag.py:4180} INFO - Setting next_dagrun for example_trigger_target_dag to None, run_after=None
[2026-08-30T23:23:19.630+0330] {processor.py:208} INFO - Processing /home/mmirnezamina/de_final_project/airflowenv/lib/python3.10/site-packages/airflow/example_dags/example_trigger_target_dag.py took 0.257 seconds
[2026-08-30T23:23:49.751+0330] {processor.py:186} INFO - Started process (PID=15571) to work on /home/mmirnezamina/de_final_project/airflowenv/lib/python3.10/site-packages/airflow/example_dags/example_trigger_target_dag.py
[2026-08-30T23:23:49.752+0330] {processor.py:914} INFO - Processing file /home/mmirnezamina/de_final_project/airflowenv/lib/python3.10/site-packages/airflow/example_dags/example_trigger_target_dag.py for tasks to queue
[2026-08-30T23:23:49.754+0330] {logging_mixin.py:190} INFO - [2026-08-30T23:23:49.753+0330] {dagbag.py:588} INFO - Filling up the DagBag from /home/mmirnezamina/de_final_project/airflowenv/lib/python3.10/site-packages/airflow/example_dags/example_trigger_target_dag.py
[2026-08-30T23:23:49.765+0330] {processor.py:925} INFO - DAG(s) 'example_trigger_target_dag' retrieved from /home/mmirnezamina/de_final_project/airflowenv/lib/python3.10/site-packages/airflow/example_dags/example_trigger_target_dag.py
[2026-08-30T23:23:49.802+0330] {logging_mixin.py:190} INFO - [2026-08-30T23:23:49.802+0330] {dag.py:3239} INFO - Sync 1 DAGs
[2026-08-30T23:23:49.823+0330] {logging_mixin.py:190} INFO - [2026-08-30T23:23:49.823+0330] {dag.py:4180} INFO - Setting next_dagrun for example_trigger_target_dag to None, run_after=None
[2026-08-30T23:23:49.852+0330] {processor.py:208} INFO - Processing /home/mmirnezamina/de_final_project/airflowenv/lib/python3.10/site-packages/airflow/example_dags/example_trigger_target_dag.py took 0.115 seconds
[2026-08-30T23:24:20.285+0330] {processor.py:186} INFO - Started process (PID=15691) to work on /home/mmirnezamina/de_final_project/airflowenv/lib/python3.10/site-packages/airflow/example_dags/example_trigger_target_dag.py
[2026-08-30T23:24:20.288+0330] {processor.py:914} INFO - Processing file /home/mmirnezamina/de_final_project/airflowenv/lib/python3.10/site-packages/airflow/example_dags/example_trigger_target_dag.py for tasks to queue
[2026-08-30T23:24:20.290+0330] {logging_mixin.py:190} INFO - [2026-08-30T23:24:20.290+0330] {dagbag.py:588} INFO - Filling up the DagBag from /home/mmirnezamina/de_final_project/airflowenv/lib/python3.10/site-packages/airflow/example_dags/example_trigger_target_dag.py
[2026-08-30T23:24:20.308+0330] {processor.py:925} INFO - DAG(s) 'example_trigger_target_dag' retrieved from /home/mmirnezamina/de_final_project/airflowenv/lib/python3.10/site-packages/airflow/example_dags/example_trigger_target_dag.py
[2026-08-30T23:24:20.368+0330] {logging_mixin.py:190} INFO - [2026-08-30T23:24:20.367+0330] {dag.py:3239} INFO - Sync 1 DAGs
[2026-08-30T23:24:20.408+0330] {logging_mixin.py:190} INFO - [2026-08-30T23:24:20.407+0330] {dag.py:4180} INFO - Setting next_dagrun for example_trigger_target_dag to None, run_after=None
[2026-08-30T23:24:20.458+0330] {processor.py:208} INFO - Processing /home/mmirnezamina/de_final_project/airflowenv/lib/python3.10/site-packages/airflow/example_dags/example_trigger_target_dag.py took 0.193 seconds
[2026-08-30T23:24:51.572+0330] {processor.py:186} INFO - Started process (PID=15808) to work on /home/mmirnezamina/de_final_project/airflowenv/lib/python3.10/site-packages/airflow/example_dags/example_trigger_target_dag.py
[2026-08-30T23:24:51.574+0330] {processor.py:914} INFO - Processing file /home/mmirnezamina/de_final_project/airflowenv/lib/python3.10/site-packages/airflow/example_dags/example_trigger_target_dag.py for tasks to queue
[2026-08-30T23:24:51.577+0330] {logging_mixin.py:190} INFO - [2026-08-30T23:24:51.576+0330] {dagbag.py:588} INFO - Filling up the DagBag from /home/mmirnezamina/de_final_project/airflowenv/lib/python3.10/site-packages/airflow/example_dags/example_trigger_target_dag.py
[2026-08-30T23:24:51.601+0330] {processor.py:925} INFO - DAG(s) 'example_trigger_target_dag' retrieved from /home/mmirnezamina/de_final_project/airflowenv/lib/python3.10/site-packages/airflow/example_dags/example_trigger_target_dag.py
[2026-08-30T23:24:51.664+0330] {logging_mixin.py:190} INFO - [2026-08-30T23:24:51.664+0330] {dag.py:3239} INFO - Sync 1 DAGs
[2026-08-30T23:24:51.703+0330] {logging_mixin.py:190} INFO - [2026-08-30T23:24:51.702+0330] {dag.py:4180} INFO - Setting next_dagrun for example_trigger_target_dag to None, run_after=None
[2026-08-30T23:24:51.763+0330] {processor.py:208} INFO - Processing /home/mmirnezamina/de_final_project/airflowenv/lib/python3.10/site-packages/airflow/example_dags/example_trigger_target_dag.py took 0.213 seconds
[2026-08-30T23:25:22.754+0330] {processor.py:186} INFO - Started process (PID=15957) to work on /home/mmirnezamina/de_final_project/airflowenv/lib/python3.10/site-packages/airflow/example_dags/example_trigger_target_dag.py
[2026-08-30T23:25:22.758+0330] {processor.py:914} INFO - Processing file /home/mmirnezamina/de_final_project/airflowenv/lib/python3.10/site-packages/airflow/example_dags/example_trigger_target_dag.py for tasks to queue
[2026-08-30T23:25:22.768+0330] {logging_mixin.py:190} INFO - [2026-08-30T23:25:22.766+0330] {dagbag.py:588} INFO - Filling up the DagBag from /home/mmirnezamina/de_final_project/airflowenv/lib/python3.10/site-packages/airflow/example_dags/example_trigger_target_dag.py
[2026-08-30T23:25:22.809+0330] {processor.py:925} INFO - DAG(s) 'example_trigger_target_dag' retrieved from /home/mmirnezamina/de_final_project/airflowenv/lib/python3.10/site-packages/airflow/example_dags/example_trigger_target_dag.py
[2026-08-30T23:25:22.972+0330] {logging_mixin.py:190} INFO - [2026-08-30T23:25:22.971+0330] {dag.py:3239} INFO - Sync 1 DAGs
[2026-08-30T23:25:23.040+0330] {logging_mixin.py:190} INFO - [2026-08-30T23:25:23.038+0330] {dag.py:4180} INFO - Setting next_dagrun for example_trigger_target_dag to None, run_after=None
[2026-08-30T23:25:23.126+0330] {processor.py:208} INFO - Processing /home/mmirnezamina/de_final_project/airflowenv/lib/python3.10/site-packages/airflow/example_dags/example_trigger_target_dag.py took 0.411 seconds
[2026-08-30T23:25:53.360+0330] {processor.py:186} INFO - Started process (PID=16088) to work on /home/mmirnezamina/de_final_project/airflowenv/lib/python3.10/site-packages/airflow/example_dags/example_trigger_target_dag.py
[2026-08-30T23:25:53.361+0330] {processor.py:914} INFO - Processing file /home/mmirnezamina/de_final_project/airflowenv/lib/python3.10/site-packages/airflow/example_dags/example_trigger_target_dag.py for tasks to queue
[2026-08-30T23:25:53.363+0330] {logging_mixin.py:190} INFO - [2026-08-30T23:25:53.362+0330] {dagbag.py:588} INFO - Filling up the DagBag from /home/mmirnezamina/de_final_project/airflowenv/lib/python3.10/site-packages/airflow/example_dags/example_trigger_target_dag.py
[2026-08-30T23:25:53.372+0330] {processor.py:925} INFO - DAG(s) 'example_trigger_target_dag' retrieved from /home/mmirnezamina/de_final_project/airflowenv/lib/python3.10/site-packages/airflow/example_dags/example_trigger_target_dag.py
[2026-08-30T23:25:53.401+0330] {logging_mixin.py:190} INFO - [2026-08-30T23:25:53.400+0330] {dag.py:3239} INFO - Sync 1 DAGs
[2026-08-30T23:25:53.416+0330] {logging_mixin.py:190} INFO - [2026-08-30T23:25:53.416+0330] {dag.py:4180} INFO - Setting next_dagrun for example_trigger_target_dag to None, run_after=None
[2026-08-30T23:25:53.441+0330] {processor.py:208} INFO - Processing /home/mmirnezamina/de_final_project/airflowenv/lib/python3.10/site-packages/airflow/example_dags/example_trigger_target_dag.py took 0.093 seconds
[2026-08-30T23:26:23.949+0330] {processor.py:186} INFO - Started process (PID=16208) to work on /home/mmirnezamina/de_final_project/airflowenv/lib/python3.10/site-packages/airflow/example_dags/example_trigger_target_dag.py
[2026-08-30T23:26:23.953+0330] {processor.py:914} INFO - Processing file /home/mmirnezamina/de_final_project/airflowenv/lib/python3.10/site-packages/airflow/example_dags/example_trigger_target_dag.py for tasks to queue
[2026-08-30T23:26:23.956+0330] {logging_mixin.py:190} INFO - [2026-08-30T23:26:23.956+0330] {dagbag.py:588} INFO - Filling up the DagBag from /home/mmirnezamina/de_final_project/airflowenv/lib/python3.10/site-packages/airflow/example_dags/example_trigger_target_dag.py
[2026-08-30T23:26:23.983+0330] {processor.py:925} INFO - DAG(s) 'example_trigger_target_dag' retrieved from /home/mmirnezamina/de_final_project/airflowenv/lib/python3.10/site-packages/airflow/example_dags/example_trigger_target_dag.py
[2026-08-30T23:26:24.075+0330] {logging_mixin.py:190} INFO - [2026-08-30T23:26:24.074+0330] {dag.py:3239} INFO - Sync 1 DAGs
[2026-08-30T23:26:24.134+0330] {logging_mixin.py:190} INFO - [2026-08-30T23:26:24.133+0330] {dag.py:4180} INFO - Setting next_dagrun for example_trigger_target_dag to None, run_after=None
[2026-08-30T23:26:24.215+0330] {processor.py:208} INFO - Processing /home/mmirnezamina/de_final_project/airflowenv/lib/python3.10/site-packages/airflow/example_dags/example_trigger_target_dag.py took 0.295 seconds
[2026-08-30T23:26:54.404+0330] {processor.py:186} INFO - Started process (PID=16324) to work on /home/mmirnezamina/de_final_project/airflowenv/lib/python3.10/site-packages/airflow/example_dags/example_trigger_target_dag.py
[2026-08-30T23:26:54.406+0330] {processor.py:914} INFO - Processing file /home/mmirnezamina/de_final_project/airflowenv/lib/python3.10/site-packages/airflow/example_dags/example_trigger_target_dag.py for tasks to queue
[2026-08-30T23:26:54.408+0330] {logging_mixin.py:190} INFO - [2026-08-30T23:26:54.408+0330] {dagbag.py:588} INFO - Filling up the DagBag from /home/mmirnezamina/de_final_project/airflowenv/lib/python3.10/site-packages/airflow/example_dags/example_trigger_target_dag.py
[2026-08-30T23:26:54.428+0330] {processor.py:925} INFO - DAG(s) 'example_trigger_target_dag' retrieved from /home/mmirnezamina/de_final_project/airflowenv/lib/python3.10/site-packages/airflow/example_dags/example_trigger_target_dag.py
[2026-08-30T23:26:54.506+0330] {logging_mixin.py:190} INFO - [2026-08-30T23:26:54.506+0330] {dag.py:3239} INFO - Sync 1 DAGs
[2026-08-30T23:26:54.559+0330] {logging_mixin.py:190} INFO - [2026-08-30T23:26:54.558+0330] {dag.py:4180} INFO - Setting next_dagrun for example_trigger_target_dag to None, run_after=None
[2026-08-30T23:26:54.613+0330] {processor.py:208} INFO - Processing /home/mmirnezamina/de_final_project/airflowenv/lib/python3.10/site-packages/airflow/example_dags/example_trigger_target_dag.py took 0.232 seconds
[2026-08-30T23:27:48.560+0330] {processor.py:186} INFO - Started process (PID=16460) to work on /home/mmirnezamina/de_final_project/airflowenv/lib/python3.10/site-packages/airflow/example_dags/example_trigger_target_dag.py
[2026-08-30T23:27:48.562+0330] {processor.py:914} INFO - Processing file /home/mmirnezamina/de_final_project/airflowenv/lib/python3.10/site-packages/airflow/example_dags/example_trigger_target_dag.py for tasks to queue
[2026-08-30T23:27:48.563+0330] {logging_mixin.py:190} INFO - [2026-08-30T23:27:48.563+0330] {dagbag.py:588} INFO - Filling up the DagBag from /home/mmirnezamina/de_final_project/airflowenv/lib/python3.10/site-packages/airflow/example_dags/example_trigger_target_dag.py
[2026-08-30T23:27:48.572+0330] {processor.py:925} INFO - DAG(s) 'example_trigger_target_dag' retrieved from /home/mmirnezamina/de_final_project/airflowenv/lib/python3.10/site-packages/airflow/example_dags/example_trigger_target_dag.py
[2026-08-30T23:27:48.679+0330] {logging_mixin.py:190} INFO - [2026-08-30T23:27:48.678+0330] {override.py:1930} INFO - Created Permission View: can delete on DAG:example_trigger_target_dag
[2026-08-30T23:27:48.699+0330] {logging_mixin.py:190} INFO - [2026-08-30T23:27:48.698+0330] {override.py:1930} INFO - Created Permission View: can read on DAG:example_trigger_target_dag
[2026-08-30T23:27:48.716+0330] {logging_mixin.py:190} INFO - [2026-08-30T23:27:48.715+0330] {override.py:1930} INFO - Created Permission View: can edit on DAG:example_trigger_target_dag
[2026-08-30T23:27:48.746+0330] {logging_mixin.py:190} INFO - [2026-08-30T23:27:48.746+0330] {override.py:1930} INFO - Created Permission View: can create on DAG Run:example_trigger_target_dag
[2026-08-30T23:27:48.763+0330] {logging_mixin.py:190} INFO - [2026-08-30T23:27:48.763+0330] {override.py:1930} INFO - Created Permission View: can delete on DAG Run:example_trigger_target_dag
[2026-08-30T23:27:48.780+0330] {logging_mixin.py:190} INFO - [2026-08-30T23:27:48.780+0330] {override.py:1930} INFO - Created Permission View: can read on DAG Run:example_trigger_target_dag
[2026-08-30T23:27:48.797+0330] {logging_mixin.py:190} INFO - [2026-08-30T23:27:48.796+0330] {override.py:1930} INFO - Created Permission View: menu access on DAG Run:example_trigger_target_dag
[2026-08-30T23:27:48.797+0330] {logging_mixin.py:190} INFO - [2026-08-30T23:27:48.797+0330] {dag.py:3239} INFO - Sync 1 DAGs
[2026-08-30T23:27:48.811+0330] {logging_mixin.py:190} INFO - [2026-08-30T23:27:48.811+0330] {dag.py:3262} INFO - Creating ORM DAG for example_trigger_target_dag
[2026-08-30T23:27:48.812+0330] {logging_mixin.py:190} INFO - [2026-08-30T23:27:48.812+0330] {dag.py:4180} INFO - Setting next_dagrun for example_trigger_target_dag to None, run_after=None
[2026-08-30T23:27:48.837+0330] {processor.py:208} INFO - Processing /home/mmirnezamina/de_final_project/airflowenv/lib/python3.10/site-packages/airflow/example_dags/example_trigger_target_dag.py took 0.286 seconds
