[2026-08-30T23:13:43.091+0330] {processor.py:186} INFO - Started process (PID=13154) to work on /home/mmirnezamina/de_final_project/airflowenv/lib/python3.10/site-packages/airflow/example_dags/example_setup_teardown.py
[2026-08-30T23:13:43.093+0330] {processor.py:914} INFO - Processing file /home/mmirnezamina/de_final_project/airflowenv/lib/python3.10/site-packages/airflow/example_dags/example_setup_teardown.py for tasks to queue
[2026-08-30T23:13:43.095+0330] {logging_mixin.py:190} INFO - [2026-08-30T23:13:43.095+0330] {dagbag.py:588} INFO - Filling up the DagBag from /home/mmirnezamina/de_final_project/airflowenv/lib/python3.10/site-packages/airflow/example_dags/example_setup_teardown.py
[2026-08-30T23:13:43.115+0330] {processor.py:925} INFO - DAG(s) 'example_setup_teardown' retrieved from /home/mmirnezamina/de_final_project/airflowenv/lib/python3.10/site-packages/airflow/example_dags/example_setup_teardown.py
[2026-08-30T23:13:43.438+0330] {logging_mixin.py:190} INFO - [2026-08-30T23:13:43.435+0330] {override.py:1930} INFO - Created Permission View: can edit on DAG:example_setup_teardown
[2026-08-30T23:13:43.473+0330] {logging_mixin.py:190} INFO - [2026-08-30T23:13:43.472+0330] {override.py:1930} INFO - Created Permission View: can read on DAG:example_setup_teardown
[2026-08-30T23:13:43.498+0330] {logging_mixin.py:190} INFO - [2026-08-30T23:13:43.497+0330] {override.py:1930} INFO - Created Permission View: can delete on DAG:example_setup_teardown
[2026-08-30T23:13:43.522+0330] {logging_mixin.py:190} INFO - [2026-08-30T23:13:43.522+0330] {override.py:1930} INFO - Created Permission View: menu access on DAG Run:example_setup_teardown
[2026-08-30T23:13:43.544+0330] {logging_mixin.py:190} INFO - [2026-08-30T23:13:43.543+0330] {override.py:1930} INFO - Created Permission View: can create on DAG Run:example_setup_teardown
[2026-08-30T23:13:43.564+0330] {logging_mixin.py:190} INFO - [2026-08-30T23:13:43.563+0330] {override.py:1930} INFO - Created Permission View: can read on DAG Run:example_setup_teardown
[2026-08-30T23:13:43.584+0330] {logging_mixin.py:190} INFO - [2026-08-30T23:13:43.583+0330] {override.py:1930} INFO - Created Permission View: can delete on DAG Run:example_setup_teardown
[2026-08-30T23:13:43.585+0330] {logging_mixin.py:190} INFO - [2026-08-30T23:13:43.584+0330] {dag.py:3239} INFO - Sync 1 DAGs
[2026-08-30T23:13:43.615+0330] {logging_mixin.py:190} INFO - [2026-08-30T23:13:43.614+0330] {dag.py:3262} INFO - Creating ORM DAG for example_setup_teardown
[2026-08-30T23:13:43.616+0330] {logging_mixin.py:190} INFO - [2026-08-30T23:13:43.616+0330] {dag.py:4180} INFO - Setting next_dagrun for example_setup_teardown to None, run_after=None
[2026-08-30T23:13:43.664+0330] {processor.py:208} INFO - Processing /home/mmirnezamina/de_final_project/airflowenv/lib/python3.10/site-packages/airflow/example_dags/example_setup_teardown.py took 0.597 seconds
[2026-08-30T23:14:14.305+0330] {processor.py:186} INFO - Started process (PID=13280) to work on /home/mmirnezamina/de_final_project/airflowenv/lib/python3.10/site-packages/airflow/example_dags/example_setup_teardown.py
[2026-08-30T23:14:14.306+0330] {processor.py:914} INFO - Processing file /home/mmirnezamina/de_final_project/airflowenv/lib/python3.10/site-packages/airflow/example_dags/example_setup_teardown.py for tasks to queue
[2026-08-30T23:14:14.307+0330] {logging_mixin.py:190} INFO - [2026-08-30T23:14:14.307+0330] {dagbag.py:588} INFO - Filling up the DagBag from /home/mmirnezamina/de_final_project/airflowenv/lib/python3.10/site-packages/airflow/example_dags/example_setup_teardown.py
[2026-08-30T23:14:14.340+0330] {processor.py:925} INFO - DAG(s) 'example_setup_teardown' retrieved from /home/mmirnezamina/de_final_project/airflowenv/lib/python3.10/site-packages/airflow/example_dags/example_setup_teardown.py
[2026-08-30T23:14:14.384+0330] {logging_mixin.py:190} INFO - [2026-08-30T23:14:14.384+0330] {dag.py:3239} INFO - Sync 1 DAGs
[2026-08-30T23:14:14.402+0330] {logging_mixin.py:190} INFO - [2026-08-30T23:14:14.401+0330] {dag.py:4180} INFO - Setting next_dagrun for example_setup_teardown to None, run_after=None
[2026-08-30T23:14:14.429+0330] {processor.py:208} INFO - Processing /home/mmirnezamina/de_final_project/airflowenv/lib/python3.10/site-packages/airflow/example_dags/example_setup_teardown.py took 0.135 seconds
[2026-08-30T23:14:44.651+0330] {processor.py:186} INFO - Started process (PID=13399) to work on /home/mmirnezamina/de_final_project/airflowenv/lib/python3.10/site-packages/airflow/example_dags/example_setup_teardown.py
[2026-08-30T23:14:44.653+0330] {processor.py:914} INFO - Processing file /home/mmirnezamina/de_final_project/airflowenv/lib/python3.10/site-packages/airflow/example_dags/example_setup_teardown.py for tasks to queue
[2026-08-30T23:14:44.656+0330] {logging_mixin.py:190} INFO - [2026-08-30T23:14:44.655+0330] {dagbag.py:588} INFO - Filling up the DagBag from /home/mmirnezamina/de_final_project/airflowenv/lib/python3.10/site-packages/airflow/example_dags/example_setup_teardown.py
[2026-08-30T23:14:44.671+0330] {processor.py:925} INFO - DAG(s) 'example_setup_teardown' retrieved from /home/mmirnezamina/de_final_project/airflowenv/lib/python3.10/site-packages/airflow/example_dags/example_setup_teardown.py
[2026-08-30T23:14:44.718+0330] {logging_mixin.py:190} INFO - [2026-08-30T23:14:44.718+0330] {dag.py:3239} INFO - Sync 1 DAGs
[2026-08-30T23:14:44.748+0330] {logging_mixin.py:190} INFO - [2026-08-30T23:14:44.748+0330] {dag.py:4180} INFO - Setting next_dagrun for example_setup_teardown to None, run_after=None
[2026-08-30T23:14:44.790+0330] {processor.py:208} INFO - Processing /home/mmirnezamina/de_final_project/airflowenv/lib/python3.10/site-packages/airflow/example_dags/example_setup_teardown.py took 0.153 seconds
[2026-08-30T23:15:15.322+0330] {processor.py:186} INFO - Started process (PID=13518) to work on /home/mmirnezamina/de_final_project/airflowenv/lib/python3.10/site-packages/airflow/example_dags/example_setup_teardown.py
[2026-08-30T23:15:15.336+0330] {processor.py:914} INFO - Processing file /home/mmirnezamina/de_final_project/airflowenv/lib/python3.10/site-packages/airflow/example_dags/example_setup_teardown.py for tasks to queue
[2026-08-30T23:15:15.351+0330] {logging_mixin.py:190} INFO - [2026-08-30T23:15:15.340+0330] {dagbag.py:588} INFO - Filling up the DagBag from /home/mmirnezamina/de_final_project/airflowenv/lib/python3.10/site-packages/airflow/example_dags/example_setup_teardown.py
[2026-08-30T23:15:15.466+0330] {processor.py:925} INFO - DAG(s) 'example_setup_teardown' retrieved from /home/mmirnezamina/de_final_project/airflowenv/lib/python3.10/site-packages/airflow/example_dags/example_setup_teardown.py
[2026-08-30T23:15:15.683+0330] {logging_mixin.py:190} INFO - [2026-08-30T23:15:15.682+0330] {dag.py:3239} INFO - Sync 1 DAGs
[2026-08-30T23:15:15.824+0330] {logging_mixin.py:190} INFO - [2026-08-30T23:15:15.812+0330] {dag.py:4180} INFO - Setting next_dagrun for example_setup_teardown to None, run_after=None
[2026-08-30T23:15:16.013+0330] {processor.py:208} INFO - Processing /home/mmirnezamina/de_final_project/airflowenv/lib/python3.10/site-packages/airflow/example_dags/example_setup_teardown.py took 0.800 seconds
[2026-08-30T23:15:46.138+0330] {processor.py:186} INFO - Started process (PID=13638) to work on /home/mmirnezamina/de_final_project/airflowenv/lib/python3.10/site-packages/airflow/example_dags/example_setup_teardown.py
[2026-08-30T23:15:46.139+0330] {processor.py:914} INFO - Processing file /home/mmirnezamina/de_final_project/airflowenv/lib/python3.10/site-packages/airflow/example_dags/example_setup_teardown.py for tasks to queue
[2026-08-30T23:15:46.140+0330] {logging_mixin.py:190} INFO - [2026-08-30T23:15:46.140+0330] {dagbag.py:588} INFO - Filling up the DagBag from /home/mmirnezamina/de_final_project/airflowenv/lib/python3.10/site-packages/airflow/example_dags/example_setup_teardown.py
[2026-08-30T23:15:46.148+0330] {processor.py:925} INFO - DAG(s) 'example_setup_teardown' retrieved from /home/mmirnezamina/de_final_project/airflowenv/lib/python3.10/site-packages/airflow/example_dags/example_setup_teardown.py
[2026-08-30T23:15:46.174+0330] {logging_mixin.py:190} INFO - [2026-08-30T23:15:46.174+0330] {dag.py:3239} INFO - Sync 1 DAGs
[2026-08-30T23:15:46.188+0330] {logging_mixin.py:190} INFO - [2026-08-30T23:15:46.187+0330] {dag.py:4180} INFO - Setting next_dagrun for example_setup_teardown to None, run_after=None
[2026-08-30T23:15:46.209+0330] {processor.py:208} INFO - Processing /home/mmirnezamina/de_final_project/airflowenv/lib/python3.10/site-packages/airflow/example_dags/example_setup_teardown.py took 0.080 seconds
[2026-08-30T23:16:16.333+0330] {processor.py:186} INFO - Started process (PID=13757) to work on /home/mmirnezamina/de_final_project/airflowenv/lib/python3.10/site-packages/airflow/example_dags/example_setup_teardown.py
[2026-08-30T23:16:16.337+0330] {processor.py:914} INFO - Processing file /home/mmirnezamina/de_final_project/airflowenv/lib/python3.10/site-packages/airflow/example_dags/example_setup_teardown.py for tasks to queue
[2026-08-30T23:16:16.340+0330] {logging_mixin.py:190} INFO - [2026-08-30T23:16:16.339+0330] {dagbag.py:588} INFO - Filling up the DagBag from /home/mmirnezamina/de_final_project/airflowenv/lib/python3.10/site-packages/airflow/example_dags/example_setup_teardown.py
[2026-08-30T23:16:16.362+0330] {processor.py:925} INFO - DAG(s) 'example_setup_teardown' retrieved from /home/mmirnezamina/de_final_project/airflowenv/lib/python3.10/site-packages/airflow/example_dags/example_setup_teardown.py
[2026-08-30T23:16:16.428+0330] {logging_mixin.py:190} INFO - [2026-08-30T23:16:16.428+0330] {dag.py:3239} INFO - Sync 1 DAGs
[2026-08-30T23:16:16.461+0330] {logging_mixin.py:190} INFO - [2026-08-30T23:16:16.461+0330] {dag.py:4180} INFO - Setting next_dagrun for example_setup_teardown to None, run_after=None
[2026-08-30T23:16:16.505+0330] {processor.py:208} INFO - Processing /home/mmirnezamina/de_final_project/airflowenv/lib/python3.10/site-packages/airflow/example_dags/example_setup_teardown.py took 0.195 seconds
[2026-08-30T23:16:46.615+0330] {processor.py:186} INFO - Started process (PID=13887) to work on /home/mmirnezamina/de_final_project/airflowenv/lib/python3.10/site-packages/airflow/example_dags/example_setup_teardown.py
[2026-08-30T23:16:46.617+0330] {processor.py:914} INFO - Processing file /home/mmirnezamina/de_final_project/airflowenv/lib/python3.10/site-packages/airflow/example_dags/example_setup_teardown.py for tasks to queue
[2026-08-30T23:16:46.620+0330] {logging_mixin.py:190} INFO - [2026-08-30T23:16:46.619+0330] {dagbag.py:588} INFO - Filling up the DagBag from /home/mmirnezamina/de_final_project/airflowenv/lib/python3.10/site-packages/airflow/example_dags/example_setup_teardown.py
[2026-08-30T23:16:46.638+0330] {processor.py:925} INFO - DAG(s) 'example_setup_teardown' retrieved from /home/mmirnezamina/de_final_project/airflowenv/lib/python3.10/site-packages/airflow/example_dags/example_setup_teardown.py
[2026-08-30T23:16:46.698+0330] {logging_mixin.py:190} INFO - [2026-08-30T23:16:46.697+0330] {dag.py:3239} INFO - Sync 1 DAGs
[2026-08-30T23:16:46.728+0330] {logging_mixin.py:190} INFO - [2026-08-30T23:16:46.728+0330] {dag.py:4180} INFO - Setting next_dagrun for example_setup_teardown to None, run_after=None
[2026-08-30T23:16:46.777+0330] {processor.py:208} INFO - Processing /home/mmirnezamina/de_final_project/airflowenv/lib/python3.10/site-packages/airflow/example_dags/example_setup_teardown.py took 0.182 seconds
[2026-08-30T23:17:16.987+0330] {processor.py:186} INFO - Started process (PID=14044) to work on /home/mmirnezamina/de_final_project/airflowenv/lib/python3.10/site-packages/airflow/example_dags/example_setup_teardown.py
[2026-08-30T23:17:16.990+0330] {processor.py:914} INFO - Processing file /home/mmirnezamina/de_final_project/airflowenv/lib/python3.10/site-packages/airflow/example_dags/example_setup_teardown.py for tasks to queue
[2026-08-30T23:17:17.003+0330] {logging_mixin.py:190} INFO - [2026-08-30T23:17:17.001+0330] {dagbag.py:588} INFO - Filling up the DagBag from /home/mmirnezamina/de_final_project/airflowenv/lib/python3.10/site-packages/airflow/example_dags/example_setup_teardown.py
[2026-08-30T23:17:17.044+0330] {processor.py:925} INFO - DAG(s) 'example_setup_teardown' retrieved from /home/mmirnezamina/de_final_project/airflowenv/lib/python3.10/site-packages/airflow/example_dags/example_setup_teardown.py
[2026-08-30T23:17:17.262+0330] {logging_mixin.py:190} INFO - [2026-08-30T23:17:17.261+0330] {dag.py:3239} INFO - Sync 1 DAGs
[2026-08-30T23:17:17.354+0330] {logging_mixin.py:190} INFO - [2026-08-30T23:17:17.353+0330] {dag.py:4180} INFO - Setting next_dagrun for example_setup_teardown to None, run_after=None
[2026-08-30T23:17:17.446+0330] {processor.py:208} INFO - Processing /home/mmirnezamina/de_final_project/airflowenv/lib/python3.10/site-packages/airflow/example_dags/example_setup_teardown.py took 0.516 seconds
[2026-08-30T23:17:47.587+0330] {processor.py:186} INFO - Started process (PID=14167) to work on /home/mmirnezamina/de_final_project/airflowenv/lib/python3.10/site-packages/airflow/example_dags/example_setup_teardown.py
[2026-08-30T23:17:47.590+0330] {processor.py:914} INFO - Processing file /home/mmirnezamina/de_final_project/airflowenv/lib/python3.10/site-packages/airflow/example_dags/example_setup_teardown.py for tasks to queue
[2026-08-30T23:17:47.592+0330] {logging_mixin.py:190} INFO - [2026-08-30T23:17:47.592+0330] {dagbag.py:588} INFO - Filling up the DagBag from /home/mmirnezamina/de_final_project/airflowenv/lib/python3.10/site-packages/airflow/example_dags/example_setup_teardown.py
[2026-08-30T23:17:47.611+0330] {processor.py:925} INFO - DAG(s) 'example_setup_teardown' retrieved from /home/mmirnezamina/de_final_project/airflowenv/lib/python3.10/site-packages/airflow/example_dags/example_setup_teardown.py
[2026-08-30T23:17:47.658+0330] {logging_mixin.py:190} INFO - [2026-08-30T23:17:47.658+0330] {dag.py:3239} INFO - Sync 1 DAGs
[2026-08-30T23:17:47.763+0330] {logging_mixin.py:190} INFO - [2026-08-30T23:17:47.762+0330] {dag.py:4180} INFO - Setting next_dagrun for example_setup_teardown to None, run_after=None
[2026-08-30T23:17:47.816+0330] {processor.py:208} INFO - Processing /home/mmirnezamina/de_final_project/airflowenv/lib/python3.10/site-packages/airflow/example_dags/example_setup_teardown.py took 0.253 seconds
[2026-08-30T23:18:18.317+0330] {processor.py:186} INFO - Started process (PID=14287) to work on /home/mmirnezamina/de_final_project/airflowenv/lib/python3.10/site-packages/airflow/example_dags/example_setup_teardown.py
[2026-08-30T23:18:18.318+0330] {processor.py:914} INFO - Processing file /home/mmirnezamina/de_final_project/airflowenv/lib/python3.10/site-packages/airflow/example_dags/example_setup_teardown.py for tasks to queue
[2026-08-30T23:18:18.319+0330] {logging_mixin.py:190} INFO - [2026-08-30T23:18:18.319+0330] {dagbag.py:588} INFO - Filling up the DagBag from /home/mmirnezamina/de_final_project/airflowenv/lib/python3.10/site-packages/airflow/example_dags/example_setup_teardown.py
[2026-08-30T23:18:18.332+0330] {processor.py:925} INFO - DAG(s) 'example_setup_teardown' retrieved from /home/mmirnezamina/de_final_project/airflowenv/lib/python3.10/site-packages/airflow/example_dags/example_setup_teardown.py
[2026-08-30T23:18:18.379+0330] {logging_mixin.py:190} INFO - [2026-08-30T23:18:18.379+0330] {dag.py:3239} INFO - Sync 1 DAGs
[2026-08-30T23:18:18.407+0330] {logging_mixin.py:190} INFO - [2026-08-30T23:18:18.406+0330] {dag.py:4180} INFO - Setting next_dagrun for example_setup_teardown to None, run_after=None
[2026-08-30T23:18:18.441+0330] {processor.py:208} INFO - Processing /home/mmirnezamina/de_final_project/airflowenv/lib/python3.10/site-packages/airflow/example_dags/example_setup_teardown.py took 0.136 seconds
[2026-08-30T23:18:49.102+0330] {processor.py:186} INFO - Started process (PID=14404) to work on /home/mmirnezamina/de_final_project/airflowenv/lib/python3.10/site-packages/airflow/example_dags/example_setup_teardown.py
[2026-08-30T23:18:49.104+0330] {processor.py:914} INFO - Processing file /home/mmirnezamina/de_final_project/airflowenv/lib/python3.10/site-packages/airflow/example_dags/example_setup_teardown.py for tasks to queue
[2026-08-30T23:18:49.105+0330] {logging_mixin.py:190} INFO - [2026-08-30T23:18:49.105+0330] {dagbag.py:588} INFO - Filling up the DagBag from /home/mmirnezamina/de_final_project/airflowenv/lib/python3.10/site-packages/airflow/example_dags/example_setup_teardown.py
[2026-08-30T23:18:49.144+0330] {processor.py:925} INFO - DAG(s) 'example_setup_teardown' retrieved from /home/mmirnezamina/de_final_project/airflowenv/lib/python3.10/site-packages/airflow/example_dags/example_setup_teardown.py
[2026-08-30T23:18:49.202+0330] {logging_mixin.py:190} INFO - [2026-08-30T23:18:49.201+0330] {dag.py:3239} INFO - Sync 1 DAGs
[2026-08-30T23:18:49.231+0330] {logging_mixin.py:190} INFO - [2026-08-30T23:18:49.231+0330] {dag.py:4180} INFO - Setting next_dagrun for example_setup_teardown to None, run_after=None
[2026-08-30T23:18:49.255+0330] {processor.py:208} INFO - Processing /home/mmirnezamina/de_final_project/airflowenv/lib/python3.10/site-packages/airflow/example_dags/example_setup_teardown.py took 0.164 seconds
[2026-08-30T23:19:19.480+0330] {processor.py:186} INFO - Started process (PID=14524) to work on /home/mmirnezamina/de_final_project/airflowenv/lib/python3.10/site-packages/airflow/example_dags/example_setup_teardown.py
[2026-08-30T23:19:19.480+0330] {processor.py:914} INFO - Processing file /home/mmirnezamina/de_final_project/airflowenv/lib/python3.10/site-packages/airflow/example_dags/example_setup_teardown.py for tasks to queue
[2026-08-30T23:19:19.482+0330] {logging_mixin.py:190} INFO - [2026-08-30T23:19:19.481+0330] {dagbag.py:588} INFO - Filling up the DagBag from /home/mmirnezamina/de_final_project/airflowenv/lib/python3.10/site-packages/airflow/example_dags/example_setup_teardown.py
[2026-08-30T23:19:19.490+0330] {processor.py:925} INFO - DAG(s) 'example_setup_teardown' retrieved from /home/mmirnezamina/de_final_project/airflowenv/lib/python3.10/site-packages/airflow/example_dags/example_setup_teardown.py
[2026-08-30T23:19:19.520+0330] {logging_mixin.py:190} INFO - [2026-08-30T23:19:19.520+0330] {dag.py:3239} INFO - Sync 1 DAGs
[2026-08-30T23:19:19.538+0330] {logging_mixin.py:190} INFO - [2026-08-30T23:19:19.538+0330] {dag.py:4180} INFO - Setting next_dagrun for example_setup_teardown to None, run_after=None
[2026-08-30T23:19:19.570+0330] {processor.py:208} INFO - Processing /home/mmirnezamina/de_final_project/airflowenv/lib/python3.10/site-packages/airflow/example_dags/example_setup_teardown.py took 0.099 seconds
[2026-08-30T23:19:49.783+0330] {processor.py:186} INFO - Started process (PID=14641) to work on /home/mmirnezamina/de_final_project/airflowenv/lib/python3.10/site-packages/airflow/example_dags/example_setup_teardown.py
[2026-08-30T23:19:49.785+0330] {processor.py:914} INFO - Processing file /home/mmirnezamina/de_final_project/airflowenv/lib/python3.10/site-packages/airflow/example_dags/example_setup_teardown.py for tasks to queue
[2026-08-30T23:19:49.787+0330] {logging_mixin.py:190} INFO - [2026-08-30T23:19:49.787+0330] {dagbag.py:588} INFO - Filling up the DagBag from /home/mmirnezamina/de_final_project/airflowenv/lib/python3.10/site-packages/airflow/example_dags/example_setup_teardown.py
[2026-08-30T23:19:49.802+0330] {processor.py:925} INFO - DAG(s) 'example_setup_teardown' retrieved from /home/mmirnezamina/de_final_project/airflowenv/lib/python3.10/site-packages/airflow/example_dags/example_setup_teardown.py
[2026-08-30T23:19:49.860+0330] {logging_mixin.py:190} INFO - [2026-08-30T23:19:49.860+0330] {dag.py:3239} INFO - Sync 1 DAGs
[2026-08-30T23:19:49.910+0330] {logging_mixin.py:190} INFO - [2026-08-30T23:19:49.909+0330] {dag.py:4180} INFO - Setting next_dagrun for example_setup_teardown to None, run_after=None
[2026-08-30T23:19:49.971+0330] {processor.py:208} INFO - Processing /home/mmirnezamina/de_final_project/airflowenv/lib/python3.10/site-packages/airflow/example_dags/example_setup_teardown.py took 0.205 seconds
[2026-08-30T23:20:20.627+0330] {processor.py:186} INFO - Started process (PID=14765) to work on /home/mmirnezamina/de_final_project/airflowenv/lib/python3.10/site-packages/airflow/example_dags/example_setup_teardown.py
[2026-08-30T23:20:20.637+0330] {processor.py:914} INFO - Processing file /home/mmirnezamina/de_final_project/airflowenv/lib/python3.10/site-packages/airflow/example_dags/example_setup_teardown.py for tasks to queue
[2026-08-30T23:20:20.644+0330] {logging_mixin.py:190} INFO - [2026-08-30T23:20:20.643+0330] {dagbag.py:588} INFO - Filling up the DagBag from /home/mmirnezamina/de_final_project/airflowenv/lib/python3.10/site-packages/airflow/example_dags/example_setup_teardown.py
[2026-08-30T23:20:20.658+0330] {processor.py:925} INFO - DAG(s) 'example_setup_teardown' retrieved from /home/mmirnezamina/de_final_project/airflowenv/lib/python3.10/site-packages/airflow/example_dags/example_setup_teardown.py
[2026-08-30T23:20:20.692+0330] {logging_mixin.py:190} INFO - [2026-08-30T23:20:20.692+0330] {dag.py:3239} INFO - Sync 1 DAGs
[2026-08-30T23:20:20.709+0330] {logging_mixin.py:190} INFO - [2026-08-30T23:20:20.708+0330] {dag.py:4180} INFO - Setting next_dagrun for example_setup_teardown to None, run_after=None
[2026-08-30T23:20:20.743+0330] {processor.py:208} INFO - Processing /home/mmirnezamina/de_final_project/airflowenv/lib/python3.10/site-packages/airflow/example_dags/example_setup_teardown.py took 0.156 seconds
[2026-08-30T23:20:51.107+0330] {processor.py:186} INFO - Started process (PID=14882) to work on /home/mmirnezamina/de_final_project/airflowenv/lib/python3.10/site-packages/airflow/example_dags/example_setup_teardown.py
[2026-08-30T23:20:51.108+0330] {processor.py:914} INFO - Processing file /home/mmirnezamina/de_final_project/airflowenv/lib/python3.10/site-packages/airflow/example_dags/example_setup_teardown.py for tasks to queue
[2026-08-30T23:20:51.109+0330] {logging_mixin.py:190} INFO - [2026-08-30T23:20:51.108+0330] {dagbag.py:588} INFO - Filling up the DagBag from /home/mmirnezamina/de_final_project/airflowenv/lib/python3.10/site-packages/airflow/example_dags/example_setup_teardown.py
[2026-08-30T23:20:51.115+0330] {processor.py:925} INFO - DAG(s) 'example_setup_teardown' retrieved from /home/mmirnezamina/de_final_project/airflowenv/lib/python3.10/site-packages/airflow/example_dags/example_setup_teardown.py
[2026-08-30T23:20:51.138+0330] {logging_mixin.py:190} INFO - [2026-08-30T23:20:51.138+0330] {dag.py:3239} INFO - Sync 1 DAGs
[2026-08-30T23:20:51.150+0330] {logging_mixin.py:190} INFO - [2026-08-30T23:20:51.149+0330] {dag.py:4180} INFO - Setting next_dagrun for example_setup_teardown to None, run_after=None
[2026-08-30T23:20:51.169+0330] {processor.py:208} INFO - Processing /home/mmirnezamina/de_final_project/airflowenv/lib/python3.10/site-packages/airflow/example_dags/example_setup_teardown.py took 0.068 seconds
[2026-08-30T23:21:21.733+0330] {processor.py:186} INFO - Started process (PID=15002) to work on /home/mmirnezamina/de_final_project/airflowenv/lib/python3.10/site-packages/airflow/example_dags/example_setup_teardown.py
[2026-08-30T23:21:21.736+0330] {processor.py:914} INFO - Processing file /home/mmirnezamina/de_final_project/airflowenv/lib/python3.10/site-packages/airflow/example_dags/example_setup_teardown.py for tasks to queue
[2026-08-30T23:21:21.738+0330] {logging_mixin.py:190} INFO - [2026-08-30T23:21:21.737+0330] {dagbag.py:588} INFO - Filling up the DagBag from /home/mmirnezamina/de_final_project/airflowenv/lib/python3.10/site-packages/airflow/example_dags/example_setup_teardown.py
[2026-08-30T23:21:21.751+0330] {processor.py:925} INFO - DAG(s) 'example_setup_teardown' retrieved from /home/mmirnezamina/de_final_project/airflowenv/lib/python3.10/site-packages/airflow/example_dags/example_setup_teardown.py
[2026-08-30T23:21:21.813+0330] {logging_mixin.py:190} INFO - [2026-08-30T23:21:21.812+0330] {dag.py:3239} INFO - Sync 1 DAGs
[2026-08-30T23:21:21.854+0330] {logging_mixin.py:190} INFO - [2026-08-30T23:21:21.854+0330] {dag.py:4180} INFO - Setting next_dagrun for example_setup_teardown to None, run_after=None
[2026-08-30T23:21:21.912+0330] {processor.py:208} INFO - Processing /home/mmirnezamina/de_final_project/airflowenv/lib/python3.10/site-packages/airflow/example_dags/example_setup_teardown.py took 0.198 seconds
[2026-08-30T23:21:52.015+0330] {processor.py:186} INFO - Started process (PID=15119) to work on /home/mmirnezamina/de_final_project/airflowenv/lib/python3.10/site-packages/airflow/example_dags/example_setup_teardown.py
[2026-08-30T23:21:52.016+0330] {processor.py:914} INFO - Processing file /home/mmirnezamina/de_final_project/airflowenv/lib/python3.10/site-packages/airflow/example_dags/example_setup_teardown.py for tasks to queue
[2026-08-30T23:21:52.017+0330] {logging_mixin.py:190} INFO - [2026-08-30T23:21:52.017+0330] {dagbag.py:588} INFO - Filling up the DagBag from /home/mmirnezamina/de_final_project/airflowenv/lib/python3.10/site-packages/airflow/example_dags/example_setup_teardown.py
[2026-08-30T23:21:52.025+0330] {processor.py:925} INFO - DAG(s) 'example_setup_teardown' retrieved from /home/mmirnezamina/de_final_project/airflowenv/lib/python3.10/site-packages/airflow/example_dags/example_setup_teardown.py
[2026-08-30T23:21:52.053+0330] {logging_mixin.py:190} INFO - [2026-08-30T23:21:52.052+0330] {dag.py:3239} INFO - Sync 1 DAGs
[2026-08-30T23:21:52.067+0330] {logging_mixin.py:190} INFO - [2026-08-30T23:21:52.067+0330] {dag.py:4180} INFO - Setting next_dagrun for example_setup_teardown to None, run_after=None
[2026-08-30T23:21:52.091+0330] {processor.py:208} INFO - Processing /home/mmirnezamina/de_final_project/airflowenv/lib/python3.10/site-packages/airflow/example_dags/example_setup_teardown.py took 0.086 seconds
[2026-08-30T23:22:22.491+0330] {processor.py:186} INFO - Started process (PID=15240) to work on /home/mmirnezamina/de_final_project/airflowenv/lib/python3.10/site-packages/airflow/example_dags/example_setup_teardown.py
[2026-08-30T23:22:22.492+0330] {processor.py:914} INFO - Processing file /home/mmirnezamina/de_final_project/airflowenv/lib/python3.10/site-packages/airflow/example_dags/example_setup_teardown.py for tasks to queue
[2026-08-30T23:22:22.493+0330] {logging_mixin.py:190} INFO - [2026-08-30T23:22:22.493+0330] {dagbag.py:588} INFO - Filling up the DagBag from /home/mmirnezamina/de_final_project/airflowenv/lib/python3.10/site-packages/airflow/example_dags/example_setup_teardown.py
[2026-08-30T23:22:22.501+0330] {processor.py:925} INFO - DAG(s) 'example_setup_teardown' retrieved from /home/mmirnezamina/de_final_project/airflowenv/lib/python3.10/site-packages/airflow/example_dags/example_setup_teardown.py
[2026-08-30T23:22:22.530+0330] {logging_mixin.py:190} INFO - [2026-08-30T23:22:22.529+0330] {dag.py:3239} INFO - Sync 1 DAGs
[2026-08-30T23:22:22.546+0330] {logging_mixin.py:190} INFO - [2026-08-30T23:22:22.545+0330] {dag.py:4180} INFO - Setting next_dagrun for example_setup_teardown to None, run_after=None
[2026-08-30T23:22:22.570+0330] {processor.py:208} INFO - Processing /home/mmirnezamina/de_final_project/airflowenv/lib/python3.10/site-packages/airflow/example_dags/example_setup_teardown.py took 0.087 seconds
[2026-08-30T23:22:52.783+0330] {processor.py:186} INFO - Started process (PID=15357) to work on /home/mmirnezamina/de_final_project/airflowenv/lib/python3.10/site-packages/airflow/example_dags/example_setup_teardown.py
[2026-08-30T23:22:52.784+0330] {processor.py:914} INFO - Processing file /home/mmirnezamina/de_final_project/airflowenv/lib/python3.10/site-packages/airflow/example_dags/example_setup_teardown.py for tasks to queue
[2026-08-30T23:22:52.785+0330] {logging_mixin.py:190} INFO - [2026-08-30T23:22:52.785+0330] {dagbag.py:588} INFO - Filling up the DagBag from /home/mmirnezamina/de_final_project/airflowenv/lib/python3.10/site-packages/airflow/example_dags/example_setup_teardown.py
[2026-08-30T23:22:52.799+0330] {processor.py:925} INFO - DAG(s) 'example_setup_teardown' retrieved from /home/mmirnezamina/de_final_project/airflowenv/lib/python3.10/site-packages/airflow/example_dags/example_setup_teardown.py
[2026-08-30T23:22:52.839+0330] {logging_mixin.py:190} INFO - [2026-08-30T23:22:52.838+0330] {dag.py:3239} INFO - Sync 1 DAGs
[2026-08-30T23:22:52.867+0330] {logging_mixin.py:190} INFO - [2026-08-30T23:22:52.867+0330] {dag.py:4180} INFO - Setting next_dagrun for example_setup_teardown to None, run_after=None
[2026-08-30T23:22:52.901+0330] {processor.py:208} INFO - Processing /home/mmirnezamina/de_final_project/airflowenv/lib/python3.10/site-packages/airflow/example_dags/example_setup_teardown.py took 0.133 seconds
[2026-08-30T23:23:23.304+0330] {processor.py:186} INFO - Started process (PID=15477) to work on /home/mmirnezamina/de_final_project/airflowenv/lib/python3.10/site-packages/airflow/example_dags/example_setup_teardown.py
[2026-08-30T23:23:23.311+0330] {processor.py:914} INFO - Processing file /home/mmirnezamina/de_final_project/airflowenv/lib/python3.10/site-packages/airflow/example_dags/example_setup_teardown.py for tasks to queue
[2026-08-30T23:23:23.312+0330] {logging_mixin.py:190} INFO - [2026-08-30T23:23:23.312+0330] {dagbag.py:588} INFO - Filling up the DagBag from /home/mmirnezamina/de_final_project/airflowenv/lib/python3.10/site-packages/airflow/example_dags/example_setup_teardown.py
[2026-08-30T23:23:23.322+0330] {processor.py:925} INFO - DAG(s) 'example_setup_teardown' retrieved from /home/mmirnezamina/de_final_project/airflowenv/lib/python3.10/site-packages/airflow/example_dags/example_setup_teardown.py
[2026-08-30T23:23:23.358+0330] {logging_mixin.py:190} INFO - [2026-08-30T23:23:23.357+0330] {dag.py:3239} INFO - Sync 1 DAGs
[2026-08-30T23:23:23.382+0330] {logging_mixin.py:190} INFO - [2026-08-30T23:23:23.381+0330] {dag.py:4180} INFO - Setting next_dagrun for example_setup_teardown to None, run_after=None
[2026-08-30T23:23:23.423+0330] {processor.py:208} INFO - Processing /home/mmirnezamina/de_final_project/airflowenv/lib/python3.10/site-packages/airflow/example_dags/example_setup_teardown.py took 0.128 seconds
[2026-08-30T23:23:54.437+0330] {processor.py:186} INFO - Started process (PID=15596) to work on /home/mmirnezamina/de_final_project/airflowenv/lib/python3.10/site-packages/airflow/example_dags/example_setup_teardown.py
[2026-08-30T23:23:54.437+0330] {processor.py:914} INFO - Processing file /home/mmirnezamina/de_final_project/airflowenv/lib/python3.10/site-packages/airflow/example_dags/example_setup_teardown.py for tasks to queue
[2026-08-30T23:23:54.438+0330] {logging_mixin.py:190} INFO - [2026-08-30T23:23:54.438+0330] {dagbag.py:588} INFO - Filling up the DagBag from /home/mmirnezamina/de_final_project/airflowenv/lib/python3.10/site-packages/airflow/example_dags/example_setup_teardown.py
[2026-08-30T23:23:54.445+0330] {processor.py:925} INFO - DAG(s) 'example_setup_teardown' retrieved from /home/mmirnezamina/de_final_project/airflowenv/lib/python3.10/site-packages/airflow/example_dags/example_setup_teardown.py
[2026-08-30T23:23:54.480+0330] {logging_mixin.py:190} INFO - [2026-08-30T23:23:54.479+0330] {dag.py:3239} INFO - Sync 1 DAGs
[2026-08-30T23:23:54.493+0330] {logging_mixin.py:190} INFO - [2026-08-30T23:23:54.492+0330] {dag.py:4180} INFO - Setting next_dagrun for example_setup_teardown to None, run_after=None
[2026-08-30T23:23:54.513+0330] {processor.py:208} INFO - Processing /home/mmirnezamina/de_final_project/airflowenv/lib/python3.10/site-packages/airflow/example_dags/example_setup_teardown.py took 0.147 seconds
[2026-08-30T23:24:25.257+0330] {processor.py:186} INFO - Started process (PID=15714) to work on /home/mmirnezamina/de_final_project/airflowenv/lib/python3.10/site-packages/airflow/example_dags/example_setup_teardown.py
[2026-08-30T23:24:25.258+0330] {processor.py:914} INFO - Processing file /home/mmirnezamina/de_final_project/airflowenv/lib/python3.10/site-packages/airflow/example_dags/example_setup_teardown.py for tasks to queue
[2026-08-30T23:24:25.260+0330] {logging_mixin.py:190} INFO - [2026-08-30T23:24:25.259+0330] {dagbag.py:588} INFO - Filling up the DagBag from /home/mmirnezamina/de_final_project/airflowenv/lib/python3.10/site-packages/airflow/example_dags/example_setup_teardown.py
[2026-08-30T23:24:25.273+0330] {processor.py:925} INFO - DAG(s) 'example_setup_teardown' retrieved from /home/mmirnezamina/de_final_project/airflowenv/lib/python3.10/site-packages/airflow/example_dags/example_setup_teardown.py
[2026-08-30T23:24:25.324+0330] {logging_mixin.py:190} INFO - [2026-08-30T23:24:25.324+0330] {dag.py:3239} INFO - Sync 1 DAGs
[2026-08-30T23:24:25.352+0330] {logging_mixin.py:190} INFO - [2026-08-30T23:24:25.351+0330] {dag.py:4180} INFO - Setting next_dagrun for example_setup_teardown to None, run_after=None
[2026-08-30T23:24:25.387+0330] {processor.py:208} INFO - Processing /home/mmirnezamina/de_final_project/airflowenv/lib/python3.10/site-packages/airflow/example_dags/example_setup_teardown.py took 0.145 seconds
[2026-08-30T23:24:55.846+0330] {processor.py:186} INFO - Started process (PID=15840) to work on /home/mmirnezamina/de_final_project/airflowenv/lib/python3.10/site-packages/airflow/example_dags/example_setup_teardown.py
[2026-08-30T23:24:55.847+0330] {processor.py:914} INFO - Processing file /home/mmirnezamina/de_final_project/airflowenv/lib/python3.10/site-packages/airflow/example_dags/example_setup_teardown.py for tasks to queue
[2026-08-30T23:24:55.848+0330] {logging_mixin.py:190} INFO - [2026-08-30T23:24:55.848+0330] {dagbag.py:588} INFO - Filling up the DagBag from /home/mmirnezamina/de_final_project/airflowenv/lib/python3.10/site-packages/airflow/example_dags/example_setup_teardown.py
[2026-08-30T23:24:55.858+0330] {processor.py:925} INFO - DAG(s) 'example_setup_teardown' retrieved from /home/mmirnezamina/de_final_project/airflowenv/lib/python3.10/site-packages/airflow/example_dags/example_setup_teardown.py
[2026-08-30T23:24:55.905+0330] {logging_mixin.py:190} INFO - [2026-08-30T23:24:55.905+0330] {dag.py:3239} INFO - Sync 1 DAGs
[2026-08-30T23:24:55.928+0330] {logging_mixin.py:190} INFO - [2026-08-30T23:24:55.928+0330] {dag.py:4180} INFO - Setting next_dagrun for example_setup_teardown to None, run_after=None
[2026-08-30T23:24:55.957+0330] {processor.py:208} INFO - Processing /home/mmirnezamina/de_final_project/airflowenv/lib/python3.10/site-packages/airflow/example_dags/example_setup_teardown.py took 0.123 seconds
[2026-08-30T23:25:26.499+0330] {processor.py:186} INFO - Started process (PID=15991) to work on /home/mmirnezamina/de_final_project/airflowenv/lib/python3.10/site-packages/airflow/example_dags/example_setup_teardown.py
[2026-08-30T23:25:26.502+0330] {processor.py:914} INFO - Processing file /home/mmirnezamina/de_final_project/airflowenv/lib/python3.10/site-packages/airflow/example_dags/example_setup_teardown.py for tasks to queue
[2026-08-30T23:25:26.506+0330] {logging_mixin.py:190} INFO - [2026-08-30T23:25:26.505+0330] {dagbag.py:588} INFO - Filling up the DagBag from /home/mmirnezamina/de_final_project/airflowenv/lib/python3.10/site-packages/airflow/example_dags/example_setup_teardown.py
[2026-08-30T23:25:26.613+0330] {processor.py:925} INFO - DAG(s) 'example_setup_teardown' retrieved from /home/mmirnezamina/de_final_project/airflowenv/lib/python3.10/site-packages/airflow/example_dags/example_setup_teardown.py
[2026-08-30T23:25:26.711+0330] {logging_mixin.py:190} INFO - [2026-08-30T23:25:26.710+0330] {dag.py:3239} INFO - Sync 1 DAGs
[2026-08-30T23:25:26.801+0330] {logging_mixin.py:190} INFO - [2026-08-30T23:25:26.801+0330] {dag.py:4180} INFO - Setting next_dagrun for example_setup_teardown to None, run_after=None
[2026-08-30T23:25:26.879+0330] {processor.py:208} INFO - Processing /home/mmirnezamina/de_final_project/airflowenv/lib/python3.10/site-packages/airflow/example_dags/example_setup_teardown.py took 0.429 seconds
[2026-08-30T23:25:57.157+0330] {processor.py:186} INFO - Started process (PID=16116) to work on /home/mmirnezamina/de_final_project/airflowenv/lib/python3.10/site-packages/airflow/example_dags/example_setup_teardown.py
[2026-08-30T23:25:57.158+0330] {processor.py:914} INFO - Processing file /home/mmirnezamina/de_final_project/airflowenv/lib/python3.10/site-packages/airflow/example_dags/example_setup_teardown.py for tasks to queue
[2026-08-30T23:25:57.159+0330] {logging_mixin.py:190} INFO - [2026-08-30T23:25:57.159+0330] {dagbag.py:588} INFO - Filling up the DagBag from /home/mmirnezamina/de_final_project/airflowenv/lib/python3.10/site-packages/airflow/example_dags/example_setup_teardown.py
[2026-08-30T23:25:57.168+0330] {processor.py:925} INFO - DAG(s) 'example_setup_teardown' retrieved from /home/mmirnezamina/de_final_project/airflowenv/lib/python3.10/site-packages/airflow/example_dags/example_setup_teardown.py
[2026-08-30T23:25:57.202+0330] {logging_mixin.py:190} INFO - [2026-08-30T23:25:57.202+0330] {dag.py:3239} INFO - Sync 1 DAGs
[2026-08-30T23:25:57.225+0330] {logging_mixin.py:190} INFO - [2026-08-30T23:25:57.225+0330] {dag.py:4180} INFO - Setting next_dagrun for example_setup_teardown to None, run_after=None
[2026-08-30T23:25:57.252+0330] {processor.py:208} INFO - Processing /home/mmirnezamina/de_final_project/airflowenv/lib/python3.10/site-packages/airflow/example_dags/example_setup_teardown.py took 0.104 seconds
[2026-08-30T23:26:28.033+0330] {processor.py:186} INFO - Started process (PID=16234) to work on /home/mmirnezamina/de_final_project/airflowenv/lib/python3.10/site-packages/airflow/example_dags/example_setup_teardown.py
[2026-08-30T23:26:28.036+0330] {processor.py:914} INFO - Processing file /home/mmirnezamina/de_final_project/airflowenv/lib/python3.10/site-packages/airflow/example_dags/example_setup_teardown.py for tasks to queue
[2026-08-30T23:26:28.041+0330] {logging_mixin.py:190} INFO - [2026-08-30T23:26:28.040+0330] {dagbag.py:588} INFO - Filling up the DagBag from /home/mmirnezamina/de_final_project/airflowenv/lib/python3.10/site-packages/airflow/example_dags/example_setup_teardown.py
[2026-08-30T23:26:28.071+0330] {processor.py:925} INFO - DAG(s) 'example_setup_teardown' retrieved from /home/mmirnezamina/de_final_project/airflowenv/lib/python3.10/site-packages/airflow/example_dags/example_setup_teardown.py
[2026-08-30T23:26:28.160+0330] {logging_mixin.py:190} INFO - [2026-08-30T23:26:28.159+0330] {dag.py:3239} INFO - Sync 1 DAGs
[2026-08-30T23:26:28.218+0330] {logging_mixin.py:190} INFO - [2026-08-30T23:26:28.217+0330] {dag.py:4180} INFO - Setting next_dagrun for example_setup_teardown to None, run_after=None
[2026-08-30T23:26:28.289+0330] {processor.py:208} INFO - Processing /home/mmirnezamina/de_final_project/airflowenv/lib/python3.10/site-packages/airflow/example_dags/example_setup_teardown.py took 0.292 seconds
[2026-08-30T23:26:59.032+0330] {processor.py:186} INFO - Started process (PID=16353) to work on /home/mmirnezamina/de_final_project/airflowenv/lib/python3.10/site-packages/airflow/example_dags/example_setup_teardown.py
[2026-08-30T23:26:59.034+0330] {processor.py:914} INFO - Processing file /home/mmirnezamina/de_final_project/airflowenv/lib/python3.10/site-packages/airflow/example_dags/example_setup_teardown.py for tasks to queue
[2026-08-30T23:26:59.036+0330] {logging_mixin.py:190} INFO - [2026-08-30T23:26:59.035+0330] {dagbag.py:588} INFO - Filling up the DagBag from /home/mmirnezamina/de_final_project/airflowenv/lib/python3.10/site-packages/airflow/example_dags/example_setup_teardown.py
[2026-08-30T23:26:59.057+0330] {processor.py:925} INFO - DAG(s) 'example_setup_teardown' retrieved from /home/mmirnezamina/de_final_project/airflowenv/lib/python3.10/site-packages/airflow/example_dags/example_setup_teardown.py
[2026-08-30T23:26:59.124+0330] {logging_mixin.py:190} INFO - [2026-08-30T23:26:59.123+0330] {dag.py:3239} INFO - Sync 1 DAGs
[2026-08-30T23:26:59.154+0330] {logging_mixin.py:190} INFO - [2026-08-30T23:26:59.154+0330] {dag.py:4180} INFO - Setting next_dagrun for example_setup_teardown to None, run_after=None
[2026-08-30T23:26:59.196+0330] {processor.py:208} INFO - Processing /home/mmirnezamina/de_final_project/airflowenv/lib/python3.10/site-packages/airflow/example_dags/example_setup_teardown.py took 0.191 seconds
[2026-08-30T23:28:06.380+0330] {processor.py:186} INFO - Started process (PID=16475) to work on /home/mmirnezamina/de_final_project/airflowenv/lib/python3.10/site-packages/airflow/example_dags/example_setup_teardown.py
[2026-08-30T23:28:06.381+0330] {processor.py:914} INFO - Processing file /home/mmirnezamina/de_final_project/airflowenv/lib/python3.10/site-packages/airflow/example_dags/example_setup_teardown.py for tasks to queue
[2026-08-30T23:28:06.383+0330] {logging_mixin.py:190} INFO - [2026-08-30T23:28:06.382+0330] {dagbag.py:588} INFO - Filling up the DagBag from /home/mmirnezamina/de_final_project/airflowenv/lib/python3.10/site-packages/airflow/example_dags/example_setup_teardown.py
[2026-08-30T23:28:06.391+0330] {processor.py:925} INFO - DAG(s) 'example_setup_teardown' retrieved from /home/mmirnezamina/de_final_project/airflowenv/lib/python3.10/site-packages/airflow/example_dags/example_setup_teardown.py
[2026-08-30T23:28:06.503+0330] {logging_mixin.py:190} INFO - [2026-08-30T23:28:06.502+0330] {override.py:1930} INFO - Created Permission View: can delete on DAG:example_setup_teardown
[2026-08-30T23:28:06.523+0330] {logging_mixin.py:190} INFO - [2026-08-30T23:28:06.523+0330] {override.py:1930} INFO - Created Permission View: can read on DAG:example_setup_teardown
[2026-08-30T23:28:06.541+0330] {logging_mixin.py:190} INFO - [2026-08-30T23:28:06.541+0330] {override.py:1930} INFO - Created Permission View: can edit on DAG:example_setup_teardown
[2026-08-30T23:28:06.568+0330] {logging_mixin.py:190} INFO - [2026-08-30T23:28:06.568+0330] {override.py:1930} INFO - Created Permission View: can create on DAG Run:example_setup_teardown
[2026-08-30T23:28:06.596+0330] {logging_mixin.py:190} INFO - [2026-08-30T23:28:06.596+0330] {override.py:1930} INFO - Created Permission View: can delete on DAG Run:example_setup_teardown
[2026-08-30T23:28:06.612+0330] {logging_mixin.py:190} INFO - [2026-08-30T23:28:06.612+0330] {override.py:1930} INFO - Created Permission View: can read on DAG Run:example_setup_teardown
[2026-08-30T23:28:06.628+0330] {logging_mixin.py:190} INFO - [2026-08-30T23:28:06.628+0330] {override.py:1930} INFO - Created Permission View: menu access on DAG Run:example_setup_teardown
[2026-08-30T23:28:06.629+0330] {logging_mixin.py:190} INFO - [2026-08-30T23:28:06.629+0330] {dag.py:3239} INFO - Sync 1 DAGs
[2026-08-30T23:28:06.643+0330] {logging_mixin.py:190} INFO - [2026-08-30T23:28:06.643+0330] {dag.py:3262} INFO - Creating ORM DAG for example_setup_teardown
[2026-08-30T23:28:06.644+0330] {logging_mixin.py:190} INFO - [2026-08-30T23:28:06.644+0330] {dag.py:4180} INFO - Setting next_dagrun for example_setup_teardown to None, run_after=None
[2026-08-30T23:28:06.675+0330] {processor.py:208} INFO - Processing /home/mmirnezamina/de_final_project/airflowenv/lib/python3.10/site-packages/airflow/example_dags/example_setup_teardown.py took 0.303 seconds
