[2026-08-30T23:13:56.195+0330] {processor.py:186} INFO - Started process (PID=13214) to work on /home/mmirnezamina/de_final_project/airflowenv/lib/python3.10/site-packages/airflow/example_dags/example_branch_labels.py
[2026-08-30T23:13:56.196+0330] {processor.py:914} INFO - Processing file /home/mmirnezamina/de_final_project/airflowenv/lib/python3.10/site-packages/airflow/example_dags/example_branch_labels.py for tasks to queue
[2026-08-30T23:13:56.198+0330] {logging_mixin.py:190} INFO - [2026-08-30T23:13:56.198+0330] {dagbag.py:588} INFO - Filling up the DagBag from /home/mmirnezamina/de_final_project/airflowenv/lib/python3.10/site-packages/airflow/example_dags/example_branch_labels.py
[2026-08-30T23:13:56.216+0330] {processor.py:925} INFO - DAG(s) 'example_branch_labels' retrieved from /home/mmirnezamina/de_final_project/airflowenv/lib/python3.10/site-packages/airflow/example_dags/example_branch_labels.py
[2026-08-30T23:13:56.427+0330] {logging_mixin.py:190} INFO - [2026-08-30T23:13:56.425+0330] {override.py:1930} INFO - Created Permission View: can edit on DAG:example_branch_labels
[2026-08-30T23:13:56.447+0330] {logging_mixin.py:190} INFO - [2026-08-30T23:13:56.447+0330] {override.py:1930} INFO - Created Permission View: can read on DAG:example_branch_labels
[2026-08-30T23:13:56.461+0330] {logging_mixin.py:190} INFO - [2026-08-30T23:13:56.461+0330] {override.py:1930} INFO - Created Permission View: can delete on DAG:example_branch_labels
[2026-08-30T23:13:56.479+0330] {logging_mixin.py:190} INFO - [2026-08-30T23:13:56.479+0330] {override.py:1930} INFO - Created Permission View: menu access on DAG Run:example_branch_labels
[2026-08-30T23:13:56.493+0330] {logging_mixin.py:190} INFO - [2026-08-30T23:13:56.493+0330] {override.py:1930} INFO - Created Permission View: can create on DAG Run:example_branch_labels
[2026-08-30T23:13:56.507+0330] {logging_mixin.py:190} INFO - [2026-08-30T23:13:56.507+0330] {override.py:1930} INFO - Created Permission View: can read on DAG Run:example_branch_labels
[2026-08-30T23:13:56.521+0330] {logging_mixin.py:190} INFO - [2026-08-30T23:13:56.521+0330] {override.py:1930} INFO - Created Permission View: can delete on DAG Run:example_branch_labels
[2026-08-30T23:13:56.521+0330] {logging_mixin.py:190} INFO - [2026-08-30T23:13:56.521+0330] {dag.py:3239} INFO - Sync 1 DAGs
[2026-08-30T23:13:56.541+0330] {logging_mixin.py:190} INFO - [2026-08-30T23:13:56.540+0330] {dag.py:3262} INFO - Creating ORM DAG for example_branch_labels
[2026-08-30T23:13:56.557+0330] {logging_mixin.py:190} INFO - [2026-08-30T23:13:56.557+0330] {dag.py:4180} INFO - Setting next_dagrun for example_branch_labels to 2026-08-29 00:00:00+00:00, run_after=2026-08-30 00:00:00+00:00
[2026-08-30T23:13:56.591+0330] {processor.py:208} INFO - Processing /home/mmirnezamina/de_final_project/airflowenv/lib/python3.10/site-packages/airflow/example_dags/example_branch_labels.py took 0.411 seconds
[2026-08-30T23:14:27.428+0330] {processor.py:186} INFO - Started process (PID=13337) to work on /home/mmirnezamina/de_final_project/airflowenv/lib/python3.10/site-packages/airflow/example_dags/example_branch_labels.py
[2026-08-30T23:14:27.432+0330] {processor.py:914} INFO - Processing file /home/mmirnezamina/de_final_project/airflowenv/lib/python3.10/site-packages/airflow/example_dags/example_branch_labels.py for tasks to queue
[2026-08-30T23:14:27.435+0330] {logging_mixin.py:190} INFO - [2026-08-30T23:14:27.434+0330] {dagbag.py:588} INFO - Filling up the DagBag from /home/mmirnezamina/de_final_project/airflowenv/lib/python3.10/site-packages/airflow/example_dags/example_branch_labels.py
[2026-08-30T23:14:27.458+0330] {processor.py:925} INFO - DAG(s) 'example_branch_labels' retrieved from /home/mmirnezamina/de_final_project/airflowenv/lib/python3.10/site-packages/airflow/example_dags/example_branch_labels.py
[2026-08-30T23:14:27.511+0330] {logging_mixin.py:190} INFO - [2026-08-30T23:14:27.511+0330] {dag.py:3239} INFO - Sync 1 DAGs
[2026-08-30T23:14:27.564+0330] {logging_mixin.py:190} INFO - [2026-08-30T23:14:27.564+0330] {dag.py:4180} INFO - Setting next_dagrun for example_branch_labels to 2026-08-29 00:00:00+00:00, run_after=2026-08-30 00:00:00+00:00
[2026-08-30T23:14:27.601+0330] {processor.py:208} INFO - Processing /home/mmirnezamina/de_final_project/airflowenv/lib/python3.10/site-packages/airflow/example_dags/example_branch_labels.py took 0.189 seconds
[2026-08-30T23:14:59.099+0330] {processor.py:186} INFO - Started process (PID=13456) to work on /home/mmirnezamina/de_final_project/airflowenv/lib/python3.10/site-packages/airflow/example_dags/example_branch_labels.py
[2026-08-30T23:14:59.102+0330] {processor.py:914} INFO - Processing file /home/mmirnezamina/de_final_project/airflowenv/lib/python3.10/site-packages/airflow/example_dags/example_branch_labels.py for tasks to queue
[2026-08-30T23:14:59.109+0330] {logging_mixin.py:190} INFO - [2026-08-30T23:14:59.107+0330] {dagbag.py:588} INFO - Filling up the DagBag from /home/mmirnezamina/de_final_project/airflowenv/lib/python3.10/site-packages/airflow/example_dags/example_branch_labels.py
[2026-08-30T23:14:59.153+0330] {processor.py:925} INFO - DAG(s) 'example_branch_labels' retrieved from /home/mmirnezamina/de_final_project/airflowenv/lib/python3.10/site-packages/airflow/example_dags/example_branch_labels.py
[2026-08-30T23:14:59.252+0330] {logging_mixin.py:190} INFO - [2026-08-30T23:14:59.251+0330] {dag.py:3239} INFO - Sync 1 DAGs
[2026-08-30T23:14:59.337+0330] {logging_mixin.py:190} INFO - [2026-08-30T23:14:59.336+0330] {dag.py:4180} INFO - Setting next_dagrun for example_branch_labels to 2026-08-29 00:00:00+00:00, run_after=2026-08-30 00:00:00+00:00
[2026-08-30T23:14:59.395+0330] {processor.py:208} INFO - Processing /home/mmirnezamina/de_final_project/airflowenv/lib/python3.10/site-packages/airflow/example_dags/example_branch_labels.py took 0.411 seconds
[2026-08-30T23:15:30.933+0330] {processor.py:186} INFO - Started process (PID=13574) to work on /home/mmirnezamina/de_final_project/airflowenv/lib/python3.10/site-packages/airflow/example_dags/example_branch_labels.py
[2026-08-30T23:15:30.937+0330] {processor.py:914} INFO - Processing file /home/mmirnezamina/de_final_project/airflowenv/lib/python3.10/site-packages/airflow/example_dags/example_branch_labels.py for tasks to queue
[2026-08-30T23:15:30.942+0330] {logging_mixin.py:190} INFO - [2026-08-30T23:15:30.941+0330] {dagbag.py:588} INFO - Filling up the DagBag from /home/mmirnezamina/de_final_project/airflowenv/lib/python3.10/site-packages/airflow/example_dags/example_branch_labels.py
[2026-08-30T23:15:30.993+0330] {processor.py:925} INFO - DAG(s) 'example_branch_labels' retrieved from /home/mmirnezamina/de_final_project/airflowenv/lib/python3.10/site-packages/airflow/example_dags/example_branch_labels.py
[2026-08-30T23:15:31.113+0330] {logging_mixin.py:190} INFO - [2026-08-30T23:15:31.111+0330] {dag.py:3239} INFO - Sync 1 DAGs
[2026-08-30T23:15:31.237+0330] {logging_mixin.py:190} INFO - [2026-08-30T23:15:31.236+0330] {dag.py:4180} INFO - Setting next_dagrun for example_branch_labels to 2026-08-29 00:00:00+00:00, run_after=2026-08-30 00:00:00+00:00
[2026-08-30T23:15:31.307+0330] {processor.py:208} INFO - Processing /home/mmirnezamina/de_final_project/airflowenv/lib/python3.10/site-packages/airflow/example_dags/example_branch_labels.py took 0.427 seconds
[2026-08-30T23:16:01.446+0330] {processor.py:186} INFO - Started process (PID=13695) to work on /home/mmirnezamina/de_final_project/airflowenv/lib/python3.10/site-packages/airflow/example_dags/example_branch_labels.py
[2026-08-30T23:16:01.447+0330] {processor.py:914} INFO - Processing file /home/mmirnezamina/de_final_project/airflowenv/lib/python3.10/site-packages/airflow/example_dags/example_branch_labels.py for tasks to queue
[2026-08-30T23:16:01.449+0330] {logging_mixin.py:190} INFO - [2026-08-30T23:16:01.448+0330] {dagbag.py:588} INFO - Filling up the DagBag from /home/mmirnezamina/de_final_project/airflowenv/lib/python3.10/site-packages/airflow/example_dags/example_branch_labels.py
[2026-08-30T23:16:01.461+0330] {processor.py:925} INFO - DAG(s) 'example_branch_labels' retrieved from /home/mmirnezamina/de_final_project/airflowenv/lib/python3.10/site-packages/airflow/example_dags/example_branch_labels.py
[2026-08-30T23:16:01.495+0330] {logging_mixin.py:190} INFO - [2026-08-30T23:16:01.495+0330] {dag.py:3239} INFO - Sync 1 DAGs
[2026-08-30T23:16:01.526+0330] {logging_mixin.py:190} INFO - [2026-08-30T23:16:01.526+0330] {dag.py:4180} INFO - Setting next_dagrun for example_branch_labels to 2026-08-29 00:00:00+00:00, run_after=2026-08-30 00:00:00+00:00
[2026-08-30T23:16:01.552+0330] {processor.py:208} INFO - Processing /home/mmirnezamina/de_final_project/airflowenv/lib/python3.10/site-packages/airflow/example_dags/example_branch_labels.py took 0.118 seconds
[2026-08-30T23:16:32.368+0330] {processor.py:186} INFO - Started process (PID=13816) to work on /home/mmirnezamina/de_final_project/airflowenv/lib/python3.10/site-packages/airflow/example_dags/example_branch_labels.py
[2026-08-30T23:16:32.371+0330] {processor.py:914} INFO - Processing file /home/mmirnezamina/de_final_project/airflowenv/lib/python3.10/site-packages/airflow/example_dags/example_branch_labels.py for tasks to queue
[2026-08-30T23:16:32.374+0330] {logging_mixin.py:190} INFO - [2026-08-30T23:16:32.374+0330] {dagbag.py:588} INFO - Filling up the DagBag from /home/mmirnezamina/de_final_project/airflowenv/lib/python3.10/site-packages/airflow/example_dags/example_branch_labels.py
[2026-08-30T23:16:32.407+0330] {processor.py:925} INFO - DAG(s) 'example_branch_labels' retrieved from /home/mmirnezamina/de_final_project/airflowenv/lib/python3.10/site-packages/airflow/example_dags/example_branch_labels.py
[2026-08-30T23:16:32.483+0330] {logging_mixin.py:190} INFO - [2026-08-30T23:16:32.482+0330] {dag.py:3239} INFO - Sync 1 DAGs
[2026-08-30T23:16:32.557+0330] {logging_mixin.py:190} INFO - [2026-08-30T23:16:32.556+0330] {dag.py:4180} INFO - Setting next_dagrun for example_branch_labels to 2026-08-29 00:00:00+00:00, run_after=2026-08-30 00:00:00+00:00
[2026-08-30T23:16:32.609+0330] {processor.py:208} INFO - Processing /home/mmirnezamina/de_final_project/airflowenv/lib/python3.10/site-packages/airflow/example_dags/example_branch_labels.py took 0.275 seconds
[2026-08-30T23:17:03.166+0330] {processor.py:186} INFO - Started process (PID=13981) to work on /home/mmirnezamina/de_final_project/airflowenv/lib/python3.10/site-packages/airflow/example_dags/example_branch_labels.py
[2026-08-30T23:17:03.186+0330] {processor.py:914} INFO - Processing file /home/mmirnezamina/de_final_project/airflowenv/lib/python3.10/site-packages/airflow/example_dags/example_branch_labels.py for tasks to queue
[2026-08-30T23:17:03.200+0330] {logging_mixin.py:190} INFO - [2026-08-30T23:17:03.196+0330] {dagbag.py:588} INFO - Filling up the DagBag from /home/mmirnezamina/de_final_project/airflowenv/lib/python3.10/site-packages/airflow/example_dags/example_branch_labels.py
[2026-08-30T23:17:03.261+0330] {processor.py:925} INFO - DAG(s) 'example_branch_labels' retrieved from /home/mmirnezamina/de_final_project/airflowenv/lib/python3.10/site-packages/airflow/example_dags/example_branch_labels.py
[2026-08-30T23:17:03.476+0330] {logging_mixin.py:190} INFO - [2026-08-30T23:17:03.475+0330] {dag.py:3239} INFO - Sync 1 DAGs
[2026-08-30T23:17:03.639+0330] {logging_mixin.py:190} INFO - [2026-08-30T23:17:03.638+0330] {dag.py:4180} INFO - Setting next_dagrun for example_branch_labels to 2026-08-29 00:00:00+00:00, run_after=2026-08-30 00:00:00+00:00
[2026-08-30T23:17:03.702+0330] {processor.py:208} INFO - Processing /home/mmirnezamina/de_final_project/airflowenv/lib/python3.10/site-packages/airflow/example_dags/example_branch_labels.py took 0.584 seconds
[2026-08-30T23:17:36.199+0330] {processor.py:186} INFO - Started process (PID=14117) to work on /home/mmirnezamina/de_final_project/airflowenv/lib/python3.10/site-packages/airflow/example_dags/example_branch_labels.py
[2026-08-30T23:17:36.211+0330] {processor.py:914} INFO - Processing file /home/mmirnezamina/de_final_project/airflowenv/lib/python3.10/site-packages/airflow/example_dags/example_branch_labels.py for tasks to queue
[2026-08-30T23:17:36.228+0330] {logging_mixin.py:190} INFO - [2026-08-30T23:17:36.217+0330] {dagbag.py:588} INFO - Filling up the DagBag from /home/mmirnezamina/de_final_project/airflowenv/lib/python3.10/site-packages/airflow/example_dags/example_branch_labels.py
[2026-08-30T23:17:36.296+0330] {processor.py:925} INFO - DAG(s) 'example_branch_labels' retrieved from /home/mmirnezamina/de_final_project/airflowenv/lib/python3.10/site-packages/airflow/example_dags/example_branch_labels.py
[2026-08-30T23:17:36.621+0330] {logging_mixin.py:190} INFO - [2026-08-30T23:17:36.613+0330] {dag.py:3239} INFO - Sync 1 DAGs
[2026-08-30T23:17:36.926+0330] {logging_mixin.py:190} INFO - [2026-08-30T23:17:36.925+0330] {dag.py:4180} INFO - Setting next_dagrun for example_branch_labels to 2026-08-29 00:00:00+00:00, run_after=2026-08-30 00:00:00+00:00
[2026-08-30T23:17:37.061+0330] {processor.py:208} INFO - Processing /home/mmirnezamina/de_final_project/airflowenv/lib/python3.10/site-packages/airflow/example_dags/example_branch_labels.py took 0.919 seconds
[2026-08-30T23:18:07.630+0330] {processor.py:186} INFO - Started process (PID=14235) to work on /home/mmirnezamina/de_final_project/airflowenv/lib/python3.10/site-packages/airflow/example_dags/example_branch_labels.py
[2026-08-30T23:18:07.635+0330] {processor.py:914} INFO - Processing file /home/mmirnezamina/de_final_project/airflowenv/lib/python3.10/site-packages/airflow/example_dags/example_branch_labels.py for tasks to queue
[2026-08-30T23:18:07.639+0330] {logging_mixin.py:190} INFO - [2026-08-30T23:18:07.639+0330] {dagbag.py:588} INFO - Filling up the DagBag from /home/mmirnezamina/de_final_project/airflowenv/lib/python3.10/site-packages/airflow/example_dags/example_branch_labels.py
[2026-08-30T23:18:07.669+0330] {processor.py:925} INFO - DAG(s) 'example_branch_labels' retrieved from /home/mmirnezamina/de_final_project/airflowenv/lib/python3.10/site-packages/airflow/example_dags/example_branch_labels.py
[2026-08-30T23:18:07.784+0330] {logging_mixin.py:190} INFO - [2026-08-30T23:18:07.783+0330] {dag.py:3239} INFO - Sync 1 DAGs
[2026-08-30T23:18:07.881+0330] {logging_mixin.py:190} INFO - [2026-08-30T23:18:07.880+0330] {dag.py:4180} INFO - Setting next_dagrun for example_branch_labels to 2026-08-29 00:00:00+00:00, run_after=2026-08-30 00:00:00+00:00
[2026-08-30T23:18:07.953+0330] {processor.py:208} INFO - Processing /home/mmirnezamina/de_final_project/airflowenv/lib/python3.10/site-packages/airflow/example_dags/example_branch_labels.py took 0.346 seconds
[2026-08-30T23:18:38.778+0330] {processor.py:186} INFO - Started process (PID=14354) to work on /home/mmirnezamina/de_final_project/airflowenv/lib/python3.10/site-packages/airflow/example_dags/example_branch_labels.py
[2026-08-30T23:18:38.779+0330] {processor.py:914} INFO - Processing file /home/mmirnezamina/de_final_project/airflowenv/lib/python3.10/site-packages/airflow/example_dags/example_branch_labels.py for tasks to queue
[2026-08-30T23:18:38.780+0330] {logging_mixin.py:190} INFO - [2026-08-30T23:18:38.780+0330] {dagbag.py:588} INFO - Filling up the DagBag from /home/mmirnezamina/de_final_project/airflowenv/lib/python3.10/site-packages/airflow/example_dags/example_branch_labels.py
[2026-08-30T23:18:38.789+0330] {processor.py:925} INFO - DAG(s) 'example_branch_labels' retrieved from /home/mmirnezamina/de_final_project/airflowenv/lib/python3.10/site-packages/airflow/example_dags/example_branch_labels.py
[2026-08-30T23:18:38.816+0330] {logging_mixin.py:190} INFO - [2026-08-30T23:18:38.816+0330] {dag.py:3239} INFO - Sync 1 DAGs
[2026-08-30T23:18:38.839+0330] {logging_mixin.py:190} INFO - [2026-08-30T23:18:38.838+0330] {dag.py:4180} INFO - Setting next_dagrun for example_branch_labels to 2026-08-29 00:00:00+00:00, run_after=2026-08-30 00:00:00+00:00
[2026-08-30T23:18:38.860+0330] {processor.py:208} INFO - Processing /home/mmirnezamina/de_final_project/airflowenv/lib/python3.10/site-packages/airflow/example_dags/example_branch_labels.py took 0.090 seconds
[2026-08-30T23:19:09.455+0330] {processor.py:186} INFO - Started process (PID=14472) to work on /home/mmirnezamina/de_final_project/airflowenv/lib/python3.10/site-packages/airflow/example_dags/example_branch_labels.py
[2026-08-30T23:19:09.458+0330] {processor.py:914} INFO - Processing file /home/mmirnezamina/de_final_project/airflowenv/lib/python3.10/site-packages/airflow/example_dags/example_branch_labels.py for tasks to queue
[2026-08-30T23:19:09.459+0330] {logging_mixin.py:190} INFO - [2026-08-30T23:19:09.459+0330] {dagbag.py:588} INFO - Filling up the DagBag from /home/mmirnezamina/de_final_project/airflowenv/lib/python3.10/site-packages/airflow/example_dags/example_branch_labels.py
[2026-08-30T23:19:09.471+0330] {processor.py:925} INFO - DAG(s) 'example_branch_labels' retrieved from /home/mmirnezamina/de_final_project/airflowenv/lib/python3.10/site-packages/airflow/example_dags/example_branch_labels.py
[2026-08-30T23:19:09.520+0330] {logging_mixin.py:190} INFO - [2026-08-30T23:19:09.520+0330] {dag.py:3239} INFO - Sync 1 DAGs
[2026-08-30T23:19:09.561+0330] {logging_mixin.py:190} INFO - [2026-08-30T23:19:09.560+0330] {dag.py:4180} INFO - Setting next_dagrun for example_branch_labels to 2026-08-29 00:00:00+00:00, run_after=2026-08-30 00:00:00+00:00
[2026-08-30T23:19:09.589+0330] {processor.py:208} INFO - Processing /home/mmirnezamina/de_final_project/airflowenv/lib/python3.10/site-packages/airflow/example_dags/example_branch_labels.py took 0.148 seconds
[2026-08-30T23:19:40.378+0330] {processor.py:186} INFO - Started process (PID=14591) to work on /home/mmirnezamina/de_final_project/airflowenv/lib/python3.10/site-packages/airflow/example_dags/example_branch_labels.py
[2026-08-30T23:19:40.379+0330] {processor.py:914} INFO - Processing file /home/mmirnezamina/de_final_project/airflowenv/lib/python3.10/site-packages/airflow/example_dags/example_branch_labels.py for tasks to queue
[2026-08-30T23:19:40.380+0330] {logging_mixin.py:190} INFO - [2026-08-30T23:19:40.380+0330] {dagbag.py:588} INFO - Filling up the DagBag from /home/mmirnezamina/de_final_project/airflowenv/lib/python3.10/site-packages/airflow/example_dags/example_branch_labels.py
[2026-08-30T23:19:40.391+0330] {processor.py:925} INFO - DAG(s) 'example_branch_labels' retrieved from /home/mmirnezamina/de_final_project/airflowenv/lib/python3.10/site-packages/airflow/example_dags/example_branch_labels.py
[2026-08-30T23:19:40.428+0330] {logging_mixin.py:190} INFO - [2026-08-30T23:19:40.428+0330] {dag.py:3239} INFO - Sync 1 DAGs
[2026-08-30T23:19:40.470+0330] {logging_mixin.py:190} INFO - [2026-08-30T23:19:40.470+0330] {dag.py:4180} INFO - Setting next_dagrun for example_branch_labels to 2026-08-29 00:00:00+00:00, run_after=2026-08-30 00:00:00+00:00
[2026-08-30T23:19:40.500+0330] {processor.py:208} INFO - Processing /home/mmirnezamina/de_final_project/airflowenv/lib/python3.10/site-packages/airflow/example_dags/example_branch_labels.py took 0.136 seconds
[2026-08-30T23:20:11.183+0330] {processor.py:186} INFO - Started process (PID=14713) to work on /home/mmirnezamina/de_final_project/airflowenv/lib/python3.10/site-packages/airflow/example_dags/example_branch_labels.py
[2026-08-30T23:20:11.187+0330] {processor.py:914} INFO - Processing file /home/mmirnezamina/de_final_project/airflowenv/lib/python3.10/site-packages/airflow/example_dags/example_branch_labels.py for tasks to queue
[2026-08-30T23:20:11.191+0330] {logging_mixin.py:190} INFO - [2026-08-30T23:20:11.190+0330] {dagbag.py:588} INFO - Filling up the DagBag from /home/mmirnezamina/de_final_project/airflowenv/lib/python3.10/site-packages/airflow/example_dags/example_branch_labels.py
[2026-08-30T23:20:11.217+0330] {processor.py:925} INFO - DAG(s) 'example_branch_labels' retrieved from /home/mmirnezamina/de_final_project/airflowenv/lib/python3.10/site-packages/airflow/example_dags/example_branch_labels.py
[2026-08-30T23:20:11.285+0330] {logging_mixin.py:190} INFO - [2026-08-30T23:20:11.285+0330] {dag.py:3239} INFO - Sync 1 DAGs
[2026-08-30T23:20:11.354+0330] {logging_mixin.py:190} INFO - [2026-08-30T23:20:11.353+0330] {dag.py:4180} INFO - Setting next_dagrun for example_branch_labels to 2026-08-29 00:00:00+00:00, run_after=2026-08-30 00:00:00+00:00
[2026-08-30T23:20:12.344+0330] {processor.py:208} INFO - Processing /home/mmirnezamina/de_final_project/airflowenv/lib/python3.10/site-packages/airflow/example_dags/example_branch_labels.py took 1.185 seconds
[2026-08-30T23:20:43.549+0330] {processor.py:186} INFO - Started process (PID=14835) to work on /home/mmirnezamina/de_final_project/airflowenv/lib/python3.10/site-packages/airflow/example_dags/example_branch_labels.py
[2026-08-30T23:20:43.550+0330] {processor.py:914} INFO - Processing file /home/mmirnezamina/de_final_project/airflowenv/lib/python3.10/site-packages/airflow/example_dags/example_branch_labels.py for tasks to queue
[2026-08-30T23:20:43.551+0330] {logging_mixin.py:190} INFO - [2026-08-30T23:20:43.551+0330] {dagbag.py:588} INFO - Filling up the DagBag from /home/mmirnezamina/de_final_project/airflowenv/lib/python3.10/site-packages/airflow/example_dags/example_branch_labels.py
[2026-08-30T23:20:43.559+0330] {processor.py:925} INFO - DAG(s) 'example_branch_labels' retrieved from /home/mmirnezamina/de_final_project/airflowenv/lib/python3.10/site-packages/airflow/example_dags/example_branch_labels.py
[2026-08-30T23:20:43.584+0330] {logging_mixin.py:190} INFO - [2026-08-30T23:20:43.584+0330] {dag.py:3239} INFO - Sync 1 DAGs
[2026-08-30T23:20:43.605+0330] {logging_mixin.py:190} INFO - [2026-08-30T23:20:43.605+0330] {dag.py:4180} INFO - Setting next_dagrun for example_branch_labels to 2026-08-29 00:00:00+00:00, run_after=2026-08-30 00:00:00+00:00
[2026-08-30T23:20:43.627+0330] {processor.py:208} INFO - Processing /home/mmirnezamina/de_final_project/airflowenv/lib/python3.10/site-packages/airflow/example_dags/example_branch_labels.py took 0.086 seconds
[2026-08-30T23:21:13.978+0330] {processor.py:186} INFO - Started process (PID=14954) to work on /home/mmirnezamina/de_final_project/airflowenv/lib/python3.10/site-packages/airflow/example_dags/example_branch_labels.py
[2026-08-30T23:21:13.979+0330] {processor.py:914} INFO - Processing file /home/mmirnezamina/de_final_project/airflowenv/lib/python3.10/site-packages/airflow/example_dags/example_branch_labels.py for tasks to queue
[2026-08-30T23:21:13.981+0330] {logging_mixin.py:190} INFO - [2026-08-30T23:21:13.980+0330] {dagbag.py:588} INFO - Filling up the DagBag from /home/mmirnezamina/de_final_project/airflowenv/lib/python3.10/site-packages/airflow/example_dags/example_branch_labels.py
[2026-08-30T23:21:13.993+0330] {processor.py:925} INFO - DAG(s) 'example_branch_labels' retrieved from /home/mmirnezamina/de_final_project/airflowenv/lib/python3.10/site-packages/airflow/example_dags/example_branch_labels.py
[2026-08-30T23:21:14.029+0330] {logging_mixin.py:190} INFO - [2026-08-30T23:21:14.029+0330] {dag.py:3239} INFO - Sync 1 DAGs
[2026-08-30T23:21:14.060+0330] {logging_mixin.py:190} INFO - [2026-08-30T23:21:14.060+0330] {dag.py:4180} INFO - Setting next_dagrun for example_branch_labels to 2026-08-29 00:00:00+00:00, run_after=2026-08-30 00:00:00+00:00
[2026-08-30T23:21:14.094+0330] {processor.py:208} INFO - Processing /home/mmirnezamina/de_final_project/airflowenv/lib/python3.10/site-packages/airflow/example_dags/example_branch_labels.py took 0.129 seconds
[2026-08-30T23:21:44.691+0330] {processor.py:186} INFO - Started process (PID=15073) to work on /home/mmirnezamina/de_final_project/airflowenv/lib/python3.10/site-packages/airflow/example_dags/example_branch_labels.py
[2026-08-30T23:21:44.692+0330] {processor.py:914} INFO - Processing file /home/mmirnezamina/de_final_project/airflowenv/lib/python3.10/site-packages/airflow/example_dags/example_branch_labels.py for tasks to queue
[2026-08-30T23:21:44.693+0330] {logging_mixin.py:190} INFO - [2026-08-30T23:21:44.693+0330] {dagbag.py:588} INFO - Filling up the DagBag from /home/mmirnezamina/de_final_project/airflowenv/lib/python3.10/site-packages/airflow/example_dags/example_branch_labels.py
[2026-08-30T23:21:44.700+0330] {processor.py:925} INFO - DAG(s) 'example_branch_labels' retrieved from /home/mmirnezamina/de_final_project/airflowenv/lib/python3.10/site-packages/airflow/example_dags/example_branch_labels.py
[2026-08-30T23:21:44.726+0330] {logging_mixin.py:190} INFO - [2026-08-30T23:21:44.725+0330] {dag.py:3239} INFO - Sync 1 DAGs
[2026-08-30T23:21:44.749+0330] {logging_mixin.py:190} INFO - [2026-08-30T23:21:44.749+0330] {dag.py:4180} INFO - Setting next_dagrun for example_branch_labels to 2026-08-29 00:00:00+00:00, run_after=2026-08-30 00:00:00+00:00
[2026-08-30T23:21:44.773+0330] {processor.py:208} INFO - Processing /home/mmirnezamina/de_final_project/airflowenv/lib/python3.10/site-packages/airflow/example_dags/example_branch_labels.py took 0.088 seconds
[2026-08-30T23:22:16.041+0330] {processor.py:186} INFO - Started process (PID=15200) to work on /home/mmirnezamina/de_final_project/airflowenv/lib/python3.10/site-packages/airflow/example_dags/example_branch_labels.py
[2026-08-30T23:22:16.043+0330] {processor.py:914} INFO - Processing file /home/mmirnezamina/de_final_project/airflowenv/lib/python3.10/site-packages/airflow/example_dags/example_branch_labels.py for tasks to queue
[2026-08-30T23:22:16.044+0330] {logging_mixin.py:190} INFO - [2026-08-30T23:22:16.044+0330] {dagbag.py:588} INFO - Filling up the DagBag from /home/mmirnezamina/de_final_project/airflowenv/lib/python3.10/site-packages/airflow/example_dags/example_branch_labels.py
[2026-08-30T23:22:16.056+0330] {processor.py:925} INFO - DAG(s) 'example_branch_labels' retrieved from /home/mmirnezamina/de_final_project/airflowenv/lib/python3.10/site-packages/airflow/example_dags/example_branch_labels.py
[2026-08-30T23:22:16.095+0330] {logging_mixin.py:190} INFO - [2026-08-30T23:22:16.095+0330] {dag.py:3239} INFO - Sync 1 DAGs
[2026-08-30T23:22:16.130+0330] {logging_mixin.py:190} INFO - [2026-08-30T23:22:16.129+0330] {dag.py:4180} INFO - Setting next_dagrun for example_branch_labels to 2026-08-29 00:00:00+00:00, run_after=2026-08-30 00:00:00+00:00
[2026-08-30T23:22:16.160+0330] {processor.py:208} INFO - Processing /home/mmirnezamina/de_final_project/airflowenv/lib/python3.10/site-packages/airflow/example_dags/example_branch_labels.py took 0.129 seconds
[2026-08-30T23:22:46.878+0330] {processor.py:186} INFO - Started process (PID=15319) to work on /home/mmirnezamina/de_final_project/airflowenv/lib/python3.10/site-packages/airflow/example_dags/example_branch_labels.py
[2026-08-30T23:22:46.880+0330] {processor.py:914} INFO - Processing file /home/mmirnezamina/de_final_project/airflowenv/lib/python3.10/site-packages/airflow/example_dags/example_branch_labels.py for tasks to queue
[2026-08-30T23:22:46.882+0330] {logging_mixin.py:190} INFO - [2026-08-30T23:22:46.882+0330] {dagbag.py:588} INFO - Filling up the DagBag from /home/mmirnezamina/de_final_project/airflowenv/lib/python3.10/site-packages/airflow/example_dags/example_branch_labels.py
[2026-08-30T23:22:46.897+0330] {processor.py:925} INFO - DAG(s) 'example_branch_labels' retrieved from /home/mmirnezamina/de_final_project/airflowenv/lib/python3.10/site-packages/airflow/example_dags/example_branch_labels.py
[2026-08-30T23:22:46.942+0330] {logging_mixin.py:190} INFO - [2026-08-30T23:22:46.942+0330] {dag.py:3239} INFO - Sync 1 DAGs
[2026-08-30T23:22:46.993+0330] {logging_mixin.py:190} INFO - [2026-08-30T23:22:46.992+0330] {dag.py:4180} INFO - Setting next_dagrun for example_branch_labels to 2026-08-29 00:00:00+00:00, run_after=2026-08-30 00:00:00+00:00
[2026-08-30T23:22:47.028+0330] {processor.py:208} INFO - Processing /home/mmirnezamina/de_final_project/airflowenv/lib/python3.10/site-packages/airflow/example_dags/example_branch_labels.py took 0.162 seconds
[2026-08-30T23:23:17.924+0330] {processor.py:186} INFO - Started process (PID=15440) to work on /home/mmirnezamina/de_final_project/airflowenv/lib/python3.10/site-packages/airflow/example_dags/example_branch_labels.py
[2026-08-30T23:23:17.927+0330] {processor.py:914} INFO - Processing file /home/mmirnezamina/de_final_project/airflowenv/lib/python3.10/site-packages/airflow/example_dags/example_branch_labels.py for tasks to queue
[2026-08-30T23:23:17.930+0330] {logging_mixin.py:190} INFO - [2026-08-30T23:23:17.930+0330] {dagbag.py:588} INFO - Filling up the DagBag from /home/mmirnezamina/de_final_project/airflowenv/lib/python3.10/site-packages/airflow/example_dags/example_branch_labels.py
[2026-08-30T23:23:17.959+0330] {processor.py:925} INFO - DAG(s) 'example_branch_labels' retrieved from /home/mmirnezamina/de_final_project/airflowenv/lib/python3.10/site-packages/airflow/example_dags/example_branch_labels.py
[2026-08-30T23:23:18.030+0330] {logging_mixin.py:190} INFO - [2026-08-30T23:23:18.029+0330] {dag.py:3239} INFO - Sync 1 DAGs
[2026-08-30T23:23:18.093+0330] {logging_mixin.py:190} INFO - [2026-08-30T23:23:18.093+0330] {dag.py:4180} INFO - Setting next_dagrun for example_branch_labels to 2026-08-29 00:00:00+00:00, run_after=2026-08-30 00:00:00+00:00
[2026-08-30T23:23:18.155+0330] {processor.py:208} INFO - Processing /home/mmirnezamina/de_final_project/airflowenv/lib/python3.10/site-packages/airflow/example_dags/example_branch_labels.py took 0.260 seconds
[2026-08-30T23:23:48.669+0330] {processor.py:186} INFO - Started process (PID=15557) to work on /home/mmirnezamina/de_final_project/airflowenv/lib/python3.10/site-packages/airflow/example_dags/example_branch_labels.py
[2026-08-30T23:23:48.670+0330] {processor.py:914} INFO - Processing file /home/mmirnezamina/de_final_project/airflowenv/lib/python3.10/site-packages/airflow/example_dags/example_branch_labels.py for tasks to queue
[2026-08-30T23:23:48.672+0330] {logging_mixin.py:190} INFO - [2026-08-30T23:23:48.672+0330] {dagbag.py:588} INFO - Filling up the DagBag from /home/mmirnezamina/de_final_project/airflowenv/lib/python3.10/site-packages/airflow/example_dags/example_branch_labels.py
[2026-08-30T23:23:48.687+0330] {processor.py:925} INFO - DAG(s) 'example_branch_labels' retrieved from /home/mmirnezamina/de_final_project/airflowenv/lib/python3.10/site-packages/airflow/example_dags/example_branch_labels.py
[2026-08-30T23:23:48.870+0330] {logging_mixin.py:190} INFO - [2026-08-30T23:23:48.870+0330] {dag.py:3239} INFO - Sync 1 DAGs
[2026-08-30T23:23:48.966+0330] {logging_mixin.py:190} INFO - [2026-08-30T23:23:48.965+0330] {dag.py:4180} INFO - Setting next_dagrun for example_branch_labels to 2026-08-29 00:00:00+00:00, run_after=2026-08-30 00:00:00+00:00
[2026-08-30T23:23:48.993+0330] {processor.py:208} INFO - Processing /home/mmirnezamina/de_final_project/airflowenv/lib/python3.10/site-packages/airflow/example_dags/example_branch_labels.py took 0.336 seconds
[2026-08-30T23:24:19.434+0330] {processor.py:186} INFO - Started process (PID=15676) to work on /home/mmirnezamina/de_final_project/airflowenv/lib/python3.10/site-packages/airflow/example_dags/example_branch_labels.py
[2026-08-30T23:24:19.436+0330] {processor.py:914} INFO - Processing file /home/mmirnezamina/de_final_project/airflowenv/lib/python3.10/site-packages/airflow/example_dags/example_branch_labels.py for tasks to queue
[2026-08-30T23:24:19.438+0330] {logging_mixin.py:190} INFO - [2026-08-30T23:24:19.438+0330] {dagbag.py:588} INFO - Filling up the DagBag from /home/mmirnezamina/de_final_project/airflowenv/lib/python3.10/site-packages/airflow/example_dags/example_branch_labels.py
[2026-08-30T23:24:19.453+0330] {processor.py:925} INFO - DAG(s) 'example_branch_labels' retrieved from /home/mmirnezamina/de_final_project/airflowenv/lib/python3.10/site-packages/airflow/example_dags/example_branch_labels.py
[2026-08-30T23:24:19.497+0330] {logging_mixin.py:190} INFO - [2026-08-30T23:24:19.497+0330] {dag.py:3239} INFO - Sync 1 DAGs
[2026-08-30T23:24:19.540+0330] {logging_mixin.py:190} INFO - [2026-08-30T23:24:19.540+0330] {dag.py:4180} INFO - Setting next_dagrun for example_branch_labels to 2026-08-29 00:00:00+00:00, run_after=2026-08-30 00:00:00+00:00
[2026-08-30T23:24:19.589+0330] {processor.py:208} INFO - Processing /home/mmirnezamina/de_final_project/airflowenv/lib/python3.10/site-packages/airflow/example_dags/example_branch_labels.py took 0.168 seconds
[2026-08-30T23:24:50.703+0330] {processor.py:186} INFO - Started process (PID=15798) to work on /home/mmirnezamina/de_final_project/airflowenv/lib/python3.10/site-packages/airflow/example_dags/example_branch_labels.py
[2026-08-30T23:24:50.705+0330] {processor.py:914} INFO - Processing file /home/mmirnezamina/de_final_project/airflowenv/lib/python3.10/site-packages/airflow/example_dags/example_branch_labels.py for tasks to queue
[2026-08-30T23:24:50.707+0330] {logging_mixin.py:190} INFO - [2026-08-30T23:24:50.706+0330] {dagbag.py:588} INFO - Filling up the DagBag from /home/mmirnezamina/de_final_project/airflowenv/lib/python3.10/site-packages/airflow/example_dags/example_branch_labels.py
[2026-08-30T23:24:50.726+0330] {processor.py:925} INFO - DAG(s) 'example_branch_labels' retrieved from /home/mmirnezamina/de_final_project/airflowenv/lib/python3.10/site-packages/airflow/example_dags/example_branch_labels.py
[2026-08-30T23:24:50.785+0330] {logging_mixin.py:190} INFO - [2026-08-30T23:24:50.784+0330] {dag.py:3239} INFO - Sync 1 DAGs
[2026-08-30T23:24:50.850+0330] {logging_mixin.py:190} INFO - [2026-08-30T23:24:50.850+0330] {dag.py:4180} INFO - Setting next_dagrun for example_branch_labels to 2026-08-29 00:00:00+00:00, run_after=2026-08-30 00:00:00+00:00
[2026-08-30T23:24:50.897+0330] {processor.py:208} INFO - Processing /home/mmirnezamina/de_final_project/airflowenv/lib/python3.10/site-packages/airflow/example_dags/example_branch_labels.py took 0.208 seconds
[2026-08-30T23:25:20.988+0330] {processor.py:186} INFO - Started process (PID=15947) to work on /home/mmirnezamina/de_final_project/airflowenv/lib/python3.10/site-packages/airflow/example_dags/example_branch_labels.py
[2026-08-30T23:25:20.990+0330] {processor.py:914} INFO - Processing file /home/mmirnezamina/de_final_project/airflowenv/lib/python3.10/site-packages/airflow/example_dags/example_branch_labels.py for tasks to queue
[2026-08-30T23:25:20.993+0330] {logging_mixin.py:190} INFO - [2026-08-30T23:25:20.992+0330] {dagbag.py:588} INFO - Filling up the DagBag from /home/mmirnezamina/de_final_project/airflowenv/lib/python3.10/site-packages/airflow/example_dags/example_branch_labels.py
[2026-08-30T23:25:21.012+0330] {processor.py:925} INFO - DAG(s) 'example_branch_labels' retrieved from /home/mmirnezamina/de_final_project/airflowenv/lib/python3.10/site-packages/airflow/example_dags/example_branch_labels.py
[2026-08-30T23:25:21.083+0330] {logging_mixin.py:190} INFO - [2026-08-30T23:25:21.083+0330] {dag.py:3239} INFO - Sync 1 DAGs
[2026-08-30T23:25:21.152+0330] {logging_mixin.py:190} INFO - [2026-08-30T23:25:21.152+0330] {dag.py:4180} INFO - Setting next_dagrun for example_branch_labels to 2026-08-29 00:00:00+00:00, run_after=2026-08-30 00:00:00+00:00
[2026-08-30T23:25:21.206+0330] {processor.py:208} INFO - Processing /home/mmirnezamina/de_final_project/airflowenv/lib/python3.10/site-packages/airflow/example_dags/example_branch_labels.py took 0.237 seconds
[2026-08-30T23:25:51.981+0330] {processor.py:186} INFO - Started process (PID=16079) to work on /home/mmirnezamina/de_final_project/airflowenv/lib/python3.10/site-packages/airflow/example_dags/example_branch_labels.py
[2026-08-30T23:25:51.983+0330] {processor.py:914} INFO - Processing file /home/mmirnezamina/de_final_project/airflowenv/lib/python3.10/site-packages/airflow/example_dags/example_branch_labels.py for tasks to queue
[2026-08-30T23:25:51.984+0330] {logging_mixin.py:190} INFO - [2026-08-30T23:25:51.984+0330] {dagbag.py:588} INFO - Filling up the DagBag from /home/mmirnezamina/de_final_project/airflowenv/lib/python3.10/site-packages/airflow/example_dags/example_branch_labels.py
[2026-08-30T23:25:51.998+0330] {processor.py:925} INFO - DAG(s) 'example_branch_labels' retrieved from /home/mmirnezamina/de_final_project/airflowenv/lib/python3.10/site-packages/airflow/example_dags/example_branch_labels.py
[2026-08-30T23:25:52.039+0330] {logging_mixin.py:190} INFO - [2026-08-30T23:25:52.039+0330] {dag.py:3239} INFO - Sync 1 DAGs
[2026-08-30T23:25:52.076+0330] {logging_mixin.py:190} INFO - [2026-08-30T23:25:52.076+0330] {dag.py:4180} INFO - Setting next_dagrun for example_branch_labels to 2026-08-29 00:00:00+00:00, run_after=2026-08-30 00:00:00+00:00
[2026-08-30T23:25:52.108+0330] {processor.py:208} INFO - Processing /home/mmirnezamina/de_final_project/airflowenv/lib/python3.10/site-packages/airflow/example_dags/example_branch_labels.py took 0.137 seconds
[2026-08-30T23:26:23.403+0330] {processor.py:186} INFO - Started process (PID=16202) to work on /home/mmirnezamina/de_final_project/airflowenv/lib/python3.10/site-packages/airflow/example_dags/example_branch_labels.py
[2026-08-30T23:26:23.406+0330] {processor.py:914} INFO - Processing file /home/mmirnezamina/de_final_project/airflowenv/lib/python3.10/site-packages/airflow/example_dags/example_branch_labels.py for tasks to queue
[2026-08-30T23:26:23.411+0330] {logging_mixin.py:190} INFO - [2026-08-30T23:26:23.410+0330] {dagbag.py:588} INFO - Filling up the DagBag from /home/mmirnezamina/de_final_project/airflowenv/lib/python3.10/site-packages/airflow/example_dags/example_branch_labels.py
[2026-08-30T23:26:23.441+0330] {processor.py:925} INFO - DAG(s) 'example_branch_labels' retrieved from /home/mmirnezamina/de_final_project/airflowenv/lib/python3.10/site-packages/airflow/example_dags/example_branch_labels.py
[2026-08-30T23:26:23.524+0330] {logging_mixin.py:190} INFO - [2026-08-30T23:26:23.523+0330] {dag.py:3239} INFO - Sync 1 DAGs
[2026-08-30T23:26:23.616+0330] {logging_mixin.py:190} INFO - [2026-08-30T23:26:23.615+0330] {dag.py:4180} INFO - Setting next_dagrun for example_branch_labels to 2026-08-29 00:00:00+00:00, run_after=2026-08-30 00:00:00+00:00
[2026-08-30T23:26:23.714+0330] {processor.py:208} INFO - Processing /home/mmirnezamina/de_final_project/airflowenv/lib/python3.10/site-packages/airflow/example_dags/example_branch_labels.py took 0.341 seconds
[2026-08-30T23:26:53.859+0330] {processor.py:186} INFO - Started process (PID=16319) to work on /home/mmirnezamina/de_final_project/airflowenv/lib/python3.10/site-packages/airflow/example_dags/example_branch_labels.py
[2026-08-30T23:26:53.860+0330] {processor.py:914} INFO - Processing file /home/mmirnezamina/de_final_project/airflowenv/lib/python3.10/site-packages/airflow/example_dags/example_branch_labels.py for tasks to queue
[2026-08-30T23:26:53.862+0330] {logging_mixin.py:190} INFO - [2026-08-30T23:26:53.862+0330] {dagbag.py:588} INFO - Filling up the DagBag from /home/mmirnezamina/de_final_project/airflowenv/lib/python3.10/site-packages/airflow/example_dags/example_branch_labels.py
[2026-08-30T23:26:53.882+0330] {processor.py:925} INFO - DAG(s) 'example_branch_labels' retrieved from /home/mmirnezamina/de_final_project/airflowenv/lib/python3.10/site-packages/airflow/example_dags/example_branch_labels.py
[2026-08-30T23:26:53.954+0330] {logging_mixin.py:190} INFO - [2026-08-30T23:26:53.953+0330] {dag.py:3239} INFO - Sync 1 DAGs
[2026-08-30T23:26:54.022+0330] {logging_mixin.py:190} INFO - [2026-08-30T23:26:54.022+0330] {dag.py:4180} INFO - Setting next_dagrun for example_branch_labels to 2026-08-29 00:00:00+00:00, run_after=2026-08-30 00:00:00+00:00
[2026-08-30T23:26:54.073+0330] {processor.py:208} INFO - Processing /home/mmirnezamina/de_final_project/airflowenv/lib/python3.10/site-packages/airflow/example_dags/example_branch_labels.py took 0.232 seconds
