[2026-08-30T23:13:50.403+0330] {processor.py:186} INFO - Started process (PID=13189) to work on /home/mmirnezamina/de_final_project/airflowenv/lib/python3.10/site-packages/airflow/example_dags/example_external_task_marker_dag.py
[2026-08-30T23:13:50.408+0330] {processor.py:914} INFO - Processing file /home/mmirnezamina/de_final_project/airflowenv/lib/python3.10/site-packages/airflow/example_dags/example_external_task_marker_dag.py for tasks to queue
[2026-08-30T23:13:50.411+0330] {logging_mixin.py:190} INFO - [2026-08-30T23:13:50.410+0330] {dagbag.py:588} INFO - Filling up the DagBag from /home/mmirnezamina/de_final_project/airflowenv/lib/python3.10/site-packages/airflow/example_dags/example_external_task_marker_dag.py
[2026-08-30T23:13:50.436+0330] {processor.py:925} INFO - DAG(s) 'example_external_task_marker_child', 'example_external_task_marker_parent' retrieved from /home/mmirnezamina/de_final_project/airflowenv/lib/python3.10/site-packages/airflow/example_dags/example_external_task_marker_dag.py
[2026-08-30T23:13:50.681+0330] {logging_mixin.py:190} INFO - [2026-08-30T23:13:50.680+0330] {override.py:1930} INFO - Created Permission View: can edit on DAG:example_external_task_marker_child
[2026-08-30T23:13:50.706+0330] {logging_mixin.py:190} INFO - [2026-08-30T23:13:50.706+0330] {override.py:1930} INFO - Created Permission View: can read on DAG:example_external_task_marker_child
[2026-08-30T23:13:50.729+0330] {logging_mixin.py:190} INFO - [2026-08-30T23:13:50.728+0330] {override.py:1930} INFO - Created Permission View: can delete on DAG:example_external_task_marker_child
[2026-08-30T23:13:50.761+0330] {logging_mixin.py:190} INFO - [2026-08-30T23:13:50.759+0330] {override.py:1930} INFO - Created Permission View: menu access on DAG Run:example_external_task_marker_child
[2026-08-30T23:13:50.790+0330] {logging_mixin.py:190} INFO - [2026-08-30T23:13:50.789+0330] {override.py:1930} INFO - Created Permission View: can create on DAG Run:example_external_task_marker_child
[2026-08-30T23:13:50.817+0330] {logging_mixin.py:190} INFO - [2026-08-30T23:13:50.817+0330] {override.py:1930} INFO - Created Permission View: can read on DAG Run:example_external_task_marker_child
[2026-08-30T23:13:50.843+0330] {logging_mixin.py:190} INFO - [2026-08-30T23:13:50.842+0330] {override.py:1930} INFO - Created Permission View: can delete on DAG Run:example_external_task_marker_child
[2026-08-30T23:13:50.886+0330] {logging_mixin.py:190} INFO - [2026-08-30T23:13:50.885+0330] {override.py:1930} INFO - Created Permission View: can edit on DAG:example_external_task_marker_parent
[2026-08-30T23:13:50.904+0330] {logging_mixin.py:190} INFO - [2026-08-30T23:13:50.904+0330] {override.py:1930} INFO - Created Permission View: can read on DAG:example_external_task_marker_parent
[2026-08-30T23:13:50.924+0330] {logging_mixin.py:190} INFO - [2026-08-30T23:13:50.923+0330] {override.py:1930} INFO - Created Permission View: can delete on DAG:example_external_task_marker_parent
[2026-08-30T23:13:50.950+0330] {logging_mixin.py:190} INFO - [2026-08-30T23:13:50.949+0330] {override.py:1930} INFO - Created Permission View: menu access on DAG Run:example_external_task_marker_parent
[2026-08-30T23:13:50.971+0330] {logging_mixin.py:190} INFO - [2026-08-30T23:13:50.970+0330] {override.py:1930} INFO - Created Permission View: can create on DAG Run:example_external_task_marker_parent
[2026-08-30T23:13:50.990+0330] {logging_mixin.py:190} INFO - [2026-08-30T23:13:50.989+0330] {override.py:1930} INFO - Created Permission View: can read on DAG Run:example_external_task_marker_parent
[2026-08-30T23:13:51.009+0330] {logging_mixin.py:190} INFO - [2026-08-30T23:13:51.009+0330] {override.py:1930} INFO - Created Permission View: can delete on DAG Run:example_external_task_marker_parent
[2026-08-30T23:13:51.010+0330] {logging_mixin.py:190} INFO - [2026-08-30T23:13:51.010+0330] {dag.py:3239} INFO - Sync 2 DAGs
[2026-08-30T23:13:51.036+0330] {logging_mixin.py:190} INFO - [2026-08-30T23:13:51.036+0330] {dag.py:3262} INFO - Creating ORM DAG for example_external_task_marker_child
[2026-08-30T23:13:51.037+0330] {logging_mixin.py:190} INFO - [2026-08-30T23:13:51.037+0330] {dag.py:3262} INFO - Creating ORM DAG for example_external_task_marker_parent
[2026-08-30T23:13:51.038+0330] {logging_mixin.py:190} INFO - [2026-08-30T23:13:51.038+0330] {dag.py:4180} INFO - Setting next_dagrun for example_external_task_marker_child to None, run_after=None
[2026-08-30T23:13:51.039+0330] {logging_mixin.py:190} INFO - [2026-08-30T23:13:51.039+0330] {dag.py:4180} INFO - Setting next_dagrun for example_external_task_marker_parent to None, run_after=None
[2026-08-30T23:13:51.091+0330] {processor.py:208} INFO - Processing /home/mmirnezamina/de_final_project/airflowenv/lib/python3.10/site-packages/airflow/example_dags/example_external_task_marker_dag.py took 0.717 seconds
[2026-08-30T23:14:21.361+0330] {processor.py:186} INFO - Started process (PID=13312) to work on /home/mmirnezamina/de_final_project/airflowenv/lib/python3.10/site-packages/airflow/example_dags/example_external_task_marker_dag.py
[2026-08-30T23:14:21.363+0330] {processor.py:914} INFO - Processing file /home/mmirnezamina/de_final_project/airflowenv/lib/python3.10/site-packages/airflow/example_dags/example_external_task_marker_dag.py for tasks to queue
[2026-08-30T23:14:21.365+0330] {logging_mixin.py:190} INFO - [2026-08-30T23:14:21.364+0330] {dagbag.py:588} INFO - Filling up the DagBag from /home/mmirnezamina/de_final_project/airflowenv/lib/python3.10/site-packages/airflow/example_dags/example_external_task_marker_dag.py
[2026-08-30T23:14:21.381+0330] {processor.py:925} INFO - DAG(s) 'example_external_task_marker_parent', 'example_external_task_marker_child' retrieved from /home/mmirnezamina/de_final_project/airflowenv/lib/python3.10/site-packages/airflow/example_dags/example_external_task_marker_dag.py
[2026-08-30T23:14:21.454+0330] {logging_mixin.py:190} INFO - [2026-08-30T23:14:21.453+0330] {dag.py:3239} INFO - Sync 2 DAGs
[2026-08-30T23:14:21.508+0330] {logging_mixin.py:190} INFO - [2026-08-30T23:14:21.507+0330] {dag.py:4180} INFO - Setting next_dagrun for example_external_task_marker_child to None, run_after=None
[2026-08-30T23:14:21.521+0330] {logging_mixin.py:190} INFO - [2026-08-30T23:14:21.521+0330] {dag.py:4180} INFO - Setting next_dagrun for example_external_task_marker_parent to None, run_after=None
[2026-08-30T23:14:21.561+0330] {processor.py:208} INFO - Processing /home/mmirnezamina/de_final_project/airflowenv/lib/python3.10/site-packages/airflow/example_dags/example_external_task_marker_dag.py took 0.219 seconds
[2026-08-30T23:14:52.151+0330] {processor.py:186} INFO - Started process (PID=13429) to work on /home/mmirnezamina/de_final_project/airflowenv/lib/python3.10/site-packages/airflow/example_dags/example_external_task_marker_dag.py
[2026-08-30T23:14:52.154+0330] {processor.py:914} INFO - Processing file /home/mmirnezamina/de_final_project/airflowenv/lib/python3.10/site-packages/airflow/example_dags/example_external_task_marker_dag.py for tasks to queue
[2026-08-30T23:14:52.166+0330] {logging_mixin.py:190} INFO - [2026-08-30T23:14:52.165+0330] {dagbag.py:588} INFO - Filling up the DagBag from /home/mmirnezamina/de_final_project/airflowenv/lib/python3.10/site-packages/airflow/example_dags/example_external_task_marker_dag.py
[2026-08-30T23:14:52.183+0330] {processor.py:925} INFO - DAG(s) 'example_external_task_marker_parent', 'example_external_task_marker_child' retrieved from /home/mmirnezamina/de_final_project/airflowenv/lib/python3.10/site-packages/airflow/example_dags/example_external_task_marker_dag.py
[2026-08-30T23:14:52.245+0330] {logging_mixin.py:190} INFO - [2026-08-30T23:14:52.245+0330] {dag.py:3239} INFO - Sync 2 DAGs
[2026-08-30T23:14:52.275+0330] {logging_mixin.py:190} INFO - [2026-08-30T23:14:52.274+0330] {dag.py:4180} INFO - Setting next_dagrun for example_external_task_marker_child to None, run_after=None
[2026-08-30T23:14:52.281+0330] {logging_mixin.py:190} INFO - [2026-08-30T23:14:52.281+0330] {dag.py:4180} INFO - Setting next_dagrun for example_external_task_marker_parent to None, run_after=None
[2026-08-30T23:14:52.326+0330] {processor.py:208} INFO - Processing /home/mmirnezamina/de_final_project/airflowenv/lib/python3.10/site-packages/airflow/example_dags/example_external_task_marker_dag.py took 0.191 seconds
[2026-08-30T23:15:23.916+0330] {processor.py:186} INFO - Started process (PID=13551) to work on /home/mmirnezamina/de_final_project/airflowenv/lib/python3.10/site-packages/airflow/example_dags/example_external_task_marker_dag.py
[2026-08-30T23:15:23.930+0330] {processor.py:914} INFO - Processing file /home/mmirnezamina/de_final_project/airflowenv/lib/python3.10/site-packages/airflow/example_dags/example_external_task_marker_dag.py for tasks to queue
[2026-08-30T23:15:23.936+0330] {logging_mixin.py:190} INFO - [2026-08-30T23:15:23.934+0330] {dagbag.py:588} INFO - Filling up the DagBag from /home/mmirnezamina/de_final_project/airflowenv/lib/python3.10/site-packages/airflow/example_dags/example_external_task_marker_dag.py
[2026-08-30T23:15:24.029+0330] {processor.py:925} INFO - DAG(s) 'example_external_task_marker_child', 'example_external_task_marker_parent' retrieved from /home/mmirnezamina/de_final_project/airflowenv/lib/python3.10/site-packages/airflow/example_dags/example_external_task_marker_dag.py
[2026-08-30T23:15:24.257+0330] {logging_mixin.py:190} INFO - [2026-08-30T23:15:24.256+0330] {dag.py:3239} INFO - Sync 2 DAGs
[2026-08-30T23:15:24.368+0330] {logging_mixin.py:190} INFO - [2026-08-30T23:15:24.366+0330] {dag.py:4180} INFO - Setting next_dagrun for example_external_task_marker_child to None, run_after=None
[2026-08-30T23:15:24.388+0330] {logging_mixin.py:190} INFO - [2026-08-30T23:15:24.386+0330] {dag.py:4180} INFO - Setting next_dagrun for example_external_task_marker_parent to None, run_after=None
[2026-08-30T23:15:24.534+0330] {processor.py:208} INFO - Processing /home/mmirnezamina/de_final_project/airflowenv/lib/python3.10/site-packages/airflow/example_dags/example_external_task_marker_dag.py took 0.686 seconds
[2026-08-30T23:15:54.998+0330] {processor.py:186} INFO - Started process (PID=13667) to work on /home/mmirnezamina/de_final_project/airflowenv/lib/python3.10/site-packages/airflow/example_dags/example_external_task_marker_dag.py
[2026-08-30T23:15:55.000+0330] {processor.py:914} INFO - Processing file /home/mmirnezamina/de_final_project/airflowenv/lib/python3.10/site-packages/airflow/example_dags/example_external_task_marker_dag.py for tasks to queue
[2026-08-30T23:15:55.002+0330] {logging_mixin.py:190} INFO - [2026-08-30T23:15:55.001+0330] {dagbag.py:588} INFO - Filling up the DagBag from /home/mmirnezamina/de_final_project/airflowenv/lib/python3.10/site-packages/airflow/example_dags/example_external_task_marker_dag.py
[2026-08-30T23:15:55.014+0330] {processor.py:925} INFO - DAG(s) 'example_external_task_marker_parent', 'example_external_task_marker_child' retrieved from /home/mmirnezamina/de_final_project/airflowenv/lib/python3.10/site-packages/airflow/example_dags/example_external_task_marker_dag.py
[2026-08-30T23:15:55.060+0330] {logging_mixin.py:190} INFO - [2026-08-30T23:15:55.060+0330] {dag.py:3239} INFO - Sync 2 DAGs
[2026-08-30T23:15:55.080+0330] {logging_mixin.py:190} INFO - [2026-08-30T23:15:55.080+0330] {dag.py:4180} INFO - Setting next_dagrun for example_external_task_marker_child to None, run_after=None
[2026-08-30T23:15:55.085+0330] {logging_mixin.py:190} INFO - [2026-08-30T23:15:55.084+0330] {dag.py:4180} INFO - Setting next_dagrun for example_external_task_marker_parent to None, run_after=None
[2026-08-30T23:15:55.112+0330] {processor.py:208} INFO - Processing /home/mmirnezamina/de_final_project/airflowenv/lib/python3.10/site-packages/airflow/example_dags/example_external_task_marker_dag.py took 0.129 seconds
[2026-08-30T23:16:25.658+0330] {processor.py:186} INFO - Started process (PID=13787) to work on /home/mmirnezamina/de_final_project/airflowenv/lib/python3.10/site-packages/airflow/example_dags/example_external_task_marker_dag.py
[2026-08-30T23:16:25.660+0330] {processor.py:914} INFO - Processing file /home/mmirnezamina/de_final_project/airflowenv/lib/python3.10/site-packages/airflow/example_dags/example_external_task_marker_dag.py for tasks to queue
[2026-08-30T23:16:25.661+0330] {logging_mixin.py:190} INFO - [2026-08-30T23:16:25.661+0330] {dagbag.py:588} INFO - Filling up the DagBag from /home/mmirnezamina/de_final_project/airflowenv/lib/python3.10/site-packages/airflow/example_dags/example_external_task_marker_dag.py
[2026-08-30T23:16:25.671+0330] {processor.py:925} INFO - DAG(s) 'example_external_task_marker_parent', 'example_external_task_marker_child' retrieved from /home/mmirnezamina/de_final_project/airflowenv/lib/python3.10/site-packages/airflow/example_dags/example_external_task_marker_dag.py
[2026-08-30T23:16:25.715+0330] {logging_mixin.py:190} INFO - [2026-08-30T23:16:25.715+0330] {dag.py:3239} INFO - Sync 2 DAGs
[2026-08-30T23:16:25.734+0330] {logging_mixin.py:190} INFO - [2026-08-30T23:16:25.734+0330] {dag.py:4180} INFO - Setting next_dagrun for example_external_task_marker_child to None, run_after=None
[2026-08-30T23:16:25.738+0330] {logging_mixin.py:190} INFO - [2026-08-30T23:16:25.738+0330] {dag.py:4180} INFO - Setting next_dagrun for example_external_task_marker_parent to None, run_after=None
[2026-08-30T23:16:25.765+0330] {processor.py:208} INFO - Processing /home/mmirnezamina/de_final_project/airflowenv/lib/python3.10/site-packages/airflow/example_dags/example_external_task_marker_dag.py took 0.118 seconds
[2026-08-30T23:16:55.978+0330] {processor.py:186} INFO - Started process (PID=13936) to work on /home/mmirnezamina/de_final_project/airflowenv/lib/python3.10/site-packages/airflow/example_dags/example_external_task_marker_dag.py
[2026-08-30T23:16:55.979+0330] {processor.py:914} INFO - Processing file /home/mmirnezamina/de_final_project/airflowenv/lib/python3.10/site-packages/airflow/example_dags/example_external_task_marker_dag.py for tasks to queue
[2026-08-30T23:16:55.980+0330] {logging_mixin.py:190} INFO - [2026-08-30T23:16:55.980+0330] {dagbag.py:588} INFO - Filling up the DagBag from /home/mmirnezamina/de_final_project/airflowenv/lib/python3.10/site-packages/airflow/example_dags/example_external_task_marker_dag.py
[2026-08-30T23:16:55.988+0330] {processor.py:925} INFO - DAG(s) 'example_external_task_marker_parent', 'example_external_task_marker_child' retrieved from /home/mmirnezamina/de_final_project/airflowenv/lib/python3.10/site-packages/airflow/example_dags/example_external_task_marker_dag.py
[2026-08-30T23:16:56.031+0330] {logging_mixin.py:190} INFO - [2026-08-30T23:16:56.031+0330] {dag.py:3239} INFO - Sync 2 DAGs
[2026-08-30T23:16:56.048+0330] {logging_mixin.py:190} INFO - [2026-08-30T23:16:56.048+0330] {dag.py:4180} INFO - Setting next_dagrun for example_external_task_marker_child to None, run_after=None
[2026-08-30T23:16:56.052+0330] {logging_mixin.py:190} INFO - [2026-08-30T23:16:56.052+0330] {dag.py:4180} INFO - Setting next_dagrun for example_external_task_marker_parent to None, run_after=None
[2026-08-30T23:16:56.077+0330] {processor.py:208} INFO - Processing /home/mmirnezamina/de_final_project/airflowenv/lib/python3.10/site-packages/airflow/example_dags/example_external_task_marker_dag.py took 0.112 seconds
[2026-08-30T23:17:26.456+0330] {processor.py:186} INFO - Started process (PID=14074) to work on /home/mmirnezamina/de_final_project/airflowenv/lib/python3.10/site-packages/airflow/example_dags/example_external_task_marker_dag.py
[2026-08-30T23:17:26.463+0330] {processor.py:914} INFO - Processing file /home/mmirnezamina/de_final_project/airflowenv/lib/python3.10/site-packages/airflow/example_dags/example_external_task_marker_dag.py for tasks to queue
[2026-08-30T23:17:26.466+0330] {logging_mixin.py:190} INFO - [2026-08-30T23:17:26.465+0330] {dagbag.py:588} INFO - Filling up the DagBag from /home/mmirnezamina/de_final_project/airflowenv/lib/python3.10/site-packages/airflow/example_dags/example_external_task_marker_dag.py
[2026-08-30T23:17:26.539+0330] {processor.py:925} INFO - DAG(s) 'example_external_task_marker_parent', 'example_external_task_marker_child' retrieved from /home/mmirnezamina/de_final_project/airflowenv/lib/python3.10/site-packages/airflow/example_dags/example_external_task_marker_dag.py
[2026-08-30T23:17:26.608+0330] {logging_mixin.py:190} INFO - [2026-08-30T23:17:26.608+0330] {dag.py:3239} INFO - Sync 2 DAGs
[2026-08-30T23:17:26.642+0330] {logging_mixin.py:190} INFO - [2026-08-30T23:17:26.642+0330] {dag.py:4180} INFO - Setting next_dagrun for example_external_task_marker_child to None, run_after=None
[2026-08-30T23:17:26.648+0330] {logging_mixin.py:190} INFO - [2026-08-30T23:17:26.648+0330] {dag.py:4180} INFO - Setting next_dagrun for example_external_task_marker_parent to None, run_after=None
[2026-08-30T23:17:26.684+0330] {processor.py:208} INFO - Processing /home/mmirnezamina/de_final_project/airflowenv/lib/python3.10/site-packages/airflow/example_dags/example_external_task_marker_dag.py took 0.292 seconds
[2026-08-30T23:17:56.934+0330] {processor.py:186} INFO - Started process (PID=14199) to work on /home/mmirnezamina/de_final_project/airflowenv/lib/python3.10/site-packages/airflow/example_dags/example_external_task_marker_dag.py
[2026-08-30T23:17:56.935+0330] {processor.py:914} INFO - Processing file /home/mmirnezamina/de_final_project/airflowenv/lib/python3.10/site-packages/airflow/example_dags/example_external_task_marker_dag.py for tasks to queue
[2026-08-30T23:17:56.938+0330] {logging_mixin.py:190} INFO - [2026-08-30T23:17:56.937+0330] {dagbag.py:588} INFO - Filling up the DagBag from /home/mmirnezamina/de_final_project/airflowenv/lib/python3.10/site-packages/airflow/example_dags/example_external_task_marker_dag.py
[2026-08-30T23:17:56.949+0330] {processor.py:925} INFO - DAG(s) 'example_external_task_marker_parent', 'example_external_task_marker_child' retrieved from /home/mmirnezamina/de_final_project/airflowenv/lib/python3.10/site-packages/airflow/example_dags/example_external_task_marker_dag.py
[2026-08-30T23:17:56.989+0330] {logging_mixin.py:190} INFO - [2026-08-30T23:17:56.989+0330] {dag.py:3239} INFO - Sync 2 DAGs
[2026-08-30T23:17:57.011+0330] {logging_mixin.py:190} INFO - [2026-08-30T23:17:57.011+0330] {dag.py:4180} INFO - Setting next_dagrun for example_external_task_marker_child to None, run_after=None
[2026-08-30T23:17:57.016+0330] {logging_mixin.py:190} INFO - [2026-08-30T23:17:57.016+0330] {dag.py:4180} INFO - Setting next_dagrun for example_external_task_marker_parent to None, run_after=None
[2026-08-30T23:17:57.046+0330] {processor.py:208} INFO - Processing /home/mmirnezamina/de_final_project/airflowenv/lib/python3.10/site-packages/airflow/example_dags/example_external_task_marker_dag.py took 0.126 seconds
[2026-08-30T23:18:27.447+0330] {processor.py:186} INFO - Started process (PID=14318) to work on /home/mmirnezamina/de_final_project/airflowenv/lib/python3.10/site-packages/airflow/example_dags/example_external_task_marker_dag.py
[2026-08-30T23:18:27.449+0330] {processor.py:914} INFO - Processing file /home/mmirnezamina/de_final_project/airflowenv/lib/python3.10/site-packages/airflow/example_dags/example_external_task_marker_dag.py for tasks to queue
[2026-08-30T23:18:27.451+0330] {logging_mixin.py:190} INFO - [2026-08-30T23:18:27.451+0330] {dagbag.py:588} INFO - Filling up the DagBag from /home/mmirnezamina/de_final_project/airflowenv/lib/python3.10/site-packages/airflow/example_dags/example_external_task_marker_dag.py
[2026-08-30T23:18:27.463+0330] {processor.py:925} INFO - DAG(s) 'example_external_task_marker_child', 'example_external_task_marker_parent' retrieved from /home/mmirnezamina/de_final_project/airflowenv/lib/python3.10/site-packages/airflow/example_dags/example_external_task_marker_dag.py
[2026-08-30T23:18:27.507+0330] {logging_mixin.py:190} INFO - [2026-08-30T23:18:27.507+0330] {dag.py:3239} INFO - Sync 2 DAGs
[2026-08-30T23:18:27.531+0330] {logging_mixin.py:190} INFO - [2026-08-30T23:18:27.531+0330] {dag.py:4180} INFO - Setting next_dagrun for example_external_task_marker_child to None, run_after=None
[2026-08-30T23:18:27.536+0330] {logging_mixin.py:190} INFO - [2026-08-30T23:18:27.535+0330] {dag.py:4180} INFO - Setting next_dagrun for example_external_task_marker_parent to None, run_after=None
[2026-08-30T23:18:27.562+0330] {processor.py:208} INFO - Processing /home/mmirnezamina/de_final_project/airflowenv/lib/python3.10/site-packages/airflow/example_dags/example_external_task_marker_dag.py took 0.128 seconds
[2026-08-30T23:18:57.894+0330] {processor.py:186} INFO - Started process (PID=14434) to work on /home/mmirnezamina/de_final_project/airflowenv/lib/python3.10/site-packages/airflow/example_dags/example_external_task_marker_dag.py
[2026-08-30T23:18:57.896+0330] {processor.py:914} INFO - Processing file /home/mmirnezamina/de_final_project/airflowenv/lib/python3.10/site-packages/airflow/example_dags/example_external_task_marker_dag.py for tasks to queue
[2026-08-30T23:18:57.897+0330] {logging_mixin.py:190} INFO - [2026-08-30T23:18:57.897+0330] {dagbag.py:588} INFO - Filling up the DagBag from /home/mmirnezamina/de_final_project/airflowenv/lib/python3.10/site-packages/airflow/example_dags/example_external_task_marker_dag.py
[2026-08-30T23:18:57.907+0330] {processor.py:925} INFO - DAG(s) 'example_external_task_marker_parent', 'example_external_task_marker_child' retrieved from /home/mmirnezamina/de_final_project/airflowenv/lib/python3.10/site-packages/airflow/example_dags/example_external_task_marker_dag.py
[2026-08-30T23:18:57.944+0330] {logging_mixin.py:190} INFO - [2026-08-30T23:18:57.944+0330] {dag.py:3239} INFO - Sync 2 DAGs
[2026-08-30T23:18:57.963+0330] {logging_mixin.py:190} INFO - [2026-08-30T23:18:57.963+0330] {dag.py:4180} INFO - Setting next_dagrun for example_external_task_marker_child to None, run_after=None
[2026-08-30T23:18:57.968+0330] {logging_mixin.py:190} INFO - [2026-08-30T23:18:57.968+0330] {dag.py:4180} INFO - Setting next_dagrun for example_external_task_marker_parent to None, run_after=None
[2026-08-30T23:18:57.994+0330] {processor.py:208} INFO - Processing /home/mmirnezamina/de_final_project/airflowenv/lib/python3.10/site-packages/airflow/example_dags/example_external_task_marker_dag.py took 0.110 seconds
[2026-08-30T23:19:28.393+0330] {processor.py:186} INFO - Started process (PID=14554) to work on /home/mmirnezamina/de_final_project/airflowenv/lib/python3.10/site-packages/airflow/example_dags/example_external_task_marker_dag.py
[2026-08-30T23:19:28.395+0330] {processor.py:914} INFO - Processing file /home/mmirnezamina/de_final_project/airflowenv/lib/python3.10/site-packages/airflow/example_dags/example_external_task_marker_dag.py for tasks to queue
[2026-08-30T23:19:28.397+0330] {logging_mixin.py:190} INFO - [2026-08-30T23:19:28.397+0330] {dagbag.py:588} INFO - Filling up the DagBag from /home/mmirnezamina/de_final_project/airflowenv/lib/python3.10/site-packages/airflow/example_dags/example_external_task_marker_dag.py
[2026-08-30T23:19:28.409+0330] {processor.py:925} INFO - DAG(s) 'example_external_task_marker_parent', 'example_external_task_marker_child' retrieved from /home/mmirnezamina/de_final_project/airflowenv/lib/python3.10/site-packages/airflow/example_dags/example_external_task_marker_dag.py
[2026-08-30T23:19:28.452+0330] {logging_mixin.py:190} INFO - [2026-08-30T23:19:28.451+0330] {dag.py:3239} INFO - Sync 2 DAGs
[2026-08-30T23:19:28.474+0330] {logging_mixin.py:190} INFO - [2026-08-30T23:19:28.474+0330] {dag.py:4180} INFO - Setting next_dagrun for example_external_task_marker_child to None, run_after=None
[2026-08-30T23:19:28.480+0330] {logging_mixin.py:190} INFO - [2026-08-30T23:19:28.479+0330] {dag.py:4180} INFO - Setting next_dagrun for example_external_task_marker_parent to None, run_after=None
[2026-08-30T23:19:28.512+0330] {processor.py:208} INFO - Processing /home/mmirnezamina/de_final_project/airflowenv/lib/python3.10/site-packages/airflow/example_dags/example_external_task_marker_dag.py took 0.132 seconds
[2026-08-30T23:19:58.979+0330] {processor.py:186} INFO - Started process (PID=14673) to work on /home/mmirnezamina/de_final_project/airflowenv/lib/python3.10/site-packages/airflow/example_dags/example_external_task_marker_dag.py
[2026-08-30T23:19:58.980+0330] {processor.py:914} INFO - Processing file /home/mmirnezamina/de_final_project/airflowenv/lib/python3.10/site-packages/airflow/example_dags/example_external_task_marker_dag.py for tasks to queue
[2026-08-30T23:19:58.982+0330] {logging_mixin.py:190} INFO - [2026-08-30T23:19:58.982+0330] {dagbag.py:588} INFO - Filling up the DagBag from /home/mmirnezamina/de_final_project/airflowenv/lib/python3.10/site-packages/airflow/example_dags/example_external_task_marker_dag.py
[2026-08-30T23:19:58.993+0330] {processor.py:925} INFO - DAG(s) 'example_external_task_marker_parent', 'example_external_task_marker_child' retrieved from /home/mmirnezamina/de_final_project/airflowenv/lib/python3.10/site-packages/airflow/example_dags/example_external_task_marker_dag.py
[2026-08-30T23:19:59.052+0330] {logging_mixin.py:190} INFO - [2026-08-30T23:19:59.052+0330] {dag.py:3239} INFO - Sync 2 DAGs
[2026-08-30T23:19:59.073+0330] {logging_mixin.py:190} INFO - [2026-08-30T23:19:59.073+0330] {dag.py:4180} INFO - Setting next_dagrun for example_external_task_marker_child to None, run_after=None
[2026-08-30T23:19:59.079+0330] {logging_mixin.py:190} INFO - [2026-08-30T23:19:59.079+0330] {dag.py:4180} INFO - Setting next_dagrun for example_external_task_marker_parent to None, run_after=None
[2026-08-30T23:19:59.112+0330] {processor.py:208} INFO - Processing /home/mmirnezamina/de_final_project/airflowenv/lib/python3.10/site-packages/airflow/example_dags/example_external_task_marker_dag.py took 0.143 seconds
[2026-08-30T23:20:29.526+0330] {processor.py:186} INFO - Started process (PID=14795) to work on /home/mmirnezamina/de_final_project/airflowenv/lib/python3.10/site-packages/airflow/example_dags/example_external_task_marker_dag.py
[2026-08-30T23:20:29.528+0330] {processor.py:914} INFO - Processing file /home/mmirnezamina/de_final_project/airflowenv/lib/python3.10/site-packages/airflow/example_dags/example_external_task_marker_dag.py for tasks to queue
[2026-08-30T23:20:29.529+0330] {logging_mixin.py:190} INFO - [2026-08-30T23:20:29.529+0330] {dagbag.py:588} INFO - Filling up the DagBag from /home/mmirnezamina/de_final_project/airflowenv/lib/python3.10/site-packages/airflow/example_dags/example_external_task_marker_dag.py
[2026-08-30T23:20:29.535+0330] {processor.py:925} INFO - DAG(s) 'example_external_task_marker_parent', 'example_external_task_marker_child' retrieved from /home/mmirnezamina/de_final_project/airflowenv/lib/python3.10/site-packages/airflow/example_dags/example_external_task_marker_dag.py
[2026-08-30T23:20:29.567+0330] {logging_mixin.py:190} INFO - [2026-08-30T23:20:29.567+0330] {dag.py:3239} INFO - Sync 2 DAGs
[2026-08-30T23:20:29.580+0330] {logging_mixin.py:190} INFO - [2026-08-30T23:20:29.580+0330] {dag.py:4180} INFO - Setting next_dagrun for example_external_task_marker_child to None, run_after=None
[2026-08-30T23:20:29.584+0330] {logging_mixin.py:190} INFO - [2026-08-30T23:20:29.584+0330] {dag.py:4180} INFO - Setting next_dagrun for example_external_task_marker_parent to None, run_after=None
[2026-08-30T23:20:29.603+0330] {processor.py:208} INFO - Processing /home/mmirnezamina/de_final_project/airflowenv/lib/python3.10/site-packages/airflow/example_dags/example_external_task_marker_dag.py took 0.084 seconds
[2026-08-30T23:20:59.917+0330] {processor.py:186} INFO - Started process (PID=14914) to work on /home/mmirnezamina/de_final_project/airflowenv/lib/python3.10/site-packages/airflow/example_dags/example_external_task_marker_dag.py
[2026-08-30T23:20:59.919+0330] {processor.py:914} INFO - Processing file /home/mmirnezamina/de_final_project/airflowenv/lib/python3.10/site-packages/airflow/example_dags/example_external_task_marker_dag.py for tasks to queue
[2026-08-30T23:20:59.920+0330] {logging_mixin.py:190} INFO - [2026-08-30T23:20:59.920+0330] {dagbag.py:588} INFO - Filling up the DagBag from /home/mmirnezamina/de_final_project/airflowenv/lib/python3.10/site-packages/airflow/example_dags/example_external_task_marker_dag.py
[2026-08-30T23:20:59.931+0330] {processor.py:925} INFO - DAG(s) 'example_external_task_marker_child', 'example_external_task_marker_parent' retrieved from /home/mmirnezamina/de_final_project/airflowenv/lib/python3.10/site-packages/airflow/example_dags/example_external_task_marker_dag.py
[2026-08-30T23:20:59.964+0330] {logging_mixin.py:190} INFO - [2026-08-30T23:20:59.963+0330] {dag.py:3239} INFO - Sync 2 DAGs
[2026-08-30T23:20:59.983+0330] {logging_mixin.py:190} INFO - [2026-08-30T23:20:59.983+0330] {dag.py:4180} INFO - Setting next_dagrun for example_external_task_marker_child to None, run_after=None
[2026-08-30T23:20:59.988+0330] {logging_mixin.py:190} INFO - [2026-08-30T23:20:59.987+0330] {dag.py:4180} INFO - Setting next_dagrun for example_external_task_marker_parent to None, run_after=None
[2026-08-30T23:21:00.010+0330] {processor.py:208} INFO - Processing /home/mmirnezamina/de_final_project/airflowenv/lib/python3.10/site-packages/airflow/example_dags/example_external_task_marker_dag.py took 0.104 seconds
[2026-08-30T23:21:30.656+0330] {processor.py:186} INFO - Started process (PID=15032) to work on /home/mmirnezamina/de_final_project/airflowenv/lib/python3.10/site-packages/airflow/example_dags/example_external_task_marker_dag.py
[2026-08-30T23:21:30.658+0330] {processor.py:914} INFO - Processing file /home/mmirnezamina/de_final_project/airflowenv/lib/python3.10/site-packages/airflow/example_dags/example_external_task_marker_dag.py for tasks to queue
[2026-08-30T23:21:30.661+0330] {logging_mixin.py:190} INFO - [2026-08-30T23:21:30.661+0330] {dagbag.py:588} INFO - Filling up the DagBag from /home/mmirnezamina/de_final_project/airflowenv/lib/python3.10/site-packages/airflow/example_dags/example_external_task_marker_dag.py
[2026-08-30T23:21:30.674+0330] {processor.py:925} INFO - DAG(s) 'example_external_task_marker_child', 'example_external_task_marker_parent' retrieved from /home/mmirnezamina/de_final_project/airflowenv/lib/python3.10/site-packages/airflow/example_dags/example_external_task_marker_dag.py
[2026-08-30T23:21:30.720+0330] {logging_mixin.py:190} INFO - [2026-08-30T23:21:30.720+0330] {dag.py:3239} INFO - Sync 2 DAGs
[2026-08-30T23:21:30.749+0330] {logging_mixin.py:190} INFO - [2026-08-30T23:21:30.749+0330] {dag.py:4180} INFO - Setting next_dagrun for example_external_task_marker_child to None, run_after=None
[2026-08-30T23:21:30.754+0330] {logging_mixin.py:190} INFO - [2026-08-30T23:21:30.754+0330] {dag.py:4180} INFO - Setting next_dagrun for example_external_task_marker_parent to None, run_after=None
[2026-08-30T23:21:30.783+0330] {processor.py:208} INFO - Processing /home/mmirnezamina/de_final_project/airflowenv/lib/python3.10/site-packages/airflow/example_dags/example_external_task_marker_dag.py took 0.139 seconds
[2026-08-30T23:22:01.741+0330] {processor.py:186} INFO - Started process (PID=15152) to work on /home/mmirnezamina/de_final_project/airflowenv/lib/python3.10/site-packages/airflow/example_dags/example_external_task_marker_dag.py
[2026-08-30T23:22:01.741+0330] {processor.py:914} INFO - Processing file /home/mmirnezamina/de_final_project/airflowenv/lib/python3.10/site-packages/airflow/example_dags/example_external_task_marker_dag.py for tasks to queue
[2026-08-30T23:22:01.743+0330] {logging_mixin.py:190} INFO - [2026-08-30T23:22:01.742+0330] {dagbag.py:588} INFO - Filling up the DagBag from /home/mmirnezamina/de_final_project/airflowenv/lib/python3.10/site-packages/airflow/example_dags/example_external_task_marker_dag.py
[2026-08-30T23:22:01.754+0330] {processor.py:925} INFO - DAG(s) 'example_external_task_marker_child', 'example_external_task_marker_parent' retrieved from /home/mmirnezamina/de_final_project/airflowenv/lib/python3.10/site-packages/airflow/example_dags/example_external_task_marker_dag.py
[2026-08-30T23:22:01.786+0330] {logging_mixin.py:190} INFO - [2026-08-30T23:22:01.786+0330] {dag.py:3239} INFO - Sync 2 DAGs
[2026-08-30T23:22:01.803+0330] {logging_mixin.py:190} INFO - [2026-08-30T23:22:01.803+0330] {dag.py:4180} INFO - Setting next_dagrun for example_external_task_marker_child to None, run_after=None
[2026-08-30T23:22:01.809+0330] {logging_mixin.py:190} INFO - [2026-08-30T23:22:01.809+0330] {dag.py:4180} INFO - Setting next_dagrun for example_external_task_marker_parent to None, run_after=None
[2026-08-30T23:22:01.831+0330] {processor.py:208} INFO - Processing /home/mmirnezamina/de_final_project/airflowenv/lib/python3.10/site-packages/airflow/example_dags/example_external_task_marker_dag.py took 0.101 seconds
[2026-08-30T23:22:32.353+0330] {processor.py:186} INFO - Started process (PID=15270) to work on /home/mmirnezamina/de_final_project/airflowenv/lib/python3.10/site-packages/airflow/example_dags/example_external_task_marker_dag.py
[2026-08-30T23:22:32.354+0330] {processor.py:914} INFO - Processing file /home/mmirnezamina/de_final_project/airflowenv/lib/python3.10/site-packages/airflow/example_dags/example_external_task_marker_dag.py for tasks to queue
[2026-08-30T23:22:32.356+0330] {logging_mixin.py:190} INFO - [2026-08-30T23:22:32.355+0330] {dagbag.py:588} INFO - Filling up the DagBag from /home/mmirnezamina/de_final_project/airflowenv/lib/python3.10/site-packages/airflow/example_dags/example_external_task_marker_dag.py
[2026-08-30T23:22:32.366+0330] {processor.py:925} INFO - DAG(s) 'example_external_task_marker_parent', 'example_external_task_marker_child' retrieved from /home/mmirnezamina/de_final_project/airflowenv/lib/python3.10/site-packages/airflow/example_dags/example_external_task_marker_dag.py
[2026-08-30T23:22:32.410+0330] {logging_mixin.py:190} INFO - [2026-08-30T23:22:32.409+0330] {dag.py:3239} INFO - Sync 2 DAGs
[2026-08-30T23:22:32.431+0330] {logging_mixin.py:190} INFO - [2026-08-30T23:22:32.431+0330] {dag.py:4180} INFO - Setting next_dagrun for example_external_task_marker_child to None, run_after=None
[2026-08-30T23:22:32.437+0330] {logging_mixin.py:190} INFO - [2026-08-30T23:22:32.437+0330] {dag.py:4180} INFO - Setting next_dagrun for example_external_task_marker_parent to None, run_after=None
[2026-08-30T23:22:32.464+0330] {processor.py:208} INFO - Processing /home/mmirnezamina/de_final_project/airflowenv/lib/python3.10/site-packages/airflow/example_dags/example_external_task_marker_dag.py took 0.125 seconds
[2026-08-30T23:23:02.766+0330] {processor.py:186} INFO - Started process (PID=15389) to work on /home/mmirnezamina/de_final_project/airflowenv/lib/python3.10/site-packages/airflow/example_dags/example_external_task_marker_dag.py
[2026-08-30T23:23:02.769+0330] {processor.py:914} INFO - Processing file /home/mmirnezamina/de_final_project/airflowenv/lib/python3.10/site-packages/airflow/example_dags/example_external_task_marker_dag.py for tasks to queue
[2026-08-30T23:23:02.772+0330] {logging_mixin.py:190} INFO - [2026-08-30T23:23:02.772+0330] {dagbag.py:588} INFO - Filling up the DagBag from /home/mmirnezamina/de_final_project/airflowenv/lib/python3.10/site-packages/airflow/example_dags/example_external_task_marker_dag.py
[2026-08-30T23:23:02.800+0330] {processor.py:925} INFO - DAG(s) 'example_external_task_marker_child', 'example_external_task_marker_parent' retrieved from /home/mmirnezamina/de_final_project/airflowenv/lib/python3.10/site-packages/airflow/example_dags/example_external_task_marker_dag.py
[2026-08-30T23:23:02.872+0330] {logging_mixin.py:190} INFO - [2026-08-30T23:23:02.871+0330] {dag.py:3239} INFO - Sync 2 DAGs
[2026-08-30T23:23:02.906+0330] {logging_mixin.py:190} INFO - [2026-08-30T23:23:02.905+0330] {dag.py:4180} INFO - Setting next_dagrun for example_external_task_marker_child to None, run_after=None
[2026-08-30T23:23:02.915+0330] {logging_mixin.py:190} INFO - [2026-08-30T23:23:02.914+0330] {dag.py:4180} INFO - Setting next_dagrun for example_external_task_marker_parent to None, run_after=None
[2026-08-30T23:23:02.972+0330] {processor.py:208} INFO - Processing /home/mmirnezamina/de_final_project/airflowenv/lib/python3.10/site-packages/airflow/example_dags/example_external_task_marker_dag.py took 0.236 seconds
[2026-08-30T23:23:33.163+0330] {processor.py:186} INFO - Started process (PID=15507) to work on /home/mmirnezamina/de_final_project/airflowenv/lib/python3.10/site-packages/airflow/example_dags/example_external_task_marker_dag.py
[2026-08-30T23:23:33.165+0330] {processor.py:914} INFO - Processing file /home/mmirnezamina/de_final_project/airflowenv/lib/python3.10/site-packages/airflow/example_dags/example_external_task_marker_dag.py for tasks to queue
[2026-08-30T23:23:33.166+0330] {logging_mixin.py:190} INFO - [2026-08-30T23:23:33.166+0330] {dagbag.py:588} INFO - Filling up the DagBag from /home/mmirnezamina/de_final_project/airflowenv/lib/python3.10/site-packages/airflow/example_dags/example_external_task_marker_dag.py
[2026-08-30T23:23:33.176+0330] {processor.py:925} INFO - DAG(s) 'example_external_task_marker_parent', 'example_external_task_marker_child' retrieved from /home/mmirnezamina/de_final_project/airflowenv/lib/python3.10/site-packages/airflow/example_dags/example_external_task_marker_dag.py
[2026-08-30T23:23:33.240+0330] {logging_mixin.py:190} INFO - [2026-08-30T23:23:33.240+0330] {dag.py:3239} INFO - Sync 2 DAGs
[2026-08-30T23:23:33.263+0330] {logging_mixin.py:190} INFO - [2026-08-30T23:23:33.263+0330] {dag.py:4180} INFO - Setting next_dagrun for example_external_task_marker_child to None, run_after=None
[2026-08-30T23:23:33.268+0330] {logging_mixin.py:190} INFO - [2026-08-30T23:23:33.268+0330] {dag.py:4180} INFO - Setting next_dagrun for example_external_task_marker_parent to None, run_after=None
[2026-08-30T23:23:33.298+0330] {processor.py:208} INFO - Processing /home/mmirnezamina/de_final_project/airflowenv/lib/python3.10/site-packages/airflow/example_dags/example_external_task_marker_dag.py took 0.149 seconds
[2026-08-30T23:24:03.372+0330] {processor.py:186} INFO - Started process (PID=15627) to work on /home/mmirnezamina/de_final_project/airflowenv/lib/python3.10/site-packages/airflow/example_dags/example_external_task_marker_dag.py
[2026-08-30T23:24:03.373+0330] {processor.py:914} INFO - Processing file /home/mmirnezamina/de_final_project/airflowenv/lib/python3.10/site-packages/airflow/example_dags/example_external_task_marker_dag.py for tasks to queue
[2026-08-30T23:24:03.374+0330] {logging_mixin.py:190} INFO - [2026-08-30T23:24:03.374+0330] {dagbag.py:588} INFO - Filling up the DagBag from /home/mmirnezamina/de_final_project/airflowenv/lib/python3.10/site-packages/airflow/example_dags/example_external_task_marker_dag.py
[2026-08-30T23:24:03.386+0330] {processor.py:925} INFO - DAG(s) 'example_external_task_marker_child', 'example_external_task_marker_parent' retrieved from /home/mmirnezamina/de_final_project/airflowenv/lib/python3.10/site-packages/airflow/example_dags/example_external_task_marker_dag.py
[2026-08-30T23:24:03.428+0330] {logging_mixin.py:190} INFO - [2026-08-30T23:24:03.427+0330] {dag.py:3239} INFO - Sync 2 DAGs
[2026-08-30T23:24:03.447+0330] {logging_mixin.py:190} INFO - [2026-08-30T23:24:03.447+0330] {dag.py:4180} INFO - Setting next_dagrun for example_external_task_marker_child to None, run_after=None
[2026-08-30T23:24:03.453+0330] {logging_mixin.py:190} INFO - [2026-08-30T23:24:03.452+0330] {dag.py:4180} INFO - Setting next_dagrun for example_external_task_marker_parent to None, run_after=None
[2026-08-30T23:24:03.479+0330] {processor.py:208} INFO - Processing /home/mmirnezamina/de_final_project/airflowenv/lib/python3.10/site-packages/airflow/example_dags/example_external_task_marker_dag.py took 0.122 seconds
[2026-08-30T23:24:33.573+0330] {processor.py:186} INFO - Started process (PID=15744) to work on /home/mmirnezamina/de_final_project/airflowenv/lib/python3.10/site-packages/airflow/example_dags/example_external_task_marker_dag.py
[2026-08-30T23:24:33.575+0330] {processor.py:914} INFO - Processing file /home/mmirnezamina/de_final_project/airflowenv/lib/python3.10/site-packages/airflow/example_dags/example_external_task_marker_dag.py for tasks to queue
[2026-08-30T23:24:33.577+0330] {logging_mixin.py:190} INFO - [2026-08-30T23:24:33.576+0330] {dagbag.py:588} INFO - Filling up the DagBag from /home/mmirnezamina/de_final_project/airflowenv/lib/python3.10/site-packages/airflow/example_dags/example_external_task_marker_dag.py
[2026-08-30T23:24:33.588+0330] {processor.py:925} INFO - DAG(s) 'example_external_task_marker_child', 'example_external_task_marker_parent' retrieved from /home/mmirnezamina/de_final_project/airflowenv/lib/python3.10/site-packages/airflow/example_dags/example_external_task_marker_dag.py
[2026-08-30T23:24:33.627+0330] {logging_mixin.py:190} INFO - [2026-08-30T23:24:33.627+0330] {dag.py:3239} INFO - Sync 2 DAGs
[2026-08-30T23:24:33.646+0330] {logging_mixin.py:190} INFO - [2026-08-30T23:24:33.646+0330] {dag.py:4180} INFO - Setting next_dagrun for example_external_task_marker_child to None, run_after=None
[2026-08-30T23:24:33.650+0330] {logging_mixin.py:190} INFO - [2026-08-30T23:24:33.650+0330] {dag.py:4180} INFO - Setting next_dagrun for example_external_task_marker_parent to None, run_after=None
[2026-08-30T23:24:33.675+0330] {processor.py:208} INFO - Processing /home/mmirnezamina/de_final_project/airflowenv/lib/python3.10/site-packages/airflow/example_dags/example_external_task_marker_dag.py took 0.114 seconds
[2026-08-30T23:25:03.965+0330] {processor.py:186} INFO - Started process (PID=15889) to work on /home/mmirnezamina/de_final_project/airflowenv/lib/python3.10/site-packages/airflow/example_dags/example_external_task_marker_dag.py
[2026-08-30T23:25:03.966+0330] {processor.py:914} INFO - Processing file /home/mmirnezamina/de_final_project/airflowenv/lib/python3.10/site-packages/airflow/example_dags/example_external_task_marker_dag.py for tasks to queue
[2026-08-30T23:25:03.967+0330] {logging_mixin.py:190} INFO - [2026-08-30T23:25:03.966+0330] {dagbag.py:588} INFO - Filling up the DagBag from /home/mmirnezamina/de_final_project/airflowenv/lib/python3.10/site-packages/airflow/example_dags/example_external_task_marker_dag.py
[2026-08-30T23:25:03.982+0330] {processor.py:925} INFO - DAG(s) 'example_external_task_marker_parent', 'example_external_task_marker_child' retrieved from /home/mmirnezamina/de_final_project/airflowenv/lib/python3.10/site-packages/airflow/example_dags/example_external_task_marker_dag.py
[2026-08-30T23:25:04.036+0330] {logging_mixin.py:190} INFO - [2026-08-30T23:25:04.035+0330] {dag.py:3239} INFO - Sync 2 DAGs
[2026-08-30T23:25:04.062+0330] {logging_mixin.py:190} INFO - [2026-08-30T23:25:04.061+0330] {dag.py:4180} INFO - Setting next_dagrun for example_external_task_marker_child to None, run_after=None
[2026-08-30T23:25:04.068+0330] {logging_mixin.py:190} INFO - [2026-08-30T23:25:04.067+0330] {dag.py:4180} INFO - Setting next_dagrun for example_external_task_marker_parent to None, run_after=None
[2026-08-30T23:25:04.103+0330] {processor.py:208} INFO - Processing /home/mmirnezamina/de_final_project/airflowenv/lib/python3.10/site-packages/airflow/example_dags/example_external_task_marker_dag.py took 0.149 seconds
[2026-08-30T23:25:34.414+0330] {processor.py:186} INFO - Started process (PID=16026) to work on /home/mmirnezamina/de_final_project/airflowenv/lib/python3.10/site-packages/airflow/example_dags/example_external_task_marker_dag.py
[2026-08-30T23:25:34.415+0330] {processor.py:914} INFO - Processing file /home/mmirnezamina/de_final_project/airflowenv/lib/python3.10/site-packages/airflow/example_dags/example_external_task_marker_dag.py for tasks to queue
[2026-08-30T23:25:34.416+0330] {logging_mixin.py:190} INFO - [2026-08-30T23:25:34.416+0330] {dagbag.py:588} INFO - Filling up the DagBag from /home/mmirnezamina/de_final_project/airflowenv/lib/python3.10/site-packages/airflow/example_dags/example_external_task_marker_dag.py
[2026-08-30T23:25:34.423+0330] {processor.py:925} INFO - DAG(s) 'example_external_task_marker_parent', 'example_external_task_marker_child' retrieved from /home/mmirnezamina/de_final_project/airflowenv/lib/python3.10/site-packages/airflow/example_dags/example_external_task_marker_dag.py
[2026-08-30T23:25:34.458+0330] {logging_mixin.py:190} INFO - [2026-08-30T23:25:34.457+0330] {dag.py:3239} INFO - Sync 2 DAGs
[2026-08-30T23:25:34.474+0330] {logging_mixin.py:190} INFO - [2026-08-30T23:25:34.473+0330] {dag.py:4180} INFO - Setting next_dagrun for example_external_task_marker_child to None, run_after=None
[2026-08-30T23:25:34.478+0330] {logging_mixin.py:190} INFO - [2026-08-30T23:25:34.478+0330] {dag.py:4180} INFO - Setting next_dagrun for example_external_task_marker_parent to None, run_after=None
[2026-08-30T23:25:34.504+0330] {processor.py:208} INFO - Processing /home/mmirnezamina/de_final_project/airflowenv/lib/python3.10/site-packages/airflow/example_dags/example_external_task_marker_dag.py took 0.099 seconds
[2026-08-30T23:26:04.820+0330] {processor.py:186} INFO - Started process (PID=16146) to work on /home/mmirnezamina/de_final_project/airflowenv/lib/python3.10/site-packages/airflow/example_dags/example_external_task_marker_dag.py
[2026-08-30T23:26:04.820+0330] {processor.py:914} INFO - Processing file /home/mmirnezamina/de_final_project/airflowenv/lib/python3.10/site-packages/airflow/example_dags/example_external_task_marker_dag.py for tasks to queue
[2026-08-30T23:26:04.821+0330] {logging_mixin.py:190} INFO - [2026-08-30T23:26:04.821+0330] {dagbag.py:588} INFO - Filling up the DagBag from /home/mmirnezamina/de_final_project/airflowenv/lib/python3.10/site-packages/airflow/example_dags/example_external_task_marker_dag.py
[2026-08-30T23:26:04.829+0330] {processor.py:925} INFO - DAG(s) 'example_external_task_marker_parent', 'example_external_task_marker_child' retrieved from /home/mmirnezamina/de_final_project/airflowenv/lib/python3.10/site-packages/airflow/example_dags/example_external_task_marker_dag.py
[2026-08-30T23:26:04.862+0330] {logging_mixin.py:190} INFO - [2026-08-30T23:26:04.861+0330] {dag.py:3239} INFO - Sync 2 DAGs
[2026-08-30T23:26:04.880+0330] {logging_mixin.py:190} INFO - [2026-08-30T23:26:04.880+0330] {dag.py:4180} INFO - Setting next_dagrun for example_external_task_marker_child to None, run_after=None
[2026-08-30T23:26:04.884+0330] {logging_mixin.py:190} INFO - [2026-08-30T23:26:04.884+0330] {dag.py:4180} INFO - Setting next_dagrun for example_external_task_marker_parent to None, run_after=None
[2026-08-30T23:26:04.907+0330] {processor.py:208} INFO - Processing /home/mmirnezamina/de_final_project/airflowenv/lib/python3.10/site-packages/airflow/example_dags/example_external_task_marker_dag.py took 0.095 seconds
[2026-08-30T23:26:35.183+0330] {processor.py:186} INFO - Started process (PID=16263) to work on /home/mmirnezamina/de_final_project/airflowenv/lib/python3.10/site-packages/airflow/example_dags/example_external_task_marker_dag.py
[2026-08-30T23:26:35.184+0330] {processor.py:914} INFO - Processing file /home/mmirnezamina/de_final_project/airflowenv/lib/python3.10/site-packages/airflow/example_dags/example_external_task_marker_dag.py for tasks to queue
[2026-08-30T23:26:35.185+0330] {logging_mixin.py:190} INFO - [2026-08-30T23:26:35.185+0330] {dagbag.py:588} INFO - Filling up the DagBag from /home/mmirnezamina/de_final_project/airflowenv/lib/python3.10/site-packages/airflow/example_dags/example_external_task_marker_dag.py
[2026-08-30T23:26:35.192+0330] {processor.py:925} INFO - DAG(s) 'example_external_task_marker_parent', 'example_external_task_marker_child' retrieved from /home/mmirnezamina/de_final_project/airflowenv/lib/python3.10/site-packages/airflow/example_dags/example_external_task_marker_dag.py
[2026-08-30T23:26:35.224+0330] {logging_mixin.py:190} INFO - [2026-08-30T23:26:35.223+0330] {dag.py:3239} INFO - Sync 2 DAGs
[2026-08-30T23:26:35.238+0330] {logging_mixin.py:190} INFO - [2026-08-30T23:26:35.237+0330] {dag.py:4180} INFO - Setting next_dagrun for example_external_task_marker_child to None, run_after=None
[2026-08-30T23:26:35.241+0330] {logging_mixin.py:190} INFO - [2026-08-30T23:26:35.241+0330] {dag.py:4180} INFO - Setting next_dagrun for example_external_task_marker_parent to None, run_after=None
[2026-08-30T23:26:35.262+0330] {processor.py:208} INFO - Processing /home/mmirnezamina/de_final_project/airflowenv/lib/python3.10/site-packages/airflow/example_dags/example_external_task_marker_dag.py took 0.088 seconds
[2026-08-30T23:28:27.551+0330] {processor.py:186} INFO - Started process (PID=16495) to work on /home/mmirnezamina/de_final_project/airflowenv/lib/python3.10/site-packages/airflow/example_dags/example_external_task_marker_dag.py
[2026-08-30T23:28:27.552+0330] {processor.py:914} INFO - Processing file /home/mmirnezamina/de_final_project/airflowenv/lib/python3.10/site-packages/airflow/example_dags/example_external_task_marker_dag.py for tasks to queue
[2026-08-30T23:28:27.554+0330] {logging_mixin.py:190} INFO - [2026-08-30T23:28:27.554+0330] {dagbag.py:588} INFO - Filling up the DagBag from /home/mmirnezamina/de_final_project/airflowenv/lib/python3.10/site-packages/airflow/example_dags/example_external_task_marker_dag.py
[2026-08-30T23:28:27.564+0330] {processor.py:925} INFO - DAG(s) 'example_external_task_marker_child', 'example_external_task_marker_parent' retrieved from /home/mmirnezamina/de_final_project/airflowenv/lib/python3.10/site-packages/airflow/example_dags/example_external_task_marker_dag.py
[2026-08-30T23:28:27.730+0330] {logging_mixin.py:190} INFO - [2026-08-30T23:28:27.729+0330] {override.py:1930} INFO - Created Permission View: can delete on DAG:example_external_task_marker_child
[2026-08-30T23:28:27.751+0330] {logging_mixin.py:190} INFO - [2026-08-30T23:28:27.751+0330] {override.py:1930} INFO - Created Permission View: can read on DAG:example_external_task_marker_child
[2026-08-30T23:28:27.776+0330] {logging_mixin.py:190} INFO - [2026-08-30T23:28:27.775+0330] {override.py:1930} INFO - Created Permission View: can edit on DAG:example_external_task_marker_child
[2026-08-30T23:28:27.818+0330] {logging_mixin.py:190} INFO - [2026-08-30T23:28:27.818+0330] {override.py:1930} INFO - Created Permission View: can create on DAG Run:example_external_task_marker_child
[2026-08-30T23:28:27.837+0330] {logging_mixin.py:190} INFO - [2026-08-30T23:28:27.837+0330] {override.py:1930} INFO - Created Permission View: can delete on DAG Run:example_external_task_marker_child
[2026-08-30T23:28:27.856+0330] {logging_mixin.py:190} INFO - [2026-08-30T23:28:27.855+0330] {override.py:1930} INFO - Created Permission View: can read on DAG Run:example_external_task_marker_child
[2026-08-30T23:28:27.874+0330] {logging_mixin.py:190} INFO - [2026-08-30T23:28:27.874+0330] {override.py:1930} INFO - Created Permission View: menu access on DAG Run:example_external_task_marker_child
[2026-08-30T23:28:27.910+0330] {logging_mixin.py:190} INFO - [2026-08-30T23:28:27.909+0330] {override.py:1930} INFO - Created Permission View: can delete on DAG:example_external_task_marker_parent
[2026-08-30T23:28:27.928+0330] {logging_mixin.py:190} INFO - [2026-08-30T23:28:27.927+0330] {override.py:1930} INFO - Created Permission View: can read on DAG:example_external_task_marker_parent
[2026-08-30T23:28:27.946+0330] {logging_mixin.py:190} INFO - [2026-08-30T23:28:27.946+0330] {override.py:1930} INFO - Created Permission View: can edit on DAG:example_external_task_marker_parent
[2026-08-30T23:28:27.977+0330] {logging_mixin.py:190} INFO - [2026-08-30T23:28:27.977+0330] {override.py:1930} INFO - Created Permission View: can create on DAG Run:example_external_task_marker_parent
[2026-08-30T23:28:27.994+0330] {logging_mixin.py:190} INFO - [2026-08-30T23:28:27.993+0330] {override.py:1930} INFO - Created Permission View: can delete on DAG Run:example_external_task_marker_parent
[2026-08-30T23:28:28.012+0330] {logging_mixin.py:190} INFO - [2026-08-30T23:28:28.011+0330] {override.py:1930} INFO - Created Permission View: can read on DAG Run:example_external_task_marker_parent
[2026-08-30T23:28:28.031+0330] {logging_mixin.py:190} INFO - [2026-08-30T23:28:28.031+0330] {override.py:1930} INFO - Created Permission View: menu access on DAG Run:example_external_task_marker_parent
[2026-08-30T23:28:28.032+0330] {logging_mixin.py:190} INFO - [2026-08-30T23:28:28.032+0330] {dag.py:3239} INFO - Sync 2 DAGs
[2026-08-30T23:28:28.047+0330] {logging_mixin.py:190} INFO - [2026-08-30T23:28:28.046+0330] {dag.py:3262} INFO - Creating ORM DAG for example_external_task_marker_parent
[2026-08-30T23:28:28.047+0330] {logging_mixin.py:190} INFO - [2026-08-30T23:28:28.047+0330] {dag.py:3262} INFO - Creating ORM DAG for example_external_task_marker_child
[2026-08-30T23:28:28.048+0330] {logging_mixin.py:190} INFO - [2026-08-30T23:28:28.048+0330] {dag.py:4180} INFO - Setting next_dagrun for example_external_task_marker_child to None, run_after=None
[2026-08-30T23:28:28.049+0330] {logging_mixin.py:190} INFO - [2026-08-30T23:28:28.048+0330] {dag.py:4180} INFO - Setting next_dagrun for example_external_task_marker_parent to None, run_after=None
[2026-08-30T23:28:28.086+0330] {processor.py:208} INFO - Processing /home/mmirnezamina/de_final_project/airflowenv/lib/python3.10/site-packages/airflow/example_dags/example_external_task_marker_dag.py took 0.547 seconds
