[2026-08-30T23:13:56.645+0330] {processor.py:186} INFO - Started process (PID=13218) to work on /home/mmirnezamina/de_final_project/airflowenv/lib/python3.10/site-packages/airflow/example_dags/example_branch_day_of_week_operator.py
[2026-08-30T23:13:56.647+0330] {processor.py:914} INFO - Processing file /home/mmirnezamina/de_final_project/airflowenv/lib/python3.10/site-packages/airflow/example_dags/example_branch_day_of_week_operator.py for tasks to queue
[2026-08-30T23:13:56.650+0330] {logging_mixin.py:190} INFO - [2026-08-30T23:13:56.649+0330] {dagbag.py:588} INFO - Filling up the DagBag from /home/mmirnezamina/de_final_project/airflowenv/lib/python3.10/site-packages/airflow/example_dags/example_branch_day_of_week_operator.py
[2026-08-30T23:13:56.664+0330] {processor.py:925} INFO - DAG(s) 'example_weekday_branch_operator' retrieved from /home/mmirnezamina/de_final_project/airflowenv/lib/python3.10/site-packages/airflow/example_dags/example_branch_day_of_week_operator.py
[2026-08-30T23:13:56.864+0330] {logging_mixin.py:190} INFO - [2026-08-30T23:13:56.862+0330] {override.py:1930} INFO - Created Permission View: can edit on DAG:example_weekday_branch_operator
[2026-08-30T23:13:56.884+0330] {logging_mixin.py:190} INFO - [2026-08-30T23:13:56.883+0330] {override.py:1930} INFO - Created Permission View: can read on DAG:example_weekday_branch_operator
[2026-08-30T23:13:56.899+0330] {logging_mixin.py:190} INFO - [2026-08-30T23:13:56.898+0330] {override.py:1930} INFO - Created Permission View: can delete on DAG:example_weekday_branch_operator
[2026-08-30T23:13:56.921+0330] {logging_mixin.py:190} INFO - [2026-08-30T23:13:56.921+0330] {override.py:1930} INFO - Created Permission View: menu access on DAG Run:example_weekday_branch_operator
[2026-08-30T23:13:56.939+0330] {logging_mixin.py:190} INFO - [2026-08-30T23:13:56.938+0330] {override.py:1930} INFO - Created Permission View: can create on DAG Run:example_weekday_branch_operator
[2026-08-30T23:13:56.952+0330] {logging_mixin.py:190} INFO - [2026-08-30T23:13:56.952+0330] {override.py:1930} INFO - Created Permission View: can read on DAG Run:example_weekday_branch_operator
[2026-08-30T23:13:56.966+0330] {logging_mixin.py:190} INFO - [2026-08-30T23:13:56.965+0330] {override.py:1930} INFO - Created Permission View: can delete on DAG Run:example_weekday_branch_operator
[2026-08-30T23:13:56.967+0330] {logging_mixin.py:190} INFO - [2026-08-30T23:13:56.966+0330] {dag.py:3239} INFO - Sync 1 DAGs
[2026-08-30T23:13:56.986+0330] {logging_mixin.py:190} INFO - [2026-08-30T23:13:56.985+0330] {dag.py:3262} INFO - Creating ORM DAG for example_weekday_branch_operator
[2026-08-30T23:13:57.005+0330] {logging_mixin.py:190} INFO - [2026-08-30T23:13:57.004+0330] {dag.py:4180} INFO - Setting next_dagrun for example_weekday_branch_operator to 2026-08-29 00:00:00+00:00, run_after=2026-08-30 00:00:00+00:00
[2026-08-30T23:13:57.040+0330] {processor.py:208} INFO - Processing /home/mmirnezamina/de_final_project/airflowenv/lib/python3.10/site-packages/airflow/example_dags/example_branch_day_of_week_operator.py took 0.411 seconds
[2026-08-30T23:14:27.446+0330] {processor.py:186} INFO - Started process (PID=13338) to work on /home/mmirnezamina/de_final_project/airflowenv/lib/python3.10/site-packages/airflow/example_dags/example_branch_day_of_week_operator.py
[2026-08-30T23:14:27.447+0330] {processor.py:914} INFO - Processing file /home/mmirnezamina/de_final_project/airflowenv/lib/python3.10/site-packages/airflow/example_dags/example_branch_day_of_week_operator.py for tasks to queue
[2026-08-30T23:14:27.449+0330] {logging_mixin.py:190} INFO - [2026-08-30T23:14:27.448+0330] {dagbag.py:588} INFO - Filling up the DagBag from /home/mmirnezamina/de_final_project/airflowenv/lib/python3.10/site-packages/airflow/example_dags/example_branch_day_of_week_operator.py
[2026-08-30T23:14:27.464+0330] {processor.py:925} INFO - DAG(s) 'example_weekday_branch_operator' retrieved from /home/mmirnezamina/de_final_project/airflowenv/lib/python3.10/site-packages/airflow/example_dags/example_branch_day_of_week_operator.py
[2026-08-30T23:14:27.518+0330] {logging_mixin.py:190} INFO - [2026-08-30T23:14:27.518+0330] {dag.py:3239} INFO - Sync 1 DAGs
[2026-08-30T23:14:27.568+0330] {logging_mixin.py:190} INFO - [2026-08-30T23:14:27.568+0330] {dag.py:4180} INFO - Setting next_dagrun for example_weekday_branch_operator to 2026-08-29 00:00:00+00:00, run_after=2026-08-30 00:00:00+00:00
[2026-08-30T23:14:27.605+0330] {processor.py:208} INFO - Processing /home/mmirnezamina/de_final_project/airflowenv/lib/python3.10/site-packages/airflow/example_dags/example_branch_day_of_week_operator.py took 0.179 seconds
[2026-08-30T23:14:59.220+0330] {processor.py:186} INFO - Started process (PID=13458) to work on /home/mmirnezamina/de_final_project/airflowenv/lib/python3.10/site-packages/airflow/example_dags/example_branch_day_of_week_operator.py
[2026-08-30T23:14:59.224+0330] {processor.py:914} INFO - Processing file /home/mmirnezamina/de_final_project/airflowenv/lib/python3.10/site-packages/airflow/example_dags/example_branch_day_of_week_operator.py for tasks to queue
[2026-08-30T23:14:59.227+0330] {logging_mixin.py:190} INFO - [2026-08-30T23:14:59.226+0330] {dagbag.py:588} INFO - Filling up the DagBag from /home/mmirnezamina/de_final_project/airflowenv/lib/python3.10/site-packages/airflow/example_dags/example_branch_day_of_week_operator.py
[2026-08-30T23:14:59.305+0330] {processor.py:925} INFO - DAG(s) 'example_weekday_branch_operator' retrieved from /home/mmirnezamina/de_final_project/airflowenv/lib/python3.10/site-packages/airflow/example_dags/example_branch_day_of_week_operator.py
[2026-08-30T23:14:59.428+0330] {logging_mixin.py:190} INFO - [2026-08-30T23:14:59.427+0330] {dag.py:3239} INFO - Sync 1 DAGs
[2026-08-30T23:14:59.641+0330] {logging_mixin.py:190} INFO - [2026-08-30T23:14:59.639+0330] {dag.py:4180} INFO - Setting next_dagrun for example_weekday_branch_operator to 2026-08-29 00:00:00+00:00, run_after=2026-08-30 00:00:00+00:00
[2026-08-30T23:14:59.720+0330] {processor.py:208} INFO - Processing /home/mmirnezamina/de_final_project/airflowenv/lib/python3.10/site-packages/airflow/example_dags/example_branch_day_of_week_operator.py took 0.533 seconds
[2026-08-30T23:15:31.418+0330] {processor.py:186} INFO - Started process (PID=13581) to work on /home/mmirnezamina/de_final_project/airflowenv/lib/python3.10/site-packages/airflow/example_dags/example_branch_day_of_week_operator.py
[2026-08-30T23:15:31.423+0330] {processor.py:914} INFO - Processing file /home/mmirnezamina/de_final_project/airflowenv/lib/python3.10/site-packages/airflow/example_dags/example_branch_day_of_week_operator.py for tasks to queue
[2026-08-30T23:15:31.431+0330] {logging_mixin.py:190} INFO - [2026-08-30T23:15:31.430+0330] {dagbag.py:588} INFO - Filling up the DagBag from /home/mmirnezamina/de_final_project/airflowenv/lib/python3.10/site-packages/airflow/example_dags/example_branch_day_of_week_operator.py
[2026-08-30T23:15:31.499+0330] {processor.py:925} INFO - DAG(s) 'example_weekday_branch_operator' retrieved from /home/mmirnezamina/de_final_project/airflowenv/lib/python3.10/site-packages/airflow/example_dags/example_branch_day_of_week_operator.py
[2026-08-30T23:15:31.631+0330] {logging_mixin.py:190} INFO - [2026-08-30T23:15:31.630+0330] {dag.py:3239} INFO - Sync 1 DAGs
[2026-08-30T23:15:31.732+0330] {logging_mixin.py:190} INFO - [2026-08-30T23:15:31.731+0330] {dag.py:4180} INFO - Setting next_dagrun for example_weekday_branch_operator to 2026-08-29 00:00:00+00:00, run_after=2026-08-30 00:00:00+00:00
[2026-08-30T23:15:31.828+0330] {processor.py:208} INFO - Processing /home/mmirnezamina/de_final_project/airflowenv/lib/python3.10/site-packages/airflow/example_dags/example_branch_day_of_week_operator.py took 0.447 seconds
[2026-08-30T23:16:02.581+0330] {processor.py:186} INFO - Started process (PID=13700) to work on /home/mmirnezamina/de_final_project/airflowenv/lib/python3.10/site-packages/airflow/example_dags/example_branch_day_of_week_operator.py
[2026-08-30T23:16:02.583+0330] {processor.py:914} INFO - Processing file /home/mmirnezamina/de_final_project/airflowenv/lib/python3.10/site-packages/airflow/example_dags/example_branch_day_of_week_operator.py for tasks to queue
[2026-08-30T23:16:02.585+0330] {logging_mixin.py:190} INFO - [2026-08-30T23:16:02.584+0330] {dagbag.py:588} INFO - Filling up the DagBag from /home/mmirnezamina/de_final_project/airflowenv/lib/python3.10/site-packages/airflow/example_dags/example_branch_day_of_week_operator.py
[2026-08-30T23:16:02.596+0330] {processor.py:925} INFO - DAG(s) 'example_weekday_branch_operator' retrieved from /home/mmirnezamina/de_final_project/airflowenv/lib/python3.10/site-packages/airflow/example_dags/example_branch_day_of_week_operator.py
[2026-08-30T23:16:02.629+0330] {logging_mixin.py:190} INFO - [2026-08-30T23:16:02.629+0330] {dag.py:3239} INFO - Sync 1 DAGs
[2026-08-30T23:16:02.658+0330] {logging_mixin.py:190} INFO - [2026-08-30T23:16:02.658+0330] {dag.py:4180} INFO - Setting next_dagrun for example_weekday_branch_operator to 2026-08-29 00:00:00+00:00, run_after=2026-08-30 00:00:00+00:00
[2026-08-30T23:16:02.686+0330] {processor.py:208} INFO - Processing /home/mmirnezamina/de_final_project/airflowenv/lib/python3.10/site-packages/airflow/example_dags/example_branch_day_of_week_operator.py took 0.117 seconds
[2026-08-30T23:16:33.528+0330] {processor.py:186} INFO - Started process (PID=13822) to work on /home/mmirnezamina/de_final_project/airflowenv/lib/python3.10/site-packages/airflow/example_dags/example_branch_day_of_week_operator.py
[2026-08-30T23:16:33.530+0330] {processor.py:914} INFO - Processing file /home/mmirnezamina/de_final_project/airflowenv/lib/python3.10/site-packages/airflow/example_dags/example_branch_day_of_week_operator.py for tasks to queue
[2026-08-30T23:16:33.533+0330] {logging_mixin.py:190} INFO - [2026-08-30T23:16:33.533+0330] {dagbag.py:588} INFO - Filling up the DagBag from /home/mmirnezamina/de_final_project/airflowenv/lib/python3.10/site-packages/airflow/example_dags/example_branch_day_of_week_operator.py
[2026-08-30T23:16:33.556+0330] {processor.py:925} INFO - DAG(s) 'example_weekday_branch_operator' retrieved from /home/mmirnezamina/de_final_project/airflowenv/lib/python3.10/site-packages/airflow/example_dags/example_branch_day_of_week_operator.py
[2026-08-30T23:16:33.613+0330] {logging_mixin.py:190} INFO - [2026-08-30T23:16:33.612+0330] {dag.py:3239} INFO - Sync 1 DAGs
[2026-08-30T23:16:33.664+0330] {logging_mixin.py:190} INFO - [2026-08-30T23:16:33.663+0330] {dag.py:4180} INFO - Setting next_dagrun for example_weekday_branch_operator to 2026-08-29 00:00:00+00:00, run_after=2026-08-30 00:00:00+00:00
[2026-08-30T23:16:33.709+0330] {processor.py:208} INFO - Processing /home/mmirnezamina/de_final_project/airflowenv/lib/python3.10/site-packages/airflow/example_dags/example_branch_day_of_week_operator.py took 0.199 seconds
[2026-08-30T23:17:04.063+0330] {processor.py:186} INFO - Started process (PID=13988) to work on /home/mmirnezamina/de_final_project/airflowenv/lib/python3.10/site-packages/airflow/example_dags/example_branch_day_of_week_operator.py
[2026-08-30T23:17:04.067+0330] {processor.py:914} INFO - Processing file /home/mmirnezamina/de_final_project/airflowenv/lib/python3.10/site-packages/airflow/example_dags/example_branch_day_of_week_operator.py for tasks to queue
[2026-08-30T23:17:04.073+0330] {logging_mixin.py:190} INFO - [2026-08-30T23:17:04.072+0330] {dagbag.py:588} INFO - Filling up the DagBag from /home/mmirnezamina/de_final_project/airflowenv/lib/python3.10/site-packages/airflow/example_dags/example_branch_day_of_week_operator.py
[2026-08-30T23:17:04.100+0330] {processor.py:925} INFO - DAG(s) 'example_weekday_branch_operator' retrieved from /home/mmirnezamina/de_final_project/airflowenv/lib/python3.10/site-packages/airflow/example_dags/example_branch_day_of_week_operator.py
[2026-08-30T23:17:04.187+0330] {logging_mixin.py:190} INFO - [2026-08-30T23:17:04.186+0330] {dag.py:3239} INFO - Sync 1 DAGs
[2026-08-30T23:17:04.291+0330] {logging_mixin.py:190} INFO - [2026-08-30T23:17:04.290+0330] {dag.py:4180} INFO - Setting next_dagrun for example_weekday_branch_operator to 2026-08-29 00:00:00+00:00, run_after=2026-08-30 00:00:00+00:00
[2026-08-30T23:17:04.356+0330] {processor.py:208} INFO - Processing /home/mmirnezamina/de_final_project/airflowenv/lib/python3.10/site-packages/airflow/example_dags/example_branch_day_of_week_operator.py took 0.325 seconds
[2026-08-30T23:17:36.348+0330] {processor.py:186} INFO - Started process (PID=14118) to work on /home/mmirnezamina/de_final_project/airflowenv/lib/python3.10/site-packages/airflow/example_dags/example_branch_day_of_week_operator.py
[2026-08-30T23:17:36.366+0330] {processor.py:914} INFO - Processing file /home/mmirnezamina/de_final_project/airflowenv/lib/python3.10/site-packages/airflow/example_dags/example_branch_day_of_week_operator.py for tasks to queue
[2026-08-30T23:17:36.381+0330] {logging_mixin.py:190} INFO - [2026-08-30T23:17:36.380+0330] {dagbag.py:588} INFO - Filling up the DagBag from /home/mmirnezamina/de_final_project/airflowenv/lib/python3.10/site-packages/airflow/example_dags/example_branch_day_of_week_operator.py
[2026-08-30T23:17:36.543+0330] {processor.py:925} INFO - DAG(s) 'example_weekday_branch_operator' retrieved from /home/mmirnezamina/de_final_project/airflowenv/lib/python3.10/site-packages/airflow/example_dags/example_branch_day_of_week_operator.py
[2026-08-30T23:17:36.886+0330] {logging_mixin.py:190} INFO - [2026-08-30T23:17:36.880+0330] {dag.py:3239} INFO - Sync 1 DAGs
[2026-08-30T23:17:37.051+0330] {logging_mixin.py:190} INFO - [2026-08-30T23:17:37.049+0330] {dag.py:4180} INFO - Setting next_dagrun for example_weekday_branch_operator to 2026-08-29 00:00:00+00:00, run_after=2026-08-30 00:00:00+00:00
[2026-08-30T23:17:37.190+0330] {processor.py:208} INFO - Processing /home/mmirnezamina/de_final_project/airflowenv/lib/python3.10/site-packages/airflow/example_dags/example_branch_day_of_week_operator.py took 0.906 seconds
[2026-08-30T23:18:07.749+0330] {processor.py:186} INFO - Started process (PID=14236) to work on /home/mmirnezamina/de_final_project/airflowenv/lib/python3.10/site-packages/airflow/example_dags/example_branch_day_of_week_operator.py
[2026-08-30T23:18:07.752+0330] {processor.py:914} INFO - Processing file /home/mmirnezamina/de_final_project/airflowenv/lib/python3.10/site-packages/airflow/example_dags/example_branch_day_of_week_operator.py for tasks to queue
[2026-08-30T23:18:07.755+0330] {logging_mixin.py:190} INFO - [2026-08-30T23:18:07.754+0330] {dagbag.py:588} INFO - Filling up the DagBag from /home/mmirnezamina/de_final_project/airflowenv/lib/python3.10/site-packages/airflow/example_dags/example_branch_day_of_week_operator.py
[2026-08-30T23:18:07.780+0330] {processor.py:925} INFO - DAG(s) 'example_weekday_branch_operator' retrieved from /home/mmirnezamina/de_final_project/airflowenv/lib/python3.10/site-packages/airflow/example_dags/example_branch_day_of_week_operator.py
[2026-08-30T23:18:07.870+0330] {logging_mixin.py:190} INFO - [2026-08-30T23:18:07.870+0330] {dag.py:3239} INFO - Sync 1 DAGs
[2026-08-30T23:18:07.991+0330] {logging_mixin.py:190} INFO - [2026-08-30T23:18:07.990+0330] {dag.py:4180} INFO - Setting next_dagrun for example_weekday_branch_operator to 2026-08-29 00:00:00+00:00, run_after=2026-08-30 00:00:00+00:00
[2026-08-30T23:18:08.074+0330] {processor.py:208} INFO - Processing /home/mmirnezamina/de_final_project/airflowenv/lib/python3.10/site-packages/airflow/example_dags/example_branch_day_of_week_operator.py took 0.384 seconds
[2026-08-30T23:18:38.786+0330] {processor.py:186} INFO - Started process (PID=14355) to work on /home/mmirnezamina/de_final_project/airflowenv/lib/python3.10/site-packages/airflow/example_dags/example_branch_day_of_week_operator.py
[2026-08-30T23:18:38.786+0330] {processor.py:914} INFO - Processing file /home/mmirnezamina/de_final_project/airflowenv/lib/python3.10/site-packages/airflow/example_dags/example_branch_day_of_week_operator.py for tasks to queue
[2026-08-30T23:18:38.787+0330] {logging_mixin.py:190} INFO - [2026-08-30T23:18:38.787+0330] {dagbag.py:588} INFO - Filling up the DagBag from /home/mmirnezamina/de_final_project/airflowenv/lib/python3.10/site-packages/airflow/example_dags/example_branch_day_of_week_operator.py
[2026-08-30T23:18:38.797+0330] {processor.py:925} INFO - DAG(s) 'example_weekday_branch_operator' retrieved from /home/mmirnezamina/de_final_project/airflowenv/lib/python3.10/site-packages/airflow/example_dags/example_branch_day_of_week_operator.py
[2026-08-30T23:18:38.846+0330] {logging_mixin.py:190} INFO - [2026-08-30T23:18:38.845+0330] {dag.py:3239} INFO - Sync 1 DAGs
[2026-08-30T23:18:38.877+0330] {logging_mixin.py:190} INFO - [2026-08-30T23:18:38.877+0330] {dag.py:4180} INFO - Setting next_dagrun for example_weekday_branch_operator to 2026-08-29 00:00:00+00:00, run_after=2026-08-30 00:00:00+00:00
[2026-08-30T23:18:38.909+0330] {processor.py:208} INFO - Processing /home/mmirnezamina/de_final_project/airflowenv/lib/python3.10/site-packages/airflow/example_dags/example_branch_day_of_week_operator.py took 0.132 seconds
[2026-08-30T23:19:09.471+0330] {processor.py:186} INFO - Started process (PID=14473) to work on /home/mmirnezamina/de_final_project/airflowenv/lib/python3.10/site-packages/airflow/example_dags/example_branch_day_of_week_operator.py
[2026-08-30T23:19:09.472+0330] {processor.py:914} INFO - Processing file /home/mmirnezamina/de_final_project/airflowenv/lib/python3.10/site-packages/airflow/example_dags/example_branch_day_of_week_operator.py for tasks to queue
[2026-08-30T23:19:09.474+0330] {logging_mixin.py:190} INFO - [2026-08-30T23:19:09.474+0330] {dagbag.py:588} INFO - Filling up the DagBag from /home/mmirnezamina/de_final_project/airflowenv/lib/python3.10/site-packages/airflow/example_dags/example_branch_day_of_week_operator.py
[2026-08-30T23:19:09.490+0330] {processor.py:925} INFO - DAG(s) 'example_weekday_branch_operator' retrieved from /home/mmirnezamina/de_final_project/airflowenv/lib/python3.10/site-packages/airflow/example_dags/example_branch_day_of_week_operator.py
[2026-08-30T23:19:09.533+0330] {logging_mixin.py:190} INFO - [2026-08-30T23:19:09.532+0330] {dag.py:3239} INFO - Sync 1 DAGs
[2026-08-30T23:19:09.573+0330] {logging_mixin.py:190} INFO - [2026-08-30T23:19:09.572+0330] {dag.py:4180} INFO - Setting next_dagrun for example_weekday_branch_operator to 2026-08-29 00:00:00+00:00, run_after=2026-08-30 00:00:00+00:00
[2026-08-30T23:19:09.597+0330] {processor.py:208} INFO - Processing /home/mmirnezamina/de_final_project/airflowenv/lib/python3.10/site-packages/airflow/example_dags/example_branch_day_of_week_operator.py took 0.147 seconds
[2026-08-30T23:19:40.383+0330] {processor.py:186} INFO - Started process (PID=14592) to work on /home/mmirnezamina/de_final_project/airflowenv/lib/python3.10/site-packages/airflow/example_dags/example_branch_day_of_week_operator.py
[2026-08-30T23:19:40.385+0330] {processor.py:914} INFO - Processing file /home/mmirnezamina/de_final_project/airflowenv/lib/python3.10/site-packages/airflow/example_dags/example_branch_day_of_week_operator.py for tasks to queue
[2026-08-30T23:19:40.386+0330] {logging_mixin.py:190} INFO - [2026-08-30T23:19:40.385+0330] {dagbag.py:588} INFO - Filling up the DagBag from /home/mmirnezamina/de_final_project/airflowenv/lib/python3.10/site-packages/airflow/example_dags/example_branch_day_of_week_operator.py
[2026-08-30T23:19:40.450+0330] {processor.py:925} INFO - DAG(s) 'example_weekday_branch_operator' retrieved from /home/mmirnezamina/de_final_project/airflowenv/lib/python3.10/site-packages/airflow/example_dags/example_branch_day_of_week_operator.py
[2026-08-30T23:19:40.492+0330] {logging_mixin.py:190} INFO - [2026-08-30T23:19:40.492+0330] {dag.py:3239} INFO - Sync 1 DAGs
[2026-08-30T23:19:40.531+0330] {logging_mixin.py:190} INFO - [2026-08-30T23:19:40.530+0330] {dag.py:4180} INFO - Setting next_dagrun for example_weekday_branch_operator to 2026-08-29 00:00:00+00:00, run_after=2026-08-30 00:00:00+00:00
[2026-08-30T23:19:40.562+0330] {processor.py:208} INFO - Processing /home/mmirnezamina/de_final_project/airflowenv/lib/python3.10/site-packages/airflow/example_dags/example_branch_day_of_week_operator.py took 0.190 seconds
[2026-08-30T23:20:11.200+0330] {processor.py:186} INFO - Started process (PID=14714) to work on /home/mmirnezamina/de_final_project/airflowenv/lib/python3.10/site-packages/airflow/example_dags/example_branch_day_of_week_operator.py
[2026-08-30T23:20:11.203+0330] {processor.py:914} INFO - Processing file /home/mmirnezamina/de_final_project/airflowenv/lib/python3.10/site-packages/airflow/example_dags/example_branch_day_of_week_operator.py for tasks to queue
[2026-08-30T23:20:11.205+0330] {logging_mixin.py:190} INFO - [2026-08-30T23:20:11.205+0330] {dagbag.py:588} INFO - Filling up the DagBag from /home/mmirnezamina/de_final_project/airflowenv/lib/python3.10/site-packages/airflow/example_dags/example_branch_day_of_week_operator.py
[2026-08-30T23:20:11.232+0330] {processor.py:925} INFO - DAG(s) 'example_weekday_branch_operator' retrieved from /home/mmirnezamina/de_final_project/airflowenv/lib/python3.10/site-packages/airflow/example_dags/example_branch_day_of_week_operator.py
[2026-08-30T23:20:11.293+0330] {logging_mixin.py:190} INFO - [2026-08-30T23:20:11.293+0330] {dag.py:3239} INFO - Sync 1 DAGs
[2026-08-30T23:20:11.359+0330] {logging_mixin.py:190} INFO - [2026-08-30T23:20:11.359+0330] {dag.py:4180} INFO - Setting next_dagrun for example_weekday_branch_operator to 2026-08-29 00:00:00+00:00, run_after=2026-08-30 00:00:00+00:00
[2026-08-30T23:20:11.936+0330] {processor.py:208} INFO - Processing /home/mmirnezamina/de_final_project/airflowenv/lib/python3.10/site-packages/airflow/example_dags/example_branch_day_of_week_operator.py took 0.757 seconds
[2026-08-30T23:20:42.460+0330] {processor.py:186} INFO - Started process (PID=14832) to work on /home/mmirnezamina/de_final_project/airflowenv/lib/python3.10/site-packages/airflow/example_dags/example_branch_day_of_week_operator.py
[2026-08-30T23:20:42.461+0330] {processor.py:914} INFO - Processing file /home/mmirnezamina/de_final_project/airflowenv/lib/python3.10/site-packages/airflow/example_dags/example_branch_day_of_week_operator.py for tasks to queue
[2026-08-30T23:20:42.462+0330] {logging_mixin.py:190} INFO - [2026-08-30T23:20:42.462+0330] {dagbag.py:588} INFO - Filling up the DagBag from /home/mmirnezamina/de_final_project/airflowenv/lib/python3.10/site-packages/airflow/example_dags/example_branch_day_of_week_operator.py
[2026-08-30T23:20:42.470+0330] {processor.py:925} INFO - DAG(s) 'example_weekday_branch_operator' retrieved from /home/mmirnezamina/de_final_project/airflowenv/lib/python3.10/site-packages/airflow/example_dags/example_branch_day_of_week_operator.py
[2026-08-30T23:20:42.493+0330] {logging_mixin.py:190} INFO - [2026-08-30T23:20:42.493+0330] {dag.py:3239} INFO - Sync 1 DAGs
[2026-08-30T23:20:42.510+0330] {logging_mixin.py:190} INFO - [2026-08-30T23:20:42.510+0330] {dag.py:4180} INFO - Setting next_dagrun for example_weekday_branch_operator to 2026-08-29 00:00:00+00:00, run_after=2026-08-30 00:00:00+00:00
[2026-08-30T23:20:42.531+0330] {processor.py:208} INFO - Processing /home/mmirnezamina/de_final_project/airflowenv/lib/python3.10/site-packages/airflow/example_dags/example_branch_day_of_week_operator.py took 0.077 seconds
[2026-08-30T23:21:12.872+0330] {processor.py:186} INFO - Started process (PID=14950) to work on /home/mmirnezamina/de_final_project/airflowenv/lib/python3.10/site-packages/airflow/example_dags/example_branch_day_of_week_operator.py
[2026-08-30T23:21:12.872+0330] {processor.py:914} INFO - Processing file /home/mmirnezamina/de_final_project/airflowenv/lib/python3.10/site-packages/airflow/example_dags/example_branch_day_of_week_operator.py for tasks to queue
[2026-08-30T23:21:12.873+0330] {logging_mixin.py:190} INFO - [2026-08-30T23:21:12.873+0330] {dagbag.py:588} INFO - Filling up the DagBag from /home/mmirnezamina/de_final_project/airflowenv/lib/python3.10/site-packages/airflow/example_dags/example_branch_day_of_week_operator.py
[2026-08-30T23:21:12.880+0330] {processor.py:925} INFO - DAG(s) 'example_weekday_branch_operator' retrieved from /home/mmirnezamina/de_final_project/airflowenv/lib/python3.10/site-packages/airflow/example_dags/example_branch_day_of_week_operator.py
[2026-08-30T23:21:12.904+0330] {logging_mixin.py:190} INFO - [2026-08-30T23:21:12.904+0330] {dag.py:3239} INFO - Sync 1 DAGs
[2026-08-30T23:21:12.922+0330] {logging_mixin.py:190} INFO - [2026-08-30T23:21:12.921+0330] {dag.py:4180} INFO - Setting next_dagrun for example_weekday_branch_operator to 2026-08-29 00:00:00+00:00, run_after=2026-08-30 00:00:00+00:00
[2026-08-30T23:21:12.942+0330] {processor.py:208} INFO - Processing /home/mmirnezamina/de_final_project/airflowenv/lib/python3.10/site-packages/airflow/example_dags/example_branch_day_of_week_operator.py took 0.076 seconds
[2026-08-30T23:21:43.671+0330] {processor.py:186} INFO - Started process (PID=15070) to work on /home/mmirnezamina/de_final_project/airflowenv/lib/python3.10/site-packages/airflow/example_dags/example_branch_day_of_week_operator.py
[2026-08-30T23:21:43.676+0330] {processor.py:914} INFO - Processing file /home/mmirnezamina/de_final_project/airflowenv/lib/python3.10/site-packages/airflow/example_dags/example_branch_day_of_week_operator.py for tasks to queue
[2026-08-30T23:21:43.678+0330] {logging_mixin.py:190} INFO - [2026-08-30T23:21:43.677+0330] {dagbag.py:588} INFO - Filling up the DagBag from /home/mmirnezamina/de_final_project/airflowenv/lib/python3.10/site-packages/airflow/example_dags/example_branch_day_of_week_operator.py
[2026-08-30T23:21:43.686+0330] {processor.py:925} INFO - DAG(s) 'example_weekday_branch_operator' retrieved from /home/mmirnezamina/de_final_project/airflowenv/lib/python3.10/site-packages/airflow/example_dags/example_branch_day_of_week_operator.py
[2026-08-30T23:21:43.710+0330] {logging_mixin.py:190} INFO - [2026-08-30T23:21:43.710+0330] {dag.py:3239} INFO - Sync 1 DAGs
[2026-08-30T23:21:43.731+0330] {logging_mixin.py:190} INFO - [2026-08-30T23:21:43.731+0330] {dag.py:4180} INFO - Setting next_dagrun for example_weekday_branch_operator to 2026-08-29 00:00:00+00:00, run_after=2026-08-30 00:00:00+00:00
[2026-08-30T23:21:43.750+0330] {processor.py:208} INFO - Processing /home/mmirnezamina/de_final_project/airflowenv/lib/python3.10/site-packages/airflow/example_dags/example_branch_day_of_week_operator.py took 0.087 seconds
[2026-08-30T23:22:14.662+0330] {processor.py:186} INFO - Started process (PID=15189) to work on /home/mmirnezamina/de_final_project/airflowenv/lib/python3.10/site-packages/airflow/example_dags/example_branch_day_of_week_operator.py
[2026-08-30T23:22:14.663+0330] {processor.py:914} INFO - Processing file /home/mmirnezamina/de_final_project/airflowenv/lib/python3.10/site-packages/airflow/example_dags/example_branch_day_of_week_operator.py for tasks to queue
[2026-08-30T23:22:14.663+0330] {logging_mixin.py:190} INFO - [2026-08-30T23:22:14.663+0330] {dagbag.py:588} INFO - Filling up the DagBag from /home/mmirnezamina/de_final_project/airflowenv/lib/python3.10/site-packages/airflow/example_dags/example_branch_day_of_week_operator.py
[2026-08-30T23:22:14.672+0330] {processor.py:925} INFO - DAG(s) 'example_weekday_branch_operator' retrieved from /home/mmirnezamina/de_final_project/airflowenv/lib/python3.10/site-packages/airflow/example_dags/example_branch_day_of_week_operator.py
[2026-08-30T23:22:14.696+0330] {logging_mixin.py:190} INFO - [2026-08-30T23:22:14.696+0330] {dag.py:3239} INFO - Sync 1 DAGs
[2026-08-30T23:22:14.715+0330] {logging_mixin.py:190} INFO - [2026-08-30T23:22:14.715+0330] {dag.py:4180} INFO - Setting next_dagrun for example_weekday_branch_operator to 2026-08-29 00:00:00+00:00, run_after=2026-08-30 00:00:00+00:00
[2026-08-30T23:22:14.734+0330] {processor.py:208} INFO - Processing /home/mmirnezamina/de_final_project/airflowenv/lib/python3.10/site-packages/airflow/example_dags/example_branch_day_of_week_operator.py took 0.080 seconds
[2026-08-30T23:22:45.453+0330] {processor.py:186} INFO - Started process (PID=15308) to work on /home/mmirnezamina/de_final_project/airflowenv/lib/python3.10/site-packages/airflow/example_dags/example_branch_day_of_week_operator.py
[2026-08-30T23:22:45.455+0330] {processor.py:914} INFO - Processing file /home/mmirnezamina/de_final_project/airflowenv/lib/python3.10/site-packages/airflow/example_dags/example_branch_day_of_week_operator.py for tasks to queue
[2026-08-30T23:22:45.456+0330] {logging_mixin.py:190} INFO - [2026-08-30T23:22:45.456+0330] {dagbag.py:588} INFO - Filling up the DagBag from /home/mmirnezamina/de_final_project/airflowenv/lib/python3.10/site-packages/airflow/example_dags/example_branch_day_of_week_operator.py
[2026-08-30T23:22:45.468+0330] {processor.py:925} INFO - DAG(s) 'example_weekday_branch_operator' retrieved from /home/mmirnezamina/de_final_project/airflowenv/lib/python3.10/site-packages/airflow/example_dags/example_branch_day_of_week_operator.py
[2026-08-30T23:22:45.504+0330] {logging_mixin.py:190} INFO - [2026-08-30T23:22:45.504+0330] {dag.py:3239} INFO - Sync 1 DAGs
[2026-08-30T23:22:45.536+0330] {logging_mixin.py:190} INFO - [2026-08-30T23:22:45.535+0330] {dag.py:4180} INFO - Setting next_dagrun for example_weekday_branch_operator to 2026-08-29 00:00:00+00:00, run_after=2026-08-30 00:00:00+00:00
[2026-08-30T23:22:45.567+0330] {processor.py:208} INFO - Processing /home/mmirnezamina/de_final_project/airflowenv/lib/python3.10/site-packages/airflow/example_dags/example_branch_day_of_week_operator.py took 0.124 seconds
[2026-08-30T23:23:16.354+0330] {processor.py:186} INFO - Started process (PID=15428) to work on /home/mmirnezamina/de_final_project/airflowenv/lib/python3.10/site-packages/airflow/example_dags/example_branch_day_of_week_operator.py
[2026-08-30T23:23:16.355+0330] {processor.py:914} INFO - Processing file /home/mmirnezamina/de_final_project/airflowenv/lib/python3.10/site-packages/airflow/example_dags/example_branch_day_of_week_operator.py for tasks to queue
[2026-08-30T23:23:16.357+0330] {logging_mixin.py:190} INFO - [2026-08-30T23:23:16.357+0330] {dagbag.py:588} INFO - Filling up the DagBag from /home/mmirnezamina/de_final_project/airflowenv/lib/python3.10/site-packages/airflow/example_dags/example_branch_day_of_week_operator.py
[2026-08-30T23:23:16.371+0330] {processor.py:925} INFO - DAG(s) 'example_weekday_branch_operator' retrieved from /home/mmirnezamina/de_final_project/airflowenv/lib/python3.10/site-packages/airflow/example_dags/example_branch_day_of_week_operator.py
[2026-08-30T23:23:16.413+0330] {logging_mixin.py:190} INFO - [2026-08-30T23:23:16.412+0330] {dag.py:3239} INFO - Sync 1 DAGs
[2026-08-30T23:23:16.448+0330] {logging_mixin.py:190} INFO - [2026-08-30T23:23:16.447+0330] {dag.py:4180} INFO - Setting next_dagrun for example_weekday_branch_operator to 2026-08-29 00:00:00+00:00, run_after=2026-08-30 00:00:00+00:00
[2026-08-30T23:23:16.485+0330] {processor.py:208} INFO - Processing /home/mmirnezamina/de_final_project/airflowenv/lib/python3.10/site-packages/airflow/example_dags/example_branch_day_of_week_operator.py took 0.143 seconds
[2026-08-30T23:23:47.223+0330] {processor.py:186} INFO - Started process (PID=15545) to work on /home/mmirnezamina/de_final_project/airflowenv/lib/python3.10/site-packages/airflow/example_dags/example_branch_day_of_week_operator.py
[2026-08-30T23:23:47.224+0330] {processor.py:914} INFO - Processing file /home/mmirnezamina/de_final_project/airflowenv/lib/python3.10/site-packages/airflow/example_dags/example_branch_day_of_week_operator.py for tasks to queue
[2026-08-30T23:23:47.225+0330] {logging_mixin.py:190} INFO - [2026-08-30T23:23:47.225+0330] {dagbag.py:588} INFO - Filling up the DagBag from /home/mmirnezamina/de_final_project/airflowenv/lib/python3.10/site-packages/airflow/example_dags/example_branch_day_of_week_operator.py
[2026-08-30T23:23:47.233+0330] {processor.py:925} INFO - DAG(s) 'example_weekday_branch_operator' retrieved from /home/mmirnezamina/de_final_project/airflowenv/lib/python3.10/site-packages/airflow/example_dags/example_branch_day_of_week_operator.py
[2026-08-30T23:23:47.262+0330] {logging_mixin.py:190} INFO - [2026-08-30T23:23:47.262+0330] {dag.py:3239} INFO - Sync 1 DAGs
[2026-08-30T23:23:47.285+0330] {logging_mixin.py:190} INFO - [2026-08-30T23:23:47.285+0330] {dag.py:4180} INFO - Setting next_dagrun for example_weekday_branch_operator to 2026-08-29 00:00:00+00:00, run_after=2026-08-30 00:00:00+00:00
[2026-08-30T23:23:47.304+0330] {processor.py:208} INFO - Processing /home/mmirnezamina/de_final_project/airflowenv/lib/python3.10/site-packages/airflow/example_dags/example_branch_day_of_week_operator.py took 0.089 seconds
[2026-08-30T23:24:18.055+0330] {processor.py:186} INFO - Started process (PID=15665) to work on /home/mmirnezamina/de_final_project/airflowenv/lib/python3.10/site-packages/airflow/example_dags/example_branch_day_of_week_operator.py
[2026-08-30T23:24:18.056+0330] {processor.py:914} INFO - Processing file /home/mmirnezamina/de_final_project/airflowenv/lib/python3.10/site-packages/airflow/example_dags/example_branch_day_of_week_operator.py for tasks to queue
[2026-08-30T23:24:18.057+0330] {logging_mixin.py:190} INFO - [2026-08-30T23:24:18.057+0330] {dagbag.py:588} INFO - Filling up the DagBag from /home/mmirnezamina/de_final_project/airflowenv/lib/python3.10/site-packages/airflow/example_dags/example_branch_day_of_week_operator.py
[2026-08-30T23:24:18.070+0330] {processor.py:925} INFO - DAG(s) 'example_weekday_branch_operator' retrieved from /home/mmirnezamina/de_final_project/airflowenv/lib/python3.10/site-packages/airflow/example_dags/example_branch_day_of_week_operator.py
[2026-08-30T23:24:18.109+0330] {logging_mixin.py:190} INFO - [2026-08-30T23:24:18.109+0330] {dag.py:3239} INFO - Sync 1 DAGs
[2026-08-30T23:24:18.140+0330] {logging_mixin.py:190} INFO - [2026-08-30T23:24:18.140+0330] {dag.py:4180} INFO - Setting next_dagrun for example_weekday_branch_operator to 2026-08-29 00:00:00+00:00, run_after=2026-08-30 00:00:00+00:00
[2026-08-30T23:24:18.170+0330] {processor.py:208} INFO - Processing /home/mmirnezamina/de_final_project/airflowenv/lib/python3.10/site-packages/airflow/example_dags/example_branch_day_of_week_operator.py took 0.125 seconds
[2026-08-30T23:24:48.913+0330] {processor.py:186} INFO - Started process (PID=15782) to work on /home/mmirnezamina/de_final_project/airflowenv/lib/python3.10/site-packages/airflow/example_dags/example_branch_day_of_week_operator.py
[2026-08-30T23:24:48.915+0330] {processor.py:914} INFO - Processing file /home/mmirnezamina/de_final_project/airflowenv/lib/python3.10/site-packages/airflow/example_dags/example_branch_day_of_week_operator.py for tasks to queue
[2026-08-30T23:24:48.917+0330] {logging_mixin.py:190} INFO - [2026-08-30T23:24:48.917+0330] {dagbag.py:588} INFO - Filling up the DagBag from /home/mmirnezamina/de_final_project/airflowenv/lib/python3.10/site-packages/airflow/example_dags/example_branch_day_of_week_operator.py
[2026-08-30T23:24:49.002+0330] {processor.py:925} INFO - DAG(s) 'example_weekday_branch_operator' retrieved from /home/mmirnezamina/de_final_project/airflowenv/lib/python3.10/site-packages/airflow/example_dags/example_branch_day_of_week_operator.py
[2026-08-30T23:24:49.053+0330] {logging_mixin.py:190} INFO - [2026-08-30T23:24:49.053+0330] {dag.py:3239} INFO - Sync 1 DAGs
[2026-08-30T23:24:49.089+0330] {logging_mixin.py:190} INFO - [2026-08-30T23:24:49.089+0330] {dag.py:4180} INFO - Setting next_dagrun for example_weekday_branch_operator to 2026-08-29 00:00:00+00:00, run_after=2026-08-30 00:00:00+00:00
[2026-08-30T23:24:49.121+0330] {processor.py:208} INFO - Processing /home/mmirnezamina/de_final_project/airflowenv/lib/python3.10/site-packages/airflow/example_dags/example_branch_day_of_week_operator.py took 0.232 seconds
[2026-08-30T23:25:19.275+0330] {processor.py:186} INFO - Started process (PID=15927) to work on /home/mmirnezamina/de_final_project/airflowenv/lib/python3.10/site-packages/airflow/example_dags/example_branch_day_of_week_operator.py
[2026-08-30T23:25:19.276+0330] {processor.py:914} INFO - Processing file /home/mmirnezamina/de_final_project/airflowenv/lib/python3.10/site-packages/airflow/example_dags/example_branch_day_of_week_operator.py for tasks to queue
[2026-08-30T23:25:19.277+0330] {logging_mixin.py:190} INFO - [2026-08-30T23:25:19.277+0330] {dagbag.py:588} INFO - Filling up the DagBag from /home/mmirnezamina/de_final_project/airflowenv/lib/python3.10/site-packages/airflow/example_dags/example_branch_day_of_week_operator.py
[2026-08-30T23:25:19.288+0330] {processor.py:925} INFO - DAG(s) 'example_weekday_branch_operator' retrieved from /home/mmirnezamina/de_final_project/airflowenv/lib/python3.10/site-packages/airflow/example_dags/example_branch_day_of_week_operator.py
[2026-08-30T23:25:19.321+0330] {logging_mixin.py:190} INFO - [2026-08-30T23:25:19.321+0330] {dag.py:3239} INFO - Sync 1 DAGs
[2026-08-30T23:25:19.347+0330] {logging_mixin.py:190} INFO - [2026-08-30T23:25:19.347+0330] {dag.py:4180} INFO - Setting next_dagrun for example_weekday_branch_operator to 2026-08-29 00:00:00+00:00, run_after=2026-08-30 00:00:00+00:00
[2026-08-30T23:25:19.372+0330] {processor.py:208} INFO - Processing /home/mmirnezamina/de_final_project/airflowenv/lib/python3.10/site-packages/airflow/example_dags/example_branch_day_of_week_operator.py took 0.106 seconds
[2026-08-30T23:25:49.533+0330] {processor.py:186} INFO - Started process (PID=16064) to work on /home/mmirnezamina/de_final_project/airflowenv/lib/python3.10/site-packages/airflow/example_dags/example_branch_day_of_week_operator.py
[2026-08-30T23:25:49.534+0330] {processor.py:914} INFO - Processing file /home/mmirnezamina/de_final_project/airflowenv/lib/python3.10/site-packages/airflow/example_dags/example_branch_day_of_week_operator.py for tasks to queue
[2026-08-30T23:25:49.535+0330] {logging_mixin.py:190} INFO - [2026-08-30T23:25:49.534+0330] {dagbag.py:588} INFO - Filling up the DagBag from /home/mmirnezamina/de_final_project/airflowenv/lib/python3.10/site-packages/airflow/example_dags/example_branch_day_of_week_operator.py
[2026-08-30T23:25:49.544+0330] {processor.py:925} INFO - DAG(s) 'example_weekday_branch_operator' retrieved from /home/mmirnezamina/de_final_project/airflowenv/lib/python3.10/site-packages/airflow/example_dags/example_branch_day_of_week_operator.py
[2026-08-30T23:25:49.567+0330] {logging_mixin.py:190} INFO - [2026-08-30T23:25:49.566+0330] {dag.py:3239} INFO - Sync 1 DAGs
[2026-08-30T23:25:49.585+0330] {logging_mixin.py:190} INFO - [2026-08-30T23:25:49.585+0330] {dag.py:4180} INFO - Setting next_dagrun for example_weekday_branch_operator to 2026-08-29 00:00:00+00:00, run_after=2026-08-30 00:00:00+00:00
[2026-08-30T23:25:49.605+0330] {processor.py:208} INFO - Processing /home/mmirnezamina/de_final_project/airflowenv/lib/python3.10/site-packages/airflow/example_dags/example_branch_day_of_week_operator.py took 0.079 seconds
[2026-08-30T23:26:20.073+0330] {processor.py:186} INFO - Started process (PID=16184) to work on /home/mmirnezamina/de_final_project/airflowenv/lib/python3.10/site-packages/airflow/example_dags/example_branch_day_of_week_operator.py
[2026-08-30T23:26:20.075+0330] {processor.py:914} INFO - Processing file /home/mmirnezamina/de_final_project/airflowenv/lib/python3.10/site-packages/airflow/example_dags/example_branch_day_of_week_operator.py for tasks to queue
[2026-08-30T23:26:20.077+0330] {logging_mixin.py:190} INFO - [2026-08-30T23:26:20.076+0330] {dagbag.py:588} INFO - Filling up the DagBag from /home/mmirnezamina/de_final_project/airflowenv/lib/python3.10/site-packages/airflow/example_dags/example_branch_day_of_week_operator.py
[2026-08-30T23:26:20.093+0330] {processor.py:925} INFO - DAG(s) 'example_weekday_branch_operator' retrieved from /home/mmirnezamina/de_final_project/airflowenv/lib/python3.10/site-packages/airflow/example_dags/example_branch_day_of_week_operator.py
[2026-08-30T23:26:20.132+0330] {logging_mixin.py:190} INFO - [2026-08-30T23:26:20.131+0330] {dag.py:3239} INFO - Sync 1 DAGs
[2026-08-30T23:26:20.176+0330] {logging_mixin.py:190} INFO - [2026-08-30T23:26:20.176+0330] {dag.py:4180} INFO - Setting next_dagrun for example_weekday_branch_operator to 2026-08-29 00:00:00+00:00, run_after=2026-08-30 00:00:00+00:00
[2026-08-30T23:26:20.210+0330] {processor.py:208} INFO - Processing /home/mmirnezamina/de_final_project/airflowenv/lib/python3.10/site-packages/airflow/example_dags/example_branch_day_of_week_operator.py took 0.149 seconds
[2026-08-30T23:26:50.600+0330] {processor.py:186} INFO - Started process (PID=16301) to work on /home/mmirnezamina/de_final_project/airflowenv/lib/python3.10/site-packages/airflow/example_dags/example_branch_day_of_week_operator.py
[2026-08-30T23:26:50.603+0330] {processor.py:914} INFO - Processing file /home/mmirnezamina/de_final_project/airflowenv/lib/python3.10/site-packages/airflow/example_dags/example_branch_day_of_week_operator.py for tasks to queue
[2026-08-30T23:26:50.605+0330] {logging_mixin.py:190} INFO - [2026-08-30T23:26:50.604+0330] {dagbag.py:588} INFO - Filling up the DagBag from /home/mmirnezamina/de_final_project/airflowenv/lib/python3.10/site-packages/airflow/example_dags/example_branch_day_of_week_operator.py
[2026-08-30T23:26:50.627+0330] {processor.py:925} INFO - DAG(s) 'example_weekday_branch_operator' retrieved from /home/mmirnezamina/de_final_project/airflowenv/lib/python3.10/site-packages/airflow/example_dags/example_branch_day_of_week_operator.py
[2026-08-30T23:26:50.688+0330] {logging_mixin.py:190} INFO - [2026-08-30T23:26:50.687+0330] {dag.py:3239} INFO - Sync 1 DAGs
[2026-08-30T23:26:50.752+0330] {logging_mixin.py:190} INFO - [2026-08-30T23:26:50.751+0330] {dag.py:4180} INFO - Setting next_dagrun for example_weekday_branch_operator to 2026-08-29 00:00:00+00:00, run_after=2026-08-30 00:00:00+00:00
[2026-08-30T23:26:50.826+0330] {processor.py:208} INFO - Processing /home/mmirnezamina/de_final_project/airflowenv/lib/python3.10/site-packages/airflow/example_dags/example_branch_day_of_week_operator.py took 0.243 seconds
