[2026-08-30T23:13:46.549+0330] {processor.py:186} INFO - Started process (PID=13167) to work on /home/mmirnezamina/de_final_project/airflowenv/lib/python3.10/site-packages/airflow/example_dags/example_params_ui_tutorial.py
[2026-08-30T23:13:46.552+0330] {processor.py:914} INFO - Processing file /home/mmirnezamina/de_final_project/airflowenv/lib/python3.10/site-packages/airflow/example_dags/example_params_ui_tutorial.py for tasks to queue
[2026-08-30T23:13:46.558+0330] {logging_mixin.py:190} INFO - [2026-08-30T23:13:46.555+0330] {dagbag.py:588} INFO - Filling up the DagBag from /home/mmirnezamina/de_final_project/airflowenv/lib/python3.10/site-packages/airflow/example_dags/example_params_ui_tutorial.py
[2026-08-30T23:13:46.627+0330] {processor.py:925} INFO - DAG(s) 'example_params_ui_tutorial' retrieved from /home/mmirnezamina/de_final_project/airflowenv/lib/python3.10/site-packages/airflow/example_dags/example_params_ui_tutorial.py
[2026-08-30T23:13:47.243+0330] {logging_mixin.py:190} INFO - [2026-08-30T23:13:47.240+0330] {override.py:1930} INFO - Created Permission View: can edit on DAG:example_params_ui_tutorial
[2026-08-30T23:13:47.277+0330] {logging_mixin.py:190} INFO - [2026-08-30T23:13:47.276+0330] {override.py:1930} INFO - Created Permission View: can read on DAG:example_params_ui_tutorial
[2026-08-30T23:13:47.307+0330] {logging_mixin.py:190} INFO - [2026-08-30T23:13:47.306+0330] {override.py:1930} INFO - Created Permission View: can delete on DAG:example_params_ui_tutorial
[2026-08-30T23:13:47.338+0330] {logging_mixin.py:190} INFO - [2026-08-30T23:13:47.337+0330] {override.py:1930} INFO - Created Permission View: menu access on DAG Run:example_params_ui_tutorial
[2026-08-30T23:13:47.367+0330] {logging_mixin.py:190} INFO - [2026-08-30T23:13:47.366+0330] {override.py:1930} INFO - Created Permission View: can create on DAG Run:example_params_ui_tutorial
[2026-08-30T23:13:47.397+0330] {logging_mixin.py:190} INFO - [2026-08-30T23:13:47.396+0330] {override.py:1930} INFO - Created Permission View: can read on DAG Run:example_params_ui_tutorial
[2026-08-30T23:13:47.427+0330] {logging_mixin.py:190} INFO - [2026-08-30T23:13:47.426+0330] {override.py:1930} INFO - Created Permission View: can delete on DAG Run:example_params_ui_tutorial
[2026-08-30T23:13:47.429+0330] {logging_mixin.py:190} INFO - [2026-08-30T23:13:47.428+0330] {dag.py:3239} INFO - Sync 1 DAGs
[2026-08-30T23:13:47.492+0330] {logging_mixin.py:190} INFO - [2026-08-30T23:13:47.491+0330] {dag.py:3262} INFO - Creating ORM DAG for example_params_ui_tutorial
[2026-08-30T23:13:47.494+0330] {logging_mixin.py:190} INFO - [2026-08-30T23:13:47.494+0330] {dag.py:4180} INFO - Setting next_dagrun for example_params_ui_tutorial to None, run_after=None
[2026-08-30T23:13:47.575+0330] {processor.py:208} INFO - Processing /home/mmirnezamina/de_final_project/airflowenv/lib/python3.10/site-packages/airflow/example_dags/example_params_ui_tutorial.py took 1.068 seconds
[2026-08-30T23:14:17.890+0330] {processor.py:186} INFO - Started process (PID=13294) to work on /home/mmirnezamina/de_final_project/airflowenv/lib/python3.10/site-packages/airflow/example_dags/example_params_ui_tutorial.py
[2026-08-30T23:14:17.893+0330] {processor.py:914} INFO - Processing file /home/mmirnezamina/de_final_project/airflowenv/lib/python3.10/site-packages/airflow/example_dags/example_params_ui_tutorial.py for tasks to queue
[2026-08-30T23:14:17.899+0330] {logging_mixin.py:190} INFO - [2026-08-30T23:14:17.898+0330] {dagbag.py:588} INFO - Filling up the DagBag from /home/mmirnezamina/de_final_project/airflowenv/lib/python3.10/site-packages/airflow/example_dags/example_params_ui_tutorial.py
[2026-08-30T23:14:17.923+0330] {processor.py:925} INFO - DAG(s) 'example_params_ui_tutorial' retrieved from /home/mmirnezamina/de_final_project/airflowenv/lib/python3.10/site-packages/airflow/example_dags/example_params_ui_tutorial.py
[2026-08-30T23:14:18.048+0330] {logging_mixin.py:190} INFO - [2026-08-30T23:14:18.047+0330] {dag.py:3239} INFO - Sync 1 DAGs
[2026-08-30T23:14:18.080+0330] {logging_mixin.py:190} INFO - [2026-08-30T23:14:18.079+0330] {dag.py:4180} INFO - Setting next_dagrun for example_params_ui_tutorial to None, run_after=None
[2026-08-30T23:14:18.130+0330] {processor.py:208} INFO - Processing /home/mmirnezamina/de_final_project/airflowenv/lib/python3.10/site-packages/airflow/example_dags/example_params_ui_tutorial.py took 0.261 seconds
[2026-08-30T23:14:48.345+0330] {processor.py:186} INFO - Started process (PID=13411) to work on /home/mmirnezamina/de_final_project/airflowenv/lib/python3.10/site-packages/airflow/example_dags/example_params_ui_tutorial.py
[2026-08-30T23:14:48.349+0330] {processor.py:914} INFO - Processing file /home/mmirnezamina/de_final_project/airflowenv/lib/python3.10/site-packages/airflow/example_dags/example_params_ui_tutorial.py for tasks to queue
[2026-08-30T23:14:48.353+0330] {logging_mixin.py:190} INFO - [2026-08-30T23:14:48.352+0330] {dagbag.py:588} INFO - Filling up the DagBag from /home/mmirnezamina/de_final_project/airflowenv/lib/python3.10/site-packages/airflow/example_dags/example_params_ui_tutorial.py
[2026-08-30T23:14:48.379+0330] {processor.py:925} INFO - DAG(s) 'example_params_ui_tutorial' retrieved from /home/mmirnezamina/de_final_project/airflowenv/lib/python3.10/site-packages/airflow/example_dags/example_params_ui_tutorial.py
[2026-08-30T23:14:48.510+0330] {logging_mixin.py:190} INFO - [2026-08-30T23:14:48.510+0330] {dag.py:3239} INFO - Sync 1 DAGs
[2026-08-30T23:14:48.545+0330] {logging_mixin.py:190} INFO - [2026-08-30T23:14:48.545+0330] {dag.py:4180} INFO - Setting next_dagrun for example_params_ui_tutorial to None, run_after=None
[2026-08-30T23:14:48.596+0330] {processor.py:208} INFO - Processing /home/mmirnezamina/de_final_project/airflowenv/lib/python3.10/site-packages/airflow/example_dags/example_params_ui_tutorial.py took 0.274 seconds
[2026-08-30T23:15:19.071+0330] {processor.py:186} INFO - Started process (PID=13532) to work on /home/mmirnezamina/de_final_project/airflowenv/lib/python3.10/site-packages/airflow/example_dags/example_params_ui_tutorial.py
[2026-08-30T23:15:19.075+0330] {processor.py:914} INFO - Processing file /home/mmirnezamina/de_final_project/airflowenv/lib/python3.10/site-packages/airflow/example_dags/example_params_ui_tutorial.py for tasks to queue
[2026-08-30T23:15:19.086+0330] {logging_mixin.py:190} INFO - [2026-08-30T23:15:19.085+0330] {dagbag.py:588} INFO - Filling up the DagBag from /home/mmirnezamina/de_final_project/airflowenv/lib/python3.10/site-packages/airflow/example_dags/example_params_ui_tutorial.py
[2026-08-30T23:15:19.141+0330] {processor.py:925} INFO - DAG(s) 'example_params_ui_tutorial' retrieved from /home/mmirnezamina/de_final_project/airflowenv/lib/python3.10/site-packages/airflow/example_dags/example_params_ui_tutorial.py
[2026-08-30T23:15:19.368+0330] {logging_mixin.py:190} INFO - [2026-08-30T23:15:19.367+0330] {dag.py:3239} INFO - Sync 1 DAGs
[2026-08-30T23:15:19.432+0330] {logging_mixin.py:190} INFO - [2026-08-30T23:15:19.431+0330] {dag.py:4180} INFO - Setting next_dagrun for example_params_ui_tutorial to None, run_after=None
[2026-08-30T23:15:19.592+0330] {processor.py:208} INFO - Processing /home/mmirnezamina/de_final_project/airflowenv/lib/python3.10/site-packages/airflow/example_dags/example_params_ui_tutorial.py took 0.577 seconds
[2026-08-30T23:15:50.484+0330] {processor.py:186} INFO - Started process (PID=13650) to work on /home/mmirnezamina/de_final_project/airflowenv/lib/python3.10/site-packages/airflow/example_dags/example_params_ui_tutorial.py
[2026-08-30T23:15:50.485+0330] {processor.py:914} INFO - Processing file /home/mmirnezamina/de_final_project/airflowenv/lib/python3.10/site-packages/airflow/example_dags/example_params_ui_tutorial.py for tasks to queue
[2026-08-30T23:15:50.487+0330] {logging_mixin.py:190} INFO - [2026-08-30T23:15:50.486+0330] {dagbag.py:588} INFO - Filling up the DagBag from /home/mmirnezamina/de_final_project/airflowenv/lib/python3.10/site-packages/airflow/example_dags/example_params_ui_tutorial.py
[2026-08-30T23:15:50.498+0330] {processor.py:925} INFO - DAG(s) 'example_params_ui_tutorial' retrieved from /home/mmirnezamina/de_final_project/airflowenv/lib/python3.10/site-packages/airflow/example_dags/example_params_ui_tutorial.py
[2026-08-30T23:15:50.554+0330] {logging_mixin.py:190} INFO - [2026-08-30T23:15:50.554+0330] {dag.py:3239} INFO - Sync 1 DAGs
[2026-08-30T23:15:50.570+0330] {logging_mixin.py:190} INFO - [2026-08-30T23:15:50.570+0330] {dag.py:4180} INFO - Setting next_dagrun for example_params_ui_tutorial to None, run_after=None
[2026-08-30T23:15:50.596+0330] {processor.py:208} INFO - Processing /home/mmirnezamina/de_final_project/airflowenv/lib/python3.10/site-packages/airflow/example_dags/example_params_ui_tutorial.py took 0.123 seconds
[2026-08-30T23:16:21.108+0330] {processor.py:186} INFO - Started process (PID=13770) to work on /home/mmirnezamina/de_final_project/airflowenv/lib/python3.10/site-packages/airflow/example_dags/example_params_ui_tutorial.py
[2026-08-30T23:16:21.109+0330] {processor.py:914} INFO - Processing file /home/mmirnezamina/de_final_project/airflowenv/lib/python3.10/site-packages/airflow/example_dags/example_params_ui_tutorial.py for tasks to queue
[2026-08-30T23:16:21.111+0330] {logging_mixin.py:190} INFO - [2026-08-30T23:16:21.111+0330] {dagbag.py:588} INFO - Filling up the DagBag from /home/mmirnezamina/de_final_project/airflowenv/lib/python3.10/site-packages/airflow/example_dags/example_params_ui_tutorial.py
[2026-08-30T23:16:21.131+0330] {processor.py:925} INFO - DAG(s) 'example_params_ui_tutorial' retrieved from /home/mmirnezamina/de_final_project/airflowenv/lib/python3.10/site-packages/airflow/example_dags/example_params_ui_tutorial.py
[2026-08-30T23:16:21.237+0330] {logging_mixin.py:190} INFO - [2026-08-30T23:16:21.237+0330] {dag.py:3239} INFO - Sync 1 DAGs
[2026-08-30T23:16:21.266+0330] {logging_mixin.py:190} INFO - [2026-08-30T23:16:21.265+0330] {dag.py:4180} INFO - Setting next_dagrun for example_params_ui_tutorial to None, run_after=None
[2026-08-30T23:16:21.308+0330] {processor.py:208} INFO - Processing /home/mmirnezamina/de_final_project/airflowenv/lib/python3.10/site-packages/airflow/example_dags/example_params_ui_tutorial.py took 0.218 seconds
[2026-08-30T23:16:51.382+0330] {processor.py:186} INFO - Started process (PID=13919) to work on /home/mmirnezamina/de_final_project/airflowenv/lib/python3.10/site-packages/airflow/example_dags/example_params_ui_tutorial.py
[2026-08-30T23:16:51.384+0330] {processor.py:914} INFO - Processing file /home/mmirnezamina/de_final_project/airflowenv/lib/python3.10/site-packages/airflow/example_dags/example_params_ui_tutorial.py for tasks to queue
[2026-08-30T23:16:51.387+0330] {logging_mixin.py:190} INFO - [2026-08-30T23:16:51.386+0330] {dagbag.py:588} INFO - Filling up the DagBag from /home/mmirnezamina/de_final_project/airflowenv/lib/python3.10/site-packages/airflow/example_dags/example_params_ui_tutorial.py
[2026-08-30T23:16:51.401+0330] {processor.py:925} INFO - DAG(s) 'example_params_ui_tutorial' retrieved from /home/mmirnezamina/de_final_project/airflowenv/lib/python3.10/site-packages/airflow/example_dags/example_params_ui_tutorial.py
[2026-08-30T23:16:51.504+0330] {logging_mixin.py:190} INFO - [2026-08-30T23:16:51.504+0330] {dag.py:3239} INFO - Sync 1 DAGs
[2026-08-30T23:16:51.525+0330] {logging_mixin.py:190} INFO - [2026-08-30T23:16:51.525+0330] {dag.py:4180} INFO - Setting next_dagrun for example_params_ui_tutorial to None, run_after=None
[2026-08-30T23:16:51.562+0330] {processor.py:208} INFO - Processing /home/mmirnezamina/de_final_project/airflowenv/lib/python3.10/site-packages/airflow/example_dags/example_params_ui_tutorial.py took 0.194 seconds
[2026-08-30T23:17:21.921+0330] {processor.py:186} INFO - Started process (PID=14057) to work on /home/mmirnezamina/de_final_project/airflowenv/lib/python3.10/site-packages/airflow/example_dags/example_params_ui_tutorial.py
[2026-08-30T23:17:21.923+0330] {processor.py:914} INFO - Processing file /home/mmirnezamina/de_final_project/airflowenv/lib/python3.10/site-packages/airflow/example_dags/example_params_ui_tutorial.py for tasks to queue
[2026-08-30T23:17:21.926+0330] {logging_mixin.py:190} INFO - [2026-08-30T23:17:21.926+0330] {dagbag.py:588} INFO - Filling up the DagBag from /home/mmirnezamina/de_final_project/airflowenv/lib/python3.10/site-packages/airflow/example_dags/example_params_ui_tutorial.py
[2026-08-30T23:17:21.956+0330] {processor.py:925} INFO - DAG(s) 'example_params_ui_tutorial' retrieved from /home/mmirnezamina/de_final_project/airflowenv/lib/python3.10/site-packages/airflow/example_dags/example_params_ui_tutorial.py
[2026-08-30T23:17:22.191+0330] {logging_mixin.py:190} INFO - [2026-08-30T23:17:22.190+0330] {dag.py:3239} INFO - Sync 1 DAGs
[2026-08-30T23:17:22.274+0330] {logging_mixin.py:190} INFO - [2026-08-30T23:17:22.273+0330] {dag.py:4180} INFO - Setting next_dagrun for example_params_ui_tutorial to None, run_after=None
[2026-08-30T23:17:22.387+0330] {processor.py:208} INFO - Processing /home/mmirnezamina/de_final_project/airflowenv/lib/python3.10/site-packages/airflow/example_dags/example_params_ui_tutorial.py took 0.494 seconds
[2026-08-30T23:17:53.302+0330] {processor.py:186} INFO - Started process (PID=14180) to work on /home/mmirnezamina/de_final_project/airflowenv/lib/python3.10/site-packages/airflow/example_dags/example_params_ui_tutorial.py
[2026-08-30T23:17:53.304+0330] {processor.py:914} INFO - Processing file /home/mmirnezamina/de_final_project/airflowenv/lib/python3.10/site-packages/airflow/example_dags/example_params_ui_tutorial.py for tasks to queue
[2026-08-30T23:17:53.305+0330] {logging_mixin.py:190} INFO - [2026-08-30T23:17:53.305+0330] {dagbag.py:588} INFO - Filling up the DagBag from /home/mmirnezamina/de_final_project/airflowenv/lib/python3.10/site-packages/airflow/example_dags/example_params_ui_tutorial.py
[2026-08-30T23:17:53.317+0330] {processor.py:925} INFO - DAG(s) 'example_params_ui_tutorial' retrieved from /home/mmirnezamina/de_final_project/airflowenv/lib/python3.10/site-packages/airflow/example_dags/example_params_ui_tutorial.py
[2026-08-30T23:17:53.393+0330] {logging_mixin.py:190} INFO - [2026-08-30T23:17:53.393+0330] {dag.py:3239} INFO - Sync 1 DAGs
[2026-08-30T23:17:53.412+0330] {logging_mixin.py:190} INFO - [2026-08-30T23:17:53.412+0330] {dag.py:4180} INFO - Setting next_dagrun for example_params_ui_tutorial to None, run_after=None
[2026-08-30T23:17:53.442+0330] {processor.py:208} INFO - Processing /home/mmirnezamina/de_final_project/airflowenv/lib/python3.10/site-packages/airflow/example_dags/example_params_ui_tutorial.py took 0.150 seconds
[2026-08-30T23:18:23.733+0330] {processor.py:186} INFO - Started process (PID=14300) to work on /home/mmirnezamina/de_final_project/airflowenv/lib/python3.10/site-packages/airflow/example_dags/example_params_ui_tutorial.py
[2026-08-30T23:18:23.734+0330] {processor.py:914} INFO - Processing file /home/mmirnezamina/de_final_project/airflowenv/lib/python3.10/site-packages/airflow/example_dags/example_params_ui_tutorial.py for tasks to queue
[2026-08-30T23:18:23.735+0330] {logging_mixin.py:190} INFO - [2026-08-30T23:18:23.735+0330] {dagbag.py:588} INFO - Filling up the DagBag from /home/mmirnezamina/de_final_project/airflowenv/lib/python3.10/site-packages/airflow/example_dags/example_params_ui_tutorial.py
[2026-08-30T23:18:23.744+0330] {processor.py:925} INFO - DAG(s) 'example_params_ui_tutorial' retrieved from /home/mmirnezamina/de_final_project/airflowenv/lib/python3.10/site-packages/airflow/example_dags/example_params_ui_tutorial.py
[2026-08-30T23:18:23.799+0330] {logging_mixin.py:190} INFO - [2026-08-30T23:18:23.799+0330] {dag.py:3239} INFO - Sync 1 DAGs
[2026-08-30T23:18:23.815+0330] {logging_mixin.py:190} INFO - [2026-08-30T23:18:23.815+0330] {dag.py:4180} INFO - Setting next_dagrun for example_params_ui_tutorial to None, run_after=None
[2026-08-30T23:18:23.839+0330] {processor.py:208} INFO - Processing /home/mmirnezamina/de_final_project/airflowenv/lib/python3.10/site-packages/airflow/example_dags/example_params_ui_tutorial.py took 0.114 seconds
[2026-08-30T23:18:54.524+0330] {processor.py:186} INFO - Started process (PID=14417) to work on /home/mmirnezamina/de_final_project/airflowenv/lib/python3.10/site-packages/airflow/example_dags/example_params_ui_tutorial.py
[2026-08-30T23:18:54.526+0330] {processor.py:914} INFO - Processing file /home/mmirnezamina/de_final_project/airflowenv/lib/python3.10/site-packages/airflow/example_dags/example_params_ui_tutorial.py for tasks to queue
[2026-08-30T23:18:54.527+0330] {logging_mixin.py:190} INFO - [2026-08-30T23:18:54.527+0330] {dagbag.py:588} INFO - Filling up the DagBag from /home/mmirnezamina/de_final_project/airflowenv/lib/python3.10/site-packages/airflow/example_dags/example_params_ui_tutorial.py
[2026-08-30T23:18:54.537+0330] {processor.py:925} INFO - DAG(s) 'example_params_ui_tutorial' retrieved from /home/mmirnezamina/de_final_project/airflowenv/lib/python3.10/site-packages/airflow/example_dags/example_params_ui_tutorial.py
[2026-08-30T23:18:54.604+0330] {logging_mixin.py:190} INFO - [2026-08-30T23:18:54.604+0330] {dag.py:3239} INFO - Sync 1 DAGs
[2026-08-30T23:18:54.621+0330] {logging_mixin.py:190} INFO - [2026-08-30T23:18:54.620+0330] {dag.py:4180} INFO - Setting next_dagrun for example_params_ui_tutorial to None, run_after=None
[2026-08-30T23:18:54.649+0330] {processor.py:208} INFO - Processing /home/mmirnezamina/de_final_project/airflowenv/lib/python3.10/site-packages/airflow/example_dags/example_params_ui_tutorial.py took 0.134 seconds
[2026-08-30T23:19:24.907+0330] {processor.py:186} INFO - Started process (PID=14537) to work on /home/mmirnezamina/de_final_project/airflowenv/lib/python3.10/site-packages/airflow/example_dags/example_params_ui_tutorial.py
[2026-08-30T23:19:24.908+0330] {processor.py:914} INFO - Processing file /home/mmirnezamina/de_final_project/airflowenv/lib/python3.10/site-packages/airflow/example_dags/example_params_ui_tutorial.py for tasks to queue
[2026-08-30T23:19:24.909+0330] {logging_mixin.py:190} INFO - [2026-08-30T23:19:24.908+0330] {dagbag.py:588} INFO - Filling up the DagBag from /home/mmirnezamina/de_final_project/airflowenv/lib/python3.10/site-packages/airflow/example_dags/example_params_ui_tutorial.py
[2026-08-30T23:19:24.917+0330] {processor.py:925} INFO - DAG(s) 'example_params_ui_tutorial' retrieved from /home/mmirnezamina/de_final_project/airflowenv/lib/python3.10/site-packages/airflow/example_dags/example_params_ui_tutorial.py
[2026-08-30T23:19:24.984+0330] {logging_mixin.py:190} INFO - [2026-08-30T23:19:24.983+0330] {dag.py:3239} INFO - Sync 1 DAGs
[2026-08-30T23:19:25.003+0330] {logging_mixin.py:190} INFO - [2026-08-30T23:19:25.002+0330] {dag.py:4180} INFO - Setting next_dagrun for example_params_ui_tutorial to None, run_after=None
[2026-08-30T23:19:25.031+0330] {processor.py:208} INFO - Processing /home/mmirnezamina/de_final_project/airflowenv/lib/python3.10/site-packages/airflow/example_dags/example_params_ui_tutorial.py took 0.151 seconds
[2026-08-30T23:19:55.305+0330] {processor.py:186} INFO - Started process (PID=14654) to work on /home/mmirnezamina/de_final_project/airflowenv/lib/python3.10/site-packages/airflow/example_dags/example_params_ui_tutorial.py
[2026-08-30T23:19:55.306+0330] {processor.py:914} INFO - Processing file /home/mmirnezamina/de_final_project/airflowenv/lib/python3.10/site-packages/airflow/example_dags/example_params_ui_tutorial.py for tasks to queue
[2026-08-30T23:19:55.307+0330] {logging_mixin.py:190} INFO - [2026-08-30T23:19:55.307+0330] {dagbag.py:588} INFO - Filling up the DagBag from /home/mmirnezamina/de_final_project/airflowenv/lib/python3.10/site-packages/airflow/example_dags/example_params_ui_tutorial.py
[2026-08-30T23:19:55.327+0330] {processor.py:925} INFO - DAG(s) 'example_params_ui_tutorial' retrieved from /home/mmirnezamina/de_final_project/airflowenv/lib/python3.10/site-packages/airflow/example_dags/example_params_ui_tutorial.py
[2026-08-30T23:19:55.385+0330] {logging_mixin.py:190} INFO - [2026-08-30T23:19:55.384+0330] {dag.py:3239} INFO - Sync 1 DAGs
[2026-08-30T23:19:55.399+0330] {logging_mixin.py:190} INFO - [2026-08-30T23:19:55.398+0330] {dag.py:4180} INFO - Setting next_dagrun for example_params_ui_tutorial to None, run_after=None
[2026-08-30T23:19:55.427+0330] {processor.py:208} INFO - Processing /home/mmirnezamina/de_final_project/airflowenv/lib/python3.10/site-packages/airflow/example_dags/example_params_ui_tutorial.py took 0.140 seconds
[2026-08-30T23:20:26.086+0330] {processor.py:186} INFO - Started process (PID=14778) to work on /home/mmirnezamina/de_final_project/airflowenv/lib/python3.10/site-packages/airflow/example_dags/example_params_ui_tutorial.py
[2026-08-30T23:20:26.087+0330] {processor.py:914} INFO - Processing file /home/mmirnezamina/de_final_project/airflowenv/lib/python3.10/site-packages/airflow/example_dags/example_params_ui_tutorial.py for tasks to queue
[2026-08-30T23:20:26.088+0330] {logging_mixin.py:190} INFO - [2026-08-30T23:20:26.088+0330] {dagbag.py:588} INFO - Filling up the DagBag from /home/mmirnezamina/de_final_project/airflowenv/lib/python3.10/site-packages/airflow/example_dags/example_params_ui_tutorial.py
[2026-08-30T23:20:26.096+0330] {processor.py:925} INFO - DAG(s) 'example_params_ui_tutorial' retrieved from /home/mmirnezamina/de_final_project/airflowenv/lib/python3.10/site-packages/airflow/example_dags/example_params_ui_tutorial.py
[2026-08-30T23:20:26.151+0330] {logging_mixin.py:190} INFO - [2026-08-30T23:20:26.151+0330] {dag.py:3239} INFO - Sync 1 DAGs
[2026-08-30T23:20:26.164+0330] {logging_mixin.py:190} INFO - [2026-08-30T23:20:26.164+0330] {dag.py:4180} INFO - Setting next_dagrun for example_params_ui_tutorial to None, run_after=None
[2026-08-30T23:20:26.187+0330] {processor.py:208} INFO - Processing /home/mmirnezamina/de_final_project/airflowenv/lib/python3.10/site-packages/airflow/example_dags/example_params_ui_tutorial.py took 0.110 seconds
[2026-08-30T23:20:56.462+0330] {processor.py:186} INFO - Started process (PID=14895) to work on /home/mmirnezamina/de_final_project/airflowenv/lib/python3.10/site-packages/airflow/example_dags/example_params_ui_tutorial.py
[2026-08-30T23:20:56.462+0330] {processor.py:914} INFO - Processing file /home/mmirnezamina/de_final_project/airflowenv/lib/python3.10/site-packages/airflow/example_dags/example_params_ui_tutorial.py for tasks to queue
[2026-08-30T23:20:56.463+0330] {logging_mixin.py:190} INFO - [2026-08-30T23:20:56.463+0330] {dagbag.py:588} INFO - Filling up the DagBag from /home/mmirnezamina/de_final_project/airflowenv/lib/python3.10/site-packages/airflow/example_dags/example_params_ui_tutorial.py
[2026-08-30T23:20:56.470+0330] {processor.py:925} INFO - DAG(s) 'example_params_ui_tutorial' retrieved from /home/mmirnezamina/de_final_project/airflowenv/lib/python3.10/site-packages/airflow/example_dags/example_params_ui_tutorial.py
[2026-08-30T23:20:56.530+0330] {logging_mixin.py:190} INFO - [2026-08-30T23:20:56.530+0330] {dag.py:3239} INFO - Sync 1 DAGs
[2026-08-30T23:20:56.542+0330] {logging_mixin.py:190} INFO - [2026-08-30T23:20:56.542+0330] {dag.py:4180} INFO - Setting next_dagrun for example_params_ui_tutorial to None, run_after=None
[2026-08-30T23:20:56.564+0330] {processor.py:208} INFO - Processing /home/mmirnezamina/de_final_project/airflowenv/lib/python3.10/site-packages/airflow/example_dags/example_params_ui_tutorial.py took 0.110 seconds
[2026-08-30T23:21:27.059+0330] {processor.py:186} INFO - Started process (PID=15015) to work on /home/mmirnezamina/de_final_project/airflowenv/lib/python3.10/site-packages/airflow/example_dags/example_params_ui_tutorial.py
[2026-08-30T23:21:27.061+0330] {processor.py:914} INFO - Processing file /home/mmirnezamina/de_final_project/airflowenv/lib/python3.10/site-packages/airflow/example_dags/example_params_ui_tutorial.py for tasks to queue
[2026-08-30T23:21:27.062+0330] {logging_mixin.py:190} INFO - [2026-08-30T23:21:27.062+0330] {dagbag.py:588} INFO - Filling up the DagBag from /home/mmirnezamina/de_final_project/airflowenv/lib/python3.10/site-packages/airflow/example_dags/example_params_ui_tutorial.py
[2026-08-30T23:21:27.075+0330] {processor.py:925} INFO - DAG(s) 'example_params_ui_tutorial' retrieved from /home/mmirnezamina/de_final_project/airflowenv/lib/python3.10/site-packages/airflow/example_dags/example_params_ui_tutorial.py
[2026-08-30T23:21:27.145+0330] {logging_mixin.py:190} INFO - [2026-08-30T23:21:27.145+0330] {dag.py:3239} INFO - Sync 1 DAGs
[2026-08-30T23:21:27.163+0330] {logging_mixin.py:190} INFO - [2026-08-30T23:21:27.163+0330] {dag.py:4180} INFO - Setting next_dagrun for example_params_ui_tutorial to None, run_after=None
[2026-08-30T23:21:27.196+0330] {processor.py:208} INFO - Processing /home/mmirnezamina/de_final_project/airflowenv/lib/python3.10/site-packages/airflow/example_dags/example_params_ui_tutorial.py took 0.148 seconds
[2026-08-30T23:21:57.275+0330] {processor.py:186} INFO - Started process (PID=15132) to work on /home/mmirnezamina/de_final_project/airflowenv/lib/python3.10/site-packages/airflow/example_dags/example_params_ui_tutorial.py
[2026-08-30T23:21:57.276+0330] {processor.py:914} INFO - Processing file /home/mmirnezamina/de_final_project/airflowenv/lib/python3.10/site-packages/airflow/example_dags/example_params_ui_tutorial.py for tasks to queue
[2026-08-30T23:21:57.277+0330] {logging_mixin.py:190} INFO - [2026-08-30T23:21:57.277+0330] {dagbag.py:588} INFO - Filling up the DagBag from /home/mmirnezamina/de_final_project/airflowenv/lib/python3.10/site-packages/airflow/example_dags/example_params_ui_tutorial.py
[2026-08-30T23:21:57.284+0330] {processor.py:925} INFO - DAG(s) 'example_params_ui_tutorial' retrieved from /home/mmirnezamina/de_final_project/airflowenv/lib/python3.10/site-packages/airflow/example_dags/example_params_ui_tutorial.py
[2026-08-30T23:21:57.333+0330] {logging_mixin.py:190} INFO - [2026-08-30T23:21:57.333+0330] {dag.py:3239} INFO - Sync 1 DAGs
[2026-08-30T23:21:57.345+0330] {logging_mixin.py:190} INFO - [2026-08-30T23:21:57.344+0330] {dag.py:4180} INFO - Setting next_dagrun for example_params_ui_tutorial to None, run_after=None
[2026-08-30T23:21:57.366+0330] {processor.py:208} INFO - Processing /home/mmirnezamina/de_final_project/airflowenv/lib/python3.10/site-packages/airflow/example_dags/example_params_ui_tutorial.py took 0.098 seconds
[2026-08-30T23:22:27.921+0330] {processor.py:186} INFO - Started process (PID=15253) to work on /home/mmirnezamina/de_final_project/airflowenv/lib/python3.10/site-packages/airflow/example_dags/example_params_ui_tutorial.py
[2026-08-30T23:22:27.923+0330] {processor.py:914} INFO - Processing file /home/mmirnezamina/de_final_project/airflowenv/lib/python3.10/site-packages/airflow/example_dags/example_params_ui_tutorial.py for tasks to queue
[2026-08-30T23:22:27.924+0330] {logging_mixin.py:190} INFO - [2026-08-30T23:22:27.924+0330] {dagbag.py:588} INFO - Filling up the DagBag from /home/mmirnezamina/de_final_project/airflowenv/lib/python3.10/site-packages/airflow/example_dags/example_params_ui_tutorial.py
[2026-08-30T23:22:27.934+0330] {processor.py:925} INFO - DAG(s) 'example_params_ui_tutorial' retrieved from /home/mmirnezamina/de_final_project/airflowenv/lib/python3.10/site-packages/airflow/example_dags/example_params_ui_tutorial.py
[2026-08-30T23:22:27.987+0330] {logging_mixin.py:190} INFO - [2026-08-30T23:22:27.987+0330] {dag.py:3239} INFO - Sync 1 DAGs
[2026-08-30T23:22:28.000+0330] {logging_mixin.py:190} INFO - [2026-08-30T23:22:28.000+0330] {dag.py:4180} INFO - Setting next_dagrun for example_params_ui_tutorial to None, run_after=None
[2026-08-30T23:22:28.024+0330] {processor.py:208} INFO - Processing /home/mmirnezamina/de_final_project/airflowenv/lib/python3.10/site-packages/airflow/example_dags/example_params_ui_tutorial.py took 0.110 seconds
[2026-08-30T23:22:58.198+0330] {processor.py:186} INFO - Started process (PID=15372) to work on /home/mmirnezamina/de_final_project/airflowenv/lib/python3.10/site-packages/airflow/example_dags/example_params_ui_tutorial.py
[2026-08-30T23:22:58.199+0330] {processor.py:914} INFO - Processing file /home/mmirnezamina/de_final_project/airflowenv/lib/python3.10/site-packages/airflow/example_dags/example_params_ui_tutorial.py for tasks to queue
[2026-08-30T23:22:58.200+0330] {logging_mixin.py:190} INFO - [2026-08-30T23:22:58.200+0330] {dagbag.py:588} INFO - Filling up the DagBag from /home/mmirnezamina/de_final_project/airflowenv/lib/python3.10/site-packages/airflow/example_dags/example_params_ui_tutorial.py
[2026-08-30T23:22:58.210+0330] {processor.py:925} INFO - DAG(s) 'example_params_ui_tutorial' retrieved from /home/mmirnezamina/de_final_project/airflowenv/lib/python3.10/site-packages/airflow/example_dags/example_params_ui_tutorial.py
[2026-08-30T23:22:58.264+0330] {logging_mixin.py:190} INFO - [2026-08-30T23:22:58.263+0330] {dag.py:3239} INFO - Sync 1 DAGs
[2026-08-30T23:22:58.282+0330] {logging_mixin.py:190} INFO - [2026-08-30T23:22:58.281+0330] {dag.py:4180} INFO - Setting next_dagrun for example_params_ui_tutorial to None, run_after=None
[2026-08-30T23:22:58.307+0330] {processor.py:208} INFO - Processing /home/mmirnezamina/de_final_project/airflowenv/lib/python3.10/site-packages/airflow/example_dags/example_params_ui_tutorial.py took 0.119 seconds
[2026-08-30T23:23:28.692+0330] {processor.py:186} INFO - Started process (PID=15490) to work on /home/mmirnezamina/de_final_project/airflowenv/lib/python3.10/site-packages/airflow/example_dags/example_params_ui_tutorial.py
[2026-08-30T23:23:28.699+0330] {processor.py:914} INFO - Processing file /home/mmirnezamina/de_final_project/airflowenv/lib/python3.10/site-packages/airflow/example_dags/example_params_ui_tutorial.py for tasks to queue
[2026-08-30T23:23:28.701+0330] {logging_mixin.py:190} INFO - [2026-08-30T23:23:28.701+0330] {dagbag.py:588} INFO - Filling up the DagBag from /home/mmirnezamina/de_final_project/airflowenv/lib/python3.10/site-packages/airflow/example_dags/example_params_ui_tutorial.py
[2026-08-30T23:23:28.718+0330] {processor.py:925} INFO - DAG(s) 'example_params_ui_tutorial' retrieved from /home/mmirnezamina/de_final_project/airflowenv/lib/python3.10/site-packages/airflow/example_dags/example_params_ui_tutorial.py
[2026-08-30T23:23:28.809+0330] {logging_mixin.py:190} INFO - [2026-08-30T23:23:28.808+0330] {dag.py:3239} INFO - Sync 1 DAGs
[2026-08-30T23:23:28.834+0330] {logging_mixin.py:190} INFO - [2026-08-30T23:23:28.833+0330] {dag.py:4180} INFO - Setting next_dagrun for example_params_ui_tutorial to None, run_after=None
[2026-08-30T23:23:28.878+0330] {processor.py:208} INFO - Processing /home/mmirnezamina/de_final_project/airflowenv/lib/python3.10/site-packages/airflow/example_dags/example_params_ui_tutorial.py took 0.200 seconds
[2026-08-30T23:23:59.800+0330] {processor.py:186} INFO - Started process (PID=15609) to work on /home/mmirnezamina/de_final_project/airflowenv/lib/python3.10/site-packages/airflow/example_dags/example_params_ui_tutorial.py
[2026-08-30T23:23:59.801+0330] {processor.py:914} INFO - Processing file /home/mmirnezamina/de_final_project/airflowenv/lib/python3.10/site-packages/airflow/example_dags/example_params_ui_tutorial.py for tasks to queue
[2026-08-30T23:23:59.802+0330] {logging_mixin.py:190} INFO - [2026-08-30T23:23:59.802+0330] {dagbag.py:588} INFO - Filling up the DagBag from /home/mmirnezamina/de_final_project/airflowenv/lib/python3.10/site-packages/airflow/example_dags/example_params_ui_tutorial.py
[2026-08-30T23:23:59.811+0330] {processor.py:925} INFO - DAG(s) 'example_params_ui_tutorial' retrieved from /home/mmirnezamina/de_final_project/airflowenv/lib/python3.10/site-packages/airflow/example_dags/example_params_ui_tutorial.py
[2026-08-30T23:23:59.872+0330] {logging_mixin.py:190} INFO - [2026-08-30T23:23:59.871+0330] {dag.py:3239} INFO - Sync 1 DAGs
[2026-08-30T23:23:59.890+0330] {logging_mixin.py:190} INFO - [2026-08-30T23:23:59.890+0330] {dag.py:4180} INFO - Setting next_dagrun for example_params_ui_tutorial to None, run_after=None
[2026-08-30T23:23:59.913+0330] {processor.py:208} INFO - Processing /home/mmirnezamina/de_final_project/airflowenv/lib/python3.10/site-packages/airflow/example_dags/example_params_ui_tutorial.py took 0.122 seconds
[2026-08-30T23:24:30.013+0330] {processor.py:186} INFO - Started process (PID=15727) to work on /home/mmirnezamina/de_final_project/airflowenv/lib/python3.10/site-packages/airflow/example_dags/example_params_ui_tutorial.py
[2026-08-30T23:24:30.015+0330] {processor.py:914} INFO - Processing file /home/mmirnezamina/de_final_project/airflowenv/lib/python3.10/site-packages/airflow/example_dags/example_params_ui_tutorial.py for tasks to queue
[2026-08-30T23:24:30.017+0330] {logging_mixin.py:190} INFO - [2026-08-30T23:24:30.016+0330] {dagbag.py:588} INFO - Filling up the DagBag from /home/mmirnezamina/de_final_project/airflowenv/lib/python3.10/site-packages/airflow/example_dags/example_params_ui_tutorial.py
[2026-08-30T23:24:30.027+0330] {processor.py:925} INFO - DAG(s) 'example_params_ui_tutorial' retrieved from /home/mmirnezamina/de_final_project/airflowenv/lib/python3.10/site-packages/airflow/example_dags/example_params_ui_tutorial.py
[2026-08-30T23:24:30.103+0330] {logging_mixin.py:190} INFO - [2026-08-30T23:24:30.103+0330] {dag.py:3239} INFO - Sync 1 DAGs
[2026-08-30T23:24:30.124+0330] {logging_mixin.py:190} INFO - [2026-08-30T23:24:30.124+0330] {dag.py:4180} INFO - Setting next_dagrun for example_params_ui_tutorial to None, run_after=None
[2026-08-30T23:24:30.156+0330] {processor.py:208} INFO - Processing /home/mmirnezamina/de_final_project/airflowenv/lib/python3.10/site-packages/airflow/example_dags/example_params_ui_tutorial.py took 0.153 seconds
[2026-08-30T23:25:00.325+0330] {processor.py:186} INFO - Started process (PID=15864) to work on /home/mmirnezamina/de_final_project/airflowenv/lib/python3.10/site-packages/airflow/example_dags/example_params_ui_tutorial.py
[2026-08-30T23:25:00.326+0330] {processor.py:914} INFO - Processing file /home/mmirnezamina/de_final_project/airflowenv/lib/python3.10/site-packages/airflow/example_dags/example_params_ui_tutorial.py for tasks to queue
[2026-08-30T23:25:00.328+0330] {logging_mixin.py:190} INFO - [2026-08-30T23:25:00.327+0330] {dagbag.py:588} INFO - Filling up the DagBag from /home/mmirnezamina/de_final_project/airflowenv/lib/python3.10/site-packages/airflow/example_dags/example_params_ui_tutorial.py
[2026-08-30T23:25:00.339+0330] {processor.py:925} INFO - DAG(s) 'example_params_ui_tutorial' retrieved from /home/mmirnezamina/de_final_project/airflowenv/lib/python3.10/site-packages/airflow/example_dags/example_params_ui_tutorial.py
[2026-08-30T23:25:00.416+0330] {logging_mixin.py:190} INFO - [2026-08-30T23:25:00.415+0330] {dag.py:3239} INFO - Sync 1 DAGs
[2026-08-30T23:25:00.434+0330] {logging_mixin.py:190} INFO - [2026-08-30T23:25:00.434+0330] {dag.py:4180} INFO - Setting next_dagrun for example_params_ui_tutorial to None, run_after=None
[2026-08-30T23:25:00.469+0330] {processor.py:208} INFO - Processing /home/mmirnezamina/de_final_project/airflowenv/lib/python3.10/site-packages/airflow/example_dags/example_params_ui_tutorial.py took 0.154 seconds
[2026-08-30T23:25:30.776+0330] {processor.py:186} INFO - Started process (PID=16002) to work on /home/mmirnezamina/de_final_project/airflowenv/lib/python3.10/site-packages/airflow/example_dags/example_params_ui_tutorial.py
[2026-08-30T23:25:30.777+0330] {processor.py:914} INFO - Processing file /home/mmirnezamina/de_final_project/airflowenv/lib/python3.10/site-packages/airflow/example_dags/example_params_ui_tutorial.py for tasks to queue
[2026-08-30T23:25:30.780+0330] {logging_mixin.py:190} INFO - [2026-08-30T23:25:30.779+0330] {dagbag.py:588} INFO - Filling up the DagBag from /home/mmirnezamina/de_final_project/airflowenv/lib/python3.10/site-packages/airflow/example_dags/example_params_ui_tutorial.py
[2026-08-30T23:25:30.792+0330] {processor.py:925} INFO - DAG(s) 'example_params_ui_tutorial' retrieved from /home/mmirnezamina/de_final_project/airflowenv/lib/python3.10/site-packages/airflow/example_dags/example_params_ui_tutorial.py
[2026-08-30T23:25:30.905+0330] {logging_mixin.py:190} INFO - [2026-08-30T23:25:30.904+0330] {dag.py:3239} INFO - Sync 1 DAGs
[2026-08-30T23:25:30.929+0330] {logging_mixin.py:190} INFO - [2026-08-30T23:25:30.928+0330] {dag.py:4180} INFO - Setting next_dagrun for example_params_ui_tutorial to None, run_after=None
[2026-08-30T23:25:30.958+0330] {processor.py:208} INFO - Processing /home/mmirnezamina/de_final_project/airflowenv/lib/python3.10/site-packages/airflow/example_dags/example_params_ui_tutorial.py took 0.192 seconds
[2026-08-30T23:26:01.328+0330] {processor.py:186} INFO - Started process (PID=16127) to work on /home/mmirnezamina/de_final_project/airflowenv/lib/python3.10/site-packages/airflow/example_dags/example_params_ui_tutorial.py
[2026-08-30T23:26:01.329+0330] {processor.py:914} INFO - Processing file /home/mmirnezamina/de_final_project/airflowenv/lib/python3.10/site-packages/airflow/example_dags/example_params_ui_tutorial.py for tasks to queue
[2026-08-30T23:26:01.330+0330] {logging_mixin.py:190} INFO - [2026-08-30T23:26:01.330+0330] {dagbag.py:588} INFO - Filling up the DagBag from /home/mmirnezamina/de_final_project/airflowenv/lib/python3.10/site-packages/airflow/example_dags/example_params_ui_tutorial.py
[2026-08-30T23:26:01.340+0330] {processor.py:925} INFO - DAG(s) 'example_params_ui_tutorial' retrieved from /home/mmirnezamina/de_final_project/airflowenv/lib/python3.10/site-packages/airflow/example_dags/example_params_ui_tutorial.py
[2026-08-30T23:26:01.398+0330] {logging_mixin.py:190} INFO - [2026-08-30T23:26:01.397+0330] {dag.py:3239} INFO - Sync 1 DAGs
[2026-08-30T23:26:01.415+0330] {logging_mixin.py:190} INFO - [2026-08-30T23:26:01.415+0330] {dag.py:4180} INFO - Setting next_dagrun for example_params_ui_tutorial to None, run_after=None
[2026-08-30T23:26:01.440+0330] {processor.py:208} INFO - Processing /home/mmirnezamina/de_final_project/airflowenv/lib/python3.10/site-packages/airflow/example_dags/example_params_ui_tutorial.py took 0.119 seconds
[2026-08-30T23:26:31.618+0330] {processor.py:186} INFO - Started process (PID=16245) to work on /home/mmirnezamina/de_final_project/airflowenv/lib/python3.10/site-packages/airflow/example_dags/example_params_ui_tutorial.py
[2026-08-30T23:26:31.619+0330] {processor.py:914} INFO - Processing file /home/mmirnezamina/de_final_project/airflowenv/lib/python3.10/site-packages/airflow/example_dags/example_params_ui_tutorial.py for tasks to queue
[2026-08-30T23:26:31.621+0330] {logging_mixin.py:190} INFO - [2026-08-30T23:26:31.620+0330] {dagbag.py:588} INFO - Filling up the DagBag from /home/mmirnezamina/de_final_project/airflowenv/lib/python3.10/site-packages/airflow/example_dags/example_params_ui_tutorial.py
[2026-08-30T23:26:31.630+0330] {processor.py:925} INFO - DAG(s) 'example_params_ui_tutorial' retrieved from /home/mmirnezamina/de_final_project/airflowenv/lib/python3.10/site-packages/airflow/example_dags/example_params_ui_tutorial.py
[2026-08-30T23:26:31.695+0330] {logging_mixin.py:190} INFO - [2026-08-30T23:26:31.694+0330] {dag.py:3239} INFO - Sync 1 DAGs
[2026-08-30T23:26:31.715+0330] {logging_mixin.py:190} INFO - [2026-08-30T23:26:31.715+0330] {dag.py:4180} INFO - Setting next_dagrun for example_params_ui_tutorial to None, run_after=None
[2026-08-30T23:26:31.751+0330] {processor.py:208} INFO - Processing /home/mmirnezamina/de_final_project/airflowenv/lib/python3.10/site-packages/airflow/example_dags/example_params_ui_tutorial.py took 0.142 seconds
[2026-08-30T23:28:14.621+0330] {processor.py:186} INFO - Started process (PID=16483) to work on /home/mmirnezamina/de_final_project/airflowenv/lib/python3.10/site-packages/airflow/example_dags/example_params_ui_tutorial.py
[2026-08-30T23:28:14.623+0330] {processor.py:914} INFO - Processing file /home/mmirnezamina/de_final_project/airflowenv/lib/python3.10/site-packages/airflow/example_dags/example_params_ui_tutorial.py for tasks to queue
[2026-08-30T23:28:14.626+0330] {logging_mixin.py:190} INFO - [2026-08-30T23:28:14.625+0330] {dagbag.py:588} INFO - Filling up the DagBag from /home/mmirnezamina/de_final_project/airflowenv/lib/python3.10/site-packages/airflow/example_dags/example_params_ui_tutorial.py
[2026-08-30T23:28:14.648+0330] {processor.py:925} INFO - DAG(s) 'example_params_ui_tutorial' retrieved from /home/mmirnezamina/de_final_project/airflowenv/lib/python3.10/site-packages/airflow/example_dags/example_params_ui_tutorial.py
[2026-08-30T23:28:14.912+0330] {logging_mixin.py:190} INFO - [2026-08-30T23:28:14.910+0330] {override.py:1930} INFO - Created Permission View: can delete on DAG:example_params_ui_tutorial
[2026-08-30T23:28:14.947+0330] {logging_mixin.py:190} INFO - [2026-08-30T23:28:14.946+0330] {override.py:1930} INFO - Created Permission View: can read on DAG:example_params_ui_tutorial
[2026-08-30T23:28:14.974+0330] {logging_mixin.py:190} INFO - [2026-08-30T23:28:14.973+0330] {override.py:1930} INFO - Created Permission View: can edit on DAG:example_params_ui_tutorial
[2026-08-30T23:28:15.011+0330] {logging_mixin.py:190} INFO - [2026-08-30T23:28:15.010+0330] {override.py:1930} INFO - Created Permission View: can create on DAG Run:example_params_ui_tutorial
[2026-08-30T23:28:15.034+0330] {logging_mixin.py:190} INFO - [2026-08-30T23:28:15.033+0330] {override.py:1930} INFO - Created Permission View: can delete on DAG Run:example_params_ui_tutorial
[2026-08-30T23:28:15.069+0330] {logging_mixin.py:190} INFO - [2026-08-30T23:28:15.067+0330] {override.py:1930} INFO - Created Permission View: can read on DAG Run:example_params_ui_tutorial
[2026-08-30T23:28:15.106+0330] {logging_mixin.py:190} INFO - [2026-08-30T23:28:15.105+0330] {override.py:1930} INFO - Created Permission View: menu access on DAG Run:example_params_ui_tutorial
[2026-08-30T23:28:15.106+0330] {logging_mixin.py:190} INFO - [2026-08-30T23:28:15.106+0330] {dag.py:3239} INFO - Sync 1 DAGs
[2026-08-30T23:28:15.124+0330] {logging_mixin.py:190} INFO - [2026-08-30T23:28:15.124+0330] {dag.py:3262} INFO - Creating ORM DAG for example_params_ui_tutorial
[2026-08-30T23:28:15.125+0330] {logging_mixin.py:190} INFO - [2026-08-30T23:28:15.125+0330] {dag.py:4180} INFO - Setting next_dagrun for example_params_ui_tutorial to None, run_after=None
[2026-08-30T23:28:15.170+0330] {processor.py:208} INFO - Processing /home/mmirnezamina/de_final_project/airflowenv/lib/python3.10/site-packages/airflow/example_dags/example_params_ui_tutorial.py took 0.566 seconds
