[2026-08-30T23:13:55.968+0330] {processor.py:186} INFO - Started process (PID=13212) to work on /home/mmirnezamina/de_final_project/airflowenv/lib/python3.10/site-packages/airflow/example_dags/example_branch_operator.py
[2026-08-30T23:13:55.970+0330] {processor.py:914} INFO - Processing file /home/mmirnezamina/de_final_project/airflowenv/lib/python3.10/site-packages/airflow/example_dags/example_branch_operator.py for tasks to queue
[2026-08-30T23:13:55.974+0330] {logging_mixin.py:190} INFO - [2026-08-30T23:13:55.973+0330] {dagbag.py:588} INFO - Filling up the DagBag from /home/mmirnezamina/de_final_project/airflowenv/lib/python3.10/site-packages/airflow/example_dags/example_branch_operator.py
[2026-08-30T23:13:56.115+0330] {processor.py:927} WARNING - No viable dags retrieved from /home/mmirnezamina/de_final_project/airflowenv/lib/python3.10/site-packages/airflow/example_dags/example_branch_operator.py
[2026-08-30T23:13:56.157+0330] {processor.py:208} INFO - Processing /home/mmirnezamina/de_final_project/airflowenv/lib/python3.10/site-packages/airflow/example_dags/example_branch_operator.py took 0.209 seconds
[2026-08-30T23:14:26.252+0330] {processor.py:186} INFO - Started process (PID=13334) to work on /home/mmirnezamina/de_final_project/airflowenv/lib/python3.10/site-packages/airflow/example_dags/example_branch_operator.py
[2026-08-30T23:14:26.254+0330] {processor.py:914} INFO - Processing file /home/mmirnezamina/de_final_project/airflowenv/lib/python3.10/site-packages/airflow/example_dags/example_branch_operator.py for tasks to queue
[2026-08-30T23:14:26.255+0330] {logging_mixin.py:190} INFO - [2026-08-30T23:14:26.255+0330] {dagbag.py:588} INFO - Filling up the DagBag from /home/mmirnezamina/de_final_project/airflowenv/lib/python3.10/site-packages/airflow/example_dags/example_branch_operator.py
[2026-08-30T23:14:26.359+0330] {processor.py:927} WARNING - No viable dags retrieved from /home/mmirnezamina/de_final_project/airflowenv/lib/python3.10/site-packages/airflow/example_dags/example_branch_operator.py
[2026-08-30T23:14:26.397+0330] {processor.py:208} INFO - Processing /home/mmirnezamina/de_final_project/airflowenv/lib/python3.10/site-packages/airflow/example_dags/example_branch_operator.py took 0.161 seconds
[2026-08-30T23:14:58.586+0330] {processor.py:186} INFO - Started process (PID=13453) to work on /home/mmirnezamina/de_final_project/airflowenv/lib/python3.10/site-packages/airflow/example_dags/example_branch_operator.py
[2026-08-30T23:14:58.592+0330] {processor.py:914} INFO - Processing file /home/mmirnezamina/de_final_project/airflowenv/lib/python3.10/site-packages/airflow/example_dags/example_branch_operator.py for tasks to queue
[2026-08-30T23:14:58.603+0330] {logging_mixin.py:190} INFO - [2026-08-30T23:14:58.602+0330] {dagbag.py:588} INFO - Filling up the DagBag from /home/mmirnezamina/de_final_project/airflowenv/lib/python3.10/site-packages/airflow/example_dags/example_branch_operator.py
[2026-08-30T23:14:58.928+0330] {processor.py:927} WARNING - No viable dags retrieved from /home/mmirnezamina/de_final_project/airflowenv/lib/python3.10/site-packages/airflow/example_dags/example_branch_operator.py
[2026-08-30T23:14:59.055+0330] {processor.py:208} INFO - Processing /home/mmirnezamina/de_final_project/airflowenv/lib/python3.10/site-packages/airflow/example_dags/example_branch_operator.py took 0.542 seconds
[2026-08-30T23:15:30.583+0330] {processor.py:186} INFO - Started process (PID=13572) to work on /home/mmirnezamina/de_final_project/airflowenv/lib/python3.10/site-packages/airflow/example_dags/example_branch_operator.py
[2026-08-30T23:15:30.586+0330] {processor.py:914} INFO - Processing file /home/mmirnezamina/de_final_project/airflowenv/lib/python3.10/site-packages/airflow/example_dags/example_branch_operator.py for tasks to queue
[2026-08-30T23:15:30.593+0330] {logging_mixin.py:190} INFO - [2026-08-30T23:15:30.591+0330] {dagbag.py:588} INFO - Filling up the DagBag from /home/mmirnezamina/de_final_project/airflowenv/lib/python3.10/site-packages/airflow/example_dags/example_branch_operator.py
[2026-08-30T23:15:30.917+0330] {processor.py:927} WARNING - No viable dags retrieved from /home/mmirnezamina/de_final_project/airflowenv/lib/python3.10/site-packages/airflow/example_dags/example_branch_operator.py
[2026-08-30T23:15:30.994+0330] {processor.py:208} INFO - Processing /home/mmirnezamina/de_final_project/airflowenv/lib/python3.10/site-packages/airflow/example_dags/example_branch_operator.py took 0.474 seconds
[2026-08-30T23:16:01.338+0330] {processor.py:186} INFO - Started process (PID=13692) to work on /home/mmirnezamina/de_final_project/airflowenv/lib/python3.10/site-packages/airflow/example_dags/example_branch_operator.py
[2026-08-30T23:16:01.340+0330] {processor.py:914} INFO - Processing file /home/mmirnezamina/de_final_project/airflowenv/lib/python3.10/site-packages/airflow/example_dags/example_branch_operator.py for tasks to queue
[2026-08-30T23:16:01.343+0330] {logging_mixin.py:190} INFO - [2026-08-30T23:16:01.342+0330] {dagbag.py:588} INFO - Filling up the DagBag from /home/mmirnezamina/de_final_project/airflowenv/lib/python3.10/site-packages/airflow/example_dags/example_branch_operator.py
[2026-08-30T23:16:01.448+0330] {processor.py:927} WARNING - No viable dags retrieved from /home/mmirnezamina/de_final_project/airflowenv/lib/python3.10/site-packages/airflow/example_dags/example_branch_operator.py
[2026-08-30T23:16:01.471+0330] {processor.py:208} INFO - Processing /home/mmirnezamina/de_final_project/airflowenv/lib/python3.10/site-packages/airflow/example_dags/example_branch_operator.py took 0.150 seconds
[2026-08-30T23:16:31.922+0330] {processor.py:186} INFO - Started process (PID=13814) to work on /home/mmirnezamina/de_final_project/airflowenv/lib/python3.10/site-packages/airflow/example_dags/example_branch_operator.py
[2026-08-30T23:16:31.925+0330] {processor.py:914} INFO - Processing file /home/mmirnezamina/de_final_project/airflowenv/lib/python3.10/site-packages/airflow/example_dags/example_branch_operator.py for tasks to queue
[2026-08-30T23:16:31.929+0330] {logging_mixin.py:190} INFO - [2026-08-30T23:16:31.928+0330] {dagbag.py:588} INFO - Filling up the DagBag from /home/mmirnezamina/de_final_project/airflowenv/lib/python3.10/site-packages/airflow/example_dags/example_branch_operator.py
[2026-08-30T23:16:32.184+0330] {processor.py:927} WARNING - No viable dags retrieved from /home/mmirnezamina/de_final_project/airflowenv/lib/python3.10/site-packages/airflow/example_dags/example_branch_operator.py
[2026-08-30T23:16:32.266+0330] {processor.py:208} INFO - Processing /home/mmirnezamina/de_final_project/airflowenv/lib/python3.10/site-packages/airflow/example_dags/example_branch_operator.py took 0.371 seconds
[2026-08-30T23:17:02.990+0330] {processor.py:186} INFO - Started process (PID=13979) to work on /home/mmirnezamina/de_final_project/airflowenv/lib/python3.10/site-packages/airflow/example_dags/example_branch_operator.py
[2026-08-30T23:17:02.995+0330] {processor.py:914} INFO - Processing file /home/mmirnezamina/de_final_project/airflowenv/lib/python3.10/site-packages/airflow/example_dags/example_branch_operator.py for tasks to queue
[2026-08-30T23:17:03.004+0330] {logging_mixin.py:190} INFO - [2026-08-30T23:17:03.001+0330] {dagbag.py:588} INFO - Filling up the DagBag from /home/mmirnezamina/de_final_project/airflowenv/lib/python3.10/site-packages/airflow/example_dags/example_branch_operator.py
[2026-08-30T23:17:03.395+0330] {processor.py:927} WARNING - No viable dags retrieved from /home/mmirnezamina/de_final_project/airflowenv/lib/python3.10/site-packages/airflow/example_dags/example_branch_operator.py
[2026-08-30T23:17:03.538+0330] {processor.py:208} INFO - Processing /home/mmirnezamina/de_final_project/airflowenv/lib/python3.10/site-packages/airflow/example_dags/example_branch_operator.py took 0.603 seconds
[2026-08-30T23:17:35.265+0330] {processor.py:186} INFO - Started process (PID=14106) to work on /home/mmirnezamina/de_final_project/airflowenv/lib/python3.10/site-packages/airflow/example_dags/example_branch_operator.py
[2026-08-30T23:17:35.268+0330] {processor.py:914} INFO - Processing file /home/mmirnezamina/de_final_project/airflowenv/lib/python3.10/site-packages/airflow/example_dags/example_branch_operator.py for tasks to queue
[2026-08-30T23:17:35.273+0330] {logging_mixin.py:190} INFO - [2026-08-30T23:17:35.272+0330] {dagbag.py:588} INFO - Filling up the DagBag from /home/mmirnezamina/de_final_project/airflowenv/lib/python3.10/site-packages/airflow/example_dags/example_branch_operator.py
[2026-08-30T23:17:35.585+0330] {processor.py:927} WARNING - No viable dags retrieved from /home/mmirnezamina/de_final_project/airflowenv/lib/python3.10/site-packages/airflow/example_dags/example_branch_operator.py
[2026-08-30T23:17:35.806+0330] {processor.py:208} INFO - Processing /home/mmirnezamina/de_final_project/airflowenv/lib/python3.10/site-packages/airflow/example_dags/example_branch_operator.py took 0.580 seconds
[2026-08-30T23:18:07.195+0330] {processor.py:186} INFO - Started process (PID=14233) to work on /home/mmirnezamina/de_final_project/airflowenv/lib/python3.10/site-packages/airflow/example_dags/example_branch_operator.py
[2026-08-30T23:18:07.198+0330] {processor.py:914} INFO - Processing file /home/mmirnezamina/de_final_project/airflowenv/lib/python3.10/site-packages/airflow/example_dags/example_branch_operator.py for tasks to queue
[2026-08-30T23:18:07.202+0330] {logging_mixin.py:190} INFO - [2026-08-30T23:18:07.201+0330] {dagbag.py:588} INFO - Filling up the DagBag from /home/mmirnezamina/de_final_project/airflowenv/lib/python3.10/site-packages/airflow/example_dags/example_branch_operator.py
[2026-08-30T23:18:07.469+0330] {processor.py:927} WARNING - No viable dags retrieved from /home/mmirnezamina/de_final_project/airflowenv/lib/python3.10/site-packages/airflow/example_dags/example_branch_operator.py
[2026-08-30T23:18:07.554+0330] {processor.py:208} INFO - Processing /home/mmirnezamina/de_final_project/airflowenv/lib/python3.10/site-packages/airflow/example_dags/example_branch_operator.py took 0.386 seconds
[2026-08-30T23:18:37.768+0330] {processor.py:186} INFO - Started process (PID=14352) to work on /home/mmirnezamina/de_final_project/airflowenv/lib/python3.10/site-packages/airflow/example_dags/example_branch_operator.py
[2026-08-30T23:18:37.769+0330] {processor.py:914} INFO - Processing file /home/mmirnezamina/de_final_project/airflowenv/lib/python3.10/site-packages/airflow/example_dags/example_branch_operator.py for tasks to queue
[2026-08-30T23:18:37.771+0330] {logging_mixin.py:190} INFO - [2026-08-30T23:18:37.771+0330] {dagbag.py:588} INFO - Filling up the DagBag from /home/mmirnezamina/de_final_project/airflowenv/lib/python3.10/site-packages/airflow/example_dags/example_branch_operator.py
[2026-08-30T23:18:37.842+0330] {processor.py:927} WARNING - No viable dags retrieved from /home/mmirnezamina/de_final_project/airflowenv/lib/python3.10/site-packages/airflow/example_dags/example_branch_operator.py
[2026-08-30T23:18:37.870+0330] {processor.py:208} INFO - Processing /home/mmirnezamina/de_final_project/airflowenv/lib/python3.10/site-packages/airflow/example_dags/example_branch_operator.py took 0.110 seconds
[2026-08-30T23:19:08.440+0330] {processor.py:186} INFO - Started process (PID=14470) to work on /home/mmirnezamina/de_final_project/airflowenv/lib/python3.10/site-packages/airflow/example_dags/example_branch_operator.py
[2026-08-30T23:19:08.442+0330] {processor.py:914} INFO - Processing file /home/mmirnezamina/de_final_project/airflowenv/lib/python3.10/site-packages/airflow/example_dags/example_branch_operator.py for tasks to queue
[2026-08-30T23:19:08.444+0330] {logging_mixin.py:190} INFO - [2026-08-30T23:19:08.444+0330] {dagbag.py:588} INFO - Filling up the DagBag from /home/mmirnezamina/de_final_project/airflowenv/lib/python3.10/site-packages/airflow/example_dags/example_branch_operator.py
[2026-08-30T23:19:08.579+0330] {processor.py:927} WARNING - No viable dags retrieved from /home/mmirnezamina/de_final_project/airflowenv/lib/python3.10/site-packages/airflow/example_dags/example_branch_operator.py
[2026-08-30T23:19:08.614+0330] {processor.py:208} INFO - Processing /home/mmirnezamina/de_final_project/airflowenv/lib/python3.10/site-packages/airflow/example_dags/example_branch_operator.py took 0.187 seconds
[2026-08-30T23:19:39.336+0330] {processor.py:186} INFO - Started process (PID=14588) to work on /home/mmirnezamina/de_final_project/airflowenv/lib/python3.10/site-packages/airflow/example_dags/example_branch_operator.py
[2026-08-30T23:19:39.337+0330] {processor.py:914} INFO - Processing file /home/mmirnezamina/de_final_project/airflowenv/lib/python3.10/site-packages/airflow/example_dags/example_branch_operator.py for tasks to queue
[2026-08-30T23:19:39.339+0330] {logging_mixin.py:190} INFO - [2026-08-30T23:19:39.339+0330] {dagbag.py:588} INFO - Filling up the DagBag from /home/mmirnezamina/de_final_project/airflowenv/lib/python3.10/site-packages/airflow/example_dags/example_branch_operator.py
[2026-08-30T23:19:39.399+0330] {processor.py:927} WARNING - No viable dags retrieved from /home/mmirnezamina/de_final_project/airflowenv/lib/python3.10/site-packages/airflow/example_dags/example_branch_operator.py
[2026-08-30T23:19:39.418+0330] {processor.py:208} INFO - Processing /home/mmirnezamina/de_final_project/airflowenv/lib/python3.10/site-packages/airflow/example_dags/example_branch_operator.py took 0.090 seconds
[2026-08-30T23:20:10.077+0330] {processor.py:186} INFO - Started process (PID=14709) to work on /home/mmirnezamina/de_final_project/airflowenv/lib/python3.10/site-packages/airflow/example_dags/example_branch_operator.py
[2026-08-30T23:20:10.081+0330] {processor.py:914} INFO - Processing file /home/mmirnezamina/de_final_project/airflowenv/lib/python3.10/site-packages/airflow/example_dags/example_branch_operator.py for tasks to queue
[2026-08-30T23:20:10.087+0330] {logging_mixin.py:190} INFO - [2026-08-30T23:20:10.086+0330] {dagbag.py:588} INFO - Filling up the DagBag from /home/mmirnezamina/de_final_project/airflowenv/lib/python3.10/site-packages/airflow/example_dags/example_branch_operator.py
[2026-08-30T23:20:10.232+0330] {processor.py:927} WARNING - No viable dags retrieved from /home/mmirnezamina/de_final_project/airflowenv/lib/python3.10/site-packages/airflow/example_dags/example_branch_operator.py
[2026-08-30T23:20:10.293+0330] {processor.py:208} INFO - Processing /home/mmirnezamina/de_final_project/airflowenv/lib/python3.10/site-packages/airflow/example_dags/example_branch_operator.py took 0.235 seconds
[2026-08-30T23:20:40.429+0330] {processor.py:186} INFO - Started process (PID=14829) to work on /home/mmirnezamina/de_final_project/airflowenv/lib/python3.10/site-packages/airflow/example_dags/example_branch_operator.py
[2026-08-30T23:20:40.431+0330] {processor.py:914} INFO - Processing file /home/mmirnezamina/de_final_project/airflowenv/lib/python3.10/site-packages/airflow/example_dags/example_branch_operator.py for tasks to queue
[2026-08-30T23:20:40.432+0330] {logging_mixin.py:190} INFO - [2026-08-30T23:20:40.432+0330] {dagbag.py:588} INFO - Filling up the DagBag from /home/mmirnezamina/de_final_project/airflowenv/lib/python3.10/site-packages/airflow/example_dags/example_branch_operator.py
[2026-08-30T23:20:40.478+0330] {processor.py:927} WARNING - No viable dags retrieved from /home/mmirnezamina/de_final_project/airflowenv/lib/python3.10/site-packages/airflow/example_dags/example_branch_operator.py
[2026-08-30T23:20:40.496+0330] {processor.py:208} INFO - Processing /home/mmirnezamina/de_final_project/airflowenv/lib/python3.10/site-packages/airflow/example_dags/example_branch_operator.py took 0.076 seconds
[2026-08-30T23:21:10.835+0330] {processor.py:186} INFO - Started process (PID=14947) to work on /home/mmirnezamina/de_final_project/airflowenv/lib/python3.10/site-packages/airflow/example_dags/example_branch_operator.py
[2026-08-30T23:21:10.836+0330] {processor.py:914} INFO - Processing file /home/mmirnezamina/de_final_project/airflowenv/lib/python3.10/site-packages/airflow/example_dags/example_branch_operator.py for tasks to queue
[2026-08-30T23:21:10.837+0330] {logging_mixin.py:190} INFO - [2026-08-30T23:21:10.837+0330] {dagbag.py:588} INFO - Filling up the DagBag from /home/mmirnezamina/de_final_project/airflowenv/lib/python3.10/site-packages/airflow/example_dags/example_branch_operator.py
[2026-08-30T23:21:10.896+0330] {processor.py:927} WARNING - No viable dags retrieved from /home/mmirnezamina/de_final_project/airflowenv/lib/python3.10/site-packages/airflow/example_dags/example_branch_operator.py
[2026-08-30T23:21:10.916+0330] {processor.py:208} INFO - Processing /home/mmirnezamina/de_final_project/airflowenv/lib/python3.10/site-packages/airflow/example_dags/example_branch_operator.py took 0.090 seconds
[2026-08-30T23:21:41.641+0330] {processor.py:186} INFO - Started process (PID=15066) to work on /home/mmirnezamina/de_final_project/airflowenv/lib/python3.10/site-packages/airflow/example_dags/example_branch_operator.py
[2026-08-30T23:21:41.643+0330] {processor.py:914} INFO - Processing file /home/mmirnezamina/de_final_project/airflowenv/lib/python3.10/site-packages/airflow/example_dags/example_branch_operator.py for tasks to queue
[2026-08-30T23:21:41.644+0330] {logging_mixin.py:190} INFO - [2026-08-30T23:21:41.644+0330] {dagbag.py:588} INFO - Filling up the DagBag from /home/mmirnezamina/de_final_project/airflowenv/lib/python3.10/site-packages/airflow/example_dags/example_branch_operator.py
[2026-08-30T23:21:41.710+0330] {processor.py:927} WARNING - No viable dags retrieved from /home/mmirnezamina/de_final_project/airflowenv/lib/python3.10/site-packages/airflow/example_dags/example_branch_operator.py
[2026-08-30T23:21:41.730+0330] {processor.py:208} INFO - Processing /home/mmirnezamina/de_final_project/airflowenv/lib/python3.10/site-packages/airflow/example_dags/example_branch_operator.py took 0.099 seconds
[2026-08-30T23:22:12.622+0330] {processor.py:186} INFO - Started process (PID=15185) to work on /home/mmirnezamina/de_final_project/airflowenv/lib/python3.10/site-packages/airflow/example_dags/example_branch_operator.py
[2026-08-30T23:22:12.623+0330] {processor.py:914} INFO - Processing file /home/mmirnezamina/de_final_project/airflowenv/lib/python3.10/site-packages/airflow/example_dags/example_branch_operator.py for tasks to queue
[2026-08-30T23:22:12.624+0330] {logging_mixin.py:190} INFO - [2026-08-30T23:22:12.624+0330] {dagbag.py:588} INFO - Filling up the DagBag from /home/mmirnezamina/de_final_project/airflowenv/lib/python3.10/site-packages/airflow/example_dags/example_branch_operator.py
[2026-08-30T23:22:12.678+0330] {processor.py:927} WARNING - No viable dags retrieved from /home/mmirnezamina/de_final_project/airflowenv/lib/python3.10/site-packages/airflow/example_dags/example_branch_operator.py
[2026-08-30T23:22:12.695+0330] {processor.py:208} INFO - Processing /home/mmirnezamina/de_final_project/airflowenv/lib/python3.10/site-packages/airflow/example_dags/example_branch_operator.py took 0.080 seconds
[2026-08-30T23:22:43.198+0330] {processor.py:186} INFO - Started process (PID=15304) to work on /home/mmirnezamina/de_final_project/airflowenv/lib/python3.10/site-packages/airflow/example_dags/example_branch_operator.py
[2026-08-30T23:22:43.202+0330] {processor.py:914} INFO - Processing file /home/mmirnezamina/de_final_project/airflowenv/lib/python3.10/site-packages/airflow/example_dags/example_branch_operator.py for tasks to queue
[2026-08-30T23:22:43.206+0330] {logging_mixin.py:190} INFO - [2026-08-30T23:22:43.205+0330] {dagbag.py:588} INFO - Filling up the DagBag from /home/mmirnezamina/de_final_project/airflowenv/lib/python3.10/site-packages/airflow/example_dags/example_branch_operator.py
[2026-08-30T23:22:43.409+0330] {processor.py:927} WARNING - No viable dags retrieved from /home/mmirnezamina/de_final_project/airflowenv/lib/python3.10/site-packages/airflow/example_dags/example_branch_operator.py
[2026-08-30T23:22:43.457+0330] {processor.py:208} INFO - Processing /home/mmirnezamina/de_final_project/airflowenv/lib/python3.10/site-packages/airflow/example_dags/example_branch_operator.py took 0.280 seconds
[2026-08-30T23:23:14.283+0330] {processor.py:186} INFO - Started process (PID=15424) to work on /home/mmirnezamina/de_final_project/airflowenv/lib/python3.10/site-packages/airflow/example_dags/example_branch_operator.py
[2026-08-30T23:23:14.284+0330] {processor.py:914} INFO - Processing file /home/mmirnezamina/de_final_project/airflowenv/lib/python3.10/site-packages/airflow/example_dags/example_branch_operator.py for tasks to queue
[2026-08-30T23:23:14.288+0330] {logging_mixin.py:190} INFO - [2026-08-30T23:23:14.287+0330] {dagbag.py:588} INFO - Filling up the DagBag from /home/mmirnezamina/de_final_project/airflowenv/lib/python3.10/site-packages/airflow/example_dags/example_branch_operator.py
[2026-08-30T23:23:14.425+0330] {processor.py:927} WARNING - No viable dags retrieved from /home/mmirnezamina/de_final_project/airflowenv/lib/python3.10/site-packages/airflow/example_dags/example_branch_operator.py
[2026-08-30T23:23:14.462+0330] {processor.py:208} INFO - Processing /home/mmirnezamina/de_final_project/airflowenv/lib/python3.10/site-packages/airflow/example_dags/example_branch_operator.py took 0.202 seconds
[2026-08-30T23:23:45.190+0330] {processor.py:186} INFO - Started process (PID=15543) to work on /home/mmirnezamina/de_final_project/airflowenv/lib/python3.10/site-packages/airflow/example_dags/example_branch_operator.py
[2026-08-30T23:23:45.191+0330] {processor.py:914} INFO - Processing file /home/mmirnezamina/de_final_project/airflowenv/lib/python3.10/site-packages/airflow/example_dags/example_branch_operator.py for tasks to queue
[2026-08-30T23:23:45.193+0330] {logging_mixin.py:190} INFO - [2026-08-30T23:23:45.193+0330] {dagbag.py:588} INFO - Filling up the DagBag from /home/mmirnezamina/de_final_project/airflowenv/lib/python3.10/site-packages/airflow/example_dags/example_branch_operator.py
[2026-08-30T23:23:45.249+0330] {processor.py:927} WARNING - No viable dags retrieved from /home/mmirnezamina/de_final_project/airflowenv/lib/python3.10/site-packages/airflow/example_dags/example_branch_operator.py
[2026-08-30T23:23:45.267+0330] {processor.py:208} INFO - Processing /home/mmirnezamina/de_final_project/airflowenv/lib/python3.10/site-packages/airflow/example_dags/example_branch_operator.py took 0.086 seconds
[2026-08-30T23:24:15.972+0330] {processor.py:186} INFO - Started process (PID=15662) to work on /home/mmirnezamina/de_final_project/airflowenv/lib/python3.10/site-packages/airflow/example_dags/example_branch_operator.py
[2026-08-30T23:24:15.974+0330] {processor.py:914} INFO - Processing file /home/mmirnezamina/de_final_project/airflowenv/lib/python3.10/site-packages/airflow/example_dags/example_branch_operator.py for tasks to queue
[2026-08-30T23:24:15.979+0330] {logging_mixin.py:190} INFO - [2026-08-30T23:24:15.978+0330] {dagbag.py:588} INFO - Filling up the DagBag from /home/mmirnezamina/de_final_project/airflowenv/lib/python3.10/site-packages/airflow/example_dags/example_branch_operator.py
[2026-08-30T23:24:16.108+0330] {processor.py:927} WARNING - No viable dags retrieved from /home/mmirnezamina/de_final_project/airflowenv/lib/python3.10/site-packages/airflow/example_dags/example_branch_operator.py
[2026-08-30T23:24:16.146+0330] {processor.py:208} INFO - Processing /home/mmirnezamina/de_final_project/airflowenv/lib/python3.10/site-packages/airflow/example_dags/example_branch_operator.py took 0.197 seconds
[2026-08-30T23:24:46.877+0330] {processor.py:186} INFO - Started process (PID=15780) to work on /home/mmirnezamina/de_final_project/airflowenv/lib/python3.10/site-packages/airflow/example_dags/example_branch_operator.py
[2026-08-30T23:24:46.879+0330] {processor.py:914} INFO - Processing file /home/mmirnezamina/de_final_project/airflowenv/lib/python3.10/site-packages/airflow/example_dags/example_branch_operator.py for tasks to queue
[2026-08-30T23:24:46.882+0330] {logging_mixin.py:190} INFO - [2026-08-30T23:24:46.881+0330] {dagbag.py:588} INFO - Filling up the DagBag from /home/mmirnezamina/de_final_project/airflowenv/lib/python3.10/site-packages/airflow/example_dags/example_branch_operator.py
[2026-08-30T23:24:46.986+0330] {processor.py:927} WARNING - No viable dags retrieved from /home/mmirnezamina/de_final_project/airflowenv/lib/python3.10/site-packages/airflow/example_dags/example_branch_operator.py
[2026-08-30T23:24:47.054+0330] {processor.py:208} INFO - Processing /home/mmirnezamina/de_final_project/airflowenv/lib/python3.10/site-packages/airflow/example_dags/example_branch_operator.py took 0.194 seconds
[2026-08-30T23:25:17.101+0330] {processor.py:186} INFO - Started process (PID=15925) to work on /home/mmirnezamina/de_final_project/airflowenv/lib/python3.10/site-packages/airflow/example_dags/example_branch_operator.py
[2026-08-30T23:25:17.102+0330] {processor.py:914} INFO - Processing file /home/mmirnezamina/de_final_project/airflowenv/lib/python3.10/site-packages/airflow/example_dags/example_branch_operator.py for tasks to queue
[2026-08-30T23:25:17.104+0330] {logging_mixin.py:190} INFO - [2026-08-30T23:25:17.104+0330] {dagbag.py:588} INFO - Filling up the DagBag from /home/mmirnezamina/de_final_project/airflowenv/lib/python3.10/site-packages/airflow/example_dags/example_branch_operator.py
[2026-08-30T23:25:17.198+0330] {processor.py:927} WARNING - No viable dags retrieved from /home/mmirnezamina/de_final_project/airflowenv/lib/python3.10/site-packages/airflow/example_dags/example_branch_operator.py
[2026-08-30T23:25:17.224+0330] {processor.py:208} INFO - Processing /home/mmirnezamina/de_final_project/airflowenv/lib/python3.10/site-packages/airflow/example_dags/example_branch_operator.py took 0.131 seconds
[2026-08-30T23:25:47.395+0330] {processor.py:186} INFO - Started process (PID=16061) to work on /home/mmirnezamina/de_final_project/airflowenv/lib/python3.10/site-packages/airflow/example_dags/example_branch_operator.py
[2026-08-30T23:25:47.396+0330] {processor.py:914} INFO - Processing file /home/mmirnezamina/de_final_project/airflowenv/lib/python3.10/site-packages/airflow/example_dags/example_branch_operator.py for tasks to queue
[2026-08-30T23:25:47.398+0330] {logging_mixin.py:190} INFO - [2026-08-30T23:25:47.398+0330] {dagbag.py:588} INFO - Filling up the DagBag from /home/mmirnezamina/de_final_project/airflowenv/lib/python3.10/site-packages/airflow/example_dags/example_branch_operator.py
[2026-08-30T23:25:47.491+0330] {processor.py:927} WARNING - No viable dags retrieved from /home/mmirnezamina/de_final_project/airflowenv/lib/python3.10/site-packages/airflow/example_dags/example_branch_operator.py
[2026-08-30T23:25:47.516+0330] {processor.py:208} INFO - Processing /home/mmirnezamina/de_final_project/airflowenv/lib/python3.10/site-packages/airflow/example_dags/example_branch_operator.py took 0.136 seconds
[2026-08-30T23:26:17.857+0330] {processor.py:186} INFO - Started process (PID=16181) to work on /home/mmirnezamina/de_final_project/airflowenv/lib/python3.10/site-packages/airflow/example_dags/example_branch_operator.py
[2026-08-30T23:26:17.858+0330] {processor.py:914} INFO - Processing file /home/mmirnezamina/de_final_project/airflowenv/lib/python3.10/site-packages/airflow/example_dags/example_branch_operator.py for tasks to queue
[2026-08-30T23:26:17.861+0330] {logging_mixin.py:190} INFO - [2026-08-30T23:26:17.861+0330] {dagbag.py:588} INFO - Filling up the DagBag from /home/mmirnezamina/de_final_project/airflowenv/lib/python3.10/site-packages/airflow/example_dags/example_branch_operator.py
[2026-08-30T23:26:18.010+0330] {processor.py:927} WARNING - No viable dags retrieved from /home/mmirnezamina/de_final_project/airflowenv/lib/python3.10/site-packages/airflow/example_dags/example_branch_operator.py
[2026-08-30T23:26:18.048+0330] {processor.py:208} INFO - Processing /home/mmirnezamina/de_final_project/airflowenv/lib/python3.10/site-packages/airflow/example_dags/example_branch_operator.py took 0.210 seconds
[2026-08-30T23:26:48.254+0330] {processor.py:186} INFO - Started process (PID=16298) to work on /home/mmirnezamina/de_final_project/airflowenv/lib/python3.10/site-packages/airflow/example_dags/example_branch_operator.py
[2026-08-30T23:26:48.257+0330] {processor.py:914} INFO - Processing file /home/mmirnezamina/de_final_project/airflowenv/lib/python3.10/site-packages/airflow/example_dags/example_branch_operator.py for tasks to queue
[2026-08-30T23:26:48.262+0330] {logging_mixin.py:190} INFO - [2026-08-30T23:26:48.261+0330] {dagbag.py:588} INFO - Filling up the DagBag from /home/mmirnezamina/de_final_project/airflowenv/lib/python3.10/site-packages/airflow/example_dags/example_branch_operator.py
[2026-08-30T23:26:48.499+0330] {processor.py:927} WARNING - No viable dags retrieved from /home/mmirnezamina/de_final_project/airflowenv/lib/python3.10/site-packages/airflow/example_dags/example_branch_operator.py
[2026-08-30T23:26:48.568+0330] {processor.py:208} INFO - Processing /home/mmirnezamina/de_final_project/airflowenv/lib/python3.10/site-packages/airflow/example_dags/example_branch_operator.py took 0.355 seconds
