[2026-08-30T23:13:50.186+0330] {processor.py:186} INFO - Started process (PID=13186) to work on /home/mmirnezamina/de_final_project/airflowenv/lib/python3.10/site-packages/airflow/example_dags/example_kubernetes_executor.py
[2026-08-30T23:13:50.189+0330] {processor.py:914} INFO - Processing file /home/mmirnezamina/de_final_project/airflowenv/lib/python3.10/site-packages/airflow/example_dags/example_kubernetes_executor.py for tasks to queue
[2026-08-30T23:13:50.192+0330] {logging_mixin.py:190} INFO - [2026-08-30T23:13:50.191+0330] {dagbag.py:588} INFO - Filling up the DagBag from /home/mmirnezamina/de_final_project/airflowenv/lib/python3.10/site-packages/airflow/example_dags/example_kubernetes_executor.py
[2026-08-30T23:13:50.198+0330] {logging_mixin.py:190} INFO - [2026-08-30T23:13:50.198+0330] {example_kubernetes_executor.py:39} WARNING - The example_kubernetes_executor example DAG requires the kubernetes provider. Please install it with: pip install apache-airflow[cncf.kubernetes]
[2026-08-30T23:13:50.199+0330] {processor.py:927} WARNING - No viable dags retrieved from /home/mmirnezamina/de_final_project/airflowenv/lib/python3.10/site-packages/airflow/example_dags/example_kubernetes_executor.py
[2026-08-30T23:13:50.266+0330] {processor.py:208} INFO - Processing /home/mmirnezamina/de_final_project/airflowenv/lib/python3.10/site-packages/airflow/example_dags/example_kubernetes_executor.py took 0.104 seconds
[2026-08-30T23:14:21.225+0330] {processor.py:186} INFO - Started process (PID=13309) to work on /home/mmirnezamina/de_final_project/airflowenv/lib/python3.10/site-packages/airflow/example_dags/example_kubernetes_executor.py
[2026-08-30T23:14:21.226+0330] {processor.py:914} INFO - Processing file /home/mmirnezamina/de_final_project/airflowenv/lib/python3.10/site-packages/airflow/example_dags/example_kubernetes_executor.py for tasks to queue
[2026-08-30T23:14:21.230+0330] {logging_mixin.py:190} INFO - [2026-08-30T23:14:21.229+0330] {dagbag.py:588} INFO - Filling up the DagBag from /home/mmirnezamina/de_final_project/airflowenv/lib/python3.10/site-packages/airflow/example_dags/example_kubernetes_executor.py
[2026-08-30T23:14:21.236+0330] {logging_mixin.py:190} INFO - [2026-08-30T23:14:21.236+0330] {example_kubernetes_executor.py:39} WARNING - The example_kubernetes_executor example DAG requires the kubernetes provider. Please install it with: pip install apache-airflow[cncf.kubernetes]
[2026-08-30T23:14:21.237+0330] {processor.py:927} WARNING - No viable dags retrieved from /home/mmirnezamina/de_final_project/airflowenv/lib/python3.10/site-packages/airflow/example_dags/example_kubernetes_executor.py
[2026-08-30T23:14:21.280+0330] {processor.py:208} INFO - Processing /home/mmirnezamina/de_final_project/airflowenv/lib/python3.10/site-packages/airflow/example_dags/example_kubernetes_executor.py took 0.074 seconds
[2026-08-30T23:14:52.051+0330] {processor.py:186} INFO - Started process (PID=13426) to work on /home/mmirnezamina/de_final_project/airflowenv/lib/python3.10/site-packages/airflow/example_dags/example_kubernetes_executor.py
[2026-08-30T23:14:52.053+0330] {processor.py:914} INFO - Processing file /home/mmirnezamina/de_final_project/airflowenv/lib/python3.10/site-packages/airflow/example_dags/example_kubernetes_executor.py for tasks to queue
[2026-08-30T23:14:52.055+0330] {logging_mixin.py:190} INFO - [2026-08-30T23:14:52.055+0330] {dagbag.py:588} INFO - Filling up the DagBag from /home/mmirnezamina/de_final_project/airflowenv/lib/python3.10/site-packages/airflow/example_dags/example_kubernetes_executor.py
[2026-08-30T23:14:52.061+0330] {logging_mixin.py:190} INFO - [2026-08-30T23:14:52.060+0330] {example_kubernetes_executor.py:39} WARNING - The example_kubernetes_executor example DAG requires the kubernetes provider. Please install it with: pip install apache-airflow[cncf.kubernetes]
[2026-08-30T23:14:52.061+0330] {processor.py:927} WARNING - No viable dags retrieved from /home/mmirnezamina/de_final_project/airflowenv/lib/python3.10/site-packages/airflow/example_dags/example_kubernetes_executor.py
[2026-08-30T23:14:52.092+0330] {processor.py:208} INFO - Processing /home/mmirnezamina/de_final_project/airflowenv/lib/python3.10/site-packages/airflow/example_dags/example_kubernetes_executor.py took 0.054 seconds
[2026-08-30T23:15:23.472+0330] {processor.py:186} INFO - Started process (PID=13547) to work on /home/mmirnezamina/de_final_project/airflowenv/lib/python3.10/site-packages/airflow/example_dags/example_kubernetes_executor.py
[2026-08-30T23:15:23.487+0330] {processor.py:914} INFO - Processing file /home/mmirnezamina/de_final_project/airflowenv/lib/python3.10/site-packages/airflow/example_dags/example_kubernetes_executor.py for tasks to queue
[2026-08-30T23:15:23.500+0330] {logging_mixin.py:190} INFO - [2026-08-30T23:15:23.498+0330] {dagbag.py:588} INFO - Filling up the DagBag from /home/mmirnezamina/de_final_project/airflowenv/lib/python3.10/site-packages/airflow/example_dags/example_kubernetes_executor.py
[2026-08-30T23:15:23.541+0330] {logging_mixin.py:190} INFO - [2026-08-30T23:15:23.540+0330] {example_kubernetes_executor.py:39} WARNING - The example_kubernetes_executor example DAG requires the kubernetes provider. Please install it with: pip install apache-airflow[cncf.kubernetes]
[2026-08-30T23:15:23.544+0330] {processor.py:927} WARNING - No viable dags retrieved from /home/mmirnezamina/de_final_project/airflowenv/lib/python3.10/site-packages/airflow/example_dags/example_kubernetes_executor.py
[2026-08-30T23:15:23.679+0330] {processor.py:208} INFO - Processing /home/mmirnezamina/de_final_project/airflowenv/lib/python3.10/site-packages/airflow/example_dags/example_kubernetes_executor.py took 0.295 seconds
[2026-08-30T23:15:53.970+0330] {processor.py:186} INFO - Started process (PID=13664) to work on /home/mmirnezamina/de_final_project/airflowenv/lib/python3.10/site-packages/airflow/example_dags/example_kubernetes_executor.py
[2026-08-30T23:15:53.971+0330] {processor.py:914} INFO - Processing file /home/mmirnezamina/de_final_project/airflowenv/lib/python3.10/site-packages/airflow/example_dags/example_kubernetes_executor.py for tasks to queue
[2026-08-30T23:15:53.973+0330] {logging_mixin.py:190} INFO - [2026-08-30T23:15:53.973+0330] {dagbag.py:588} INFO - Filling up the DagBag from /home/mmirnezamina/de_final_project/airflowenv/lib/python3.10/site-packages/airflow/example_dags/example_kubernetes_executor.py
[2026-08-30T23:15:53.978+0330] {logging_mixin.py:190} INFO - [2026-08-30T23:15:53.978+0330] {example_kubernetes_executor.py:39} WARNING - The example_kubernetes_executor example DAG requires the kubernetes provider. Please install it with: pip install apache-airflow[cncf.kubernetes]
[2026-08-30T23:15:53.979+0330] {processor.py:927} WARNING - No viable dags retrieved from /home/mmirnezamina/de_final_project/airflowenv/lib/python3.10/site-packages/airflow/example_dags/example_kubernetes_executor.py
[2026-08-30T23:15:54.009+0330] {processor.py:208} INFO - Processing /home/mmirnezamina/de_final_project/airflowenv/lib/python3.10/site-packages/airflow/example_dags/example_kubernetes_executor.py took 0.053 seconds
[2026-08-30T23:16:24.638+0330] {processor.py:186} INFO - Started process (PID=13784) to work on /home/mmirnezamina/de_final_project/airflowenv/lib/python3.10/site-packages/airflow/example_dags/example_kubernetes_executor.py
[2026-08-30T23:16:24.640+0330] {processor.py:914} INFO - Processing file /home/mmirnezamina/de_final_project/airflowenv/lib/python3.10/site-packages/airflow/example_dags/example_kubernetes_executor.py for tasks to queue
[2026-08-30T23:16:24.642+0330] {logging_mixin.py:190} INFO - [2026-08-30T23:16:24.641+0330] {dagbag.py:588} INFO - Filling up the DagBag from /home/mmirnezamina/de_final_project/airflowenv/lib/python3.10/site-packages/airflow/example_dags/example_kubernetes_executor.py
[2026-08-30T23:16:24.646+0330] {logging_mixin.py:190} INFO - [2026-08-30T23:16:24.646+0330] {example_kubernetes_executor.py:39} WARNING - The example_kubernetes_executor example DAG requires the kubernetes provider. Please install it with: pip install apache-airflow[cncf.kubernetes]
[2026-08-30T23:16:24.647+0330] {processor.py:927} WARNING - No viable dags retrieved from /home/mmirnezamina/de_final_project/airflowenv/lib/python3.10/site-packages/airflow/example_dags/example_kubernetes_executor.py
[2026-08-30T23:16:24.687+0330] {processor.py:208} INFO - Processing /home/mmirnezamina/de_final_project/airflowenv/lib/python3.10/site-packages/airflow/example_dags/example_kubernetes_executor.py took 0.064 seconds
[2026-08-30T23:16:54.954+0330] {processor.py:186} INFO - Started process (PID=13933) to work on /home/mmirnezamina/de_final_project/airflowenv/lib/python3.10/site-packages/airflow/example_dags/example_kubernetes_executor.py
[2026-08-30T23:16:54.955+0330] {processor.py:914} INFO - Processing file /home/mmirnezamina/de_final_project/airflowenv/lib/python3.10/site-packages/airflow/example_dags/example_kubernetes_executor.py for tasks to queue
[2026-08-30T23:16:54.957+0330] {logging_mixin.py:190} INFO - [2026-08-30T23:16:54.956+0330] {dagbag.py:588} INFO - Filling up the DagBag from /home/mmirnezamina/de_final_project/airflowenv/lib/python3.10/site-packages/airflow/example_dags/example_kubernetes_executor.py
[2026-08-30T23:16:54.960+0330] {logging_mixin.py:190} INFO - [2026-08-30T23:16:54.960+0330] {example_kubernetes_executor.py:39} WARNING - The example_kubernetes_executor example DAG requires the kubernetes provider. Please install it with: pip install apache-airflow[cncf.kubernetes]
[2026-08-30T23:16:54.961+0330] {processor.py:927} WARNING - No viable dags retrieved from /home/mmirnezamina/de_final_project/airflowenv/lib/python3.10/site-packages/airflow/example_dags/example_kubernetes_executor.py
[2026-08-30T23:16:54.991+0330] {processor.py:208} INFO - Processing /home/mmirnezamina/de_final_project/airflowenv/lib/python3.10/site-packages/airflow/example_dags/example_kubernetes_executor.py took 0.048 seconds
[2026-08-30T23:17:26.046+0330] {processor.py:186} INFO - Started process (PID=14071) to work on /home/mmirnezamina/de_final_project/airflowenv/lib/python3.10/site-packages/airflow/example_dags/example_kubernetes_executor.py
[2026-08-30T23:17:26.047+0330] {processor.py:914} INFO - Processing file /home/mmirnezamina/de_final_project/airflowenv/lib/python3.10/site-packages/airflow/example_dags/example_kubernetes_executor.py for tasks to queue
[2026-08-30T23:17:26.049+0330] {logging_mixin.py:190} INFO - [2026-08-30T23:17:26.049+0330] {dagbag.py:588} INFO - Filling up the DagBag from /home/mmirnezamina/de_final_project/airflowenv/lib/python3.10/site-packages/airflow/example_dags/example_kubernetes_executor.py
[2026-08-30T23:17:26.054+0330] {logging_mixin.py:190} INFO - [2026-08-30T23:17:26.054+0330] {example_kubernetes_executor.py:39} WARNING - The example_kubernetes_executor example DAG requires the kubernetes provider. Please install it with: pip install apache-airflow[cncf.kubernetes]
[2026-08-30T23:17:26.055+0330] {processor.py:927} WARNING - No viable dags retrieved from /home/mmirnezamina/de_final_project/airflowenv/lib/python3.10/site-packages/airflow/example_dags/example_kubernetes_executor.py
[2026-08-30T23:17:26.351+0330] {processor.py:208} INFO - Processing /home/mmirnezamina/de_final_project/airflowenv/lib/python3.10/site-packages/airflow/example_dags/example_kubernetes_executor.py took 0.318 seconds
[2026-08-30T23:17:56.853+0330] {processor.py:186} INFO - Started process (PID=14196) to work on /home/mmirnezamina/de_final_project/airflowenv/lib/python3.10/site-packages/airflow/example_dags/example_kubernetes_executor.py
[2026-08-30T23:17:56.854+0330] {processor.py:914} INFO - Processing file /home/mmirnezamina/de_final_project/airflowenv/lib/python3.10/site-packages/airflow/example_dags/example_kubernetes_executor.py for tasks to queue
[2026-08-30T23:17:56.856+0330] {logging_mixin.py:190} INFO - [2026-08-30T23:17:56.855+0330] {dagbag.py:588} INFO - Filling up the DagBag from /home/mmirnezamina/de_final_project/airflowenv/lib/python3.10/site-packages/airflow/example_dags/example_kubernetes_executor.py
[2026-08-30T23:17:56.859+0330] {logging_mixin.py:190} INFO - [2026-08-30T23:17:56.859+0330] {example_kubernetes_executor.py:39} WARNING - The example_kubernetes_executor example DAG requires the kubernetes provider. Please install it with: pip install apache-airflow[cncf.kubernetes]
[2026-08-30T23:17:56.859+0330] {processor.py:927} WARNING - No viable dags retrieved from /home/mmirnezamina/de_final_project/airflowenv/lib/python3.10/site-packages/airflow/example_dags/example_kubernetes_executor.py
[2026-08-30T23:17:56.887+0330] {processor.py:208} INFO - Processing /home/mmirnezamina/de_final_project/airflowenv/lib/python3.10/site-packages/airflow/example_dags/example_kubernetes_executor.py took 0.046 seconds
[2026-08-30T23:18:27.316+0330] {processor.py:186} INFO - Started process (PID=14314) to work on /home/mmirnezamina/de_final_project/airflowenv/lib/python3.10/site-packages/airflow/example_dags/example_kubernetes_executor.py
[2026-08-30T23:18:27.320+0330] {processor.py:914} INFO - Processing file /home/mmirnezamina/de_final_project/airflowenv/lib/python3.10/site-packages/airflow/example_dags/example_kubernetes_executor.py for tasks to queue
[2026-08-30T23:18:27.322+0330] {logging_mixin.py:190} INFO - [2026-08-30T23:18:27.321+0330] {dagbag.py:588} INFO - Filling up the DagBag from /home/mmirnezamina/de_final_project/airflowenv/lib/python3.10/site-packages/airflow/example_dags/example_kubernetes_executor.py
[2026-08-30T23:18:27.326+0330] {logging_mixin.py:190} INFO - [2026-08-30T23:18:27.326+0330] {example_kubernetes_executor.py:39} WARNING - The example_kubernetes_executor example DAG requires the kubernetes provider. Please install it with: pip install apache-airflow[cncf.kubernetes]
[2026-08-30T23:18:27.327+0330] {processor.py:927} WARNING - No viable dags retrieved from /home/mmirnezamina/de_final_project/airflowenv/lib/python3.10/site-packages/airflow/example_dags/example_kubernetes_executor.py
[2026-08-30T23:18:27.399+0330] {processor.py:208} INFO - Processing /home/mmirnezamina/de_final_project/airflowenv/lib/python3.10/site-packages/airflow/example_dags/example_kubernetes_executor.py took 0.097 seconds
[2026-08-30T23:18:57.827+0330] {processor.py:186} INFO - Started process (PID=14431) to work on /home/mmirnezamina/de_final_project/airflowenv/lib/python3.10/site-packages/airflow/example_dags/example_kubernetes_executor.py
[2026-08-30T23:18:57.828+0330] {processor.py:914} INFO - Processing file /home/mmirnezamina/de_final_project/airflowenv/lib/python3.10/site-packages/airflow/example_dags/example_kubernetes_executor.py for tasks to queue
[2026-08-30T23:18:57.829+0330] {logging_mixin.py:190} INFO - [2026-08-30T23:18:57.829+0330] {dagbag.py:588} INFO - Filling up the DagBag from /home/mmirnezamina/de_final_project/airflowenv/lib/python3.10/site-packages/airflow/example_dags/example_kubernetes_executor.py
[2026-08-30T23:18:57.832+0330] {logging_mixin.py:190} INFO - [2026-08-30T23:18:57.832+0330] {example_kubernetes_executor.py:39} WARNING - The example_kubernetes_executor example DAG requires the kubernetes provider. Please install it with: pip install apache-airflow[cncf.kubernetes]
[2026-08-30T23:18:57.833+0330] {processor.py:927} WARNING - No viable dags retrieved from /home/mmirnezamina/de_final_project/airflowenv/lib/python3.10/site-packages/airflow/example_dags/example_kubernetes_executor.py
[2026-08-30T23:18:57.855+0330] {processor.py:208} INFO - Processing /home/mmirnezamina/de_final_project/airflowenv/lib/python3.10/site-packages/airflow/example_dags/example_kubernetes_executor.py took 0.037 seconds
[2026-08-30T23:19:28.314+0330] {processor.py:186} INFO - Started process (PID=14551) to work on /home/mmirnezamina/de_final_project/airflowenv/lib/python3.10/site-packages/airflow/example_dags/example_kubernetes_executor.py
[2026-08-30T23:19:28.316+0330] {processor.py:914} INFO - Processing file /home/mmirnezamina/de_final_project/airflowenv/lib/python3.10/site-packages/airflow/example_dags/example_kubernetes_executor.py for tasks to queue
[2026-08-30T23:19:28.318+0330] {logging_mixin.py:190} INFO - [2026-08-30T23:19:28.317+0330] {dagbag.py:588} INFO - Filling up the DagBag from /home/mmirnezamina/de_final_project/airflowenv/lib/python3.10/site-packages/airflow/example_dags/example_kubernetes_executor.py
[2026-08-30T23:19:28.322+0330] {logging_mixin.py:190} INFO - [2026-08-30T23:19:28.322+0330] {example_kubernetes_executor.py:39} WARNING - The example_kubernetes_executor example DAG requires the kubernetes provider. Please install it with: pip install apache-airflow[cncf.kubernetes]
[2026-08-30T23:19:28.322+0330] {processor.py:927} WARNING - No viable dags retrieved from /home/mmirnezamina/de_final_project/airflowenv/lib/python3.10/site-packages/airflow/example_dags/example_kubernetes_executor.py
[2026-08-30T23:19:28.350+0330] {processor.py:208} INFO - Processing /home/mmirnezamina/de_final_project/airflowenv/lib/python3.10/site-packages/airflow/example_dags/example_kubernetes_executor.py took 0.045 seconds
[2026-08-30T23:19:58.900+0330] {processor.py:186} INFO - Started process (PID=14670) to work on /home/mmirnezamina/de_final_project/airflowenv/lib/python3.10/site-packages/airflow/example_dags/example_kubernetes_executor.py
[2026-08-30T23:19:58.901+0330] {processor.py:914} INFO - Processing file /home/mmirnezamina/de_final_project/airflowenv/lib/python3.10/site-packages/airflow/example_dags/example_kubernetes_executor.py for tasks to queue
[2026-08-30T23:19:58.903+0330] {logging_mixin.py:190} INFO - [2026-08-30T23:19:58.903+0330] {dagbag.py:588} INFO - Filling up the DagBag from /home/mmirnezamina/de_final_project/airflowenv/lib/python3.10/site-packages/airflow/example_dags/example_kubernetes_executor.py
[2026-08-30T23:19:58.908+0330] {logging_mixin.py:190} INFO - [2026-08-30T23:19:58.908+0330] {example_kubernetes_executor.py:39} WARNING - The example_kubernetes_executor example DAG requires the kubernetes provider. Please install it with: pip install apache-airflow[cncf.kubernetes]
[2026-08-30T23:19:58.909+0330] {processor.py:927} WARNING - No viable dags retrieved from /home/mmirnezamina/de_final_project/airflowenv/lib/python3.10/site-packages/airflow/example_dags/example_kubernetes_executor.py
[2026-08-30T23:19:58.939+0330] {processor.py:208} INFO - Processing /home/mmirnezamina/de_final_project/airflowenv/lib/python3.10/site-packages/airflow/example_dags/example_kubernetes_executor.py took 0.052 seconds
[2026-08-30T23:20:29.476+0330] {processor.py:186} INFO - Started process (PID=14792) to work on /home/mmirnezamina/de_final_project/airflowenv/lib/python3.10/site-packages/airflow/example_dags/example_kubernetes_executor.py
[2026-08-30T23:20:29.477+0330] {processor.py:914} INFO - Processing file /home/mmirnezamina/de_final_project/airflowenv/lib/python3.10/site-packages/airflow/example_dags/example_kubernetes_executor.py for tasks to queue
[2026-08-30T23:20:29.478+0330] {logging_mixin.py:190} INFO - [2026-08-30T23:20:29.478+0330] {dagbag.py:588} INFO - Filling up the DagBag from /home/mmirnezamina/de_final_project/airflowenv/lib/python3.10/site-packages/airflow/example_dags/example_kubernetes_executor.py
[2026-08-30T23:20:29.481+0330] {logging_mixin.py:190} INFO - [2026-08-30T23:20:29.480+0330] {example_kubernetes_executor.py:39} WARNING - The example_kubernetes_executor example DAG requires the kubernetes provider. Please install it with: pip install apache-airflow[cncf.kubernetes]
[2026-08-30T23:20:29.481+0330] {processor.py:927} WARNING - No viable dags retrieved from /home/mmirnezamina/de_final_project/airflowenv/lib/python3.10/site-packages/airflow/example_dags/example_kubernetes_executor.py
[2026-08-30T23:20:29.498+0330] {processor.py:208} INFO - Processing /home/mmirnezamina/de_final_project/airflowenv/lib/python3.10/site-packages/airflow/example_dags/example_kubernetes_executor.py took 0.029 seconds
[2026-08-30T23:20:59.847+0330] {processor.py:186} INFO - Started process (PID=14911) to work on /home/mmirnezamina/de_final_project/airflowenv/lib/python3.10/site-packages/airflow/example_dags/example_kubernetes_executor.py
[2026-08-30T23:20:59.848+0330] {processor.py:914} INFO - Processing file /home/mmirnezamina/de_final_project/airflowenv/lib/python3.10/site-packages/airflow/example_dags/example_kubernetes_executor.py for tasks to queue
[2026-08-30T23:20:59.849+0330] {logging_mixin.py:190} INFO - [2026-08-30T23:20:59.849+0330] {dagbag.py:588} INFO - Filling up the DagBag from /home/mmirnezamina/de_final_project/airflowenv/lib/python3.10/site-packages/airflow/example_dags/example_kubernetes_executor.py
[2026-08-30T23:20:59.852+0330] {logging_mixin.py:190} INFO - [2026-08-30T23:20:59.852+0330] {example_kubernetes_executor.py:39} WARNING - The example_kubernetes_executor example DAG requires the kubernetes provider. Please install it with: pip install apache-airflow[cncf.kubernetes]
[2026-08-30T23:20:59.852+0330] {processor.py:927} WARNING - No viable dags retrieved from /home/mmirnezamina/de_final_project/airflowenv/lib/python3.10/site-packages/airflow/example_dags/example_kubernetes_executor.py
[2026-08-30T23:20:59.875+0330] {processor.py:208} INFO - Processing /home/mmirnezamina/de_final_project/airflowenv/lib/python3.10/site-packages/airflow/example_dags/example_kubernetes_executor.py took 0.036 seconds
[2026-08-30T23:21:30.570+0330] {processor.py:186} INFO - Started process (PID=15029) to work on /home/mmirnezamina/de_final_project/airflowenv/lib/python3.10/site-packages/airflow/example_dags/example_kubernetes_executor.py
[2026-08-30T23:21:30.571+0330] {processor.py:914} INFO - Processing file /home/mmirnezamina/de_final_project/airflowenv/lib/python3.10/site-packages/airflow/example_dags/example_kubernetes_executor.py for tasks to queue
[2026-08-30T23:21:30.573+0330] {logging_mixin.py:190} INFO - [2026-08-30T23:21:30.573+0330] {dagbag.py:588} INFO - Filling up the DagBag from /home/mmirnezamina/de_final_project/airflowenv/lib/python3.10/site-packages/airflow/example_dags/example_kubernetes_executor.py
[2026-08-30T23:21:30.576+0330] {logging_mixin.py:190} INFO - [2026-08-30T23:21:30.576+0330] {example_kubernetes_executor.py:39} WARNING - The example_kubernetes_executor example DAG requires the kubernetes provider. Please install it with: pip install apache-airflow[cncf.kubernetes]
[2026-08-30T23:21:30.577+0330] {processor.py:927} WARNING - No viable dags retrieved from /home/mmirnezamina/de_final_project/airflowenv/lib/python3.10/site-packages/airflow/example_dags/example_kubernetes_executor.py
[2026-08-30T23:21:30.605+0330] {processor.py:208} INFO - Processing /home/mmirnezamina/de_final_project/airflowenv/lib/python3.10/site-packages/airflow/example_dags/example_kubernetes_executor.py took 0.047 seconds
[2026-08-30T23:22:00.675+0330] {processor.py:186} INFO - Started process (PID=15148) to work on /home/mmirnezamina/de_final_project/airflowenv/lib/python3.10/site-packages/airflow/example_dags/example_kubernetes_executor.py
[2026-08-30T23:22:00.676+0330] {processor.py:914} INFO - Processing file /home/mmirnezamina/de_final_project/airflowenv/lib/python3.10/site-packages/airflow/example_dags/example_kubernetes_executor.py for tasks to queue
[2026-08-30T23:22:00.677+0330] {logging_mixin.py:190} INFO - [2026-08-30T23:22:00.677+0330] {dagbag.py:588} INFO - Filling up the DagBag from /home/mmirnezamina/de_final_project/airflowenv/lib/python3.10/site-packages/airflow/example_dags/example_kubernetes_executor.py
[2026-08-30T23:22:00.680+0330] {logging_mixin.py:190} INFO - [2026-08-30T23:22:00.680+0330] {example_kubernetes_executor.py:39} WARNING - The example_kubernetes_executor example DAG requires the kubernetes provider. Please install it with: pip install apache-airflow[cncf.kubernetes]
[2026-08-30T23:22:00.680+0330] {processor.py:927} WARNING - No viable dags retrieved from /home/mmirnezamina/de_final_project/airflowenv/lib/python3.10/site-packages/airflow/example_dags/example_kubernetes_executor.py
[2026-08-30T23:22:00.700+0330] {processor.py:208} INFO - Processing /home/mmirnezamina/de_final_project/airflowenv/lib/python3.10/site-packages/airflow/example_dags/example_kubernetes_executor.py took 0.031 seconds
[2026-08-30T23:22:31.323+0330] {processor.py:186} INFO - Started process (PID=15267) to work on /home/mmirnezamina/de_final_project/airflowenv/lib/python3.10/site-packages/airflow/example_dags/example_kubernetes_executor.py
[2026-08-30T23:22:31.324+0330] {processor.py:914} INFO - Processing file /home/mmirnezamina/de_final_project/airflowenv/lib/python3.10/site-packages/airflow/example_dags/example_kubernetes_executor.py for tasks to queue
[2026-08-30T23:22:31.326+0330] {logging_mixin.py:190} INFO - [2026-08-30T23:22:31.325+0330] {dagbag.py:588} INFO - Filling up the DagBag from /home/mmirnezamina/de_final_project/airflowenv/lib/python3.10/site-packages/airflow/example_dags/example_kubernetes_executor.py
[2026-08-30T23:22:31.329+0330] {logging_mixin.py:190} INFO - [2026-08-30T23:22:31.328+0330] {example_kubernetes_executor.py:39} WARNING - The example_kubernetes_executor example DAG requires the kubernetes provider. Please install it with: pip install apache-airflow[cncf.kubernetes]
[2026-08-30T23:22:31.329+0330] {processor.py:927} WARNING - No viable dags retrieved from /home/mmirnezamina/de_final_project/airflowenv/lib/python3.10/site-packages/airflow/example_dags/example_kubernetes_executor.py
[2026-08-30T23:22:31.352+0330] {processor.py:208} INFO - Processing /home/mmirnezamina/de_final_project/airflowenv/lib/python3.10/site-packages/airflow/example_dags/example_kubernetes_executor.py took 0.038 seconds
[2026-08-30T23:23:01.672+0330] {processor.py:186} INFO - Started process (PID=15386) to work on /home/mmirnezamina/de_final_project/airflowenv/lib/python3.10/site-packages/airflow/example_dags/example_kubernetes_executor.py
[2026-08-30T23:23:01.674+0330] {processor.py:914} INFO - Processing file /home/mmirnezamina/de_final_project/airflowenv/lib/python3.10/site-packages/airflow/example_dags/example_kubernetes_executor.py for tasks to queue
[2026-08-30T23:23:01.676+0330] {logging_mixin.py:190} INFO - [2026-08-30T23:23:01.675+0330] {dagbag.py:588} INFO - Filling up the DagBag from /home/mmirnezamina/de_final_project/airflowenv/lib/python3.10/site-packages/airflow/example_dags/example_kubernetes_executor.py
[2026-08-30T23:23:01.680+0330] {logging_mixin.py:190} INFO - [2026-08-30T23:23:01.680+0330] {example_kubernetes_executor.py:39} WARNING - The example_kubernetes_executor example DAG requires the kubernetes provider. Please install it with: pip install apache-airflow[cncf.kubernetes]
[2026-08-30T23:23:01.681+0330] {processor.py:927} WARNING - No viable dags retrieved from /home/mmirnezamina/de_final_project/airflowenv/lib/python3.10/site-packages/airflow/example_dags/example_kubernetes_executor.py
[2026-08-30T23:23:01.709+0330] {processor.py:208} INFO - Processing /home/mmirnezamina/de_final_project/airflowenv/lib/python3.10/site-packages/airflow/example_dags/example_kubernetes_executor.py took 0.052 seconds
[2026-08-30T23:23:32.131+0330] {processor.py:186} INFO - Started process (PID=15504) to work on /home/mmirnezamina/de_final_project/airflowenv/lib/python3.10/site-packages/airflow/example_dags/example_kubernetes_executor.py
[2026-08-30T23:23:32.132+0330] {processor.py:914} INFO - Processing file /home/mmirnezamina/de_final_project/airflowenv/lib/python3.10/site-packages/airflow/example_dags/example_kubernetes_executor.py for tasks to queue
[2026-08-30T23:23:32.134+0330] {logging_mixin.py:190} INFO - [2026-08-30T23:23:32.133+0330] {dagbag.py:588} INFO - Filling up the DagBag from /home/mmirnezamina/de_final_project/airflowenv/lib/python3.10/site-packages/airflow/example_dags/example_kubernetes_executor.py
[2026-08-30T23:23:32.138+0330] {logging_mixin.py:190} INFO - [2026-08-30T23:23:32.137+0330] {example_kubernetes_executor.py:39} WARNING - The example_kubernetes_executor example DAG requires the kubernetes provider. Please install it with: pip install apache-airflow[cncf.kubernetes]
[2026-08-30T23:23:32.138+0330] {processor.py:927} WARNING - No viable dags retrieved from /home/mmirnezamina/de_final_project/airflowenv/lib/python3.10/site-packages/airflow/example_dags/example_kubernetes_executor.py
[2026-08-30T23:23:32.164+0330] {processor.py:208} INFO - Processing /home/mmirnezamina/de_final_project/airflowenv/lib/python3.10/site-packages/airflow/example_dags/example_kubernetes_executor.py took 0.045 seconds
[2026-08-30T23:24:02.276+0330] {processor.py:186} INFO - Started process (PID=15623) to work on /home/mmirnezamina/de_final_project/airflowenv/lib/python3.10/site-packages/airflow/example_dags/example_kubernetes_executor.py
[2026-08-30T23:24:02.278+0330] {processor.py:914} INFO - Processing file /home/mmirnezamina/de_final_project/airflowenv/lib/python3.10/site-packages/airflow/example_dags/example_kubernetes_executor.py for tasks to queue
[2026-08-30T23:24:02.280+0330] {logging_mixin.py:190} INFO - [2026-08-30T23:24:02.280+0330] {dagbag.py:588} INFO - Filling up the DagBag from /home/mmirnezamina/de_final_project/airflowenv/lib/python3.10/site-packages/airflow/example_dags/example_kubernetes_executor.py
[2026-08-30T23:24:02.284+0330] {logging_mixin.py:190} INFO - [2026-08-30T23:24:02.284+0330] {example_kubernetes_executor.py:39} WARNING - The example_kubernetes_executor example DAG requires the kubernetes provider. Please install it with: pip install apache-airflow[cncf.kubernetes]
[2026-08-30T23:24:02.284+0330] {processor.py:927} WARNING - No viable dags retrieved from /home/mmirnezamina/de_final_project/airflowenv/lib/python3.10/site-packages/airflow/example_dags/example_kubernetes_executor.py
[2026-08-30T23:24:02.313+0330] {processor.py:208} INFO - Processing /home/mmirnezamina/de_final_project/airflowenv/lib/python3.10/site-packages/airflow/example_dags/example_kubernetes_executor.py took 0.048 seconds
[2026-08-30T23:24:32.536+0330] {processor.py:186} INFO - Started process (PID=15741) to work on /home/mmirnezamina/de_final_project/airflowenv/lib/python3.10/site-packages/airflow/example_dags/example_kubernetes_executor.py
[2026-08-30T23:24:32.537+0330] {processor.py:914} INFO - Processing file /home/mmirnezamina/de_final_project/airflowenv/lib/python3.10/site-packages/airflow/example_dags/example_kubernetes_executor.py for tasks to queue
[2026-08-30T23:24:32.538+0330] {logging_mixin.py:190} INFO - [2026-08-30T23:24:32.538+0330] {dagbag.py:588} INFO - Filling up the DagBag from /home/mmirnezamina/de_final_project/airflowenv/lib/python3.10/site-packages/airflow/example_dags/example_kubernetes_executor.py
[2026-08-30T23:24:32.541+0330] {logging_mixin.py:190} INFO - [2026-08-30T23:24:32.541+0330] {example_kubernetes_executor.py:39} WARNING - The example_kubernetes_executor example DAG requires the kubernetes provider. Please install it with: pip install apache-airflow[cncf.kubernetes]
[2026-08-30T23:24:32.542+0330] {processor.py:927} WARNING - No viable dags retrieved from /home/mmirnezamina/de_final_project/airflowenv/lib/python3.10/site-packages/airflow/example_dags/example_kubernetes_executor.py
[2026-08-30T23:24:32.567+0330] {processor.py:208} INFO - Processing /home/mmirnezamina/de_final_project/airflowenv/lib/python3.10/site-packages/airflow/example_dags/example_kubernetes_executor.py took 0.040 seconds
[2026-08-30T23:25:02.938+0330] {processor.py:186} INFO - Started process (PID=15879) to work on /home/mmirnezamina/de_final_project/airflowenv/lib/python3.10/site-packages/airflow/example_dags/example_kubernetes_executor.py
[2026-08-30T23:25:02.939+0330] {processor.py:914} INFO - Processing file /home/mmirnezamina/de_final_project/airflowenv/lib/python3.10/site-packages/airflow/example_dags/example_kubernetes_executor.py for tasks to queue
[2026-08-30T23:25:02.941+0330] {logging_mixin.py:190} INFO - [2026-08-30T23:25:02.940+0330] {dagbag.py:588} INFO - Filling up the DagBag from /home/mmirnezamina/de_final_project/airflowenv/lib/python3.10/site-packages/airflow/example_dags/example_kubernetes_executor.py
[2026-08-30T23:25:02.944+0330] {logging_mixin.py:190} INFO - [2026-08-30T23:25:02.944+0330] {example_kubernetes_executor.py:39} WARNING - The example_kubernetes_executor example DAG requires the kubernetes provider. Please install it with: pip install apache-airflow[cncf.kubernetes]
[2026-08-30T23:25:02.945+0330] {processor.py:927} WARNING - No viable dags retrieved from /home/mmirnezamina/de_final_project/airflowenv/lib/python3.10/site-packages/airflow/example_dags/example_kubernetes_executor.py
[2026-08-30T23:25:02.974+0330] {processor.py:208} INFO - Processing /home/mmirnezamina/de_final_project/airflowenv/lib/python3.10/site-packages/airflow/example_dags/example_kubernetes_executor.py took 0.048 seconds
[2026-08-30T23:25:33.389+0330] {processor.py:186} INFO - Started process (PID=16017) to work on /home/mmirnezamina/de_final_project/airflowenv/lib/python3.10/site-packages/airflow/example_dags/example_kubernetes_executor.py
[2026-08-30T23:25:33.390+0330] {processor.py:914} INFO - Processing file /home/mmirnezamina/de_final_project/airflowenv/lib/python3.10/site-packages/airflow/example_dags/example_kubernetes_executor.py for tasks to queue
[2026-08-30T23:25:33.391+0330] {logging_mixin.py:190} INFO - [2026-08-30T23:25:33.391+0330] {dagbag.py:588} INFO - Filling up the DagBag from /home/mmirnezamina/de_final_project/airflowenv/lib/python3.10/site-packages/airflow/example_dags/example_kubernetes_executor.py
[2026-08-30T23:25:33.395+0330] {logging_mixin.py:190} INFO - [2026-08-30T23:25:33.395+0330] {example_kubernetes_executor.py:39} WARNING - The example_kubernetes_executor example DAG requires the kubernetes provider. Please install it with: pip install apache-airflow[cncf.kubernetes]
[2026-08-30T23:25:33.396+0330] {processor.py:927} WARNING - No viable dags retrieved from /home/mmirnezamina/de_final_project/airflowenv/lib/python3.10/site-packages/airflow/example_dags/example_kubernetes_executor.py
[2026-08-30T23:25:33.423+0330] {processor.py:208} INFO - Processing /home/mmirnezamina/de_final_project/airflowenv/lib/python3.10/site-packages/airflow/example_dags/example_kubernetes_executor.py took 0.045 seconds
[2026-08-30T23:26:03.798+0330] {processor.py:186} INFO - Started process (PID=16143) to work on /home/mmirnezamina/de_final_project/airflowenv/lib/python3.10/site-packages/airflow/example_dags/example_kubernetes_executor.py
[2026-08-30T23:26:03.800+0330] {processor.py:914} INFO - Processing file /home/mmirnezamina/de_final_project/airflowenv/lib/python3.10/site-packages/airflow/example_dags/example_kubernetes_executor.py for tasks to queue
[2026-08-30T23:26:03.801+0330] {logging_mixin.py:190} INFO - [2026-08-30T23:26:03.801+0330] {dagbag.py:588} INFO - Filling up the DagBag from /home/mmirnezamina/de_final_project/airflowenv/lib/python3.10/site-packages/airflow/example_dags/example_kubernetes_executor.py
[2026-08-30T23:26:03.804+0330] {logging_mixin.py:190} INFO - [2026-08-30T23:26:03.804+0330] {example_kubernetes_executor.py:39} WARNING - The example_kubernetes_executor example DAG requires the kubernetes provider. Please install it with: pip install apache-airflow[cncf.kubernetes]
[2026-08-30T23:26:03.804+0330] {processor.py:927} WARNING - No viable dags retrieved from /home/mmirnezamina/de_final_project/airflowenv/lib/python3.10/site-packages/airflow/example_dags/example_kubernetes_executor.py
[2026-08-30T23:26:03.825+0330] {processor.py:208} INFO - Processing /home/mmirnezamina/de_final_project/airflowenv/lib/python3.10/site-packages/airflow/example_dags/example_kubernetes_executor.py took 0.034 seconds
[2026-08-30T23:26:34.159+0330] {processor.py:186} INFO - Started process (PID=16260) to work on /home/mmirnezamina/de_final_project/airflowenv/lib/python3.10/site-packages/airflow/example_dags/example_kubernetes_executor.py
[2026-08-30T23:26:34.160+0330] {processor.py:914} INFO - Processing file /home/mmirnezamina/de_final_project/airflowenv/lib/python3.10/site-packages/airflow/example_dags/example_kubernetes_executor.py for tasks to queue
[2026-08-30T23:26:34.161+0330] {logging_mixin.py:190} INFO - [2026-08-30T23:26:34.161+0330] {dagbag.py:588} INFO - Filling up the DagBag from /home/mmirnezamina/de_final_project/airflowenv/lib/python3.10/site-packages/airflow/example_dags/example_kubernetes_executor.py
[2026-08-30T23:26:34.164+0330] {logging_mixin.py:190} INFO - [2026-08-30T23:26:34.164+0330] {example_kubernetes_executor.py:39} WARNING - The example_kubernetes_executor example DAG requires the kubernetes provider. Please install it with: pip install apache-airflow[cncf.kubernetes]
[2026-08-30T23:26:34.164+0330] {processor.py:927} WARNING - No viable dags retrieved from /home/mmirnezamina/de_final_project/airflowenv/lib/python3.10/site-packages/airflow/example_dags/example_kubernetes_executor.py
[2026-08-30T23:26:34.186+0330] {processor.py:208} INFO - Processing /home/mmirnezamina/de_final_project/airflowenv/lib/python3.10/site-packages/airflow/example_dags/example_kubernetes_executor.py took 0.035 seconds
[2026-08-30T23:28:24.533+0330] {processor.py:186} INFO - Started process (PID=16493) to work on /home/mmirnezamina/de_final_project/airflowenv/lib/python3.10/site-packages/airflow/example_dags/example_kubernetes_executor.py
[2026-08-30T23:28:24.536+0330] {processor.py:914} INFO - Processing file /home/mmirnezamina/de_final_project/airflowenv/lib/python3.10/site-packages/airflow/example_dags/example_kubernetes_executor.py for tasks to queue
[2026-08-30T23:28:24.538+0330] {logging_mixin.py:190} INFO - [2026-08-30T23:28:24.538+0330] {dagbag.py:588} INFO - Filling up the DagBag from /home/mmirnezamina/de_final_project/airflowenv/lib/python3.10/site-packages/airflow/example_dags/example_kubernetes_executor.py
[2026-08-30T23:28:24.545+0330] {logging_mixin.py:190} INFO - [2026-08-30T23:28:24.545+0330] {example_kubernetes_executor.py:39} WARNING - The example_kubernetes_executor example DAG requires the kubernetes provider. Please install it with: pip install apache-airflow[cncf.kubernetes]
[2026-08-30T23:28:24.546+0330] {processor.py:927} WARNING - No viable dags retrieved from /home/mmirnezamina/de_final_project/airflowenv/lib/python3.10/site-packages/airflow/example_dags/example_kubernetes_executor.py
[2026-08-30T23:28:24.567+0330] {processor.py:208} INFO - Processing /home/mmirnezamina/de_final_project/airflowenv/lib/python3.10/site-packages/airflow/example_dags/example_kubernetes_executor.py took 0.052 seconds
