[2026-08-30T23:13:54.437+0330] {processor.py:186} INFO - Started process (PID=13204) to work on /home/mmirnezamina/de_final_project/airflowenv/lib/python3.10/site-packages/airflow/example_dags/example_dag_decorator.py
[2026-08-30T23:13:54.439+0330] {processor.py:914} INFO - Processing file /home/mmirnezamina/de_final_project/airflowenv/lib/python3.10/site-packages/airflow/example_dags/example_dag_decorator.py for tasks to queue
[2026-08-30T23:13:54.441+0330] {logging_mixin.py:190} INFO - [2026-08-30T23:13:54.441+0330] {dagbag.py:588} INFO - Filling up the DagBag from /home/mmirnezamina/de_final_project/airflowenv/lib/python3.10/site-packages/airflow/example_dags/example_dag_decorator.py
[2026-08-30T23:13:54.542+0330] {processor.py:925} INFO - DAG(s) 'example_dag_decorator' retrieved from /home/mmirnezamina/de_final_project/airflowenv/lib/python3.10/site-packages/airflow/example_dags/example_dag_decorator.py
[2026-08-30T23:13:54.820+0330] {logging_mixin.py:190} INFO - [2026-08-30T23:13:54.818+0330] {override.py:1930} INFO - Created Permission View: can edit on DAG:example_dag_decorator
[2026-08-30T23:13:54.844+0330] {logging_mixin.py:190} INFO - [2026-08-30T23:13:54.843+0330] {override.py:1930} INFO - Created Permission View: can read on DAG:example_dag_decorator
[2026-08-30T23:13:54.861+0330] {logging_mixin.py:190} INFO - [2026-08-30T23:13:54.860+0330] {override.py:1930} INFO - Created Permission View: can delete on DAG:example_dag_decorator
[2026-08-30T23:13:54.884+0330] {logging_mixin.py:190} INFO - [2026-08-30T23:13:54.884+0330] {override.py:1930} INFO - Created Permission View: menu access on DAG Run:example_dag_decorator
[2026-08-30T23:13:54.901+0330] {logging_mixin.py:190} INFO - [2026-08-30T23:13:54.901+0330] {override.py:1930} INFO - Created Permission View: can create on DAG Run:example_dag_decorator
[2026-08-30T23:13:54.924+0330] {logging_mixin.py:190} INFO - [2026-08-30T23:13:54.923+0330] {override.py:1930} INFO - Created Permission View: can read on DAG Run:example_dag_decorator
[2026-08-30T23:13:54.948+0330] {logging_mixin.py:190} INFO - [2026-08-30T23:13:54.947+0330] {override.py:1930} INFO - Created Permission View: can delete on DAG Run:example_dag_decorator
[2026-08-30T23:13:54.949+0330] {logging_mixin.py:190} INFO - [2026-08-30T23:13:54.948+0330] {dag.py:3239} INFO - Sync 1 DAGs
[2026-08-30T23:13:54.991+0330] {logging_mixin.py:190} INFO - [2026-08-30T23:13:54.991+0330] {dag.py:3262} INFO - Creating ORM DAG for example_dag_decorator
[2026-08-30T23:13:54.993+0330] {logging_mixin.py:190} INFO - [2026-08-30T23:13:54.993+0330] {dag.py:4180} INFO - Setting next_dagrun for example_dag_decorator to None, run_after=None
[2026-08-30T23:13:55.070+0330] {processor.py:208} INFO - Processing /home/mmirnezamina/de_final_project/airflowenv/lib/python3.10/site-packages/airflow/example_dags/example_dag_decorator.py took 0.654 seconds
[2026-08-30T23:14:25.749+0330] {processor.py:186} INFO - Started process (PID=13326) to work on /home/mmirnezamina/de_final_project/airflowenv/lib/python3.10/site-packages/airflow/example_dags/example_dag_decorator.py
[2026-08-30T23:14:25.750+0330] {processor.py:914} INFO - Processing file /home/mmirnezamina/de_final_project/airflowenv/lib/python3.10/site-packages/airflow/example_dags/example_dag_decorator.py for tasks to queue
[2026-08-30T23:14:25.752+0330] {logging_mixin.py:190} INFO - [2026-08-30T23:14:25.751+0330] {dagbag.py:588} INFO - Filling up the DagBag from /home/mmirnezamina/de_final_project/airflowenv/lib/python3.10/site-packages/airflow/example_dags/example_dag_decorator.py
[2026-08-30T23:14:25.789+0330] {processor.py:925} INFO - DAG(s) 'example_dag_decorator' retrieved from /home/mmirnezamina/de_final_project/airflowenv/lib/python3.10/site-packages/airflow/example_dags/example_dag_decorator.py
[2026-08-30T23:14:25.919+0330] {logging_mixin.py:190} INFO - [2026-08-30T23:14:25.919+0330] {dag.py:3239} INFO - Sync 1 DAGs
[2026-08-30T23:14:25.936+0330] {logging_mixin.py:190} INFO - [2026-08-30T23:14:25.935+0330] {dag.py:4180} INFO - Setting next_dagrun for example_dag_decorator to None, run_after=None
[2026-08-30T23:14:25.967+0330] {processor.py:208} INFO - Processing /home/mmirnezamina/de_final_project/airflowenv/lib/python3.10/site-packages/airflow/example_dags/example_dag_decorator.py took 0.228 seconds
[2026-08-30T23:14:56.714+0330] {processor.py:186} INFO - Started process (PID=13444) to work on /home/mmirnezamina/de_final_project/airflowenv/lib/python3.10/site-packages/airflow/example_dags/example_dag_decorator.py
[2026-08-30T23:14:56.718+0330] {processor.py:914} INFO - Processing file /home/mmirnezamina/de_final_project/airflowenv/lib/python3.10/site-packages/airflow/example_dags/example_dag_decorator.py for tasks to queue
[2026-08-30T23:14:56.728+0330] {logging_mixin.py:190} INFO - [2026-08-30T23:14:56.726+0330] {dagbag.py:588} INFO - Filling up the DagBag from /home/mmirnezamina/de_final_project/airflowenv/lib/python3.10/site-packages/airflow/example_dags/example_dag_decorator.py
[2026-08-30T23:14:56.952+0330] {processor.py:925} INFO - DAG(s) 'example_dag_decorator' retrieved from /home/mmirnezamina/de_final_project/airflowenv/lib/python3.10/site-packages/airflow/example_dags/example_dag_decorator.py
[2026-08-30T23:14:57.494+0330] {logging_mixin.py:190} INFO - [2026-08-30T23:14:57.493+0330] {dag.py:3239} INFO - Sync 1 DAGs
[2026-08-30T23:14:57.548+0330] {logging_mixin.py:190} INFO - [2026-08-30T23:14:57.547+0330] {dag.py:4180} INFO - Setting next_dagrun for example_dag_decorator to None, run_after=None
[2026-08-30T23:14:57.639+0330] {processor.py:208} INFO - Processing /home/mmirnezamina/de_final_project/airflowenv/lib/python3.10/site-packages/airflow/example_dags/example_dag_decorator.py took 0.962 seconds
[2026-08-30T23:15:28.505+0330] {processor.py:186} INFO - Started process (PID=13565) to work on /home/mmirnezamina/de_final_project/airflowenv/lib/python3.10/site-packages/airflow/example_dags/example_dag_decorator.py
[2026-08-30T23:15:28.512+0330] {processor.py:914} INFO - Processing file /home/mmirnezamina/de_final_project/airflowenv/lib/python3.10/site-packages/airflow/example_dags/example_dag_decorator.py for tasks to queue
[2026-08-30T23:15:28.525+0330] {logging_mixin.py:190} INFO - [2026-08-30T23:15:28.524+0330] {dagbag.py:588} INFO - Filling up the DagBag from /home/mmirnezamina/de_final_project/airflowenv/lib/python3.10/site-packages/airflow/example_dags/example_dag_decorator.py
[2026-08-30T23:15:28.776+0330] {processor.py:925} INFO - DAG(s) 'example_dag_decorator' retrieved from /home/mmirnezamina/de_final_project/airflowenv/lib/python3.10/site-packages/airflow/example_dags/example_dag_decorator.py
[2026-08-30T23:15:29.416+0330] {logging_mixin.py:190} INFO - [2026-08-30T23:15:29.415+0330] {dag.py:3239} INFO - Sync 1 DAGs
[2026-08-30T23:15:29.504+0330] {logging_mixin.py:190} INFO - [2026-08-30T23:15:29.503+0330] {dag.py:4180} INFO - Setting next_dagrun for example_dag_decorator to None, run_after=None
[2026-08-30T23:15:29.608+0330] {processor.py:208} INFO - Processing /home/mmirnezamina/de_final_project/airflowenv/lib/python3.10/site-packages/airflow/example_dags/example_dag_decorator.py took 1.200 seconds
[2026-08-30T23:15:59.757+0330] {processor.py:186} INFO - Started process (PID=13683) to work on /home/mmirnezamina/de_final_project/airflowenv/lib/python3.10/site-packages/airflow/example_dags/example_dag_decorator.py
[2026-08-30T23:15:59.758+0330] {processor.py:914} INFO - Processing file /home/mmirnezamina/de_final_project/airflowenv/lib/python3.10/site-packages/airflow/example_dags/example_dag_decorator.py for tasks to queue
[2026-08-30T23:15:59.760+0330] {logging_mixin.py:190} INFO - [2026-08-30T23:15:59.760+0330] {dagbag.py:588} INFO - Filling up the DagBag from /home/mmirnezamina/de_final_project/airflowenv/lib/python3.10/site-packages/airflow/example_dags/example_dag_decorator.py
[2026-08-30T23:15:59.808+0330] {processor.py:925} INFO - DAG(s) 'example_dag_decorator' retrieved from /home/mmirnezamina/de_final_project/airflowenv/lib/python3.10/site-packages/airflow/example_dags/example_dag_decorator.py
[2026-08-30T23:16:00.030+0330] {logging_mixin.py:190} INFO - [2026-08-30T23:16:00.030+0330] {dag.py:3239} INFO - Sync 1 DAGs
[2026-08-30T23:16:00.051+0330] {logging_mixin.py:190} INFO - [2026-08-30T23:16:00.050+0330] {dag.py:4180} INFO - Setting next_dagrun for example_dag_decorator to None, run_after=None
[2026-08-30T23:16:00.090+0330] {processor.py:208} INFO - Processing /home/mmirnezamina/de_final_project/airflowenv/lib/python3.10/site-packages/airflow/example_dags/example_dag_decorator.py took 0.342 seconds
[2026-08-30T23:16:30.183+0330] {processor.py:186} INFO - Started process (PID=13801) to work on /home/mmirnezamina/de_final_project/airflowenv/lib/python3.10/site-packages/airflow/example_dags/example_dag_decorator.py
[2026-08-30T23:16:30.184+0330] {processor.py:914} INFO - Processing file /home/mmirnezamina/de_final_project/airflowenv/lib/python3.10/site-packages/airflow/example_dags/example_dag_decorator.py for tasks to queue
[2026-08-30T23:16:30.185+0330] {logging_mixin.py:190} INFO - [2026-08-30T23:16:30.185+0330] {dagbag.py:588} INFO - Filling up the DagBag from /home/mmirnezamina/de_final_project/airflowenv/lib/python3.10/site-packages/airflow/example_dags/example_dag_decorator.py
[2026-08-30T23:16:30.228+0330] {processor.py:925} INFO - DAG(s) 'example_dag_decorator' retrieved from /home/mmirnezamina/de_final_project/airflowenv/lib/python3.10/site-packages/airflow/example_dags/example_dag_decorator.py
[2026-08-30T23:16:30.356+0330] {logging_mixin.py:190} INFO - [2026-08-30T23:16:30.356+0330] {dag.py:3239} INFO - Sync 1 DAGs
[2026-08-30T23:16:30.372+0330] {logging_mixin.py:190} INFO - [2026-08-30T23:16:30.371+0330] {dag.py:4180} INFO - Setting next_dagrun for example_dag_decorator to None, run_after=None
[2026-08-30T23:16:30.405+0330] {processor.py:208} INFO - Processing /home/mmirnezamina/de_final_project/airflowenv/lib/python3.10/site-packages/airflow/example_dags/example_dag_decorator.py took 0.233 seconds
[2026-08-30T23:17:00.582+0330] {processor.py:186} INFO - Started process (PID=13962) to work on /home/mmirnezamina/de_final_project/airflowenv/lib/python3.10/site-packages/airflow/example_dags/example_dag_decorator.py
[2026-08-30T23:17:00.586+0330] {processor.py:914} INFO - Processing file /home/mmirnezamina/de_final_project/airflowenv/lib/python3.10/site-packages/airflow/example_dags/example_dag_decorator.py for tasks to queue
[2026-08-30T23:17:00.591+0330] {logging_mixin.py:190} INFO - [2026-08-30T23:17:00.589+0330] {dagbag.py:588} INFO - Filling up the DagBag from /home/mmirnezamina/de_final_project/airflowenv/lib/python3.10/site-packages/airflow/example_dags/example_dag_decorator.py
[2026-08-30T23:17:00.819+0330] {processor.py:925} INFO - DAG(s) 'example_dag_decorator' retrieved from /home/mmirnezamina/de_final_project/airflowenv/lib/python3.10/site-packages/airflow/example_dags/example_dag_decorator.py
[2026-08-30T23:17:01.420+0330] {logging_mixin.py:190} INFO - [2026-08-30T23:17:01.419+0330] {dag.py:3239} INFO - Sync 1 DAGs
[2026-08-30T23:17:01.496+0330] {logging_mixin.py:190} INFO - [2026-08-30T23:17:01.494+0330] {dag.py:4180} INFO - Setting next_dagrun for example_dag_decorator to None, run_after=None
[2026-08-30T23:17:01.640+0330] {processor.py:208} INFO - Processing /home/mmirnezamina/de_final_project/airflowenv/lib/python3.10/site-packages/airflow/example_dags/example_dag_decorator.py took 1.108 seconds
[2026-08-30T23:17:32.460+0330] {processor.py:186} INFO - Started process (PID=14096) to work on /home/mmirnezamina/de_final_project/airflowenv/lib/python3.10/site-packages/airflow/example_dags/example_dag_decorator.py
[2026-08-30T23:17:32.474+0330] {processor.py:914} INFO - Processing file /home/mmirnezamina/de_final_project/airflowenv/lib/python3.10/site-packages/airflow/example_dags/example_dag_decorator.py for tasks to queue
[2026-08-30T23:17:32.480+0330] {logging_mixin.py:190} INFO - [2026-08-30T23:17:32.478+0330] {dagbag.py:588} INFO - Filling up the DagBag from /home/mmirnezamina/de_final_project/airflowenv/lib/python3.10/site-packages/airflow/example_dags/example_dag_decorator.py
[2026-08-30T23:17:32.907+0330] {processor.py:925} INFO - DAG(s) 'example_dag_decorator' retrieved from /home/mmirnezamina/de_final_project/airflowenv/lib/python3.10/site-packages/airflow/example_dags/example_dag_decorator.py
[2026-08-30T23:17:34.153+0330] {logging_mixin.py:190} INFO - [2026-08-30T23:17:34.152+0330] {dag.py:3239} INFO - Sync 1 DAGs
[2026-08-30T23:17:34.220+0330] {logging_mixin.py:190} INFO - [2026-08-30T23:17:34.219+0330] {dag.py:4180} INFO - Setting next_dagrun for example_dag_decorator to None, run_after=None
[2026-08-30T23:17:34.324+0330] {processor.py:208} INFO - Processing /home/mmirnezamina/de_final_project/airflowenv/lib/python3.10/site-packages/airflow/example_dags/example_dag_decorator.py took 1.963 seconds
[2026-08-30T23:18:05.063+0330] {processor.py:186} INFO - Started process (PID=14218) to work on /home/mmirnezamina/de_final_project/airflowenv/lib/python3.10/site-packages/airflow/example_dags/example_dag_decorator.py
[2026-08-30T23:18:05.066+0330] {processor.py:914} INFO - Processing file /home/mmirnezamina/de_final_project/airflowenv/lib/python3.10/site-packages/airflow/example_dags/example_dag_decorator.py for tasks to queue
[2026-08-30T23:18:05.070+0330] {logging_mixin.py:190} INFO - [2026-08-30T23:18:05.070+0330] {dagbag.py:588} INFO - Filling up the DagBag from /home/mmirnezamina/de_final_project/airflowenv/lib/python3.10/site-packages/airflow/example_dags/example_dag_decorator.py
[2026-08-30T23:18:05.186+0330] {processor.py:925} INFO - DAG(s) 'example_dag_decorator' retrieved from /home/mmirnezamina/de_final_project/airflowenv/lib/python3.10/site-packages/airflow/example_dags/example_dag_decorator.py
[2026-08-30T23:18:05.799+0330] {logging_mixin.py:190} INFO - [2026-08-30T23:18:05.796+0330] {dag.py:3239} INFO - Sync 1 DAGs
[2026-08-30T23:18:05.897+0330] {logging_mixin.py:190} INFO - [2026-08-30T23:18:05.896+0330] {dag.py:4180} INFO - Setting next_dagrun for example_dag_decorator to None, run_after=None
[2026-08-30T23:18:05.988+0330] {processor.py:208} INFO - Processing /home/mmirnezamina/de_final_project/airflowenv/lib/python3.10/site-packages/airflow/example_dags/example_dag_decorator.py took 0.956 seconds
[2026-08-30T23:18:36.304+0330] {processor.py:186} INFO - Started process (PID=14337) to work on /home/mmirnezamina/de_final_project/airflowenv/lib/python3.10/site-packages/airflow/example_dags/example_dag_decorator.py
[2026-08-30T23:18:36.307+0330] {processor.py:914} INFO - Processing file /home/mmirnezamina/de_final_project/airflowenv/lib/python3.10/site-packages/airflow/example_dags/example_dag_decorator.py for tasks to queue
[2026-08-30T23:18:36.309+0330] {logging_mixin.py:190} INFO - [2026-08-30T23:18:36.309+0330] {dagbag.py:588} INFO - Filling up the DagBag from /home/mmirnezamina/de_final_project/airflowenv/lib/python3.10/site-packages/airflow/example_dags/example_dag_decorator.py
[2026-08-30T23:18:36.351+0330] {processor.py:925} INFO - DAG(s) 'example_dag_decorator' retrieved from /home/mmirnezamina/de_final_project/airflowenv/lib/python3.10/site-packages/airflow/example_dags/example_dag_decorator.py
[2026-08-30T23:18:36.481+0330] {logging_mixin.py:190} INFO - [2026-08-30T23:18:36.480+0330] {dag.py:3239} INFO - Sync 1 DAGs
[2026-08-30T23:18:36.496+0330] {logging_mixin.py:190} INFO - [2026-08-30T23:18:36.496+0330] {dag.py:4180} INFO - Setting next_dagrun for example_dag_decorator to None, run_after=None
[2026-08-30T23:18:36.522+0330] {processor.py:208} INFO - Processing /home/mmirnezamina/de_final_project/airflowenv/lib/python3.10/site-packages/airflow/example_dags/example_dag_decorator.py took 0.228 seconds
[2026-08-30T23:19:06.678+0330] {processor.py:186} INFO - Started process (PID=14457) to work on /home/mmirnezamina/de_final_project/airflowenv/lib/python3.10/site-packages/airflow/example_dags/example_dag_decorator.py
[2026-08-30T23:19:06.679+0330] {processor.py:914} INFO - Processing file /home/mmirnezamina/de_final_project/airflowenv/lib/python3.10/site-packages/airflow/example_dags/example_dag_decorator.py for tasks to queue
[2026-08-30T23:19:06.680+0330] {logging_mixin.py:190} INFO - [2026-08-30T23:19:06.679+0330] {dagbag.py:588} INFO - Filling up the DagBag from /home/mmirnezamina/de_final_project/airflowenv/lib/python3.10/site-packages/airflow/example_dags/example_dag_decorator.py
[2026-08-30T23:19:06.711+0330] {processor.py:925} INFO - DAG(s) 'example_dag_decorator' retrieved from /home/mmirnezamina/de_final_project/airflowenv/lib/python3.10/site-packages/airflow/example_dags/example_dag_decorator.py
[2026-08-30T23:19:06.939+0330] {logging_mixin.py:190} INFO - [2026-08-30T23:19:06.938+0330] {dag.py:3239} INFO - Sync 1 DAGs
[2026-08-30T23:19:06.987+0330] {logging_mixin.py:190} INFO - [2026-08-30T23:19:06.987+0330] {dag.py:4180} INFO - Setting next_dagrun for example_dag_decorator to None, run_after=None
[2026-08-30T23:19:07.065+0330] {processor.py:208} INFO - Processing /home/mmirnezamina/de_final_project/airflowenv/lib/python3.10/site-packages/airflow/example_dags/example_dag_decorator.py took 0.395 seconds
[2026-08-30T23:19:38.022+0330] {processor.py:186} INFO - Started process (PID=14577) to work on /home/mmirnezamina/de_final_project/airflowenv/lib/python3.10/site-packages/airflow/example_dags/example_dag_decorator.py
[2026-08-30T23:19:38.023+0330] {processor.py:914} INFO - Processing file /home/mmirnezamina/de_final_project/airflowenv/lib/python3.10/site-packages/airflow/example_dags/example_dag_decorator.py for tasks to queue
[2026-08-30T23:19:38.024+0330] {logging_mixin.py:190} INFO - [2026-08-30T23:19:38.024+0330] {dagbag.py:588} INFO - Filling up the DagBag from /home/mmirnezamina/de_final_project/airflowenv/lib/python3.10/site-packages/airflow/example_dags/example_dag_decorator.py
[2026-08-30T23:19:38.054+0330] {processor.py:925} INFO - DAG(s) 'example_dag_decorator' retrieved from /home/mmirnezamina/de_final_project/airflowenv/lib/python3.10/site-packages/airflow/example_dags/example_dag_decorator.py
[2026-08-30T23:19:38.166+0330] {logging_mixin.py:190} INFO - [2026-08-30T23:19:38.165+0330] {dag.py:3239} INFO - Sync 1 DAGs
[2026-08-30T23:19:38.178+0330] {logging_mixin.py:190} INFO - [2026-08-30T23:19:38.178+0330] {dag.py:4180} INFO - Setting next_dagrun for example_dag_decorator to None, run_after=None
[2026-08-30T23:19:38.202+0330] {processor.py:208} INFO - Processing /home/mmirnezamina/de_final_project/airflowenv/lib/python3.10/site-packages/airflow/example_dags/example_dag_decorator.py took 0.188 seconds
[2026-08-30T23:20:08.715+0330] {processor.py:186} INFO - Started process (PID=14699) to work on /home/mmirnezamina/de_final_project/airflowenv/lib/python3.10/site-packages/airflow/example_dags/example_dag_decorator.py
[2026-08-30T23:20:08.716+0330] {processor.py:914} INFO - Processing file /home/mmirnezamina/de_final_project/airflowenv/lib/python3.10/site-packages/airflow/example_dags/example_dag_decorator.py for tasks to queue
[2026-08-30T23:20:08.716+0330] {logging_mixin.py:190} INFO - [2026-08-30T23:20:08.716+0330] {dagbag.py:588} INFO - Filling up the DagBag from /home/mmirnezamina/de_final_project/airflowenv/lib/python3.10/site-packages/airflow/example_dags/example_dag_decorator.py
[2026-08-30T23:20:08.743+0330] {processor.py:925} INFO - DAG(s) 'example_dag_decorator' retrieved from /home/mmirnezamina/de_final_project/airflowenv/lib/python3.10/site-packages/airflow/example_dags/example_dag_decorator.py
[2026-08-30T23:20:08.846+0330] {logging_mixin.py:190} INFO - [2026-08-30T23:20:08.846+0330] {dag.py:3239} INFO - Sync 1 DAGs
[2026-08-30T23:20:08.858+0330] {logging_mixin.py:190} INFO - [2026-08-30T23:20:08.858+0330] {dag.py:4180} INFO - Setting next_dagrun for example_dag_decorator to None, run_after=None
[2026-08-30T23:20:08.897+0330] {processor.py:208} INFO - Processing /home/mmirnezamina/de_final_project/airflowenv/lib/python3.10/site-packages/airflow/example_dags/example_dag_decorator.py took 0.189 seconds
[2026-08-30T23:20:39.123+0330] {processor.py:186} INFO - Started process (PID=14822) to work on /home/mmirnezamina/de_final_project/airflowenv/lib/python3.10/site-packages/airflow/example_dags/example_dag_decorator.py
[2026-08-30T23:20:39.125+0330] {processor.py:914} INFO - Processing file /home/mmirnezamina/de_final_project/airflowenv/lib/python3.10/site-packages/airflow/example_dags/example_dag_decorator.py for tasks to queue
[2026-08-30T23:20:39.125+0330] {logging_mixin.py:190} INFO - [2026-08-30T23:20:39.125+0330] {dagbag.py:588} INFO - Filling up the DagBag from /home/mmirnezamina/de_final_project/airflowenv/lib/python3.10/site-packages/airflow/example_dags/example_dag_decorator.py
[2026-08-30T23:20:39.152+0330] {processor.py:925} INFO - DAG(s) 'example_dag_decorator' retrieved from /home/mmirnezamina/de_final_project/airflowenv/lib/python3.10/site-packages/airflow/example_dags/example_dag_decorator.py
[2026-08-30T23:20:39.242+0330] {logging_mixin.py:190} INFO - [2026-08-30T23:20:39.242+0330] {dag.py:3239} INFO - Sync 1 DAGs
[2026-08-30T23:20:39.252+0330] {logging_mixin.py:190} INFO - [2026-08-30T23:20:39.251+0330] {dag.py:4180} INFO - Setting next_dagrun for example_dag_decorator to None, run_after=None
[2026-08-30T23:20:39.271+0330] {processor.py:208} INFO - Processing /home/mmirnezamina/de_final_project/airflowenv/lib/python3.10/site-packages/airflow/example_dags/example_dag_decorator.py took 0.154 seconds
[2026-08-30T23:21:09.527+0330] {processor.py:186} INFO - Started process (PID=14940) to work on /home/mmirnezamina/de_final_project/airflowenv/lib/python3.10/site-packages/airflow/example_dags/example_dag_decorator.py
[2026-08-30T23:21:09.528+0330] {processor.py:914} INFO - Processing file /home/mmirnezamina/de_final_project/airflowenv/lib/python3.10/site-packages/airflow/example_dags/example_dag_decorator.py for tasks to queue
[2026-08-30T23:21:09.528+0330] {logging_mixin.py:190} INFO - [2026-08-30T23:21:09.528+0330] {dagbag.py:588} INFO - Filling up the DagBag from /home/mmirnezamina/de_final_project/airflowenv/lib/python3.10/site-packages/airflow/example_dags/example_dag_decorator.py
[2026-08-30T23:21:09.551+0330] {processor.py:925} INFO - DAG(s) 'example_dag_decorator' retrieved from /home/mmirnezamina/de_final_project/airflowenv/lib/python3.10/site-packages/airflow/example_dags/example_dag_decorator.py
[2026-08-30T23:21:09.644+0330] {logging_mixin.py:190} INFO - [2026-08-30T23:21:09.644+0330] {dag.py:3239} INFO - Sync 1 DAGs
[2026-08-30T23:21:09.653+0330] {logging_mixin.py:190} INFO - [2026-08-30T23:21:09.653+0330] {dag.py:4180} INFO - Setting next_dagrun for example_dag_decorator to None, run_after=None
[2026-08-30T23:21:09.673+0330] {processor.py:208} INFO - Processing /home/mmirnezamina/de_final_project/airflowenv/lib/python3.10/site-packages/airflow/example_dags/example_dag_decorator.py took 0.152 seconds
[2026-08-30T23:21:40.329+0330] {processor.py:186} INFO - Started process (PID=15059) to work on /home/mmirnezamina/de_final_project/airflowenv/lib/python3.10/site-packages/airflow/example_dags/example_dag_decorator.py
[2026-08-30T23:21:40.331+0330] {processor.py:914} INFO - Processing file /home/mmirnezamina/de_final_project/airflowenv/lib/python3.10/site-packages/airflow/example_dags/example_dag_decorator.py for tasks to queue
[2026-08-30T23:21:40.332+0330] {logging_mixin.py:190} INFO - [2026-08-30T23:21:40.332+0330] {dagbag.py:588} INFO - Filling up the DagBag from /home/mmirnezamina/de_final_project/airflowenv/lib/python3.10/site-packages/airflow/example_dags/example_dag_decorator.py
[2026-08-30T23:21:40.361+0330] {processor.py:925} INFO - DAG(s) 'example_dag_decorator' retrieved from /home/mmirnezamina/de_final_project/airflowenv/lib/python3.10/site-packages/airflow/example_dags/example_dag_decorator.py
[2026-08-30T23:21:40.455+0330] {logging_mixin.py:190} INFO - [2026-08-30T23:21:40.455+0330] {dag.py:3239} INFO - Sync 1 DAGs
[2026-08-30T23:21:40.466+0330] {logging_mixin.py:190} INFO - [2026-08-30T23:21:40.466+0330] {dag.py:4180} INFO - Setting next_dagrun for example_dag_decorator to None, run_after=None
[2026-08-30T23:21:40.486+0330] {processor.py:208} INFO - Processing /home/mmirnezamina/de_final_project/airflowenv/lib/python3.10/site-packages/airflow/example_dags/example_dag_decorator.py took 0.163 seconds
[2026-08-30T23:22:11.384+0330] {processor.py:186} INFO - Started process (PID=15178) to work on /home/mmirnezamina/de_final_project/airflowenv/lib/python3.10/site-packages/airflow/example_dags/example_dag_decorator.py
[2026-08-30T23:22:11.385+0330] {processor.py:914} INFO - Processing file /home/mmirnezamina/de_final_project/airflowenv/lib/python3.10/site-packages/airflow/example_dags/example_dag_decorator.py for tasks to queue
[2026-08-30T23:22:11.386+0330] {logging_mixin.py:190} INFO - [2026-08-30T23:22:11.386+0330] {dagbag.py:588} INFO - Filling up the DagBag from /home/mmirnezamina/de_final_project/airflowenv/lib/python3.10/site-packages/airflow/example_dags/example_dag_decorator.py
[2026-08-30T23:22:11.432+0330] {processor.py:925} INFO - DAG(s) 'example_dag_decorator' retrieved from /home/mmirnezamina/de_final_project/airflowenv/lib/python3.10/site-packages/airflow/example_dags/example_dag_decorator.py
[2026-08-30T23:22:11.535+0330] {logging_mixin.py:190} INFO - [2026-08-30T23:22:11.535+0330] {dag.py:3239} INFO - Sync 1 DAGs
[2026-08-30T23:22:11.555+0330] {logging_mixin.py:190} INFO - [2026-08-30T23:22:11.554+0330] {dag.py:4180} INFO - Setting next_dagrun for example_dag_decorator to None, run_after=None
[2026-08-30T23:22:11.577+0330] {processor.py:208} INFO - Processing /home/mmirnezamina/de_final_project/airflowenv/lib/python3.10/site-packages/airflow/example_dags/example_dag_decorator.py took 0.203 seconds
[2026-08-30T23:22:42.471+0330] {processor.py:186} INFO - Started process (PID=15297) to work on /home/mmirnezamina/de_final_project/airflowenv/lib/python3.10/site-packages/airflow/example_dags/example_dag_decorator.py
[2026-08-30T23:22:42.474+0330] {processor.py:914} INFO - Processing file /home/mmirnezamina/de_final_project/airflowenv/lib/python3.10/site-packages/airflow/example_dags/example_dag_decorator.py for tasks to queue
[2026-08-30T23:22:42.477+0330] {logging_mixin.py:190} INFO - [2026-08-30T23:22:42.476+0330] {dagbag.py:588} INFO - Filling up the DagBag from /home/mmirnezamina/de_final_project/airflowenv/lib/python3.10/site-packages/airflow/example_dags/example_dag_decorator.py
[2026-08-30T23:22:42.615+0330] {processor.py:925} INFO - DAG(s) 'example_dag_decorator' retrieved from /home/mmirnezamina/de_final_project/airflowenv/lib/python3.10/site-packages/airflow/example_dags/example_dag_decorator.py
[2026-08-30T23:22:42.942+0330] {logging_mixin.py:190} INFO - [2026-08-30T23:22:42.941+0330] {dag.py:3239} INFO - Sync 1 DAGs
[2026-08-30T23:22:42.993+0330] {logging_mixin.py:190} INFO - [2026-08-30T23:22:42.992+0330] {dag.py:4180} INFO - Setting next_dagrun for example_dag_decorator to None, run_after=None
[2026-08-30T23:22:43.052+0330] {processor.py:208} INFO - Processing /home/mmirnezamina/de_final_project/airflowenv/lib/python3.10/site-packages/airflow/example_dags/example_dag_decorator.py took 0.624 seconds
[2026-08-30T23:23:13.876+0330] {processor.py:186} INFO - Started process (PID=15418) to work on /home/mmirnezamina/de_final_project/airflowenv/lib/python3.10/site-packages/airflow/example_dags/example_dag_decorator.py
[2026-08-30T23:23:13.878+0330] {processor.py:914} INFO - Processing file /home/mmirnezamina/de_final_project/airflowenv/lib/python3.10/site-packages/airflow/example_dags/example_dag_decorator.py for tasks to queue
[2026-08-30T23:23:13.879+0330] {logging_mixin.py:190} INFO - [2026-08-30T23:23:13.879+0330] {dagbag.py:588} INFO - Filling up the DagBag from /home/mmirnezamina/de_final_project/airflowenv/lib/python3.10/site-packages/airflow/example_dags/example_dag_decorator.py
[2026-08-30T23:23:13.929+0330] {processor.py:925} INFO - DAG(s) 'example_dag_decorator' retrieved from /home/mmirnezamina/de_final_project/airflowenv/lib/python3.10/site-packages/airflow/example_dags/example_dag_decorator.py
[2026-08-30T23:23:14.124+0330] {logging_mixin.py:190} INFO - [2026-08-30T23:23:14.124+0330] {dag.py:3239} INFO - Sync 1 DAGs
[2026-08-30T23:23:14.154+0330] {logging_mixin.py:190} INFO - [2026-08-30T23:23:14.153+0330] {dag.py:4180} INFO - Setting next_dagrun for example_dag_decorator to None, run_after=None
[2026-08-30T23:23:14.201+0330] {processor.py:208} INFO - Processing /home/mmirnezamina/de_final_project/airflowenv/lib/python3.10/site-packages/airflow/example_dags/example_dag_decorator.py took 0.337 seconds
[2026-08-30T23:23:44.977+0330] {processor.py:186} INFO - Started process (PID=15537) to work on /home/mmirnezamina/de_final_project/airflowenv/lib/python3.10/site-packages/airflow/example_dags/example_dag_decorator.py
[2026-08-30T23:23:44.978+0330] {processor.py:914} INFO - Processing file /home/mmirnezamina/de_final_project/airflowenv/lib/python3.10/site-packages/airflow/example_dags/example_dag_decorator.py for tasks to queue
[2026-08-30T23:23:44.979+0330] {logging_mixin.py:190} INFO - [2026-08-30T23:23:44.979+0330] {dagbag.py:588} INFO - Filling up the DagBag from /home/mmirnezamina/de_final_project/airflowenv/lib/python3.10/site-packages/airflow/example_dags/example_dag_decorator.py
[2026-08-30T23:23:45.015+0330] {processor.py:925} INFO - DAG(s) 'example_dag_decorator' retrieved from /home/mmirnezamina/de_final_project/airflowenv/lib/python3.10/site-packages/airflow/example_dags/example_dag_decorator.py
[2026-08-30T23:23:45.120+0330] {logging_mixin.py:190} INFO - [2026-08-30T23:23:45.120+0330] {dag.py:3239} INFO - Sync 1 DAGs
[2026-08-30T23:23:45.138+0330] {logging_mixin.py:190} INFO - [2026-08-30T23:23:45.137+0330] {dag.py:4180} INFO - Setting next_dagrun for example_dag_decorator to None, run_after=None
[2026-08-30T23:23:45.160+0330] {processor.py:208} INFO - Processing /home/mmirnezamina/de_final_project/airflowenv/lib/python3.10/site-packages/airflow/example_dags/example_dag_decorator.py took 0.206 seconds
[2026-08-30T23:24:15.523+0330] {processor.py:186} INFO - Started process (PID=15657) to work on /home/mmirnezamina/de_final_project/airflowenv/lib/python3.10/site-packages/airflow/example_dags/example_dag_decorator.py
[2026-08-30T23:24:15.525+0330] {processor.py:914} INFO - Processing file /home/mmirnezamina/de_final_project/airflowenv/lib/python3.10/site-packages/airflow/example_dags/example_dag_decorator.py for tasks to queue
[2026-08-30T23:24:15.526+0330] {logging_mixin.py:190} INFO - [2026-08-30T23:24:15.526+0330] {dagbag.py:588} INFO - Filling up the DagBag from /home/mmirnezamina/de_final_project/airflowenv/lib/python3.10/site-packages/airflow/example_dags/example_dag_decorator.py
[2026-08-30T23:24:15.578+0330] {processor.py:925} INFO - DAG(s) 'example_dag_decorator' retrieved from /home/mmirnezamina/de_final_project/airflowenv/lib/python3.10/site-packages/airflow/example_dags/example_dag_decorator.py
[2026-08-30T23:24:15.817+0330] {logging_mixin.py:190} INFO - [2026-08-30T23:24:15.816+0330] {dag.py:3239} INFO - Sync 1 DAGs
[2026-08-30T23:24:15.848+0330] {logging_mixin.py:190} INFO - [2026-08-30T23:24:15.847+0330] {dag.py:4180} INFO - Setting next_dagrun for example_dag_decorator to None, run_after=None
[2026-08-30T23:24:15.897+0330] {processor.py:208} INFO - Processing /home/mmirnezamina/de_final_project/airflowenv/lib/python3.10/site-packages/airflow/example_dags/example_dag_decorator.py took 0.386 seconds
[2026-08-30T23:24:46.398+0330] {processor.py:186} INFO - Started process (PID=15774) to work on /home/mmirnezamina/de_final_project/airflowenv/lib/python3.10/site-packages/airflow/example_dags/example_dag_decorator.py
[2026-08-30T23:24:46.399+0330] {processor.py:914} INFO - Processing file /home/mmirnezamina/de_final_project/airflowenv/lib/python3.10/site-packages/airflow/example_dags/example_dag_decorator.py for tasks to queue
[2026-08-30T23:24:46.401+0330] {logging_mixin.py:190} INFO - [2026-08-30T23:24:46.400+0330] {dagbag.py:588} INFO - Filling up the DagBag from /home/mmirnezamina/de_final_project/airflowenv/lib/python3.10/site-packages/airflow/example_dags/example_dag_decorator.py
[2026-08-30T23:24:46.462+0330] {processor.py:925} INFO - DAG(s) 'example_dag_decorator' retrieved from /home/mmirnezamina/de_final_project/airflowenv/lib/python3.10/site-packages/airflow/example_dags/example_dag_decorator.py
[2026-08-30T23:24:46.515+0330] {logging_mixin.py:190} INFO - [2026-08-30T23:24:46.515+0330] {dag.py:3239} INFO - Sync 1 DAGs
[2026-08-30T23:24:46.542+0330] {logging_mixin.py:190} INFO - [2026-08-30T23:24:46.541+0330] {dag.py:4180} INFO - Setting next_dagrun for example_dag_decorator to None, run_after=None
[2026-08-30T23:24:46.577+0330] {processor.py:208} INFO - Processing /home/mmirnezamina/de_final_project/airflowenv/lib/python3.10/site-packages/airflow/example_dags/example_dag_decorator.py took 0.194 seconds
[2026-08-30T23:25:16.817+0330] {processor.py:186} INFO - Started process (PID=15919) to work on /home/mmirnezamina/de_final_project/airflowenv/lib/python3.10/site-packages/airflow/example_dags/example_dag_decorator.py
[2026-08-30T23:25:16.819+0330] {processor.py:914} INFO - Processing file /home/mmirnezamina/de_final_project/airflowenv/lib/python3.10/site-packages/airflow/example_dags/example_dag_decorator.py for tasks to queue
[2026-08-30T23:25:16.820+0330] {logging_mixin.py:190} INFO - [2026-08-30T23:25:16.819+0330] {dagbag.py:588} INFO - Filling up the DagBag from /home/mmirnezamina/de_final_project/airflowenv/lib/python3.10/site-packages/airflow/example_dags/example_dag_decorator.py
[2026-08-30T23:25:16.854+0330] {processor.py:925} INFO - DAG(s) 'example_dag_decorator' retrieved from /home/mmirnezamina/de_final_project/airflowenv/lib/python3.10/site-packages/airflow/example_dags/example_dag_decorator.py
[2026-08-30T23:25:16.920+0330] {logging_mixin.py:190} INFO - [2026-08-30T23:25:16.919+0330] {dag.py:3239} INFO - Sync 1 DAGs
[2026-08-30T23:25:16.934+0330] {logging_mixin.py:190} INFO - [2026-08-30T23:25:16.934+0330] {dag.py:4180} INFO - Setting next_dagrun for example_dag_decorator to None, run_after=None
[2026-08-30T23:25:16.957+0330] {processor.py:208} INFO - Processing /home/mmirnezamina/de_final_project/airflowenv/lib/python3.10/site-packages/airflow/example_dags/example_dag_decorator.py took 0.148 seconds
[2026-08-30T23:25:47.241+0330] {processor.py:186} INFO - Started process (PID=16056) to work on /home/mmirnezamina/de_final_project/airflowenv/lib/python3.10/site-packages/airflow/example_dags/example_dag_decorator.py
[2026-08-30T23:25:47.242+0330] {processor.py:914} INFO - Processing file /home/mmirnezamina/de_final_project/airflowenv/lib/python3.10/site-packages/airflow/example_dags/example_dag_decorator.py for tasks to queue
[2026-08-30T23:25:47.244+0330] {logging_mixin.py:190} INFO - [2026-08-30T23:25:47.244+0330] {dagbag.py:588} INFO - Filling up the DagBag from /home/mmirnezamina/de_final_project/airflowenv/lib/python3.10/site-packages/airflow/example_dags/example_dag_decorator.py
[2026-08-30T23:25:47.280+0330] {processor.py:925} INFO - DAG(s) 'example_dag_decorator' retrieved from /home/mmirnezamina/de_final_project/airflowenv/lib/python3.10/site-packages/airflow/example_dags/example_dag_decorator.py
[2026-08-30T23:25:47.309+0330] {logging_mixin.py:190} INFO - [2026-08-30T23:25:47.309+0330] {dag.py:3239} INFO - Sync 1 DAGs
[2026-08-30T23:25:47.323+0330] {logging_mixin.py:190} INFO - [2026-08-30T23:25:47.323+0330] {dag.py:4180} INFO - Setting next_dagrun for example_dag_decorator to None, run_after=None
[2026-08-30T23:25:47.352+0330] {processor.py:208} INFO - Processing /home/mmirnezamina/de_final_project/airflowenv/lib/python3.10/site-packages/airflow/example_dags/example_dag_decorator.py took 0.125 seconds
[2026-08-30T23:26:17.626+0330] {processor.py:186} INFO - Started process (PID=16176) to work on /home/mmirnezamina/de_final_project/airflowenv/lib/python3.10/site-packages/airflow/example_dags/example_dag_decorator.py
[2026-08-30T23:26:17.628+0330] {processor.py:914} INFO - Processing file /home/mmirnezamina/de_final_project/airflowenv/lib/python3.10/site-packages/airflow/example_dags/example_dag_decorator.py for tasks to queue
[2026-08-30T23:26:17.629+0330] {logging_mixin.py:190} INFO - [2026-08-30T23:26:17.629+0330] {dagbag.py:588} INFO - Filling up the DagBag from /home/mmirnezamina/de_final_project/airflowenv/lib/python3.10/site-packages/airflow/example_dags/example_dag_decorator.py
[2026-08-30T23:26:17.675+0330] {processor.py:925} INFO - DAG(s) 'example_dag_decorator' retrieved from /home/mmirnezamina/de_final_project/airflowenv/lib/python3.10/site-packages/airflow/example_dags/example_dag_decorator.py
[2026-08-30T23:26:17.717+0330] {logging_mixin.py:190} INFO - [2026-08-30T23:26:17.716+0330] {dag.py:3239} INFO - Sync 1 DAGs
[2026-08-30T23:26:17.744+0330] {logging_mixin.py:190} INFO - [2026-08-30T23:26:17.744+0330] {dag.py:4180} INFO - Setting next_dagrun for example_dag_decorator to None, run_after=None
[2026-08-30T23:26:17.783+0330] {processor.py:208} INFO - Processing /home/mmirnezamina/de_final_project/airflowenv/lib/python3.10/site-packages/airflow/example_dags/example_dag_decorator.py took 0.168 seconds
[2026-08-30T23:26:47.860+0330] {processor.py:186} INFO - Started process (PID=16293) to work on /home/mmirnezamina/de_final_project/airflowenv/lib/python3.10/site-packages/airflow/example_dags/example_dag_decorator.py
[2026-08-30T23:26:47.862+0330] {processor.py:914} INFO - Processing file /home/mmirnezamina/de_final_project/airflowenv/lib/python3.10/site-packages/airflow/example_dags/example_dag_decorator.py for tasks to queue
[2026-08-30T23:26:47.865+0330] {logging_mixin.py:190} INFO - [2026-08-30T23:26:47.864+0330] {dagbag.py:588} INFO - Filling up the DagBag from /home/mmirnezamina/de_final_project/airflowenv/lib/python3.10/site-packages/airflow/example_dags/example_dag_decorator.py
[2026-08-30T23:26:47.946+0330] {processor.py:925} INFO - DAG(s) 'example_dag_decorator' retrieved from /home/mmirnezamina/de_final_project/airflowenv/lib/python3.10/site-packages/airflow/example_dags/example_dag_decorator.py
[2026-08-30T23:26:48.029+0330] {logging_mixin.py:190} INFO - [2026-08-30T23:26:48.028+0330] {dag.py:3239} INFO - Sync 1 DAGs
[2026-08-30T23:26:48.067+0330] {logging_mixin.py:190} INFO - [2026-08-30T23:26:48.067+0330] {dag.py:4180} INFO - Setting next_dagrun for example_dag_decorator to None, run_after=None
[2026-08-30T23:26:48.120+0330] {processor.py:208} INFO - Processing /home/mmirnezamina/de_final_project/airflowenv/lib/python3.10/site-packages/airflow/example_dags/example_dag_decorator.py took 0.282 seconds
