[2026-08-30T23:13:34.806+0330] {processor.py:186} INFO - Started process (PID=13126) to work on /home/mmirnezamina/de_final_project/airflowenv/lib/python3.10/site-packages/airflow/example_dags/example_workday_timetable.py
[2026-08-30T23:13:34.812+0330] {processor.py:914} INFO - Processing file /home/mmirnezamina/de_final_project/airflowenv/lib/python3.10/site-packages/airflow/example_dags/example_workday_timetable.py for tasks to queue
[2026-08-30T23:13:34.818+0330] {logging_mixin.py:190} INFO - [2026-08-30T23:13:34.816+0330] {dagbag.py:588} INFO - Filling up the DagBag from /home/mmirnezamina/de_final_project/airflowenv/lib/python3.10/site-packages/airflow/example_dags/example_workday_timetable.py
[2026-08-30T23:13:34.848+0330] {processor.py:925} INFO - DAG(s) 'example_workday_timetable' retrieved from /home/mmirnezamina/de_final_project/airflowenv/lib/python3.10/site-packages/airflow/example_dags/example_workday_timetable.py
[2026-08-30T23:13:35.315+0330] {logging_mixin.py:190} INFO - [2026-08-30T23:13:35.312+0330] {override.py:1930} INFO - Created Permission View: can edit on DAG:example_workday_timetable
[2026-08-30T23:13:35.352+0330] {logging_mixin.py:190} INFO - [2026-08-30T23:13:35.351+0330] {override.py:1930} INFO - Created Permission View: can read on DAG:example_workday_timetable
[2026-08-30T23:13:35.377+0330] {logging_mixin.py:190} INFO - [2026-08-30T23:13:35.377+0330] {override.py:1930} INFO - Created Permission View: can delete on DAG:example_workday_timetable
[2026-08-30T23:13:35.412+0330] {logging_mixin.py:190} INFO - [2026-08-30T23:13:35.411+0330] {override.py:1930} INFO - Created Permission View: menu access on DAG Run:example_workday_timetable
[2026-08-30T23:13:35.445+0330] {logging_mixin.py:190} INFO - [2026-08-30T23:13:35.444+0330] {override.py:1930} INFO - Created Permission View: can create on DAG Run:example_workday_timetable
[2026-08-30T23:13:35.484+0330] {logging_mixin.py:190} INFO - [2026-08-30T23:13:35.482+0330] {override.py:1930} INFO - Created Permission View: can read on DAG Run:example_workday_timetable
[2026-08-30T23:13:35.522+0330] {logging_mixin.py:190} INFO - [2026-08-30T23:13:35.519+0330] {override.py:1930} INFO - Created Permission View: can delete on DAG Run:example_workday_timetable
[2026-08-30T23:13:35.523+0330] {logging_mixin.py:190} INFO - [2026-08-30T23:13:35.523+0330] {dag.py:3239} INFO - Sync 1 DAGs
[2026-08-30T23:13:35.595+0330] {logging_mixin.py:190} INFO - [2026-08-30T23:13:35.594+0330] {dag.py:3262} INFO - Creating ORM DAG for example_workday_timetable
[2026-08-30T23:13:35.627+0330] {logging_mixin.py:190} INFO - [2026-08-30T23:13:35.626+0330] {dag.py:4180} INFO - Setting next_dagrun for example_workday_timetable to 2021-01-01 00:00:00+00:00, run_after=2021-01-02 00:00:00+00:00
[2026-08-30T23:13:35.701+0330] {processor.py:208} INFO - Processing /home/mmirnezamina/de_final_project/airflowenv/lib/python3.10/site-packages/airflow/example_dags/example_workday_timetable.py took 0.966 seconds
[2026-08-30T23:14:06.524+0330] {processor.py:186} INFO - Started process (PID=13256) to work on /home/mmirnezamina/de_final_project/airflowenv/lib/python3.10/site-packages/airflow/example_dags/example_workday_timetable.py
[2026-08-30T23:14:06.526+0330] {processor.py:914} INFO - Processing file /home/mmirnezamina/de_final_project/airflowenv/lib/python3.10/site-packages/airflow/example_dags/example_workday_timetable.py for tasks to queue
[2026-08-30T23:14:06.527+0330] {logging_mixin.py:190} INFO - [2026-08-30T23:14:06.527+0330] {dagbag.py:588} INFO - Filling up the DagBag from /home/mmirnezamina/de_final_project/airflowenv/lib/python3.10/site-packages/airflow/example_dags/example_workday_timetable.py
[2026-08-30T23:14:06.535+0330] {processor.py:925} INFO - DAG(s) 'example_workday_timetable' retrieved from /home/mmirnezamina/de_final_project/airflowenv/lib/python3.10/site-packages/airflow/example_dags/example_workday_timetable.py
[2026-08-30T23:14:06.578+0330] {logging_mixin.py:190} INFO - [2026-08-30T23:14:06.577+0330] {dag.py:3239} INFO - Sync 1 DAGs
[2026-08-30T23:14:06.612+0330] {logging_mixin.py:190} INFO - [2026-08-30T23:14:06.611+0330] {dag.py:4180} INFO - Setting next_dagrun for example_workday_timetable to 2021-01-01 00:00:00+00:00, run_after=2021-01-02 00:00:00+00:00
[2026-08-30T23:14:06.643+0330] {processor.py:208} INFO - Processing /home/mmirnezamina/de_final_project/airflowenv/lib/python3.10/site-packages/airflow/example_dags/example_workday_timetable.py took 0.132 seconds
[2026-08-30T23:14:36.910+0330] {processor.py:186} INFO - Started process (PID=13375) to work on /home/mmirnezamina/de_final_project/airflowenv/lib/python3.10/site-packages/airflow/example_dags/example_workday_timetable.py
[2026-08-30T23:14:36.912+0330] {processor.py:914} INFO - Processing file /home/mmirnezamina/de_final_project/airflowenv/lib/python3.10/site-packages/airflow/example_dags/example_workday_timetable.py for tasks to queue
[2026-08-30T23:14:36.913+0330] {logging_mixin.py:190} INFO - [2026-08-30T23:14:36.913+0330] {dagbag.py:588} INFO - Filling up the DagBag from /home/mmirnezamina/de_final_project/airflowenv/lib/python3.10/site-packages/airflow/example_dags/example_workday_timetable.py
[2026-08-30T23:14:36.920+0330] {processor.py:925} INFO - DAG(s) 'example_workday_timetable' retrieved from /home/mmirnezamina/de_final_project/airflowenv/lib/python3.10/site-packages/airflow/example_dags/example_workday_timetable.py
[2026-08-30T23:14:36.958+0330] {logging_mixin.py:190} INFO - [2026-08-30T23:14:36.958+0330] {dag.py:3239} INFO - Sync 1 DAGs
[2026-08-30T23:14:36.997+0330] {logging_mixin.py:190} INFO - [2026-08-30T23:14:36.997+0330] {dag.py:4180} INFO - Setting next_dagrun for example_workday_timetable to 2021-01-01 00:00:00+00:00, run_after=2021-01-02 00:00:00+00:00
[2026-08-30T23:14:37.032+0330] {processor.py:208} INFO - Processing /home/mmirnezamina/de_final_project/airflowenv/lib/python3.10/site-packages/airflow/example_dags/example_workday_timetable.py took 0.138 seconds
[2026-08-30T23:15:07.414+0330] {processor.py:186} INFO - Started process (PID=13494) to work on /home/mmirnezamina/de_final_project/airflowenv/lib/python3.10/site-packages/airflow/example_dags/example_workday_timetable.py
[2026-08-30T23:15:07.415+0330] {processor.py:914} INFO - Processing file /home/mmirnezamina/de_final_project/airflowenv/lib/python3.10/site-packages/airflow/example_dags/example_workday_timetable.py for tasks to queue
[2026-08-30T23:15:07.417+0330] {logging_mixin.py:190} INFO - [2026-08-30T23:15:07.416+0330] {dagbag.py:588} INFO - Filling up the DagBag from /home/mmirnezamina/de_final_project/airflowenv/lib/python3.10/site-packages/airflow/example_dags/example_workday_timetable.py
[2026-08-30T23:15:07.422+0330] {processor.py:925} INFO - DAG(s) 'example_workday_timetable' retrieved from /home/mmirnezamina/de_final_project/airflowenv/lib/python3.10/site-packages/airflow/example_dags/example_workday_timetable.py
[2026-08-30T23:15:07.453+0330] {logging_mixin.py:190} INFO - [2026-08-30T23:15:07.452+0330] {dag.py:3239} INFO - Sync 1 DAGs
[2026-08-30T23:15:07.477+0330] {logging_mixin.py:190} INFO - [2026-08-30T23:15:07.476+0330] {dag.py:4180} INFO - Setting next_dagrun for example_workday_timetable to 2021-01-01 00:00:00+00:00, run_after=2021-01-02 00:00:00+00:00
[2026-08-30T23:15:07.499+0330] {processor.py:208} INFO - Processing /home/mmirnezamina/de_final_project/airflowenv/lib/python3.10/site-packages/airflow/example_dags/example_workday_timetable.py took 0.095 seconds
[2026-08-30T23:15:38.139+0330] {processor.py:186} INFO - Started process (PID=13613) to work on /home/mmirnezamina/de_final_project/airflowenv/lib/python3.10/site-packages/airflow/example_dags/example_workday_timetable.py
[2026-08-30T23:15:38.140+0330] {processor.py:914} INFO - Processing file /home/mmirnezamina/de_final_project/airflowenv/lib/python3.10/site-packages/airflow/example_dags/example_workday_timetable.py for tasks to queue
[2026-08-30T23:15:38.142+0330] {logging_mixin.py:190} INFO - [2026-08-30T23:15:38.142+0330] {dagbag.py:588} INFO - Filling up the DagBag from /home/mmirnezamina/de_final_project/airflowenv/lib/python3.10/site-packages/airflow/example_dags/example_workday_timetable.py
[2026-08-30T23:15:38.150+0330] {processor.py:925} INFO - DAG(s) 'example_workday_timetable' retrieved from /home/mmirnezamina/de_final_project/airflowenv/lib/python3.10/site-packages/airflow/example_dags/example_workday_timetable.py
[2026-08-30T23:15:38.177+0330] {logging_mixin.py:190} INFO - [2026-08-30T23:15:38.177+0330] {dag.py:3239} INFO - Sync 1 DAGs
[2026-08-30T23:15:38.205+0330] {logging_mixin.py:190} INFO - [2026-08-30T23:15:38.205+0330] {dag.py:4180} INFO - Setting next_dagrun for example_workday_timetable to 2021-01-01 00:00:00+00:00, run_after=2021-01-02 00:00:00+00:00
[2026-08-30T23:15:38.231+0330] {processor.py:208} INFO - Processing /home/mmirnezamina/de_final_project/airflowenv/lib/python3.10/site-packages/airflow/example_dags/example_workday_timetable.py took 0.101 seconds
[2026-08-30T23:16:08.531+0330] {processor.py:186} INFO - Started process (PID=13731) to work on /home/mmirnezamina/de_final_project/airflowenv/lib/python3.10/site-packages/airflow/example_dags/example_workday_timetable.py
[2026-08-30T23:16:08.532+0330] {processor.py:914} INFO - Processing file /home/mmirnezamina/de_final_project/airflowenv/lib/python3.10/site-packages/airflow/example_dags/example_workday_timetable.py for tasks to queue
[2026-08-30T23:16:08.533+0330] {logging_mixin.py:190} INFO - [2026-08-30T23:16:08.533+0330] {dagbag.py:588} INFO - Filling up the DagBag from /home/mmirnezamina/de_final_project/airflowenv/lib/python3.10/site-packages/airflow/example_dags/example_workday_timetable.py
[2026-08-30T23:16:08.539+0330] {processor.py:925} INFO - DAG(s) 'example_workday_timetable' retrieved from /home/mmirnezamina/de_final_project/airflowenv/lib/python3.10/site-packages/airflow/example_dags/example_workday_timetable.py
[2026-08-30T23:16:08.563+0330] {logging_mixin.py:190} INFO - [2026-08-30T23:16:08.563+0330] {dag.py:3239} INFO - Sync 1 DAGs
[2026-08-30T23:16:08.586+0330] {logging_mixin.py:190} INFO - [2026-08-30T23:16:08.585+0330] {dag.py:4180} INFO - Setting next_dagrun for example_workday_timetable to 2021-01-01 00:00:00+00:00, run_after=2021-01-02 00:00:00+00:00
[2026-08-30T23:16:08.607+0330] {processor.py:208} INFO - Processing /home/mmirnezamina/de_final_project/airflowenv/lib/python3.10/site-packages/airflow/example_dags/example_workday_timetable.py took 0.084 seconds
[2026-08-30T23:16:38.660+0330] {processor.py:186} INFO - Started process (PID=13850) to work on /home/mmirnezamina/de_final_project/airflowenv/lib/python3.10/site-packages/airflow/example_dags/example_workday_timetable.py
[2026-08-30T23:16:38.662+0330] {processor.py:914} INFO - Processing file /home/mmirnezamina/de_final_project/airflowenv/lib/python3.10/site-packages/airflow/example_dags/example_workday_timetable.py for tasks to queue
[2026-08-30T23:16:38.664+0330] {logging_mixin.py:190} INFO - [2026-08-30T23:16:38.664+0330] {dagbag.py:588} INFO - Filling up the DagBag from /home/mmirnezamina/de_final_project/airflowenv/lib/python3.10/site-packages/airflow/example_dags/example_workday_timetable.py
[2026-08-30T23:16:38.669+0330] {processor.py:925} INFO - DAG(s) 'example_workday_timetable' retrieved from /home/mmirnezamina/de_final_project/airflowenv/lib/python3.10/site-packages/airflow/example_dags/example_workday_timetable.py
[2026-08-30T23:16:38.695+0330] {logging_mixin.py:190} INFO - [2026-08-30T23:16:38.695+0330] {dag.py:3239} INFO - Sync 1 DAGs
[2026-08-30T23:16:38.718+0330] {logging_mixin.py:190} INFO - [2026-08-30T23:16:38.717+0330] {dag.py:4180} INFO - Setting next_dagrun for example_workday_timetable to 2021-01-01 00:00:00+00:00, run_after=2021-01-02 00:00:00+00:00
[2026-08-30T23:16:38.739+0330] {processor.py:208} INFO - Processing /home/mmirnezamina/de_final_project/airflowenv/lib/python3.10/site-packages/airflow/example_dags/example_workday_timetable.py took 0.089 seconds
[2026-08-30T23:17:08.783+0330] {processor.py:186} INFO - Started process (PID=14014) to work on /home/mmirnezamina/de_final_project/airflowenv/lib/python3.10/site-packages/airflow/example_dags/example_workday_timetable.py
[2026-08-30T23:17:08.784+0330] {processor.py:914} INFO - Processing file /home/mmirnezamina/de_final_project/airflowenv/lib/python3.10/site-packages/airflow/example_dags/example_workday_timetable.py for tasks to queue
[2026-08-30T23:17:08.787+0330] {logging_mixin.py:190} INFO - [2026-08-30T23:17:08.786+0330] {dagbag.py:588} INFO - Filling up the DagBag from /home/mmirnezamina/de_final_project/airflowenv/lib/python3.10/site-packages/airflow/example_dags/example_workday_timetable.py
[2026-08-30T23:17:08.799+0330] {processor.py:925} INFO - DAG(s) 'example_workday_timetable' retrieved from /home/mmirnezamina/de_final_project/airflowenv/lib/python3.10/site-packages/airflow/example_dags/example_workday_timetable.py
[2026-08-30T23:17:08.854+0330] {logging_mixin.py:190} INFO - [2026-08-30T23:17:08.853+0330] {dag.py:3239} INFO - Sync 1 DAGs
[2026-08-30T23:17:08.906+0330] {logging_mixin.py:190} INFO - [2026-08-30T23:17:08.905+0330] {dag.py:4180} INFO - Setting next_dagrun for example_workday_timetable to 2021-01-01 00:00:00+00:00, run_after=2021-01-02 00:00:00+00:00
[2026-08-30T23:17:08.948+0330] {processor.py:208} INFO - Processing /home/mmirnezamina/de_final_project/airflowenv/lib/python3.10/site-packages/airflow/example_dags/example_workday_timetable.py took 0.181 seconds
[2026-08-30T23:17:40.729+0330] {processor.py:186} INFO - Started process (PID=14143) to work on /home/mmirnezamina/de_final_project/airflowenv/lib/python3.10/site-packages/airflow/example_dags/example_workday_timetable.py
[2026-08-30T23:17:40.732+0330] {processor.py:914} INFO - Processing file /home/mmirnezamina/de_final_project/airflowenv/lib/python3.10/site-packages/airflow/example_dags/example_workday_timetable.py for tasks to queue
[2026-08-30T23:17:40.736+0330] {logging_mixin.py:190} INFO - [2026-08-30T23:17:40.735+0330] {dagbag.py:588} INFO - Filling up the DagBag from /home/mmirnezamina/de_final_project/airflowenv/lib/python3.10/site-packages/airflow/example_dags/example_workday_timetable.py
[2026-08-30T23:17:40.755+0330] {processor.py:925} INFO - DAG(s) 'example_workday_timetable' retrieved from /home/mmirnezamina/de_final_project/airflowenv/lib/python3.10/site-packages/airflow/example_dags/example_workday_timetable.py
[2026-08-30T23:17:40.921+0330] {logging_mixin.py:190} INFO - [2026-08-30T23:17:40.913+0330] {dag.py:3239} INFO - Sync 1 DAGs
[2026-08-30T23:17:41.063+0330] {logging_mixin.py:190} INFO - [2026-08-30T23:17:41.062+0330] {dag.py:4180} INFO - Setting next_dagrun for example_workday_timetable to 2021-01-01 00:00:00+00:00, run_after=2021-01-02 00:00:00+00:00
[2026-08-30T23:17:41.131+0330] {processor.py:208} INFO - Processing /home/mmirnezamina/de_final_project/airflowenv/lib/python3.10/site-packages/airflow/example_dags/example_workday_timetable.py took 0.430 seconds
[2026-08-30T23:18:11.384+0330] {processor.py:186} INFO - Started process (PID=14261) to work on /home/mmirnezamina/de_final_project/airflowenv/lib/python3.10/site-packages/airflow/example_dags/example_workday_timetable.py
[2026-08-30T23:18:11.385+0330] {processor.py:914} INFO - Processing file /home/mmirnezamina/de_final_project/airflowenv/lib/python3.10/site-packages/airflow/example_dags/example_workday_timetable.py for tasks to queue
[2026-08-30T23:18:11.388+0330] {logging_mixin.py:190} INFO - [2026-08-30T23:18:11.387+0330] {dagbag.py:588} INFO - Filling up the DagBag from /home/mmirnezamina/de_final_project/airflowenv/lib/python3.10/site-packages/airflow/example_dags/example_workday_timetable.py
[2026-08-30T23:18:11.397+0330] {processor.py:925} INFO - DAG(s) 'example_workday_timetable' retrieved from /home/mmirnezamina/de_final_project/airflowenv/lib/python3.10/site-packages/airflow/example_dags/example_workday_timetable.py
[2026-08-30T23:18:11.445+0330] {logging_mixin.py:190} INFO - [2026-08-30T23:18:11.445+0330] {dag.py:3239} INFO - Sync 1 DAGs
[2026-08-30T23:18:11.488+0330] {logging_mixin.py:190} INFO - [2026-08-30T23:18:11.488+0330] {dag.py:4180} INFO - Setting next_dagrun for example_workday_timetable to 2021-01-01 00:00:00+00:00, run_after=2021-01-02 00:00:00+00:00
[2026-08-30T23:18:11.531+0330] {processor.py:208} INFO - Processing /home/mmirnezamina/de_final_project/airflowenv/lib/python3.10/site-packages/airflow/example_dags/example_workday_timetable.py took 0.161 seconds
[2026-08-30T23:18:41.921+0330] {processor.py:186} INFO - Started process (PID=14378) to work on /home/mmirnezamina/de_final_project/airflowenv/lib/python3.10/site-packages/airflow/example_dags/example_workday_timetable.py
[2026-08-30T23:18:41.923+0330] {processor.py:914} INFO - Processing file /home/mmirnezamina/de_final_project/airflowenv/lib/python3.10/site-packages/airflow/example_dags/example_workday_timetable.py for tasks to queue
[2026-08-30T23:18:41.925+0330] {logging_mixin.py:190} INFO - [2026-08-30T23:18:41.925+0330] {dagbag.py:588} INFO - Filling up the DagBag from /home/mmirnezamina/de_final_project/airflowenv/lib/python3.10/site-packages/airflow/example_dags/example_workday_timetable.py
[2026-08-30T23:18:41.935+0330] {processor.py:925} INFO - DAG(s) 'example_workday_timetable' retrieved from /home/mmirnezamina/de_final_project/airflowenv/lib/python3.10/site-packages/airflow/example_dags/example_workday_timetable.py
[2026-08-30T23:18:41.974+0330] {logging_mixin.py:190} INFO - [2026-08-30T23:18:41.974+0330] {dag.py:3239} INFO - Sync 1 DAGs
[2026-08-30T23:18:42.017+0330] {logging_mixin.py:190} INFO - [2026-08-30T23:18:42.017+0330] {dag.py:4180} INFO - Setting next_dagrun for example_workday_timetable to 2021-01-01 00:00:00+00:00, run_after=2021-01-02 00:00:00+00:00
[2026-08-30T23:18:42.050+0330] {processor.py:208} INFO - Processing /home/mmirnezamina/de_final_project/airflowenv/lib/python3.10/site-packages/airflow/example_dags/example_workday_timetable.py took 0.145 seconds
[2026-08-30T23:19:12.553+0330] {processor.py:186} INFO - Started process (PID=14496) to work on /home/mmirnezamina/de_final_project/airflowenv/lib/python3.10/site-packages/airflow/example_dags/example_workday_timetable.py
[2026-08-30T23:19:12.557+0330] {processor.py:914} INFO - Processing file /home/mmirnezamina/de_final_project/airflowenv/lib/python3.10/site-packages/airflow/example_dags/example_workday_timetable.py for tasks to queue
[2026-08-30T23:19:12.559+0330] {logging_mixin.py:190} INFO - [2026-08-30T23:19:12.559+0330] {dagbag.py:588} INFO - Filling up the DagBag from /home/mmirnezamina/de_final_project/airflowenv/lib/python3.10/site-packages/airflow/example_dags/example_workday_timetable.py
[2026-08-30T23:19:12.568+0330] {processor.py:925} INFO - DAG(s) 'example_workday_timetable' retrieved from /home/mmirnezamina/de_final_project/airflowenv/lib/python3.10/site-packages/airflow/example_dags/example_workday_timetable.py
[2026-08-30T23:19:12.668+0330] {logging_mixin.py:190} INFO - [2026-08-30T23:19:12.667+0330] {dag.py:3239} INFO - Sync 1 DAGs
[2026-08-30T23:19:12.716+0330] {logging_mixin.py:190} INFO - [2026-08-30T23:19:12.715+0330] {dag.py:4180} INFO - Setting next_dagrun for example_workday_timetable to 2021-01-01 00:00:00+00:00, run_after=2021-01-02 00:00:00+00:00
[2026-08-30T23:19:12.754+0330] {processor.py:208} INFO - Processing /home/mmirnezamina/de_final_project/airflowenv/lib/python3.10/site-packages/airflow/example_dags/example_workday_timetable.py took 0.284 seconds
[2026-08-30T23:19:43.596+0330] {processor.py:186} INFO - Started process (PID=14615) to work on /home/mmirnezamina/de_final_project/airflowenv/lib/python3.10/site-packages/airflow/example_dags/example_workday_timetable.py
[2026-08-30T23:19:43.599+0330] {processor.py:914} INFO - Processing file /home/mmirnezamina/de_final_project/airflowenv/lib/python3.10/site-packages/airflow/example_dags/example_workday_timetable.py for tasks to queue
[2026-08-30T23:19:43.602+0330] {logging_mixin.py:190} INFO - [2026-08-30T23:19:43.601+0330] {dagbag.py:588} INFO - Filling up the DagBag from /home/mmirnezamina/de_final_project/airflowenv/lib/python3.10/site-packages/airflow/example_dags/example_workday_timetable.py
[2026-08-30T23:19:43.617+0330] {processor.py:925} INFO - DAG(s) 'example_workday_timetable' retrieved from /home/mmirnezamina/de_final_project/airflowenv/lib/python3.10/site-packages/airflow/example_dags/example_workday_timetable.py
[2026-08-30T23:19:43.671+0330] {logging_mixin.py:190} INFO - [2026-08-30T23:19:43.671+0330] {dag.py:3239} INFO - Sync 1 DAGs
[2026-08-30T23:19:43.723+0330] {logging_mixin.py:190} INFO - [2026-08-30T23:19:43.722+0330] {dag.py:4180} INFO - Setting next_dagrun for example_workday_timetable to 2021-01-01 00:00:00+00:00, run_after=2021-01-02 00:00:00+00:00
[2026-08-30T23:19:43.794+0330] {processor.py:208} INFO - Processing /home/mmirnezamina/de_final_project/airflowenv/lib/python3.10/site-packages/airflow/example_dags/example_workday_timetable.py took 0.219 seconds
[2026-08-30T23:20:14.529+0330] {processor.py:186} INFO - Started process (PID=14738) to work on /home/mmirnezamina/de_final_project/airflowenv/lib/python3.10/site-packages/airflow/example_dags/example_workday_timetable.py
[2026-08-30T23:20:14.532+0330] {processor.py:914} INFO - Processing file /home/mmirnezamina/de_final_project/airflowenv/lib/python3.10/site-packages/airflow/example_dags/example_workday_timetable.py for tasks to queue
[2026-08-30T23:20:14.535+0330] {logging_mixin.py:190} INFO - [2026-08-30T23:20:14.534+0330] {dagbag.py:588} INFO - Filling up the DagBag from /home/mmirnezamina/de_final_project/airflowenv/lib/python3.10/site-packages/airflow/example_dags/example_workday_timetable.py
[2026-08-30T23:20:14.554+0330] {processor.py:925} INFO - DAG(s) 'example_workday_timetable' retrieved from /home/mmirnezamina/de_final_project/airflowenv/lib/python3.10/site-packages/airflow/example_dags/example_workday_timetable.py
[2026-08-30T23:20:14.671+0330] {logging_mixin.py:190} INFO - [2026-08-30T23:20:14.671+0330] {dag.py:3239} INFO - Sync 1 DAGs
[2026-08-30T23:20:14.759+0330] {logging_mixin.py:190} INFO - [2026-08-30T23:20:14.759+0330] {dag.py:4180} INFO - Setting next_dagrun for example_workday_timetable to 2021-01-01 00:00:00+00:00, run_after=2021-01-02 00:00:00+00:00
[2026-08-30T23:20:14.825+0330] {processor.py:208} INFO - Processing /home/mmirnezamina/de_final_project/airflowenv/lib/python3.10/site-packages/airflow/example_dags/example_workday_timetable.py took 0.317 seconds
[2026-08-30T23:20:45.216+0330] {processor.py:186} INFO - Started process (PID=14856) to work on /home/mmirnezamina/de_final_project/airflowenv/lib/python3.10/site-packages/airflow/example_dags/example_workday_timetable.py
[2026-08-30T23:20:45.217+0330] {processor.py:914} INFO - Processing file /home/mmirnezamina/de_final_project/airflowenv/lib/python3.10/site-packages/airflow/example_dags/example_workday_timetable.py for tasks to queue
[2026-08-30T23:20:45.218+0330] {logging_mixin.py:190} INFO - [2026-08-30T23:20:45.218+0330] {dagbag.py:588} INFO - Filling up the DagBag from /home/mmirnezamina/de_final_project/airflowenv/lib/python3.10/site-packages/airflow/example_dags/example_workday_timetable.py
[2026-08-30T23:20:45.224+0330] {processor.py:925} INFO - DAG(s) 'example_workday_timetable' retrieved from /home/mmirnezamina/de_final_project/airflowenv/lib/python3.10/site-packages/airflow/example_dags/example_workday_timetable.py
[2026-08-30T23:20:45.250+0330] {logging_mixin.py:190} INFO - [2026-08-30T23:20:45.249+0330] {dag.py:3239} INFO - Sync 1 DAGs
[2026-08-30T23:20:45.274+0330] {logging_mixin.py:190} INFO - [2026-08-30T23:20:45.273+0330] {dag.py:4180} INFO - Setting next_dagrun for example_workday_timetable to 2021-01-01 00:00:00+00:00, run_after=2021-01-02 00:00:00+00:00
[2026-08-30T23:20:45.300+0330] {processor.py:208} INFO - Processing /home/mmirnezamina/de_final_project/airflowenv/lib/python3.10/site-packages/airflow/example_dags/example_workday_timetable.py took 0.092 seconds
[2026-08-30T23:21:16.010+0330] {processor.py:186} INFO - Started process (PID=14977) to work on /home/mmirnezamina/de_final_project/airflowenv/lib/python3.10/site-packages/airflow/example_dags/example_workday_timetable.py
[2026-08-30T23:21:16.012+0330] {processor.py:914} INFO - Processing file /home/mmirnezamina/de_final_project/airflowenv/lib/python3.10/site-packages/airflow/example_dags/example_workday_timetable.py for tasks to queue
[2026-08-30T23:21:16.013+0330] {logging_mixin.py:190} INFO - [2026-08-30T23:21:16.013+0330] {dagbag.py:588} INFO - Filling up the DagBag from /home/mmirnezamina/de_final_project/airflowenv/lib/python3.10/site-packages/airflow/example_dags/example_workday_timetable.py
[2026-08-30T23:21:16.021+0330] {processor.py:925} INFO - DAG(s) 'example_workday_timetable' retrieved from /home/mmirnezamina/de_final_project/airflowenv/lib/python3.10/site-packages/airflow/example_dags/example_workday_timetable.py
[2026-08-30T23:21:16.055+0330] {logging_mixin.py:190} INFO - [2026-08-30T23:21:16.055+0330] {dag.py:3239} INFO - Sync 1 DAGs
[2026-08-30T23:21:16.084+0330] {logging_mixin.py:190} INFO - [2026-08-30T23:21:16.084+0330] {dag.py:4180} INFO - Setting next_dagrun for example_workday_timetable to 2021-01-01 00:00:00+00:00, run_after=2021-01-02 00:00:00+00:00
[2026-08-30T23:21:16.113+0330] {processor.py:208} INFO - Processing /home/mmirnezamina/de_final_project/airflowenv/lib/python3.10/site-packages/airflow/example_dags/example_workday_timetable.py took 0.117 seconds
[2026-08-30T23:21:46.353+0330] {processor.py:186} INFO - Started process (PID=15094) to work on /home/mmirnezamina/de_final_project/airflowenv/lib/python3.10/site-packages/airflow/example_dags/example_workday_timetable.py
[2026-08-30T23:21:46.354+0330] {processor.py:914} INFO - Processing file /home/mmirnezamina/de_final_project/airflowenv/lib/python3.10/site-packages/airflow/example_dags/example_workday_timetable.py for tasks to queue
[2026-08-30T23:21:46.356+0330] {logging_mixin.py:190} INFO - [2026-08-30T23:21:46.355+0330] {dagbag.py:588} INFO - Filling up the DagBag from /home/mmirnezamina/de_final_project/airflowenv/lib/python3.10/site-packages/airflow/example_dags/example_workday_timetable.py
[2026-08-30T23:21:46.362+0330] {processor.py:925} INFO - DAG(s) 'example_workday_timetable' retrieved from /home/mmirnezamina/de_final_project/airflowenv/lib/python3.10/site-packages/airflow/example_dags/example_workday_timetable.py
[2026-08-30T23:21:46.392+0330] {logging_mixin.py:190} INFO - [2026-08-30T23:21:46.392+0330] {dag.py:3239} INFO - Sync 1 DAGs
[2026-08-30T23:21:46.423+0330] {logging_mixin.py:190} INFO - [2026-08-30T23:21:46.423+0330] {dag.py:4180} INFO - Setting next_dagrun for example_workday_timetable to 2021-01-01 00:00:00+00:00, run_after=2021-01-02 00:00:00+00:00
[2026-08-30T23:21:46.450+0330] {processor.py:208} INFO - Processing /home/mmirnezamina/de_final_project/airflowenv/lib/python3.10/site-packages/airflow/example_dags/example_workday_timetable.py took 0.106 seconds
[2026-08-30T23:22:16.717+0330] {processor.py:186} INFO - Started process (PID=15215) to work on /home/mmirnezamina/de_final_project/airflowenv/lib/python3.10/site-packages/airflow/example_dags/example_workday_timetable.py
[2026-08-30T23:22:16.719+0330] {processor.py:914} INFO - Processing file /home/mmirnezamina/de_final_project/airflowenv/lib/python3.10/site-packages/airflow/example_dags/example_workday_timetable.py for tasks to queue
[2026-08-30T23:22:16.721+0330] {logging_mixin.py:190} INFO - [2026-08-30T23:22:16.720+0330] {dagbag.py:588} INFO - Filling up the DagBag from /home/mmirnezamina/de_final_project/airflowenv/lib/python3.10/site-packages/airflow/example_dags/example_workday_timetable.py
[2026-08-30T23:22:16.731+0330] {processor.py:925} INFO - DAG(s) 'example_workday_timetable' retrieved from /home/mmirnezamina/de_final_project/airflowenv/lib/python3.10/site-packages/airflow/example_dags/example_workday_timetable.py
[2026-08-30T23:22:16.778+0330] {logging_mixin.py:190} INFO - [2026-08-30T23:22:16.777+0330] {dag.py:3239} INFO - Sync 1 DAGs
[2026-08-30T23:22:16.827+0330] {logging_mixin.py:190} INFO - [2026-08-30T23:22:16.826+0330] {dag.py:4180} INFO - Setting next_dagrun for example_workday_timetable to 2021-01-01 00:00:00+00:00, run_after=2021-01-02 00:00:00+00:00
[2026-08-30T23:22:16.865+0330] {processor.py:208} INFO - Processing /home/mmirnezamina/de_final_project/airflowenv/lib/python3.10/site-packages/airflow/example_dags/example_workday_timetable.py took 0.165 seconds
[2026-08-30T23:22:47.587+0330] {processor.py:186} INFO - Started process (PID=15332) to work on /home/mmirnezamina/de_final_project/airflowenv/lib/python3.10/site-packages/airflow/example_dags/example_workday_timetable.py
[2026-08-30T23:22:47.590+0330] {processor.py:914} INFO - Processing file /home/mmirnezamina/de_final_project/airflowenv/lib/python3.10/site-packages/airflow/example_dags/example_workday_timetable.py for tasks to queue
[2026-08-30T23:22:47.593+0330] {logging_mixin.py:190} INFO - [2026-08-30T23:22:47.592+0330] {dagbag.py:588} INFO - Filling up the DagBag from /home/mmirnezamina/de_final_project/airflowenv/lib/python3.10/site-packages/airflow/example_dags/example_workday_timetable.py
[2026-08-30T23:22:47.631+0330] {processor.py:925} INFO - DAG(s) 'example_workday_timetable' retrieved from /home/mmirnezamina/de_final_project/airflowenv/lib/python3.10/site-packages/airflow/example_dags/example_workday_timetable.py
[2026-08-30T23:22:47.698+0330] {logging_mixin.py:190} INFO - [2026-08-30T23:22:47.697+0330] {dag.py:3239} INFO - Sync 1 DAGs
[2026-08-30T23:22:47.759+0330] {logging_mixin.py:190} INFO - [2026-08-30T23:22:47.758+0330] {dag.py:4180} INFO - Setting next_dagrun for example_workday_timetable to 2021-01-01 00:00:00+00:00, run_after=2021-01-02 00:00:00+00:00
[2026-08-30T23:22:47.817+0330] {processor.py:208} INFO - Processing /home/mmirnezamina/de_final_project/airflowenv/lib/python3.10/site-packages/airflow/example_dags/example_workday_timetable.py took 0.258 seconds
[2026-08-30T23:23:19.032+0330] {processor.py:186} INFO - Started process (PID=15451) to work on /home/mmirnezamina/de_final_project/airflowenv/lib/python3.10/site-packages/airflow/example_dags/example_workday_timetable.py
[2026-08-30T23:23:19.035+0330] {processor.py:914} INFO - Processing file /home/mmirnezamina/de_final_project/airflowenv/lib/python3.10/site-packages/airflow/example_dags/example_workday_timetable.py for tasks to queue
[2026-08-30T23:23:19.038+0330] {logging_mixin.py:190} INFO - [2026-08-30T23:23:19.037+0330] {dagbag.py:588} INFO - Filling up the DagBag from /home/mmirnezamina/de_final_project/airflowenv/lib/python3.10/site-packages/airflow/example_dags/example_workday_timetable.py
[2026-08-30T23:23:19.053+0330] {processor.py:925} INFO - DAG(s) 'example_workday_timetable' retrieved from /home/mmirnezamina/de_final_project/airflowenv/lib/python3.10/site-packages/airflow/example_dags/example_workday_timetable.py
[2026-08-30T23:23:19.138+0330] {logging_mixin.py:190} INFO - [2026-08-30T23:23:19.137+0330] {dag.py:3239} INFO - Sync 1 DAGs
[2026-08-30T23:23:19.253+0330] {logging_mixin.py:190} INFO - [2026-08-30T23:23:19.253+0330] {dag.py:4180} INFO - Setting next_dagrun for example_workday_timetable to 2021-01-01 00:00:00+00:00, run_after=2021-01-02 00:00:00+00:00
[2026-08-30T23:23:19.332+0330] {processor.py:208} INFO - Processing /home/mmirnezamina/de_final_project/airflowenv/lib/python3.10/site-packages/airflow/example_dags/example_workday_timetable.py took 0.325 seconds
[2026-08-30T23:23:49.551+0330] {processor.py:186} INFO - Started process (PID=15568) to work on /home/mmirnezamina/de_final_project/airflowenv/lib/python3.10/site-packages/airflow/example_dags/example_workday_timetable.py
[2026-08-30T23:23:49.552+0330] {processor.py:914} INFO - Processing file /home/mmirnezamina/de_final_project/airflowenv/lib/python3.10/site-packages/airflow/example_dags/example_workday_timetable.py for tasks to queue
[2026-08-30T23:23:49.554+0330] {logging_mixin.py:190} INFO - [2026-08-30T23:23:49.554+0330] {dagbag.py:588} INFO - Filling up the DagBag from /home/mmirnezamina/de_final_project/airflowenv/lib/python3.10/site-packages/airflow/example_dags/example_workday_timetable.py
[2026-08-30T23:23:49.561+0330] {processor.py:925} INFO - DAG(s) 'example_workday_timetable' retrieved from /home/mmirnezamina/de_final_project/airflowenv/lib/python3.10/site-packages/airflow/example_dags/example_workday_timetable.py
[2026-08-30T23:23:49.631+0330] {logging_mixin.py:190} INFO - [2026-08-30T23:23:49.630+0330] {dag.py:3239} INFO - Sync 1 DAGs
[2026-08-30T23:23:49.665+0330] {logging_mixin.py:190} INFO - [2026-08-30T23:23:49.664+0330] {dag.py:4180} INFO - Setting next_dagrun for example_workday_timetable to 2021-01-01 00:00:00+00:00, run_after=2021-01-02 00:00:00+00:00
[2026-08-30T23:23:49.699+0330] {processor.py:208} INFO - Processing /home/mmirnezamina/de_final_project/airflowenv/lib/python3.10/site-packages/airflow/example_dags/example_workday_timetable.py took 0.158 seconds
[2026-08-30T23:24:20.107+0330] {processor.py:186} INFO - Started process (PID=15689) to work on /home/mmirnezamina/de_final_project/airflowenv/lib/python3.10/site-packages/airflow/example_dags/example_workday_timetable.py
[2026-08-30T23:24:20.110+0330] {processor.py:914} INFO - Processing file /home/mmirnezamina/de_final_project/airflowenv/lib/python3.10/site-packages/airflow/example_dags/example_workday_timetable.py for tasks to queue
[2026-08-30T23:24:20.112+0330] {logging_mixin.py:190} INFO - [2026-08-30T23:24:20.112+0330] {dagbag.py:588} INFO - Filling up the DagBag from /home/mmirnezamina/de_final_project/airflowenv/lib/python3.10/site-packages/airflow/example_dags/example_workday_timetable.py
[2026-08-30T23:24:20.123+0330] {processor.py:925} INFO - DAG(s) 'example_workday_timetable' retrieved from /home/mmirnezamina/de_final_project/airflowenv/lib/python3.10/site-packages/airflow/example_dags/example_workday_timetable.py
[2026-08-30T23:24:20.187+0330] {logging_mixin.py:190} INFO - [2026-08-30T23:24:20.186+0330] {dag.py:3239} INFO - Sync 1 DAGs
[2026-08-30T23:24:20.252+0330] {logging_mixin.py:190} INFO - [2026-08-30T23:24:20.251+0330] {dag.py:4180} INFO - Setting next_dagrun for example_workday_timetable to 2021-01-01 00:00:00+00:00, run_after=2021-01-02 00:00:00+00:00
[2026-08-30T23:24:20.297+0330] {processor.py:208} INFO - Processing /home/mmirnezamina/de_final_project/airflowenv/lib/python3.10/site-packages/airflow/example_dags/example_workday_timetable.py took 0.209 seconds
[2026-08-30T23:24:51.339+0330] {processor.py:186} INFO - Started process (PID=15805) to work on /home/mmirnezamina/de_final_project/airflowenv/lib/python3.10/site-packages/airflow/example_dags/example_workday_timetable.py
[2026-08-30T23:24:51.341+0330] {processor.py:914} INFO - Processing file /home/mmirnezamina/de_final_project/airflowenv/lib/python3.10/site-packages/airflow/example_dags/example_workday_timetable.py for tasks to queue
[2026-08-30T23:24:51.345+0330] {logging_mixin.py:190} INFO - [2026-08-30T23:24:51.344+0330] {dagbag.py:588} INFO - Filling up the DagBag from /home/mmirnezamina/de_final_project/airflowenv/lib/python3.10/site-packages/airflow/example_dags/example_workday_timetable.py
[2026-08-30T23:24:51.367+0330] {processor.py:925} INFO - DAG(s) 'example_workday_timetable' retrieved from /home/mmirnezamina/de_final_project/airflowenv/lib/python3.10/site-packages/airflow/example_dags/example_workday_timetable.py
[2026-08-30T23:24:51.438+0330] {logging_mixin.py:190} INFO - [2026-08-30T23:24:51.438+0330] {dag.py:3239} INFO - Sync 1 DAGs
[2026-08-30T23:24:51.493+0330] {logging_mixin.py:190} INFO - [2026-08-30T23:24:51.493+0330] {dag.py:4180} INFO - Setting next_dagrun for example_workday_timetable to 2021-01-01 00:00:00+00:00, run_after=2021-01-02 00:00:00+00:00
[2026-08-30T23:24:51.539+0330] {processor.py:208} INFO - Processing /home/mmirnezamina/de_final_project/airflowenv/lib/python3.10/site-packages/airflow/example_dags/example_workday_timetable.py took 0.227 seconds
[2026-08-30T23:25:21.680+0330] {processor.py:186} INFO - Started process (PID=15952) to work on /home/mmirnezamina/de_final_project/airflowenv/lib/python3.10/site-packages/airflow/example_dags/example_workday_timetable.py
[2026-08-30T23:25:21.683+0330] {processor.py:914} INFO - Processing file /home/mmirnezamina/de_final_project/airflowenv/lib/python3.10/site-packages/airflow/example_dags/example_workday_timetable.py for tasks to queue
[2026-08-30T23:25:21.687+0330] {logging_mixin.py:190} INFO - [2026-08-30T23:25:21.686+0330] {dagbag.py:588} INFO - Filling up the DagBag from /home/mmirnezamina/de_final_project/airflowenv/lib/python3.10/site-packages/airflow/example_dags/example_workday_timetable.py
[2026-08-30T23:25:21.706+0330] {processor.py:925} INFO - DAG(s) 'example_workday_timetable' retrieved from /home/mmirnezamina/de_final_project/airflowenv/lib/python3.10/site-packages/airflow/example_dags/example_workday_timetable.py
[2026-08-30T23:25:21.820+0330] {logging_mixin.py:190} INFO - [2026-08-30T23:25:21.818+0330] {dag.py:3239} INFO - Sync 1 DAGs
[2026-08-30T23:25:21.978+0330] {logging_mixin.py:190} INFO - [2026-08-30T23:25:21.977+0330] {dag.py:4180} INFO - Setting next_dagrun for example_workday_timetable to 2021-01-01 00:00:00+00:00, run_after=2021-01-02 00:00:00+00:00
[2026-08-30T23:25:22.081+0330] {processor.py:208} INFO - Processing /home/mmirnezamina/de_final_project/airflowenv/lib/python3.10/site-packages/airflow/example_dags/example_workday_timetable.py took 0.431 seconds
[2026-08-30T23:25:52.345+0330] {processor.py:186} INFO - Started process (PID=16086) to work on /home/mmirnezamina/de_final_project/airflowenv/lib/python3.10/site-packages/airflow/example_dags/example_workday_timetable.py
[2026-08-30T23:25:52.346+0330] {processor.py:914} INFO - Processing file /home/mmirnezamina/de_final_project/airflowenv/lib/python3.10/site-packages/airflow/example_dags/example_workday_timetable.py for tasks to queue
[2026-08-30T23:25:52.348+0330] {logging_mixin.py:190} INFO - [2026-08-30T23:25:52.348+0330] {dagbag.py:588} INFO - Filling up the DagBag from /home/mmirnezamina/de_final_project/airflowenv/lib/python3.10/site-packages/airflow/example_dags/example_workday_timetable.py
[2026-08-30T23:25:52.359+0330] {processor.py:925} INFO - DAG(s) 'example_workday_timetable' retrieved from /home/mmirnezamina/de_final_project/airflowenv/lib/python3.10/site-packages/airflow/example_dags/example_workday_timetable.py
[2026-08-30T23:25:52.405+0330] {logging_mixin.py:190} INFO - [2026-08-30T23:25:52.404+0330] {dag.py:3239} INFO - Sync 1 DAGs
[2026-08-30T23:25:52.449+0330] {logging_mixin.py:190} INFO - [2026-08-30T23:25:52.448+0330] {dag.py:4180} INFO - Setting next_dagrun for example_workday_timetable to 2021-01-01 00:00:00+00:00, run_after=2021-01-02 00:00:00+00:00
[2026-08-30T23:25:52.486+0330] {processor.py:208} INFO - Processing /home/mmirnezamina/de_final_project/airflowenv/lib/python3.10/site-packages/airflow/example_dags/example_workday_timetable.py took 0.159 seconds
[2026-08-30T23:26:23.833+0330] {processor.py:186} INFO - Started process (PID=16206) to work on /home/mmirnezamina/de_final_project/airflowenv/lib/python3.10/site-packages/airflow/example_dags/example_workday_timetable.py
[2026-08-30T23:26:23.837+0330] {processor.py:914} INFO - Processing file /home/mmirnezamina/de_final_project/airflowenv/lib/python3.10/site-packages/airflow/example_dags/example_workday_timetable.py for tasks to queue
[2026-08-30T23:26:23.842+0330] {logging_mixin.py:190} INFO - [2026-08-30T23:26:23.841+0330] {dagbag.py:588} INFO - Filling up the DagBag from /home/mmirnezamina/de_final_project/airflowenv/lib/python3.10/site-packages/airflow/example_dags/example_workday_timetable.py
[2026-08-30T23:26:23.862+0330] {processor.py:925} INFO - DAG(s) 'example_workday_timetable' retrieved from /home/mmirnezamina/de_final_project/airflowenv/lib/python3.10/site-packages/airflow/example_dags/example_workday_timetable.py
[2026-08-30T23:26:23.957+0330] {logging_mixin.py:190} INFO - [2026-08-30T23:26:23.956+0330] {dag.py:3239} INFO - Sync 1 DAGs
[2026-08-30T23:26:24.043+0330] {logging_mixin.py:190} INFO - [2026-08-30T23:26:24.042+0330] {dag.py:4180} INFO - Setting next_dagrun for example_workday_timetable to 2021-01-01 00:00:00+00:00, run_after=2021-01-02 00:00:00+00:00
[2026-08-30T23:26:24.112+0330] {processor.py:208} INFO - Processing /home/mmirnezamina/de_final_project/airflowenv/lib/python3.10/site-packages/airflow/example_dags/example_workday_timetable.py took 0.308 seconds
[2026-08-30T23:26:54.387+0330] {processor.py:186} INFO - Started process (PID=16323) to work on /home/mmirnezamina/de_final_project/airflowenv/lib/python3.10/site-packages/airflow/example_dags/example_workday_timetable.py
[2026-08-30T23:26:54.388+0330] {processor.py:914} INFO - Processing file /home/mmirnezamina/de_final_project/airflowenv/lib/python3.10/site-packages/airflow/example_dags/example_workday_timetable.py for tasks to queue
[2026-08-30T23:26:54.391+0330] {logging_mixin.py:190} INFO - [2026-08-30T23:26:54.390+0330] {dagbag.py:588} INFO - Filling up the DagBag from /home/mmirnezamina/de_final_project/airflowenv/lib/python3.10/site-packages/airflow/example_dags/example_workday_timetable.py
[2026-08-30T23:26:54.403+0330] {processor.py:925} INFO - DAG(s) 'example_workday_timetable' retrieved from /home/mmirnezamina/de_final_project/airflowenv/lib/python3.10/site-packages/airflow/example_dags/example_workday_timetable.py
[2026-08-30T23:26:54.481+0330] {logging_mixin.py:190} INFO - [2026-08-30T23:26:54.480+0330] {dag.py:3239} INFO - Sync 1 DAGs
[2026-08-30T23:26:54.557+0330] {logging_mixin.py:190} INFO - [2026-08-30T23:26:54.557+0330] {dag.py:4180} INFO - Setting next_dagrun for example_workday_timetable to 2021-01-01 00:00:00+00:00, run_after=2021-01-02 00:00:00+00:00
[2026-08-30T23:26:54.611+0330] {processor.py:208} INFO - Processing /home/mmirnezamina/de_final_project/airflowenv/lib/python3.10/site-packages/airflow/example_dags/example_workday_timetable.py took 0.246 seconds
[2026-08-30T23:27:47.668+0330] {processor.py:186} INFO - Started process (PID=16459) to work on /home/mmirnezamina/de_final_project/airflowenv/lib/python3.10/site-packages/airflow/example_dags/example_workday_timetable.py
[2026-08-30T23:27:47.670+0330] {processor.py:914} INFO - Processing file /home/mmirnezamina/de_final_project/airflowenv/lib/python3.10/site-packages/airflow/example_dags/example_workday_timetable.py for tasks to queue
[2026-08-30T23:27:47.671+0330] {logging_mixin.py:190} INFO - [2026-08-30T23:27:47.671+0330] {dagbag.py:588} INFO - Filling up the DagBag from /home/mmirnezamina/de_final_project/airflowenv/lib/python3.10/site-packages/airflow/example_dags/example_workday_timetable.py
[2026-08-30T23:27:47.679+0330] {processor.py:925} INFO - DAG(s) 'example_workday_timetable' retrieved from /home/mmirnezamina/de_final_project/airflowenv/lib/python3.10/site-packages/airflow/example_dags/example_workday_timetable.py
[2026-08-30T23:27:47.815+0330] {logging_mixin.py:190} INFO - [2026-08-30T23:27:47.814+0330] {override.py:1930} INFO - Created Permission View: can delete on DAG:example_workday_timetable
[2026-08-30T23:27:47.836+0330] {logging_mixin.py:190} INFO - [2026-08-30T23:27:47.835+0330] {override.py:1930} INFO - Created Permission View: can read on DAG:example_workday_timetable
[2026-08-30T23:27:47.853+0330] {logging_mixin.py:190} INFO - [2026-08-30T23:27:47.852+0330] {override.py:1930} INFO - Created Permission View: can edit on DAG:example_workday_timetable
[2026-08-30T23:27:47.888+0330] {logging_mixin.py:190} INFO - [2026-08-30T23:27:47.888+0330] {override.py:1930} INFO - Created Permission View: can create on DAG Run:example_workday_timetable
[2026-08-30T23:27:47.905+0330] {logging_mixin.py:190} INFO - [2026-08-30T23:27:47.904+0330] {override.py:1930} INFO - Created Permission View: can delete on DAG Run:example_workday_timetable
[2026-08-30T23:27:47.927+0330] {logging_mixin.py:190} INFO - [2026-08-30T23:27:47.927+0330] {override.py:1930} INFO - Created Permission View: can read on DAG Run:example_workday_timetable
[2026-08-30T23:27:47.945+0330] {logging_mixin.py:190} INFO - [2026-08-30T23:27:47.945+0330] {override.py:1930} INFO - Created Permission View: menu access on DAG Run:example_workday_timetable
[2026-08-30T23:27:47.946+0330] {logging_mixin.py:190} INFO - [2026-08-30T23:27:47.946+0330] {dag.py:3239} INFO - Sync 1 DAGs
[2026-08-30T23:27:47.959+0330] {logging_mixin.py:190} INFO - [2026-08-30T23:27:47.958+0330] {dag.py:3262} INFO - Creating ORM DAG for example_workday_timetable
[2026-08-30T23:27:47.970+0330] {logging_mixin.py:190} INFO - [2026-08-30T23:27:47.970+0330] {dag.py:4180} INFO - Setting next_dagrun for example_workday_timetable to 2021-01-01 00:00:00+00:00, run_after=2021-01-02 00:00:00+00:00
[2026-08-30T23:27:48.010+0330] {processor.py:208} INFO - Processing /home/mmirnezamina/de_final_project/airflowenv/lib/python3.10/site-packages/airflow/example_dags/example_workday_timetable.py took 0.353 seconds
