[2026-08-30T23:13:33.437+0330] {processor.py:186} INFO - Started process (PID=13122) to work on /home/mmirnezamina/de_final_project/airflowenv/lib/python3.10/site-packages/airflow/example_dags/example_xcom.py
[2026-08-30T23:13:33.443+0330] {processor.py:914} INFO - Processing file /home/mmirnezamina/de_final_project/airflowenv/lib/python3.10/site-packages/airflow/example_dags/example_xcom.py for tasks to queue
[2026-08-30T23:13:33.449+0330] {logging_mixin.py:190} INFO - [2026-08-30T23:13:33.448+0330] {dagbag.py:588} INFO - Filling up the DagBag from /home/mmirnezamina/de_final_project/airflowenv/lib/python3.10/site-packages/airflow/example_dags/example_xcom.py
[2026-08-30T23:13:33.539+0330] {processor.py:925} INFO - DAG(s) 'example_xcom' retrieved from /home/mmirnezamina/de_final_project/airflowenv/lib/python3.10/site-packages/airflow/example_dags/example_xcom.py
[2026-08-30T23:13:34.211+0330] {logging_mixin.py:190} INFO - [2026-08-30T23:13:34.206+0330] {override.py:1930} INFO - Created Permission View: can edit on DAG:example_xcom
[2026-08-30T23:13:34.258+0330] {logging_mixin.py:190} INFO - [2026-08-30T23:13:34.257+0330] {override.py:1930} INFO - Created Permission View: can read on DAG:example_xcom
[2026-08-30T23:13:34.293+0330] {logging_mixin.py:190} INFO - [2026-08-30T23:13:34.291+0330] {override.py:1930} INFO - Created Permission View: can delete on DAG:example_xcom
[2026-08-30T23:13:34.332+0330] {logging_mixin.py:190} INFO - [2026-08-30T23:13:34.330+0330] {override.py:1930} INFO - Created Permission View: menu access on DAG Run:example_xcom
[2026-08-30T23:13:34.372+0330] {logging_mixin.py:190} INFO - [2026-08-30T23:13:34.371+0330] {override.py:1930} INFO - Created Permission View: can create on DAG Run:example_xcom
[2026-08-30T23:13:34.409+0330] {logging_mixin.py:190} INFO - [2026-08-30T23:13:34.407+0330] {override.py:1930} INFO - Created Permission View: can read on DAG Run:example_xcom
[2026-08-30T23:13:34.444+0330] {logging_mixin.py:190} INFO - [2026-08-30T23:13:34.443+0330] {override.py:1930} INFO - Created Permission View: can delete on DAG Run:example_xcom
[2026-08-30T23:13:34.446+0330] {logging_mixin.py:190} INFO - [2026-08-30T23:13:34.445+0330] {dag.py:3239} INFO - Sync 1 DAGs
[2026-08-30T23:13:34.508+0330] {logging_mixin.py:190} INFO - [2026-08-30T23:13:34.507+0330] {dag.py:3262} INFO - Creating ORM DAG for example_xcom
[2026-08-30T23:13:34.551+0330] {logging_mixin.py:190} INFO - [2026-08-30T23:13:34.550+0330] {dag.py:4180} INFO - Setting next_dagrun for example_xcom to 2021-01-01 00:00:00+00:00, run_after=2021-01-01 00:00:00+00:00
[2026-08-30T23:13:34.624+0330] {processor.py:208} INFO - Processing /home/mmirnezamina/de_final_project/airflowenv/lib/python3.10/site-packages/airflow/example_dags/example_xcom.py took 1.245 seconds
[2026-08-30T23:14:05.356+0330] {processor.py:186} INFO - Started process (PID=13253) to work on /home/mmirnezamina/de_final_project/airflowenv/lib/python3.10/site-packages/airflow/example_dags/example_xcom.py
[2026-08-30T23:14:05.357+0330] {processor.py:914} INFO - Processing file /home/mmirnezamina/de_final_project/airflowenv/lib/python3.10/site-packages/airflow/example_dags/example_xcom.py for tasks to queue
[2026-08-30T23:14:05.358+0330] {logging_mixin.py:190} INFO - [2026-08-30T23:14:05.358+0330] {dagbag.py:588} INFO - Filling up the DagBag from /home/mmirnezamina/de_final_project/airflowenv/lib/python3.10/site-packages/airflow/example_dags/example_xcom.py
[2026-08-30T23:14:05.372+0330] {processor.py:925} INFO - DAG(s) 'example_xcom' retrieved from /home/mmirnezamina/de_final_project/airflowenv/lib/python3.10/site-packages/airflow/example_dags/example_xcom.py
[2026-08-30T23:14:05.481+0330] {logging_mixin.py:190} INFO - [2026-08-30T23:14:05.481+0330] {dag.py:3239} INFO - Sync 1 DAGs
[2026-08-30T23:14:05.514+0330] {logging_mixin.py:190} INFO - [2026-08-30T23:14:05.513+0330] {dag.py:4180} INFO - Setting next_dagrun for example_xcom to 2021-01-01 00:00:00+00:00, run_after=2021-01-01 00:00:00+00:00
[2026-08-30T23:14:05.544+0330] {processor.py:208} INFO - Processing /home/mmirnezamina/de_final_project/airflowenv/lib/python3.10/site-packages/airflow/example_dags/example_xcom.py took 0.197 seconds
[2026-08-30T23:14:35.722+0330] {processor.py:186} INFO - Started process (PID=13370) to work on /home/mmirnezamina/de_final_project/airflowenv/lib/python3.10/site-packages/airflow/example_dags/example_xcom.py
[2026-08-30T23:14:35.724+0330] {processor.py:914} INFO - Processing file /home/mmirnezamina/de_final_project/airflowenv/lib/python3.10/site-packages/airflow/example_dags/example_xcom.py for tasks to queue
[2026-08-30T23:14:35.726+0330] {logging_mixin.py:190} INFO - [2026-08-30T23:14:35.726+0330] {dagbag.py:588} INFO - Filling up the DagBag from /home/mmirnezamina/de_final_project/airflowenv/lib/python3.10/site-packages/airflow/example_dags/example_xcom.py
[2026-08-30T23:14:35.744+0330] {processor.py:925} INFO - DAG(s) 'example_xcom' retrieved from /home/mmirnezamina/de_final_project/airflowenv/lib/python3.10/site-packages/airflow/example_dags/example_xcom.py
[2026-08-30T23:14:35.786+0330] {logging_mixin.py:190} INFO - [2026-08-30T23:14:35.785+0330] {dag.py:3239} INFO - Sync 1 DAGs
[2026-08-30T23:14:35.822+0330] {logging_mixin.py:190} INFO - [2026-08-30T23:14:35.822+0330] {dag.py:4180} INFO - Setting next_dagrun for example_xcom to 2021-01-01 00:00:00+00:00, run_after=2021-01-01 00:00:00+00:00
[2026-08-30T23:14:35.862+0330] {processor.py:208} INFO - Processing /home/mmirnezamina/de_final_project/airflowenv/lib/python3.10/site-packages/airflow/example_dags/example_xcom.py took 0.159 seconds
[2026-08-30T23:15:06.270+0330] {processor.py:186} INFO - Started process (PID=13491) to work on /home/mmirnezamina/de_final_project/airflowenv/lib/python3.10/site-packages/airflow/example_dags/example_xcom.py
[2026-08-30T23:15:06.271+0330] {processor.py:914} INFO - Processing file /home/mmirnezamina/de_final_project/airflowenv/lib/python3.10/site-packages/airflow/example_dags/example_xcom.py for tasks to queue
[2026-08-30T23:15:06.273+0330] {logging_mixin.py:190} INFO - [2026-08-30T23:15:06.273+0330] {dagbag.py:588} INFO - Filling up the DagBag from /home/mmirnezamina/de_final_project/airflowenv/lib/python3.10/site-packages/airflow/example_dags/example_xcom.py
[2026-08-30T23:15:06.286+0330] {processor.py:925} INFO - DAG(s) 'example_xcom' retrieved from /home/mmirnezamina/de_final_project/airflowenv/lib/python3.10/site-packages/airflow/example_dags/example_xcom.py
[2026-08-30T23:15:06.324+0330] {logging_mixin.py:190} INFO - [2026-08-30T23:15:06.324+0330] {dag.py:3239} INFO - Sync 1 DAGs
[2026-08-30T23:15:06.358+0330] {logging_mixin.py:190} INFO - [2026-08-30T23:15:06.358+0330] {dag.py:4180} INFO - Setting next_dagrun for example_xcom to 2021-01-01 00:00:00+00:00, run_after=2021-01-01 00:00:00+00:00
[2026-08-30T23:15:06.383+0330] {processor.py:208} INFO - Processing /home/mmirnezamina/de_final_project/airflowenv/lib/python3.10/site-packages/airflow/example_dags/example_xcom.py took 0.126 seconds
[2026-08-30T23:15:36.998+0330] {processor.py:186} INFO - Started process (PID=13610) to work on /home/mmirnezamina/de_final_project/airflowenv/lib/python3.10/site-packages/airflow/example_dags/example_xcom.py
[2026-08-30T23:15:37.000+0330] {processor.py:914} INFO - Processing file /home/mmirnezamina/de_final_project/airflowenv/lib/python3.10/site-packages/airflow/example_dags/example_xcom.py for tasks to queue
[2026-08-30T23:15:37.001+0330] {logging_mixin.py:190} INFO - [2026-08-30T23:15:37.001+0330] {dagbag.py:588} INFO - Filling up the DagBag from /home/mmirnezamina/de_final_project/airflowenv/lib/python3.10/site-packages/airflow/example_dags/example_xcom.py
[2026-08-30T23:15:37.015+0330] {processor.py:925} INFO - DAG(s) 'example_xcom' retrieved from /home/mmirnezamina/de_final_project/airflowenv/lib/python3.10/site-packages/airflow/example_dags/example_xcom.py
[2026-08-30T23:15:37.052+0330] {logging_mixin.py:190} INFO - [2026-08-30T23:15:37.052+0330] {dag.py:3239} INFO - Sync 1 DAGs
[2026-08-30T23:15:37.087+0330] {logging_mixin.py:190} INFO - [2026-08-30T23:15:37.087+0330] {dag.py:4180} INFO - Setting next_dagrun for example_xcom to 2021-01-01 00:00:00+00:00, run_after=2021-01-01 00:00:00+00:00
[2026-08-30T23:15:37.124+0330] {processor.py:208} INFO - Processing /home/mmirnezamina/de_final_project/airflowenv/lib/python3.10/site-packages/airflow/example_dags/example_xcom.py took 0.138 seconds
[2026-08-30T23:16:07.404+0330] {processor.py:186} INFO - Started process (PID=13728) to work on /home/mmirnezamina/de_final_project/airflowenv/lib/python3.10/site-packages/airflow/example_dags/example_xcom.py
[2026-08-30T23:16:07.405+0330] {processor.py:914} INFO - Processing file /home/mmirnezamina/de_final_project/airflowenv/lib/python3.10/site-packages/airflow/example_dags/example_xcom.py for tasks to queue
[2026-08-30T23:16:07.406+0330] {logging_mixin.py:190} INFO - [2026-08-30T23:16:07.406+0330] {dagbag.py:588} INFO - Filling up the DagBag from /home/mmirnezamina/de_final_project/airflowenv/lib/python3.10/site-packages/airflow/example_dags/example_xcom.py
[2026-08-30T23:16:07.416+0330] {processor.py:925} INFO - DAG(s) 'example_xcom' retrieved from /home/mmirnezamina/de_final_project/airflowenv/lib/python3.10/site-packages/airflow/example_dags/example_xcom.py
[2026-08-30T23:16:07.445+0330] {logging_mixin.py:190} INFO - [2026-08-30T23:16:07.444+0330] {dag.py:3239} INFO - Sync 1 DAGs
[2026-08-30T23:16:07.471+0330] {logging_mixin.py:190} INFO - [2026-08-30T23:16:07.471+0330] {dag.py:4180} INFO - Setting next_dagrun for example_xcom to 2021-01-01 00:00:00+00:00, run_after=2021-01-01 00:00:00+00:00
[2026-08-30T23:16:07.499+0330] {processor.py:208} INFO - Processing /home/mmirnezamina/de_final_project/airflowenv/lib/python3.10/site-packages/airflow/example_dags/example_xcom.py took 0.103 seconds
[2026-08-30T23:16:37.538+0330] {processor.py:186} INFO - Started process (PID=13847) to work on /home/mmirnezamina/de_final_project/airflowenv/lib/python3.10/site-packages/airflow/example_dags/example_xcom.py
[2026-08-30T23:16:37.539+0330] {processor.py:914} INFO - Processing file /home/mmirnezamina/de_final_project/airflowenv/lib/python3.10/site-packages/airflow/example_dags/example_xcom.py for tasks to queue
[2026-08-30T23:16:37.540+0330] {logging_mixin.py:190} INFO - [2026-08-30T23:16:37.540+0330] {dagbag.py:588} INFO - Filling up the DagBag from /home/mmirnezamina/de_final_project/airflowenv/lib/python3.10/site-packages/airflow/example_dags/example_xcom.py
[2026-08-30T23:16:37.549+0330] {processor.py:925} INFO - DAG(s) 'example_xcom' retrieved from /home/mmirnezamina/de_final_project/airflowenv/lib/python3.10/site-packages/airflow/example_dags/example_xcom.py
[2026-08-30T23:16:37.581+0330] {logging_mixin.py:190} INFO - [2026-08-30T23:16:37.580+0330] {dag.py:3239} INFO - Sync 1 DAGs
[2026-08-30T23:16:37.605+0330] {logging_mixin.py:190} INFO - [2026-08-30T23:16:37.605+0330] {dag.py:4180} INFO - Setting next_dagrun for example_xcom to 2021-01-01 00:00:00+00:00, run_after=2021-01-01 00:00:00+00:00
[2026-08-30T23:16:37.631+0330] {processor.py:208} INFO - Processing /home/mmirnezamina/de_final_project/airflowenv/lib/python3.10/site-packages/airflow/example_dags/example_xcom.py took 0.102 seconds
[2026-08-30T23:17:08.599+0330] {processor.py:186} INFO - Started process (PID=14011) to work on /home/mmirnezamina/de_final_project/airflowenv/lib/python3.10/site-packages/airflow/example_dags/example_xcom.py
[2026-08-30T23:17:08.600+0330] {processor.py:914} INFO - Processing file /home/mmirnezamina/de_final_project/airflowenv/lib/python3.10/site-packages/airflow/example_dags/example_xcom.py for tasks to queue
[2026-08-30T23:17:08.603+0330] {logging_mixin.py:190} INFO - [2026-08-30T23:17:08.602+0330] {dagbag.py:588} INFO - Filling up the DagBag from /home/mmirnezamina/de_final_project/airflowenv/lib/python3.10/site-packages/airflow/example_dags/example_xcom.py
[2026-08-30T23:17:08.616+0330] {processor.py:925} INFO - DAG(s) 'example_xcom' retrieved from /home/mmirnezamina/de_final_project/airflowenv/lib/python3.10/site-packages/airflow/example_dags/example_xcom.py
[2026-08-30T23:17:08.664+0330] {logging_mixin.py:190} INFO - [2026-08-30T23:17:08.664+0330] {dag.py:3239} INFO - Sync 1 DAGs
[2026-08-30T23:17:08.707+0330] {logging_mixin.py:190} INFO - [2026-08-30T23:17:08.706+0330] {dag.py:4180} INFO - Setting next_dagrun for example_xcom to 2021-01-01 00:00:00+00:00, run_after=2021-01-01 00:00:00+00:00
[2026-08-30T23:17:08.747+0330] {processor.py:208} INFO - Processing /home/mmirnezamina/de_final_project/airflowenv/lib/python3.10/site-packages/airflow/example_dags/example_xcom.py took 0.164 seconds
[2026-08-30T23:17:40.405+0330] {processor.py:186} INFO - Started process (PID=14140) to work on /home/mmirnezamina/de_final_project/airflowenv/lib/python3.10/site-packages/airflow/example_dags/example_xcom.py
[2026-08-30T23:17:40.412+0330] {processor.py:914} INFO - Processing file /home/mmirnezamina/de_final_project/airflowenv/lib/python3.10/site-packages/airflow/example_dags/example_xcom.py for tasks to queue
[2026-08-30T23:17:40.418+0330] {logging_mixin.py:190} INFO - [2026-08-30T23:17:40.417+0330] {dagbag.py:588} INFO - Filling up the DagBag from /home/mmirnezamina/de_final_project/airflowenv/lib/python3.10/site-packages/airflow/example_dags/example_xcom.py
[2026-08-30T23:17:40.455+0330] {processor.py:925} INFO - DAG(s) 'example_xcom' retrieved from /home/mmirnezamina/de_final_project/airflowenv/lib/python3.10/site-packages/airflow/example_dags/example_xcom.py
[2026-08-30T23:17:40.551+0330] {logging_mixin.py:190} INFO - [2026-08-30T23:17:40.551+0330] {dag.py:3239} INFO - Sync 1 DAGs
[2026-08-30T23:17:40.651+0330] {logging_mixin.py:190} INFO - [2026-08-30T23:17:40.650+0330] {dag.py:4180} INFO - Setting next_dagrun for example_xcom to 2021-01-01 00:00:00+00:00, run_after=2021-01-01 00:00:00+00:00
[2026-08-30T23:17:40.725+0330] {processor.py:208} INFO - Processing /home/mmirnezamina/de_final_project/airflowenv/lib/python3.10/site-packages/airflow/example_dags/example_xcom.py took 0.362 seconds
[2026-08-30T23:18:11.183+0330] {processor.py:186} INFO - Started process (PID=14257) to work on /home/mmirnezamina/de_final_project/airflowenv/lib/python3.10/site-packages/airflow/example_dags/example_xcom.py
[2026-08-30T23:18:11.185+0330] {processor.py:914} INFO - Processing file /home/mmirnezamina/de_final_project/airflowenv/lib/python3.10/site-packages/airflow/example_dags/example_xcom.py for tasks to queue
[2026-08-30T23:18:11.189+0330] {logging_mixin.py:190} INFO - [2026-08-30T23:18:11.188+0330] {dagbag.py:588} INFO - Filling up the DagBag from /home/mmirnezamina/de_final_project/airflowenv/lib/python3.10/site-packages/airflow/example_dags/example_xcom.py
[2026-08-30T23:18:11.209+0330] {processor.py:925} INFO - DAG(s) 'example_xcom' retrieved from /home/mmirnezamina/de_final_project/airflowenv/lib/python3.10/site-packages/airflow/example_dags/example_xcom.py
[2026-08-30T23:18:11.261+0330] {logging_mixin.py:190} INFO - [2026-08-30T23:18:11.260+0330] {dag.py:3239} INFO - Sync 1 DAGs
[2026-08-30T23:18:11.302+0330] {logging_mixin.py:190} INFO - [2026-08-30T23:18:11.301+0330] {dag.py:4180} INFO - Setting next_dagrun for example_xcom to 2021-01-01 00:00:00+00:00, run_after=2021-01-01 00:00:00+00:00
[2026-08-30T23:18:11.334+0330] {processor.py:208} INFO - Processing /home/mmirnezamina/de_final_project/airflowenv/lib/python3.10/site-packages/airflow/example_dags/example_xcom.py took 0.170 seconds
[2026-08-30T23:18:41.767+0330] {processor.py:186} INFO - Started process (PID=14376) to work on /home/mmirnezamina/de_final_project/airflowenv/lib/python3.10/site-packages/airflow/example_dags/example_xcom.py
[2026-08-30T23:18:41.768+0330] {processor.py:914} INFO - Processing file /home/mmirnezamina/de_final_project/airflowenv/lib/python3.10/site-packages/airflow/example_dags/example_xcom.py for tasks to queue
[2026-08-30T23:18:41.770+0330] {logging_mixin.py:190} INFO - [2026-08-30T23:18:41.769+0330] {dagbag.py:588} INFO - Filling up the DagBag from /home/mmirnezamina/de_final_project/airflowenv/lib/python3.10/site-packages/airflow/example_dags/example_xcom.py
[2026-08-30T23:18:41.781+0330] {processor.py:925} INFO - DAG(s) 'example_xcom' retrieved from /home/mmirnezamina/de_final_project/airflowenv/lib/python3.10/site-packages/airflow/example_dags/example_xcom.py
[2026-08-30T23:18:41.818+0330] {logging_mixin.py:190} INFO - [2026-08-30T23:18:41.817+0330] {dag.py:3239} INFO - Sync 1 DAGs
[2026-08-30T23:18:41.848+0330] {logging_mixin.py:190} INFO - [2026-08-30T23:18:41.847+0330] {dag.py:4180} INFO - Setting next_dagrun for example_xcom to 2021-01-01 00:00:00+00:00, run_after=2021-01-01 00:00:00+00:00
[2026-08-30T23:18:41.879+0330] {processor.py:208} INFO - Processing /home/mmirnezamina/de_final_project/airflowenv/lib/python3.10/site-packages/airflow/example_dags/example_xcom.py took 0.122 seconds
[2026-08-30T23:19:12.408+0330] {processor.py:186} INFO - Started process (PID=14494) to work on /home/mmirnezamina/de_final_project/airflowenv/lib/python3.10/site-packages/airflow/example_dags/example_xcom.py
[2026-08-30T23:19:12.409+0330] {processor.py:914} INFO - Processing file /home/mmirnezamina/de_final_project/airflowenv/lib/python3.10/site-packages/airflow/example_dags/example_xcom.py for tasks to queue
[2026-08-30T23:19:12.411+0330] {logging_mixin.py:190} INFO - [2026-08-30T23:19:12.410+0330] {dagbag.py:588} INFO - Filling up the DagBag from /home/mmirnezamina/de_final_project/airflowenv/lib/python3.10/site-packages/airflow/example_dags/example_xcom.py
[2026-08-30T23:19:12.425+0330] {processor.py:925} INFO - DAG(s) 'example_xcom' retrieved from /home/mmirnezamina/de_final_project/airflowenv/lib/python3.10/site-packages/airflow/example_dags/example_xcom.py
[2026-08-30T23:19:12.468+0330] {logging_mixin.py:190} INFO - [2026-08-30T23:19:12.468+0330] {dag.py:3239} INFO - Sync 1 DAGs
[2026-08-30T23:19:12.563+0330] {logging_mixin.py:190} INFO - [2026-08-30T23:19:12.563+0330] {dag.py:4180} INFO - Setting next_dagrun for example_xcom to 2021-01-01 00:00:00+00:00, run_after=2021-01-01 00:00:00+00:00
[2026-08-30T23:19:12.615+0330] {processor.py:208} INFO - Processing /home/mmirnezamina/de_final_project/airflowenv/lib/python3.10/site-packages/airflow/example_dags/example_xcom.py took 0.218 seconds
[2026-08-30T23:19:43.379+0330] {processor.py:186} INFO - Started process (PID=14613) to work on /home/mmirnezamina/de_final_project/airflowenv/lib/python3.10/site-packages/airflow/example_dags/example_xcom.py
[2026-08-30T23:19:43.381+0330] {processor.py:914} INFO - Processing file /home/mmirnezamina/de_final_project/airflowenv/lib/python3.10/site-packages/airflow/example_dags/example_xcom.py for tasks to queue
[2026-08-30T23:19:43.383+0330] {logging_mixin.py:190} INFO - [2026-08-30T23:19:43.383+0330] {dagbag.py:588} INFO - Filling up the DagBag from /home/mmirnezamina/de_final_project/airflowenv/lib/python3.10/site-packages/airflow/example_dags/example_xcom.py
[2026-08-30T23:19:43.401+0330] {processor.py:925} INFO - DAG(s) 'example_xcom' retrieved from /home/mmirnezamina/de_final_project/airflowenv/lib/python3.10/site-packages/airflow/example_dags/example_xcom.py
[2026-08-30T23:19:43.454+0330] {logging_mixin.py:190} INFO - [2026-08-30T23:19:43.454+0330] {dag.py:3239} INFO - Sync 1 DAGs
[2026-08-30T23:19:43.499+0330] {logging_mixin.py:190} INFO - [2026-08-30T23:19:43.499+0330] {dag.py:4180} INFO - Setting next_dagrun for example_xcom to 2021-01-01 00:00:00+00:00, run_after=2021-01-01 00:00:00+00:00
[2026-08-30T23:19:43.540+0330] {processor.py:208} INFO - Processing /home/mmirnezamina/de_final_project/airflowenv/lib/python3.10/site-packages/airflow/example_dags/example_xcom.py took 0.178 seconds
[2026-08-30T23:20:14.318+0330] {processor.py:186} INFO - Started process (PID=14736) to work on /home/mmirnezamina/de_final_project/airflowenv/lib/python3.10/site-packages/airflow/example_dags/example_xcom.py
[2026-08-30T23:20:14.321+0330] {processor.py:914} INFO - Processing file /home/mmirnezamina/de_final_project/airflowenv/lib/python3.10/site-packages/airflow/example_dags/example_xcom.py for tasks to queue
[2026-08-30T23:20:14.326+0330] {logging_mixin.py:190} INFO - [2026-08-30T23:20:14.325+0330] {dagbag.py:588} INFO - Filling up the DagBag from /home/mmirnezamina/de_final_project/airflowenv/lib/python3.10/site-packages/airflow/example_dags/example_xcom.py
[2026-08-30T23:20:14.377+0330] {processor.py:925} INFO - DAG(s) 'example_xcom' retrieved from /home/mmirnezamina/de_final_project/airflowenv/lib/python3.10/site-packages/airflow/example_dags/example_xcom.py
[2026-08-30T23:20:14.484+0330] {logging_mixin.py:190} INFO - [2026-08-30T23:20:14.483+0330] {dag.py:3239} INFO - Sync 1 DAGs
[2026-08-30T23:20:14.552+0330] {logging_mixin.py:190} INFO - [2026-08-30T23:20:14.552+0330] {dag.py:4180} INFO - Setting next_dagrun for example_xcom to 2021-01-01 00:00:00+00:00, run_after=2021-01-01 00:00:00+00:00
[2026-08-30T23:20:14.640+0330] {processor.py:208} INFO - Processing /home/mmirnezamina/de_final_project/airflowenv/lib/python3.10/site-packages/airflow/example_dags/example_xcom.py took 0.368 seconds
[2026-08-30T23:20:45.211+0330] {processor.py:186} INFO - Started process (PID=14855) to work on /home/mmirnezamina/de_final_project/airflowenv/lib/python3.10/site-packages/airflow/example_dags/example_xcom.py
[2026-08-30T23:20:45.211+0330] {processor.py:914} INFO - Processing file /home/mmirnezamina/de_final_project/airflowenv/lib/python3.10/site-packages/airflow/example_dags/example_xcom.py for tasks to queue
[2026-08-30T23:20:45.212+0330] {logging_mixin.py:190} INFO - [2026-08-30T23:20:45.212+0330] {dagbag.py:588} INFO - Filling up the DagBag from /home/mmirnezamina/de_final_project/airflowenv/lib/python3.10/site-packages/airflow/example_dags/example_xcom.py
[2026-08-30T23:20:45.222+0330] {processor.py:925} INFO - DAG(s) 'example_xcom' retrieved from /home/mmirnezamina/de_final_project/airflowenv/lib/python3.10/site-packages/airflow/example_dags/example_xcom.py
[2026-08-30T23:20:45.250+0330] {logging_mixin.py:190} INFO - [2026-08-30T23:20:45.250+0330] {dag.py:3239} INFO - Sync 1 DAGs
[2026-08-30T23:20:45.274+0330] {logging_mixin.py:190} INFO - [2026-08-30T23:20:45.273+0330] {dag.py:4180} INFO - Setting next_dagrun for example_xcom to 2021-01-01 00:00:00+00:00, run_after=2021-01-01 00:00:00+00:00
[2026-08-30T23:20:45.303+0330] {processor.py:208} INFO - Processing /home/mmirnezamina/de_final_project/airflowenv/lib/python3.10/site-packages/airflow/example_dags/example_xcom.py took 0.102 seconds
[2026-08-30T23:21:15.883+0330] {processor.py:186} INFO - Started process (PID=14974) to work on /home/mmirnezamina/de_final_project/airflowenv/lib/python3.10/site-packages/airflow/example_dags/example_xcom.py
[2026-08-30T23:21:15.884+0330] {processor.py:914} INFO - Processing file /home/mmirnezamina/de_final_project/airflowenv/lib/python3.10/site-packages/airflow/example_dags/example_xcom.py for tasks to queue
[2026-08-30T23:21:15.886+0330] {logging_mixin.py:190} INFO - [2026-08-30T23:21:15.885+0330] {dagbag.py:588} INFO - Filling up the DagBag from /home/mmirnezamina/de_final_project/airflowenv/lib/python3.10/site-packages/airflow/example_dags/example_xcom.py
[2026-08-30T23:21:15.900+0330] {processor.py:925} INFO - DAG(s) 'example_xcom' retrieved from /home/mmirnezamina/de_final_project/airflowenv/lib/python3.10/site-packages/airflow/example_dags/example_xcom.py
[2026-08-30T23:21:15.944+0330] {logging_mixin.py:190} INFO - [2026-08-30T23:21:15.943+0330] {dag.py:3239} INFO - Sync 1 DAGs
[2026-08-30T23:21:15.971+0330] {logging_mixin.py:190} INFO - [2026-08-30T23:21:15.970+0330] {dag.py:4180} INFO - Setting next_dagrun for example_xcom to 2021-01-01 00:00:00+00:00, run_after=2021-01-01 00:00:00+00:00
[2026-08-30T23:21:15.997+0330] {processor.py:208} INFO - Processing /home/mmirnezamina/de_final_project/airflowenv/lib/python3.10/site-packages/airflow/example_dags/example_xcom.py took 0.128 seconds
[2026-08-30T23:21:46.256+0330] {processor.py:186} INFO - Started process (PID=15091) to work on /home/mmirnezamina/de_final_project/airflowenv/lib/python3.10/site-packages/airflow/example_dags/example_xcom.py
[2026-08-30T23:21:46.257+0330] {processor.py:914} INFO - Processing file /home/mmirnezamina/de_final_project/airflowenv/lib/python3.10/site-packages/airflow/example_dags/example_xcom.py for tasks to queue
[2026-08-30T23:21:46.258+0330] {logging_mixin.py:190} INFO - [2026-08-30T23:21:46.258+0330] {dagbag.py:588} INFO - Filling up the DagBag from /home/mmirnezamina/de_final_project/airflowenv/lib/python3.10/site-packages/airflow/example_dags/example_xcom.py
[2026-08-30T23:21:46.267+0330] {processor.py:925} INFO - DAG(s) 'example_xcom' retrieved from /home/mmirnezamina/de_final_project/airflowenv/lib/python3.10/site-packages/airflow/example_dags/example_xcom.py
[2026-08-30T23:21:46.296+0330] {logging_mixin.py:190} INFO - [2026-08-30T23:21:46.296+0330] {dag.py:3239} INFO - Sync 1 DAGs
[2026-08-30T23:21:46.322+0330] {logging_mixin.py:190} INFO - [2026-08-30T23:21:46.322+0330] {dag.py:4180} INFO - Setting next_dagrun for example_xcom to 2021-01-01 00:00:00+00:00, run_after=2021-01-01 00:00:00+00:00
[2026-08-30T23:21:46.345+0330] {processor.py:208} INFO - Processing /home/mmirnezamina/de_final_project/airflowenv/lib/python3.10/site-packages/airflow/example_dags/example_xcom.py took 0.097 seconds
[2026-08-30T23:22:16.611+0330] {processor.py:186} INFO - Started process (PID=15213) to work on /home/mmirnezamina/de_final_project/airflowenv/lib/python3.10/site-packages/airflow/example_dags/example_xcom.py
[2026-08-30T23:22:16.614+0330] {processor.py:914} INFO - Processing file /home/mmirnezamina/de_final_project/airflowenv/lib/python3.10/site-packages/airflow/example_dags/example_xcom.py for tasks to queue
[2026-08-30T23:22:16.616+0330] {logging_mixin.py:190} INFO - [2026-08-30T23:22:16.616+0330] {dagbag.py:588} INFO - Filling up the DagBag from /home/mmirnezamina/de_final_project/airflowenv/lib/python3.10/site-packages/airflow/example_dags/example_xcom.py
[2026-08-30T23:22:16.634+0330] {processor.py:925} INFO - DAG(s) 'example_xcom' retrieved from /home/mmirnezamina/de_final_project/airflowenv/lib/python3.10/site-packages/airflow/example_dags/example_xcom.py
[2026-08-30T23:22:16.692+0330] {logging_mixin.py:190} INFO - [2026-08-30T23:22:16.691+0330] {dag.py:3239} INFO - Sync 1 DAGs
[2026-08-30T23:22:16.738+0330] {logging_mixin.py:190} INFO - [2026-08-30T23:22:16.738+0330] {dag.py:4180} INFO - Setting next_dagrun for example_xcom to 2021-01-01 00:00:00+00:00, run_after=2021-01-01 00:00:00+00:00
[2026-08-30T23:22:16.775+0330] {processor.py:208} INFO - Processing /home/mmirnezamina/de_final_project/airflowenv/lib/python3.10/site-packages/airflow/example_dags/example_xcom.py took 0.181 seconds
[2026-08-30T23:22:47.472+0330] {processor.py:186} INFO - Started process (PID=15330) to work on /home/mmirnezamina/de_final_project/airflowenv/lib/python3.10/site-packages/airflow/example_dags/example_xcom.py
[2026-08-30T23:22:47.474+0330] {processor.py:914} INFO - Processing file /home/mmirnezamina/de_final_project/airflowenv/lib/python3.10/site-packages/airflow/example_dags/example_xcom.py for tasks to queue
[2026-08-30T23:22:47.476+0330] {logging_mixin.py:190} INFO - [2026-08-30T23:22:47.475+0330] {dagbag.py:588} INFO - Filling up the DagBag from /home/mmirnezamina/de_final_project/airflowenv/lib/python3.10/site-packages/airflow/example_dags/example_xcom.py
[2026-08-30T23:22:47.496+0330] {processor.py:925} INFO - DAG(s) 'example_xcom' retrieved from /home/mmirnezamina/de_final_project/airflowenv/lib/python3.10/site-packages/airflow/example_dags/example_xcom.py
[2026-08-30T23:22:47.568+0330] {logging_mixin.py:190} INFO - [2026-08-30T23:22:47.567+0330] {dag.py:3239} INFO - Sync 1 DAGs
[2026-08-30T23:22:47.641+0330] {logging_mixin.py:190} INFO - [2026-08-30T23:22:47.640+0330] {dag.py:4180} INFO - Setting next_dagrun for example_xcom to 2021-01-01 00:00:00+00:00, run_after=2021-01-01 00:00:00+00:00
[2026-08-30T23:22:47.691+0330] {processor.py:208} INFO - Processing /home/mmirnezamina/de_final_project/airflowenv/lib/python3.10/site-packages/airflow/example_dags/example_xcom.py took 0.237 seconds
[2026-08-30T23:23:18.941+0330] {processor.py:186} INFO - Started process (PID=15450) to work on /home/mmirnezamina/de_final_project/airflowenv/lib/python3.10/site-packages/airflow/example_dags/example_xcom.py
[2026-08-30T23:23:18.955+0330] {processor.py:914} INFO - Processing file /home/mmirnezamina/de_final_project/airflowenv/lib/python3.10/site-packages/airflow/example_dags/example_xcom.py for tasks to queue
[2026-08-30T23:23:18.960+0330] {logging_mixin.py:190} INFO - [2026-08-30T23:23:18.959+0330] {dagbag.py:588} INFO - Filling up the DagBag from /home/mmirnezamina/de_final_project/airflowenv/lib/python3.10/site-packages/airflow/example_dags/example_xcom.py
[2026-08-30T23:23:19.001+0330] {processor.py:925} INFO - DAG(s) 'example_xcom' retrieved from /home/mmirnezamina/de_final_project/airflowenv/lib/python3.10/site-packages/airflow/example_dags/example_xcom.py
[2026-08-30T23:23:19.113+0330] {logging_mixin.py:190} INFO - [2026-08-30T23:23:19.111+0330] {dag.py:3239} INFO - Sync 1 DAGs
[2026-08-30T23:23:19.215+0330] {logging_mixin.py:190} INFO - [2026-08-30T23:23:19.214+0330] {dag.py:4180} INFO - Setting next_dagrun for example_xcom to 2021-01-01 00:00:00+00:00, run_after=2021-01-01 00:00:00+00:00
[2026-08-30T23:23:19.310+0330] {processor.py:208} INFO - Processing /home/mmirnezamina/de_final_project/airflowenv/lib/python3.10/site-packages/airflow/example_dags/example_xcom.py took 0.395 seconds
[2026-08-30T23:23:49.534+0330] {processor.py:186} INFO - Started process (PID=15567) to work on /home/mmirnezamina/de_final_project/airflowenv/lib/python3.10/site-packages/airflow/example_dags/example_xcom.py
[2026-08-30T23:23:49.535+0330] {processor.py:914} INFO - Processing file /home/mmirnezamina/de_final_project/airflowenv/lib/python3.10/site-packages/airflow/example_dags/example_xcom.py for tasks to queue
[2026-08-30T23:23:49.537+0330] {logging_mixin.py:190} INFO - [2026-08-30T23:23:49.536+0330] {dagbag.py:588} INFO - Filling up the DagBag from /home/mmirnezamina/de_final_project/airflowenv/lib/python3.10/site-packages/airflow/example_dags/example_xcom.py
[2026-08-30T23:23:49.549+0330] {processor.py:925} INFO - DAG(s) 'example_xcom' retrieved from /home/mmirnezamina/de_final_project/airflowenv/lib/python3.10/site-packages/airflow/example_dags/example_xcom.py
[2026-08-30T23:23:49.631+0330] {logging_mixin.py:190} INFO - [2026-08-30T23:23:49.630+0330] {dag.py:3239} INFO - Sync 1 DAGs
[2026-08-30T23:23:49.663+0330] {logging_mixin.py:190} INFO - [2026-08-30T23:23:49.663+0330] {dag.py:4180} INFO - Setting next_dagrun for example_xcom to 2021-01-01 00:00:00+00:00, run_after=2021-01-01 00:00:00+00:00
[2026-08-30T23:23:49.720+0330] {processor.py:208} INFO - Processing /home/mmirnezamina/de_final_project/airflowenv/lib/python3.10/site-packages/airflow/example_dags/example_xcom.py took 0.198 seconds
[2026-08-30T23:24:20.039+0330] {processor.py:186} INFO - Started process (PID=15687) to work on /home/mmirnezamina/de_final_project/airflowenv/lib/python3.10/site-packages/airflow/example_dags/example_xcom.py
[2026-08-30T23:24:20.041+0330] {processor.py:914} INFO - Processing file /home/mmirnezamina/de_final_project/airflowenv/lib/python3.10/site-packages/airflow/example_dags/example_xcom.py for tasks to queue
[2026-08-30T23:24:20.043+0330] {logging_mixin.py:190} INFO - [2026-08-30T23:24:20.043+0330] {dagbag.py:588} INFO - Filling up the DagBag from /home/mmirnezamina/de_final_project/airflowenv/lib/python3.10/site-packages/airflow/example_dags/example_xcom.py
[2026-08-30T23:24:20.060+0330] {processor.py:925} INFO - DAG(s) 'example_xcom' retrieved from /home/mmirnezamina/de_final_project/airflowenv/lib/python3.10/site-packages/airflow/example_dags/example_xcom.py
[2026-08-30T23:24:20.114+0330] {logging_mixin.py:190} INFO - [2026-08-30T23:24:20.113+0330] {dag.py:3239} INFO - Sync 1 DAGs
[2026-08-30T23:24:20.172+0330] {logging_mixin.py:190} INFO - [2026-08-30T23:24:20.172+0330] {dag.py:4180} INFO - Setting next_dagrun for example_xcom to 2021-01-01 00:00:00+00:00, run_after=2021-01-01 00:00:00+00:00
[2026-08-30T23:24:20.222+0330] {processor.py:208} INFO - Processing /home/mmirnezamina/de_final_project/airflowenv/lib/python3.10/site-packages/airflow/example_dags/example_xcom.py took 0.200 seconds
[2026-08-30T23:24:51.276+0330] {processor.py:186} INFO - Started process (PID=15804) to work on /home/mmirnezamina/de_final_project/airflowenv/lib/python3.10/site-packages/airflow/example_dags/example_xcom.py
[2026-08-30T23:24:51.279+0330] {processor.py:914} INFO - Processing file /home/mmirnezamina/de_final_project/airflowenv/lib/python3.10/site-packages/airflow/example_dags/example_xcom.py for tasks to queue
[2026-08-30T23:24:51.282+0330] {logging_mixin.py:190} INFO - [2026-08-30T23:24:51.281+0330] {dagbag.py:588} INFO - Filling up the DagBag from /home/mmirnezamina/de_final_project/airflowenv/lib/python3.10/site-packages/airflow/example_dags/example_xcom.py
[2026-08-30T23:24:51.316+0330] {processor.py:925} INFO - DAG(s) 'example_xcom' retrieved from /home/mmirnezamina/de_final_project/airflowenv/lib/python3.10/site-packages/airflow/example_dags/example_xcom.py
[2026-08-30T23:24:51.398+0330] {logging_mixin.py:190} INFO - [2026-08-30T23:24:51.397+0330] {dag.py:3239} INFO - Sync 1 DAGs
[2026-08-30T23:24:51.460+0330] {logging_mixin.py:190} INFO - [2026-08-30T23:24:51.459+0330] {dag.py:4180} INFO - Setting next_dagrun for example_xcom to 2021-01-01 00:00:00+00:00, run_after=2021-01-01 00:00:00+00:00
[2026-08-30T23:24:51.507+0330] {processor.py:208} INFO - Processing /home/mmirnezamina/de_final_project/airflowenv/lib/python3.10/site-packages/airflow/example_dags/example_xcom.py took 0.258 seconds
[2026-08-30T23:25:21.666+0330] {processor.py:186} INFO - Started process (PID=15951) to work on /home/mmirnezamina/de_final_project/airflowenv/lib/python3.10/site-packages/airflow/example_dags/example_xcom.py
[2026-08-30T23:25:21.669+0330] {processor.py:914} INFO - Processing file /home/mmirnezamina/de_final_project/airflowenv/lib/python3.10/site-packages/airflow/example_dags/example_xcom.py for tasks to queue
[2026-08-30T23:25:21.674+0330] {logging_mixin.py:190} INFO - [2026-08-30T23:25:21.673+0330] {dagbag.py:588} INFO - Filling up the DagBag from /home/mmirnezamina/de_final_project/airflowenv/lib/python3.10/site-packages/airflow/example_dags/example_xcom.py
[2026-08-30T23:25:21.719+0330] {processor.py:925} INFO - DAG(s) 'example_xcom' retrieved from /home/mmirnezamina/de_final_project/airflowenv/lib/python3.10/site-packages/airflow/example_dags/example_xcom.py
[2026-08-30T23:25:21.841+0330] {logging_mixin.py:190} INFO - [2026-08-30T23:25:21.839+0330] {dag.py:3239} INFO - Sync 1 DAGs
[2026-08-30T23:25:21.962+0330] {logging_mixin.py:190} INFO - [2026-08-30T23:25:21.960+0330] {dag.py:4180} INFO - Setting next_dagrun for example_xcom to 2021-01-01 00:00:00+00:00, run_after=2021-01-01 00:00:00+00:00
[2026-08-30T23:25:22.075+0330] {processor.py:208} INFO - Processing /home/mmirnezamina/de_final_project/airflowenv/lib/python3.10/site-packages/airflow/example_dags/example_xcom.py took 0.439 seconds
[2026-08-30T23:25:52.163+0330] {processor.py:186} INFO - Started process (PID=16083) to work on /home/mmirnezamina/de_final_project/airflowenv/lib/python3.10/site-packages/airflow/example_dags/example_xcom.py
[2026-08-30T23:25:52.165+0330] {processor.py:914} INFO - Processing file /home/mmirnezamina/de_final_project/airflowenv/lib/python3.10/site-packages/airflow/example_dags/example_xcom.py for tasks to queue
[2026-08-30T23:25:52.167+0330] {logging_mixin.py:190} INFO - [2026-08-30T23:25:52.166+0330] {dagbag.py:588} INFO - Filling up the DagBag from /home/mmirnezamina/de_final_project/airflowenv/lib/python3.10/site-packages/airflow/example_dags/example_xcom.py
[2026-08-30T23:25:52.182+0330] {processor.py:925} INFO - DAG(s) 'example_xcom' retrieved from /home/mmirnezamina/de_final_project/airflowenv/lib/python3.10/site-packages/airflow/example_dags/example_xcom.py
[2026-08-30T23:25:52.230+0330] {logging_mixin.py:190} INFO - [2026-08-30T23:25:52.230+0330] {dag.py:3239} INFO - Sync 1 DAGs
[2026-08-30T23:25:52.264+0330] {logging_mixin.py:190} INFO - [2026-08-30T23:25:52.264+0330] {dag.py:4180} INFO - Setting next_dagrun for example_xcom to 2021-01-01 00:00:00+00:00, run_after=2021-01-01 00:00:00+00:00
[2026-08-30T23:25:52.297+0330] {processor.py:208} INFO - Processing /home/mmirnezamina/de_final_project/airflowenv/lib/python3.10/site-packages/airflow/example_dags/example_xcom.py took 0.149 seconds
[2026-08-30T23:26:23.053+0330] {processor.py:186} INFO - Started process (PID=16199) to work on /home/mmirnezamina/de_final_project/airflowenv/lib/python3.10/site-packages/airflow/example_dags/example_xcom.py
[2026-08-30T23:26:23.056+0330] {processor.py:914} INFO - Processing file /home/mmirnezamina/de_final_project/airflowenv/lib/python3.10/site-packages/airflow/example_dags/example_xcom.py for tasks to queue
[2026-08-30T23:26:23.059+0330] {logging_mixin.py:190} INFO - [2026-08-30T23:26:23.058+0330] {dagbag.py:588} INFO - Filling up the DagBag from /home/mmirnezamina/de_final_project/airflowenv/lib/python3.10/site-packages/airflow/example_dags/example_xcom.py
[2026-08-30T23:26:23.088+0330] {processor.py:925} INFO - DAG(s) 'example_xcom' retrieved from /home/mmirnezamina/de_final_project/airflowenv/lib/python3.10/site-packages/airflow/example_dags/example_xcom.py
[2026-08-30T23:26:23.204+0330] {logging_mixin.py:190} INFO - [2026-08-30T23:26:23.203+0330] {dag.py:3239} INFO - Sync 1 DAGs
[2026-08-30T23:26:23.292+0330] {logging_mixin.py:190} INFO - [2026-08-30T23:26:23.291+0330] {dag.py:4180} INFO - Setting next_dagrun for example_xcom to 2021-01-01 00:00:00+00:00, run_after=2021-01-01 00:00:00+00:00
[2026-08-30T23:26:23.358+0330] {processor.py:208} INFO - Processing /home/mmirnezamina/de_final_project/airflowenv/lib/python3.10/site-packages/airflow/example_dags/example_xcom.py took 0.334 seconds
[2026-08-30T23:26:53.647+0330] {processor.py:186} INFO - Started process (PID=16317) to work on /home/mmirnezamina/de_final_project/airflowenv/lib/python3.10/site-packages/airflow/example_dags/example_xcom.py
[2026-08-30T23:26:53.649+0330] {processor.py:914} INFO - Processing file /home/mmirnezamina/de_final_project/airflowenv/lib/python3.10/site-packages/airflow/example_dags/example_xcom.py for tasks to queue
[2026-08-30T23:26:53.653+0330] {logging_mixin.py:190} INFO - [2026-08-30T23:26:53.652+0330] {dagbag.py:588} INFO - Filling up the DagBag from /home/mmirnezamina/de_final_project/airflowenv/lib/python3.10/site-packages/airflow/example_dags/example_xcom.py
[2026-08-30T23:26:53.675+0330] {processor.py:925} INFO - DAG(s) 'example_xcom' retrieved from /home/mmirnezamina/de_final_project/airflowenv/lib/python3.10/site-packages/airflow/example_dags/example_xcom.py
[2026-08-30T23:26:53.731+0330] {logging_mixin.py:190} INFO - [2026-08-30T23:26:53.730+0330] {dag.py:3239} INFO - Sync 1 DAGs
[2026-08-30T23:26:53.771+0330] {logging_mixin.py:190} INFO - [2026-08-30T23:26:53.771+0330] {dag.py:4180} INFO - Setting next_dagrun for example_xcom to 2021-01-01 00:00:00+00:00, run_after=2021-01-01 00:00:00+00:00
[2026-08-30T23:26:53.807+0330] {processor.py:208} INFO - Processing /home/mmirnezamina/de_final_project/airflowenv/lib/python3.10/site-packages/airflow/example_dags/example_xcom.py took 0.180 seconds
[2026-08-30T23:27:46.119+0330] {processor.py:186} INFO - Started process (PID=16458) to work on /home/mmirnezamina/de_final_project/airflowenv/lib/python3.10/site-packages/airflow/example_dags/example_xcom.py
[2026-08-30T23:27:46.121+0330] {processor.py:914} INFO - Processing file /home/mmirnezamina/de_final_project/airflowenv/lib/python3.10/site-packages/airflow/example_dags/example_xcom.py for tasks to queue
[2026-08-30T23:27:46.122+0330] {logging_mixin.py:190} INFO - [2026-08-30T23:27:46.122+0330] {dagbag.py:588} INFO - Filling up the DagBag from /home/mmirnezamina/de_final_project/airflowenv/lib/python3.10/site-packages/airflow/example_dags/example_xcom.py
[2026-08-30T23:27:46.138+0330] {processor.py:925} INFO - DAG(s) 'example_xcom' retrieved from /home/mmirnezamina/de_final_project/airflowenv/lib/python3.10/site-packages/airflow/example_dags/example_xcom.py
[2026-08-30T23:27:46.329+0330] {logging_mixin.py:190} INFO - [2026-08-30T23:27:46.327+0330] {override.py:1930} INFO - Created Permission View: can delete on DAG:example_xcom
[2026-08-30T23:27:46.348+0330] {logging_mixin.py:190} INFO - [2026-08-30T23:27:46.347+0330] {override.py:1930} INFO - Created Permission View: can read on DAG:example_xcom
[2026-08-30T23:27:46.364+0330] {logging_mixin.py:190} INFO - [2026-08-30T23:27:46.364+0330] {override.py:1930} INFO - Created Permission View: can edit on DAG:example_xcom
[2026-08-30T23:27:46.392+0330] {logging_mixin.py:190} INFO - [2026-08-30T23:27:46.392+0330] {override.py:1930} INFO - Created Permission View: can create on DAG Run:example_xcom
[2026-08-30T23:27:46.424+0330] {logging_mixin.py:190} INFO - [2026-08-30T23:27:46.423+0330] {override.py:1930} INFO - Created Permission View: can delete on DAG Run:example_xcom
[2026-08-30T23:27:46.446+0330] {logging_mixin.py:190} INFO - [2026-08-30T23:27:46.445+0330] {override.py:1930} INFO - Created Permission View: can read on DAG Run:example_xcom
[2026-08-30T23:27:46.469+0330] {logging_mixin.py:190} INFO - [2026-08-30T23:27:46.468+0330] {override.py:1930} INFO - Created Permission View: menu access on DAG Run:example_xcom
[2026-08-30T23:27:46.470+0330] {logging_mixin.py:190} INFO - [2026-08-30T23:27:46.469+0330] {dag.py:3239} INFO - Sync 1 DAGs
[2026-08-30T23:27:46.493+0330] {logging_mixin.py:190} INFO - [2026-08-30T23:27:46.493+0330] {dag.py:3262} INFO - Creating ORM DAG for example_xcom
[2026-08-30T23:27:46.515+0330] {logging_mixin.py:190} INFO - [2026-08-30T23:27:46.514+0330] {dag.py:4180} INFO - Setting next_dagrun for example_xcom to 2021-01-01 00:00:00+00:00, run_after=2021-01-01 00:00:00+00:00
[2026-08-30T23:27:46.566+0330] {processor.py:208} INFO - Processing /home/mmirnezamina/de_final_project/airflowenv/lib/python3.10/site-packages/airflow/example_dags/example_xcom.py took 0.461 seconds
