[2026-08-30T23:13:49.437+0330] {processor.py:186} INFO - Started process (PID=13177) to work on /home/mmirnezamina/de_final_project/airflowenv/lib/python3.10/site-packages/airflow/example_dags/example_latest_only_with_trigger.py
[2026-08-30T23:13:49.439+0330] {processor.py:914} INFO - Processing file /home/mmirnezamina/de_final_project/airflowenv/lib/python3.10/site-packages/airflow/example_dags/example_latest_only_with_trigger.py for tasks to queue
[2026-08-30T23:13:49.441+0330] {logging_mixin.py:190} INFO - [2026-08-30T23:13:49.440+0330] {dagbag.py:588} INFO - Filling up the DagBag from /home/mmirnezamina/de_final_project/airflowenv/lib/python3.10/site-packages/airflow/example_dags/example_latest_only_with_trigger.py
[2026-08-30T23:13:49.459+0330] {processor.py:925} INFO - DAG(s) 'latest_only_with_trigger' retrieved from /home/mmirnezamina/de_final_project/airflowenv/lib/python3.10/site-packages/airflow/example_dags/example_latest_only_with_trigger.py
[2026-08-30T23:13:49.753+0330] {logging_mixin.py:190} INFO - [2026-08-30T23:13:49.752+0330] {override.py:1930} INFO - Created Permission View: can edit on DAG:latest_only_with_trigger
[2026-08-30T23:13:49.783+0330] {logging_mixin.py:190} INFO - [2026-08-30T23:13:49.782+0330] {override.py:1930} INFO - Created Permission View: can read on DAG:latest_only_with_trigger
[2026-08-30T23:13:49.808+0330] {logging_mixin.py:190} INFO - [2026-08-30T23:13:49.807+0330] {override.py:1930} INFO - Created Permission View: can delete on DAG:latest_only_with_trigger
[2026-08-30T23:13:49.836+0330] {logging_mixin.py:190} INFO - [2026-08-30T23:13:49.834+0330] {override.py:1930} INFO - Created Permission View: menu access on DAG Run:latest_only_with_trigger
[2026-08-30T23:13:49.862+0330] {logging_mixin.py:190} INFO - [2026-08-30T23:13:49.861+0330] {override.py:1930} INFO - Created Permission View: can create on DAG Run:latest_only_with_trigger
[2026-08-30T23:13:49.885+0330] {logging_mixin.py:190} INFO - [2026-08-30T23:13:49.884+0330] {override.py:1930} INFO - Created Permission View: can read on DAG Run:latest_only_with_trigger
[2026-08-30T23:13:49.911+0330] {logging_mixin.py:190} INFO - [2026-08-30T23:13:49.910+0330] {override.py:1930} INFO - Created Permission View: can delete on DAG Run:latest_only_with_trigger
[2026-08-30T23:13:49.913+0330] {logging_mixin.py:190} INFO - [2026-08-30T23:13:49.912+0330] {dag.py:3239} INFO - Sync 1 DAGs
[2026-08-30T23:13:49.953+0330] {logging_mixin.py:190} INFO - [2026-08-30T23:13:49.953+0330] {dag.py:3262} INFO - Creating ORM DAG for latest_only_with_trigger
[2026-08-30T23:13:50.012+0330] {logging_mixin.py:190} INFO - [2026-08-30T23:13:50.012+0330] {dag.py:4180} INFO - Setting next_dagrun for latest_only_with_trigger to 2026-08-30 12:00:00+00:00, run_after=2026-08-30 16:00:00+00:00
[2026-08-30T23:13:50.074+0330] {processor.py:208} INFO - Processing /home/mmirnezamina/de_final_project/airflowenv/lib/python3.10/site-packages/airflow/example_dags/example_latest_only_with_trigger.py took 0.660 seconds
[2026-08-30T23:14:21.015+0330] {processor.py:186} INFO - Started process (PID=13305) to work on /home/mmirnezamina/de_final_project/airflowenv/lib/python3.10/site-packages/airflow/example_dags/example_latest_only_with_trigger.py
[2026-08-30T23:14:21.017+0330] {processor.py:914} INFO - Processing file /home/mmirnezamina/de_final_project/airflowenv/lib/python3.10/site-packages/airflow/example_dags/example_latest_only_with_trigger.py for tasks to queue
[2026-08-30T23:14:21.019+0330] {logging_mixin.py:190} INFO - [2026-08-30T23:14:21.018+0330] {dagbag.py:588} INFO - Filling up the DagBag from /home/mmirnezamina/de_final_project/airflowenv/lib/python3.10/site-packages/airflow/example_dags/example_latest_only_with_trigger.py
[2026-08-30T23:14:21.035+0330] {processor.py:925} INFO - DAG(s) 'latest_only_with_trigger' retrieved from /home/mmirnezamina/de_final_project/airflowenv/lib/python3.10/site-packages/airflow/example_dags/example_latest_only_with_trigger.py
[2026-08-30T23:14:21.082+0330] {logging_mixin.py:190} INFO - [2026-08-30T23:14:21.082+0330] {dag.py:3239} INFO - Sync 1 DAGs
[2026-08-30T23:14:21.120+0330] {logging_mixin.py:190} INFO - [2026-08-30T23:14:21.119+0330] {dag.py:4180} INFO - Setting next_dagrun for latest_only_with_trigger to 2026-08-30 12:00:00+00:00, run_after=2026-08-30 16:00:00+00:00
[2026-08-30T23:14:21.159+0330] {processor.py:208} INFO - Processing /home/mmirnezamina/de_final_project/airflowenv/lib/python3.10/site-packages/airflow/example_dags/example_latest_only_with_trigger.py took 0.162 seconds
[2026-08-30T23:14:51.869+0330] {processor.py:186} INFO - Started process (PID=13422) to work on /home/mmirnezamina/de_final_project/airflowenv/lib/python3.10/site-packages/airflow/example_dags/example_latest_only_with_trigger.py
[2026-08-30T23:14:51.872+0330] {processor.py:914} INFO - Processing file /home/mmirnezamina/de_final_project/airflowenv/lib/python3.10/site-packages/airflow/example_dags/example_latest_only_with_trigger.py for tasks to queue
[2026-08-30T23:14:51.875+0330] {logging_mixin.py:190} INFO - [2026-08-30T23:14:51.874+0330] {dagbag.py:588} INFO - Filling up the DagBag from /home/mmirnezamina/de_final_project/airflowenv/lib/python3.10/site-packages/airflow/example_dags/example_latest_only_with_trigger.py
[2026-08-30T23:14:51.892+0330] {processor.py:925} INFO - DAG(s) 'latest_only_with_trigger' retrieved from /home/mmirnezamina/de_final_project/airflowenv/lib/python3.10/site-packages/airflow/example_dags/example_latest_only_with_trigger.py
[2026-08-30T23:14:51.938+0330] {logging_mixin.py:190} INFO - [2026-08-30T23:14:51.938+0330] {dag.py:3239} INFO - Sync 1 DAGs
[2026-08-30T23:14:51.976+0330] {logging_mixin.py:190} INFO - [2026-08-30T23:14:51.976+0330] {dag.py:4180} INFO - Setting next_dagrun for latest_only_with_trigger to 2026-08-30 12:00:00+00:00, run_after=2026-08-30 16:00:00+00:00
[2026-08-30T23:14:52.010+0330] {processor.py:208} INFO - Processing /home/mmirnezamina/de_final_project/airflowenv/lib/python3.10/site-packages/airflow/example_dags/example_latest_only_with_trigger.py took 0.162 seconds
[2026-08-30T23:15:22.856+0330] {processor.py:186} INFO - Started process (PID=13543) to work on /home/mmirnezamina/de_final_project/airflowenv/lib/python3.10/site-packages/airflow/example_dags/example_latest_only_with_trigger.py
[2026-08-30T23:15:22.860+0330] {processor.py:914} INFO - Processing file /home/mmirnezamina/de_final_project/airflowenv/lib/python3.10/site-packages/airflow/example_dags/example_latest_only_with_trigger.py for tasks to queue
[2026-08-30T23:15:22.864+0330] {logging_mixin.py:190} INFO - [2026-08-30T23:15:22.863+0330] {dagbag.py:588} INFO - Filling up the DagBag from /home/mmirnezamina/de_final_project/airflowenv/lib/python3.10/site-packages/airflow/example_dags/example_latest_only_with_trigger.py
[2026-08-30T23:15:22.908+0330] {processor.py:925} INFO - DAG(s) 'latest_only_with_trigger' retrieved from /home/mmirnezamina/de_final_project/airflowenv/lib/python3.10/site-packages/airflow/example_dags/example_latest_only_with_trigger.py
[2026-08-30T23:15:23.078+0330] {logging_mixin.py:190} INFO - [2026-08-30T23:15:23.077+0330] {dag.py:3239} INFO - Sync 1 DAGs
[2026-08-30T23:15:23.176+0330] {logging_mixin.py:190} INFO - [2026-08-30T23:15:23.175+0330] {dag.py:4180} INFO - Setting next_dagrun for latest_only_with_trigger to 2026-08-30 12:00:00+00:00, run_after=2026-08-30 16:00:00+00:00
[2026-08-30T23:15:23.252+0330] {processor.py:208} INFO - Processing /home/mmirnezamina/de_final_project/airflowenv/lib/python3.10/site-packages/airflow/example_dags/example_latest_only_with_trigger.py took 0.438 seconds
[2026-08-30T23:15:53.800+0330] {processor.py:186} INFO - Started process (PID=13660) to work on /home/mmirnezamina/de_final_project/airflowenv/lib/python3.10/site-packages/airflow/example_dags/example_latest_only_with_trigger.py
[2026-08-30T23:15:53.802+0330] {processor.py:914} INFO - Processing file /home/mmirnezamina/de_final_project/airflowenv/lib/python3.10/site-packages/airflow/example_dags/example_latest_only_with_trigger.py for tasks to queue
[2026-08-30T23:15:53.804+0330] {logging_mixin.py:190} INFO - [2026-08-30T23:15:53.804+0330] {dagbag.py:588} INFO - Filling up the DagBag from /home/mmirnezamina/de_final_project/airflowenv/lib/python3.10/site-packages/airflow/example_dags/example_latest_only_with_trigger.py
[2026-08-30T23:15:53.818+0330] {processor.py:925} INFO - DAG(s) 'latest_only_with_trigger' retrieved from /home/mmirnezamina/de_final_project/airflowenv/lib/python3.10/site-packages/airflow/example_dags/example_latest_only_with_trigger.py
[2026-08-30T23:15:53.863+0330] {logging_mixin.py:190} INFO - [2026-08-30T23:15:53.862+0330] {dag.py:3239} INFO - Sync 1 DAGs
[2026-08-30T23:15:53.898+0330] {logging_mixin.py:190} INFO - [2026-08-30T23:15:53.898+0330] {dag.py:4180} INFO - Setting next_dagrun for latest_only_with_trigger to 2026-08-30 12:00:00+00:00, run_after=2026-08-30 16:00:00+00:00
[2026-08-30T23:15:53.928+0330] {processor.py:208} INFO - Processing /home/mmirnezamina/de_final_project/airflowenv/lib/python3.10/site-packages/airflow/example_dags/example_latest_only_with_trigger.py took 0.144 seconds
[2026-08-30T23:16:24.410+0330] {processor.py:186} INFO - Started process (PID=13780) to work on /home/mmirnezamina/de_final_project/airflowenv/lib/python3.10/site-packages/airflow/example_dags/example_latest_only_with_trigger.py
[2026-08-30T23:16:24.411+0330] {processor.py:914} INFO - Processing file /home/mmirnezamina/de_final_project/airflowenv/lib/python3.10/site-packages/airflow/example_dags/example_latest_only_with_trigger.py for tasks to queue
[2026-08-30T23:16:24.413+0330] {logging_mixin.py:190} INFO - [2026-08-30T23:16:24.413+0330] {dagbag.py:588} INFO - Filling up the DagBag from /home/mmirnezamina/de_final_project/airflowenv/lib/python3.10/site-packages/airflow/example_dags/example_latest_only_with_trigger.py
[2026-08-30T23:16:24.435+0330] {processor.py:925} INFO - DAG(s) 'latest_only_with_trigger' retrieved from /home/mmirnezamina/de_final_project/airflowenv/lib/python3.10/site-packages/airflow/example_dags/example_latest_only_with_trigger.py
[2026-08-30T23:16:24.491+0330] {logging_mixin.py:190} INFO - [2026-08-30T23:16:24.491+0330] {dag.py:3239} INFO - Sync 1 DAGs
[2026-08-30T23:16:24.548+0330] {logging_mixin.py:190} INFO - [2026-08-30T23:16:24.547+0330] {dag.py:4180} INFO - Setting next_dagrun for latest_only_with_trigger to 2026-08-30 12:00:00+00:00, run_after=2026-08-30 16:00:00+00:00
[2026-08-30T23:16:24.592+0330] {processor.py:208} INFO - Processing /home/mmirnezamina/de_final_project/airflowenv/lib/python3.10/site-packages/airflow/example_dags/example_latest_only_with_trigger.py took 0.197 seconds
[2026-08-30T23:16:54.783+0330] {processor.py:186} INFO - Started process (PID=13929) to work on /home/mmirnezamina/de_final_project/airflowenv/lib/python3.10/site-packages/airflow/example_dags/example_latest_only_with_trigger.py
[2026-08-30T23:16:54.784+0330] {processor.py:914} INFO - Processing file /home/mmirnezamina/de_final_project/airflowenv/lib/python3.10/site-packages/airflow/example_dags/example_latest_only_with_trigger.py for tasks to queue
[2026-08-30T23:16:54.785+0330] {logging_mixin.py:190} INFO - [2026-08-30T23:16:54.785+0330] {dagbag.py:588} INFO - Filling up the DagBag from /home/mmirnezamina/de_final_project/airflowenv/lib/python3.10/site-packages/airflow/example_dags/example_latest_only_with_trigger.py
[2026-08-30T23:16:54.797+0330] {processor.py:925} INFO - DAG(s) 'latest_only_with_trigger' retrieved from /home/mmirnezamina/de_final_project/airflowenv/lib/python3.10/site-packages/airflow/example_dags/example_latest_only_with_trigger.py
[2026-08-30T23:16:54.839+0330] {logging_mixin.py:190} INFO - [2026-08-30T23:16:54.839+0330] {dag.py:3239} INFO - Sync 1 DAGs
[2026-08-30T23:16:54.878+0330] {logging_mixin.py:190} INFO - [2026-08-30T23:16:54.878+0330] {dag.py:4180} INFO - Setting next_dagrun for latest_only_with_trigger to 2026-08-30 12:00:00+00:00, run_after=2026-08-30 16:00:00+00:00
[2026-08-30T23:16:54.916+0330] {processor.py:208} INFO - Processing /home/mmirnezamina/de_final_project/airflowenv/lib/python3.10/site-packages/airflow/example_dags/example_latest_only_with_trigger.py took 0.144 seconds
[2026-08-30T23:17:25.820+0330] {processor.py:186} INFO - Started process (PID=14067) to work on /home/mmirnezamina/de_final_project/airflowenv/lib/python3.10/site-packages/airflow/example_dags/example_latest_only_with_trigger.py
[2026-08-30T23:17:25.822+0330] {processor.py:914} INFO - Processing file /home/mmirnezamina/de_final_project/airflowenv/lib/python3.10/site-packages/airflow/example_dags/example_latest_only_with_trigger.py for tasks to queue
[2026-08-30T23:17:25.824+0330] {logging_mixin.py:190} INFO - [2026-08-30T23:17:25.824+0330] {dagbag.py:588} INFO - Filling up the DagBag from /home/mmirnezamina/de_final_project/airflowenv/lib/python3.10/site-packages/airflow/example_dags/example_latest_only_with_trigger.py
[2026-08-30T23:17:25.853+0330] {processor.py:925} INFO - DAG(s) 'latest_only_with_trigger' retrieved from /home/mmirnezamina/de_final_project/airflowenv/lib/python3.10/site-packages/airflow/example_dags/example_latest_only_with_trigger.py
[2026-08-30T23:17:25.911+0330] {logging_mixin.py:190} INFO - [2026-08-30T23:17:25.911+0330] {dag.py:3239} INFO - Sync 1 DAGs
[2026-08-30T23:17:25.961+0330] {logging_mixin.py:190} INFO - [2026-08-30T23:17:25.961+0330] {dag.py:4180} INFO - Setting next_dagrun for latest_only_with_trigger to 2026-08-30 12:00:00+00:00, run_after=2026-08-30 16:00:00+00:00
[2026-08-30T23:17:26.005+0330] {processor.py:208} INFO - Processing /home/mmirnezamina/de_final_project/airflowenv/lib/python3.10/site-packages/airflow/example_dags/example_latest_only_with_trigger.py took 0.203 seconds
[2026-08-30T23:17:56.705+0330] {processor.py:186} INFO - Started process (PID=14192) to work on /home/mmirnezamina/de_final_project/airflowenv/lib/python3.10/site-packages/airflow/example_dags/example_latest_only_with_trigger.py
[2026-08-30T23:17:56.707+0330] {processor.py:914} INFO - Processing file /home/mmirnezamina/de_final_project/airflowenv/lib/python3.10/site-packages/airflow/example_dags/example_latest_only_with_trigger.py for tasks to queue
[2026-08-30T23:17:56.708+0330] {logging_mixin.py:190} INFO - [2026-08-30T23:17:56.708+0330] {dagbag.py:588} INFO - Filling up the DagBag from /home/mmirnezamina/de_final_project/airflowenv/lib/python3.10/site-packages/airflow/example_dags/example_latest_only_with_trigger.py
[2026-08-30T23:17:56.717+0330] {processor.py:925} INFO - DAG(s) 'latest_only_with_trigger' retrieved from /home/mmirnezamina/de_final_project/airflowenv/lib/python3.10/site-packages/airflow/example_dags/example_latest_only_with_trigger.py
[2026-08-30T23:17:56.753+0330] {logging_mixin.py:190} INFO - [2026-08-30T23:17:56.753+0330] {dag.py:3239} INFO - Sync 1 DAGs
[2026-08-30T23:17:56.782+0330] {logging_mixin.py:190} INFO - [2026-08-30T23:17:56.782+0330] {dag.py:4180} INFO - Setting next_dagrun for latest_only_with_trigger to 2026-08-30 12:00:00+00:00, run_after=2026-08-30 16:00:00+00:00
[2026-08-30T23:17:56.815+0330] {processor.py:208} INFO - Processing /home/mmirnezamina/de_final_project/airflowenv/lib/python3.10/site-packages/airflow/example_dags/example_latest_only_with_trigger.py took 0.123 seconds
[2026-08-30T23:18:27.152+0330] {processor.py:186} INFO - Started process (PID=14310) to work on /home/mmirnezamina/de_final_project/airflowenv/lib/python3.10/site-packages/airflow/example_dags/example_latest_only_with_trigger.py
[2026-08-30T23:18:27.153+0330] {processor.py:914} INFO - Processing file /home/mmirnezamina/de_final_project/airflowenv/lib/python3.10/site-packages/airflow/example_dags/example_latest_only_with_trigger.py for tasks to queue
[2026-08-30T23:18:27.154+0330] {logging_mixin.py:190} INFO - [2026-08-30T23:18:27.154+0330] {dagbag.py:588} INFO - Filling up the DagBag from /home/mmirnezamina/de_final_project/airflowenv/lib/python3.10/site-packages/airflow/example_dags/example_latest_only_with_trigger.py
[2026-08-30T23:18:27.165+0330] {processor.py:925} INFO - DAG(s) 'latest_only_with_trigger' retrieved from /home/mmirnezamina/de_final_project/airflowenv/lib/python3.10/site-packages/airflow/example_dags/example_latest_only_with_trigger.py
[2026-08-30T23:18:27.205+0330] {logging_mixin.py:190} INFO - [2026-08-30T23:18:27.205+0330] {dag.py:3239} INFO - Sync 1 DAGs
[2026-08-30T23:18:27.241+0330] {logging_mixin.py:190} INFO - [2026-08-30T23:18:27.241+0330] {dag.py:4180} INFO - Setting next_dagrun for latest_only_with_trigger to 2026-08-30 12:00:00+00:00, run_after=2026-08-30 16:00:00+00:00
[2026-08-30T23:18:27.277+0330] {processor.py:208} INFO - Processing /home/mmirnezamina/de_final_project/airflowenv/lib/python3.10/site-packages/airflow/example_dags/example_latest_only_with_trigger.py took 0.136 seconds
[2026-08-30T23:18:57.704+0330] {processor.py:186} INFO - Started process (PID=14427) to work on /home/mmirnezamina/de_final_project/airflowenv/lib/python3.10/site-packages/airflow/example_dags/example_latest_only_with_trigger.py
[2026-08-30T23:18:57.705+0330] {processor.py:914} INFO - Processing file /home/mmirnezamina/de_final_project/airflowenv/lib/python3.10/site-packages/airflow/example_dags/example_latest_only_with_trigger.py for tasks to queue
[2026-08-30T23:18:57.706+0330] {logging_mixin.py:190} INFO - [2026-08-30T23:18:57.706+0330] {dagbag.py:588} INFO - Filling up the DagBag from /home/mmirnezamina/de_final_project/airflowenv/lib/python3.10/site-packages/airflow/example_dags/example_latest_only_with_trigger.py
[2026-08-30T23:18:57.713+0330] {processor.py:925} INFO - DAG(s) 'latest_only_with_trigger' retrieved from /home/mmirnezamina/de_final_project/airflowenv/lib/python3.10/site-packages/airflow/example_dags/example_latest_only_with_trigger.py
[2026-08-30T23:18:57.745+0330] {logging_mixin.py:190} INFO - [2026-08-30T23:18:57.744+0330] {dag.py:3239} INFO - Sync 1 DAGs
[2026-08-30T23:18:57.771+0330] {logging_mixin.py:190} INFO - [2026-08-30T23:18:57.771+0330] {dag.py:4180} INFO - Setting next_dagrun for latest_only_with_trigger to 2026-08-30 12:00:00+00:00, run_after=2026-08-30 16:00:00+00:00
[2026-08-30T23:18:57.798+0330] {processor.py:208} INFO - Processing /home/mmirnezamina/de_final_project/airflowenv/lib/python3.10/site-packages/airflow/example_dags/example_latest_only_with_trigger.py took 0.102 seconds
[2026-08-30T23:19:28.189+0330] {processor.py:186} INFO - Started process (PID=14547) to work on /home/mmirnezamina/de_final_project/airflowenv/lib/python3.10/site-packages/airflow/example_dags/example_latest_only_with_trigger.py
[2026-08-30T23:19:28.190+0330] {processor.py:914} INFO - Processing file /home/mmirnezamina/de_final_project/airflowenv/lib/python3.10/site-packages/airflow/example_dags/example_latest_only_with_trigger.py for tasks to queue
[2026-08-30T23:19:28.191+0330] {logging_mixin.py:190} INFO - [2026-08-30T23:19:28.191+0330] {dagbag.py:588} INFO - Filling up the DagBag from /home/mmirnezamina/de_final_project/airflowenv/lib/python3.10/site-packages/airflow/example_dags/example_latest_only_with_trigger.py
[2026-08-30T23:19:28.198+0330] {processor.py:925} INFO - DAG(s) 'latest_only_with_trigger' retrieved from /home/mmirnezamina/de_final_project/airflowenv/lib/python3.10/site-packages/airflow/example_dags/example_latest_only_with_trigger.py
[2026-08-30T23:19:28.231+0330] {logging_mixin.py:190} INFO - [2026-08-30T23:19:28.231+0330] {dag.py:3239} INFO - Sync 1 DAGs
[2026-08-30T23:19:28.258+0330] {logging_mixin.py:190} INFO - [2026-08-30T23:19:28.257+0330] {dag.py:4180} INFO - Setting next_dagrun for latest_only_with_trigger to 2026-08-30 12:00:00+00:00, run_after=2026-08-30 16:00:00+00:00
[2026-08-30T23:19:28.282+0330] {processor.py:208} INFO - Processing /home/mmirnezamina/de_final_project/airflowenv/lib/python3.10/site-packages/airflow/example_dags/example_latest_only_with_trigger.py took 0.101 seconds
[2026-08-30T23:19:58.741+0330] {processor.py:186} INFO - Started process (PID=14666) to work on /home/mmirnezamina/de_final_project/airflowenv/lib/python3.10/site-packages/airflow/example_dags/example_latest_only_with_trigger.py
[2026-08-30T23:19:58.742+0330] {processor.py:914} INFO - Processing file /home/mmirnezamina/de_final_project/airflowenv/lib/python3.10/site-packages/airflow/example_dags/example_latest_only_with_trigger.py for tasks to queue
[2026-08-30T23:19:58.744+0330] {logging_mixin.py:190} INFO - [2026-08-30T23:19:58.743+0330] {dagbag.py:588} INFO - Filling up the DagBag from /home/mmirnezamina/de_final_project/airflowenv/lib/python3.10/site-packages/airflow/example_dags/example_latest_only_with_trigger.py
[2026-08-30T23:19:58.754+0330] {processor.py:925} INFO - DAG(s) 'latest_only_with_trigger' retrieved from /home/mmirnezamina/de_final_project/airflowenv/lib/python3.10/site-packages/airflow/example_dags/example_latest_only_with_trigger.py
[2026-08-30T23:19:58.793+0330] {logging_mixin.py:190} INFO - [2026-08-30T23:19:58.793+0330] {dag.py:3239} INFO - Sync 1 DAGs
[2026-08-30T23:19:58.828+0330] {logging_mixin.py:190} INFO - [2026-08-30T23:19:58.828+0330] {dag.py:4180} INFO - Setting next_dagrun for latest_only_with_trigger to 2026-08-30 12:00:00+00:00, run_after=2026-08-30 16:00:00+00:00
[2026-08-30T23:19:58.860+0330] {processor.py:208} INFO - Processing /home/mmirnezamina/de_final_project/airflowenv/lib/python3.10/site-packages/airflow/example_dags/example_latest_only_with_trigger.py took 0.130 seconds
[2026-08-30T23:20:29.377+0330] {processor.py:186} INFO - Started process (PID=14788) to work on /home/mmirnezamina/de_final_project/airflowenv/lib/python3.10/site-packages/airflow/example_dags/example_latest_only_with_trigger.py
[2026-08-30T23:20:29.379+0330] {processor.py:914} INFO - Processing file /home/mmirnezamina/de_final_project/airflowenv/lib/python3.10/site-packages/airflow/example_dags/example_latest_only_with_trigger.py for tasks to queue
[2026-08-30T23:20:29.381+0330] {logging_mixin.py:190} INFO - [2026-08-30T23:20:29.380+0330] {dagbag.py:588} INFO - Filling up the DagBag from /home/mmirnezamina/de_final_project/airflowenv/lib/python3.10/site-packages/airflow/example_dags/example_latest_only_with_trigger.py
[2026-08-30T23:20:29.389+0330] {processor.py:925} INFO - DAG(s) 'latest_only_with_trigger' retrieved from /home/mmirnezamina/de_final_project/airflowenv/lib/python3.10/site-packages/airflow/example_dags/example_latest_only_with_trigger.py
[2026-08-30T23:20:29.415+0330] {logging_mixin.py:190} INFO - [2026-08-30T23:20:29.414+0330] {dag.py:3239} INFO - Sync 1 DAGs
[2026-08-30T23:20:29.433+0330] {logging_mixin.py:190} INFO - [2026-08-30T23:20:29.433+0330] {dag.py:4180} INFO - Setting next_dagrun for latest_only_with_trigger to 2026-08-30 12:00:00+00:00, run_after=2026-08-30 16:00:00+00:00
[2026-08-30T23:20:29.456+0330] {processor.py:208} INFO - Processing /home/mmirnezamina/de_final_project/airflowenv/lib/python3.10/site-packages/airflow/example_dags/example_latest_only_with_trigger.py took 0.086 seconds
[2026-08-30T23:20:59.725+0330] {processor.py:186} INFO - Started process (PID=14907) to work on /home/mmirnezamina/de_final_project/airflowenv/lib/python3.10/site-packages/airflow/example_dags/example_latest_only_with_trigger.py
[2026-08-30T23:20:59.726+0330] {processor.py:914} INFO - Processing file /home/mmirnezamina/de_final_project/airflowenv/lib/python3.10/site-packages/airflow/example_dags/example_latest_only_with_trigger.py for tasks to queue
[2026-08-30T23:20:59.727+0330] {logging_mixin.py:190} INFO - [2026-08-30T23:20:59.727+0330] {dagbag.py:588} INFO - Filling up the DagBag from /home/mmirnezamina/de_final_project/airflowenv/lib/python3.10/site-packages/airflow/example_dags/example_latest_only_with_trigger.py
[2026-08-30T23:20:59.738+0330] {processor.py:925} INFO - DAG(s) 'latest_only_with_trigger' retrieved from /home/mmirnezamina/de_final_project/airflowenv/lib/python3.10/site-packages/airflow/example_dags/example_latest_only_with_trigger.py
[2026-08-30T23:20:59.771+0330] {logging_mixin.py:190} INFO - [2026-08-30T23:20:59.770+0330] {dag.py:3239} INFO - Sync 1 DAGs
[2026-08-30T23:20:59.798+0330] {logging_mixin.py:190} INFO - [2026-08-30T23:20:59.798+0330] {dag.py:4180} INFO - Setting next_dagrun for latest_only_with_trigger to 2026-08-30 12:00:00+00:00, run_after=2026-08-30 16:00:00+00:00
[2026-08-30T23:20:59.821+0330] {processor.py:208} INFO - Processing /home/mmirnezamina/de_final_project/airflowenv/lib/python3.10/site-packages/airflow/example_dags/example_latest_only_with_trigger.py took 0.105 seconds
[2026-08-30T23:21:30.433+0330] {processor.py:186} INFO - Started process (PID=15025) to work on /home/mmirnezamina/de_final_project/airflowenv/lib/python3.10/site-packages/airflow/example_dags/example_latest_only_with_trigger.py
[2026-08-30T23:21:30.434+0330] {processor.py:914} INFO - Processing file /home/mmirnezamina/de_final_project/airflowenv/lib/python3.10/site-packages/airflow/example_dags/example_latest_only_with_trigger.py for tasks to queue
[2026-08-30T23:21:30.436+0330] {logging_mixin.py:190} INFO - [2026-08-30T23:21:30.435+0330] {dagbag.py:588} INFO - Filling up the DagBag from /home/mmirnezamina/de_final_project/airflowenv/lib/python3.10/site-packages/airflow/example_dags/example_latest_only_with_trigger.py
[2026-08-30T23:21:30.444+0330] {processor.py:925} INFO - DAG(s) 'latest_only_with_trigger' retrieved from /home/mmirnezamina/de_final_project/airflowenv/lib/python3.10/site-packages/airflow/example_dags/example_latest_only_with_trigger.py
[2026-08-30T23:21:30.475+0330] {logging_mixin.py:190} INFO - [2026-08-30T23:21:30.475+0330] {dag.py:3239} INFO - Sync 1 DAGs
[2026-08-30T23:21:30.504+0330] {logging_mixin.py:190} INFO - [2026-08-30T23:21:30.504+0330] {dag.py:4180} INFO - Setting next_dagrun for latest_only_with_trigger to 2026-08-30 12:00:00+00:00, run_after=2026-08-30 16:00:00+00:00
[2026-08-30T23:21:30.536+0330] {processor.py:208} INFO - Processing /home/mmirnezamina/de_final_project/airflowenv/lib/python3.10/site-packages/airflow/example_dags/example_latest_only_with_trigger.py took 0.112 seconds
[2026-08-30T23:22:00.624+0330] {processor.py:186} INFO - Started process (PID=15146) to work on /home/mmirnezamina/de_final_project/airflowenv/lib/python3.10/site-packages/airflow/example_dags/example_latest_only_with_trigger.py
[2026-08-30T23:22:00.625+0330] {processor.py:914} INFO - Processing file /home/mmirnezamina/de_final_project/airflowenv/lib/python3.10/site-packages/airflow/example_dags/example_latest_only_with_trigger.py for tasks to queue
[2026-08-30T23:22:00.626+0330] {logging_mixin.py:190} INFO - [2026-08-30T23:22:00.626+0330] {dagbag.py:588} INFO - Filling up the DagBag from /home/mmirnezamina/de_final_project/airflowenv/lib/python3.10/site-packages/airflow/example_dags/example_latest_only_with_trigger.py
[2026-08-30T23:22:00.633+0330] {processor.py:925} INFO - DAG(s) 'latest_only_with_trigger' retrieved from /home/mmirnezamina/de_final_project/airflowenv/lib/python3.10/site-packages/airflow/example_dags/example_latest_only_with_trigger.py
[2026-08-30T23:22:00.659+0330] {logging_mixin.py:190} INFO - [2026-08-30T23:22:00.659+0330] {dag.py:3239} INFO - Sync 1 DAGs
[2026-08-30T23:22:00.680+0330] {logging_mixin.py:190} INFO - [2026-08-30T23:22:00.679+0330] {dag.py:4180} INFO - Setting next_dagrun for latest_only_with_trigger to 2026-08-30 12:00:00+00:00, run_after=2026-08-30 16:00:00+00:00
[2026-08-30T23:22:00.700+0330] {processor.py:208} INFO - Processing /home/mmirnezamina/de_final_project/airflowenv/lib/python3.10/site-packages/airflow/example_dags/example_latest_only_with_trigger.py took 0.083 seconds
[2026-08-30T23:22:31.202+0330] {processor.py:186} INFO - Started process (PID=15263) to work on /home/mmirnezamina/de_final_project/airflowenv/lib/python3.10/site-packages/airflow/example_dags/example_latest_only_with_trigger.py
[2026-08-30T23:22:31.204+0330] {processor.py:914} INFO - Processing file /home/mmirnezamina/de_final_project/airflowenv/lib/python3.10/site-packages/airflow/example_dags/example_latest_only_with_trigger.py for tasks to queue
[2026-08-30T23:22:31.206+0330] {logging_mixin.py:190} INFO - [2026-08-30T23:22:31.205+0330] {dagbag.py:588} INFO - Filling up the DagBag from /home/mmirnezamina/de_final_project/airflowenv/lib/python3.10/site-packages/airflow/example_dags/example_latest_only_with_trigger.py
[2026-08-30T23:22:31.216+0330] {processor.py:925} INFO - DAG(s) 'latest_only_with_trigger' retrieved from /home/mmirnezamina/de_final_project/airflowenv/lib/python3.10/site-packages/airflow/example_dags/example_latest_only_with_trigger.py
[2026-08-30T23:22:31.244+0330] {logging_mixin.py:190} INFO - [2026-08-30T23:22:31.244+0330] {dag.py:3239} INFO - Sync 1 DAGs
[2026-08-30T23:22:31.267+0330] {logging_mixin.py:190} INFO - [2026-08-30T23:22:31.266+0330] {dag.py:4180} INFO - Setting next_dagrun for latest_only_with_trigger to 2026-08-30 12:00:00+00:00, run_after=2026-08-30 16:00:00+00:00
[2026-08-30T23:22:31.290+0330] {processor.py:208} INFO - Processing /home/mmirnezamina/de_final_project/airflowenv/lib/python3.10/site-packages/airflow/example_dags/example_latest_only_with_trigger.py took 0.100 seconds
[2026-08-30T23:23:01.507+0330] {processor.py:186} INFO - Started process (PID=15382) to work on /home/mmirnezamina/de_final_project/airflowenv/lib/python3.10/site-packages/airflow/example_dags/example_latest_only_with_trigger.py
[2026-08-30T23:23:01.508+0330] {processor.py:914} INFO - Processing file /home/mmirnezamina/de_final_project/airflowenv/lib/python3.10/site-packages/airflow/example_dags/example_latest_only_with_trigger.py for tasks to queue
[2026-08-30T23:23:01.511+0330] {logging_mixin.py:190} INFO - [2026-08-30T23:23:01.510+0330] {dagbag.py:588} INFO - Filling up the DagBag from /home/mmirnezamina/de_final_project/airflowenv/lib/python3.10/site-packages/airflow/example_dags/example_latest_only_with_trigger.py
[2026-08-30T23:23:01.523+0330] {processor.py:925} INFO - DAG(s) 'latest_only_with_trigger' retrieved from /home/mmirnezamina/de_final_project/airflowenv/lib/python3.10/site-packages/airflow/example_dags/example_latest_only_with_trigger.py
[2026-08-30T23:23:01.563+0330] {logging_mixin.py:190} INFO - [2026-08-30T23:23:01.562+0330] {dag.py:3239} INFO - Sync 1 DAGs
[2026-08-30T23:23:01.597+0330] {logging_mixin.py:190} INFO - [2026-08-30T23:23:01.597+0330] {dag.py:4180} INFO - Setting next_dagrun for latest_only_with_trigger to 2026-08-30 12:00:00+00:00, run_after=2026-08-30 16:00:00+00:00
[2026-08-30T23:23:01.629+0330] {processor.py:208} INFO - Processing /home/mmirnezamina/de_final_project/airflowenv/lib/python3.10/site-packages/airflow/example_dags/example_latest_only_with_trigger.py took 0.133 seconds
[2026-08-30T23:23:31.973+0330] {processor.py:186} INFO - Started process (PID=15500) to work on /home/mmirnezamina/de_final_project/airflowenv/lib/python3.10/site-packages/airflow/example_dags/example_latest_only_with_trigger.py
[2026-08-30T23:23:31.974+0330] {processor.py:914} INFO - Processing file /home/mmirnezamina/de_final_project/airflowenv/lib/python3.10/site-packages/airflow/example_dags/example_latest_only_with_trigger.py for tasks to queue
[2026-08-30T23:23:31.975+0330] {logging_mixin.py:190} INFO - [2026-08-30T23:23:31.975+0330] {dagbag.py:588} INFO - Filling up the DagBag from /home/mmirnezamina/de_final_project/airflowenv/lib/python3.10/site-packages/airflow/example_dags/example_latest_only_with_trigger.py
[2026-08-30T23:23:31.986+0330] {processor.py:925} INFO - DAG(s) 'latest_only_with_trigger' retrieved from /home/mmirnezamina/de_final_project/airflowenv/lib/python3.10/site-packages/airflow/example_dags/example_latest_only_with_trigger.py
[2026-08-30T23:23:32.027+0330] {logging_mixin.py:190} INFO - [2026-08-30T23:23:32.026+0330] {dag.py:3239} INFO - Sync 1 DAGs
[2026-08-30T23:23:32.057+0330] {logging_mixin.py:190} INFO - [2026-08-30T23:23:32.057+0330] {dag.py:4180} INFO - Setting next_dagrun for latest_only_with_trigger to 2026-08-30 12:00:00+00:00, run_after=2026-08-30 16:00:00+00:00
[2026-08-30T23:23:32.092+0330] {processor.py:208} INFO - Processing /home/mmirnezamina/de_final_project/airflowenv/lib/python3.10/site-packages/airflow/example_dags/example_latest_only_with_trigger.py took 0.130 seconds
[2026-08-30T23:24:02.120+0330] {processor.py:186} INFO - Started process (PID=15619) to work on /home/mmirnezamina/de_final_project/airflowenv/lib/python3.10/site-packages/airflow/example_dags/example_latest_only_with_trigger.py
[2026-08-30T23:24:02.122+0330] {processor.py:914} INFO - Processing file /home/mmirnezamina/de_final_project/airflowenv/lib/python3.10/site-packages/airflow/example_dags/example_latest_only_with_trigger.py for tasks to queue
[2026-08-30T23:24:02.123+0330] {logging_mixin.py:190} INFO - [2026-08-30T23:24:02.123+0330] {dagbag.py:588} INFO - Filling up the DagBag from /home/mmirnezamina/de_final_project/airflowenv/lib/python3.10/site-packages/airflow/example_dags/example_latest_only_with_trigger.py
[2026-08-30T23:24:02.134+0330] {processor.py:925} INFO - DAG(s) 'latest_only_with_trigger' retrieved from /home/mmirnezamina/de_final_project/airflowenv/lib/python3.10/site-packages/airflow/example_dags/example_latest_only_with_trigger.py
[2026-08-30T23:24:02.175+0330] {logging_mixin.py:190} INFO - [2026-08-30T23:24:02.175+0330] {dag.py:3239} INFO - Sync 1 DAGs
[2026-08-30T23:24:02.207+0330] {logging_mixin.py:190} INFO - [2026-08-30T23:24:02.207+0330] {dag.py:4180} INFO - Setting next_dagrun for latest_only_with_trigger to 2026-08-30 12:00:00+00:00, run_after=2026-08-30 16:00:00+00:00
[2026-08-30T23:24:02.236+0330] {processor.py:208} INFO - Processing /home/mmirnezamina/de_final_project/airflowenv/lib/python3.10/site-packages/airflow/example_dags/example_latest_only_with_trigger.py took 0.124 seconds
[2026-08-30T23:24:32.408+0330] {processor.py:186} INFO - Started process (PID=15737) to work on /home/mmirnezamina/de_final_project/airflowenv/lib/python3.10/site-packages/airflow/example_dags/example_latest_only_with_trigger.py
[2026-08-30T23:24:32.409+0330] {processor.py:914} INFO - Processing file /home/mmirnezamina/de_final_project/airflowenv/lib/python3.10/site-packages/airflow/example_dags/example_latest_only_with_trigger.py for tasks to queue
[2026-08-30T23:24:32.410+0330] {logging_mixin.py:190} INFO - [2026-08-30T23:24:32.410+0330] {dagbag.py:588} INFO - Filling up the DagBag from /home/mmirnezamina/de_final_project/airflowenv/lib/python3.10/site-packages/airflow/example_dags/example_latest_only_with_trigger.py
[2026-08-30T23:24:32.421+0330] {processor.py:925} INFO - DAG(s) 'latest_only_with_trigger' retrieved from /home/mmirnezamina/de_final_project/airflowenv/lib/python3.10/site-packages/airflow/example_dags/example_latest_only_with_trigger.py
[2026-08-30T23:24:32.452+0330] {logging_mixin.py:190} INFO - [2026-08-30T23:24:32.452+0330] {dag.py:3239} INFO - Sync 1 DAGs
[2026-08-30T23:24:32.479+0330] {logging_mixin.py:190} INFO - [2026-08-30T23:24:32.479+0330] {dag.py:4180} INFO - Setting next_dagrun for latest_only_with_trigger to 2026-08-30 12:00:00+00:00, run_after=2026-08-30 16:00:00+00:00
[2026-08-30T23:24:32.505+0330] {processor.py:208} INFO - Processing /home/mmirnezamina/de_final_project/airflowenv/lib/python3.10/site-packages/airflow/example_dags/example_latest_only_with_trigger.py took 0.109 seconds
[2026-08-30T23:25:02.770+0330] {processor.py:186} INFO - Started process (PID=15875) to work on /home/mmirnezamina/de_final_project/airflowenv/lib/python3.10/site-packages/airflow/example_dags/example_latest_only_with_trigger.py
[2026-08-30T23:25:02.772+0330] {processor.py:914} INFO - Processing file /home/mmirnezamina/de_final_project/airflowenv/lib/python3.10/site-packages/airflow/example_dags/example_latest_only_with_trigger.py for tasks to queue
[2026-08-30T23:25:02.773+0330] {logging_mixin.py:190} INFO - [2026-08-30T23:25:02.773+0330] {dagbag.py:588} INFO - Filling up the DagBag from /home/mmirnezamina/de_final_project/airflowenv/lib/python3.10/site-packages/airflow/example_dags/example_latest_only_with_trigger.py
[2026-08-30T23:25:02.786+0330] {processor.py:925} INFO - DAG(s) 'latest_only_with_trigger' retrieved from /home/mmirnezamina/de_final_project/airflowenv/lib/python3.10/site-packages/airflow/example_dags/example_latest_only_with_trigger.py
[2026-08-30T23:25:02.832+0330] {logging_mixin.py:190} INFO - [2026-08-30T23:25:02.832+0330] {dag.py:3239} INFO - Sync 1 DAGs
[2026-08-30T23:25:02.866+0330] {logging_mixin.py:190} INFO - [2026-08-30T23:25:02.866+0330] {dag.py:4180} INFO - Setting next_dagrun for latest_only_with_trigger to 2026-08-30 12:00:00+00:00, run_after=2026-08-30 16:00:00+00:00
[2026-08-30T23:25:02.896+0330] {processor.py:208} INFO - Processing /home/mmirnezamina/de_final_project/airflowenv/lib/python3.10/site-packages/airflow/example_dags/example_latest_only_with_trigger.py took 0.154 seconds
[2026-08-30T23:25:33.237+0330] {processor.py:186} INFO - Started process (PID=16013) to work on /home/mmirnezamina/de_final_project/airflowenv/lib/python3.10/site-packages/airflow/example_dags/example_latest_only_with_trigger.py
[2026-08-30T23:25:33.238+0330] {processor.py:914} INFO - Processing file /home/mmirnezamina/de_final_project/airflowenv/lib/python3.10/site-packages/airflow/example_dags/example_latest_only_with_trigger.py for tasks to queue
[2026-08-30T23:25:33.239+0330] {logging_mixin.py:190} INFO - [2026-08-30T23:25:33.239+0330] {dagbag.py:588} INFO - Filling up the DagBag from /home/mmirnezamina/de_final_project/airflowenv/lib/python3.10/site-packages/airflow/example_dags/example_latest_only_with_trigger.py
[2026-08-30T23:25:33.251+0330] {processor.py:925} INFO - DAG(s) 'latest_only_with_trigger' retrieved from /home/mmirnezamina/de_final_project/airflowenv/lib/python3.10/site-packages/airflow/example_dags/example_latest_only_with_trigger.py
[2026-08-30T23:25:33.287+0330] {logging_mixin.py:190} INFO - [2026-08-30T23:25:33.287+0330] {dag.py:3239} INFO - Sync 1 DAGs
[2026-08-30T23:25:33.319+0330] {logging_mixin.py:190} INFO - [2026-08-30T23:25:33.318+0330] {dag.py:4180} INFO - Setting next_dagrun for latest_only_with_trigger to 2026-08-30 12:00:00+00:00, run_after=2026-08-30 16:00:00+00:00
[2026-08-30T23:25:33.351+0330] {processor.py:208} INFO - Processing /home/mmirnezamina/de_final_project/airflowenv/lib/python3.10/site-packages/airflow/example_dags/example_latest_only_with_trigger.py took 0.124 seconds
[2026-08-30T23:26:03.685+0330] {processor.py:186} INFO - Started process (PID=16139) to work on /home/mmirnezamina/de_final_project/airflowenv/lib/python3.10/site-packages/airflow/example_dags/example_latest_only_with_trigger.py
[2026-08-30T23:26:03.686+0330] {processor.py:914} INFO - Processing file /home/mmirnezamina/de_final_project/airflowenv/lib/python3.10/site-packages/airflow/example_dags/example_latest_only_with_trigger.py for tasks to queue
[2026-08-30T23:26:03.687+0330] {logging_mixin.py:190} INFO - [2026-08-30T23:26:03.687+0330] {dagbag.py:588} INFO - Filling up the DagBag from /home/mmirnezamina/de_final_project/airflowenv/lib/python3.10/site-packages/airflow/example_dags/example_latest_only_with_trigger.py
[2026-08-30T23:26:03.694+0330] {processor.py:925} INFO - DAG(s) 'latest_only_with_trigger' retrieved from /home/mmirnezamina/de_final_project/airflowenv/lib/python3.10/site-packages/airflow/example_dags/example_latest_only_with_trigger.py
[2026-08-30T23:26:03.721+0330] {logging_mixin.py:190} INFO - [2026-08-30T23:26:03.721+0330] {dag.py:3239} INFO - Sync 1 DAGs
[2026-08-30T23:26:03.744+0330] {logging_mixin.py:190} INFO - [2026-08-30T23:26:03.744+0330] {dag.py:4180} INFO - Setting next_dagrun for latest_only_with_trigger to 2026-08-30 12:00:00+00:00, run_after=2026-08-30 16:00:00+00:00
[2026-08-30T23:26:03.770+0330] {processor.py:208} INFO - Processing /home/mmirnezamina/de_final_project/airflowenv/lib/python3.10/site-packages/airflow/example_dags/example_latest_only_with_trigger.py took 0.093 seconds
[2026-08-30T23:26:34.046+0330] {processor.py:186} INFO - Started process (PID=16256) to work on /home/mmirnezamina/de_final_project/airflowenv/lib/python3.10/site-packages/airflow/example_dags/example_latest_only_with_trigger.py
[2026-08-30T23:26:34.047+0330] {processor.py:914} INFO - Processing file /home/mmirnezamina/de_final_project/airflowenv/lib/python3.10/site-packages/airflow/example_dags/example_latest_only_with_trigger.py for tasks to queue
[2026-08-30T23:26:34.048+0330] {logging_mixin.py:190} INFO - [2026-08-30T23:26:34.048+0330] {dagbag.py:588} INFO - Filling up the DagBag from /home/mmirnezamina/de_final_project/airflowenv/lib/python3.10/site-packages/airflow/example_dags/example_latest_only_with_trigger.py
[2026-08-30T23:26:34.055+0330] {processor.py:925} INFO - DAG(s) 'latest_only_with_trigger' retrieved from /home/mmirnezamina/de_final_project/airflowenv/lib/python3.10/site-packages/airflow/example_dags/example_latest_only_with_trigger.py
[2026-08-30T23:26:34.084+0330] {logging_mixin.py:190} INFO - [2026-08-30T23:26:34.084+0330] {dag.py:3239} INFO - Sync 1 DAGs
[2026-08-30T23:26:34.108+0330] {logging_mixin.py:190} INFO - [2026-08-30T23:26:34.108+0330] {dag.py:4180} INFO - Setting next_dagrun for latest_only_with_trigger to 2026-08-30 12:00:00+00:00, run_after=2026-08-30 16:00:00+00:00
[2026-08-30T23:26:34.132+0330] {processor.py:208} INFO - Processing /home/mmirnezamina/de_final_project/airflowenv/lib/python3.10/site-packages/airflow/example_dags/example_latest_only_with_trigger.py took 0.094 seconds
[2026-08-30T23:28:20.990+0330] {processor.py:186} INFO - Started process (PID=16490) to work on /home/mmirnezamina/de_final_project/airflowenv/lib/python3.10/site-packages/airflow/example_dags/example_latest_only_with_trigger.py
[2026-08-30T23:28:20.991+0330] {processor.py:914} INFO - Processing file /home/mmirnezamina/de_final_project/airflowenv/lib/python3.10/site-packages/airflow/example_dags/example_latest_only_with_trigger.py for tasks to queue
[2026-08-30T23:28:20.992+0330] {logging_mixin.py:190} INFO - [2026-08-30T23:28:20.992+0330] {dagbag.py:588} INFO - Filling up the DagBag from /home/mmirnezamina/de_final_project/airflowenv/lib/python3.10/site-packages/airflow/example_dags/example_latest_only_with_trigger.py
[2026-08-30T23:28:21.001+0330] {processor.py:925} INFO - DAG(s) 'latest_only_with_trigger' retrieved from /home/mmirnezamina/de_final_project/airflowenv/lib/python3.10/site-packages/airflow/example_dags/example_latest_only_with_trigger.py
[2026-08-30T23:28:21.125+0330] {logging_mixin.py:190} INFO - [2026-08-30T23:28:21.124+0330] {override.py:1930} INFO - Created Permission View: can delete on DAG:latest_only_with_trigger
[2026-08-30T23:28:21.142+0330] {logging_mixin.py:190} INFO - [2026-08-30T23:28:21.142+0330] {override.py:1930} INFO - Created Permission View: can read on DAG:latest_only_with_trigger
[2026-08-30T23:28:21.157+0330] {logging_mixin.py:190} INFO - [2026-08-30T23:28:21.157+0330] {override.py:1930} INFO - Created Permission View: can edit on DAG:latest_only_with_trigger
[2026-08-30T23:28:21.187+0330] {logging_mixin.py:190} INFO - [2026-08-30T23:28:21.186+0330] {override.py:1930} INFO - Created Permission View: can create on DAG Run:latest_only_with_trigger
[2026-08-30T23:28:21.202+0330] {logging_mixin.py:190} INFO - [2026-08-30T23:28:21.202+0330] {override.py:1930} INFO - Created Permission View: can delete on DAG Run:latest_only_with_trigger
[2026-08-30T23:28:21.218+0330] {logging_mixin.py:190} INFO - [2026-08-30T23:28:21.218+0330] {override.py:1930} INFO - Created Permission View: can read on DAG Run:latest_only_with_trigger
[2026-08-30T23:28:21.236+0330] {logging_mixin.py:190} INFO - [2026-08-30T23:28:21.235+0330] {override.py:1930} INFO - Created Permission View: menu access on DAG Run:latest_only_with_trigger
[2026-08-30T23:28:21.237+0330] {logging_mixin.py:190} INFO - [2026-08-30T23:28:21.236+0330] {dag.py:3239} INFO - Sync 1 DAGs
[2026-08-30T23:28:21.250+0330] {logging_mixin.py:190} INFO - [2026-08-30T23:28:21.250+0330] {dag.py:3262} INFO - Creating ORM DAG for latest_only_with_trigger
[2026-08-30T23:28:21.260+0330] {logging_mixin.py:190} INFO - [2026-08-30T23:28:21.260+0330] {dag.py:4180} INFO - Setting next_dagrun for latest_only_with_trigger to 2026-08-30 12:00:00+00:00, run_after=2026-08-30 16:00:00+00:00
[2026-08-30T23:28:21.290+0330] {processor.py:208} INFO - Processing /home/mmirnezamina/de_final_project/airflowenv/lib/python3.10/site-packages/airflow/example_dags/example_latest_only_with_trigger.py took 0.307 seconds
