[2026-08-30T23:13:30.147+0330] {processor.py:186} INFO - Started process (PID=13106) to work on /home/mmirnezamina/de_final_project/airflowenv/lib/python3.10/site-packages/airflow/example_dags/tutorial_taskflow_templates.py
[2026-08-30T23:13:30.152+0330] {processor.py:914} INFO - Processing file /home/mmirnezamina/de_final_project/airflowenv/lib/python3.10/site-packages/airflow/example_dags/tutorial_taskflow_templates.py for tasks to queue
[2026-08-30T23:13:30.164+0330] {logging_mixin.py:190} INFO - [2026-08-30T23:13:30.158+0330] {dagbag.py:588} INFO - Filling up the DagBag from /home/mmirnezamina/de_final_project/airflowenv/lib/python3.10/site-packages/airflow/example_dags/tutorial_taskflow_templates.py
[2026-08-30T23:13:30.224+0330] {processor.py:925} INFO - DAG(s) 'tutorial_taskflow_templates' retrieved from /home/mmirnezamina/de_final_project/airflowenv/lib/python3.10/site-packages/airflow/example_dags/tutorial_taskflow_templates.py
[2026-08-30T23:13:30.851+0330] {logging_mixin.py:190} INFO - [2026-08-30T23:13:30.844+0330] {override.py:1930} INFO - Created Permission View: can edit on DAG:tutorial_taskflow_templates
[2026-08-30T23:13:30.900+0330] {logging_mixin.py:190} INFO - [2026-08-30T23:13:30.899+0330] {override.py:1930} INFO - Created Permission View: can read on DAG:tutorial_taskflow_templates
[2026-08-30T23:13:30.928+0330] {logging_mixin.py:190} INFO - [2026-08-30T23:13:30.927+0330] {override.py:1930} INFO - Created Permission View: can delete on DAG:tutorial_taskflow_templates
[2026-08-30T23:13:30.964+0330] {logging_mixin.py:190} INFO - [2026-08-30T23:13:30.963+0330] {override.py:1930} INFO - Created Permission View: menu access on DAG Run:tutorial_taskflow_templates
[2026-08-30T23:13:30.992+0330] {logging_mixin.py:190} INFO - [2026-08-30T23:13:30.991+0330] {override.py:1930} INFO - Created Permission View: can create on DAG Run:tutorial_taskflow_templates
[2026-08-30T23:13:31.022+0330] {logging_mixin.py:190} INFO - [2026-08-30T23:13:31.021+0330] {override.py:1930} INFO - Created Permission View: can read on DAG Run:tutorial_taskflow_templates
[2026-08-30T23:13:31.053+0330] {logging_mixin.py:190} INFO - [2026-08-30T23:13:31.052+0330] {override.py:1930} INFO - Created Permission View: can delete on DAG Run:tutorial_taskflow_templates
[2026-08-30T23:13:31.055+0330] {logging_mixin.py:190} INFO - [2026-08-30T23:13:31.054+0330] {dag.py:3239} INFO - Sync 1 DAGs
[2026-08-30T23:13:31.100+0330] {logging_mixin.py:190} INFO - [2026-08-30T23:13:31.099+0330] {dag.py:3262} INFO - Creating ORM DAG for tutorial_taskflow_templates
[2026-08-30T23:13:31.143+0330] {logging_mixin.py:190} INFO - [2026-08-30T23:13:31.142+0330] {dag.py:4180} INFO - Setting next_dagrun for tutorial_taskflow_templates to 2026-08-29 00:00:00+00:00, run_after=2026-08-30 00:00:00+00:00
[2026-08-30T23:13:31.239+0330] {processor.py:208} INFO - Processing /home/mmirnezamina/de_final_project/airflowenv/lib/python3.10/site-packages/airflow/example_dags/tutorial_taskflow_templates.py took 1.143 seconds
[2026-08-30T23:14:01.963+0330] {processor.py:186} INFO - Started process (PID=13238) to work on /home/mmirnezamina/de_final_project/airflowenv/lib/python3.10/site-packages/airflow/example_dags/tutorial_taskflow_templates.py
[2026-08-30T23:14:01.965+0330] {processor.py:914} INFO - Processing file /home/mmirnezamina/de_final_project/airflowenv/lib/python3.10/site-packages/airflow/example_dags/tutorial_taskflow_templates.py for tasks to queue
[2026-08-30T23:14:01.968+0330] {logging_mixin.py:190} INFO - [2026-08-30T23:14:01.967+0330] {dagbag.py:588} INFO - Filling up the DagBag from /home/mmirnezamina/de_final_project/airflowenv/lib/python3.10/site-packages/airflow/example_dags/tutorial_taskflow_templates.py
[2026-08-30T23:14:01.992+0330] {processor.py:925} INFO - DAG(s) 'tutorial_taskflow_templates' retrieved from /home/mmirnezamina/de_final_project/airflowenv/lib/python3.10/site-packages/airflow/example_dags/tutorial_taskflow_templates.py
[2026-08-30T23:14:02.046+0330] {logging_mixin.py:190} INFO - [2026-08-30T23:14:02.046+0330] {dag.py:3239} INFO - Sync 1 DAGs
[2026-08-30T23:14:02.094+0330] {logging_mixin.py:190} INFO - [2026-08-30T23:14:02.093+0330] {dag.py:4180} INFO - Setting next_dagrun for tutorial_taskflow_templates to 2026-08-29 00:00:00+00:00, run_after=2026-08-30 00:00:00+00:00
[2026-08-30T23:14:02.137+0330] {processor.py:208} INFO - Processing /home/mmirnezamina/de_final_project/airflowenv/lib/python3.10/site-packages/airflow/example_dags/tutorial_taskflow_templates.py took 0.193 seconds
[2026-08-30T23:14:32.405+0330] {processor.py:186} INFO - Started process (PID=13359) to work on /home/mmirnezamina/de_final_project/airflowenv/lib/python3.10/site-packages/airflow/example_dags/tutorial_taskflow_templates.py
[2026-08-30T23:14:32.406+0330] {processor.py:914} INFO - Processing file /home/mmirnezamina/de_final_project/airflowenv/lib/python3.10/site-packages/airflow/example_dags/tutorial_taskflow_templates.py for tasks to queue
[2026-08-30T23:14:32.407+0330] {logging_mixin.py:190} INFO - [2026-08-30T23:14:32.407+0330] {dagbag.py:588} INFO - Filling up the DagBag from /home/mmirnezamina/de_final_project/airflowenv/lib/python3.10/site-packages/airflow/example_dags/tutorial_taskflow_templates.py
[2026-08-30T23:14:32.424+0330] {processor.py:925} INFO - DAG(s) 'tutorial_taskflow_templates' retrieved from /home/mmirnezamina/de_final_project/airflowenv/lib/python3.10/site-packages/airflow/example_dags/tutorial_taskflow_templates.py
[2026-08-30T23:14:32.459+0330] {logging_mixin.py:190} INFO - [2026-08-30T23:14:32.459+0330] {dag.py:3239} INFO - Sync 1 DAGs
[2026-08-30T23:14:32.490+0330] {logging_mixin.py:190} INFO - [2026-08-30T23:14:32.489+0330] {dag.py:4180} INFO - Setting next_dagrun for tutorial_taskflow_templates to 2026-08-29 00:00:00+00:00, run_after=2026-08-30 00:00:00+00:00
[2026-08-30T23:14:32.516+0330] {processor.py:208} INFO - Processing /home/mmirnezamina/de_final_project/airflowenv/lib/python3.10/site-packages/airflow/example_dags/tutorial_taskflow_templates.py took 0.123 seconds
[2026-08-30T23:15:02.749+0330] {processor.py:186} INFO - Started process (PID=13478) to work on /home/mmirnezamina/de_final_project/airflowenv/lib/python3.10/site-packages/airflow/example_dags/tutorial_taskflow_templates.py
[2026-08-30T23:15:02.751+0330] {processor.py:914} INFO - Processing file /home/mmirnezamina/de_final_project/airflowenv/lib/python3.10/site-packages/airflow/example_dags/tutorial_taskflow_templates.py for tasks to queue
[2026-08-30T23:15:02.754+0330] {logging_mixin.py:190} INFO - [2026-08-30T23:15:02.753+0330] {dagbag.py:588} INFO - Filling up the DagBag from /home/mmirnezamina/de_final_project/airflowenv/lib/python3.10/site-packages/airflow/example_dags/tutorial_taskflow_templates.py
[2026-08-30T23:15:02.787+0330] {processor.py:925} INFO - DAG(s) 'tutorial_taskflow_templates' retrieved from /home/mmirnezamina/de_final_project/airflowenv/lib/python3.10/site-packages/airflow/example_dags/tutorial_taskflow_templates.py
[2026-08-30T23:15:02.875+0330] {logging_mixin.py:190} INFO - [2026-08-30T23:15:02.873+0330] {dag.py:3239} INFO - Sync 1 DAGs
[2026-08-30T23:15:02.976+0330] {logging_mixin.py:190} INFO - [2026-08-30T23:15:02.975+0330] {dag.py:4180} INFO - Setting next_dagrun for tutorial_taskflow_templates to 2026-08-29 00:00:00+00:00, run_after=2026-08-30 00:00:00+00:00
[2026-08-30T23:15:03.032+0330] {processor.py:208} INFO - Processing /home/mmirnezamina/de_final_project/airflowenv/lib/python3.10/site-packages/airflow/example_dags/tutorial_taskflow_templates.py took 0.302 seconds
[2026-08-30T23:15:33.213+0330] {processor.py:186} INFO - Started process (PID=13596) to work on /home/mmirnezamina/de_final_project/airflowenv/lib/python3.10/site-packages/airflow/example_dags/tutorial_taskflow_templates.py
[2026-08-30T23:15:33.218+0330] {processor.py:914} INFO - Processing file /home/mmirnezamina/de_final_project/airflowenv/lib/python3.10/site-packages/airflow/example_dags/tutorial_taskflow_templates.py for tasks to queue
[2026-08-30T23:15:33.224+0330] {logging_mixin.py:190} INFO - [2026-08-30T23:15:33.222+0330] {dagbag.py:588} INFO - Filling up the DagBag from /home/mmirnezamina/de_final_project/airflowenv/lib/python3.10/site-packages/airflow/example_dags/tutorial_taskflow_templates.py
[2026-08-30T23:15:33.324+0330] {processor.py:925} INFO - DAG(s) 'tutorial_taskflow_templates' retrieved from /home/mmirnezamina/de_final_project/airflowenv/lib/python3.10/site-packages/airflow/example_dags/tutorial_taskflow_templates.py
[2026-08-30T23:15:33.434+0330] {logging_mixin.py:190} INFO - [2026-08-30T23:15:33.433+0330] {dag.py:3239} INFO - Sync 1 DAGs
[2026-08-30T23:15:33.508+0330] {logging_mixin.py:190} INFO - [2026-08-30T23:15:33.507+0330] {dag.py:4180} INFO - Setting next_dagrun for tutorial_taskflow_templates to 2026-08-29 00:00:00+00:00, run_after=2026-08-30 00:00:00+00:00
[2026-08-30T23:15:33.564+0330] {processor.py:208} INFO - Processing /home/mmirnezamina/de_final_project/airflowenv/lib/python3.10/site-packages/airflow/example_dags/tutorial_taskflow_templates.py took 0.404 seconds
[2026-08-30T23:16:03.918+0330] {processor.py:186} INFO - Started process (PID=13717) to work on /home/mmirnezamina/de_final_project/airflowenv/lib/python3.10/site-packages/airflow/example_dags/tutorial_taskflow_templates.py
[2026-08-30T23:16:03.921+0330] {processor.py:914} INFO - Processing file /home/mmirnezamina/de_final_project/airflowenv/lib/python3.10/site-packages/airflow/example_dags/tutorial_taskflow_templates.py for tasks to queue
[2026-08-30T23:16:03.923+0330] {logging_mixin.py:190} INFO - [2026-08-30T23:16:03.922+0330] {dagbag.py:588} INFO - Filling up the DagBag from /home/mmirnezamina/de_final_project/airflowenv/lib/python3.10/site-packages/airflow/example_dags/tutorial_taskflow_templates.py
[2026-08-30T23:16:03.950+0330] {processor.py:925} INFO - DAG(s) 'tutorial_taskflow_templates' retrieved from /home/mmirnezamina/de_final_project/airflowenv/lib/python3.10/site-packages/airflow/example_dags/tutorial_taskflow_templates.py
[2026-08-30T23:16:04.011+0330] {logging_mixin.py:190} INFO - [2026-08-30T23:16:04.011+0330] {dag.py:3239} INFO - Sync 1 DAGs
[2026-08-30T23:16:04.067+0330] {logging_mixin.py:190} INFO - [2026-08-30T23:16:04.067+0330] {dag.py:4180} INFO - Setting next_dagrun for tutorial_taskflow_templates to 2026-08-29 00:00:00+00:00, run_after=2026-08-30 00:00:00+00:00
[2026-08-30T23:16:04.111+0330] {processor.py:208} INFO - Processing /home/mmirnezamina/de_final_project/airflowenv/lib/python3.10/site-packages/airflow/example_dags/tutorial_taskflow_templates.py took 0.218 seconds
[2026-08-30T23:16:34.579+0330] {processor.py:186} INFO - Started process (PID=13831) to work on /home/mmirnezamina/de_final_project/airflowenv/lib/python3.10/site-packages/airflow/example_dags/tutorial_taskflow_templates.py
[2026-08-30T23:16:34.584+0330] {processor.py:914} INFO - Processing file /home/mmirnezamina/de_final_project/airflowenv/lib/python3.10/site-packages/airflow/example_dags/tutorial_taskflow_templates.py for tasks to queue
[2026-08-30T23:16:34.591+0330] {logging_mixin.py:190} INFO - [2026-08-30T23:16:34.589+0330] {dagbag.py:588} INFO - Filling up the DagBag from /home/mmirnezamina/de_final_project/airflowenv/lib/python3.10/site-packages/airflow/example_dags/tutorial_taskflow_templates.py
[2026-08-30T23:16:34.646+0330] {processor.py:925} INFO - DAG(s) 'tutorial_taskflow_templates' retrieved from /home/mmirnezamina/de_final_project/airflowenv/lib/python3.10/site-packages/airflow/example_dags/tutorial_taskflow_templates.py
[2026-08-30T23:16:34.734+0330] {logging_mixin.py:190} INFO - [2026-08-30T23:16:34.733+0330] {dag.py:3239} INFO - Sync 1 DAGs
[2026-08-30T23:16:34.806+0330] {logging_mixin.py:190} INFO - [2026-08-30T23:16:34.806+0330] {dag.py:4180} INFO - Setting next_dagrun for tutorial_taskflow_templates to 2026-08-29 00:00:00+00:00, run_after=2026-08-30 00:00:00+00:00
[2026-08-30T23:16:34.874+0330] {processor.py:208} INFO - Processing /home/mmirnezamina/de_final_project/airflowenv/lib/python3.10/site-packages/airflow/example_dags/tutorial_taskflow_templates.py took 0.334 seconds
[2026-08-30T23:17:05.185+0330] {processor.py:186} INFO - Started process (PID=13996) to work on /home/mmirnezamina/de_final_project/airflowenv/lib/python3.10/site-packages/airflow/example_dags/tutorial_taskflow_templates.py
[2026-08-30T23:17:05.187+0330] {processor.py:914} INFO - Processing file /home/mmirnezamina/de_final_project/airflowenv/lib/python3.10/site-packages/airflow/example_dags/tutorial_taskflow_templates.py for tasks to queue
[2026-08-30T23:17:05.190+0330] {logging_mixin.py:190} INFO - [2026-08-30T23:17:05.189+0330] {dagbag.py:588} INFO - Filling up the DagBag from /home/mmirnezamina/de_final_project/airflowenv/lib/python3.10/site-packages/airflow/example_dags/tutorial_taskflow_templates.py
[2026-08-30T23:17:05.258+0330] {processor.py:925} INFO - DAG(s) 'tutorial_taskflow_templates' retrieved from /home/mmirnezamina/de_final_project/airflowenv/lib/python3.10/site-packages/airflow/example_dags/tutorial_taskflow_templates.py
[2026-08-30T23:17:05.360+0330] {logging_mixin.py:190} INFO - [2026-08-30T23:17:05.359+0330] {dag.py:3239} INFO - Sync 1 DAGs
[2026-08-30T23:17:05.438+0330] {logging_mixin.py:190} INFO - [2026-08-30T23:17:05.437+0330] {dag.py:4180} INFO - Setting next_dagrun for tutorial_taskflow_templates to 2026-08-29 00:00:00+00:00, run_after=2026-08-30 00:00:00+00:00
[2026-08-30T23:17:05.516+0330] {processor.py:208} INFO - Processing /home/mmirnezamina/de_final_project/airflowenv/lib/python3.10/site-packages/airflow/example_dags/tutorial_taskflow_templates.py took 0.363 seconds
[2026-08-30T23:17:38.027+0330] {processor.py:186} INFO - Started process (PID=14125) to work on /home/mmirnezamina/de_final_project/airflowenv/lib/python3.10/site-packages/airflow/example_dags/tutorial_taskflow_templates.py
[2026-08-30T23:17:38.032+0330] {processor.py:914} INFO - Processing file /home/mmirnezamina/de_final_project/airflowenv/lib/python3.10/site-packages/airflow/example_dags/tutorial_taskflow_templates.py for tasks to queue
[2026-08-30T23:17:38.039+0330] {logging_mixin.py:190} INFO - [2026-08-30T23:17:38.038+0330] {dagbag.py:588} INFO - Filling up the DagBag from /home/mmirnezamina/de_final_project/airflowenv/lib/python3.10/site-packages/airflow/example_dags/tutorial_taskflow_templates.py
[2026-08-30T23:17:38.113+0330] {processor.py:925} INFO - DAG(s) 'tutorial_taskflow_templates' retrieved from /home/mmirnezamina/de_final_project/airflowenv/lib/python3.10/site-packages/airflow/example_dags/tutorial_taskflow_templates.py
[2026-08-30T23:17:38.303+0330] {logging_mixin.py:190} INFO - [2026-08-30T23:17:38.302+0330] {dag.py:3239} INFO - Sync 1 DAGs
[2026-08-30T23:17:38.507+0330] {logging_mixin.py:190} INFO - [2026-08-30T23:17:38.506+0330] {dag.py:4180} INFO - Setting next_dagrun for tutorial_taskflow_templates to 2026-08-29 00:00:00+00:00, run_after=2026-08-30 00:00:00+00:00
[2026-08-30T23:17:38.653+0330] {processor.py:208} INFO - Processing /home/mmirnezamina/de_final_project/airflowenv/lib/python3.10/site-packages/airflow/example_dags/tutorial_taskflow_templates.py took 0.670 seconds
[2026-08-30T23:18:09.514+0330] {processor.py:186} INFO - Started process (PID=14243) to work on /home/mmirnezamina/de_final_project/airflowenv/lib/python3.10/site-packages/airflow/example_dags/tutorial_taskflow_templates.py
[2026-08-30T23:18:09.516+0330] {processor.py:914} INFO - Processing file /home/mmirnezamina/de_final_project/airflowenv/lib/python3.10/site-packages/airflow/example_dags/tutorial_taskflow_templates.py for tasks to queue
[2026-08-30T23:18:09.518+0330] {logging_mixin.py:190} INFO - [2026-08-30T23:18:09.517+0330] {dagbag.py:588} INFO - Filling up the DagBag from /home/mmirnezamina/de_final_project/airflowenv/lib/python3.10/site-packages/airflow/example_dags/tutorial_taskflow_templates.py
[2026-08-30T23:18:09.538+0330] {processor.py:925} INFO - DAG(s) 'tutorial_taskflow_templates' retrieved from /home/mmirnezamina/de_final_project/airflowenv/lib/python3.10/site-packages/airflow/example_dags/tutorial_taskflow_templates.py
[2026-08-30T23:18:09.584+0330] {logging_mixin.py:190} INFO - [2026-08-30T23:18:09.584+0330] {dag.py:3239} INFO - Sync 1 DAGs
[2026-08-30T23:18:09.622+0330] {logging_mixin.py:190} INFO - [2026-08-30T23:18:09.622+0330] {dag.py:4180} INFO - Setting next_dagrun for tutorial_taskflow_templates to 2026-08-29 00:00:00+00:00, run_after=2026-08-30 00:00:00+00:00
[2026-08-30T23:18:09.654+0330] {processor.py:208} INFO - Processing /home/mmirnezamina/de_final_project/airflowenv/lib/python3.10/site-packages/airflow/example_dags/tutorial_taskflow_templates.py took 0.156 seconds
[2026-08-30T23:18:40.055+0330] {processor.py:186} INFO - Started process (PID=14362) to work on /home/mmirnezamina/de_final_project/airflowenv/lib/python3.10/site-packages/airflow/example_dags/tutorial_taskflow_templates.py
[2026-08-30T23:18:40.057+0330] {processor.py:914} INFO - Processing file /home/mmirnezamina/de_final_project/airflowenv/lib/python3.10/site-packages/airflow/example_dags/tutorial_taskflow_templates.py for tasks to queue
[2026-08-30T23:18:40.059+0330] {logging_mixin.py:190} INFO - [2026-08-30T23:18:40.059+0330] {dagbag.py:588} INFO - Filling up the DagBag from /home/mmirnezamina/de_final_project/airflowenv/lib/python3.10/site-packages/airflow/example_dags/tutorial_taskflow_templates.py
[2026-08-30T23:18:40.094+0330] {processor.py:925} INFO - DAG(s) 'tutorial_taskflow_templates' retrieved from /home/mmirnezamina/de_final_project/airflowenv/lib/python3.10/site-packages/airflow/example_dags/tutorial_taskflow_templates.py
[2026-08-30T23:18:40.149+0330] {logging_mixin.py:190} INFO - [2026-08-30T23:18:40.149+0330] {dag.py:3239} INFO - Sync 1 DAGs
[2026-08-30T23:18:40.200+0330] {logging_mixin.py:190} INFO - [2026-08-30T23:18:40.199+0330] {dag.py:4180} INFO - Setting next_dagrun for tutorial_taskflow_templates to 2026-08-29 00:00:00+00:00, run_after=2026-08-30 00:00:00+00:00
[2026-08-30T23:18:40.269+0330] {processor.py:208} INFO - Processing /home/mmirnezamina/de_final_project/airflowenv/lib/python3.10/site-packages/airflow/example_dags/tutorial_taskflow_templates.py took 0.232 seconds
[2026-08-30T23:19:10.858+0330] {processor.py:186} INFO - Started process (PID=14480) to work on /home/mmirnezamina/de_final_project/airflowenv/lib/python3.10/site-packages/airflow/example_dags/tutorial_taskflow_templates.py
[2026-08-30T23:19:10.859+0330] {processor.py:914} INFO - Processing file /home/mmirnezamina/de_final_project/airflowenv/lib/python3.10/site-packages/airflow/example_dags/tutorial_taskflow_templates.py for tasks to queue
[2026-08-30T23:19:10.861+0330] {logging_mixin.py:190} INFO - [2026-08-30T23:19:10.860+0330] {dagbag.py:588} INFO - Filling up the DagBag from /home/mmirnezamina/de_final_project/airflowenv/lib/python3.10/site-packages/airflow/example_dags/tutorial_taskflow_templates.py
[2026-08-30T23:19:10.894+0330] {processor.py:925} INFO - DAG(s) 'tutorial_taskflow_templates' retrieved from /home/mmirnezamina/de_final_project/airflowenv/lib/python3.10/site-packages/airflow/example_dags/tutorial_taskflow_templates.py
[2026-08-30T23:19:10.963+0330] {logging_mixin.py:190} INFO - [2026-08-30T23:19:10.963+0330] {dag.py:3239} INFO - Sync 1 DAGs
[2026-08-30T23:19:11.005+0330] {logging_mixin.py:190} INFO - [2026-08-30T23:19:11.005+0330] {dag.py:4180} INFO - Setting next_dagrun for tutorial_taskflow_templates to 2026-08-29 00:00:00+00:00, run_after=2026-08-30 00:00:00+00:00
[2026-08-30T23:19:11.036+0330] {processor.py:208} INFO - Processing /home/mmirnezamina/de_final_project/airflowenv/lib/python3.10/site-packages/airflow/example_dags/tutorial_taskflow_templates.py took 0.238 seconds
[2026-08-30T23:19:41.729+0330] {processor.py:186} INFO - Started process (PID=14599) to work on /home/mmirnezamina/de_final_project/airflowenv/lib/python3.10/site-packages/airflow/example_dags/tutorial_taskflow_templates.py
[2026-08-30T23:19:41.730+0330] {processor.py:914} INFO - Processing file /home/mmirnezamina/de_final_project/airflowenv/lib/python3.10/site-packages/airflow/example_dags/tutorial_taskflow_templates.py for tasks to queue
[2026-08-30T23:19:41.732+0330] {logging_mixin.py:190} INFO - [2026-08-30T23:19:41.731+0330] {dagbag.py:588} INFO - Filling up the DagBag from /home/mmirnezamina/de_final_project/airflowenv/lib/python3.10/site-packages/airflow/example_dags/tutorial_taskflow_templates.py
[2026-08-30T23:19:41.745+0330] {processor.py:925} INFO - DAG(s) 'tutorial_taskflow_templates' retrieved from /home/mmirnezamina/de_final_project/airflowenv/lib/python3.10/site-packages/airflow/example_dags/tutorial_taskflow_templates.py
[2026-08-30T23:19:41.776+0330] {logging_mixin.py:190} INFO - [2026-08-30T23:19:41.775+0330] {dag.py:3239} INFO - Sync 1 DAGs
[2026-08-30T23:19:41.804+0330] {logging_mixin.py:190} INFO - [2026-08-30T23:19:41.804+0330] {dag.py:4180} INFO - Setting next_dagrun for tutorial_taskflow_templates to 2026-08-29 00:00:00+00:00, run_after=2026-08-30 00:00:00+00:00
[2026-08-30T23:19:41.836+0330] {processor.py:208} INFO - Processing /home/mmirnezamina/de_final_project/airflowenv/lib/python3.10/site-packages/airflow/example_dags/tutorial_taskflow_templates.py took 0.116 seconds
[2026-08-30T23:20:13.013+0330] {processor.py:186} INFO - Started process (PID=14721) to work on /home/mmirnezamina/de_final_project/airflowenv/lib/python3.10/site-packages/airflow/example_dags/tutorial_taskflow_templates.py
[2026-08-30T23:20:13.111+0330] {processor.py:914} INFO - Processing file /home/mmirnezamina/de_final_project/airflowenv/lib/python3.10/site-packages/airflow/example_dags/tutorial_taskflow_templates.py for tasks to queue
[2026-08-30T23:20:13.113+0330] {logging_mixin.py:190} INFO - [2026-08-30T23:20:13.112+0330] {dagbag.py:588} INFO - Filling up the DagBag from /home/mmirnezamina/de_final_project/airflowenv/lib/python3.10/site-packages/airflow/example_dags/tutorial_taskflow_templates.py
[2026-08-30T23:20:13.131+0330] {processor.py:925} INFO - DAG(s) 'tutorial_taskflow_templates' retrieved from /home/mmirnezamina/de_final_project/airflowenv/lib/python3.10/site-packages/airflow/example_dags/tutorial_taskflow_templates.py
[2026-08-30T23:20:13.178+0330] {logging_mixin.py:190} INFO - [2026-08-30T23:20:13.177+0330] {dag.py:3239} INFO - Sync 1 DAGs
[2026-08-30T23:20:13.225+0330] {logging_mixin.py:190} INFO - [2026-08-30T23:20:13.224+0330] {dag.py:4180} INFO - Setting next_dagrun for tutorial_taskflow_templates to 2026-08-29 00:00:00+00:00, run_after=2026-08-30 00:00:00+00:00
[2026-08-30T23:20:13.291+0330] {processor.py:208} INFO - Processing /home/mmirnezamina/de_final_project/airflowenv/lib/python3.10/site-packages/airflow/example_dags/tutorial_taskflow_templates.py took 0.292 seconds
[2026-08-30T23:20:43.543+0330] {processor.py:186} INFO - Started process (PID=14834) to work on /home/mmirnezamina/de_final_project/airflowenv/lib/python3.10/site-packages/airflow/example_dags/tutorial_taskflow_templates.py
[2026-08-30T23:20:43.545+0330] {processor.py:914} INFO - Processing file /home/mmirnezamina/de_final_project/airflowenv/lib/python3.10/site-packages/airflow/example_dags/tutorial_taskflow_templates.py for tasks to queue
[2026-08-30T23:20:43.547+0330] {logging_mixin.py:190} INFO - [2026-08-30T23:20:43.546+0330] {dagbag.py:588} INFO - Filling up the DagBag from /home/mmirnezamina/de_final_project/airflowenv/lib/python3.10/site-packages/airflow/example_dags/tutorial_taskflow_templates.py
[2026-08-30T23:20:43.558+0330] {processor.py:925} INFO - DAG(s) 'tutorial_taskflow_templates' retrieved from /home/mmirnezamina/de_final_project/airflowenv/lib/python3.10/site-packages/airflow/example_dags/tutorial_taskflow_templates.py
[2026-08-30T23:20:43.584+0330] {logging_mixin.py:190} INFO - [2026-08-30T23:20:43.584+0330] {dag.py:3239} INFO - Sync 1 DAGs
[2026-08-30T23:20:43.605+0330] {logging_mixin.py:190} INFO - [2026-08-30T23:20:43.605+0330] {dag.py:4180} INFO - Setting next_dagrun for tutorial_taskflow_templates to 2026-08-29 00:00:00+00:00, run_after=2026-08-30 00:00:00+00:00
[2026-08-30T23:20:43.630+0330] {processor.py:208} INFO - Processing /home/mmirnezamina/de_final_project/airflowenv/lib/python3.10/site-packages/airflow/example_dags/tutorial_taskflow_templates.py took 0.096 seconds
[2026-08-30T23:21:13.967+0330] {processor.py:186} INFO - Started process (PID=14953) to work on /home/mmirnezamina/de_final_project/airflowenv/lib/python3.10/site-packages/airflow/example_dags/tutorial_taskflow_templates.py
[2026-08-30T23:21:13.968+0330] {processor.py:914} INFO - Processing file /home/mmirnezamina/de_final_project/airflowenv/lib/python3.10/site-packages/airflow/example_dags/tutorial_taskflow_templates.py for tasks to queue
[2026-08-30T23:21:13.970+0330] {logging_mixin.py:190} INFO - [2026-08-30T23:21:13.969+0330] {dagbag.py:588} INFO - Filling up the DagBag from /home/mmirnezamina/de_final_project/airflowenv/lib/python3.10/site-packages/airflow/example_dags/tutorial_taskflow_templates.py
[2026-08-30T23:21:13.988+0330] {processor.py:925} INFO - DAG(s) 'tutorial_taskflow_templates' retrieved from /home/mmirnezamina/de_final_project/airflowenv/lib/python3.10/site-packages/airflow/example_dags/tutorial_taskflow_templates.py
[2026-08-30T23:21:14.027+0330] {logging_mixin.py:190} INFO - [2026-08-30T23:21:14.026+0330] {dag.py:3239} INFO - Sync 1 DAGs
[2026-08-30T23:21:14.069+0330] {logging_mixin.py:190} INFO - [2026-08-30T23:21:14.068+0330] {dag.py:4180} INFO - Setting next_dagrun for tutorial_taskflow_templates to 2026-08-29 00:00:00+00:00, run_after=2026-08-30 00:00:00+00:00
[2026-08-30T23:21:14.105+0330] {processor.py:208} INFO - Processing /home/mmirnezamina/de_final_project/airflowenv/lib/python3.10/site-packages/airflow/example_dags/tutorial_taskflow_templates.py took 0.151 seconds
[2026-08-30T23:21:44.687+0330] {processor.py:186} INFO - Started process (PID=15072) to work on /home/mmirnezamina/de_final_project/airflowenv/lib/python3.10/site-packages/airflow/example_dags/tutorial_taskflow_templates.py
[2026-08-30T23:21:44.688+0330] {processor.py:914} INFO - Processing file /home/mmirnezamina/de_final_project/airflowenv/lib/python3.10/site-packages/airflow/example_dags/tutorial_taskflow_templates.py for tasks to queue
[2026-08-30T23:21:44.689+0330] {logging_mixin.py:190} INFO - [2026-08-30T23:21:44.688+0330] {dagbag.py:588} INFO - Filling up the DagBag from /home/mmirnezamina/de_final_project/airflowenv/lib/python3.10/site-packages/airflow/example_dags/tutorial_taskflow_templates.py
[2026-08-30T23:21:44.700+0330] {processor.py:925} INFO - DAG(s) 'tutorial_taskflow_templates' retrieved from /home/mmirnezamina/de_final_project/airflowenv/lib/python3.10/site-packages/airflow/example_dags/tutorial_taskflow_templates.py
[2026-08-30T23:21:44.726+0330] {logging_mixin.py:190} INFO - [2026-08-30T23:21:44.725+0330] {dag.py:3239} INFO - Sync 1 DAGs
[2026-08-30T23:21:44.749+0330] {logging_mixin.py:190} INFO - [2026-08-30T23:21:44.748+0330] {dag.py:4180} INFO - Setting next_dagrun for tutorial_taskflow_templates to 2026-08-29 00:00:00+00:00, run_after=2026-08-30 00:00:00+00:00
[2026-08-30T23:21:44.775+0330] {processor.py:208} INFO - Processing /home/mmirnezamina/de_final_project/airflowenv/lib/python3.10/site-packages/airflow/example_dags/tutorial_taskflow_templates.py took 0.096 seconds
[2026-08-30T23:22:15.744+0330] {processor.py:186} INFO - Started process (PID=15193) to work on /home/mmirnezamina/de_final_project/airflowenv/lib/python3.10/site-packages/airflow/example_dags/tutorial_taskflow_templates.py
[2026-08-30T23:22:15.746+0330] {processor.py:914} INFO - Processing file /home/mmirnezamina/de_final_project/airflowenv/lib/python3.10/site-packages/airflow/example_dags/tutorial_taskflow_templates.py for tasks to queue
[2026-08-30T23:22:15.748+0330] {logging_mixin.py:190} INFO - [2026-08-30T23:22:15.748+0330] {dagbag.py:588} INFO - Filling up the DagBag from /home/mmirnezamina/de_final_project/airflowenv/lib/python3.10/site-packages/airflow/example_dags/tutorial_taskflow_templates.py
[2026-08-30T23:22:15.766+0330] {processor.py:925} INFO - DAG(s) 'tutorial_taskflow_templates' retrieved from /home/mmirnezamina/de_final_project/airflowenv/lib/python3.10/site-packages/airflow/example_dags/tutorial_taskflow_templates.py
[2026-08-30T23:22:15.797+0330] {logging_mixin.py:190} INFO - [2026-08-30T23:22:15.797+0330] {dag.py:3239} INFO - Sync 1 DAGs
[2026-08-30T23:22:15.830+0330] {logging_mixin.py:190} INFO - [2026-08-30T23:22:15.830+0330] {dag.py:4180} INFO - Setting next_dagrun for tutorial_taskflow_templates to 2026-08-29 00:00:00+00:00, run_after=2026-08-30 00:00:00+00:00
[2026-08-30T23:22:15.858+0330] {processor.py:208} INFO - Processing /home/mmirnezamina/de_final_project/airflowenv/lib/python3.10/site-packages/airflow/example_dags/tutorial_taskflow_templates.py took 0.124 seconds
[2026-08-30T23:22:46.526+0330] {processor.py:186} INFO - Started process (PID=15310) to work on /home/mmirnezamina/de_final_project/airflowenv/lib/python3.10/site-packages/airflow/example_dags/tutorial_taskflow_templates.py
[2026-08-30T23:22:46.528+0330] {processor.py:914} INFO - Processing file /home/mmirnezamina/de_final_project/airflowenv/lib/python3.10/site-packages/airflow/example_dags/tutorial_taskflow_templates.py for tasks to queue
[2026-08-30T23:22:46.530+0330] {logging_mixin.py:190} INFO - [2026-08-30T23:22:46.529+0330] {dagbag.py:588} INFO - Filling up the DagBag from /home/mmirnezamina/de_final_project/airflowenv/lib/python3.10/site-packages/airflow/example_dags/tutorial_taskflow_templates.py
[2026-08-30T23:22:46.548+0330] {processor.py:925} INFO - DAG(s) 'tutorial_taskflow_templates' retrieved from /home/mmirnezamina/de_final_project/airflowenv/lib/python3.10/site-packages/airflow/example_dags/tutorial_taskflow_templates.py
[2026-08-30T23:22:46.588+0330] {logging_mixin.py:190} INFO - [2026-08-30T23:22:46.588+0330] {dag.py:3239} INFO - Sync 1 DAGs
[2026-08-30T23:22:46.623+0330] {logging_mixin.py:190} INFO - [2026-08-30T23:22:46.623+0330] {dag.py:4180} INFO - Setting next_dagrun for tutorial_taskflow_templates to 2026-08-29 00:00:00+00:00, run_after=2026-08-30 00:00:00+00:00
[2026-08-30T23:22:46.657+0330] {processor.py:208} INFO - Processing /home/mmirnezamina/de_final_project/airflowenv/lib/python3.10/site-packages/airflow/example_dags/tutorial_taskflow_templates.py took 0.142 seconds
[2026-08-30T23:23:17.369+0330] {processor.py:186} INFO - Started process (PID=15430) to work on /home/mmirnezamina/de_final_project/airflowenv/lib/python3.10/site-packages/airflow/example_dags/tutorial_taskflow_templates.py
[2026-08-30T23:23:17.372+0330] {processor.py:914} INFO - Processing file /home/mmirnezamina/de_final_project/airflowenv/lib/python3.10/site-packages/airflow/example_dags/tutorial_taskflow_templates.py for tasks to queue
[2026-08-30T23:23:17.373+0330] {logging_mixin.py:190} INFO - [2026-08-30T23:23:17.373+0330] {dagbag.py:588} INFO - Filling up the DagBag from /home/mmirnezamina/de_final_project/airflowenv/lib/python3.10/site-packages/airflow/example_dags/tutorial_taskflow_templates.py
[2026-08-30T23:23:17.391+0330] {processor.py:925} INFO - DAG(s) 'tutorial_taskflow_templates' retrieved from /home/mmirnezamina/de_final_project/airflowenv/lib/python3.10/site-packages/airflow/example_dags/tutorial_taskflow_templates.py
[2026-08-30T23:23:17.431+0330] {logging_mixin.py:190} INFO - [2026-08-30T23:23:17.431+0330] {dag.py:3239} INFO - Sync 1 DAGs
[2026-08-30T23:23:17.479+0330] {logging_mixin.py:190} INFO - [2026-08-30T23:23:17.478+0330] {dag.py:4180} INFO - Setting next_dagrun for tutorial_taskflow_templates to 2026-08-29 00:00:00+00:00, run_after=2026-08-30 00:00:00+00:00
[2026-08-30T23:23:17.516+0330] {processor.py:208} INFO - Processing /home/mmirnezamina/de_final_project/airflowenv/lib/python3.10/site-packages/airflow/example_dags/tutorial_taskflow_templates.py took 0.159 seconds
[2026-08-30T23:23:48.317+0330] {processor.py:186} INFO - Started process (PID=15547) to work on /home/mmirnezamina/de_final_project/airflowenv/lib/python3.10/site-packages/airflow/example_dags/tutorial_taskflow_templates.py
[2026-08-30T23:23:48.318+0330] {processor.py:914} INFO - Processing file /home/mmirnezamina/de_final_project/airflowenv/lib/python3.10/site-packages/airflow/example_dags/tutorial_taskflow_templates.py for tasks to queue
[2026-08-30T23:23:48.319+0330] {logging_mixin.py:190} INFO - [2026-08-30T23:23:48.319+0330] {dagbag.py:588} INFO - Filling up the DagBag from /home/mmirnezamina/de_final_project/airflowenv/lib/python3.10/site-packages/airflow/example_dags/tutorial_taskflow_templates.py
[2026-08-30T23:23:48.330+0330] {processor.py:925} INFO - DAG(s) 'tutorial_taskflow_templates' retrieved from /home/mmirnezamina/de_final_project/airflowenv/lib/python3.10/site-packages/airflow/example_dags/tutorial_taskflow_templates.py
[2026-08-30T23:23:48.354+0330] {logging_mixin.py:190} INFO - [2026-08-30T23:23:48.354+0330] {dag.py:3239} INFO - Sync 1 DAGs
[2026-08-30T23:23:48.374+0330] {logging_mixin.py:190} INFO - [2026-08-30T23:23:48.373+0330] {dag.py:4180} INFO - Setting next_dagrun for tutorial_taskflow_templates to 2026-08-29 00:00:00+00:00, run_after=2026-08-30 00:00:00+00:00
[2026-08-30T23:23:48.394+0330] {processor.py:208} INFO - Processing /home/mmirnezamina/de_final_project/airflowenv/lib/python3.10/site-packages/airflow/example_dags/tutorial_taskflow_templates.py took 0.085 seconds
[2026-08-30T23:24:19.073+0330] {processor.py:186} INFO - Started process (PID=15667) to work on /home/mmirnezamina/de_final_project/airflowenv/lib/python3.10/site-packages/airflow/example_dags/tutorial_taskflow_templates.py
[2026-08-30T23:24:19.075+0330] {processor.py:914} INFO - Processing file /home/mmirnezamina/de_final_project/airflowenv/lib/python3.10/site-packages/airflow/example_dags/tutorial_taskflow_templates.py for tasks to queue
[2026-08-30T23:24:19.077+0330] {logging_mixin.py:190} INFO - [2026-08-30T23:24:19.076+0330] {dagbag.py:588} INFO - Filling up the DagBag from /home/mmirnezamina/de_final_project/airflowenv/lib/python3.10/site-packages/airflow/example_dags/tutorial_taskflow_templates.py
[2026-08-30T23:24:19.103+0330] {processor.py:925} INFO - DAG(s) 'tutorial_taskflow_templates' retrieved from /home/mmirnezamina/de_final_project/airflowenv/lib/python3.10/site-packages/airflow/example_dags/tutorial_taskflow_templates.py
[2026-08-30T23:24:19.149+0330] {logging_mixin.py:190} INFO - [2026-08-30T23:24:19.148+0330] {dag.py:3239} INFO - Sync 1 DAGs
[2026-08-30T23:24:19.198+0330] {logging_mixin.py:190} INFO - [2026-08-30T23:24:19.198+0330] {dag.py:4180} INFO - Setting next_dagrun for tutorial_taskflow_templates to 2026-08-29 00:00:00+00:00, run_after=2026-08-30 00:00:00+00:00
[2026-08-30T23:24:19.234+0330] {processor.py:208} INFO - Processing /home/mmirnezamina/de_final_project/airflowenv/lib/python3.10/site-packages/airflow/example_dags/tutorial_taskflow_templates.py took 0.174 seconds
[2026-08-30T23:24:50.137+0330] {processor.py:186} INFO - Started process (PID=15784) to work on /home/mmirnezamina/de_final_project/airflowenv/lib/python3.10/site-packages/airflow/example_dags/tutorial_taskflow_templates.py
[2026-08-30T23:24:50.147+0330] {processor.py:914} INFO - Processing file /home/mmirnezamina/de_final_project/airflowenv/lib/python3.10/site-packages/airflow/example_dags/tutorial_taskflow_templates.py for tasks to queue
[2026-08-30T23:24:50.149+0330] {logging_mixin.py:190} INFO - [2026-08-30T23:24:50.149+0330] {dagbag.py:588} INFO - Filling up the DagBag from /home/mmirnezamina/de_final_project/airflowenv/lib/python3.10/site-packages/airflow/example_dags/tutorial_taskflow_templates.py
[2026-08-30T23:24:50.170+0330] {processor.py:925} INFO - DAG(s) 'tutorial_taskflow_templates' retrieved from /home/mmirnezamina/de_final_project/airflowenv/lib/python3.10/site-packages/airflow/example_dags/tutorial_taskflow_templates.py
[2026-08-30T23:24:50.201+0330] {logging_mixin.py:190} INFO - [2026-08-30T23:24:50.201+0330] {dag.py:3239} INFO - Sync 1 DAGs
[2026-08-30T23:24:50.232+0330] {logging_mixin.py:190} INFO - [2026-08-30T23:24:50.232+0330] {dag.py:4180} INFO - Setting next_dagrun for tutorial_taskflow_templates to 2026-08-29 00:00:00+00:00, run_after=2026-08-30 00:00:00+00:00
[2026-08-30T23:24:50.258+0330] {processor.py:208} INFO - Processing /home/mmirnezamina/de_final_project/airflowenv/lib/python3.10/site-packages/airflow/example_dags/tutorial_taskflow_templates.py took 0.131 seconds
[2026-08-30T23:25:20.285+0330] {processor.py:186} INFO - Started process (PID=15933) to work on /home/mmirnezamina/de_final_project/airflowenv/lib/python3.10/site-packages/airflow/example_dags/tutorial_taskflow_templates.py
[2026-08-30T23:25:20.286+0330] {processor.py:914} INFO - Processing file /home/mmirnezamina/de_final_project/airflowenv/lib/python3.10/site-packages/airflow/example_dags/tutorial_taskflow_templates.py for tasks to queue
[2026-08-30T23:25:20.287+0330] {logging_mixin.py:190} INFO - [2026-08-30T23:25:20.286+0330] {dagbag.py:588} INFO - Filling up the DagBag from /home/mmirnezamina/de_final_project/airflowenv/lib/python3.10/site-packages/airflow/example_dags/tutorial_taskflow_templates.py
[2026-08-30T23:25:20.298+0330] {processor.py:925} INFO - DAG(s) 'tutorial_taskflow_templates' retrieved from /home/mmirnezamina/de_final_project/airflowenv/lib/python3.10/site-packages/airflow/example_dags/tutorial_taskflow_templates.py
[2026-08-30T23:25:20.327+0330] {logging_mixin.py:190} INFO - [2026-08-30T23:25:20.327+0330] {dag.py:3239} INFO - Sync 1 DAGs
[2026-08-30T23:25:20.352+0330] {logging_mixin.py:190} INFO - [2026-08-30T23:25:20.352+0330] {dag.py:4180} INFO - Setting next_dagrun for tutorial_taskflow_templates to 2026-08-29 00:00:00+00:00, run_after=2026-08-30 00:00:00+00:00
[2026-08-30T23:25:20.377+0330] {processor.py:208} INFO - Processing /home/mmirnezamina/de_final_project/airflowenv/lib/python3.10/site-packages/airflow/example_dags/tutorial_taskflow_templates.py took 0.100 seconds
[2026-08-30T23:25:50.570+0330] {processor.py:186} INFO - Started process (PID=16066) to work on /home/mmirnezamina/de_final_project/airflowenv/lib/python3.10/site-packages/airflow/example_dags/tutorial_taskflow_templates.py
[2026-08-30T23:25:50.571+0330] {processor.py:914} INFO - Processing file /home/mmirnezamina/de_final_project/airflowenv/lib/python3.10/site-packages/airflow/example_dags/tutorial_taskflow_templates.py for tasks to queue
[2026-08-30T23:25:50.572+0330] {logging_mixin.py:190} INFO - [2026-08-30T23:25:50.572+0330] {dagbag.py:588} INFO - Filling up the DagBag from /home/mmirnezamina/de_final_project/airflowenv/lib/python3.10/site-packages/airflow/example_dags/tutorial_taskflow_templates.py
[2026-08-30T23:25:50.584+0330] {processor.py:925} INFO - DAG(s) 'tutorial_taskflow_templates' retrieved from /home/mmirnezamina/de_final_project/airflowenv/lib/python3.10/site-packages/airflow/example_dags/tutorial_taskflow_templates.py
[2026-08-30T23:25:50.608+0330] {logging_mixin.py:190} INFO - [2026-08-30T23:25:50.608+0330] {dag.py:3239} INFO - Sync 1 DAGs
[2026-08-30T23:25:50.632+0330] {logging_mixin.py:190} INFO - [2026-08-30T23:25:50.632+0330] {dag.py:4180} INFO - Setting next_dagrun for tutorial_taskflow_templates to 2026-08-29 00:00:00+00:00, run_after=2026-08-30 00:00:00+00:00
[2026-08-30T23:25:50.653+0330] {processor.py:208} INFO - Processing /home/mmirnezamina/de_final_project/airflowenv/lib/python3.10/site-packages/airflow/example_dags/tutorial_taskflow_templates.py took 0.090 seconds
[2026-08-30T23:26:21.125+0330] {processor.py:186} INFO - Started process (PID=16186) to work on /home/mmirnezamina/de_final_project/airflowenv/lib/python3.10/site-packages/airflow/example_dags/tutorial_taskflow_templates.py
[2026-08-30T23:26:21.126+0330] {processor.py:914} INFO - Processing file /home/mmirnezamina/de_final_project/airflowenv/lib/python3.10/site-packages/airflow/example_dags/tutorial_taskflow_templates.py for tasks to queue
[2026-08-30T23:26:21.128+0330] {logging_mixin.py:190} INFO - [2026-08-30T23:26:21.128+0330] {dagbag.py:588} INFO - Filling up the DagBag from /home/mmirnezamina/de_final_project/airflowenv/lib/python3.10/site-packages/airflow/example_dags/tutorial_taskflow_templates.py
[2026-08-30T23:26:21.153+0330] {processor.py:925} INFO - DAG(s) 'tutorial_taskflow_templates' retrieved from /home/mmirnezamina/de_final_project/airflowenv/lib/python3.10/site-packages/airflow/example_dags/tutorial_taskflow_templates.py
[2026-08-30T23:26:21.208+0330] {logging_mixin.py:190} INFO - [2026-08-30T23:26:21.207+0330] {dag.py:3239} INFO - Sync 1 DAGs
[2026-08-30T23:26:21.268+0330] {logging_mixin.py:190} INFO - [2026-08-30T23:26:21.267+0330] {dag.py:4180} INFO - Setting next_dagrun for tutorial_taskflow_templates to 2026-08-29 00:00:00+00:00, run_after=2026-08-30 00:00:00+00:00
[2026-08-30T23:26:21.310+0330] {processor.py:208} INFO - Processing /home/mmirnezamina/de_final_project/airflowenv/lib/python3.10/site-packages/airflow/example_dags/tutorial_taskflow_templates.py took 0.200 seconds
[2026-08-30T23:26:51.683+0330] {processor.py:186} INFO - Started process (PID=16303) to work on /home/mmirnezamina/de_final_project/airflowenv/lib/python3.10/site-packages/airflow/example_dags/tutorial_taskflow_templates.py
[2026-08-30T23:26:51.685+0330] {processor.py:914} INFO - Processing file /home/mmirnezamina/de_final_project/airflowenv/lib/python3.10/site-packages/airflow/example_dags/tutorial_taskflow_templates.py for tasks to queue
[2026-08-30T23:26:51.687+0330] {logging_mixin.py:190} INFO - [2026-08-30T23:26:51.687+0330] {dagbag.py:588} INFO - Filling up the DagBag from /home/mmirnezamina/de_final_project/airflowenv/lib/python3.10/site-packages/airflow/example_dags/tutorial_taskflow_templates.py
[2026-08-30T23:26:51.718+0330] {processor.py:925} INFO - DAG(s) 'tutorial_taskflow_templates' retrieved from /home/mmirnezamina/de_final_project/airflowenv/lib/python3.10/site-packages/airflow/example_dags/tutorial_taskflow_templates.py
[2026-08-30T23:26:51.793+0330] {logging_mixin.py:190} INFO - [2026-08-30T23:26:51.792+0330] {dag.py:3239} INFO - Sync 1 DAGs
[2026-08-30T23:26:51.867+0330] {logging_mixin.py:190} INFO - [2026-08-30T23:26:51.866+0330] {dag.py:4180} INFO - Setting next_dagrun for tutorial_taskflow_templates to 2026-08-29 00:00:00+00:00, run_after=2026-08-30 00:00:00+00:00
[2026-08-30T23:26:51.925+0330] {processor.py:208} INFO - Processing /home/mmirnezamina/de_final_project/airflowenv/lib/python3.10/site-packages/airflow/example_dags/tutorial_taskflow_templates.py took 0.264 seconds
[2026-08-30T23:27:35.555+0330] {processor.py:186} INFO - Started process (PID=16443) to work on /home/mmirnezamina/de_final_project/airflowenv/lib/python3.10/site-packages/airflow/example_dags/tutorial_taskflow_templates.py
[2026-08-30T23:27:35.559+0330] {processor.py:914} INFO - Processing file /home/mmirnezamina/de_final_project/airflowenv/lib/python3.10/site-packages/airflow/example_dags/tutorial_taskflow_templates.py for tasks to queue
[2026-08-30T23:27:35.561+0330] {logging_mixin.py:190} INFO - [2026-08-30T23:27:35.561+0330] {dagbag.py:588} INFO - Filling up the DagBag from /home/mmirnezamina/de_final_project/airflowenv/lib/python3.10/site-packages/airflow/example_dags/tutorial_taskflow_templates.py
[2026-08-30T23:27:35.584+0330] {processor.py:925} INFO - DAG(s) 'tutorial_taskflow_templates' retrieved from /home/mmirnezamina/de_final_project/airflowenv/lib/python3.10/site-packages/airflow/example_dags/tutorial_taskflow_templates.py
[2026-08-30T23:27:36.242+0330] {logging_mixin.py:190} INFO - [2026-08-30T23:27:36.240+0330] {override.py:1930} INFO - Created Permission View: can delete on DAG:tutorial_taskflow_templates
[2026-08-30T23:27:36.387+0330] {logging_mixin.py:190} INFO - [2026-08-30T23:27:36.386+0330] {override.py:1930} INFO - Created Permission View: can read on DAG:tutorial_taskflow_templates
[2026-08-30T23:27:36.432+0330] {logging_mixin.py:190} INFO - [2026-08-30T23:27:36.432+0330] {override.py:1930} INFO - Created Permission View: can edit on DAG:tutorial_taskflow_templates
[2026-08-30T23:27:36.503+0330] {logging_mixin.py:190} INFO - [2026-08-30T23:27:36.502+0330] {override.py:1930} INFO - Created Permission View: can create on DAG Run:tutorial_taskflow_templates
[2026-08-30T23:27:36.697+0330] {logging_mixin.py:190} INFO - [2026-08-30T23:27:36.696+0330] {override.py:1930} INFO - Created Permission View: can delete on DAG Run:tutorial_taskflow_templates
[2026-08-30T23:27:36.718+0330] {logging_mixin.py:190} INFO - [2026-08-30T23:27:36.717+0330] {override.py:1930} INFO - Created Permission View: can read on DAG Run:tutorial_taskflow_templates
[2026-08-30T23:27:36.757+0330] {logging_mixin.py:190} INFO - [2026-08-30T23:27:36.756+0330] {override.py:1930} INFO - Created Permission View: menu access on DAG Run:tutorial_taskflow_templates
[2026-08-30T23:27:36.758+0330] {logging_mixin.py:190} INFO - [2026-08-30T23:27:36.758+0330] {dag.py:3239} INFO - Sync 1 DAGs
[2026-08-30T23:27:36.782+0330] {logging_mixin.py:190} INFO - [2026-08-30T23:27:36.782+0330] {dag.py:3262} INFO - Creating ORM DAG for tutorial_taskflow_templates
[2026-08-30T23:27:36.886+0330] {logging_mixin.py:190} INFO - [2026-08-30T23:27:36.886+0330] {dag.py:4180} INFO - Setting next_dagrun for tutorial_taskflow_templates to 2026-08-29 00:00:00+00:00, run_after=2026-08-30 00:00:00+00:00
[2026-08-30T23:27:37.903+0330] {processor.py:208} INFO - Processing /home/mmirnezamina/de_final_project/airflowenv/lib/python3.10/site-packages/airflow/example_dags/tutorial_taskflow_templates.py took 2.367 seconds
