[2026-08-30T23:13:31.932+0330] {processor.py:186} INFO - Started process (PID=13114) to work on /home/mmirnezamina/de_final_project/airflowenv/lib/python3.10/site-packages/airflow/example_dags/tutorial_dag.py
[2026-08-30T23:13:31.947+0330] {processor.py:914} INFO - Processing file /home/mmirnezamina/de_final_project/airflowenv/lib/python3.10/site-packages/airflow/example_dags/tutorial_dag.py for tasks to queue
[2026-08-30T23:13:31.977+0330] {logging_mixin.py:190} INFO - [2026-08-30T23:13:31.961+0330] {dagbag.py:588} INFO - Filling up the DagBag from /home/mmirnezamina/de_final_project/airflowenv/lib/python3.10/site-packages/airflow/example_dags/tutorial_dag.py
[2026-08-30T23:13:32.054+0330] {processor.py:925} INFO - DAG(s) 'tutorial_dag' retrieved from /home/mmirnezamina/de_final_project/airflowenv/lib/python3.10/site-packages/airflow/example_dags/tutorial_dag.py
[2026-08-30T23:13:32.693+0330] {logging_mixin.py:190} INFO - [2026-08-30T23:13:32.682+0330] {override.py:1930} INFO - Created Permission View: can edit on DAG:tutorial_dag
[2026-08-30T23:13:32.748+0330] {logging_mixin.py:190} INFO - [2026-08-30T23:13:32.747+0330] {override.py:1930} INFO - Created Permission View: can read on DAG:tutorial_dag
[2026-08-30T23:13:32.778+0330] {logging_mixin.py:190} INFO - [2026-08-30T23:13:32.778+0330] {override.py:1930} INFO - Created Permission View: can delete on DAG:tutorial_dag
[2026-08-30T23:13:32.815+0330] {logging_mixin.py:190} INFO - [2026-08-30T23:13:32.814+0330] {override.py:1930} INFO - Created Permission View: menu access on DAG Run:tutorial_dag
[2026-08-30T23:13:32.844+0330] {logging_mixin.py:190} INFO - [2026-08-30T23:13:32.843+0330] {override.py:1930} INFO - Created Permission View: can create on DAG Run:tutorial_dag
[2026-08-30T23:13:32.873+0330] {logging_mixin.py:190} INFO - [2026-08-30T23:13:32.872+0330] {override.py:1930} INFO - Created Permission View: can read on DAG Run:tutorial_dag
[2026-08-30T23:13:32.906+0330] {logging_mixin.py:190} INFO - [2026-08-30T23:13:32.905+0330] {override.py:1930} INFO - Created Permission View: can delete on DAG Run:tutorial_dag
[2026-08-30T23:13:32.908+0330] {logging_mixin.py:190} INFO - [2026-08-30T23:13:32.907+0330] {dag.py:3239} INFO - Sync 1 DAGs
[2026-08-30T23:13:32.960+0330] {logging_mixin.py:190} INFO - [2026-08-30T23:13:32.959+0330] {dag.py:3262} INFO - Creating ORM DAG for tutorial_dag
[2026-08-30T23:13:32.962+0330] {logging_mixin.py:190} INFO - [2026-08-30T23:13:32.962+0330] {dag.py:4180} INFO - Setting next_dagrun for tutorial_dag to None, run_after=None
[2026-08-30T23:13:33.077+0330] {processor.py:208} INFO - Processing /home/mmirnezamina/de_final_project/airflowenv/lib/python3.10/site-packages/airflow/example_dags/tutorial_dag.py took 1.288 seconds
[2026-08-30T23:14:03.193+0330] {processor.py:186} INFO - Started process (PID=13245) to work on /home/mmirnezamina/de_final_project/airflowenv/lib/python3.10/site-packages/airflow/example_dags/tutorial_dag.py
[2026-08-30T23:14:03.194+0330] {processor.py:914} INFO - Processing file /home/mmirnezamina/de_final_project/airflowenv/lib/python3.10/site-packages/airflow/example_dags/tutorial_dag.py for tasks to queue
[2026-08-30T23:14:03.195+0330] {logging_mixin.py:190} INFO - [2026-08-30T23:14:03.195+0330] {dagbag.py:588} INFO - Filling up the DagBag from /home/mmirnezamina/de_final_project/airflowenv/lib/python3.10/site-packages/airflow/example_dags/tutorial_dag.py
[2026-08-30T23:14:03.204+0330] {processor.py:925} INFO - DAG(s) 'tutorial_dag' retrieved from /home/mmirnezamina/de_final_project/airflowenv/lib/python3.10/site-packages/airflow/example_dags/tutorial_dag.py
[2026-08-30T23:14:03.235+0330] {logging_mixin.py:190} INFO - [2026-08-30T23:14:03.234+0330] {dag.py:3239} INFO - Sync 1 DAGs
[2026-08-30T23:14:03.252+0330] {logging_mixin.py:190} INFO - [2026-08-30T23:14:03.252+0330] {dag.py:4180} INFO - Setting next_dagrun for tutorial_dag to None, run_after=None
[2026-08-30T23:14:03.283+0330] {processor.py:208} INFO - Processing /home/mmirnezamina/de_final_project/airflowenv/lib/python3.10/site-packages/airflow/example_dags/tutorial_dag.py took 0.099 seconds
[2026-08-30T23:14:33.553+0330] {processor.py:186} INFO - Started process (PID=13365) to work on /home/mmirnezamina/de_final_project/airflowenv/lib/python3.10/site-packages/airflow/example_dags/tutorial_dag.py
[2026-08-30T23:14:33.555+0330] {processor.py:914} INFO - Processing file /home/mmirnezamina/de_final_project/airflowenv/lib/python3.10/site-packages/airflow/example_dags/tutorial_dag.py for tasks to queue
[2026-08-30T23:14:33.556+0330] {logging_mixin.py:190} INFO - [2026-08-30T23:14:33.556+0330] {dagbag.py:588} INFO - Filling up the DagBag from /home/mmirnezamina/de_final_project/airflowenv/lib/python3.10/site-packages/airflow/example_dags/tutorial_dag.py
[2026-08-30T23:14:33.564+0330] {processor.py:925} INFO - DAG(s) 'tutorial_dag' retrieved from /home/mmirnezamina/de_final_project/airflowenv/lib/python3.10/site-packages/airflow/example_dags/tutorial_dag.py
[2026-08-30T23:14:33.595+0330] {logging_mixin.py:190} INFO - [2026-08-30T23:14:33.595+0330] {dag.py:3239} INFO - Sync 1 DAGs
[2026-08-30T23:14:33.614+0330] {logging_mixin.py:190} INFO - [2026-08-30T23:14:33.614+0330] {dag.py:4180} INFO - Setting next_dagrun for tutorial_dag to None, run_after=None
[2026-08-30T23:14:33.643+0330] {processor.py:208} INFO - Processing /home/mmirnezamina/de_final_project/airflowenv/lib/python3.10/site-packages/airflow/example_dags/tutorial_dag.py took 0.098 seconds
[2026-08-30T23:15:04.102+0330] {processor.py:186} INFO - Started process (PID=13486) to work on /home/mmirnezamina/de_final_project/airflowenv/lib/python3.10/site-packages/airflow/example_dags/tutorial_dag.py
[2026-08-30T23:15:04.103+0330] {processor.py:914} INFO - Processing file /home/mmirnezamina/de_final_project/airflowenv/lib/python3.10/site-packages/airflow/example_dags/tutorial_dag.py for tasks to queue
[2026-08-30T23:15:04.104+0330] {logging_mixin.py:190} INFO - [2026-08-30T23:15:04.104+0330] {dagbag.py:588} INFO - Filling up the DagBag from /home/mmirnezamina/de_final_project/airflowenv/lib/python3.10/site-packages/airflow/example_dags/tutorial_dag.py
[2026-08-30T23:15:04.118+0330] {processor.py:925} INFO - DAG(s) 'tutorial_dag' retrieved from /home/mmirnezamina/de_final_project/airflowenv/lib/python3.10/site-packages/airflow/example_dags/tutorial_dag.py
[2026-08-30T23:15:04.154+0330] {logging_mixin.py:190} INFO - [2026-08-30T23:15:04.154+0330] {dag.py:3239} INFO - Sync 1 DAGs
[2026-08-30T23:15:04.176+0330] {logging_mixin.py:190} INFO - [2026-08-30T23:15:04.175+0330] {dag.py:4180} INFO - Setting next_dagrun for tutorial_dag to None, run_after=None
[2026-08-30T23:15:04.206+0330] {processor.py:208} INFO - Processing /home/mmirnezamina/de_final_project/airflowenv/lib/python3.10/site-packages/airflow/example_dags/tutorial_dag.py took 0.115 seconds
[2026-08-30T23:15:34.774+0330] {processor.py:186} INFO - Started process (PID=13603) to work on /home/mmirnezamina/de_final_project/airflowenv/lib/python3.10/site-packages/airflow/example_dags/tutorial_dag.py
[2026-08-30T23:15:34.776+0330] {processor.py:914} INFO - Processing file /home/mmirnezamina/de_final_project/airflowenv/lib/python3.10/site-packages/airflow/example_dags/tutorial_dag.py for tasks to queue
[2026-08-30T23:15:34.778+0330] {logging_mixin.py:190} INFO - [2026-08-30T23:15:34.777+0330] {dagbag.py:588} INFO - Filling up the DagBag from /home/mmirnezamina/de_final_project/airflowenv/lib/python3.10/site-packages/airflow/example_dags/tutorial_dag.py
[2026-08-30T23:15:34.792+0330] {processor.py:925} INFO - DAG(s) 'tutorial_dag' retrieved from /home/mmirnezamina/de_final_project/airflowenv/lib/python3.10/site-packages/airflow/example_dags/tutorial_dag.py
[2026-08-30T23:15:34.845+0330] {logging_mixin.py:190} INFO - [2026-08-30T23:15:34.845+0330] {dag.py:3239} INFO - Sync 1 DAGs
[2026-08-30T23:15:34.879+0330] {logging_mixin.py:190} INFO - [2026-08-30T23:15:34.879+0330] {dag.py:4180} INFO - Setting next_dagrun for tutorial_dag to None, run_after=None
[2026-08-30T23:15:34.927+0330] {processor.py:208} INFO - Processing /home/mmirnezamina/de_final_project/airflowenv/lib/python3.10/site-packages/airflow/example_dags/tutorial_dag.py took 0.167 seconds
[2026-08-30T23:16:05.176+0330] {processor.py:186} INFO - Started process (PID=13723) to work on /home/mmirnezamina/de_final_project/airflowenv/lib/python3.10/site-packages/airflow/example_dags/tutorial_dag.py
[2026-08-30T23:16:05.178+0330] {processor.py:914} INFO - Processing file /home/mmirnezamina/de_final_project/airflowenv/lib/python3.10/site-packages/airflow/example_dags/tutorial_dag.py for tasks to queue
[2026-08-30T23:16:05.180+0330] {logging_mixin.py:190} INFO - [2026-08-30T23:16:05.180+0330] {dagbag.py:588} INFO - Filling up the DagBag from /home/mmirnezamina/de_final_project/airflowenv/lib/python3.10/site-packages/airflow/example_dags/tutorial_dag.py
[2026-08-30T23:16:05.197+0330] {processor.py:925} INFO - DAG(s) 'tutorial_dag' retrieved from /home/mmirnezamina/de_final_project/airflowenv/lib/python3.10/site-packages/airflow/example_dags/tutorial_dag.py
[2026-08-30T23:16:05.264+0330] {logging_mixin.py:190} INFO - [2026-08-30T23:16:05.264+0330] {dag.py:3239} INFO - Sync 1 DAGs
[2026-08-30T23:16:05.296+0330] {logging_mixin.py:190} INFO - [2026-08-30T23:16:05.296+0330] {dag.py:4180} INFO - Setting next_dagrun for tutorial_dag to None, run_after=None
[2026-08-30T23:16:05.339+0330] {processor.py:208} INFO - Processing /home/mmirnezamina/de_final_project/airflowenv/lib/python3.10/site-packages/airflow/example_dags/tutorial_dag.py took 0.183 seconds
[2026-08-30T23:16:36.341+0330] {processor.py:186} INFO - Started process (PID=13840) to work on /home/mmirnezamina/de_final_project/airflowenv/lib/python3.10/site-packages/airflow/example_dags/tutorial_dag.py
[2026-08-30T23:16:36.343+0330] {processor.py:914} INFO - Processing file /home/mmirnezamina/de_final_project/airflowenv/lib/python3.10/site-packages/airflow/example_dags/tutorial_dag.py for tasks to queue
[2026-08-30T23:16:36.345+0330] {logging_mixin.py:190} INFO - [2026-08-30T23:16:36.345+0330] {dagbag.py:588} INFO - Filling up the DagBag from /home/mmirnezamina/de_final_project/airflowenv/lib/python3.10/site-packages/airflow/example_dags/tutorial_dag.py
[2026-08-30T23:16:36.358+0330] {processor.py:925} INFO - DAG(s) 'tutorial_dag' retrieved from /home/mmirnezamina/de_final_project/airflowenv/lib/python3.10/site-packages/airflow/example_dags/tutorial_dag.py
[2026-08-30T23:16:36.403+0330] {logging_mixin.py:190} INFO - [2026-08-30T23:16:36.403+0330] {dag.py:3239} INFO - Sync 1 DAGs
[2026-08-30T23:16:36.427+0330] {logging_mixin.py:190} INFO - [2026-08-30T23:16:36.426+0330] {dag.py:4180} INFO - Setting next_dagrun for tutorial_dag to None, run_after=None
[2026-08-30T23:16:36.468+0330] {processor.py:208} INFO - Processing /home/mmirnezamina/de_final_project/airflowenv/lib/python3.10/site-packages/airflow/example_dags/tutorial_dag.py took 0.145 seconds
[2026-08-30T23:17:07.378+0330] {processor.py:186} INFO - Started process (PID=14006) to work on /home/mmirnezamina/de_final_project/airflowenv/lib/python3.10/site-packages/airflow/example_dags/tutorial_dag.py
[2026-08-30T23:17:07.380+0330] {processor.py:914} INFO - Processing file /home/mmirnezamina/de_final_project/airflowenv/lib/python3.10/site-packages/airflow/example_dags/tutorial_dag.py for tasks to queue
[2026-08-30T23:17:07.382+0330] {logging_mixin.py:190} INFO - [2026-08-30T23:17:07.382+0330] {dagbag.py:588} INFO - Filling up the DagBag from /home/mmirnezamina/de_final_project/airflowenv/lib/python3.10/site-packages/airflow/example_dags/tutorial_dag.py
[2026-08-30T23:17:07.399+0330] {processor.py:925} INFO - DAG(s) 'tutorial_dag' retrieved from /home/mmirnezamina/de_final_project/airflowenv/lib/python3.10/site-packages/airflow/example_dags/tutorial_dag.py
[2026-08-30T23:17:07.454+0330] {logging_mixin.py:190} INFO - [2026-08-30T23:17:07.454+0330] {dag.py:3239} INFO - Sync 1 DAGs
[2026-08-30T23:17:07.488+0330] {logging_mixin.py:190} INFO - [2026-08-30T23:17:07.488+0330] {dag.py:4180} INFO - Setting next_dagrun for tutorial_dag to None, run_after=None
[2026-08-30T23:17:07.527+0330] {processor.py:208} INFO - Processing /home/mmirnezamina/de_final_project/airflowenv/lib/python3.10/site-packages/airflow/example_dags/tutorial_dag.py took 0.172 seconds
[2026-08-30T23:17:39.390+0330] {processor.py:186} INFO - Started process (PID=14133) to work on /home/mmirnezamina/de_final_project/airflowenv/lib/python3.10/site-packages/airflow/example_dags/tutorial_dag.py
[2026-08-30T23:17:39.394+0330] {processor.py:914} INFO - Processing file /home/mmirnezamina/de_final_project/airflowenv/lib/python3.10/site-packages/airflow/example_dags/tutorial_dag.py for tasks to queue
[2026-08-30T23:17:39.397+0330] {logging_mixin.py:190} INFO - [2026-08-30T23:17:39.396+0330] {dagbag.py:588} INFO - Filling up the DagBag from /home/mmirnezamina/de_final_project/airflowenv/lib/python3.10/site-packages/airflow/example_dags/tutorial_dag.py
[2026-08-30T23:17:39.418+0330] {processor.py:925} INFO - DAG(s) 'tutorial_dag' retrieved from /home/mmirnezamina/de_final_project/airflowenv/lib/python3.10/site-packages/airflow/example_dags/tutorial_dag.py
[2026-08-30T23:17:39.518+0330] {logging_mixin.py:190} INFO - [2026-08-30T23:17:39.516+0330] {dag.py:3239} INFO - Sync 1 DAGs
[2026-08-30T23:17:39.576+0330] {logging_mixin.py:190} INFO - [2026-08-30T23:17:39.575+0330] {dag.py:4180} INFO - Setting next_dagrun for tutorial_dag to None, run_after=None
[2026-08-30T23:17:39.640+0330] {processor.py:208} INFO - Processing /home/mmirnezamina/de_final_project/airflowenv/lib/python3.10/site-packages/airflow/example_dags/tutorial_dag.py took 0.282 seconds
[2026-08-30T23:18:10.021+0330] {processor.py:186} INFO - Started process (PID=14251) to work on /home/mmirnezamina/de_final_project/airflowenv/lib/python3.10/site-packages/airflow/example_dags/tutorial_dag.py
[2026-08-30T23:18:10.022+0330] {processor.py:914} INFO - Processing file /home/mmirnezamina/de_final_project/airflowenv/lib/python3.10/site-packages/airflow/example_dags/tutorial_dag.py for tasks to queue
[2026-08-30T23:18:10.024+0330] {logging_mixin.py:190} INFO - [2026-08-30T23:18:10.024+0330] {dagbag.py:588} INFO - Filling up the DagBag from /home/mmirnezamina/de_final_project/airflowenv/lib/python3.10/site-packages/airflow/example_dags/tutorial_dag.py
[2026-08-30T23:18:10.035+0330] {processor.py:925} INFO - DAG(s) 'tutorial_dag' retrieved from /home/mmirnezamina/de_final_project/airflowenv/lib/python3.10/site-packages/airflow/example_dags/tutorial_dag.py
[2026-08-30T23:18:10.078+0330] {logging_mixin.py:190} INFO - [2026-08-30T23:18:10.078+0330] {dag.py:3239} INFO - Sync 1 DAGs
[2026-08-30T23:18:10.102+0330] {logging_mixin.py:190} INFO - [2026-08-30T23:18:10.101+0330] {dag.py:4180} INFO - Setting next_dagrun for tutorial_dag to None, run_after=None
[2026-08-30T23:18:10.148+0330] {processor.py:208} INFO - Processing /home/mmirnezamina/de_final_project/airflowenv/lib/python3.10/site-packages/airflow/example_dags/tutorial_dag.py took 0.164 seconds
[2026-08-30T23:18:40.620+0330] {processor.py:186} INFO - Started process (PID=14370) to work on /home/mmirnezamina/de_final_project/airflowenv/lib/python3.10/site-packages/airflow/example_dags/tutorial_dag.py
[2026-08-30T23:18:40.623+0330] {processor.py:914} INFO - Processing file /home/mmirnezamina/de_final_project/airflowenv/lib/python3.10/site-packages/airflow/example_dags/tutorial_dag.py for tasks to queue
[2026-08-30T23:18:40.625+0330] {logging_mixin.py:190} INFO - [2026-08-30T23:18:40.625+0330] {dagbag.py:588} INFO - Filling up the DagBag from /home/mmirnezamina/de_final_project/airflowenv/lib/python3.10/site-packages/airflow/example_dags/tutorial_dag.py
[2026-08-30T23:18:40.640+0330] {processor.py:925} INFO - DAG(s) 'tutorial_dag' retrieved from /home/mmirnezamina/de_final_project/airflowenv/lib/python3.10/site-packages/airflow/example_dags/tutorial_dag.py
[2026-08-30T23:18:40.698+0330] {logging_mixin.py:190} INFO - [2026-08-30T23:18:40.698+0330] {dag.py:3239} INFO - Sync 1 DAGs
[2026-08-30T23:18:40.756+0330] {logging_mixin.py:190} INFO - [2026-08-30T23:18:40.756+0330] {dag.py:4180} INFO - Setting next_dagrun for tutorial_dag to None, run_after=None
[2026-08-30T23:18:40.820+0330] {processor.py:208} INFO - Processing /home/mmirnezamina/de_final_project/airflowenv/lib/python3.10/site-packages/airflow/example_dags/tutorial_dag.py took 0.220 seconds
[2026-08-30T23:19:11.193+0330] {processor.py:186} INFO - Started process (PID=14488) to work on /home/mmirnezamina/de_final_project/airflowenv/lib/python3.10/site-packages/airflow/example_dags/tutorial_dag.py
[2026-08-30T23:19:11.194+0330] {processor.py:914} INFO - Processing file /home/mmirnezamina/de_final_project/airflowenv/lib/python3.10/site-packages/airflow/example_dags/tutorial_dag.py for tasks to queue
[2026-08-30T23:19:11.202+0330] {logging_mixin.py:190} INFO - [2026-08-30T23:19:11.200+0330] {dagbag.py:588} INFO - Filling up the DagBag from /home/mmirnezamina/de_final_project/airflowenv/lib/python3.10/site-packages/airflow/example_dags/tutorial_dag.py
[2026-08-30T23:19:11.214+0330] {processor.py:925} INFO - DAG(s) 'tutorial_dag' retrieved from /home/mmirnezamina/de_final_project/airflowenv/lib/python3.10/site-packages/airflow/example_dags/tutorial_dag.py
[2026-08-30T23:19:11.257+0330] {logging_mixin.py:190} INFO - [2026-08-30T23:19:11.257+0330] {dag.py:3239} INFO - Sync 1 DAGs
[2026-08-30T23:19:11.281+0330] {logging_mixin.py:190} INFO - [2026-08-30T23:19:11.281+0330] {dag.py:4180} INFO - Setting next_dagrun for tutorial_dag to None, run_after=None
[2026-08-30T23:19:11.323+0330] {processor.py:208} INFO - Processing /home/mmirnezamina/de_final_project/airflowenv/lib/python3.10/site-packages/airflow/example_dags/tutorial_dag.py took 0.149 seconds
[2026-08-30T23:19:42.008+0330] {processor.py:186} INFO - Started process (PID=14606) to work on /home/mmirnezamina/de_final_project/airflowenv/lib/python3.10/site-packages/airflow/example_dags/tutorial_dag.py
[2026-08-30T23:19:42.010+0330] {processor.py:914} INFO - Processing file /home/mmirnezamina/de_final_project/airflowenv/lib/python3.10/site-packages/airflow/example_dags/tutorial_dag.py for tasks to queue
[2026-08-30T23:19:42.011+0330] {logging_mixin.py:190} INFO - [2026-08-30T23:19:42.011+0330] {dagbag.py:588} INFO - Filling up the DagBag from /home/mmirnezamina/de_final_project/airflowenv/lib/python3.10/site-packages/airflow/example_dags/tutorial_dag.py
[2026-08-30T23:19:42.020+0330] {processor.py:925} INFO - DAG(s) 'tutorial_dag' retrieved from /home/mmirnezamina/de_final_project/airflowenv/lib/python3.10/site-packages/airflow/example_dags/tutorial_dag.py
[2026-08-30T23:19:42.056+0330] {logging_mixin.py:190} INFO - [2026-08-30T23:19:42.056+0330] {dag.py:3239} INFO - Sync 1 DAGs
[2026-08-30T23:19:42.077+0330] {logging_mixin.py:190} INFO - [2026-08-30T23:19:42.077+0330] {dag.py:4180} INFO - Setting next_dagrun for tutorial_dag to None, run_after=None
[2026-08-30T23:19:42.107+0330] {processor.py:208} INFO - Processing /home/mmirnezamina/de_final_project/airflowenv/lib/python3.10/site-packages/airflow/example_dags/tutorial_dag.py took 0.109 seconds
[2026-08-30T23:20:13.762+0330] {processor.py:186} INFO - Started process (PID=14730) to work on /home/mmirnezamina/de_final_project/airflowenv/lib/python3.10/site-packages/airflow/example_dags/tutorial_dag.py
[2026-08-30T23:20:13.777+0330] {processor.py:914} INFO - Processing file /home/mmirnezamina/de_final_project/airflowenv/lib/python3.10/site-packages/airflow/example_dags/tutorial_dag.py for tasks to queue
[2026-08-30T23:20:13.782+0330] {logging_mixin.py:190} INFO - [2026-08-30T23:20:13.781+0330] {dagbag.py:588} INFO - Filling up the DagBag from /home/mmirnezamina/de_final_project/airflowenv/lib/python3.10/site-packages/airflow/example_dags/tutorial_dag.py
[2026-08-30T23:20:13.807+0330] {processor.py:925} INFO - DAG(s) 'tutorial_dag' retrieved from /home/mmirnezamina/de_final_project/airflowenv/lib/python3.10/site-packages/airflow/example_dags/tutorial_dag.py
[2026-08-30T23:20:13.893+0330] {logging_mixin.py:190} INFO - [2026-08-30T23:20:13.892+0330] {dag.py:3239} INFO - Sync 1 DAGs
[2026-08-30T23:20:13.952+0330] {logging_mixin.py:190} INFO - [2026-08-30T23:20:13.951+0330] {dag.py:4180} INFO - Setting next_dagrun for tutorial_dag to None, run_after=None
[2026-08-30T23:20:14.036+0330] {processor.py:208} INFO - Processing /home/mmirnezamina/de_final_project/airflowenv/lib/python3.10/site-packages/airflow/example_dags/tutorial_dag.py took 0.309 seconds
[2026-08-30T23:20:45.004+0330] {processor.py:186} INFO - Started process (PID=14849) to work on /home/mmirnezamina/de_final_project/airflowenv/lib/python3.10/site-packages/airflow/example_dags/tutorial_dag.py
[2026-08-30T23:20:45.005+0330] {processor.py:914} INFO - Processing file /home/mmirnezamina/de_final_project/airflowenv/lib/python3.10/site-packages/airflow/example_dags/tutorial_dag.py for tasks to queue
[2026-08-30T23:20:45.006+0330] {logging_mixin.py:190} INFO - [2026-08-30T23:20:45.006+0330] {dagbag.py:588} INFO - Filling up the DagBag from /home/mmirnezamina/de_final_project/airflowenv/lib/python3.10/site-packages/airflow/example_dags/tutorial_dag.py
[2026-08-30T23:20:45.024+0330] {processor.py:925} INFO - DAG(s) 'tutorial_dag' retrieved from /home/mmirnezamina/de_final_project/airflowenv/lib/python3.10/site-packages/airflow/example_dags/tutorial_dag.py
[2026-08-30T23:20:45.058+0330] {logging_mixin.py:190} INFO - [2026-08-30T23:20:45.058+0330] {dag.py:3239} INFO - Sync 1 DAGs
[2026-08-30T23:20:45.072+0330] {logging_mixin.py:190} INFO - [2026-08-30T23:20:45.072+0330] {dag.py:4180} INFO - Setting next_dagrun for tutorial_dag to None, run_after=None
[2026-08-30T23:20:45.094+0330] {processor.py:208} INFO - Processing /home/mmirnezamina/de_final_project/airflowenv/lib/python3.10/site-packages/airflow/example_dags/tutorial_dag.py took 0.101 seconds
[2026-08-30T23:21:15.725+0330] {processor.py:186} INFO - Started process (PID=14969) to work on /home/mmirnezamina/de_final_project/airflowenv/lib/python3.10/site-packages/airflow/example_dags/tutorial_dag.py
[2026-08-30T23:21:15.727+0330] {processor.py:914} INFO - Processing file /home/mmirnezamina/de_final_project/airflowenv/lib/python3.10/site-packages/airflow/example_dags/tutorial_dag.py for tasks to queue
[2026-08-30T23:21:15.728+0330] {logging_mixin.py:190} INFO - [2026-08-30T23:21:15.728+0330] {dagbag.py:588} INFO - Filling up the DagBag from /home/mmirnezamina/de_final_project/airflowenv/lib/python3.10/site-packages/airflow/example_dags/tutorial_dag.py
[2026-08-30T23:21:15.735+0330] {processor.py:925} INFO - DAG(s) 'tutorial_dag' retrieved from /home/mmirnezamina/de_final_project/airflowenv/lib/python3.10/site-packages/airflow/example_dags/tutorial_dag.py
[2026-08-30T23:21:15.768+0330] {logging_mixin.py:190} INFO - [2026-08-30T23:21:15.768+0330] {dag.py:3239} INFO - Sync 1 DAGs
[2026-08-30T23:21:15.787+0330] {logging_mixin.py:190} INFO - [2026-08-30T23:21:15.787+0330] {dag.py:4180} INFO - Setting next_dagrun for tutorial_dag to None, run_after=None
[2026-08-30T23:21:15.817+0330] {processor.py:208} INFO - Processing /home/mmirnezamina/de_final_project/airflowenv/lib/python3.10/site-packages/airflow/example_dags/tutorial_dag.py took 0.100 seconds
[2026-08-30T23:21:46.138+0330] {processor.py:186} INFO - Started process (PID=15086) to work on /home/mmirnezamina/de_final_project/airflowenv/lib/python3.10/site-packages/airflow/example_dags/tutorial_dag.py
[2026-08-30T23:21:46.139+0330] {processor.py:914} INFO - Processing file /home/mmirnezamina/de_final_project/airflowenv/lib/python3.10/site-packages/airflow/example_dags/tutorial_dag.py for tasks to queue
[2026-08-30T23:21:46.140+0330] {logging_mixin.py:190} INFO - [2026-08-30T23:21:46.140+0330] {dagbag.py:588} INFO - Filling up the DagBag from /home/mmirnezamina/de_final_project/airflowenv/lib/python3.10/site-packages/airflow/example_dags/tutorial_dag.py
[2026-08-30T23:21:46.147+0330] {processor.py:925} INFO - DAG(s) 'tutorial_dag' retrieved from /home/mmirnezamina/de_final_project/airflowenv/lib/python3.10/site-packages/airflow/example_dags/tutorial_dag.py
[2026-08-30T23:21:46.173+0330] {logging_mixin.py:190} INFO - [2026-08-30T23:21:46.172+0330] {dag.py:3239} INFO - Sync 1 DAGs
[2026-08-30T23:21:46.187+0330] {logging_mixin.py:190} INFO - [2026-08-30T23:21:46.187+0330] {dag.py:4180} INFO - Setting next_dagrun for tutorial_dag to None, run_after=None
[2026-08-30T23:21:46.210+0330] {processor.py:208} INFO - Processing /home/mmirnezamina/de_final_project/airflowenv/lib/python3.10/site-packages/airflow/example_dags/tutorial_dag.py took 0.078 seconds
[2026-08-30T23:22:16.335+0330] {processor.py:186} INFO - Started process (PID=15207) to work on /home/mmirnezamina/de_final_project/airflowenv/lib/python3.10/site-packages/airflow/example_dags/tutorial_dag.py
[2026-08-30T23:22:16.337+0330] {processor.py:914} INFO - Processing file /home/mmirnezamina/de_final_project/airflowenv/lib/python3.10/site-packages/airflow/example_dags/tutorial_dag.py for tasks to queue
[2026-08-30T23:22:16.338+0330] {logging_mixin.py:190} INFO - [2026-08-30T23:22:16.338+0330] {dagbag.py:588} INFO - Filling up the DagBag from /home/mmirnezamina/de_final_project/airflowenv/lib/python3.10/site-packages/airflow/example_dags/tutorial_dag.py
[2026-08-30T23:22:16.350+0330] {processor.py:925} INFO - DAG(s) 'tutorial_dag' retrieved from /home/mmirnezamina/de_final_project/airflowenv/lib/python3.10/site-packages/airflow/example_dags/tutorial_dag.py
[2026-08-30T23:22:16.400+0330] {logging_mixin.py:190} INFO - [2026-08-30T23:22:16.399+0330] {dag.py:3239} INFO - Sync 1 DAGs
[2026-08-30T23:22:16.428+0330] {logging_mixin.py:190} INFO - [2026-08-30T23:22:16.428+0330] {dag.py:4180} INFO - Setting next_dagrun for tutorial_dag to None, run_after=None
[2026-08-30T23:22:16.462+0330] {processor.py:208} INFO - Processing /home/mmirnezamina/de_final_project/airflowenv/lib/python3.10/site-packages/airflow/example_dags/tutorial_dag.py took 0.141 seconds
[2026-08-30T23:22:46.840+0330] {processor.py:186} INFO - Started process (PID=15318) to work on /home/mmirnezamina/de_final_project/airflowenv/lib/python3.10/site-packages/airflow/example_dags/tutorial_dag.py
[2026-08-30T23:22:46.842+0330] {processor.py:914} INFO - Processing file /home/mmirnezamina/de_final_project/airflowenv/lib/python3.10/site-packages/airflow/example_dags/tutorial_dag.py for tasks to queue
[2026-08-30T23:22:46.844+0330] {logging_mixin.py:190} INFO - [2026-08-30T23:22:46.844+0330] {dagbag.py:588} INFO - Filling up the DagBag from /home/mmirnezamina/de_final_project/airflowenv/lib/python3.10/site-packages/airflow/example_dags/tutorial_dag.py
[2026-08-30T23:22:46.856+0330] {processor.py:925} INFO - DAG(s) 'tutorial_dag' retrieved from /home/mmirnezamina/de_final_project/airflowenv/lib/python3.10/site-packages/airflow/example_dags/tutorial_dag.py
[2026-08-30T23:22:46.896+0330] {logging_mixin.py:190} INFO - [2026-08-30T23:22:46.895+0330] {dag.py:3239} INFO - Sync 1 DAGs
[2026-08-30T23:22:46.918+0330] {logging_mixin.py:190} INFO - [2026-08-30T23:22:46.918+0330] {dag.py:4180} INFO - Setting next_dagrun for tutorial_dag to None, run_after=None
[2026-08-30T23:22:46.958+0330] {processor.py:208} INFO - Processing /home/mmirnezamina/de_final_project/airflowenv/lib/python3.10/site-packages/airflow/example_dags/tutorial_dag.py took 0.131 seconds
[2026-08-30T23:23:17.794+0330] {processor.py:186} INFO - Started process (PID=15437) to work on /home/mmirnezamina/de_final_project/airflowenv/lib/python3.10/site-packages/airflow/example_dags/tutorial_dag.py
[2026-08-30T23:23:17.796+0330] {processor.py:914} INFO - Processing file /home/mmirnezamina/de_final_project/airflowenv/lib/python3.10/site-packages/airflow/example_dags/tutorial_dag.py for tasks to queue
[2026-08-30T23:23:17.799+0330] {logging_mixin.py:190} INFO - [2026-08-30T23:23:17.798+0330] {dagbag.py:588} INFO - Filling up the DagBag from /home/mmirnezamina/de_final_project/airflowenv/lib/python3.10/site-packages/airflow/example_dags/tutorial_dag.py
[2026-08-30T23:23:17.814+0330] {processor.py:925} INFO - DAG(s) 'tutorial_dag' retrieved from /home/mmirnezamina/de_final_project/airflowenv/lib/python3.10/site-packages/airflow/example_dags/tutorial_dag.py
[2026-08-30T23:23:17.883+0330] {logging_mixin.py:190} INFO - [2026-08-30T23:23:17.883+0330] {dag.py:3239} INFO - Sync 1 DAGs
[2026-08-30T23:23:17.930+0330] {logging_mixin.py:190} INFO - [2026-08-30T23:23:17.929+0330] {dag.py:4180} INFO - Setting next_dagrun for tutorial_dag to None, run_after=None
[2026-08-30T23:23:17.986+0330] {processor.py:208} INFO - Processing /home/mmirnezamina/de_final_project/airflowenv/lib/python3.10/site-packages/airflow/example_dags/tutorial_dag.py took 0.208 seconds
[2026-08-30T23:23:48.573+0330] {processor.py:186} INFO - Started process (PID=15554) to work on /home/mmirnezamina/de_final_project/airflowenv/lib/python3.10/site-packages/airflow/example_dags/tutorial_dag.py
[2026-08-30T23:23:48.573+0330] {processor.py:914} INFO - Processing file /home/mmirnezamina/de_final_project/airflowenv/lib/python3.10/site-packages/airflow/example_dags/tutorial_dag.py for tasks to queue
[2026-08-30T23:23:48.575+0330] {logging_mixin.py:190} INFO - [2026-08-30T23:23:48.574+0330] {dagbag.py:588} INFO - Filling up the DagBag from /home/mmirnezamina/de_final_project/airflowenv/lib/python3.10/site-packages/airflow/example_dags/tutorial_dag.py
[2026-08-30T23:23:48.582+0330] {processor.py:925} INFO - DAG(s) 'tutorial_dag' retrieved from /home/mmirnezamina/de_final_project/airflowenv/lib/python3.10/site-packages/airflow/example_dags/tutorial_dag.py
[2026-08-30T23:23:48.613+0330] {logging_mixin.py:190} INFO - [2026-08-30T23:23:48.613+0330] {dag.py:3239} INFO - Sync 1 DAGs
[2026-08-30T23:23:48.634+0330] {logging_mixin.py:190} INFO - [2026-08-30T23:23:48.634+0330] {dag.py:4180} INFO - Setting next_dagrun for tutorial_dag to None, run_after=None
[2026-08-30T23:23:48.671+0330] {processor.py:208} INFO - Processing /home/mmirnezamina/de_final_project/airflowenv/lib/python3.10/site-packages/airflow/example_dags/tutorial_dag.py took 0.106 seconds
[2026-08-30T23:24:19.406+0330] {processor.py:186} INFO - Started process (PID=15675) to work on /home/mmirnezamina/de_final_project/airflowenv/lib/python3.10/site-packages/airflow/example_dags/tutorial_dag.py
[2026-08-30T23:24:19.408+0330] {processor.py:914} INFO - Processing file /home/mmirnezamina/de_final_project/airflowenv/lib/python3.10/site-packages/airflow/example_dags/tutorial_dag.py for tasks to queue
[2026-08-30T23:24:19.410+0330] {logging_mixin.py:190} INFO - [2026-08-30T23:24:19.409+0330] {dagbag.py:588} INFO - Filling up the DagBag from /home/mmirnezamina/de_final_project/airflowenv/lib/python3.10/site-packages/airflow/example_dags/tutorial_dag.py
[2026-08-30T23:24:19.422+0330] {processor.py:925} INFO - DAG(s) 'tutorial_dag' retrieved from /home/mmirnezamina/de_final_project/airflowenv/lib/python3.10/site-packages/airflow/example_dags/tutorial_dag.py
[2026-08-30T23:24:19.461+0330] {logging_mixin.py:190} INFO - [2026-08-30T23:24:19.460+0330] {dag.py:3239} INFO - Sync 1 DAGs
[2026-08-30T23:24:19.483+0330] {logging_mixin.py:190} INFO - [2026-08-30T23:24:19.483+0330] {dag.py:4180} INFO - Setting next_dagrun for tutorial_dag to None, run_after=None
[2026-08-30T23:24:19.517+0330] {processor.py:208} INFO - Processing /home/mmirnezamina/de_final_project/airflowenv/lib/python3.10/site-packages/airflow/example_dags/tutorial_dag.py took 0.125 seconds
[2026-08-30T23:24:50.429+0330] {processor.py:186} INFO - Started process (PID=15791) to work on /home/mmirnezamina/de_final_project/airflowenv/lib/python3.10/site-packages/airflow/example_dags/tutorial_dag.py
[2026-08-30T23:24:50.430+0330] {processor.py:914} INFO - Processing file /home/mmirnezamina/de_final_project/airflowenv/lib/python3.10/site-packages/airflow/example_dags/tutorial_dag.py for tasks to queue
[2026-08-30T23:24:50.433+0330] {logging_mixin.py:190} INFO - [2026-08-30T23:24:50.432+0330] {dagbag.py:588} INFO - Filling up the DagBag from /home/mmirnezamina/de_final_project/airflowenv/lib/python3.10/site-packages/airflow/example_dags/tutorial_dag.py
[2026-08-30T23:24:50.445+0330] {processor.py:925} INFO - DAG(s) 'tutorial_dag' retrieved from /home/mmirnezamina/de_final_project/airflowenv/lib/python3.10/site-packages/airflow/example_dags/tutorial_dag.py
[2026-08-30T23:24:50.485+0330] {logging_mixin.py:190} INFO - [2026-08-30T23:24:50.484+0330] {dag.py:3239} INFO - Sync 1 DAGs
[2026-08-30T23:24:50.509+0330] {logging_mixin.py:190} INFO - [2026-08-30T23:24:50.508+0330] {dag.py:4180} INFO - Setting next_dagrun for tutorial_dag to None, run_after=None
[2026-08-30T23:24:50.539+0330] {processor.py:208} INFO - Processing /home/mmirnezamina/de_final_project/airflowenv/lib/python3.10/site-packages/airflow/example_dags/tutorial_dag.py took 0.123 seconds
[2026-08-30T23:25:20.692+0330] {processor.py:186} INFO - Started process (PID=15941) to work on /home/mmirnezamina/de_final_project/airflowenv/lib/python3.10/site-packages/airflow/example_dags/tutorial_dag.py
[2026-08-30T23:25:20.694+0330] {processor.py:914} INFO - Processing file /home/mmirnezamina/de_final_project/airflowenv/lib/python3.10/site-packages/airflow/example_dags/tutorial_dag.py for tasks to queue
[2026-08-30T23:25:20.697+0330] {logging_mixin.py:190} INFO - [2026-08-30T23:25:20.696+0330] {dagbag.py:588} INFO - Filling up the DagBag from /home/mmirnezamina/de_final_project/airflowenv/lib/python3.10/site-packages/airflow/example_dags/tutorial_dag.py
[2026-08-30T23:25:20.709+0330] {processor.py:925} INFO - DAG(s) 'tutorial_dag' retrieved from /home/mmirnezamina/de_final_project/airflowenv/lib/python3.10/site-packages/airflow/example_dags/tutorial_dag.py
[2026-08-30T23:25:20.756+0330] {logging_mixin.py:190} INFO - [2026-08-30T23:25:20.756+0330] {dag.py:3239} INFO - Sync 1 DAGs
[2026-08-30T23:25:20.786+0330] {logging_mixin.py:190} INFO - [2026-08-30T23:25:20.786+0330] {dag.py:4180} INFO - Setting next_dagrun for tutorial_dag to None, run_after=None
[2026-08-30T23:25:20.826+0330] {processor.py:208} INFO - Processing /home/mmirnezamina/de_final_project/airflowenv/lib/python3.10/site-packages/airflow/example_dags/tutorial_dag.py took 0.148 seconds
[2026-08-30T23:25:51.716+0330] {processor.py:186} INFO - Started process (PID=16073) to work on /home/mmirnezamina/de_final_project/airflowenv/lib/python3.10/site-packages/airflow/example_dags/tutorial_dag.py
[2026-08-30T23:25:51.717+0330] {processor.py:914} INFO - Processing file /home/mmirnezamina/de_final_project/airflowenv/lib/python3.10/site-packages/airflow/example_dags/tutorial_dag.py for tasks to queue
[2026-08-30T23:25:51.718+0330] {logging_mixin.py:190} INFO - [2026-08-30T23:25:51.718+0330] {dagbag.py:588} INFO - Filling up the DagBag from /home/mmirnezamina/de_final_project/airflowenv/lib/python3.10/site-packages/airflow/example_dags/tutorial_dag.py
[2026-08-30T23:25:51.727+0330] {processor.py:925} INFO - DAG(s) 'tutorial_dag' retrieved from /home/mmirnezamina/de_final_project/airflowenv/lib/python3.10/site-packages/airflow/example_dags/tutorial_dag.py
[2026-08-30T23:25:51.762+0330] {logging_mixin.py:190} INFO - [2026-08-30T23:25:51.762+0330] {dag.py:3239} INFO - Sync 1 DAGs
[2026-08-30T23:25:51.782+0330] {logging_mixin.py:190} INFO - [2026-08-30T23:25:51.782+0330] {dag.py:4180} INFO - Setting next_dagrun for tutorial_dag to None, run_after=None
[2026-08-30T23:25:51.815+0330] {processor.py:208} INFO - Processing /home/mmirnezamina/de_final_project/airflowenv/lib/python3.10/site-packages/airflow/example_dags/tutorial_dag.py took 0.111 seconds
[2026-08-30T23:26:22.445+0330] {processor.py:186} INFO - Started process (PID=16193) to work on /home/mmirnezamina/de_final_project/airflowenv/lib/python3.10/site-packages/airflow/example_dags/tutorial_dag.py
[2026-08-30T23:26:22.447+0330] {processor.py:914} INFO - Processing file /home/mmirnezamina/de_final_project/airflowenv/lib/python3.10/site-packages/airflow/example_dags/tutorial_dag.py for tasks to queue
[2026-08-30T23:26:22.451+0330] {logging_mixin.py:190} INFO - [2026-08-30T23:26:22.450+0330] {dagbag.py:588} INFO - Filling up the DagBag from /home/mmirnezamina/de_final_project/airflowenv/lib/python3.10/site-packages/airflow/example_dags/tutorial_dag.py
[2026-08-30T23:26:22.475+0330] {processor.py:925} INFO - DAG(s) 'tutorial_dag' retrieved from /home/mmirnezamina/de_final_project/airflowenv/lib/python3.10/site-packages/airflow/example_dags/tutorial_dag.py
[2026-08-30T23:26:22.554+0330] {logging_mixin.py:190} INFO - [2026-08-30T23:26:22.554+0330] {dag.py:3239} INFO - Sync 1 DAGs
[2026-08-30T23:26:22.597+0330] {logging_mixin.py:190} INFO - [2026-08-30T23:26:22.596+0330] {dag.py:4180} INFO - Setting next_dagrun for tutorial_dag to None, run_after=None
[2026-08-30T23:26:22.665+0330] {processor.py:208} INFO - Processing /home/mmirnezamina/de_final_project/airflowenv/lib/python3.10/site-packages/airflow/example_dags/tutorial_dag.py took 0.242 seconds
[2026-08-30T23:26:53.023+0330] {processor.py:186} INFO - Started process (PID=16310) to work on /home/mmirnezamina/de_final_project/airflowenv/lib/python3.10/site-packages/airflow/example_dags/tutorial_dag.py
[2026-08-30T23:26:53.024+0330] {processor.py:914} INFO - Processing file /home/mmirnezamina/de_final_project/airflowenv/lib/python3.10/site-packages/airflow/example_dags/tutorial_dag.py for tasks to queue
[2026-08-30T23:26:53.026+0330] {logging_mixin.py:190} INFO - [2026-08-30T23:26:53.026+0330] {dagbag.py:588} INFO - Filling up the DagBag from /home/mmirnezamina/de_final_project/airflowenv/lib/python3.10/site-packages/airflow/example_dags/tutorial_dag.py
[2026-08-30T23:26:53.043+0330] {processor.py:925} INFO - DAG(s) 'tutorial_dag' retrieved from /home/mmirnezamina/de_final_project/airflowenv/lib/python3.10/site-packages/airflow/example_dags/tutorial_dag.py
[2026-08-30T23:26:53.100+0330] {logging_mixin.py:190} INFO - [2026-08-30T23:26:53.100+0330] {dag.py:3239} INFO - Sync 1 DAGs
[2026-08-30T23:26:53.127+0330] {logging_mixin.py:190} INFO - [2026-08-30T23:26:53.126+0330] {dag.py:4180} INFO - Setting next_dagrun for tutorial_dag to None, run_after=None
[2026-08-30T23:26:53.165+0330] {processor.py:208} INFO - Processing /home/mmirnezamina/de_final_project/airflowenv/lib/python3.10/site-packages/airflow/example_dags/tutorial_dag.py took 0.161 seconds
[2026-08-30T23:27:42.611+0330] {processor.py:186} INFO - Started process (PID=16454) to work on /home/mmirnezamina/de_final_project/airflowenv/lib/python3.10/site-packages/airflow/example_dags/tutorial_dag.py
[2026-08-30T23:27:42.612+0330] {processor.py:914} INFO - Processing file /home/mmirnezamina/de_final_project/airflowenv/lib/python3.10/site-packages/airflow/example_dags/tutorial_dag.py for tasks to queue
[2026-08-30T23:27:42.613+0330] {logging_mixin.py:190} INFO - [2026-08-30T23:27:42.613+0330] {dagbag.py:588} INFO - Filling up the DagBag from /home/mmirnezamina/de_final_project/airflowenv/lib/python3.10/site-packages/airflow/example_dags/tutorial_dag.py
[2026-08-30T23:27:42.621+0330] {processor.py:925} INFO - DAG(s) 'tutorial_dag' retrieved from /home/mmirnezamina/de_final_project/airflowenv/lib/python3.10/site-packages/airflow/example_dags/tutorial_dag.py
[2026-08-30T23:27:42.733+0330] {logging_mixin.py:190} INFO - [2026-08-30T23:27:42.733+0330] {override.py:1930} INFO - Created Permission View: can delete on DAG:tutorial_dag
[2026-08-30T23:27:42.752+0330] {logging_mixin.py:190} INFO - [2026-08-30T23:27:42.752+0330] {override.py:1930} INFO - Created Permission View: can read on DAG:tutorial_dag
[2026-08-30T23:27:42.767+0330] {logging_mixin.py:190} INFO - [2026-08-30T23:27:42.767+0330] {override.py:1930} INFO - Created Permission View: can edit on DAG:tutorial_dag
[2026-08-30T23:27:42.792+0330] {logging_mixin.py:190} INFO - [2026-08-30T23:27:42.791+0330] {override.py:1930} INFO - Created Permission View: can create on DAG Run:tutorial_dag
[2026-08-30T23:27:42.806+0330] {logging_mixin.py:190} INFO - [2026-08-30T23:27:42.805+0330] {override.py:1930} INFO - Created Permission View: can delete on DAG Run:tutorial_dag
[2026-08-30T23:27:42.822+0330] {logging_mixin.py:190} INFO - [2026-08-30T23:27:42.822+0330] {override.py:1930} INFO - Created Permission View: can read on DAG Run:tutorial_dag
[2026-08-30T23:27:42.839+0330] {logging_mixin.py:190} INFO - [2026-08-30T23:27:42.839+0330] {override.py:1930} INFO - Created Permission View: menu access on DAG Run:tutorial_dag
[2026-08-30T23:27:42.840+0330] {logging_mixin.py:190} INFO - [2026-08-30T23:27:42.840+0330] {dag.py:3239} INFO - Sync 1 DAGs
[2026-08-30T23:27:42.850+0330] {logging_mixin.py:190} INFO - [2026-08-30T23:27:42.850+0330] {dag.py:3262} INFO - Creating ORM DAG for tutorial_dag
[2026-08-30T23:27:42.850+0330] {logging_mixin.py:190} INFO - [2026-08-30T23:27:42.850+0330] {dag.py:4180} INFO - Setting next_dagrun for tutorial_dag to None, run_after=None
[2026-08-30T23:27:42.879+0330] {processor.py:208} INFO - Processing /home/mmirnezamina/de_final_project/airflowenv/lib/python3.10/site-packages/airflow/example_dags/tutorial_dag.py took 0.275 seconds
