[2026-08-30T23:13:30.909+0330] {processor.py:186} INFO - Started process (PID=13110) to work on /home/mmirnezamina/de_final_project/airflowenv/lib/python3.10/site-packages/airflow/example_dags/tutorial_taskflow_api.py
[2026-08-30T23:13:30.912+0330] {processor.py:914} INFO - Processing file /home/mmirnezamina/de_final_project/airflowenv/lib/python3.10/site-packages/airflow/example_dags/tutorial_taskflow_api.py for tasks to queue
[2026-08-30T23:13:30.916+0330] {logging_mixin.py:190} INFO - [2026-08-30T23:13:30.915+0330] {dagbag.py:588} INFO - Filling up the DagBag from /home/mmirnezamina/de_final_project/airflowenv/lib/python3.10/site-packages/airflow/example_dags/tutorial_taskflow_api.py
[2026-08-30T23:13:30.951+0330] {processor.py:925} INFO - DAG(s) 'tutorial_taskflow_api' retrieved from /home/mmirnezamina/de_final_project/airflowenv/lib/python3.10/site-packages/airflow/example_dags/tutorial_taskflow_api.py
[2026-08-30T23:13:31.501+0330] {logging_mixin.py:190} INFO - [2026-08-30T23:13:31.495+0330] {override.py:1930} INFO - Created Permission View: can edit on DAG:tutorial_taskflow_api
[2026-08-30T23:13:31.550+0330] {logging_mixin.py:190} INFO - [2026-08-30T23:13:31.548+0330] {override.py:1930} INFO - Created Permission View: can read on DAG:tutorial_taskflow_api
[2026-08-30T23:13:31.611+0330] {logging_mixin.py:190} INFO - [2026-08-30T23:13:31.609+0330] {override.py:1930} INFO - Created Permission View: can delete on DAG:tutorial_taskflow_api
[2026-08-30T23:13:31.663+0330] {logging_mixin.py:190} INFO - [2026-08-30T23:13:31.662+0330] {override.py:1930} INFO - Created Permission View: menu access on DAG Run:tutorial_taskflow_api
[2026-08-30T23:13:31.718+0330] {logging_mixin.py:190} INFO - [2026-08-30T23:13:31.717+0330] {override.py:1930} INFO - Created Permission View: can create on DAG Run:tutorial_taskflow_api
[2026-08-30T23:13:31.755+0330] {logging_mixin.py:190} INFO - [2026-08-30T23:13:31.754+0330] {override.py:1930} INFO - Created Permission View: can read on DAG Run:tutorial_taskflow_api
[2026-08-30T23:13:31.786+0330] {logging_mixin.py:190} INFO - [2026-08-30T23:13:31.785+0330] {override.py:1930} INFO - Created Permission View: can delete on DAG Run:tutorial_taskflow_api
[2026-08-30T23:13:31.789+0330] {logging_mixin.py:190} INFO - [2026-08-30T23:13:31.788+0330] {dag.py:3239} INFO - Sync 1 DAGs
[2026-08-30T23:13:31.881+0330] {logging_mixin.py:190} INFO - [2026-08-30T23:13:31.880+0330] {dag.py:3262} INFO - Creating ORM DAG for tutorial_taskflow_api
[2026-08-30T23:13:31.883+0330] {logging_mixin.py:190} INFO - [2026-08-30T23:13:31.882+0330] {dag.py:4180} INFO - Setting next_dagrun for tutorial_taskflow_api to None, run_after=None
[2026-08-30T23:13:32.031+0330] {processor.py:208} INFO - Processing /home/mmirnezamina/de_final_project/airflowenv/lib/python3.10/site-packages/airflow/example_dags/tutorial_taskflow_api.py took 1.165 seconds
[2026-08-30T23:14:02.188+0330] {processor.py:186} INFO - Started process (PID=13242) to work on /home/mmirnezamina/de_final_project/airflowenv/lib/python3.10/site-packages/airflow/example_dags/tutorial_taskflow_api.py
[2026-08-30T23:14:02.190+0330] {processor.py:914} INFO - Processing file /home/mmirnezamina/de_final_project/airflowenv/lib/python3.10/site-packages/airflow/example_dags/tutorial_taskflow_api.py for tasks to queue
[2026-08-30T23:14:02.192+0330] {logging_mixin.py:190} INFO - [2026-08-30T23:14:02.191+0330] {dagbag.py:588} INFO - Filling up the DagBag from /home/mmirnezamina/de_final_project/airflowenv/lib/python3.10/site-packages/airflow/example_dags/tutorial_taskflow_api.py
[2026-08-30T23:14:02.207+0330] {processor.py:925} INFO - DAG(s) 'tutorial_taskflow_api' retrieved from /home/mmirnezamina/de_final_project/airflowenv/lib/python3.10/site-packages/airflow/example_dags/tutorial_taskflow_api.py
[2026-08-30T23:14:02.255+0330] {logging_mixin.py:190} INFO - [2026-08-30T23:14:02.255+0330] {dag.py:3239} INFO - Sync 1 DAGs
[2026-08-30T23:14:02.284+0330] {logging_mixin.py:190} INFO - [2026-08-30T23:14:02.283+0330] {dag.py:4180} INFO - Setting next_dagrun for tutorial_taskflow_api to None, run_after=None
[2026-08-30T23:14:02.327+0330] {processor.py:208} INFO - Processing /home/mmirnezamina/de_final_project/airflowenv/lib/python3.10/site-packages/airflow/example_dags/tutorial_taskflow_api.py took 0.157 seconds
[2026-08-30T23:14:32.415+0330] {processor.py:186} INFO - Started process (PID=13360) to work on /home/mmirnezamina/de_final_project/airflowenv/lib/python3.10/site-packages/airflow/example_dags/tutorial_taskflow_api.py
[2026-08-30T23:14:32.416+0330] {processor.py:914} INFO - Processing file /home/mmirnezamina/de_final_project/airflowenv/lib/python3.10/site-packages/airflow/example_dags/tutorial_taskflow_api.py for tasks to queue
[2026-08-30T23:14:32.418+0330] {logging_mixin.py:190} INFO - [2026-08-30T23:14:32.417+0330] {dagbag.py:588} INFO - Filling up the DagBag from /home/mmirnezamina/de_final_project/airflowenv/lib/python3.10/site-packages/airflow/example_dags/tutorial_taskflow_api.py
[2026-08-30T23:14:32.427+0330] {processor.py:925} INFO - DAG(s) 'tutorial_taskflow_api' retrieved from /home/mmirnezamina/de_final_project/airflowenv/lib/python3.10/site-packages/airflow/example_dags/tutorial_taskflow_api.py
[2026-08-30T23:14:32.462+0330] {logging_mixin.py:190} INFO - [2026-08-30T23:14:32.461+0330] {dag.py:3239} INFO - Sync 1 DAGs
[2026-08-30T23:14:32.480+0330] {logging_mixin.py:190} INFO - [2026-08-30T23:14:32.480+0330] {dag.py:4180} INFO - Setting next_dagrun for tutorial_taskflow_api to None, run_after=None
[2026-08-30T23:14:32.507+0330] {processor.py:208} INFO - Processing /home/mmirnezamina/de_final_project/airflowenv/lib/python3.10/site-packages/airflow/example_dags/tutorial_taskflow_api.py took 0.104 seconds
[2026-08-30T23:15:02.769+0330] {processor.py:186} INFO - Started process (PID=13479) to work on /home/mmirnezamina/de_final_project/airflowenv/lib/python3.10/site-packages/airflow/example_dags/tutorial_taskflow_api.py
[2026-08-30T23:15:02.772+0330] {processor.py:914} INFO - Processing file /home/mmirnezamina/de_final_project/airflowenv/lib/python3.10/site-packages/airflow/example_dags/tutorial_taskflow_api.py for tasks to queue
[2026-08-30T23:15:02.774+0330] {logging_mixin.py:190} INFO - [2026-08-30T23:15:02.773+0330] {dagbag.py:588} INFO - Filling up the DagBag from /home/mmirnezamina/de_final_project/airflowenv/lib/python3.10/site-packages/airflow/example_dags/tutorial_taskflow_api.py
[2026-08-30T23:15:02.790+0330] {processor.py:925} INFO - DAG(s) 'tutorial_taskflow_api' retrieved from /home/mmirnezamina/de_final_project/airflowenv/lib/python3.10/site-packages/airflow/example_dags/tutorial_taskflow_api.py
[2026-08-30T23:15:02.877+0330] {logging_mixin.py:190} INFO - [2026-08-30T23:15:02.876+0330] {dag.py:3239} INFO - Sync 1 DAGs
[2026-08-30T23:15:02.927+0330] {logging_mixin.py:190} INFO - [2026-08-30T23:15:02.926+0330] {dag.py:4180} INFO - Setting next_dagrun for tutorial_taskflow_api to None, run_after=None
[2026-08-30T23:15:02.994+0330] {processor.py:208} INFO - Processing /home/mmirnezamina/de_final_project/airflowenv/lib/python3.10/site-packages/airflow/example_dags/tutorial_taskflow_api.py took 0.241 seconds
[2026-08-30T23:15:33.451+0330] {processor.py:186} INFO - Started process (PID=13599) to work on /home/mmirnezamina/de_final_project/airflowenv/lib/python3.10/site-packages/airflow/example_dags/tutorial_taskflow_api.py
[2026-08-30T23:15:33.455+0330] {processor.py:914} INFO - Processing file /home/mmirnezamina/de_final_project/airflowenv/lib/python3.10/site-packages/airflow/example_dags/tutorial_taskflow_api.py for tasks to queue
[2026-08-30T23:15:33.458+0330] {logging_mixin.py:190} INFO - [2026-08-30T23:15:33.457+0330] {dagbag.py:588} INFO - Filling up the DagBag from /home/mmirnezamina/de_final_project/airflowenv/lib/python3.10/site-packages/airflow/example_dags/tutorial_taskflow_api.py
[2026-08-30T23:15:33.486+0330] {processor.py:925} INFO - DAG(s) 'tutorial_taskflow_api' retrieved from /home/mmirnezamina/de_final_project/airflowenv/lib/python3.10/site-packages/airflow/example_dags/tutorial_taskflow_api.py
[2026-08-30T23:15:33.572+0330] {logging_mixin.py:190} INFO - [2026-08-30T23:15:33.571+0330] {dag.py:3239} INFO - Sync 1 DAGs
[2026-08-30T23:15:33.627+0330] {logging_mixin.py:190} INFO - [2026-08-30T23:15:33.626+0330] {dag.py:4180} INFO - Setting next_dagrun for tutorial_taskflow_api to None, run_after=None
[2026-08-30T23:15:33.683+0330] {processor.py:208} INFO - Processing /home/mmirnezamina/de_final_project/airflowenv/lib/python3.10/site-packages/airflow/example_dags/tutorial_taskflow_api.py took 0.261 seconds
[2026-08-30T23:16:03.932+0330] {processor.py:186} INFO - Started process (PID=13718) to work on /home/mmirnezamina/de_final_project/airflowenv/lib/python3.10/site-packages/airflow/example_dags/tutorial_taskflow_api.py
[2026-08-30T23:16:03.934+0330] {processor.py:914} INFO - Processing file /home/mmirnezamina/de_final_project/airflowenv/lib/python3.10/site-packages/airflow/example_dags/tutorial_taskflow_api.py for tasks to queue
[2026-08-30T23:16:03.937+0330] {logging_mixin.py:190} INFO - [2026-08-30T23:16:03.936+0330] {dagbag.py:588} INFO - Filling up the DagBag from /home/mmirnezamina/de_final_project/airflowenv/lib/python3.10/site-packages/airflow/example_dags/tutorial_taskflow_api.py
[2026-08-30T23:16:03.953+0330] {processor.py:925} INFO - DAG(s) 'tutorial_taskflow_api' retrieved from /home/mmirnezamina/de_final_project/airflowenv/lib/python3.10/site-packages/airflow/example_dags/tutorial_taskflow_api.py
[2026-08-30T23:16:04.012+0330] {logging_mixin.py:190} INFO - [2026-08-30T23:16:04.012+0330] {dag.py:3239} INFO - Sync 1 DAGs
[2026-08-30T23:16:04.045+0330] {logging_mixin.py:190} INFO - [2026-08-30T23:16:04.045+0330] {dag.py:4180} INFO - Setting next_dagrun for tutorial_taskflow_api to None, run_after=None
[2026-08-30T23:16:04.091+0330] {processor.py:208} INFO - Processing /home/mmirnezamina/de_final_project/airflowenv/lib/python3.10/site-packages/airflow/example_dags/tutorial_taskflow_api.py took 0.181 seconds
[2026-08-30T23:16:34.978+0330] {processor.py:186} INFO - Started process (PID=13835) to work on /home/mmirnezamina/de_final_project/airflowenv/lib/python3.10/site-packages/airflow/example_dags/tutorial_taskflow_api.py
[2026-08-30T23:16:34.982+0330] {processor.py:914} INFO - Processing file /home/mmirnezamina/de_final_project/airflowenv/lib/python3.10/site-packages/airflow/example_dags/tutorial_taskflow_api.py for tasks to queue
[2026-08-30T23:16:34.986+0330] {logging_mixin.py:190} INFO - [2026-08-30T23:16:34.985+0330] {dagbag.py:588} INFO - Filling up the DagBag from /home/mmirnezamina/de_final_project/airflowenv/lib/python3.10/site-packages/airflow/example_dags/tutorial_taskflow_api.py
[2026-08-30T23:16:35.012+0330] {processor.py:925} INFO - DAG(s) 'tutorial_taskflow_api' retrieved from /home/mmirnezamina/de_final_project/airflowenv/lib/python3.10/site-packages/airflow/example_dags/tutorial_taskflow_api.py
[2026-08-30T23:16:35.100+0330] {logging_mixin.py:190} INFO - [2026-08-30T23:16:35.099+0330] {dag.py:3239} INFO - Sync 1 DAGs
[2026-08-30T23:16:35.170+0330] {logging_mixin.py:190} INFO - [2026-08-30T23:16:35.167+0330] {dag.py:4180} INFO - Setting next_dagrun for tutorial_taskflow_api to None, run_after=None
[2026-08-30T23:16:35.261+0330] {processor.py:208} INFO - Processing /home/mmirnezamina/de_final_project/airflowenv/lib/python3.10/site-packages/airflow/example_dags/tutorial_taskflow_api.py took 0.315 seconds
[2026-08-30T23:17:06.138+0330] {processor.py:186} INFO - Started process (PID=14002) to work on /home/mmirnezamina/de_final_project/airflowenv/lib/python3.10/site-packages/airflow/example_dags/tutorial_taskflow_api.py
[2026-08-30T23:17:06.142+0330] {processor.py:914} INFO - Processing file /home/mmirnezamina/de_final_project/airflowenv/lib/python3.10/site-packages/airflow/example_dags/tutorial_taskflow_api.py for tasks to queue
[2026-08-30T23:17:06.148+0330] {logging_mixin.py:190} INFO - [2026-08-30T23:17:06.147+0330] {dagbag.py:588} INFO - Filling up the DagBag from /home/mmirnezamina/de_final_project/airflowenv/lib/python3.10/site-packages/airflow/example_dags/tutorial_taskflow_api.py
[2026-08-30T23:17:06.179+0330] {processor.py:925} INFO - DAG(s) 'tutorial_taskflow_api' retrieved from /home/mmirnezamina/de_final_project/airflowenv/lib/python3.10/site-packages/airflow/example_dags/tutorial_taskflow_api.py
[2026-08-30T23:17:06.283+0330] {logging_mixin.py:190} INFO - [2026-08-30T23:17:06.282+0330] {dag.py:3239} INFO - Sync 1 DAGs
[2026-08-30T23:17:06.326+0330] {logging_mixin.py:190} INFO - [2026-08-30T23:17:06.326+0330] {dag.py:4180} INFO - Setting next_dagrun for tutorial_taskflow_api to None, run_after=None
[2026-08-30T23:17:06.386+0330] {processor.py:208} INFO - Processing /home/mmirnezamina/de_final_project/airflowenv/lib/python3.10/site-packages/airflow/example_dags/tutorial_taskflow_api.py took 0.283 seconds
[2026-08-30T23:17:38.910+0330] {processor.py:186} INFO - Started process (PID=14128) to work on /home/mmirnezamina/de_final_project/airflowenv/lib/python3.10/site-packages/airflow/example_dags/tutorial_taskflow_api.py
[2026-08-30T23:17:38.915+0330] {processor.py:914} INFO - Processing file /home/mmirnezamina/de_final_project/airflowenv/lib/python3.10/site-packages/airflow/example_dags/tutorial_taskflow_api.py for tasks to queue
[2026-08-30T23:17:38.923+0330] {logging_mixin.py:190} INFO - [2026-08-30T23:17:38.921+0330] {dagbag.py:588} INFO - Filling up the DagBag from /home/mmirnezamina/de_final_project/airflowenv/lib/python3.10/site-packages/airflow/example_dags/tutorial_taskflow_api.py
[2026-08-30T23:17:38.982+0330] {processor.py:925} INFO - DAG(s) 'tutorial_taskflow_api' retrieved from /home/mmirnezamina/de_final_project/airflowenv/lib/python3.10/site-packages/airflow/example_dags/tutorial_taskflow_api.py
[2026-08-30T23:17:39.135+0330] {logging_mixin.py:190} INFO - [2026-08-30T23:17:39.135+0330] {dag.py:3239} INFO - Sync 1 DAGs
[2026-08-30T23:17:39.215+0330] {logging_mixin.py:190} INFO - [2026-08-30T23:17:39.214+0330] {dag.py:4180} INFO - Setting next_dagrun for tutorial_taskflow_api to None, run_after=None
[2026-08-30T23:17:39.316+0330] {processor.py:208} INFO - Processing /home/mmirnezamina/de_final_project/airflowenv/lib/python3.10/site-packages/airflow/example_dags/tutorial_taskflow_api.py took 0.482 seconds
[2026-08-30T23:18:09.690+0330] {processor.py:186} INFO - Started process (PID=14247) to work on /home/mmirnezamina/de_final_project/airflowenv/lib/python3.10/site-packages/airflow/example_dags/tutorial_taskflow_api.py
[2026-08-30T23:18:09.692+0330] {processor.py:914} INFO - Processing file /home/mmirnezamina/de_final_project/airflowenv/lib/python3.10/site-packages/airflow/example_dags/tutorial_taskflow_api.py for tasks to queue
[2026-08-30T23:18:09.694+0330] {logging_mixin.py:190} INFO - [2026-08-30T23:18:09.693+0330] {dagbag.py:588} INFO - Filling up the DagBag from /home/mmirnezamina/de_final_project/airflowenv/lib/python3.10/site-packages/airflow/example_dags/tutorial_taskflow_api.py
[2026-08-30T23:18:09.706+0330] {processor.py:925} INFO - DAG(s) 'tutorial_taskflow_api' retrieved from /home/mmirnezamina/de_final_project/airflowenv/lib/python3.10/site-packages/airflow/example_dags/tutorial_taskflow_api.py
[2026-08-30T23:18:09.748+0330] {logging_mixin.py:190} INFO - [2026-08-30T23:18:09.747+0330] {dag.py:3239} INFO - Sync 1 DAGs
[2026-08-30T23:18:09.781+0330] {logging_mixin.py:190} INFO - [2026-08-30T23:18:09.781+0330] {dag.py:4180} INFO - Setting next_dagrun for tutorial_taskflow_api to None, run_after=None
[2026-08-30T23:18:09.820+0330] {processor.py:208} INFO - Processing /home/mmirnezamina/de_final_project/airflowenv/lib/python3.10/site-packages/airflow/example_dags/tutorial_taskflow_api.py took 0.142 seconds
[2026-08-30T23:18:40.324+0330] {processor.py:186} INFO - Started process (PID=14366) to work on /home/mmirnezamina/de_final_project/airflowenv/lib/python3.10/site-packages/airflow/example_dags/tutorial_taskflow_api.py
[2026-08-30T23:18:40.326+0330] {processor.py:914} INFO - Processing file /home/mmirnezamina/de_final_project/airflowenv/lib/python3.10/site-packages/airflow/example_dags/tutorial_taskflow_api.py for tasks to queue
[2026-08-30T23:18:40.329+0330] {logging_mixin.py:190} INFO - [2026-08-30T23:18:40.329+0330] {dagbag.py:588} INFO - Filling up the DagBag from /home/mmirnezamina/de_final_project/airflowenv/lib/python3.10/site-packages/airflow/example_dags/tutorial_taskflow_api.py
[2026-08-30T23:18:40.346+0330] {processor.py:925} INFO - DAG(s) 'tutorial_taskflow_api' retrieved from /home/mmirnezamina/de_final_project/airflowenv/lib/python3.10/site-packages/airflow/example_dags/tutorial_taskflow_api.py
[2026-08-30T23:18:40.407+0330] {logging_mixin.py:190} INFO - [2026-08-30T23:18:40.407+0330] {dag.py:3239} INFO - Sync 1 DAGs
[2026-08-30T23:18:40.436+0330] {logging_mixin.py:190} INFO - [2026-08-30T23:18:40.435+0330] {dag.py:4180} INFO - Setting next_dagrun for tutorial_taskflow_api to None, run_after=None
[2026-08-30T23:18:40.470+0330] {processor.py:208} INFO - Processing /home/mmirnezamina/de_final_project/airflowenv/lib/python3.10/site-packages/airflow/example_dags/tutorial_taskflow_api.py took 0.166 seconds
[2026-08-30T23:19:11.073+0330] {processor.py:186} INFO - Started process (PID=14484) to work on /home/mmirnezamina/de_final_project/airflowenv/lib/python3.10/site-packages/airflow/example_dags/tutorial_taskflow_api.py
[2026-08-30T23:19:11.074+0330] {processor.py:914} INFO - Processing file /home/mmirnezamina/de_final_project/airflowenv/lib/python3.10/site-packages/airflow/example_dags/tutorial_taskflow_api.py for tasks to queue
[2026-08-30T23:19:11.076+0330] {logging_mixin.py:190} INFO - [2026-08-30T23:19:11.076+0330] {dagbag.py:588} INFO - Filling up the DagBag from /home/mmirnezamina/de_final_project/airflowenv/lib/python3.10/site-packages/airflow/example_dags/tutorial_taskflow_api.py
[2026-08-30T23:19:11.087+0330] {processor.py:925} INFO - DAG(s) 'tutorial_taskflow_api' retrieved from /home/mmirnezamina/de_final_project/airflowenv/lib/python3.10/site-packages/airflow/example_dags/tutorial_taskflow_api.py
[2026-08-30T23:19:11.120+0330] {logging_mixin.py:190} INFO - [2026-08-30T23:19:11.120+0330] {dag.py:3239} INFO - Sync 1 DAGs
[2026-08-30T23:19:11.140+0330] {logging_mixin.py:190} INFO - [2026-08-30T23:19:11.139+0330] {dag.py:4180} INFO - Setting next_dagrun for tutorial_taskflow_api to None, run_after=None
[2026-08-30T23:19:11.172+0330] {processor.py:208} INFO - Processing /home/mmirnezamina/de_final_project/airflowenv/lib/python3.10/site-packages/airflow/example_dags/tutorial_taskflow_api.py took 0.113 seconds
[2026-08-30T23:19:41.869+0330] {processor.py:186} INFO - Started process (PID=14603) to work on /home/mmirnezamina/de_final_project/airflowenv/lib/python3.10/site-packages/airflow/example_dags/tutorial_taskflow_api.py
[2026-08-30T23:19:41.870+0330] {processor.py:914} INFO - Processing file /home/mmirnezamina/de_final_project/airflowenv/lib/python3.10/site-packages/airflow/example_dags/tutorial_taskflow_api.py for tasks to queue
[2026-08-30T23:19:41.871+0330] {logging_mixin.py:190} INFO - [2026-08-30T23:19:41.871+0330] {dagbag.py:588} INFO - Filling up the DagBag from /home/mmirnezamina/de_final_project/airflowenv/lib/python3.10/site-packages/airflow/example_dags/tutorial_taskflow_api.py
[2026-08-30T23:19:41.881+0330] {processor.py:925} INFO - DAG(s) 'tutorial_taskflow_api' retrieved from /home/mmirnezamina/de_final_project/airflowenv/lib/python3.10/site-packages/airflow/example_dags/tutorial_taskflow_api.py
[2026-08-30T23:19:41.916+0330] {logging_mixin.py:190} INFO - [2026-08-30T23:19:41.916+0330] {dag.py:3239} INFO - Sync 1 DAGs
[2026-08-30T23:19:41.937+0330] {logging_mixin.py:190} INFO - [2026-08-30T23:19:41.936+0330] {dag.py:4180} INFO - Setting next_dagrun for tutorial_taskflow_api to None, run_after=None
[2026-08-30T23:19:41.965+0330] {processor.py:208} INFO - Processing /home/mmirnezamina/de_final_project/airflowenv/lib/python3.10/site-packages/airflow/example_dags/tutorial_taskflow_api.py took 0.107 seconds
[2026-08-30T23:20:13.400+0330] {processor.py:186} INFO - Started process (PID=14724) to work on /home/mmirnezamina/de_final_project/airflowenv/lib/python3.10/site-packages/airflow/example_dags/tutorial_taskflow_api.py
[2026-08-30T23:20:13.405+0330] {processor.py:914} INFO - Processing file /home/mmirnezamina/de_final_project/airflowenv/lib/python3.10/site-packages/airflow/example_dags/tutorial_taskflow_api.py for tasks to queue
[2026-08-30T23:20:13.418+0330] {logging_mixin.py:190} INFO - [2026-08-30T23:20:13.412+0330] {dagbag.py:588} INFO - Filling up the DagBag from /home/mmirnezamina/de_final_project/airflowenv/lib/python3.10/site-packages/airflow/example_dags/tutorial_taskflow_api.py
[2026-08-30T23:20:13.450+0330] {processor.py:925} INFO - DAG(s) 'tutorial_taskflow_api' retrieved from /home/mmirnezamina/de_final_project/airflowenv/lib/python3.10/site-packages/airflow/example_dags/tutorial_taskflow_api.py
[2026-08-30T23:20:13.525+0330] {logging_mixin.py:190} INFO - [2026-08-30T23:20:13.525+0330] {dag.py:3239} INFO - Sync 1 DAGs
[2026-08-30T23:20:13.567+0330] {logging_mixin.py:190} INFO - [2026-08-30T23:20:13.567+0330] {dag.py:4180} INFO - Setting next_dagrun for tutorial_taskflow_api to None, run_after=None
[2026-08-30T23:20:13.656+0330] {processor.py:208} INFO - Processing /home/mmirnezamina/de_final_project/airflowenv/lib/python3.10/site-packages/airflow/example_dags/tutorial_taskflow_api.py took 0.288 seconds
[2026-08-30T23:20:43.885+0330] {processor.py:186} INFO - Started process (PID=14844) to work on /home/mmirnezamina/de_final_project/airflowenv/lib/python3.10/site-packages/airflow/example_dags/tutorial_taskflow_api.py
[2026-08-30T23:20:43.885+0330] {processor.py:914} INFO - Processing file /home/mmirnezamina/de_final_project/airflowenv/lib/python3.10/site-packages/airflow/example_dags/tutorial_taskflow_api.py for tasks to queue
[2026-08-30T23:20:43.886+0330] {logging_mixin.py:190} INFO - [2026-08-30T23:20:43.886+0330] {dagbag.py:588} INFO - Filling up the DagBag from /home/mmirnezamina/de_final_project/airflowenv/lib/python3.10/site-packages/airflow/example_dags/tutorial_taskflow_api.py
[2026-08-30T23:20:43.893+0330] {processor.py:925} INFO - DAG(s) 'tutorial_taskflow_api' retrieved from /home/mmirnezamina/de_final_project/airflowenv/lib/python3.10/site-packages/airflow/example_dags/tutorial_taskflow_api.py
[2026-08-30T23:20:43.918+0330] {logging_mixin.py:190} INFO - [2026-08-30T23:20:43.918+0330] {dag.py:3239} INFO - Sync 1 DAGs
[2026-08-30T23:20:43.934+0330] {logging_mixin.py:190} INFO - [2026-08-30T23:20:43.934+0330] {dag.py:4180} INFO - Setting next_dagrun for tutorial_taskflow_api to None, run_after=None
[2026-08-30T23:20:43.955+0330] {processor.py:208} INFO - Processing /home/mmirnezamina/de_final_project/airflowenv/lib/python3.10/site-packages/airflow/example_dags/tutorial_taskflow_api.py took 0.078 seconds
[2026-08-30T23:21:14.535+0330] {processor.py:186} INFO - Started process (PID=14962) to work on /home/mmirnezamina/de_final_project/airflowenv/lib/python3.10/site-packages/airflow/example_dags/tutorial_taskflow_api.py
[2026-08-30T23:21:14.537+0330] {processor.py:914} INFO - Processing file /home/mmirnezamina/de_final_project/airflowenv/lib/python3.10/site-packages/airflow/example_dags/tutorial_taskflow_api.py for tasks to queue
[2026-08-30T23:21:14.539+0330] {logging_mixin.py:190} INFO - [2026-08-30T23:21:14.538+0330] {dagbag.py:588} INFO - Filling up the DagBag from /home/mmirnezamina/de_final_project/airflowenv/lib/python3.10/site-packages/airflow/example_dags/tutorial_taskflow_api.py
[2026-08-30T23:21:14.552+0330] {processor.py:925} INFO - DAG(s) 'tutorial_taskflow_api' retrieved from /home/mmirnezamina/de_final_project/airflowenv/lib/python3.10/site-packages/airflow/example_dags/tutorial_taskflow_api.py
[2026-08-30T23:21:14.594+0330] {logging_mixin.py:190} INFO - [2026-08-30T23:21:14.593+0330] {dag.py:3239} INFO - Sync 1 DAGs
[2026-08-30T23:21:14.625+0330] {logging_mixin.py:190} INFO - [2026-08-30T23:21:14.624+0330] {dag.py:4180} INFO - Setting next_dagrun for tutorial_taskflow_api to None, run_after=None
[2026-08-30T23:21:14.669+0330] {processor.py:208} INFO - Processing /home/mmirnezamina/de_final_project/airflowenv/lib/python3.10/site-packages/airflow/example_dags/tutorial_taskflow_api.py took 0.148 seconds
[2026-08-30T23:21:45.037+0330] {processor.py:186} INFO - Started process (PID=15081) to work on /home/mmirnezamina/de_final_project/airflowenv/lib/python3.10/site-packages/airflow/example_dags/tutorial_taskflow_api.py
[2026-08-30T23:21:45.039+0330] {processor.py:914} INFO - Processing file /home/mmirnezamina/de_final_project/airflowenv/lib/python3.10/site-packages/airflow/example_dags/tutorial_taskflow_api.py for tasks to queue
[2026-08-30T23:21:45.040+0330] {logging_mixin.py:190} INFO - [2026-08-30T23:21:45.040+0330] {dagbag.py:588} INFO - Filling up the DagBag from /home/mmirnezamina/de_final_project/airflowenv/lib/python3.10/site-packages/airflow/example_dags/tutorial_taskflow_api.py
[2026-08-30T23:21:45.047+0330] {processor.py:925} INFO - DAG(s) 'tutorial_taskflow_api' retrieved from /home/mmirnezamina/de_final_project/airflowenv/lib/python3.10/site-packages/airflow/example_dags/tutorial_taskflow_api.py
[2026-08-30T23:21:45.069+0330] {logging_mixin.py:190} INFO - [2026-08-30T23:21:45.069+0330] {dag.py:3239} INFO - Sync 1 DAGs
[2026-08-30T23:21:45.081+0330] {logging_mixin.py:190} INFO - [2026-08-30T23:21:45.080+0330] {dag.py:4180} INFO - Setting next_dagrun for tutorial_taskflow_api to None, run_after=None
[2026-08-30T23:21:45.100+0330] {processor.py:208} INFO - Processing /home/mmirnezamina/de_final_project/airflowenv/lib/python3.10/site-packages/airflow/example_dags/tutorial_taskflow_api.py took 0.072 seconds
[2026-08-30T23:22:15.890+0330] {processor.py:186} INFO - Started process (PID=15197) to work on /home/mmirnezamina/de_final_project/airflowenv/lib/python3.10/site-packages/airflow/example_dags/tutorial_taskflow_api.py
[2026-08-30T23:22:15.892+0330] {processor.py:914} INFO - Processing file /home/mmirnezamina/de_final_project/airflowenv/lib/python3.10/site-packages/airflow/example_dags/tutorial_taskflow_api.py for tasks to queue
[2026-08-30T23:22:15.894+0330] {logging_mixin.py:190} INFO - [2026-08-30T23:22:15.893+0330] {dagbag.py:588} INFO - Filling up the DagBag from /home/mmirnezamina/de_final_project/airflowenv/lib/python3.10/site-packages/airflow/example_dags/tutorial_taskflow_api.py
[2026-08-30T23:22:15.903+0330] {processor.py:925} INFO - DAG(s) 'tutorial_taskflow_api' retrieved from /home/mmirnezamina/de_final_project/airflowenv/lib/python3.10/site-packages/airflow/example_dags/tutorial_taskflow_api.py
[2026-08-30T23:22:15.952+0330] {logging_mixin.py:190} INFO - [2026-08-30T23:22:15.952+0330] {dag.py:3239} INFO - Sync 1 DAGs
[2026-08-30T23:22:15.969+0330] {logging_mixin.py:190} INFO - [2026-08-30T23:22:15.969+0330] {dag.py:4180} INFO - Setting next_dagrun for tutorial_taskflow_api to None, run_after=None
[2026-08-30T23:22:15.997+0330] {processor.py:208} INFO - Processing /home/mmirnezamina/de_final_project/airflowenv/lib/python3.10/site-packages/airflow/example_dags/tutorial_taskflow_api.py took 0.117 seconds
[2026-08-30T23:22:46.703+0330] {processor.py:186} INFO - Started process (PID=15314) to work on /home/mmirnezamina/de_final_project/airflowenv/lib/python3.10/site-packages/airflow/example_dags/tutorial_taskflow_api.py
[2026-08-30T23:22:46.706+0330] {processor.py:914} INFO - Processing file /home/mmirnezamina/de_final_project/airflowenv/lib/python3.10/site-packages/airflow/example_dags/tutorial_taskflow_api.py for tasks to queue
[2026-08-30T23:22:46.707+0330] {logging_mixin.py:190} INFO - [2026-08-30T23:22:46.707+0330] {dagbag.py:588} INFO - Filling up the DagBag from /home/mmirnezamina/de_final_project/airflowenv/lib/python3.10/site-packages/airflow/example_dags/tutorial_taskflow_api.py
[2026-08-30T23:22:46.723+0330] {processor.py:925} INFO - DAG(s) 'tutorial_taskflow_api' retrieved from /home/mmirnezamina/de_final_project/airflowenv/lib/python3.10/site-packages/airflow/example_dags/tutorial_taskflow_api.py
[2026-08-30T23:22:46.774+0330] {logging_mixin.py:190} INFO - [2026-08-30T23:22:46.774+0330] {dag.py:3239} INFO - Sync 1 DAGs
[2026-08-30T23:22:46.800+0330] {logging_mixin.py:190} INFO - [2026-08-30T23:22:46.799+0330] {dag.py:4180} INFO - Setting next_dagrun for tutorial_taskflow_api to None, run_after=None
[2026-08-30T23:22:46.832+0330] {processor.py:208} INFO - Processing /home/mmirnezamina/de_final_project/airflowenv/lib/python3.10/site-packages/airflow/example_dags/tutorial_taskflow_api.py took 0.145 seconds
[2026-08-30T23:23:17.559+0330] {processor.py:186} INFO - Started process (PID=15434) to work on /home/mmirnezamina/de_final_project/airflowenv/lib/python3.10/site-packages/airflow/example_dags/tutorial_taskflow_api.py
[2026-08-30T23:23:17.561+0330] {processor.py:914} INFO - Processing file /home/mmirnezamina/de_final_project/airflowenv/lib/python3.10/site-packages/airflow/example_dags/tutorial_taskflow_api.py for tasks to queue
[2026-08-30T23:23:17.562+0330] {logging_mixin.py:190} INFO - [2026-08-30T23:23:17.562+0330] {dagbag.py:588} INFO - Filling up the DagBag from /home/mmirnezamina/de_final_project/airflowenv/lib/python3.10/site-packages/airflow/example_dags/tutorial_taskflow_api.py
[2026-08-30T23:23:17.576+0330] {processor.py:925} INFO - DAG(s) 'tutorial_taskflow_api' retrieved from /home/mmirnezamina/de_final_project/airflowenv/lib/python3.10/site-packages/airflow/example_dags/tutorial_taskflow_api.py
[2026-08-30T23:23:17.662+0330] {logging_mixin.py:190} INFO - [2026-08-30T23:23:17.661+0330] {dag.py:3239} INFO - Sync 1 DAGs
[2026-08-30T23:23:17.700+0330] {logging_mixin.py:190} INFO - [2026-08-30T23:23:17.700+0330] {dag.py:4180} INFO - Setting next_dagrun for tutorial_taskflow_api to None, run_after=None
[2026-08-30T23:23:17.737+0330] {processor.py:208} INFO - Processing /home/mmirnezamina/de_final_project/airflowenv/lib/python3.10/site-packages/airflow/example_dags/tutorial_taskflow_api.py took 0.194 seconds
[2026-08-30T23:23:48.419+0330] {processor.py:186} INFO - Started process (PID=15551) to work on /home/mmirnezamina/de_final_project/airflowenv/lib/python3.10/site-packages/airflow/example_dags/tutorial_taskflow_api.py
[2026-08-30T23:23:48.420+0330] {processor.py:914} INFO - Processing file /home/mmirnezamina/de_final_project/airflowenv/lib/python3.10/site-packages/airflow/example_dags/tutorial_taskflow_api.py for tasks to queue
[2026-08-30T23:23:48.421+0330] {logging_mixin.py:190} INFO - [2026-08-30T23:23:48.421+0330] {dagbag.py:588} INFO - Filling up the DagBag from /home/mmirnezamina/de_final_project/airflowenv/lib/python3.10/site-packages/airflow/example_dags/tutorial_taskflow_api.py
[2026-08-30T23:23:48.431+0330] {processor.py:925} INFO - DAG(s) 'tutorial_taskflow_api' retrieved from /home/mmirnezamina/de_final_project/airflowenv/lib/python3.10/site-packages/airflow/example_dags/tutorial_taskflow_api.py
[2026-08-30T23:23:48.454+0330] {logging_mixin.py:190} INFO - [2026-08-30T23:23:48.454+0330] {dag.py:3239} INFO - Sync 1 DAGs
[2026-08-30T23:23:48.466+0330] {logging_mixin.py:190} INFO - [2026-08-30T23:23:48.466+0330] {dag.py:4180} INFO - Setting next_dagrun for tutorial_taskflow_api to None, run_after=None
[2026-08-30T23:23:48.531+0330] {processor.py:208} INFO - Processing /home/mmirnezamina/de_final_project/airflowenv/lib/python3.10/site-packages/airflow/example_dags/tutorial_taskflow_api.py took 0.121 seconds
[2026-08-30T23:24:19.280+0330] {processor.py:186} INFO - Started process (PID=15671) to work on /home/mmirnezamina/de_final_project/airflowenv/lib/python3.10/site-packages/airflow/example_dags/tutorial_taskflow_api.py
[2026-08-30T23:24:19.281+0330] {processor.py:914} INFO - Processing file /home/mmirnezamina/de_final_project/airflowenv/lib/python3.10/site-packages/airflow/example_dags/tutorial_taskflow_api.py for tasks to queue
[2026-08-30T23:24:19.283+0330] {logging_mixin.py:190} INFO - [2026-08-30T23:24:19.283+0330] {dagbag.py:588} INFO - Filling up the DagBag from /home/mmirnezamina/de_final_project/airflowenv/lib/python3.10/site-packages/airflow/example_dags/tutorial_taskflow_api.py
[2026-08-30T23:24:19.297+0330] {processor.py:925} INFO - DAG(s) 'tutorial_taskflow_api' retrieved from /home/mmirnezamina/de_final_project/airflowenv/lib/python3.10/site-packages/airflow/example_dags/tutorial_taskflow_api.py
[2026-08-30T23:24:19.337+0330] {logging_mixin.py:190} INFO - [2026-08-30T23:24:19.337+0330] {dag.py:3239} INFO - Sync 1 DAGs
[2026-08-30T23:24:19.356+0330] {logging_mixin.py:190} INFO - [2026-08-30T23:24:19.356+0330] {dag.py:4180} INFO - Setting next_dagrun for tutorial_taskflow_api to None, run_after=None
[2026-08-30T23:24:19.388+0330] {processor.py:208} INFO - Processing /home/mmirnezamina/de_final_project/airflowenv/lib/python3.10/site-packages/airflow/example_dags/tutorial_taskflow_api.py took 0.125 seconds
[2026-08-30T23:24:50.292+0330] {processor.py:186} INFO - Started process (PID=15788) to work on /home/mmirnezamina/de_final_project/airflowenv/lib/python3.10/site-packages/airflow/example_dags/tutorial_taskflow_api.py
[2026-08-30T23:24:50.294+0330] {processor.py:914} INFO - Processing file /home/mmirnezamina/de_final_project/airflowenv/lib/python3.10/site-packages/airflow/example_dags/tutorial_taskflow_api.py for tasks to queue
[2026-08-30T23:24:50.295+0330] {logging_mixin.py:190} INFO - [2026-08-30T23:24:50.295+0330] {dagbag.py:588} INFO - Filling up the DagBag from /home/mmirnezamina/de_final_project/airflowenv/lib/python3.10/site-packages/airflow/example_dags/tutorial_taskflow_api.py
[2026-08-30T23:24:50.305+0330] {processor.py:925} INFO - DAG(s) 'tutorial_taskflow_api' retrieved from /home/mmirnezamina/de_final_project/airflowenv/lib/python3.10/site-packages/airflow/example_dags/tutorial_taskflow_api.py
[2026-08-30T23:24:50.337+0330] {logging_mixin.py:190} INFO - [2026-08-30T23:24:50.337+0330] {dag.py:3239} INFO - Sync 1 DAGs
[2026-08-30T23:24:50.353+0330] {logging_mixin.py:190} INFO - [2026-08-30T23:24:50.353+0330] {dag.py:4180} INFO - Setting next_dagrun for tutorial_taskflow_api to None, run_after=None
[2026-08-30T23:24:50.381+0330] {processor.py:208} INFO - Processing /home/mmirnezamina/de_final_project/airflowenv/lib/python3.10/site-packages/airflow/example_dags/tutorial_taskflow_api.py took 0.101 seconds
[2026-08-30T23:25:20.571+0330] {processor.py:186} INFO - Started process (PID=15937) to work on /home/mmirnezamina/de_final_project/airflowenv/lib/python3.10/site-packages/airflow/example_dags/tutorial_taskflow_api.py
[2026-08-30T23:25:20.573+0330] {processor.py:914} INFO - Processing file /home/mmirnezamina/de_final_project/airflowenv/lib/python3.10/site-packages/airflow/example_dags/tutorial_taskflow_api.py for tasks to queue
[2026-08-30T23:25:20.574+0330] {logging_mixin.py:190} INFO - [2026-08-30T23:25:20.574+0330] {dagbag.py:588} INFO - Filling up the DagBag from /home/mmirnezamina/de_final_project/airflowenv/lib/python3.10/site-packages/airflow/example_dags/tutorial_taskflow_api.py
[2026-08-30T23:25:20.590+0330] {processor.py:925} INFO - DAG(s) 'tutorial_taskflow_api' retrieved from /home/mmirnezamina/de_final_project/airflowenv/lib/python3.10/site-packages/airflow/example_dags/tutorial_taskflow_api.py
[2026-08-30T23:25:20.644+0330] {logging_mixin.py:190} INFO - [2026-08-30T23:25:20.643+0330] {dag.py:3239} INFO - Sync 1 DAGs
[2026-08-30T23:25:20.677+0330] {logging_mixin.py:190} INFO - [2026-08-30T23:25:20.677+0330] {dag.py:4180} INFO - Setting next_dagrun for tutorial_taskflow_api to None, run_after=None
[2026-08-30T23:25:20.722+0330] {processor.py:208} INFO - Processing /home/mmirnezamina/de_final_project/airflowenv/lib/python3.10/site-packages/airflow/example_dags/tutorial_taskflow_api.py took 0.166 seconds
[2026-08-30T23:25:51.705+0330] {processor.py:186} INFO - Started process (PID=16072) to work on /home/mmirnezamina/de_final_project/airflowenv/lib/python3.10/site-packages/airflow/example_dags/tutorial_taskflow_api.py
[2026-08-30T23:25:51.707+0330] {processor.py:914} INFO - Processing file /home/mmirnezamina/de_final_project/airflowenv/lib/python3.10/site-packages/airflow/example_dags/tutorial_taskflow_api.py for tasks to queue
[2026-08-30T23:25:51.709+0330] {logging_mixin.py:190} INFO - [2026-08-30T23:25:51.708+0330] {dagbag.py:588} INFO - Filling up the DagBag from /home/mmirnezamina/de_final_project/airflowenv/lib/python3.10/site-packages/airflow/example_dags/tutorial_taskflow_api.py
[2026-08-30T23:25:51.718+0330] {processor.py:925} INFO - DAG(s) 'tutorial_taskflow_api' retrieved from /home/mmirnezamina/de_final_project/airflowenv/lib/python3.10/site-packages/airflow/example_dags/tutorial_taskflow_api.py
[2026-08-30T23:25:51.754+0330] {logging_mixin.py:190} INFO - [2026-08-30T23:25:51.754+0330] {dag.py:3239} INFO - Sync 1 DAGs
[2026-08-30T23:25:51.771+0330] {logging_mixin.py:190} INFO - [2026-08-30T23:25:51.771+0330] {dag.py:4180} INFO - Setting next_dagrun for tutorial_taskflow_api to None, run_after=None
[2026-08-30T23:25:51.800+0330] {processor.py:208} INFO - Processing /home/mmirnezamina/de_final_project/airflowenv/lib/python3.10/site-packages/airflow/example_dags/tutorial_taskflow_api.py took 0.109 seconds
[2026-08-30T23:26:22.427+0330] {processor.py:186} INFO - Started process (PID=16192) to work on /home/mmirnezamina/de_final_project/airflowenv/lib/python3.10/site-packages/airflow/example_dags/tutorial_taskflow_api.py
[2026-08-30T23:26:22.429+0330] {processor.py:914} INFO - Processing file /home/mmirnezamina/de_final_project/airflowenv/lib/python3.10/site-packages/airflow/example_dags/tutorial_taskflow_api.py for tasks to queue
[2026-08-30T23:26:22.432+0330] {logging_mixin.py:190} INFO - [2026-08-30T23:26:22.432+0330] {dagbag.py:588} INFO - Filling up the DagBag from /home/mmirnezamina/de_final_project/airflowenv/lib/python3.10/site-packages/airflow/example_dags/tutorial_taskflow_api.py
[2026-08-30T23:26:22.458+0330] {processor.py:925} INFO - DAG(s) 'tutorial_taskflow_api' retrieved from /home/mmirnezamina/de_final_project/airflowenv/lib/python3.10/site-packages/airflow/example_dags/tutorial_taskflow_api.py
[2026-08-30T23:26:22.534+0330] {logging_mixin.py:190} INFO - [2026-08-30T23:26:22.534+0330] {dag.py:3239} INFO - Sync 1 DAGs
[2026-08-30T23:26:22.579+0330] {logging_mixin.py:190} INFO - [2026-08-30T23:26:22.579+0330] {dag.py:4180} INFO - Setting next_dagrun for tutorial_taskflow_api to None, run_after=None
[2026-08-30T23:26:22.636+0330] {processor.py:208} INFO - Processing /home/mmirnezamina/de_final_project/airflowenv/lib/python3.10/site-packages/airflow/example_dags/tutorial_taskflow_api.py took 0.234 seconds
[2026-08-30T23:26:53.007+0330] {processor.py:186} INFO - Started process (PID=16309) to work on /home/mmirnezamina/de_final_project/airflowenv/lib/python3.10/site-packages/airflow/example_dags/tutorial_taskflow_api.py
[2026-08-30T23:26:53.009+0330] {processor.py:914} INFO - Processing file /home/mmirnezamina/de_final_project/airflowenv/lib/python3.10/site-packages/airflow/example_dags/tutorial_taskflow_api.py for tasks to queue
[2026-08-30T23:26:53.013+0330] {logging_mixin.py:190} INFO - [2026-08-30T23:26:53.012+0330] {dagbag.py:588} INFO - Filling up the DagBag from /home/mmirnezamina/de_final_project/airflowenv/lib/python3.10/site-packages/airflow/example_dags/tutorial_taskflow_api.py
[2026-08-30T23:26:53.029+0330] {processor.py:925} INFO - DAG(s) 'tutorial_taskflow_api' retrieved from /home/mmirnezamina/de_final_project/airflowenv/lib/python3.10/site-packages/airflow/example_dags/tutorial_taskflow_api.py
[2026-08-30T23:26:53.093+0330] {logging_mixin.py:190} INFO - [2026-08-30T23:26:53.092+0330] {dag.py:3239} INFO - Sync 1 DAGs
[2026-08-30T23:26:53.121+0330] {logging_mixin.py:190} INFO - [2026-08-30T23:26:53.121+0330] {dag.py:4180} INFO - Setting next_dagrun for tutorial_taskflow_api to None, run_after=None
[2026-08-30T23:26:53.160+0330] {processor.py:208} INFO - Processing /home/mmirnezamina/de_final_project/airflowenv/lib/python3.10/site-packages/airflow/example_dags/tutorial_taskflow_api.py took 0.173 seconds
[2026-08-30T23:27:40.351+0330] {processor.py:186} INFO - Started process (PID=16452) to work on /home/mmirnezamina/de_final_project/airflowenv/lib/python3.10/site-packages/airflow/example_dags/tutorial_taskflow_api.py
[2026-08-30T23:27:40.354+0330] {processor.py:914} INFO - Processing file /home/mmirnezamina/de_final_project/airflowenv/lib/python3.10/site-packages/airflow/example_dags/tutorial_taskflow_api.py for tasks to queue
[2026-08-30T23:27:40.357+0330] {logging_mixin.py:190} INFO - [2026-08-30T23:27:40.357+0330] {dagbag.py:588} INFO - Filling up the DagBag from /home/mmirnezamina/de_final_project/airflowenv/lib/python3.10/site-packages/airflow/example_dags/tutorial_taskflow_api.py
[2026-08-30T23:27:40.374+0330] {processor.py:925} INFO - DAG(s) 'tutorial_taskflow_api' retrieved from /home/mmirnezamina/de_final_project/airflowenv/lib/python3.10/site-packages/airflow/example_dags/tutorial_taskflow_api.py
[2026-08-30T23:27:40.586+0330] {logging_mixin.py:190} INFO - [2026-08-30T23:27:40.585+0330] {override.py:1930} INFO - Created Permission View: can delete on DAG:tutorial_taskflow_api
[2026-08-30T23:27:40.604+0330] {logging_mixin.py:190} INFO - [2026-08-30T23:27:40.604+0330] {override.py:1930} INFO - Created Permission View: can read on DAG:tutorial_taskflow_api
[2026-08-30T23:27:40.623+0330] {logging_mixin.py:190} INFO - [2026-08-30T23:27:40.623+0330] {override.py:1930} INFO - Created Permission View: can edit on DAG:tutorial_taskflow_api
[2026-08-30T23:27:40.651+0330] {logging_mixin.py:190} INFO - [2026-08-30T23:27:40.651+0330] {override.py:1930} INFO - Created Permission View: can create on DAG Run:tutorial_taskflow_api
[2026-08-30T23:27:40.669+0330] {logging_mixin.py:190} INFO - [2026-08-30T23:27:40.668+0330] {override.py:1930} INFO - Created Permission View: can delete on DAG Run:tutorial_taskflow_api
[2026-08-30T23:27:40.684+0330] {logging_mixin.py:190} INFO - [2026-08-30T23:27:40.684+0330] {override.py:1930} INFO - Created Permission View: can read on DAG Run:tutorial_taskflow_api
[2026-08-30T23:27:40.702+0330] {logging_mixin.py:190} INFO - [2026-08-30T23:27:40.701+0330] {override.py:1930} INFO - Created Permission View: menu access on DAG Run:tutorial_taskflow_api
[2026-08-30T23:27:40.702+0330] {logging_mixin.py:190} INFO - [2026-08-30T23:27:40.702+0330] {dag.py:3239} INFO - Sync 1 DAGs
[2026-08-30T23:27:40.717+0330] {logging_mixin.py:190} INFO - [2026-08-30T23:27:40.717+0330] {dag.py:3262} INFO - Creating ORM DAG for tutorial_taskflow_api
[2026-08-30T23:27:40.718+0330] {logging_mixin.py:190} INFO - [2026-08-30T23:27:40.717+0330] {dag.py:4180} INFO - Setting next_dagrun for tutorial_taskflow_api to None, run_after=None
[2026-08-30T23:27:40.750+0330] {processor.py:208} INFO - Processing /home/mmirnezamina/de_final_project/airflowenv/lib/python3.10/site-packages/airflow/example_dags/tutorial_taskflow_api.py took 0.416 seconds
